-- The C compiler identification is GNU 13.3.0
-- The CXX compiler identification is GNU 13.3.0
-- Detecting C compiler ABI info
-- Detecting C compiler ABI info - done
-- Check for working C compiler: /usr/bin/cc - skipped
-- Detecting C compile features
-- Detecting C compile features - done
-- Detecting CXX compiler ABI info
-- Detecting CXX compiler ABI info - done
-- Check for working CXX compiler: /usr/bin/c++ - skipped
-- Detecting CXX compile features
-- Detecting CXX compile features - done
-- Found ament_cmake: 2.5.4 (/opt/ros/jazzy/share/ament_cmake/cmake)
-- Found Python3: /usr/bin/python3 (found version "3.12.3") found components: Interpreter 
-- Found rclcpp: 28.1.12 (/opt/ros/jazzy/share/rclcpp/cmake)
-- Found rosidl_generator_c: 4.6.6 (/opt/ros/jazzy/share/rosidl_generator_c/cmake)
-- Found rosidl_generator_cpp: 4.6.6 (/opt/ros/jazzy/share/rosidl_generator_cpp/cmake)
-- Using all available rosidl_typesupport_c: rosidl_typesupport_fastrtps_c;rosidl_typesupport_introspection_c
-- Using all available rosidl_typesupport_cpp: rosidl_typesupport_fastrtps_cpp;rosidl_typesupport_introspection_cpp
-- Found rmw_implementation_cmake: 7.3.2 (/opt/ros/jazzy/share/rmw_implementation_cmake/cmake)
-- Found rmw_cyclonedds_cpp: 2.2.3 (/opt/ros/jazzy/share/rmw_cyclonedds_cpp/cmake)
-- Using RMW implementation 'rmw_cyclonedds_cpp' as default
-- Found rclcpp_action: 28.1.12 (/opt/ros/jazzy/share/rclcpp_action/cmake)
-- Found std_msgs: 5.3.6 (/opt/ros/jazzy/share/std_msgs/cmake)
-- Found ros2qt: 0.0.0 (/home/smr/workspaces/mini_amr/amrROS2_ws/install/ros2qt/share/ros2qt/cmake)
-- Found hgcr_interfaces: 0.0.0 (/home/smr/workspaces/mini_amr/amrROS2_ws/install/hgcr_interfaces/share/hgcr_interfaces/cmake)
[0mFoxy or newer rclcpp detected[0m
-- Found ament_lint_auto: 0.17.3 (/opt/ros/jazzy/share/ament_lint_auto/cmake)
-- Added test 'cppcheck' to perform static code analysis on C / C++ code
-- Configured cppcheck include dirs: /home/smr/workspaces/mini_amr/amrROS2_ws/src/modbus_server/include/modbus_server
-- Configured cppcheck exclude dirs and/or files: 
-- Added test 'lint_cmake' to check CMake code style
-- Added test 'uncrustify' to check C / C++ code style
-- Configured uncrustify additional arguments: 
-- Added test 'xmllint' to check XML markup files
-- Configuring done (3.5s)
-- Generating done (0.0s)
-- Build files have been written to: /home/smr/workspaces/mini_amr/build/modbus_server
[  0%] Built target modbus_server_autogen_timestamp_deps
[ 16%] [34m[1mAutomatic MOC and UIC for target modbus_server[0m
[ 16%] Built target modbus_server_autogen
[ 33%] [32mBuilding CXX object CMakeFiles/modbus_server.dir/src/main.cpp.o[0m
[ 66%] [32mBuilding CXX object CMakeFiles/modbus_server.dir/modbus_server_autogen/mocs_compilation.cpp.o[0m
[ 66%] [32mBuilding CXX object CMakeFiles/modbus_server.dir/src/modbus_tcpserver.cpp.o[0m
[ 83%] [32m[1mLinking CXX executable modbus_server[0m
[100%] Built target modbus_server
-- Install configuration: ""
-- Installing: /home/smr/workspaces/mini_amr/install/modbus_server/lib/modbus_server/modbus_server
-- Set non-toolchain portion of runtime path of "/home/smr/workspaces/mini_amr/install/modbus_server/lib/modbus_server/modbus_server" to ""
-- Installing: /home/smr/workspaces/mini_amr/install/modbus_server/share/ament_index/resource_index/package_run_dependencies/modbus_server
-- Installing: /home/smr/workspaces/mini_amr/install/modbus_server/share/ament_index/resource_index/parent_prefix_path/modbus_server
-- Installing: /home/smr/workspaces/mini_amr/install/modbus_server/share/modbus_server/environment/ament_prefix_path.sh
-- Installing: /home/smr/workspaces/mini_amr/install/modbus_server/share/modbus_server/environment/ament_prefix_path.dsv
-- Installing: /home/smr/workspaces/mini_amr/install/modbus_server/share/modbus_server/environment/path.sh
-- Installing: /home/smr/workspaces/mini_amr/install/modbus_server/share/modbus_server/environment/path.dsv
-- Installing: /home/smr/workspaces/mini_amr/install/modbus_server/share/modbus_server/local_setup.bash
-- Installing: /home/smr/workspaces/mini_amr/install/modbus_server/share/modbus_server/local_setup.sh
-- Installing: /home/smr/workspaces/mini_amr/install/modbus_server/share/modbus_server/local_setup.zsh
-- Installing: /home/smr/workspaces/mini_amr/install/modbus_server/share/modbus_server/local_setup.dsv
-- Installing: /home/smr/workspaces/mini_amr/install/modbus_server/share/modbus_server/package.dsv
-- Installing: /home/smr/workspaces/mini_amr/install/modbus_server/share/ament_index/resource_index/packages/modbus_server
-- Installing: /home/smr/workspaces/mini_amr/install/modbus_server/share/modbus_server/cmake/ament_cmake_export_definitions-extras.cmake
-- Installing: /home/smr/workspaces/mini_amr/install/modbus_server/share/modbus_server/cmake/modbus_serverConfig.cmake
-- Installing: /home/smr/workspaces/mini_amr/install/modbus_server/share/modbus_server/cmake/modbus_serverConfig-version.cmake
-- Installing: /home/smr/workspaces/mini_amr/install/modbus_server/share/modbus_server/package.xml
