[0.032s] Invoking command in '/home/smr/workspaces/mini_amr/build/modbus_server': CMAKE_PREFIX_PATH=/home/smr/workspaces/mini_amr/amrROS2_ws/install/sllidar_ros2:/home/smr/workspaces/mini_amr/amrROS2_ws/install/rplidar_ros:/home/smr/workspaces/mini_amr/amrROS2_ws/install/modbus_server:/home/smr/workspaces/mini_amr/amrROS2_ws/install/robot_hardware_interface:/home/smr/workspaces/mini_amr/amrROS2_ws/install/navigation:/home/smr/workspaces/mini_amr/amrROS2_ws/install/nav2_waypoint_follower:/home/smr/workspaces/mini_amr/amrROS2_ws/install/hgcr_interfaces:/home/smr/workspaces/mini_amr/amrROS2_ws/install/dock_lidar:/home/smr/workspaces/mini_amr/amrROS2_ws/install/custom_interface:/home/smr/workspaces/mini_amr/amrROS2_ws/install/bringup:/home/smr/workspaces/mini_amr/amrROS2_ws/install/ros2qt:/home/smr/workspaces/mini_amr/amrROS2_ws/install/robot_nav_tool:/home/smr/workspaces/mini_amr/amrROS2_ws/install/robot_data_tool:/home/smr/workspaces/mini_amr/amrROS2_ws/install/python_pkg:/home/smr/workspaces/mini_amr/amrROS2_ws/install/modbus_srvcli:/home/smr/workspaces/mini_amr/amrROS2_ws/install/description:/home/smr/workspaces/mini_amr/amrROS2_ws/install/delivery_robot_main_controller:/home/smr/workspaces/mini_amr/amrROS2_ws/install/battery_management:/home/smr/workspaces/mini_amr/amrROS2_ws/install/action_autodock:/home/smr/workspaces/mini_amr/traffic_editor/install/rmf_building_map_tools:/opt/ros/jazzy:/home/smr/workspaces/mini_amr/amrROS2_ws/install/amr_nav2_slam_bringup:/home/smr/workspaces/mini_amr/traffic_editor/install/rmf_traffic_editor_test_maps:/home/smr/workspaces/mini_amr/traffic_editor/install/rmf_traffic_editor_assets:/home/smr/workspaces/mini_amr/traffic_editor/install/rmf_traffic_editor:/opt/ros/jazzy/opt/gz_sim_vendor:/opt/ros/jazzy/opt/gz_sensors_vendor:/opt/ros/jazzy/opt/gz_physics_vendor:/opt/ros/jazzy/opt/sdformat_vendor:/opt/ros/jazzy/opt/gz_gui_vendor:/opt/ros/jazzy/opt/gz_transport_vendor:/opt/ros/jazzy/opt/gz_rendering_vendor:/opt/ros/jazzy/opt/gz_plugin_vendor:/opt/ros/jazzy/opt/gz_fuel_tools_vendor:/opt/ros/jazzy/opt/gz_msgs_vendor:/opt/ros/jazzy/opt/gz_common_vendor:/opt/ros/jazzy/opt/gz_math_vendor:/opt/ros/jazzy/opt/gz_utils_vendor:/opt/ros/jazzy/opt/gz_tools_vendor:/opt/ros/jazzy/opt/gz_ogre_next_vendor:/opt/ros/jazzy/opt/gz_dartsim_vendor:/opt/ros/jazzy/opt/gz_cmake_vendor /usr/bin/cmake /home/smr/workspaces/mini_amr/amrROS2_ws/src/modbus_server -DCMAKE_INSTALL_PREFIX=/home/smr/workspaces/mini_amr/install/modbus_server
[0.451s] -- The C compiler identification is GNU 13.3.0
[0.762s] -- The CXX compiler identification is GNU 13.3.0
[0.815s] -- Detecting C compiler ABI info
[1.140s] -- Detecting C compiler ABI info - done
[1.155s] -- Check for working C compiler: /usr/bin/cc - skipped
[1.156s] -- Detecting C compile features
[1.157s] -- Detecting C compile features - done
[1.187s] -- Detecting CXX compiler ABI info
[1.515s] -- Detecting CXX compiler ABI info - done
[1.531s] -- Check for working CXX compiler: /usr/bin/c++ - skipped
[1.531s] -- Detecting CXX compile features
[1.532s] -- Detecting CXX compile features - done
[1.542s] -- Found ament_cmake: 2.5.4 (/opt/ros/jazzy/share/ament_cmake/cmake)
[1.898s] -- Found Python3: /usr/bin/python3 (found version "3.12.3") found components: Interpreter 
[2.245s] -- Found rclcpp: 28.1.12 (/opt/ros/jazzy/share/rclcpp/cmake)
[2.374s] -- Found rosidl_generator_c: 4.6.6 (/opt/ros/jazzy/share/rosidl_generator_c/cmake)
[2.415s] -- Found rosidl_generator_cpp: 4.6.6 (/opt/ros/jazzy/share/rosidl_generator_cpp/cmake)
[2.467s] -- Using all available rosidl_typesupport_c: rosidl_typesupport_fastrtps_c;rosidl_typesupport_introspection_c
[2.521s] -- Using all available rosidl_typesupport_cpp: rosidl_typesupport_fastrtps_cpp;rosidl_typesupport_introspection_cpp
[2.717s] -- Found rmw_implementation_cmake: 7.3.2 (/opt/ros/jazzy/share/rmw_implementation_cmake/cmake)
[2.729s] -- Found rmw_cyclonedds_cpp: 2.2.3 (/opt/ros/jazzy/share/rmw_cyclonedds_cpp/cmake)
[2.818s] -- Using RMW implementation 'rmw_cyclonedds_cpp' as default
[2.975s] -- Found rclcpp_action: 28.1.12 (/opt/ros/jazzy/share/rclcpp_action/cmake)
[3.083s] -- Found std_msgs: 5.3.6 (/opt/ros/jazzy/share/std_msgs/cmake)
[3.143s] -- Found ros2qt: 0.0.0 (/home/smr/workspaces/mini_amr/amrROS2_ws/install/ros2qt/share/ros2qt/cmake)
[3.148s] -- Found hgcr_interfaces: 0.0.0 (/home/smr/workspaces/mini_amr/amrROS2_ws/install/hgcr_interfaces/share/hgcr_interfaces/cmake)
[3.184s] [0mFoxy or newer rclcpp detected[0m
[3.199s] -- Found ament_lint_auto: 0.17.3 (/opt/ros/jazzy/share/ament_lint_auto/cmake)
[3.567s] -- Added test 'cppcheck' to perform static code analysis on C / C++ code
[3.570s] -- Configured cppcheck include dirs: /home/smr/workspaces/mini_amr/amrROS2_ws/src/modbus_server/include/modbus_server
[3.570s] -- Configured cppcheck exclude dirs and/or files: 
[3.572s] -- Added test 'lint_cmake' to check CMake code style
[3.575s] -- Added test 'uncrustify' to check C / C++ code style
[3.576s] -- Configured uncrustify additional arguments: 
[3.578s] -- Added test 'xmllint' to check XML markup files
[3.584s] -- Configuring done (3.5s)
[3.654s] -- Generating done (0.0s)
[3.662s] -- Build files have been written to: /home/smr/workspaces/mini_amr/build/modbus_server
[3.682s] Invoked command in '/home/smr/workspaces/mini_amr/build/modbus_server' returned '0': CMAKE_PREFIX_PATH=/home/smr/workspaces/mini_amr/amrROS2_ws/install/sllidar_ros2:/home/smr/workspaces/mini_amr/amrROS2_ws/install/rplidar_ros:/home/smr/workspaces/mini_amr/amrROS2_ws/install/modbus_server:/home/smr/workspaces/mini_amr/amrROS2_ws/install/robot_hardware_interface:/home/smr/workspaces/mini_amr/amrROS2_ws/install/navigation:/home/smr/workspaces/mini_amr/amrROS2_ws/install/nav2_waypoint_follower:/home/smr/workspaces/mini_amr/amrROS2_ws/install/hgcr_interfaces:/home/smr/workspaces/mini_amr/amrROS2_ws/install/dock_lidar:/home/smr/workspaces/mini_amr/amrROS2_ws/install/custom_interface:/home/smr/workspaces/mini_amr/amrROS2_ws/install/bringup:/home/smr/workspaces/mini_amr/amrROS2_ws/install/ros2qt:/home/smr/workspaces/mini_amr/amrROS2_ws/install/robot_nav_tool:/home/smr/workspaces/mini_amr/amrROS2_ws/install/robot_data_tool:/home/smr/workspaces/mini_amr/amrROS2_ws/install/python_pkg:/home/smr/workspaces/mini_amr/amrROS2_ws/install/modbus_srvcli:/home/smr/workspaces/mini_amr/amrROS2_ws/install/description:/home/smr/workspaces/mini_amr/amrROS2_ws/install/delivery_robot_main_controller:/home/smr/workspaces/mini_amr/amrROS2_ws/install/battery_management:/home/smr/workspaces/mini_amr/amrROS2_ws/install/action_autodock:/home/smr/workspaces/mini_amr/traffic_editor/install/rmf_building_map_tools:/opt/ros/jazzy:/home/smr/workspaces/mini_amr/amrROS2_ws/install/amr_nav2_slam_bringup:/home/smr/workspaces/mini_amr/traffic_editor/install/rmf_traffic_editor_test_maps:/home/smr/workspaces/mini_amr/traffic_editor/install/rmf_traffic_editor_assets:/home/smr/workspaces/mini_amr/traffic_editor/install/rmf_traffic_editor:/opt/ros/jazzy/opt/gz_sim_vendor:/opt/ros/jazzy/opt/gz_sensors_vendor:/opt/ros/jazzy/opt/gz_physics_vendor:/opt/ros/jazzy/opt/sdformat_vendor:/opt/ros/jazzy/opt/gz_gui_vendor:/opt/ros/jazzy/opt/gz_transport_vendor:/opt/ros/jazzy/opt/gz_rendering_vendor:/opt/ros/jazzy/opt/gz_plugin_vendor:/opt/ros/jazzy/opt/gz_fuel_tools_vendor:/opt/ros/jazzy/opt/gz_msgs_vendor:/opt/ros/jazzy/opt/gz_common_vendor:/opt/ros/jazzy/opt/gz_math_vendor:/opt/ros/jazzy/opt/gz_utils_vendor:/opt/ros/jazzy/opt/gz_tools_vendor:/opt/ros/jazzy/opt/gz_ogre_next_vendor:/opt/ros/jazzy/opt/gz_dartsim_vendor:/opt/ros/jazzy/opt/gz_cmake_vendor /usr/bin/cmake /home/smr/workspaces/mini_amr/amrROS2_ws/src/modbus_server -DCMAKE_INSTALL_PREFIX=/home/smr/workspaces/mini_amr/install/modbus_server
[3.684s] Invoking command in '/home/smr/workspaces/mini_amr/build/modbus_server': CMAKE_PREFIX_PATH=/home/smr/workspaces/mini_amr/amrROS2_ws/install/sllidar_ros2:/home/smr/workspaces/mini_amr/amrROS2_ws/install/rplidar_ros:/home/smr/workspaces/mini_amr/amrROS2_ws/install/modbus_server:/home/smr/workspaces/mini_amr/amrROS2_ws/install/robot_hardware_interface:/home/smr/workspaces/mini_amr/amrROS2_ws/install/navigation:/home/smr/workspaces/mini_amr/amrROS2_ws/install/nav2_waypoint_follower:/home/smr/workspaces/mini_amr/amrROS2_ws/install/hgcr_interfaces:/home/smr/workspaces/mini_amr/amrROS2_ws/install/dock_lidar:/home/smr/workspaces/mini_amr/amrROS2_ws/install/custom_interface:/home/smr/workspaces/mini_amr/amrROS2_ws/install/bringup:/home/smr/workspaces/mini_amr/amrROS2_ws/install/ros2qt:/home/smr/workspaces/mini_amr/amrROS2_ws/install/robot_nav_tool:/home/smr/workspaces/mini_amr/amrROS2_ws/install/robot_data_tool:/home/smr/workspaces/mini_amr/amrROS2_ws/install/python_pkg:/home/smr/workspaces/mini_amr/amrROS2_ws/install/modbus_srvcli:/home/smr/workspaces/mini_amr/amrROS2_ws/install/description:/home/smr/workspaces/mini_amr/amrROS2_ws/install/delivery_robot_main_controller:/home/smr/workspaces/mini_amr/amrROS2_ws/install/battery_management:/home/smr/workspaces/mini_amr/amrROS2_ws/install/action_autodock:/home/smr/workspaces/mini_amr/traffic_editor/install/rmf_building_map_tools:/opt/ros/jazzy:/home/smr/workspaces/mini_amr/amrROS2_ws/install/amr_nav2_slam_bringup:/home/smr/workspaces/mini_amr/traffic_editor/install/rmf_traffic_editor_test_maps:/home/smr/workspaces/mini_amr/traffic_editor/install/rmf_traffic_editor_assets:/home/smr/workspaces/mini_amr/traffic_editor/install/rmf_traffic_editor:/opt/ros/jazzy/opt/gz_sim_vendor:/opt/ros/jazzy/opt/gz_sensors_vendor:/opt/ros/jazzy/opt/gz_physics_vendor:/opt/ros/jazzy/opt/sdformat_vendor:/opt/ros/jazzy/opt/gz_gui_vendor:/opt/ros/jazzy/opt/gz_transport_vendor:/opt/ros/jazzy/opt/gz_rendering_vendor:/opt/ros/jazzy/opt/gz_plugin_vendor:/opt/ros/jazzy/opt/gz_fuel_tools_vendor:/opt/ros/jazzy/opt/gz_msgs_vendor:/opt/ros/jazzy/opt/gz_common_vendor:/opt/ros/jazzy/opt/gz_math_vendor:/opt/ros/jazzy/opt/gz_utils_vendor:/opt/ros/jazzy/opt/gz_tools_vendor:/opt/ros/jazzy/opt/gz_ogre_next_vendor:/opt/ros/jazzy/opt/gz_dartsim_vendor:/opt/ros/jazzy/opt/gz_cmake_vendor /usr/bin/cmake --build /home/smr/workspaces/mini_amr/build/modbus_server -- -j8 -l8
[3.799s] [  0%] Built target modbus_server_autogen_timestamp_deps
[3.872s] [ 16%] [34m[1mAutomatic MOC and UIC for target modbus_server[0m
[4.788s] [ 16%] Built target modbus_server_autogen
[4.869s] [ 33%] [32mBuilding CXX object CMakeFiles/modbus_server.dir/src/main.cpp.o[0m
[4.891s] [ 66%] [32mBuilding CXX object CMakeFiles/modbus_server.dir/modbus_server_autogen/mocs_compilation.cpp.o[0m
[4.891s] [ 66%] [32mBuilding CXX object CMakeFiles/modbus_server.dir/src/modbus_tcpserver.cpp.o[0m
[18.757s] [ 83%] [32m[1mLinking CXX executable modbus_server[0m
[19.625s] [100%] Built target modbus_server
[19.646s] Invoked command in '/home/smr/workspaces/mini_amr/build/modbus_server' returned '0': CMAKE_PREFIX_PATH=/home/smr/workspaces/mini_amr/amrROS2_ws/install/sllidar_ros2:/home/smr/workspaces/mini_amr/amrROS2_ws/install/rplidar_ros:/home/smr/workspaces/mini_amr/amrROS2_ws/install/modbus_server:/home/smr/workspaces/mini_amr/amrROS2_ws/install/robot_hardware_interface:/home/smr/workspaces/mini_amr/amrROS2_ws/install/navigation:/home/smr/workspaces/mini_amr/amrROS2_ws/install/nav2_waypoint_follower:/home/smr/workspaces/mini_amr/amrROS2_ws/install/hgcr_interfaces:/home/smr/workspaces/mini_amr/amrROS2_ws/install/dock_lidar:/home/smr/workspaces/mini_amr/amrROS2_ws/install/custom_interface:/home/smr/workspaces/mini_amr/amrROS2_ws/install/bringup:/home/smr/workspaces/mini_amr/amrROS2_ws/install/ros2qt:/home/smr/workspaces/mini_amr/amrROS2_ws/install/robot_nav_tool:/home/smr/workspaces/mini_amr/amrROS2_ws/install/robot_data_tool:/home/smr/workspaces/mini_amr/amrROS2_ws/install/python_pkg:/home/smr/workspaces/mini_amr/amrROS2_ws/install/modbus_srvcli:/home/smr/workspaces/mini_amr/amrROS2_ws/install/description:/home/smr/workspaces/mini_amr/amrROS2_ws/install/delivery_robot_main_controller:/home/smr/workspaces/mini_amr/amrROS2_ws/install/battery_management:/home/smr/workspaces/mini_amr/amrROS2_ws/install/action_autodock:/home/smr/workspaces/mini_amr/traffic_editor/install/rmf_building_map_tools:/opt/ros/jazzy:/home/smr/workspaces/mini_amr/amrROS2_ws/install/amr_nav2_slam_bringup:/home/smr/workspaces/mini_amr/traffic_editor/install/rmf_traffic_editor_test_maps:/home/smr/workspaces/mini_amr/traffic_editor/install/rmf_traffic_editor_assets:/home/smr/workspaces/mini_amr/traffic_editor/install/rmf_traffic_editor:/opt/ros/jazzy/opt/gz_sim_vendor:/opt/ros/jazzy/opt/gz_sensors_vendor:/opt/ros/jazzy/opt/gz_physics_vendor:/opt/ros/jazzy/opt/sdformat_vendor:/opt/ros/jazzy/opt/gz_gui_vendor:/opt/ros/jazzy/opt/gz_transport_vendor:/opt/ros/jazzy/opt/gz_rendering_vendor:/opt/ros/jazzy/opt/gz_plugin_vendor:/opt/ros/jazzy/opt/gz_fuel_tools_vendor:/opt/ros/jazzy/opt/gz_msgs_vendor:/opt/ros/jazzy/opt/gz_common_vendor:/opt/ros/jazzy/opt/gz_math_vendor:/opt/ros/jazzy/opt/gz_utils_vendor:/opt/ros/jazzy/opt/gz_tools_vendor:/opt/ros/jazzy/opt/gz_ogre_next_vendor:/opt/ros/jazzy/opt/gz_dartsim_vendor:/opt/ros/jazzy/opt/gz_cmake_vendor /usr/bin/cmake --build /home/smr/workspaces/mini_amr/build/modbus_server -- -j8 -l8
[19.666s] Invoking command in '/home/smr/workspaces/mini_amr/build/modbus_server': CMAKE_PREFIX_PATH=/home/smr/workspaces/mini_amr/amrROS2_ws/install/sllidar_ros2:/home/smr/workspaces/mini_amr/amrROS2_ws/install/rplidar_ros:/home/smr/workspaces/mini_amr/amrROS2_ws/install/modbus_server:/home/smr/workspaces/mini_amr/amrROS2_ws/install/robot_hardware_interface:/home/smr/workspaces/mini_amr/amrROS2_ws/install/navigation:/home/smr/workspaces/mini_amr/amrROS2_ws/install/nav2_waypoint_follower:/home/smr/workspaces/mini_amr/amrROS2_ws/install/hgcr_interfaces:/home/smr/workspaces/mini_amr/amrROS2_ws/install/dock_lidar:/home/smr/workspaces/mini_amr/amrROS2_ws/install/custom_interface:/home/smr/workspaces/mini_amr/amrROS2_ws/install/bringup:/home/smr/workspaces/mini_amr/amrROS2_ws/install/ros2qt:/home/smr/workspaces/mini_amr/amrROS2_ws/install/robot_nav_tool:/home/smr/workspaces/mini_amr/amrROS2_ws/install/robot_data_tool:/home/smr/workspaces/mini_amr/amrROS2_ws/install/python_pkg:/home/smr/workspaces/mini_amr/amrROS2_ws/install/modbus_srvcli:/home/smr/workspaces/mini_amr/amrROS2_ws/install/description:/home/smr/workspaces/mini_amr/amrROS2_ws/install/delivery_robot_main_controller:/home/smr/workspaces/mini_amr/amrROS2_ws/install/battery_management:/home/smr/workspaces/mini_amr/amrROS2_ws/install/action_autodock:/home/smr/workspaces/mini_amr/traffic_editor/install/rmf_building_map_tools:/opt/ros/jazzy:/home/smr/workspaces/mini_amr/amrROS2_ws/install/amr_nav2_slam_bringup:/home/smr/workspaces/mini_amr/traffic_editor/install/rmf_traffic_editor_test_maps:/home/smr/workspaces/mini_amr/traffic_editor/install/rmf_traffic_editor_assets:/home/smr/workspaces/mini_amr/traffic_editor/install/rmf_traffic_editor:/opt/ros/jazzy/opt/gz_sim_vendor:/opt/ros/jazzy/opt/gz_sensors_vendor:/opt/ros/jazzy/opt/gz_physics_vendor:/opt/ros/jazzy/opt/sdformat_vendor:/opt/ros/jazzy/opt/gz_gui_vendor:/opt/ros/jazzy/opt/gz_transport_vendor:/opt/ros/jazzy/opt/gz_rendering_vendor:/opt/ros/jazzy/opt/gz_plugin_vendor:/opt/ros/jazzy/opt/gz_fuel_tools_vendor:/opt/ros/jazzy/opt/gz_msgs_vendor:/opt/ros/jazzy/opt/gz_common_vendor:/opt/ros/jazzy/opt/gz_math_vendor:/opt/ros/jazzy/opt/gz_utils_vendor:/opt/ros/jazzy/opt/gz_tools_vendor:/opt/ros/jazzy/opt/gz_ogre_next_vendor:/opt/ros/jazzy/opt/gz_dartsim_vendor:/opt/ros/jazzy/opt/gz_cmake_vendor /usr/bin/cmake --install /home/smr/workspaces/mini_amr/build/modbus_server
[19.680s] -- Install configuration: ""
[19.680s] -- Installing: /home/smr/workspaces/mini_amr/install/modbus_server/lib/modbus_server/modbus_server
[19.689s] -- Set non-toolchain portion of runtime path of "/home/smr/workspaces/mini_amr/install/modbus_server/lib/modbus_server/modbus_server" to ""
[19.690s] -- Installing: /home/smr/workspaces/mini_amr/install/modbus_server/share/ament_index/resource_index/package_run_dependencies/modbus_server
[19.691s] -- Installing: /home/smr/workspaces/mini_amr/install/modbus_server/share/ament_index/resource_index/parent_prefix_path/modbus_server
[19.691s] -- Installing: /home/smr/workspaces/mini_amr/install/modbus_server/share/modbus_server/environment/ament_prefix_path.sh
[19.692s] -- Installing: /home/smr/workspaces/mini_amr/install/modbus_server/share/modbus_server/environment/ament_prefix_path.dsv
[19.692s] -- Installing: /home/smr/workspaces/mini_amr/install/modbus_server/share/modbus_server/environment/path.sh
[19.693s] -- Installing: /home/smr/workspaces/mini_amr/install/modbus_server/share/modbus_server/environment/path.dsv
[19.693s] -- Installing: /home/smr/workspaces/mini_amr/install/modbus_server/share/modbus_server/local_setup.bash
[19.694s] -- Installing: /home/smr/workspaces/mini_amr/install/modbus_server/share/modbus_server/local_setup.sh
[19.694s] -- Installing: /home/smr/workspaces/mini_amr/install/modbus_server/share/modbus_server/local_setup.zsh
[19.695s] -- Installing: /home/smr/workspaces/mini_amr/install/modbus_server/share/modbus_server/local_setup.dsv
[19.696s] -- Installing: /home/smr/workspaces/mini_amr/install/modbus_server/share/modbus_server/package.dsv
[19.697s] -- Installing: /home/smr/workspaces/mini_amr/install/modbus_server/share/ament_index/resource_index/packages/modbus_server
[19.697s] -- Installing: /home/smr/workspaces/mini_amr/install/modbus_server/share/modbus_server/cmake/ament_cmake_export_definitions-extras.cmake
[19.698s] -- Installing: /home/smr/workspaces/mini_amr/install/modbus_server/share/modbus_server/cmake/modbus_serverConfig.cmake
[19.699s] -- Installing: /home/smr/workspaces/mini_amr/install/modbus_server/share/modbus_server/cmake/modbus_serverConfig-version.cmake
[19.700s] -- Installing: /home/smr/workspaces/mini_amr/install/modbus_server/share/modbus_server/package.xml
[19.701s] Invoked command in '/home/smr/workspaces/mini_amr/build/modbus_server' returned '0': CMAKE_PREFIX_PATH=/home/smr/workspaces/mini_amr/amrROS2_ws/install/sllidar_ros2:/home/smr/workspaces/mini_amr/amrROS2_ws/install/rplidar_ros:/home/smr/workspaces/mini_amr/amrROS2_ws/install/modbus_server:/home/smr/workspaces/mini_amr/amrROS2_ws/install/robot_hardware_interface:/home/smr/workspaces/mini_amr/amrROS2_ws/install/navigation:/home/smr/workspaces/mini_amr/amrROS2_ws/install/nav2_waypoint_follower:/home/smr/workspaces/mini_amr/amrROS2_ws/install/hgcr_interfaces:/home/smr/workspaces/mini_amr/amrROS2_ws/install/dock_lidar:/home/smr/workspaces/mini_amr/amrROS2_ws/install/custom_interface:/home/smr/workspaces/mini_amr/amrROS2_ws/install/bringup:/home/smr/workspaces/mini_amr/amrROS2_ws/install/ros2qt:/home/smr/workspaces/mini_amr/amrROS2_ws/install/robot_nav_tool:/home/smr/workspaces/mini_amr/amrROS2_ws/install/robot_data_tool:/home/smr/workspaces/mini_amr/amrROS2_ws/install/python_pkg:/home/smr/workspaces/mini_amr/amrROS2_ws/install/modbus_srvcli:/home/smr/workspaces/mini_amr/amrROS2_ws/install/description:/home/smr/workspaces/mini_amr/amrROS2_ws/install/delivery_robot_main_controller:/home/smr/workspaces/mini_amr/amrROS2_ws/install/battery_management:/home/smr/workspaces/mini_amr/amrROS2_ws/install/action_autodock:/home/smr/workspaces/mini_amr/traffic_editor/install/rmf_building_map_tools:/opt/ros/jazzy:/home/smr/workspaces/mini_amr/amrROS2_ws/install/amr_nav2_slam_bringup:/home/smr/workspaces/mini_amr/traffic_editor/install/rmf_traffic_editor_test_maps:/home/smr/workspaces/mini_amr/traffic_editor/install/rmf_traffic_editor_assets:/home/smr/workspaces/mini_amr/traffic_editor/install/rmf_traffic_editor:/opt/ros/jazzy/opt/gz_sim_vendor:/opt/ros/jazzy/opt/gz_sensors_vendor:/opt/ros/jazzy/opt/gz_physics_vendor:/opt/ros/jazzy/opt/sdformat_vendor:/opt/ros/jazzy/opt/gz_gui_vendor:/opt/ros/jazzy/opt/gz_transport_vendor:/opt/ros/jazzy/opt/gz_rendering_vendor:/opt/ros/jazzy/opt/gz_plugin_vendor:/opt/ros/jazzy/opt/gz_fuel_tools_vendor:/opt/ros/jazzy/opt/gz_msgs_vendor:/opt/ros/jazzy/opt/gz_common_vendor:/opt/ros/jazzy/opt/gz_math_vendor:/opt/ros/jazzy/opt/gz_utils_vendor:/opt/ros/jazzy/opt/gz_tools_vendor:/opt/ros/jazzy/opt/gz_ogre_next_vendor:/opt/ros/jazzy/opt/gz_dartsim_vendor:/opt/ros/jazzy/opt/gz_cmake_vendor /usr/bin/cmake --install /home/smr/workspaces/mini_amr/build/modbus_server
