[0.793s] Invoking command in '/home/smr/workspaces/mini_amr/amrROS2_ws/build/sllidar_ros2': CMAKE_PREFIX_PATH=${CMAKE_PREFIX_PATH}:/home/smr/workspaces/mini_amr/amrROS2_ws/install/python_pkg:/home/smr/workspaces/mini_amr/amrROS2_ws/install/action_autodock:/opt/ros/jazzy DEBUGINFOD_URLS=https://debuginfod.ubuntu.com /usr/bin/cmake --build /home/smr/workspaces/mini_amr/amrROS2_ws/build/sllidar_ros2 -- -j8 -l8
[1.056s] [ 10%] Built target sllidar_client
[1.062s] [100%] Built target sllidar_node
[1.101s] Invoked command in '/home/smr/workspaces/mini_amr/amrROS2_ws/build/sllidar_ros2' returned '0': CMAKE_PREFIX_PATH=${CMAKE_PREFIX_PATH}:/home/smr/workspaces/mini_amr/amrROS2_ws/install/python_pkg:/home/smr/workspaces/mini_amr/amrROS2_ws/install/action_autodock:/opt/ros/jazzy DEBUGINFOD_URLS=https://debuginfod.ubuntu.com /usr/bin/cmake --build /home/smr/workspaces/mini_amr/amrROS2_ws/build/sllidar_ros2 -- -j8 -l8
[1.107s] Invoking command in '/home/smr/workspaces/mini_amr/amrROS2_ws/build/sllidar_ros2': CMAKE_PREFIX_PATH=${CMAKE_PREFIX_PATH}:/home/smr/workspaces/mini_amr/amrROS2_ws/install/python_pkg:/home/smr/workspaces/mini_amr/amrROS2_ws/install/action_autodock:/opt/ros/jazzy DEBUGINFOD_URLS=https://debuginfod.ubuntu.com /usr/bin/cmake --install /home/smr/workspaces/mini_amr/amrROS2_ws/build/sllidar_ros2
[1.142s] -- Install configuration: ""
[1.143s] -- Up-to-date: /home/smr/workspaces/mini_amr/amrROS2_ws/install/sllidar_ros2/share/sllidar_ros2/launch
[1.145s] -- Up-to-date: /home/smr/workspaces/mini_amr/amrROS2_ws/install/sllidar_ros2/share/sllidar_ros2/launch/view_sllidar_a3_launch.py
[1.145s] -- Up-to-date: /home/smr/workspaces/mini_amr/amrROS2_ws/install/sllidar_ros2/share/sllidar_ros2/launch/sllidar_a2m7_launch.py
[1.146s] -- Up-to-date: /home/smr/workspaces/mini_amr/amrROS2_ws/install/sllidar_ros2/share/sllidar_ros2/launch/view_sllidar_a2m7_launch.py
[1.146s] -- Up-to-date: /home/smr/workspaces/mini_amr/amrROS2_ws/install/sllidar_ros2/share/sllidar_ros2/launch/view_sllidar_t1_launch.py
[1.147s] -- Up-to-date: /home/smr/workspaces/mini_amr/amrROS2_ws/install/sllidar_ros2/share/sllidar_ros2/launch/view_sllidar_a2m8_launch.py
[1.147s] -- Up-to-date: /home/smr/workspaces/mini_amr/amrROS2_ws/install/sllidar_ros2/share/sllidar_ros2/launch/sllidar_a1_launch.py
[1.148s] -- Up-to-date: /home/smr/workspaces/mini_amr/amrROS2_ws/install/sllidar_ros2/share/sllidar_ros2/launch/sllidar_s2_launch.py
[1.148s] -- Up-to-date: /home/smr/workspaces/mini_amr/amrROS2_ws/install/sllidar_ros2/share/sllidar_ros2/launch/sllidar_a3_launch.py
[1.149s] -- Up-to-date: /home/smr/workspaces/mini_amr/amrROS2_ws/install/sllidar_ros2/share/sllidar_ros2/launch/view_sllidar_s1_launch.py
[1.149s] -- Up-to-date: /home/smr/workspaces/mini_amr/amrROS2_ws/install/sllidar_ros2/share/sllidar_ros2/launch/view_sllidar_a2m12_launch.py
[1.149s] -- Up-to-date: /home/smr/workspaces/mini_amr/amrROS2_ws/install/sllidar_ros2/share/sllidar_ros2/launch/sllidar_s2e_launch.py
[1.150s] -- Up-to-date: /home/smr/workspaces/mini_amr/amrROS2_ws/install/sllidar_ros2/share/sllidar_ros2/launch/view_sllidar_s1_tcp_launch.py
[1.150s] -- Up-to-date: /home/smr/workspaces/mini_amr/amrROS2_ws/install/sllidar_ros2/share/sllidar_ros2/launch/sllidar_s1_tcp_launch.py
[1.151s] -- Up-to-date: /home/smr/workspaces/mini_amr/amrROS2_ws/install/sllidar_ros2/share/sllidar_ros2/launch/sllidar_c1_launch.py
[1.152s] -- Up-to-date: /home/smr/workspaces/mini_amr/amrROS2_ws/install/sllidar_ros2/share/sllidar_ros2/launch/view_sllidar_a1_launch.py
[1.152s] -- Up-to-date: /home/smr/workspaces/mini_amr/amrROS2_ws/install/sllidar_ros2/share/sllidar_ros2/launch/view_sllidar_s2_launch.py
[1.153s] -- Up-to-date: /home/smr/workspaces/mini_amr/amrROS2_ws/install/sllidar_ros2/share/sllidar_ros2/launch/sllidar_s3_launch.py
[1.154s] -- Up-to-date: /home/smr/workspaces/mini_amr/amrROS2_ws/install/sllidar_ros2/share/sllidar_ros2/launch/view_sllidar_s3_launch.py
[1.155s] -- Up-to-date: /home/smr/workspaces/mini_amr/amrROS2_ws/install/sllidar_ros2/share/sllidar_ros2/launch/view_sllidar_c1_launch.py
[1.155s] -- Up-to-date: /home/smr/workspaces/mini_amr/amrROS2_ws/install/sllidar_ros2/share/sllidar_ros2/launch/sllidar_s1_launch.py
[1.156s] -- Up-to-date: /home/smr/workspaces/mini_amr/amrROS2_ws/install/sllidar_ros2/share/sllidar_ros2/launch/__pycache__
[1.156s] -- Installing: /home/smr/workspaces/mini_amr/amrROS2_ws/install/sllidar_ros2/share/sllidar_ros2/launch/__pycache__/sllidar_s2e_launch.cpython-312.pyc
[1.157s] -- Up-to-date: /home/smr/workspaces/mini_amr/amrROS2_ws/install/sllidar_ros2/share/sllidar_ros2/launch/sllidar_t1_launch.py
[1.158s] -- Up-to-date: /home/smr/workspaces/mini_amr/amrROS2_ws/install/sllidar_ros2/share/sllidar_ros2/launch/sllidar_a2m12_launch .py
[1.161s] -- Up-to-date: /home/smr/workspaces/mini_amr/amrROS2_ws/install/sllidar_ros2/share/sllidar_ros2/launch/view_sllidar_s2e_launch.py
[1.162s] -- Up-to-date: /home/smr/workspaces/mini_amr/amrROS2_ws/install/sllidar_ros2/share/sllidar_ros2/launch/sllidar_a2m8_launch.py
[1.164s] -- Up-to-date: /home/smr/workspaces/mini_amr/amrROS2_ws/install/sllidar_ros2/share/sllidar_ros2/rviz
[1.165s] -- Up-to-date: /home/smr/workspaces/mini_amr/amrROS2_ws/install/sllidar_ros2/share/sllidar_ros2/rviz/sllidar_ros2.rviz
[1.166s] -- Up-to-date: /home/smr/workspaces/mini_amr/amrROS2_ws/install/sllidar_ros2/lib/sllidar_ros2/sllidar_node
[1.169s] -- Up-to-date: /home/smr/workspaces/mini_amr/amrROS2_ws/install/sllidar_ros2/lib/sllidar_ros2/sllidar_client
[1.174s] -- Up-to-date: /home/smr/workspaces/mini_amr/amrROS2_ws/install/sllidar_ros2/share/ament_index/resource_index/package_run_dependencies/sllidar_ros2
[1.175s] -- Up-to-date: /home/smr/workspaces/mini_amr/amrROS2_ws/install/sllidar_ros2/share/ament_index/resource_index/parent_prefix_path/sllidar_ros2
[1.181s] -- Up-to-date: /home/smr/workspaces/mini_amr/amrROS2_ws/install/sllidar_ros2/share/sllidar_ros2/environment/ament_prefix_path.sh
[1.182s] -- Up-to-date: /home/smr/workspaces/mini_amr/amrROS2_ws/install/sllidar_ros2/share/sllidar_ros2/environment/ament_prefix_path.dsv
[1.183s] -- Up-to-date: /home/smr/workspaces/mini_amr/amrROS2_ws/install/sllidar_ros2/share/sllidar_ros2/environment/path.sh
[1.184s] -- Up-to-date: /home/smr/workspaces/mini_amr/amrROS2_ws/install/sllidar_ros2/share/sllidar_ros2/environment/path.dsv
[1.185s] -- Up-to-date: /home/smr/workspaces/mini_amr/amrROS2_ws/install/sllidar_ros2/share/sllidar_ros2/local_setup.bash
[1.190s] -- Up-to-date: /home/smr/workspaces/mini_amr/amrROS2_ws/install/sllidar_ros2/share/sllidar_ros2/local_setup.sh
[1.191s] -- Up-to-date: /home/smr/workspaces/mini_amr/amrROS2_ws/install/sllidar_ros2/share/sllidar_ros2/local_setup.zsh
[1.191s] -- Up-to-date: /home/smr/workspaces/mini_amr/amrROS2_ws/install/sllidar_ros2/share/sllidar_ros2/local_setup.dsv
[1.191s] -- Installing: /home/smr/workspaces/mini_amr/amrROS2_ws/install/sllidar_ros2/share/sllidar_ros2/package.dsv
[1.196s] -- Up-to-date: /home/smr/workspaces/mini_amr/amrROS2_ws/install/sllidar_ros2/share/ament_index/resource_index/packages/sllidar_ros2
[1.199s] -- Up-to-date: /home/smr/workspaces/mini_amr/amrROS2_ws/install/sllidar_ros2/share/sllidar_ros2/cmake/ament_cmake_export_dependencies-extras.cmake
[1.200s] -- Up-to-date: /home/smr/workspaces/mini_amr/amrROS2_ws/install/sllidar_ros2/share/sllidar_ros2/cmake/ament_cmake_export_include_directories-extras.cmake
[1.200s] -- Up-to-date: /home/smr/workspaces/mini_amr/amrROS2_ws/install/sllidar_ros2/share/sllidar_ros2/cmake/sllidar_ros2Config.cmake
[1.201s] -- Up-to-date: /home/smr/workspaces/mini_amr/amrROS2_ws/install/sllidar_ros2/share/sllidar_ros2/cmake/sllidar_ros2Config-version.cmake
[1.202s] -- Up-to-date: /home/smr/workspaces/mini_amr/amrROS2_ws/install/sllidar_ros2/share/sllidar_ros2/package.xml
[1.206s] Invoked command in '/home/smr/workspaces/mini_amr/amrROS2_ws/build/sllidar_ros2' returned '0': CMAKE_PREFIX_PATH=${CMAKE_PREFIX_PATH}:/home/smr/workspaces/mini_amr/amrROS2_ws/install/python_pkg:/home/smr/workspaces/mini_amr/amrROS2_ws/install/action_autodock:/opt/ros/jazzy DEBUGINFOD_URLS=https://debuginfod.ubuntu.com /usr/bin/cmake --install /home/smr/workspaces/mini_amr/amrROS2_ws/build/sllidar_ros2
