-- Install configuration: ""
-- Up-to-date: /home/smr/workspaces/mini_amr/amrROS2_ws/install/description/share/description/urdf
-- Up-to-date: /home/smr/workspaces/mini_amr/amrROS2_ws/install/description/share/description/urdf/robot
-- Installing: /home/smr/workspaces/mini_amr/amrROS2_ws/install/description/share/description/urdf/robot/robot.urdf.xacro
-- Up-to-date: /home/smr/workspaces/mini_amr/amrROS2_ws/install/description/share/description/urdf/sensors
-- Up-to-date: /home/smr/workspaces/mini_amr/amrROS2_ws/install/description/share/description/urdf/sensors/laser.urdf.xacro
-- Up-to-date: /home/smr/workspaces/mini_amr/amrROS2_ws/install/description/share/description/urdf/sensors/imu.urdf.xacro
-- Installing: /home/smr/workspaces/mini_amr/amrROS2_ws/install/description/share/description/urdf/sensors/camera.urdf.xacro
-- Installing: /home/smr/workspaces/mini_amr/amrROS2_ws/install/description/share/description/urdf/sensors/range_sensor.urdf.xacro
-- Up-to-date: /home/smr/workspaces/mini_amr/amrROS2_ws/install/description/share/description/urdf/property
-- Up-to-date: /home/smr/workspaces/mini_amr/amrROS2_ws/install/description/share/description/urdf/property/robot_property.urdf.xacro
-- Up-to-date: /home/smr/workspaces/mini_amr/amrROS2_ws/install/description/share/description/urdf/mech
-- Up-to-date: /home/smr/workspaces/mini_amr/amrROS2_ws/install/description/share/description/urdf/mech/base.urdf.xacro
-- Up-to-date: /home/smr/workspaces/mini_amr/amrROS2_ws/install/description/share/description/urdf/mech/caster_wheel.urdf.xacro
-- Up-to-date: /home/smr/workspaces/mini_amr/amrROS2_ws/install/description/share/description/urdf/mech/wheel.urdf.xacro
-- Up-to-date: /home/smr/workspaces/mini_amr/amrROS2_ws/install/description/share/description/urdf/controllers
-- Up-to-date: /home/smr/workspaces/mini_amr/amrROS2_ws/install/description/share/description/urdf/controllers/diff_drive_controller.urdf.xacro
-- Up-to-date: /home/smr/workspaces/mini_amr/amrROS2_ws/install/description/share/description/rviz
-- Up-to-date: /home/smr/workspaces/mini_amr/amrROS2_ws/install/description/share/description/rviz/description.rviz
-- Up-to-date: /home/smr/workspaces/mini_amr/amrROS2_ws/install/description/share/description/rviz/gazebo.rviz
-- Up-to-date: /home/smr/workspaces/mini_amr/amrROS2_ws/install/description/share/description/launch
-- Up-to-date: /home/smr/workspaces/mini_amr/amrROS2_ws/install/description/share/description/launch/description.launch.py
-- Up-to-date: /home/smr/workspaces/mini_amr/amrROS2_ws/install/description/share/ament_index/resource_index/package_run_dependencies/description
-- Up-to-date: /home/smr/workspaces/mini_amr/amrROS2_ws/install/description/share/ament_index/resource_index/parent_prefix_path/description
-- Up-to-date: /home/smr/workspaces/mini_amr/amrROS2_ws/install/description/share/description/environment/ament_prefix_path.sh
-- Up-to-date: /home/smr/workspaces/mini_amr/amrROS2_ws/install/description/share/description/environment/ament_prefix_path.dsv
-- Up-to-date: /home/smr/workspaces/mini_amr/amrROS2_ws/install/description/share/description/environment/path.sh
-- Up-to-date: /home/smr/workspaces/mini_amr/amrROS2_ws/install/description/share/description/environment/path.dsv
-- Up-to-date: /home/smr/workspaces/mini_amr/amrROS2_ws/install/description/share/description/local_setup.bash
-- Up-to-date: /home/smr/workspaces/mini_amr/amrROS2_ws/install/description/share/description/local_setup.sh
-- Up-to-date: /home/smr/workspaces/mini_amr/amrROS2_ws/install/description/share/description/local_setup.zsh
-- Up-to-date: /home/smr/workspaces/mini_amr/amrROS2_ws/install/description/share/description/local_setup.dsv
-- Installing: /home/smr/workspaces/mini_amr/amrROS2_ws/install/description/share/description/package.dsv
-- Up-to-date: /home/smr/workspaces/mini_amr/amrROS2_ws/install/description/share/ament_index/resource_index/packages/description
-- Up-to-date: /home/smr/workspaces/mini_amr/amrROS2_ws/install/description/share/description/cmake/descriptionConfig.cmake
-- Up-to-date: /home/smr/workspaces/mini_amr/amrROS2_ws/install/description/share/description/cmake/descriptionConfig-version.cmake
-- Up-to-date: /home/smr/workspaces/mini_amr/amrROS2_ws/install/description/share/description/package.xml
