[0.062s] Invoking command in '/home/smr/workspaces/mini_amr/amrROS2_ws/build/custom_interface': CMAKE_PREFIX_PATH=${CMAKE_PREFIX_PATH}:/home/smr/workspaces/mini_amr/amrROS2_ws/install/python_pkg:/home/smr/workspaces/mini_amr/amrROS2_ws/install/action_autodock:/opt/ros/jazzy DEBUGINFOD_URLS=https://debuginfod.ubuntu.com /usr/bin/cmake --build /home/smr/workspaces/mini_amr/amrROS2_ws/build/custom_interface -- -j8 -l8
[0.769s] [  2%] Built target custom_interface__rosidl_generator_type_description
[0.770s] [  2%] Built target ament_cmake_python_copy_custom_interface
[0.771s] [  4%] Built target custom_interface__cpp
[0.771s] [ 22%] Built target custom_interface__rosidl_generator_c
[0.771s] [ 31%] Built target custom_interface__rosidl_typesupport_c
[0.772s] [ 40%] Built target custom_interface__rosidl_typesupport_fastrtps_cpp
[0.772s] [ 50%] Built target custom_interface__rosidl_typesupport_cpp
[0.772s] [ 59%] Built target custom_interface__rosidl_typesupport_introspection_c
[0.772s] [ 68%] Built target custom_interface__rosidl_typesupport_fastrtps_c
[0.772s] [ 77%] Built target custom_interface__rosidl_typesupport_introspection_cpp
[0.772s] [ 77%] Built target custom_interface
[0.772s] [ 79%] Built target custom_interface__py
[0.772s] [ 86%] Built target custom_interface__rosidl_generator_py
[0.772s] running egg_info
[0.772s] writing custom_interface.egg-info/PKG-INFO
[0.773s] writing dependency_links to custom_interface.egg-info/dependency_links.txt
[0.773s] writing top-level names to custom_interface.egg-info/top_level.txt
[0.773s] [ 90%] Built target custom_interface_s__rosidl_typesupport_introspection_c
[0.773s] [ 95%] Built target custom_interface_s__rosidl_typesupport_c
[0.773s] [100%] Built target custom_interface_s__rosidl_typesupport_fastrtps_c
[0.773s] reading manifest file 'custom_interface.egg-info/SOURCES.txt'
[0.774s] writing manifest file 'custom_interface.egg-info/SOURCES.txt'
[0.827s] [100%] Built target ament_cmake_python_build_custom_interface_egg
[0.906s] Invoked command in '/home/smr/workspaces/mini_amr/amrROS2_ws/build/custom_interface' returned '0': CMAKE_PREFIX_PATH=${CMAKE_PREFIX_PATH}:/home/smr/workspaces/mini_amr/amrROS2_ws/install/python_pkg:/home/smr/workspaces/mini_amr/amrROS2_ws/install/action_autodock:/opt/ros/jazzy DEBUGINFOD_URLS=https://debuginfod.ubuntu.com /usr/bin/cmake --build /home/smr/workspaces/mini_amr/amrROS2_ws/build/custom_interface -- -j8 -l8
[0.906s] Invoking command in '/home/smr/workspaces/mini_amr/amrROS2_ws/build/custom_interface': CMAKE_PREFIX_PATH=${CMAKE_PREFIX_PATH}:/home/smr/workspaces/mini_amr/amrROS2_ws/install/python_pkg:/home/smr/workspaces/mini_amr/amrROS2_ws/install/action_autodock:/opt/ros/jazzy DEBUGINFOD_URLS=https://debuginfod.ubuntu.com /usr/bin/cmake --install /home/smr/workspaces/mini_amr/amrROS2_ws/build/custom_interface
[0.952s] -- Install configuration: ""
[0.956s] -- Up-to-date: /home/smr/workspaces/mini_amr/amrROS2_ws/install/custom_interface/share/ament_index/resource_index/rosidl_interfaces/custom_interface
[0.957s] -- Up-to-date: /home/smr/workspaces/mini_amr/amrROS2_ws/install/custom_interface/share/custom_interface/action/Autodock.json
[0.957s] -- Up-to-date: /home/smr/workspaces/mini_amr/amrROS2_ws/install/custom_interface/share/custom_interface/msg/Initdock.json
[0.957s] -- Up-to-date: /home/smr/workspaces/mini_amr/amrROS2_ws/install/custom_interface/include/custom_interface/custom_interface
[0.957s] -- Up-to-date: /home/smr/workspaces/mini_amr/amrROS2_ws/install/custom_interface/include/custom_interface/custom_interface/action
[0.957s] -- Up-to-date: /home/smr/workspaces/mini_amr/amrROS2_ws/install/custom_interface/include/custom_interface/custom_interface/action/detail
[0.957s] -- Up-to-date: /home/smr/workspaces/mini_amr/amrROS2_ws/install/custom_interface/include/custom_interface/custom_interface/action/detail/autodock__type_support.h
[0.957s] -- Installing: /home/smr/workspaces/mini_amr/amrROS2_ws/install/custom_interface/include/custom_interface/custom_interface/action/detail/autodock__type_support.c
[0.957s] -- Up-to-date: /home/smr/workspaces/mini_amr/amrROS2_ws/install/custom_interface/include/custom_interface/custom_interface/action/detail/autodock__struct.h
[0.957s] -- Up-to-date: /home/smr/workspaces/mini_amr/amrROS2_ws/install/custom_interface/include/custom_interface/custom_interface/action/detail/autodock__description.c
[0.957s] -- Up-to-date: /home/smr/workspaces/mini_amr/amrROS2_ws/install/custom_interface/include/custom_interface/custom_interface/action/detail/autodock__functions.c
[0.958s] -- Up-to-date: /home/smr/workspaces/mini_amr/amrROS2_ws/install/custom_interface/include/custom_interface/custom_interface/action/detail/autodock__functions.h
[0.958s] -- Up-to-date: /home/smr/workspaces/mini_amr/amrROS2_ws/install/custom_interface/include/custom_interface/custom_interface/action/autodock.h
[0.958s] -- Up-to-date: /home/smr/workspaces/mini_amr/amrROS2_ws/install/custom_interface/include/custom_interface/custom_interface/msg
[0.958s] -- Up-to-date: /home/smr/workspaces/mini_amr/amrROS2_ws/install/custom_interface/include/custom_interface/custom_interface/msg/rosidl_generator_c__visibility_control.h
[0.958s] -- Up-to-date: /home/smr/workspaces/mini_amr/amrROS2_ws/install/custom_interface/include/custom_interface/custom_interface/msg/initdock.h
[0.958s] -- Up-to-date: /home/smr/workspaces/mini_amr/amrROS2_ws/install/custom_interface/include/custom_interface/custom_interface/msg/detail
[0.958s] -- Installing: /home/smr/workspaces/mini_amr/amrROS2_ws/install/custom_interface/include/custom_interface/custom_interface/msg/detail/initdock__type_support.c
[0.958s] -- Up-to-date: /home/smr/workspaces/mini_amr/amrROS2_ws/install/custom_interface/include/custom_interface/custom_interface/msg/detail/initdock__struct.h
[0.958s] -- Up-to-date: /home/smr/workspaces/mini_amr/amrROS2_ws/install/custom_interface/include/custom_interface/custom_interface/msg/detail/initdock__type_support.h
[0.958s] -- Up-to-date: /home/smr/workspaces/mini_amr/amrROS2_ws/install/custom_interface/include/custom_interface/custom_interface/msg/detail/initdock__functions.c
[0.958s] -- Up-to-date: /home/smr/workspaces/mini_amr/amrROS2_ws/install/custom_interface/include/custom_interface/custom_interface/msg/detail/initdock__functions.h
[0.959s] -- Up-to-date: /home/smr/workspaces/mini_amr/amrROS2_ws/install/custom_interface/include/custom_interface/custom_interface/msg/detail/initdock__description.c
[0.959s] -- Up-to-date: /home/smr/workspaces/mini_amr/amrROS2_ws/install/custom_interface/share/custom_interface/environment/library_path.sh
[0.959s] -- Up-to-date: /home/smr/workspaces/mini_amr/amrROS2_ws/install/custom_interface/share/custom_interface/environment/library_path.dsv
[0.959s] -- Up-to-date: /home/smr/workspaces/mini_amr/amrROS2_ws/install/custom_interface/lib/libcustom_interface__rosidl_generator_c.so
[0.959s] -- Up-to-date: /home/smr/workspaces/mini_amr/amrROS2_ws/install/custom_interface/include/custom_interface/custom_interface
[0.959s] -- Up-to-date: /home/smr/workspaces/mini_amr/amrROS2_ws/install/custom_interface/include/custom_interface/custom_interface/action
[0.959s] -- Up-to-date: /home/smr/workspaces/mini_amr/amrROS2_ws/install/custom_interface/include/custom_interface/custom_interface/action/detail
[0.960s] -- Up-to-date: /home/smr/workspaces/mini_amr/amrROS2_ws/install/custom_interface/include/custom_interface/custom_interface/action/detail/autodock__rosidl_typesupport_fastrtps_c.h
[0.960s] -- Up-to-date: /home/smr/workspaces/mini_amr/amrROS2_ws/install/custom_interface/include/custom_interface/custom_interface/msg
[0.960s] -- Up-to-date: /home/smr/workspaces/mini_amr/amrROS2_ws/install/custom_interface/include/custom_interface/custom_interface/msg/rosidl_typesupport_fastrtps_c__visibility_control.h
[0.960s] -- Up-to-date: /home/smr/workspaces/mini_amr/amrROS2_ws/install/custom_interface/include/custom_interface/custom_interface/msg/detail
[0.960s] -- Up-to-date: /home/smr/workspaces/mini_amr/amrROS2_ws/install/custom_interface/include/custom_interface/custom_interface/msg/detail/initdock__rosidl_typesupport_fastrtps_c.h
[0.960s] -- Up-to-date: /home/smr/workspaces/mini_amr/amrROS2_ws/install/custom_interface/lib/libcustom_interface__rosidl_typesupport_fastrtps_c.so
[0.960s] -- Up-to-date: /home/smr/workspaces/mini_amr/amrROS2_ws/install/custom_interface/include/custom_interface/custom_interface
[0.960s] -- Up-to-date: /home/smr/workspaces/mini_amr/amrROS2_ws/install/custom_interface/include/custom_interface/custom_interface/action
[0.960s] -- Up-to-date: /home/smr/workspaces/mini_amr/amrROS2_ws/install/custom_interface/include/custom_interface/custom_interface/action/detail
[0.960s] -- Up-to-date: /home/smr/workspaces/mini_amr/amrROS2_ws/install/custom_interface/include/custom_interface/custom_interface/action/detail/autodock__rosidl_typesupport_introspection_c.h
[0.961s] -- Installing: /home/smr/workspaces/mini_amr/amrROS2_ws/install/custom_interface/include/custom_interface/custom_interface/action/detail/autodock__type_support.c
[0.961s] -- Up-to-date: /home/smr/workspaces/mini_amr/amrROS2_ws/install/custom_interface/include/custom_interface/custom_interface/msg
[0.961s] -- Up-to-date: /home/smr/workspaces/mini_amr/amrROS2_ws/install/custom_interface/include/custom_interface/custom_interface/msg/detail
[0.961s] -- Installing: /home/smr/workspaces/mini_amr/amrROS2_ws/install/custom_interface/include/custom_interface/custom_interface/msg/detail/initdock__type_support.c
[0.961s] -- Up-to-date: /home/smr/workspaces/mini_amr/amrROS2_ws/install/custom_interface/include/custom_interface/custom_interface/msg/detail/initdock__rosidl_typesupport_introspection_c.h
[0.961s] -- Up-to-date: /home/smr/workspaces/mini_amr/amrROS2_ws/install/custom_interface/include/custom_interface/custom_interface/msg/rosidl_typesupport_introspection_c__visibility_control.h
[0.961s] -- Up-to-date: /home/smr/workspaces/mini_amr/amrROS2_ws/install/custom_interface/lib/libcustom_interface__rosidl_typesupport_introspection_c.so
[0.962s] -- Up-to-date: /home/smr/workspaces/mini_amr/amrROS2_ws/install/custom_interface/lib/libcustom_interface__rosidl_typesupport_c.so
[0.962s] -- Up-to-date: /home/smr/workspaces/mini_amr/amrROS2_ws/install/custom_interface/include/custom_interface/custom_interface
[0.962s] -- Up-to-date: /home/smr/workspaces/mini_amr/amrROS2_ws/install/custom_interface/include/custom_interface/custom_interface/action
[0.962s] -- Up-to-date: /home/smr/workspaces/mini_amr/amrROS2_ws/install/custom_interface/include/custom_interface/custom_interface/action/detail
[0.962s] -- Up-to-date: /home/smr/workspaces/mini_amr/amrROS2_ws/install/custom_interface/include/custom_interface/custom_interface/action/detail/autodock__traits.hpp
[0.963s] -- Up-to-date: /home/smr/workspaces/mini_amr/amrROS2_ws/install/custom_interface/include/custom_interface/custom_interface/action/detail/autodock__struct.hpp
[0.963s] -- Up-to-date: /home/smr/workspaces/mini_amr/amrROS2_ws/install/custom_interface/include/custom_interface/custom_interface/action/detail/autodock__builder.hpp
[0.963s] -- Up-to-date: /home/smr/workspaces/mini_amr/amrROS2_ws/install/custom_interface/include/custom_interface/custom_interface/action/detail/autodock__type_support.hpp
[0.963s] -- Up-to-date: /home/smr/workspaces/mini_amr/amrROS2_ws/install/custom_interface/include/custom_interface/custom_interface/action/autodock.hpp
[0.963s] -- Up-to-date: /home/smr/workspaces/mini_amr/amrROS2_ws/install/custom_interface/include/custom_interface/custom_interface/msg
[0.963s] -- Up-to-date: /home/smr/workspaces/mini_amr/amrROS2_ws/install/custom_interface/include/custom_interface/custom_interface/msg/initdock.hpp
[0.963s] -- Up-to-date: /home/smr/workspaces/mini_amr/amrROS2_ws/install/custom_interface/include/custom_interface/custom_interface/msg/detail
[0.963s] -- Up-to-date: /home/smr/workspaces/mini_amr/amrROS2_ws/install/custom_interface/include/custom_interface/custom_interface/msg/detail/initdock__struct.hpp
[0.963s] -- Up-to-date: /home/smr/workspaces/mini_amr/amrROS2_ws/install/custom_interface/include/custom_interface/custom_interface/msg/detail/initdock__type_support.hpp
[0.963s] -- Up-to-date: /home/smr/workspaces/mini_amr/amrROS2_ws/install/custom_interface/include/custom_interface/custom_interface/msg/detail/initdock__builder.hpp
[0.963s] -- Up-to-date: /home/smr/workspaces/mini_amr/amrROS2_ws/install/custom_interface/include/custom_interface/custom_interface/msg/detail/initdock__traits.hpp
[0.964s] -- Up-to-date: /home/smr/workspaces/mini_amr/amrROS2_ws/install/custom_interface/include/custom_interface/custom_interface/msg/rosidl_generator_cpp__visibility_control.hpp
[0.964s] -- Up-to-date: /home/smr/workspaces/mini_amr/amrROS2_ws/install/custom_interface/include/custom_interface/custom_interface
[0.964s] -- Up-to-date: /home/smr/workspaces/mini_amr/amrROS2_ws/install/custom_interface/include/custom_interface/custom_interface/action
[0.964s] -- Up-to-date: /home/smr/workspaces/mini_amr/amrROS2_ws/install/custom_interface/include/custom_interface/custom_interface/action/detail
[0.964s] -- Up-to-date: /home/smr/workspaces/mini_amr/amrROS2_ws/install/custom_interface/include/custom_interface/custom_interface/action/detail/autodock__rosidl_typesupport_fastrtps_cpp.hpp
[0.964s] -- Up-to-date: /home/smr/workspaces/mini_amr/amrROS2_ws/install/custom_interface/include/custom_interface/custom_interface/action/detail/dds_fastrtps
[0.964s] -- Up-to-date: /home/smr/workspaces/mini_amr/amrROS2_ws/install/custom_interface/include/custom_interface/custom_interface/msg
[0.964s] -- Up-to-date: /home/smr/workspaces/mini_amr/amrROS2_ws/install/custom_interface/include/custom_interface/custom_interface/msg/rosidl_typesupport_fastrtps_cpp__visibility_control.h
[0.964s] -- Up-to-date: /home/smr/workspaces/mini_amr/amrROS2_ws/install/custom_interface/include/custom_interface/custom_interface/msg/detail
[0.964s] -- Up-to-date: /home/smr/workspaces/mini_amr/amrROS2_ws/install/custom_interface/include/custom_interface/custom_interface/msg/detail/dds_fastrtps
[0.965s] -- Up-to-date: /home/smr/workspaces/mini_amr/amrROS2_ws/install/custom_interface/include/custom_interface/custom_interface/msg/detail/initdock__rosidl_typesupport_fastrtps_cpp.hpp
[0.965s] -- Up-to-date: /home/smr/workspaces/mini_amr/amrROS2_ws/install/custom_interface/lib/libcustom_interface__rosidl_typesupport_fastrtps_cpp.so
[0.965s] -- Up-to-date: /home/smr/workspaces/mini_amr/amrROS2_ws/install/custom_interface/include/custom_interface/custom_interface
[0.965s] -- Up-to-date: /home/smr/workspaces/mini_amr/amrROS2_ws/install/custom_interface/include/custom_interface/custom_interface/action
[0.965s] -- Up-to-date: /home/smr/workspaces/mini_amr/amrROS2_ws/install/custom_interface/include/custom_interface/custom_interface/action/detail
[0.965s] -- Up-to-date: /home/smr/workspaces/mini_amr/amrROS2_ws/install/custom_interface/include/custom_interface/custom_interface/action/detail/autodock__type_support.cpp
[0.965s] -- Up-to-date: /home/smr/workspaces/mini_amr/amrROS2_ws/install/custom_interface/include/custom_interface/custom_interface/action/detail/autodock__rosidl_typesupport_introspection_cpp.hpp
[0.965s] -- Up-to-date: /home/smr/workspaces/mini_amr/amrROS2_ws/install/custom_interface/include/custom_interface/custom_interface/msg
[0.965s] -- Up-to-date: /home/smr/workspaces/mini_amr/amrROS2_ws/install/custom_interface/include/custom_interface/custom_interface/msg/detail
[0.965s] -- Up-to-date: /home/smr/workspaces/mini_amr/amrROS2_ws/install/custom_interface/include/custom_interface/custom_interface/msg/detail/initdock__type_support.cpp
[0.966s] -- Up-to-date: /home/smr/workspaces/mini_amr/amrROS2_ws/install/custom_interface/include/custom_interface/custom_interface/msg/detail/initdock__rosidl_typesupport_introspection_cpp.hpp
[0.966s] -- Up-to-date: /home/smr/workspaces/mini_amr/amrROS2_ws/install/custom_interface/lib/libcustom_interface__rosidl_typesupport_introspection_cpp.so
[0.966s] -- Up-to-date: /home/smr/workspaces/mini_amr/amrROS2_ws/install/custom_interface/lib/libcustom_interface__rosidl_typesupport_cpp.so
[0.966s] -- Up-to-date: /home/smr/workspaces/mini_amr/amrROS2_ws/install/custom_interface/share/custom_interface/environment/pythonpath.sh
[0.966s] -- Up-to-date: /home/smr/workspaces/mini_amr/amrROS2_ws/install/custom_interface/share/custom_interface/environment/pythonpath.dsv
[0.966s] -- Up-to-date: /home/smr/workspaces/mini_amr/amrROS2_ws/install/custom_interface/lib/python3.12/site-packages/custom_interface-0.0.0-py3.12.egg-info
[0.966s] -- Installing: /home/smr/workspaces/mini_amr/amrROS2_ws/install/custom_interface/lib/python3.12/site-packages/custom_interface-0.0.0-py3.12.egg-info/top_level.txt
[0.966s] -- Installing: /home/smr/workspaces/mini_amr/amrROS2_ws/install/custom_interface/lib/python3.12/site-packages/custom_interface-0.0.0-py3.12.egg-info/SOURCES.txt
[0.966s] -- Installing: /home/smr/workspaces/mini_amr/amrROS2_ws/install/custom_interface/lib/python3.12/site-packages/custom_interface-0.0.0-py3.12.egg-info/dependency_links.txt
[0.966s] -- Installing: /home/smr/workspaces/mini_amr/amrROS2_ws/install/custom_interface/lib/python3.12/site-packages/custom_interface-0.0.0-py3.12.egg-info/PKG-INFO
[0.966s] -- Up-to-date: /home/smr/workspaces/mini_amr/amrROS2_ws/install/custom_interface/lib/python3.12/site-packages/custom_interface
[0.967s] -- Up-to-date: /home/smr/workspaces/mini_amr/amrROS2_ws/install/custom_interface/lib/python3.12/site-packages/custom_interface/_custom_interface_s.ep.rosidl_typesupport_introspection_c.c
[0.967s] -- Up-to-date: /home/smr/workspaces/mini_amr/amrROS2_ws/install/custom_interface/lib/python3.12/site-packages/custom_interface/_custom_interface_s.ep.rosidl_typesupport_fastrtps_c.c
[0.967s] -- Up-to-date: /home/smr/workspaces/mini_amr/amrROS2_ws/install/custom_interface/lib/python3.12/site-packages/custom_interface/custom_interface_s__rosidl_typesupport_c.so
[0.967s] -- Up-to-date: /home/smr/workspaces/mini_amr/amrROS2_ws/install/custom_interface/lib/python3.12/site-packages/custom_interface/action
[0.967s] -- Up-to-date: /home/smr/workspaces/mini_amr/amrROS2_ws/install/custom_interface/lib/python3.12/site-packages/custom_interface/action/_autodock_s.c
[0.967s] -- Up-to-date: /home/smr/workspaces/mini_amr/amrROS2_ws/install/custom_interface/lib/python3.12/site-packages/custom_interface/action/__init__.py
[0.967s] -- Up-to-date: /home/smr/workspaces/mini_amr/amrROS2_ws/install/custom_interface/lib/python3.12/site-packages/custom_interface/action/_autodock.py
[0.967s] -- Up-to-date: /home/smr/workspaces/mini_amr/amrROS2_ws/install/custom_interface/lib/python3.12/site-packages/custom_interface/msg
[0.967s] -- Up-to-date: /home/smr/workspaces/mini_amr/amrROS2_ws/install/custom_interface/lib/python3.12/site-packages/custom_interface/msg/__init__.py
[0.967s] -- Up-to-date: /home/smr/workspaces/mini_amr/amrROS2_ws/install/custom_interface/lib/python3.12/site-packages/custom_interface/msg/_initdock_s.c
[0.967s] -- Up-to-date: /home/smr/workspaces/mini_amr/amrROS2_ws/install/custom_interface/lib/python3.12/site-packages/custom_interface/msg/_initdock.py
[0.968s] -- Up-to-date: /home/smr/workspaces/mini_amr/amrROS2_ws/install/custom_interface/lib/python3.12/site-packages/custom_interface/custom_interface_s__rosidl_typesupport_fastrtps_c.so
[0.968s] -- Up-to-date: /home/smr/workspaces/mini_amr/amrROS2_ws/install/custom_interface/lib/python3.12/site-packages/custom_interface/__init__.py
[0.968s] -- Up-to-date: /home/smr/workspaces/mini_amr/amrROS2_ws/install/custom_interface/lib/python3.12/site-packages/custom_interface/custom_interface_s__rosidl_typesupport_introspection_c.so
[0.968s] -- Up-to-date: /home/smr/workspaces/mini_amr/amrROS2_ws/install/custom_interface/lib/python3.12/site-packages/custom_interface/_custom_interface_s.ep.rosidl_typesupport_c.c
[1.038s] Listing '/home/smr/workspaces/mini_amr/amrROS2_ws/install/custom_interface/lib/python3.12/site-packages/custom_interface'...
[1.038s] Listing '/home/smr/workspaces/mini_amr/amrROS2_ws/install/custom_interface/lib/python3.12/site-packages/custom_interface/action'...
[1.039s] Listing '/home/smr/workspaces/mini_amr/amrROS2_ws/install/custom_interface/lib/python3.12/site-packages/custom_interface/msg'...
[1.050s] -- Up-to-date: /home/smr/workspaces/mini_amr/amrROS2_ws/install/custom_interface/lib/python3.12/site-packages/custom_interface/custom_interface_s__rosidl_typesupport_fastrtps_c.so
[1.051s] -- Up-to-date: /home/smr/workspaces/mini_amr/amrROS2_ws/install/custom_interface/lib/python3.12/site-packages/custom_interface/custom_interface_s__rosidl_typesupport_introspection_c.so
[1.052s] -- Up-to-date: /home/smr/workspaces/mini_amr/amrROS2_ws/install/custom_interface/lib/python3.12/site-packages/custom_interface/custom_interface_s__rosidl_typesupport_c.so
[1.052s] -- Up-to-date: /home/smr/workspaces/mini_amr/amrROS2_ws/install/custom_interface/lib/libcustom_interface__rosidl_generator_py.so
[1.053s] -- Up-to-date: /home/smr/workspaces/mini_amr/amrROS2_ws/install/custom_interface/share/custom_interface/action/Autodock.idl
[1.054s] -- Up-to-date: /home/smr/workspaces/mini_amr/amrROS2_ws/install/custom_interface/share/custom_interface/msg/Initdock.idl
[1.055s] -- Up-to-date: /home/smr/workspaces/mini_amr/amrROS2_ws/install/custom_interface/share/custom_interface/action/Autodock.action
[1.055s] -- Up-to-date: /home/smr/workspaces/mini_amr/amrROS2_ws/install/custom_interface/share/custom_interface/msg/Initdock.msg
[1.056s] -- Up-to-date: /home/smr/workspaces/mini_amr/amrROS2_ws/install/custom_interface/share/ament_index/resource_index/package_run_dependencies/custom_interface
[1.056s] -- Up-to-date: /home/smr/workspaces/mini_amr/amrROS2_ws/install/custom_interface/share/ament_index/resource_index/parent_prefix_path/custom_interface
[1.057s] -- Up-to-date: /home/smr/workspaces/mini_amr/amrROS2_ws/install/custom_interface/share/custom_interface/environment/ament_prefix_path.sh
[1.057s] -- Up-to-date: /home/smr/workspaces/mini_amr/amrROS2_ws/install/custom_interface/share/custom_interface/environment/ament_prefix_path.dsv
[1.058s] -- Up-to-date: /home/smr/workspaces/mini_amr/amrROS2_ws/install/custom_interface/share/custom_interface/environment/path.sh
[1.059s] -- Up-to-date: /home/smr/workspaces/mini_amr/amrROS2_ws/install/custom_interface/share/custom_interface/environment/path.dsv
[1.061s] -- Up-to-date: /home/smr/workspaces/mini_amr/amrROS2_ws/install/custom_interface/share/custom_interface/local_setup.bash
[1.061s] -- Up-to-date: /home/smr/workspaces/mini_amr/amrROS2_ws/install/custom_interface/share/custom_interface/local_setup.sh
[1.062s] -- Up-to-date: /home/smr/workspaces/mini_amr/amrROS2_ws/install/custom_interface/share/custom_interface/local_setup.zsh
[1.063s] -- Up-to-date: /home/smr/workspaces/mini_amr/amrROS2_ws/install/custom_interface/share/custom_interface/local_setup.dsv
[1.063s] -- Installing: /home/smr/workspaces/mini_amr/amrROS2_ws/install/custom_interface/share/custom_interface/package.dsv
[1.064s] -- Up-to-date: /home/smr/workspaces/mini_amr/amrROS2_ws/install/custom_interface/share/ament_index/resource_index/packages/custom_interface
[1.064s] -- Up-to-date: /home/smr/workspaces/mini_amr/amrROS2_ws/install/custom_interface/share/custom_interface/cmake/export_custom_interface__rosidl_generator_cExport.cmake
[1.066s] -- Up-to-date: /home/smr/workspaces/mini_amr/amrROS2_ws/install/custom_interface/share/custom_interface/cmake/export_custom_interface__rosidl_generator_cExport-noconfig.cmake
[1.066s] -- Up-to-date: /home/smr/workspaces/mini_amr/amrROS2_ws/install/custom_interface/share/custom_interface/cmake/export_custom_interface__rosidl_typesupport_fastrtps_cExport.cmake
[1.066s] -- Up-to-date: /home/smr/workspaces/mini_amr/amrROS2_ws/install/custom_interface/share/custom_interface/cmake/export_custom_interface__rosidl_typesupport_fastrtps_cExport-noconfig.cmake
[1.066s] -- Up-to-date: /home/smr/workspaces/mini_amr/amrROS2_ws/install/custom_interface/share/custom_interface/cmake/custom_interface__rosidl_typesupport_introspection_cExport.cmake
[1.066s] -- Up-to-date: /home/smr/workspaces/mini_amr/amrROS2_ws/install/custom_interface/share/custom_interface/cmake/custom_interface__rosidl_typesupport_introspection_cExport-noconfig.cmake
[1.066s] -- Up-to-date: /home/smr/workspaces/mini_amr/amrROS2_ws/install/custom_interface/share/custom_interface/cmake/custom_interface__rosidl_typesupport_cExport.cmake
[1.066s] -- Up-to-date: /home/smr/workspaces/mini_amr/amrROS2_ws/install/custom_interface/share/custom_interface/cmake/custom_interface__rosidl_typesupport_cExport-noconfig.cmake
[1.067s] -- Up-to-date: /home/smr/workspaces/mini_amr/amrROS2_ws/install/custom_interface/share/custom_interface/cmake/export_custom_interface__rosidl_generator_cppExport.cmake
[1.067s] -- Up-to-date: /home/smr/workspaces/mini_amr/amrROS2_ws/install/custom_interface/share/custom_interface/cmake/export_custom_interface__rosidl_typesupport_fastrtps_cppExport.cmake
[1.067s] -- Up-to-date: /home/smr/workspaces/mini_amr/amrROS2_ws/install/custom_interface/share/custom_interface/cmake/export_custom_interface__rosidl_typesupport_fastrtps_cppExport-noconfig.cmake
[1.067s] -- Up-to-date: /home/smr/workspaces/mini_amr/amrROS2_ws/install/custom_interface/share/custom_interface/cmake/custom_interface__rosidl_typesupport_introspection_cppExport.cmake
[1.067s] -- Up-to-date: /home/smr/workspaces/mini_amr/amrROS2_ws/install/custom_interface/share/custom_interface/cmake/custom_interface__rosidl_typesupport_introspection_cppExport-noconfig.cmake
[1.068s] -- Up-to-date: /home/smr/workspaces/mini_amr/amrROS2_ws/install/custom_interface/share/custom_interface/cmake/custom_interface__rosidl_typesupport_cppExport.cmake
[1.068s] -- Up-to-date: /home/smr/workspaces/mini_amr/amrROS2_ws/install/custom_interface/share/custom_interface/cmake/custom_interface__rosidl_typesupport_cppExport-noconfig.cmake
[1.068s] -- Up-to-date: /home/smr/workspaces/mini_amr/amrROS2_ws/install/custom_interface/share/custom_interface/cmake/export_custom_interface__rosidl_generator_pyExport.cmake
[1.068s] -- Up-to-date: /home/smr/workspaces/mini_amr/amrROS2_ws/install/custom_interface/share/custom_interface/cmake/export_custom_interface__rosidl_generator_pyExport-noconfig.cmake
[1.068s] -- Up-to-date: /home/smr/workspaces/mini_amr/amrROS2_ws/install/custom_interface/share/custom_interface/cmake/rosidl_cmake-extras.cmake
[1.068s] -- Up-to-date: /home/smr/workspaces/mini_amr/amrROS2_ws/install/custom_interface/share/custom_interface/cmake/ament_cmake_export_dependencies-extras.cmake
[1.068s] -- Up-to-date: /home/smr/workspaces/mini_amr/amrROS2_ws/install/custom_interface/share/custom_interface/cmake/ament_cmake_export_include_directories-extras.cmake
[1.068s] -- Up-to-date: /home/smr/workspaces/mini_amr/amrROS2_ws/install/custom_interface/share/custom_interface/cmake/ament_cmake_export_libraries-extras.cmake
[1.068s] -- Up-to-date: /home/smr/workspaces/mini_amr/amrROS2_ws/install/custom_interface/share/custom_interface/cmake/ament_cmake_export_targets-extras.cmake
[1.068s] -- Up-to-date: /home/smr/workspaces/mini_amr/amrROS2_ws/install/custom_interface/share/custom_interface/cmake/rosidl_cmake_export_typesupport_targets-extras.cmake
[1.069s] -- Up-to-date: /home/smr/workspaces/mini_amr/amrROS2_ws/install/custom_interface/share/custom_interface/cmake/rosidl_cmake_export_typesupport_libraries-extras.cmake
[1.069s] -- Up-to-date: /home/smr/workspaces/mini_amr/amrROS2_ws/install/custom_interface/share/custom_interface/cmake/custom_interfaceConfig.cmake
[1.069s] -- Up-to-date: /home/smr/workspaces/mini_amr/amrROS2_ws/install/custom_interface/share/custom_interface/cmake/custom_interfaceConfig-version.cmake
[1.069s] -- Up-to-date: /home/smr/workspaces/mini_amr/amrROS2_ws/install/custom_interface/share/custom_interface/package.xml
[1.069s] Invoked command in '/home/smr/workspaces/mini_amr/amrROS2_ws/build/custom_interface' returned '0': CMAKE_PREFIX_PATH=${CMAKE_PREFIX_PATH}:/home/smr/workspaces/mini_amr/amrROS2_ws/install/python_pkg:/home/smr/workspaces/mini_amr/amrROS2_ws/install/action_autodock:/opt/ros/jazzy DEBUGINFOD_URLS=https://debuginfod.ubuntu.com /usr/bin/cmake --install /home/smr/workspaces/mini_amr/amrROS2_ws/build/custom_interface
