[0.485s] Invoking command in '/home/smr/workspaces/mini_amr/amrROS2_ws/build/navigation': CMAKE_PREFIX_PATH=${CMAKE_PREFIX_PATH}:/home/smr/workspaces/mini_amr/amrROS2_ws/install/python_pkg:/home/smr/workspaces/mini_amr/amrROS2_ws/install/action_autodock:/opt/ros/jazzy DEBUGINFOD_URLS=https://debuginfod.ubuntu.com /usr/bin/cmake --build /home/smr/workspaces/mini_amr/amrROS2_ws/build/navigation -- -j8 -l8
[0.969s] Invoked command in '/home/smr/workspaces/mini_amr/amrROS2_ws/build/navigation' returned '0': CMAKE_PREFIX_PATH=${CMAKE_PREFIX_PATH}:/home/smr/workspaces/mini_amr/amrROS2_ws/install/python_pkg:/home/smr/workspaces/mini_amr/amrROS2_ws/install/action_autodock:/opt/ros/jazzy DEBUGINFOD_URLS=https://debuginfod.ubuntu.com /usr/bin/cmake --build /home/smr/workspaces/mini_amr/amrROS2_ws/build/navigation -- -j8 -l8
[0.972s] Invoking command in '/home/smr/workspaces/mini_amr/amrROS2_ws/build/navigation': CMAKE_PREFIX_PATH=${CMAKE_PREFIX_PATH}:/home/smr/workspaces/mini_amr/amrROS2_ws/install/python_pkg:/home/smr/workspaces/mini_amr/amrROS2_ws/install/action_autodock:/opt/ros/jazzy DEBUGINFOD_URLS=https://debuginfod.ubuntu.com /usr/bin/cmake --install /home/smr/workspaces/mini_amr/amrROS2_ws/build/navigation
[0.999s] -- Install configuration: ""
[0.999s] -- Up-to-date: /home/smr/workspaces/mini_amr/amrROS2_ws/install/navigation/share/navigation/launch
[0.999s] -- Up-to-date: /home/smr/workspaces/mini_amr/amrROS2_ws/install/navigation/share/navigation/launch/rviz_nav.launch.py
[1.000s] -- Up-to-date: /home/smr/workspaces/mini_amr/amrROS2_ws/install/navigation/share/navigation/launch/amcl_localization_launch.py
[1.000s] -- Up-to-date: /home/smr/workspaces/mini_amr/amrROS2_ws/install/navigation/share/navigation/launch/rviz_launch.py
[1.008s] -- Up-to-date: /home/smr/workspaces/mini_amr/amrROS2_ws/install/navigation/share/navigation/launch/slam_localization_launch.py
[1.011s] -- Up-to-date: /home/smr/workspaces/mini_amr/amrROS2_ws/install/navigation/share/navigation/launch/collision_monitor_node.launch.py
[1.012s] -- Up-to-date: /home/smr/workspaces/mini_amr/amrROS2_ws/install/navigation/share/navigation/launch/slam_toolbox_launch.py
[1.012s] -- Up-to-date: /home/smr/workspaces/mini_amr/amrROS2_ws/install/navigation/share/navigation/launch/navigation.launch.py
[1.013s] -- Up-to-date: /home/smr/workspaces/mini_amr/amrROS2_ws/install/navigation/share/navigation/launch/slam.launch.py
[1.013s] -- Up-to-date: /home/smr/workspaces/mini_amr/amrROS2_ws/install/navigation/share/navigation/launch/navigation_launch.py
[1.013s] -- Up-to-date: /home/smr/workspaces/mini_amr/amrROS2_ws/install/navigation/share/navigation/config
[1.013s] -- Up-to-date: /home/smr/workspaces/mini_amr/amrROS2_ws/install/navigation/share/navigation/config/nav2_params.yaml
[1.014s] -- Up-to-date: /home/smr/workspaces/mini_amr/amrROS2_ws/install/navigation/share/navigation/config/navigation.yaml
[1.014s] -- Up-to-date: /home/smr/workspaces/mini_amr/amrROS2_ws/install/navigation/share/navigation/config/mapper_params_online_async.yaml
[1.014s] -- Up-to-date: /home/smr/workspaces/mini_amr/amrROS2_ws/install/navigation/share/navigation/config/collision_monitor_params.yaml
[1.014s] -- Up-to-date: /home/smr/workspaces/mini_amr/amrROS2_ws/install/navigation/share/navigation/config/slam_localization.yaml
[1.014s] -- Up-to-date: /home/smr/workspaces/mini_amr/amrROS2_ws/install/navigation/share/navigation/rviz
[1.014s] -- Up-to-date: /home/smr/workspaces/mini_amr/amrROS2_ws/install/navigation/share/navigation/rviz/navigation.rviz
[1.015s] -- Up-to-date: /home/smr/workspaces/mini_amr/amrROS2_ws/install/navigation/share/navigation/rviz/rviz_nav_namespace.rviz
[1.017s] -- Up-to-date: /home/smr/workspaces/mini_amr/amrROS2_ws/install/navigation/share/navigation/rviz/nav2_namespaced_view.rviz
[1.018s] -- Up-to-date: /home/smr/workspaces/mini_amr/amrROS2_ws/install/navigation/share/navigation/rviz/nav2_default_view.rviz
[1.019s] -- Up-to-date: /home/smr/workspaces/mini_amr/amrROS2_ws/install/navigation/share/navigation/rviz/mapping.rviz
[1.020s] -- Up-to-date: /home/smr/workspaces/mini_amr/amrROS2_ws/install/navigation/share/navigation/rviz/slam.rviz
[1.020s] -- Up-to-date: /home/smr/workspaces/mini_amr/amrROS2_ws/install/navigation/share/navigation/rviz/rviz_nav.rviz
[1.021s] -- Up-to-date: /home/smr/workspaces/mini_amr/amrROS2_ws/install/navigation/share/navigation/maps
[1.021s] -- Up-to-date: /home/smr/workspaces/mini_amr/amrROS2_ws/install/navigation/share/navigation/maps/Turtlebot_Arena_map.yaml
[1.021s] -- Up-to-date: /home/smr/workspaces/mini_amr/amrROS2_ws/install/navigation/share/navigation/maps/Turtlebot_Arena_map.pgm
[1.021s] -- Up-to-date: /home/smr/workspaces/mini_amr/amrROS2_ws/install/navigation/share/ament_index/resource_index/package_run_dependencies/navigation
[1.021s] -- Up-to-date: /home/smr/workspaces/mini_amr/amrROS2_ws/install/navigation/share/ament_index/resource_index/parent_prefix_path/navigation
[1.021s] -- Up-to-date: /home/smr/workspaces/mini_amr/amrROS2_ws/install/navigation/share/navigation/environment/ament_prefix_path.sh
[1.021s] -- Up-to-date: /home/smr/workspaces/mini_amr/amrROS2_ws/install/navigation/share/navigation/environment/ament_prefix_path.dsv
[1.021s] -- Up-to-date: /home/smr/workspaces/mini_amr/amrROS2_ws/install/navigation/share/navigation/environment/path.sh
[1.021s] -- Up-to-date: /home/smr/workspaces/mini_amr/amrROS2_ws/install/navigation/share/navigation/environment/path.dsv
[1.022s] -- Up-to-date: /home/smr/workspaces/mini_amr/amrROS2_ws/install/navigation/share/navigation/local_setup.bash
[1.022s] -- Up-to-date: /home/smr/workspaces/mini_amr/amrROS2_ws/install/navigation/share/navigation/local_setup.sh
[1.022s] -- Up-to-date: /home/smr/workspaces/mini_amr/amrROS2_ws/install/navigation/share/navigation/local_setup.zsh
[1.022s] -- Up-to-date: /home/smr/workspaces/mini_amr/amrROS2_ws/install/navigation/share/navigation/local_setup.dsv
[1.022s] -- Installing: /home/smr/workspaces/mini_amr/amrROS2_ws/install/navigation/share/navigation/package.dsv
[1.022s] -- Up-to-date: /home/smr/workspaces/mini_amr/amrROS2_ws/install/navigation/share/ament_index/resource_index/packages/navigation
[1.022s] -- Up-to-date: /home/smr/workspaces/mini_amr/amrROS2_ws/install/navigation/share/navigation/cmake/navigationConfig.cmake
[1.023s] -- Up-to-date: /home/smr/workspaces/mini_amr/amrROS2_ws/install/navigation/share/navigation/cmake/navigationConfig-version.cmake
[1.023s] -- Up-to-date: /home/smr/workspaces/mini_amr/amrROS2_ws/install/navigation/share/navigation/package.xml
[1.146s] Invoked command in '/home/smr/workspaces/mini_amr/amrROS2_ws/build/navigation' returned '0': CMAKE_PREFIX_PATH=${CMAKE_PREFIX_PATH}:/home/smr/workspaces/mini_amr/amrROS2_ws/install/python_pkg:/home/smr/workspaces/mini_amr/amrROS2_ws/install/action_autodock:/opt/ros/jazzy DEBUGINFOD_URLS=https://debuginfod.ubuntu.com /usr/bin/cmake --install /home/smr/workspaces/mini_amr/amrROS2_ws/build/navigation
