[0.021s] Invoking command in '/home/smr/workspaces/mini_amr/amrROS2_ws/build/dock_lidar': AMENT_PREFIX_PATH=/home/smr/workspaces/mini_amr/amrROS2_ws/install/custom_interface:${AMENT_PREFIX_PATH} CMAKE_PREFIX_PATH=/home/smr/workspaces/mini_amr/amrROS2_ws/install/custom_interface:/opt/ros/jazzy/opt/gz_math_vendor:/opt/ros/jazzy/opt/gz_utils_vendor:/opt/ros/jazzy/opt/gz_cmake_vendor:/opt/ros/jazzy DEBUGINFOD_URLS=https://debuginfod.ubuntu.com LD_LIBRARY_PATH=/home/smr/workspaces/mini_amr/amrROS2_ws/install/custom_interface/lib:${LD_LIBRARY_PATH} PYTHONPATH=/home/smr/workspaces/mini_amr/amrROS2_ws/install/custom_interface/lib/python3.12/site-packages:${PYTHONPATH} /usr/bin/cmake --build /home/smr/workspaces/mini_amr/amrROS2_ws/build/dock_lidar -- -j8 -l8
[0.264s] [100%] Built target dock_coordinates
[0.300s] Invoked command in '/home/smr/workspaces/mini_amr/amrROS2_ws/build/dock_lidar' returned '0': AMENT_PREFIX_PATH=/home/smr/workspaces/mini_amr/amrROS2_ws/install/custom_interface:${AMENT_PREFIX_PATH} CMAKE_PREFIX_PATH=/home/smr/workspaces/mini_amr/amrROS2_ws/install/custom_interface:/opt/ros/jazzy/opt/gz_math_vendor:/opt/ros/jazzy/opt/gz_utils_vendor:/opt/ros/jazzy/opt/gz_cmake_vendor:/opt/ros/jazzy DEBUGINFOD_URLS=https://debuginfod.ubuntu.com LD_LIBRARY_PATH=/home/smr/workspaces/mini_amr/amrROS2_ws/install/custom_interface/lib:${LD_LIBRARY_PATH} PYTHONPATH=/home/smr/workspaces/mini_amr/amrROS2_ws/install/custom_interface/lib/python3.12/site-packages:${PYTHONPATH} /usr/bin/cmake --build /home/smr/workspaces/mini_amr/amrROS2_ws/build/dock_lidar -- -j8 -l8
[0.301s] Invoking command in '/home/smr/workspaces/mini_amr/amrROS2_ws/build/dock_lidar': AMENT_PREFIX_PATH=/home/smr/workspaces/mini_amr/amrROS2_ws/install/custom_interface:${AMENT_PREFIX_PATH} CMAKE_PREFIX_PATH=/home/smr/workspaces/mini_amr/amrROS2_ws/install/custom_interface:/opt/ros/jazzy/opt/gz_math_vendor:/opt/ros/jazzy/opt/gz_utils_vendor:/opt/ros/jazzy/opt/gz_cmake_vendor:/opt/ros/jazzy DEBUGINFOD_URLS=https://debuginfod.ubuntu.com LD_LIBRARY_PATH=/home/smr/workspaces/mini_amr/amrROS2_ws/install/custom_interface/lib:${LD_LIBRARY_PATH} PYTHONPATH=/home/smr/workspaces/mini_amr/amrROS2_ws/install/custom_interface/lib/python3.12/site-packages:${PYTHONPATH} /usr/bin/cmake --install /home/smr/workspaces/mini_amr/amrROS2_ws/build/dock_lidar
[0.327s] -- Install configuration: ""
[0.327s] -- Up-to-date: /home/smr/workspaces/mini_amr/amrROS2_ws/install/dock_lidar/include
[0.327s] -- Up-to-date: /home/smr/workspaces/mini_amr/amrROS2_ws/install/dock_lidar/include/.DS_Store
[0.327s] -- Up-to-date: /home/smr/workspaces/mini_amr/amrROS2_ws/install/dock_lidar/include/dock_lidar
[0.328s] -- Up-to-date: /home/smr/workspaces/mini_amr/amrROS2_ws/install/dock_lidar/include/dock_lidar/dock_candidate.h
[0.328s] -- Up-to-date: /home/smr/workspaces/mini_amr/amrROS2_ws/install/dock_lidar/include/dock_lidar/linear_pose_filter_2d.h
[0.328s] -- Up-to-date: /home/smr/workspaces/mini_amr/amrROS2_ws/install/dock_lidar/include/dock_lidar/tf2listener.h
[0.328s] -- Up-to-date: /home/smr/workspaces/mini_amr/amrROS2_ws/install/dock_lidar/include/dock_lidar/icp_2d.h
[0.328s] -- Up-to-date: /home/smr/workspaces/mini_amr/amrROS2_ws/install/dock_lidar/include/dock_lidar/laser_processor.h
[0.328s] -- Up-to-date: /home/smr/workspaces/mini_amr/amrROS2_ws/install/dock_lidar/include/dock_lidar/perception.h
[0.328s] -- Up-to-date: /home/smr/workspaces/mini_amr/amrROS2_ws/install/dock_lidar/share/dock_lidar/config
[0.328s] -- Up-to-date: /home/smr/workspaces/mini_amr/amrROS2_ws/install/dock_lidar/share/dock_lidar/config/dock_config.yaml
[0.329s] -- Up-to-date: /home/smr/workspaces/mini_amr/amrROS2_ws/install/dock_lidar/lib/dock_lidar/dock_coordinates
[0.329s] -- Up-to-date: /home/smr/workspaces/mini_amr/amrROS2_ws/install/dock_lidar/share/dock_lidar/launch
[0.329s] -- Up-to-date: /home/smr/workspaces/mini_amr/amrROS2_ws/install/dock_lidar/share/dock_lidar/launch/dock_lidar_launch.py
[0.329s] -- Up-to-date: /home/smr/workspaces/mini_amr/amrROS2_ws/install/dock_lidar/share/ament_index/resource_index/package_run_dependencies/dock_lidar
[0.329s] -- Up-to-date: /home/smr/workspaces/mini_amr/amrROS2_ws/install/dock_lidar/share/ament_index/resource_index/parent_prefix_path/dock_lidar
[0.329s] -- Up-to-date: /home/smr/workspaces/mini_amr/amrROS2_ws/install/dock_lidar/share/dock_lidar/environment/ament_prefix_path.sh
[0.329s] -- Up-to-date: /home/smr/workspaces/mini_amr/amrROS2_ws/install/dock_lidar/share/dock_lidar/environment/ament_prefix_path.dsv
[0.330s] -- Up-to-date: /home/smr/workspaces/mini_amr/amrROS2_ws/install/dock_lidar/share/dock_lidar/environment/path.sh
[0.330s] -- Up-to-date: /home/smr/workspaces/mini_amr/amrROS2_ws/install/dock_lidar/share/dock_lidar/environment/path.dsv
[0.330s] -- Up-to-date: /home/smr/workspaces/mini_amr/amrROS2_ws/install/dock_lidar/share/dock_lidar/local_setup.bash
[0.330s] -- Up-to-date: /home/smr/workspaces/mini_amr/amrROS2_ws/install/dock_lidar/share/dock_lidar/local_setup.sh
[0.330s] -- Up-to-date: /home/smr/workspaces/mini_amr/amrROS2_ws/install/dock_lidar/share/dock_lidar/local_setup.zsh
[0.330s] -- Up-to-date: /home/smr/workspaces/mini_amr/amrROS2_ws/install/dock_lidar/share/dock_lidar/local_setup.dsv
[0.330s] -- Installing: /home/smr/workspaces/mini_amr/amrROS2_ws/install/dock_lidar/share/dock_lidar/package.dsv
[0.330s] -- Up-to-date: /home/smr/workspaces/mini_amr/amrROS2_ws/install/dock_lidar/share/ament_index/resource_index/packages/dock_lidar
[0.330s] -- Up-to-date: /home/smr/workspaces/mini_amr/amrROS2_ws/install/dock_lidar/share/dock_lidar/cmake/dock_lidarConfig.cmake
[0.330s] -- Up-to-date: /home/smr/workspaces/mini_amr/amrROS2_ws/install/dock_lidar/share/dock_lidar/cmake/dock_lidarConfig-version.cmake
[0.331s] -- Up-to-date: /home/smr/workspaces/mini_amr/amrROS2_ws/install/dock_lidar/share/dock_lidar/package.xml
[0.333s] Invoked command in '/home/smr/workspaces/mini_amr/amrROS2_ws/build/dock_lidar' returned '0': AMENT_PREFIX_PATH=/home/smr/workspaces/mini_amr/amrROS2_ws/install/custom_interface:${AMENT_PREFIX_PATH} CMAKE_PREFIX_PATH=/home/smr/workspaces/mini_amr/amrROS2_ws/install/custom_interface:/opt/ros/jazzy/opt/gz_math_vendor:/opt/ros/jazzy/opt/gz_utils_vendor:/opt/ros/jazzy/opt/gz_cmake_vendor:/opt/ros/jazzy DEBUGINFOD_URLS=https://debuginfod.ubuntu.com LD_LIBRARY_PATH=/home/smr/workspaces/mini_amr/amrROS2_ws/install/custom_interface/lib:${LD_LIBRARY_PATH} PYTHONPATH=/home/smr/workspaces/mini_amr/amrROS2_ws/install/custom_interface/lib/python3.12/site-packages:${PYTHONPATH} /usr/bin/cmake --install /home/smr/workspaces/mini_amr/amrROS2_ws/build/dock_lidar
