[0.516s] Invoking command in '/home/smr/workspaces/mini_amr/amrROS2_ws/build/navigation': CMAKE_PREFIX_PATH=${CMAKE_PREFIX_PATH}:/home/smr/workspaces/mini_amr/amrROS2_ws/install/python_pkg:/home/smr/workspaces/mini_amr/amrROS2_ws/install/action_autodock:/opt/ros/jazzy DEBUGINFOD_URLS=https://debuginfod.ubuntu.com /usr/bin/cmake --build /home/smr/workspaces/mini_amr/amrROS2_ws/build/navigation -- -j8 -l8
[0.973s] -- Found ament_cmake: 2.5.4 (/opt/ros/jazzy/share/ament_cmake/cmake)
[1.124s] -- Found ament_lint_auto: 0.17.2 (/opt/ros/jazzy/share/ament_lint_auto/cmake)
[1.507s] -- Added test 'flake8' to check Python code syntax and style conventions
[1.507s] -- Configured 'flake8' exclude dirs and/or files: 
[1.508s] -- Added test 'lint_cmake' to check CMake code style
[1.511s] -- Added test 'pep257' to check Python code against some of the docstring style conventions in PEP 257
[1.517s] -- Added test 'xmllint' to check XML markup files
[1.526s] -- Configuring done (0.9s)
[1.588s] -- Generating done (0.1s)
[1.598s] -- Build files have been written to: /home/smr/workspaces/mini_amr/amrROS2_ws/build/navigation
[1.731s] Invoked command in '/home/smr/workspaces/mini_amr/amrROS2_ws/build/navigation' returned '0': CMAKE_PREFIX_PATH=${CMAKE_PREFIX_PATH}:/home/smr/workspaces/mini_amr/amrROS2_ws/install/python_pkg:/home/smr/workspaces/mini_amr/amrROS2_ws/install/action_autodock:/opt/ros/jazzy DEBUGINFOD_URLS=https://debuginfod.ubuntu.com /usr/bin/cmake --build /home/smr/workspaces/mini_amr/amrROS2_ws/build/navigation -- -j8 -l8
[1.765s] Invoking command in '/home/smr/workspaces/mini_amr/amrROS2_ws/build/navigation': CMAKE_PREFIX_PATH=${CMAKE_PREFIX_PATH}:/home/smr/workspaces/mini_amr/amrROS2_ws/install/python_pkg:/home/smr/workspaces/mini_amr/amrROS2_ws/install/action_autodock:/opt/ros/jazzy DEBUGINFOD_URLS=https://debuginfod.ubuntu.com /usr/bin/cmake --install /home/smr/workspaces/mini_amr/amrROS2_ws/build/navigation
[1.798s] -- Install configuration: ""
[1.800s] -- Up-to-date: /home/smr/workspaces/mini_amr/amrROS2_ws/install/navigation/share/navigation/launch
[1.800s] -- Up-to-date: /home/smr/workspaces/mini_amr/amrROS2_ws/install/navigation/share/navigation/launch/rviz_nav.launch.py
[1.800s] -- Up-to-date: /home/smr/workspaces/mini_amr/amrROS2_ws/install/navigation/share/navigation/launch/amcl_localization_launch.py
[1.801s] -- Up-to-date: /home/smr/workspaces/mini_amr/amrROS2_ws/install/navigation/share/navigation/launch/rviz_launch.py
[1.801s] -- Up-to-date: /home/smr/workspaces/mini_amr/amrROS2_ws/install/navigation/share/navigation/launch/slam_localization_launch.py
[1.802s] -- Up-to-date: /home/smr/workspaces/mini_amr/amrROS2_ws/install/navigation/share/navigation/launch/collision_monitor_node.launch.py
[1.803s] -- Up-to-date: /home/smr/workspaces/mini_amr/amrROS2_ws/install/navigation/share/navigation/launch/slam_toolbox_launch.py
[1.805s] -- Up-to-date: /home/smr/workspaces/mini_amr/amrROS2_ws/install/navigation/share/navigation/launch/navigation.launch.py
[1.805s] -- Up-to-date: /home/smr/workspaces/mini_amr/amrROS2_ws/install/navigation/share/navigation/launch/slam.launch.py
[1.805s] -- Up-to-date: /home/smr/workspaces/mini_amr/amrROS2_ws/install/navigation/share/navigation/launch/navigation_launch.py
[1.806s] -- Up-to-date: /home/smr/workspaces/mini_amr/amrROS2_ws/install/navigation/share/navigation/config
[1.806s] -- Installing: /home/smr/workspaces/mini_amr/amrROS2_ws/install/navigation/share/navigation/config/nav2_params.yaml
[1.812s] -- Up-to-date: /home/smr/workspaces/mini_amr/amrROS2_ws/install/navigation/share/navigation/config/navigation.yaml
[1.812s] -- Up-to-date: /home/smr/workspaces/mini_amr/amrROS2_ws/install/navigation/share/navigation/config/mapper_params_online_async.yaml
[1.812s] -- Up-to-date: /home/smr/workspaces/mini_amr/amrROS2_ws/install/navigation/share/navigation/config/collision_monitor_params.yaml
[1.812s] -- Up-to-date: /home/smr/workspaces/mini_amr/amrROS2_ws/install/navigation/share/navigation/config/slam_localization.yaml
[1.812s] -- Up-to-date: /home/smr/workspaces/mini_amr/amrROS2_ws/install/navigation/share/navigation/rviz
[1.812s] -- Up-to-date: /home/smr/workspaces/mini_amr/amrROS2_ws/install/navigation/share/navigation/rviz/navigation.rviz
[1.812s] -- Up-to-date: /home/smr/workspaces/mini_amr/amrROS2_ws/install/navigation/share/navigation/rviz/rviz_nav_namespace.rviz
[1.813s] -- Up-to-date: /home/smr/workspaces/mini_amr/amrROS2_ws/install/navigation/share/navigation/rviz/nav2_namespaced_view.rviz
[1.813s] -- Up-to-date: /home/smr/workspaces/mini_amr/amrROS2_ws/install/navigation/share/navigation/rviz/nav2_default_view.rviz
[1.813s] -- Up-to-date: /home/smr/workspaces/mini_amr/amrROS2_ws/install/navigation/share/navigation/rviz/slam.rviz
[1.813s] -- Up-to-date: /home/smr/workspaces/mini_amr/amrROS2_ws/install/navigation/share/navigation/rviz/rviz_nav.rviz
[1.813s] -- Up-to-date: /home/smr/workspaces/mini_amr/amrROS2_ws/install/navigation/share/navigation/rviz/mapping_old.rviz
[1.813s] -- Up-to-date: /home/smr/workspaces/mini_amr/amrROS2_ws/install/navigation/share/navigation/rviz/rviz_map.rviz
[1.813s] -- Up-to-date: /home/smr/workspaces/mini_amr/amrROS2_ws/install/navigation/share/navigation/maps
[1.813s] -- Up-to-date: /home/smr/workspaces/mini_amr/amrROS2_ws/install/navigation/share/navigation/maps/Turtlebot_Arena_map.yaml
[1.813s] -- Up-to-date: /home/smr/workspaces/mini_amr/amrROS2_ws/install/navigation/share/navigation/maps/Turtlebot_Arena_map.pgm
[1.813s] -- Up-to-date: /home/smr/workspaces/mini_amr/amrROS2_ws/install/navigation/share/ament_index/resource_index/package_run_dependencies/navigation
[1.814s] -- Installing: /home/smr/workspaces/mini_amr/amrROS2_ws/install/navigation/share/ament_index/resource_index/parent_prefix_path/navigation
[1.814s] -- Installing: /home/smr/workspaces/mini_amr/amrROS2_ws/install/navigation/share/navigation/environment/ament_prefix_path.sh
[1.818s] -- Up-to-date: /home/smr/workspaces/mini_amr/amrROS2_ws/install/navigation/share/navigation/environment/ament_prefix_path.dsv
[1.818s] -- Installing: /home/smr/workspaces/mini_amr/amrROS2_ws/install/navigation/share/navigation/environment/path.sh
[1.819s] -- Up-to-date: /home/smr/workspaces/mini_amr/amrROS2_ws/install/navigation/share/navigation/environment/path.dsv
[1.819s] -- Up-to-date: /home/smr/workspaces/mini_amr/amrROS2_ws/install/navigation/share/navigation/local_setup.bash
[1.819s] -- Up-to-date: /home/smr/workspaces/mini_amr/amrROS2_ws/install/navigation/share/navigation/local_setup.sh
[1.819s] -- Up-to-date: /home/smr/workspaces/mini_amr/amrROS2_ws/install/navigation/share/navigation/local_setup.zsh
[1.819s] -- Up-to-date: /home/smr/workspaces/mini_amr/amrROS2_ws/install/navigation/share/navigation/local_setup.dsv
[1.820s] -- Installing: /home/smr/workspaces/mini_amr/amrROS2_ws/install/navigation/share/navigation/package.dsv
[1.821s] -- Up-to-date: /home/smr/workspaces/mini_amr/amrROS2_ws/install/navigation/share/ament_index/resource_index/packages/navigation
[1.821s] -- Up-to-date: /home/smr/workspaces/mini_amr/amrROS2_ws/install/navigation/share/navigation/cmake/navigationConfig.cmake
[1.821s] -- Up-to-date: /home/smr/workspaces/mini_amr/amrROS2_ws/install/navigation/share/navigation/cmake/navigationConfig-version.cmake
[1.821s] -- Up-to-date: /home/smr/workspaces/mini_amr/amrROS2_ws/install/navigation/share/navigation/package.xml
[1.839s] Invoked command in '/home/smr/workspaces/mini_amr/amrROS2_ws/build/navigation' returned '0': CMAKE_PREFIX_PATH=${CMAKE_PREFIX_PATH}:/home/smr/workspaces/mini_amr/amrROS2_ws/install/python_pkg:/home/smr/workspaces/mini_amr/amrROS2_ws/install/action_autodock:/opt/ros/jazzy DEBUGINFOD_URLS=https://debuginfod.ubuntu.com /usr/bin/cmake --install /home/smr/workspaces/mini_amr/amrROS2_ws/build/navigation
