running egg_info
writing ../../../build/action_autodock/action_autodock.egg-info/PKG-INFO
writing dependency_links to ../../../build/action_autodock/action_autodock.egg-info/dependency_links.txt
writing entry points to ../../../build/action_autodock/action_autodock.egg-info/entry_points.txt
writing requirements to ../../../build/action_autodock/action_autodock.egg-info/requires.txt
writing top-level names to ../../../build/action_autodock/action_autodock.egg-info/top_level.txt
reading manifest file '../../../build/action_autodock/action_autodock.egg-info/SOURCES.txt'
adding license file 'LICENSE'
writing manifest file '../../../build/action_autodock/action_autodock.egg-info/SOURCES.txt'
running build
running build_py
running install
running install_lib
running install_data
running install_egg_info
removing '/home/smr/workspaces/mini_amr/amrROS2_ws/install/action_autodock/lib/python3.12/site-packages/action_autodock-0.0.0-py3.12.egg-info' (and everything under it)
Copying ../../../build/action_autodock/action_autodock.egg-info to /home/smr/workspaces/mini_amr/amrROS2_ws/install/action_autodock/lib/python3.12/site-packages/action_autodock-0.0.0-py3.12.egg-info
running install_scripts
Installing autodock_action_server script to /home/smr/workspaces/mini_amr/amrROS2_ws/install/action_autodock/lib/action_autodock
writing list of installed files to '/home/smr/workspaces/mini_amr/amrROS2_ws/build/action_autodock/install.log'
