[0.438s] Invoking command in '/home/smr/workspaces/mini_amr/amrROS2_ws/build/navigation': CMAKE_PREFIX_PATH=${CMAKE_PREFIX_PATH}:/home/smr/workspaces/mini_amr/amrROS2_ws/install/python_pkg:/home/smr/workspaces/mini_amr/amrROS2_ws/install/action_autodock:/opt/ros/jazzy DEBUGINFOD_URLS=https://debuginfod.ubuntu.com /usr/bin/cmake --build /home/smr/workspaces/mini_amr/amrROS2_ws/build/navigation -- -j8 -l8
[0.867s] Invoked command in '/home/smr/workspaces/mini_amr/amrROS2_ws/build/navigation' returned '0': CMAKE_PREFIX_PATH=${CMAKE_PREFIX_PATH}:/home/smr/workspaces/mini_amr/amrROS2_ws/install/python_pkg:/home/smr/workspaces/mini_amr/amrROS2_ws/install/action_autodock:/opt/ros/jazzy DEBUGINFOD_URLS=https://debuginfod.ubuntu.com /usr/bin/cmake --build /home/smr/workspaces/mini_amr/amrROS2_ws/build/navigation -- -j8 -l8
[0.869s] Invoking command in '/home/smr/workspaces/mini_amr/amrROS2_ws/build/navigation': CMAKE_PREFIX_PATH=${CMAKE_PREFIX_PATH}:/home/smr/workspaces/mini_amr/amrROS2_ws/install/python_pkg:/home/smr/workspaces/mini_amr/amrROS2_ws/install/action_autodock:/opt/ros/jazzy DEBUGINFOD_URLS=https://debuginfod.ubuntu.com /usr/bin/cmake --install /home/smr/workspaces/mini_amr/amrROS2_ws/build/navigation
[0.914s] -- Install configuration: ""
[0.914s] -- Up-to-date: /home/smr/workspaces/mini_amr/amrROS2_ws/install/navigation/share/navigation/launch
[0.914s] -- Up-to-date: /home/smr/workspaces/mini_amr/amrROS2_ws/install/navigation/share/navigation/launch/rviz_nav.launch.py
[0.914s] -- Up-to-date: /home/smr/workspaces/mini_amr/amrROS2_ws/install/navigation/share/navigation/launch/amcl_localization_launch.py
[0.914s] -- Up-to-date: /home/smr/workspaces/mini_amr/amrROS2_ws/install/navigation/share/navigation/launch/rviz_launch.py
[0.915s] -- Up-to-date: /home/smr/workspaces/mini_amr/amrROS2_ws/install/navigation/share/navigation/launch/slam_localization_launch.py
[0.915s] -- Up-to-date: /home/smr/workspaces/mini_amr/amrROS2_ws/install/navigation/share/navigation/launch/collision_monitor_node.launch.py
[0.915s] -- Up-to-date: /home/smr/workspaces/mini_amr/amrROS2_ws/install/navigation/share/navigation/launch/slam_toolbox_launch.py
[0.915s] -- Up-to-date: /home/smr/workspaces/mini_amr/amrROS2_ws/install/navigation/share/navigation/launch/navigation.launch.py
[0.915s] -- Up-to-date: /home/smr/workspaces/mini_amr/amrROS2_ws/install/navigation/share/navigation/launch/slam.launch.py
[0.916s] -- Up-to-date: /home/smr/workspaces/mini_amr/amrROS2_ws/install/navigation/share/navigation/launch/navigation_launch.py
[0.916s] -- Up-to-date: /home/smr/workspaces/mini_amr/amrROS2_ws/install/navigation/share/navigation/config
[0.916s] -- Up-to-date: /home/smr/workspaces/mini_amr/amrROS2_ws/install/navigation/share/navigation/config/nav2_params.yaml
[0.917s] -- Up-to-date: /home/smr/workspaces/mini_amr/amrROS2_ws/install/navigation/share/navigation/config/navigation.yaml
[0.917s] -- Up-to-date: /home/smr/workspaces/mini_amr/amrROS2_ws/install/navigation/share/navigation/config/mapper_params_online_async.yaml
[0.917s] -- Up-to-date: /home/smr/workspaces/mini_amr/amrROS2_ws/install/navigation/share/navigation/config/collision_monitor_params.yaml
[0.917s] -- Up-to-date: /home/smr/workspaces/mini_amr/amrROS2_ws/install/navigation/share/navigation/config/slam_localization.yaml
[0.917s] -- Up-to-date: /home/smr/workspaces/mini_amr/amrROS2_ws/install/navigation/share/navigation/rviz
[0.918s] -- Up-to-date: /home/smr/workspaces/mini_amr/amrROS2_ws/install/navigation/share/navigation/rviz/navigation.rviz
[0.918s] -- Up-to-date: /home/smr/workspaces/mini_amr/amrROS2_ws/install/navigation/share/navigation/rviz/rviz_nav_namespace.rviz
[0.918s] -- Up-to-date: /home/smr/workspaces/mini_amr/amrROS2_ws/install/navigation/share/navigation/rviz/nav2_namespaced_view.rviz
[0.918s] -- Up-to-date: /home/smr/workspaces/mini_amr/amrROS2_ws/install/navigation/share/navigation/rviz/nav2_default_view.rviz
[0.918s] -- Up-to-date: /home/smr/workspaces/mini_amr/amrROS2_ws/install/navigation/share/navigation/rviz/mapping.rviz
[0.918s] -- Up-to-date: /home/smr/workspaces/mini_amr/amrROS2_ws/install/navigation/share/navigation/rviz/slam.rviz
[0.918s] -- Up-to-date: /home/smr/workspaces/mini_amr/amrROS2_ws/install/navigation/share/navigation/rviz/rviz_nav.rviz
[0.918s] -- Up-to-date: /home/smr/workspaces/mini_amr/amrROS2_ws/install/navigation/share/navigation/maps
[0.918s] -- Up-to-date: /home/smr/workspaces/mini_amr/amrROS2_ws/install/navigation/share/navigation/maps/Turtlebot_Arena_map.yaml
[0.918s] -- Up-to-date: /home/smr/workspaces/mini_amr/amrROS2_ws/install/navigation/share/navigation/maps/Turtlebot_Arena_map.pgm
[0.919s] -- Up-to-date: /home/smr/workspaces/mini_amr/amrROS2_ws/install/navigation/share/ament_index/resource_index/package_run_dependencies/navigation
[0.919s] -- Up-to-date: /home/smr/workspaces/mini_amr/amrROS2_ws/install/navigation/share/ament_index/resource_index/parent_prefix_path/navigation
[0.919s] -- Up-to-date: /home/smr/workspaces/mini_amr/amrROS2_ws/install/navigation/share/navigation/environment/ament_prefix_path.sh
[0.919s] -- Up-to-date: /home/smr/workspaces/mini_amr/amrROS2_ws/install/navigation/share/navigation/environment/ament_prefix_path.dsv
[0.919s] -- Up-to-date: /home/smr/workspaces/mini_amr/amrROS2_ws/install/navigation/share/navigation/environment/path.sh
[0.919s] -- Up-to-date: /home/smr/workspaces/mini_amr/amrROS2_ws/install/navigation/share/navigation/environment/path.dsv
[0.919s] -- Up-to-date: /home/smr/workspaces/mini_amr/amrROS2_ws/install/navigation/share/navigation/local_setup.bash
[0.919s] -- Up-to-date: /home/smr/workspaces/mini_amr/amrROS2_ws/install/navigation/share/navigation/local_setup.sh
[0.919s] -- Up-to-date: /home/smr/workspaces/mini_amr/amrROS2_ws/install/navigation/share/navigation/local_setup.zsh
[0.919s] -- Up-to-date: /home/smr/workspaces/mini_amr/amrROS2_ws/install/navigation/share/navigation/local_setup.dsv
[0.920s] -- Installing: /home/smr/workspaces/mini_amr/amrROS2_ws/install/navigation/share/navigation/package.dsv
[0.920s] -- Up-to-date: /home/smr/workspaces/mini_amr/amrROS2_ws/install/navigation/share/ament_index/resource_index/packages/navigation
[0.920s] -- Up-to-date: /home/smr/workspaces/mini_amr/amrROS2_ws/install/navigation/share/navigation/cmake/navigationConfig.cmake
[0.920s] -- Up-to-date: /home/smr/workspaces/mini_amr/amrROS2_ws/install/navigation/share/navigation/cmake/navigationConfig-version.cmake
[0.921s] -- Up-to-date: /home/smr/workspaces/mini_amr/amrROS2_ws/install/navigation/share/navigation/package.xml
[0.994s] Invoked command in '/home/smr/workspaces/mini_amr/amrROS2_ws/build/navigation' returned '0': CMAKE_PREFIX_PATH=${CMAKE_PREFIX_PATH}:/home/smr/workspaces/mini_amr/amrROS2_ws/install/python_pkg:/home/smr/workspaces/mini_amr/amrROS2_ws/install/action_autodock:/opt/ros/jazzy DEBUGINFOD_URLS=https://debuginfod.ubuntu.com /usr/bin/cmake --install /home/smr/workspaces/mini_amr/amrROS2_ws/build/navigation
