[3.742s] Invoking command in '/home/smr/workspaces/mini_amr/amrROS2_ws/src/python_pkg': DEBUGINFOD_URLS=https://debuginfod.ubuntu.com PYTHONPATH=/home/smr/workspaces/mini_amr/amrROS2_ws/build/python_pkg/prefix_override:/usr/lib/python3/dist-packages/colcon_core/task/python/colcon_distutils_commands:/home/smr/workspaces/mini_amr/amrROS2_ws/install/python_pkg/lib/python3.12/site-packages:${PYTHONPATH} /usr/bin/python3 -W ignore:setup.py install is deprecated -W ignore:easy_install command is deprecated setup.py egg_info --egg-base ../../build/python_pkg build --build-base /home/smr/workspaces/mini_amr/amrROS2_ws/build/python_pkg/build install --record /home/smr/workspaces/mini_amr/amrROS2_ws/build/python_pkg/install.log --single-version-externally-managed install_data
[4.900s] running egg_info
[4.934s] writing ../../build/python_pkg/python_pkg.egg-info/PKG-INFO
[4.950s] writing dependency_links to ../../build/python_pkg/python_pkg.egg-info/dependency_links.txt
[4.971s] writing entry points to ../../build/python_pkg/python_pkg.egg-info/entry_points.txt
[4.971s] writing requirements to ../../build/python_pkg/python_pkg.egg-info/requires.txt
[4.972s] writing top-level names to ../../build/python_pkg/python_pkg.egg-info/top_level.txt
[5.053s] reading manifest file '../../build/python_pkg/python_pkg.egg-info/SOURCES.txt'
[5.059s] adding license file 'LICENSE'
[5.063s] writing manifest file '../../build/python_pkg/python_pkg.egg-info/SOURCES.txt'
[5.063s] running build
[5.064s] running build_py
[5.101s] running install
[5.137s] running install_lib
[5.195s] running install_data
[5.204s] running install_egg_info
[5.410s] removing '/home/smr/workspaces/mini_amr/amrROS2_ws/install/python_pkg/lib/python3.12/site-packages/python_pkg-0.0.0-py3.12.egg-info' (and everything under it)
[5.417s] Copying ../../build/python_pkg/python_pkg.egg-info to /home/smr/workspaces/mini_amr/amrROS2_ws/install/python_pkg/lib/python3.12/site-packages/python_pkg-0.0.0-py3.12.egg-info
[5.426s] running install_scripts
[5.781s] Installing cmd_vel_pub script to /home/smr/workspaces/mini_amr/amrROS2_ws/install/python_pkg/lib/python_pkg
[5.787s] Installing ip_publisher script to /home/smr/workspaces/mini_amr/amrROS2_ws/install/python_pkg/lib/python_pkg
[5.788s] writing list of installed files to '/home/smr/workspaces/mini_amr/amrROS2_ws/build/python_pkg/install.log'
[5.908s] Invoked command in '/home/smr/workspaces/mini_amr/amrROS2_ws/src/python_pkg' returned '0': DEBUGINFOD_URLS=https://debuginfod.ubuntu.com PYTHONPATH=/home/smr/workspaces/mini_amr/amrROS2_ws/build/python_pkg/prefix_override:/usr/lib/python3/dist-packages/colcon_core/task/python/colcon_distutils_commands:/home/smr/workspaces/mini_amr/amrROS2_ws/install/python_pkg/lib/python3.12/site-packages:${PYTHONPATH} /usr/bin/python3 -W ignore:setup.py install is deprecated -W ignore:easy_install command is deprecated setup.py egg_info --egg-base ../../build/python_pkg build --build-base /home/smr/workspaces/mini_amr/amrROS2_ws/build/python_pkg/build install --record /home/smr/workspaces/mini_amr/amrROS2_ws/build/python_pkg/install.log --single-version-externally-managed install_data
