[INFO] [launch]: All log files can be found below /home/smr/.ros/log/2026-04-07-15-57-09-966900-one-23254
[INFO] [launch]: Default logging verbosity is set to INFO
[INFO] [localization_monitor-1]: process started with pid [23276]
[INFO] [robot_state_publisher-2]: process started with pid [23277]
[INFO] [joint_state_publisher-3]: process started with pid [23278]
[INFO] [sllidar_node-4]: process started with pid [23279]
[INFO] [scan_to_scan_filter_chain-5]: process started with pid [23280]
[INFO] [ekf_node-6]: process started with pid [23281]
[INFO] [robot_hardware-7]: process started with pid [23282]
[INFO] [localization_slam_toolbox_node-8]: process started with pid [23283]
[INFO] [map_server-9]: process started with pid [23284]
[INFO] [costmap_filter_info_server-10]: process started with pid [23286]
[INFO] [controller_server-11]: process started with pid [23291]
[INFO] [smoother_server-12]: process started with pid [23294]
[INFO] [planner_server-13]: process started with pid [23297]
[INFO] [behavior_server-14]: process started with pid [23307]
[INFO] [bt_navigator-15]: process started with pid [23308]
[INFO] [waypoint_follower-16]: process started with pid [23309]
[INFO] [velocity_smoother-17]: process started with pid [23312]
[INFO] [collision_monitor-18]: process started with pid [23315]
[INFO] [collision_detector-19]: process started with pid [23323]
[INFO] [lifecycle_manager-20]: process started with pid [23331]
[INFO] [localization_monitor-21]: process started with pid [23355]
[robot_state_publisher-2] [INFO] [1775552231.137198642] [robot_state_publisher]: Robot initialized
[sllidar_node-4] [INFO] [1775552231.060507454] [sllidar_node]: SLLidar running on ROS2 package SLLidar.ROS2 SDK Version:1.0.1, SLLIDAR SDK Version:2.1.0
[sllidar_node-4] [INFO] [1775552231.099905922] [sllidar_node]: SLLidar S/N: 6E42ED93C5E19FD9B5E192F9EE904B72
[sllidar_node-4] [INFO] [1775552231.100008876] [sllidar_node]: Firmware Ver: 1.00
[sllidar_node-4] [INFO] [1775552231.100043874] [sllidar_node]: Hardware Rev: 18
[sllidar_node-4] [INFO] [1775552231.105166789] [sllidar_node]: SLLidar health status : 0
[sllidar_node-4] [INFO] [1775552231.105440945] [sllidar_node]: SLLidar health status : OK.
[robot_hardware-7] Serial port opened at port /dev/teensy with baudrate 460800
[robot_hardware-7] Created receive data thread
[localization_slam_toolbox_node-8] [INFO] [1775552231.247992139] [slam_toolbox]: Node using stack size 40000000
[controller_server-11] [INFO] [1775552231.271994446] [controller_server]: 
[controller_server-11] 	controller_server lifecycle node launched. 
[controller_server-11] 	Waiting on external lifecycle transitions to activate
[controller_server-11] 	See https://design.ros2.org/articles/node_lifecycle.html for more information.
[controller_server-11] [INFO] [1775552231.396668082] [controller_server]: Creating controller server
[sllidar_node-4] [INFO] [1775552231.400456968] [sllidar_node]: current scan mode: Standard, sample rate: 11 Khz, max_distance: 30.0 m, scan frequency:10.0 Hz, 
[localization_slam_toolbox_node-8] [INFO] [1775552231.419555976] [slam_toolbox]: Configuring
[localization_slam_toolbox_node-8] [INFO] [1775552231.440990263] [slam_toolbox]: Using solver plugin solver_plugins::CeresSolver
[localization_slam_toolbox_node-8] [INFO] [1775552231.443498494] [slam_toolbox]: CeresSolver: Using SCHUR_JACOBI preconditioner.
[bt_navigator-15] [INFO] [1775552231.447434374] [bt_navigator]: 
[bt_navigator-15] 	bt_navigator lifecycle node launched. 
[bt_navigator-15] 	Waiting on external lifecycle transitions to activate
[bt_navigator-15] 	See https://design.ros2.org/articles/node_lifecycle.html for more information.
[bt_navigator-15] [INFO] [1775552231.531716458] [bt_navigator]: Creating
[controller_server-11] [INFO] [1775552231.594775997] [local_costmap.local_costmap]: 
[controller_server-11] 	local_costmap lifecycle node launched. 
[controller_server-11] 	Waiting on external lifecycle transitions to activate
[controller_server-11] 	See https://design.ros2.org/articles/node_lifecycle.html for more information.
[controller_server-11] [INFO] [1775552231.610468770] [local_costmap.local_costmap]: Creating Costmap
[costmap_filter_info_server-10] [INFO] [1775552231.703942352] [costmap_filter_info_server]: This is costmap filter info publisher
[velocity_smoother-17] [INFO] [1775552231.746722264] [velocity_smoother]: 
[velocity_smoother-17] 	velocity_smoother lifecycle node launched. 
[velocity_smoother-17] 	Waiting on external lifecycle transitions to activate
[velocity_smoother-17] 	See https://design.ros2.org/articles/node_lifecycle.html for more information.
[costmap_filter_info_server-10] [INFO] [1775552231.881965466] [keepout_costmap_filter_info_server]: 
[costmap_filter_info_server-10] 	keepout_costmap_filter_info_server lifecycle node launched. 
[costmap_filter_info_server-10] 	Waiting on external lifecycle transitions to activate
[costmap_filter_info_server-10] 	See https://design.ros2.org/articles/node_lifecycle.html for more information.
[lifecycle_manager-20] [INFO] [1775552231.935862380] [lifecycle_manager_navigation]: Creating
[lifecycle_manager-20] [INFO] [1775552231.965867816] [lifecycle_manager_navigation]: [34m[1mCreating and initializing lifecycle service clients[0m[0m
[collision_detector-19] [INFO] [1775552231.977961570] [collision_detector]: 
[collision_detector-19] 	collision_detector lifecycle node launched. 
[collision_detector-19] 	Waiting on external lifecycle transitions to activate
[collision_detector-19] 	See https://design.ros2.org/articles/node_lifecycle.html for more information.
[localization_slam_toolbox_node-8] Load From File /home/smr/workspaces/mini_amr/amrROS2_ws/maps/latest_map.posegraph 
[localization_slam_toolbox_node-8] Mapper <- Module
[localization_slam_toolbox_node-8] Mapper <- m_pSequentialScanMatcher
[localization_slam_toolbox_node-8] Mapper <- m_pGraph
[localization_slam_toolbox_node-8] MapperGraph <- Graph; Graph <- m_Edges; Graph <- m_Vertices
[localization_slam_toolbox_node-8] MapperGraph <- m_pMapper; MapperGraph <- m_pLoopScanMatcher; MapperGraph <- m_pTraversal
[localization_slam_toolbox_node-8] Mapper <- m_pMapperSensorManager
[localization_slam_toolbox_node-8] MapperSensorManager <- m_ScanManagers; MapperSensorManager <- m_Scans
[localization_slam_toolbox_node-8] Mapper <- m_Listeners
[localization_slam_toolbox_node-8] **Finished serializing Mapper**
[localization_slam_toolbox_node-8] Load From File
[localization_slam_toolbox_node-8] **Serializing Dataset**
[localization_slam_toolbox_node-8] Dataset <- m_SensorNameLookup
[localization_slam_toolbox_node-8] Dataset <- m_Data
[localization_slam_toolbox_node-8] Dataset <- m_Lasers
[localization_slam_toolbox_node-8] Dataset <- m_pDatasetInfo
[localization_slam_toolbox_node-8] **Finished serializing Dataset**
[localization_slam_toolbox_node-8] Registering sensor: [Custom Described Lidar]
[localization_slam_toolbox_node-8] WARNING: Logging before InitGoogleLogging() is written to STDERR
[localization_slam_toolbox_node-8] W20260407 15:57:12.217806 23283 preprocessor.cc:67] Specified options.num_threads: 50 exceeds maximum available from the threading model Ceres was compiled with: 8.  Bounding to maximum number available.
[INFO] [launch.user]: [LifecycleLaunch] Slamtoolbox node is activating.
[localization_slam_toolbox_node-8] [INFO] [1775552232.254367398] [slam_toolbox]: Activating
[collision_monitor-18] [INFO] [1775552232.298986193] [collision_monitor]: 
[collision_monitor-18] 	collision_monitor lifecycle node launched. 
[collision_monitor-18] 	Waiting on external lifecycle transitions to activate
[collision_monitor-18] 	See https://design.ros2.org/articles/node_lifecycle.html for more information.
[smoother_server-12] [INFO] [1775552232.346971266] [smoother_server]: 
[smoother_server-12] 	smoother_server lifecycle node launched. 
[smoother_server-12] 	Waiting on external lifecycle transitions to activate
[smoother_server-12] 	See https://design.ros2.org/articles/node_lifecycle.html for more information.
[behavior_server-14] [INFO] [1775552232.374098653] [behavior_server]: 
[behavior_server-14] 	behavior_server lifecycle node launched. 
[behavior_server-14] 	Waiting on external lifecycle transitions to activate
[behavior_server-14] 	See https://design.ros2.org/articles/node_lifecycle.html for more information.
[smoother_server-12] [INFO] [1775552232.384175032] [smoother_server]: Creating smoother server
[waypoint_follower-16] [INFO] [1775552232.399457738] [waypoint_follower]: 
[waypoint_follower-16] 	waypoint_follower lifecycle node launched. 
[waypoint_follower-16] 	Waiting on external lifecycle transitions to activate
[waypoint_follower-16] 	See https://design.ros2.org/articles/node_lifecycle.html for more information.
[waypoint_follower-16] [INFO] [1775552232.413349252] [waypoint_follower]: Creating
[map_server-9] [INFO] [1775552232.423077686] [keepout_filter_mask_server]: 
[map_server-9] 	keepout_filter_mask_server lifecycle node launched. 
[map_server-9] 	Waiting on external lifecycle transitions to activate
[map_server-9] 	See https://design.ros2.org/articles/node_lifecycle.html for more information.
[map_server-9] [INFO] [1775552232.423438754] [keepout_filter_mask_server]: Creating
[scan_to_scan_filter_chain-5] [WARN] [1775552232.536691775] [scan_to_scan_filter_chain]: diagnostic_updater: No HW_ID was set. This is probably a bug. Please report it. For devices that do not have a HW_ID, set this value to 'none'. This warning only occurs once all diagnostics are OK. It is okay to wait until the device is open before calling setHardwareID.
[planner_server-13] [INFO] [1775552232.912187289] [planner_server]: 
[planner_server-13] 	planner_server lifecycle node launched. 
[planner_server-13] 	Waiting on external lifecycle transitions to activate
[planner_server-13] 	See https://design.ros2.org/articles/node_lifecycle.html for more information.
[planner_server-13] [INFO] [1775552232.961373980] [planner_server]: Creating
[planner_server-13] [INFO] [1775552233.108664271] [global_costmap.global_costmap]: 
[planner_server-13] 	global_costmap lifecycle node launched. 
[planner_server-13] 	Waiting on external lifecycle transitions to activate
[planner_server-13] 	See https://design.ros2.org/articles/node_lifecycle.html for more information.
[planner_server-13] [INFO] [1775552233.150167318] [global_costmap.global_costmap]: Creating Costmap
[lifecycle_manager-20] [INFO] [1775552233.151739629] [lifecycle_manager_navigation]: [34m[1mStarting managed nodes bringup...[0m[0m
[lifecycle_manager-20] [INFO] [1775552233.151986077] [lifecycle_manager_navigation]: [34m[1mConfiguring controller_server[0m[0m
[controller_server-11] [INFO] [1775552233.154225985] [controller_server]: Configuring controller interface
[controller_server-11] [INFO] [1775552233.154325440] [controller_server]: getting progress checker plugins..
[controller_server-11] [INFO] [1775552233.154604553] [controller_server]: getting goal checker plugins..
[controller_server-11] [INFO] [1775552233.158087785] [controller_server]: Controller frequency set to 10.0000Hz
[controller_server-11] [INFO] [1775552233.158207655] [local_costmap.local_costmap]: Configuring
[controller_server-11] [INFO] [1775552233.263105936] [local_costmap.local_costmap]: Using plugin "obstacle_layer"
[controller_server-11] [INFO] [1775552233.328406549] [local_costmap.local_costmap]: Subscribed to Topics: scan
[controller_server-11] [INFO] [1775552233.371768895] [local_costmap.local_costmap]: Initialized plugin "obstacle_layer"
[controller_server-11] [INFO] [1775552233.372056175] [local_costmap.local_costmap]: Using plugin "denoise_layer"
[controller_server-11] [INFO] [1775552233.390269719] [local_costmap.local_costmap]: Initialized plugin "denoise_layer"
[controller_server-11] [INFO] [1775552233.390443837] [local_costmap.local_costmap]: Using plugin "inflation_layer"
[controller_server-11] [INFO] [1775552233.413741215] [local_costmap.local_costmap]: Initialized plugin "inflation_layer"
[controller_server-11] [INFO] [1775552233.413832794] [local_costmap.local_costmap]: Using costmap filter "keepout_filter"
[controller_server-11] [INFO] [1775552233.429548316] [local_costmap.local_costmap]: Initialized costmap filter "keepout_filter"
[controller_server-11] [INFO] [1775552233.430873012] [local_costmap.local_costmap]: Using costmap filter "inflation_layer2"
[controller_server-11] [INFO] [1775552233.442025305] [local_costmap.local_costmap]: Initialized costmap filter "inflation_layer2"
[localization_slam_toolbox_node-8] Registering sensor: [Custom Described Lidar]
[controller_server-11] [INFO] [1775552233.563033132] [controller_server]: Created progress_checker : progress_checker of type nav2_controller::SimpleProgressChecker
[controller_server-11] [INFO] [1775552233.571199172] [controller_server]: Controller Server has progress_checker  progress checkers available.
[controller_server-11] [INFO] [1775552233.573319794] [controller_server]: Created goal checker : goal_checker of type nav2_controller::SimpleGoalChecker
[controller_server-11] [INFO] [1775552233.583135433] [controller_server]: Controller Server has goal_checker  goal checkers available.
[controller_server-11] [INFO] [1775552233.590447508] [controller_server]: Created controller : FollowPath of type nav2_mppi_controller::MPPIController
[controller_server-11] [INFO] [1775552233.646249219] [controller_server]: Controller period is equal to model dt. Control sequence shifting is ON
[controller_server-11] [INFO] [1775552233.654624667] [controller_server]: ConstraintCritic instantiated with 1 power and 4.000000 weight.
[controller_server-11] [INFO] [1775552233.654771369] [controller_server]: Critic loaded : mppi::critics::ConstraintCritic
[controller_server-11] [INFO] [1775552233.661225979] [controller_server]: InflationCostCritic instantiated with 1 power and 300.000000 / 0.015000 weights. Critic will collision check based on footprint cost.
[controller_server-11] [INFO] [1775552233.663350101] [controller_server]: Critic loaded : mppi::critics::CostCritic
[controller_server-11] [INFO] [1775552233.664250730] [controller_server]: GoalCritic instantiated with 1 power and 5.000000 weight.
[controller_server-11] [INFO] [1775552233.664309061] [controller_server]: Critic loaded : mppi::critics::GoalCritic
[controller_server-11] [INFO] [1775552233.665180526] [controller_server]: GoalAngleCritic instantiated with 1 power, 3.000000 weight, and 0.500000 angular threshold.
[controller_server-11] [INFO] [1775552233.665248481] [controller_server]: Critic loaded : mppi::critics::GoalAngleCritic
[controller_server-11] [INFO] [1775552233.666684297] [controller_server]: ReferenceTrajectoryCritic instantiated with 1 power and 2.000000 weight
[controller_server-11] [INFO] [1775552233.666771794] [controller_server]: Critic loaded : mppi::critics::PathAlignCritic
[controller_server-11] [INFO] [1775552233.668844292] [controller_server]: Critic loaded : mppi::critics::PathFollowCritic
[controller_server-11] [INFO] [1775552233.670879458] [controller_server]: PathAngleCritic instantiated with 1 power and 1.500000 weight. Mode set to: Forward Preference
[controller_server-11] [INFO] [1775552233.670956455] [controller_server]: Critic loaded : mppi::critics::PathAngleCritic
[controller_server-11] [INFO] [1775552233.675452896] [controller_server]: PreferForwardCritic instantiated with 1 power and 10.000000 weight.
[controller_server-11] [INFO] [1775552233.675538351] [controller_server]: Critic loaded : mppi::critics::PreferForwardCritic
[controller_server-11] [INFO] [1775552233.677765134] [controller_server]: Optimizer reset
[controller_server-11] [INFO] [1775552233.705216550] [MPPIController]: Configured MPPI Controller: FollowPath
[controller_server-11] [INFO] [1775552233.705255632] [controller_server]: Controller Server has FollowPath  controllers available.
[lifecycle_manager-20] [INFO] [1775552233.752152250] [lifecycle_manager_navigation]: [34m[1mConfiguring smoother_server[0m[0m
[smoother_server-12] [INFO] [1775552233.755022132] [smoother_server]: Configuring smoother server
[smoother_server-12] [INFO] [1775552233.898059806] [smoother_server]: Created smoother : simple_smoother of type nav2_smoother::SimpleSmoother
[smoother_server-12] [INFO] [1775552233.925370644] [smoother_server]: Smoother Server has simple_smoother  smoothers available.
[lifecycle_manager-20] [INFO] [1775552233.962250964] [lifecycle_manager_navigation]: [34m[1mConfiguring planner_server[0m[0m
[planner_server-13] [INFO] [1775552233.965104514] [planner_server]: Configuring
[planner_server-13] [INFO] [1775552233.965210093] [global_costmap.global_costmap]: Configuring
[planner_server-13] [INFO] [1775552233.997917418] [global_costmap.global_costmap]: Using plugin "static_layer"
[planner_server-13] [INFO] [1775552234.031430002] [global_costmap.global_costmap]: Subscribing to the map topic (/map) with transient local durability
[planner_server-13] [INFO] [1775552234.036665204] [global_costmap.global_costmap]: Initialized plugin "static_layer"
[planner_server-13] [INFO] [1775552234.036763491] [global_costmap.global_costmap]: Using plugin "obstacle_layer"
[localization_monitor-1] [INFO] [1775552234.078401867] [localization_monitor]: Localization Monitor Started
[planner_server-13] [INFO] [1775552234.083341622] [global_costmap.global_costmap]: Subscribed to Topics: scan
[planner_server-13] [INFO] [1775552234.132138079] [global_costmap.global_costmap]: Initialized plugin "obstacle_layer"
[planner_server-13] [INFO] [1775552234.132238408] [global_costmap.global_costmap]: Using plugin "inflation_layer"
[planner_server-13] [INFO] [1775552234.136374072] [global_costmap.global_costmap]: Initialized plugin "inflation_layer"
[planner_server-13] [INFO] [1775552234.136496275] [global_costmap.global_costmap]: Using costmap filter "keepout_filter"
[planner_server-13] [INFO] [1775552234.147670733] [global_costmap.global_costmap]: Initialized costmap filter "keepout_filter"
[planner_server-13] [INFO] [1775552234.147818019] [global_costmap.global_costmap]: Using costmap filter "inflation_layer2"
[planner_server-13] [INFO] [1775552234.153902811] [global_costmap.global_costmap]: Initialized costmap filter "inflation_layer2"
[localization_monitor-21] [INFO] [1775552234.173013777] [localization_monitor]: Localization Monitor Started
[planner_server-13] [INFO] [1775552234.244466263] [global_costmap.global_costmap]: StaticLayer: Resizing costmap to 287 X 297 at 0.050000 m/pix
[planner_server-13] [INFO] [1775552234.257273987] [planner_server]: Created global planner plugin GridBased of type nav2_smac_planner::SmacPlanner2D
[planner_server-13] [INFO] [1775552234.257392108] [planner_server]: Configuring GridBased of type SmacPlanner2D
[planner_server-13] [ERROR] [1775552234.268063753] [planner_server]: Inflation layer either not found or inflation is not set sufficiently for optimized non-circular collision checking capabilities. It is HIGHLY recommended to set the inflation radius to be at MINIMUM half of the robot's largest cross-section. See github.com/ros-planning/navigation2/tree/main/nav2_smac_planner#potential-fields for full instructions. This will substantially impact run-time performance.
[planner_server-13] [INFO] [1775552234.277632069] [planner_server]: Configured plugin GridBased of type SmacPlanner2D with tolerance 0.12, maximum iterations 1000000, max on approach iterations 1000, and not allowing unknown traversal.
[planner_server-13] [INFO] [1775552234.277729190] [planner_server]: Planner Server has GridBased  planners available.
[lifecycle_manager-20] [INFO] [1775552234.320874837] [lifecycle_manager_navigation]: [34m[1mConfiguring behavior_server[0m[0m
[behavior_server-14] [INFO] [1775552234.322412732] [behavior_server]: Configuring
[behavior_server-14] [INFO] [1775552234.352599285] [behavior_server]: Creating behavior plugin backup of type nav2_behaviors::BackUp
[behavior_server-14] [INFO] [1775552234.355535957] [behavior_server]: Creating behavior plugin wait of type nav2_behaviors::Wait
[behavior_server-14] [INFO] [1775552234.369644753] [behavior_server]: Configuring backup
[behavior_server-14] [INFO] [1775552234.402217917] [behavior_server]: Configuring wait
[lifecycle_manager-20] [INFO] [1775552234.428336762] [lifecycle_manager_navigation]: [34m[1mConfiguring velocity_smoother[0m[0m
[velocity_smoother-17] [INFO] [1775552234.430022526] [velocity_smoother]: Configuring velocity smoother
[lifecycle_manager-20] [INFO] [1775552234.466221833] [lifecycle_manager_navigation]: [34m[1mConfiguring collision_monitor[0m[0m
[collision_monitor-18] [INFO] [1775552234.472598280] [collision_monitor]: Configuring
[collision_monitor-18] [INFO] [1775552234.521678808] [collision_monitor]: [scan]: Creating Scan
[collision_monitor-18] [INFO] [1775552234.550624079] [collision_monitor]: [PolygonStop]: Creating Polygon
[collision_monitor-18] [INFO] [1775552234.577455728] [collision_monitor]: [PolygonSlow]: Creating Polygon
[collision_monitor-18] [INFO] [1775552234.597777353] [collision_monitor]: [FootprintApproach]: Creating Polygon
[collision_monitor-18] [INFO] [1775552234.598254792] [collision_monitor]: [FootprintApproach]: Polygon points are not defined. Using dynamic subscription instead.
[collision_monitor-18] [INFO] [1775552234.617809365] [collision_monitor]: [FootprintApproach]: Making footprint subscriber on /local_costmap/published_footprint topic
[joint_state_publisher-3] [INFO] [1775552234.626281350] [joint_state_publisher]: Waiting for robot_description to be published on the robot_description topic...
[lifecycle_manager-20] [INFO] [1775552234.663070383] [lifecycle_manager_navigation]: [34m[1mConfiguring collision_detector[0m[0m
[collision_detector-19] [INFO] [1775552234.667314834] [collision_detector]: Configuring
[collision_detector-19] [INFO] [1775552234.709236114] [collision_monitor]: [scan]: Creating Scan
[collision_detector-19] [INFO] [1775552234.722256747] [collision_monitor]: [PolygonStop]: Creating Polygon
[collision_detector-19] [INFO] [1775552234.734778067] [collision_monitor]: [PolygonSlow]: Creating Polygon
[lifecycle_manager-20] [INFO] [1775552234.752500173] [lifecycle_manager_navigation]: [34m[1mConfiguring bt_navigator[0m[0m
[bt_navigator-15] [INFO] [1775552234.764031325] [bt_navigator]: Configuring
[bt_navigator-15] [INFO] [1775552234.779033168] [bt_navigator]: Creating navigator id navigate_to_pose of type nav2_bt_navigator::NavigateToPoseNavigator
[bt_navigator-15] [INFO] [1775552234.940435172] [bt_navigator]: Creating navigator id navigate_through_poses of type nav2_bt_navigator::NavigateThroughPosesNavigator
[lifecycle_manager-20] [INFO] [1775552235.045612274] [lifecycle_manager_navigation]: [34m[1mConfiguring waypoint_follower[0m[0m
[waypoint_follower-16] [INFO] [1775552235.046474406] [waypoint_follower]: Configuring
[waypoint_follower-16] [INFO] [1775552235.140547338] [waypoint_follower]: Created waypoint_task_executor : wait_at_waypoint of type nav2_waypoint_follower::WaitAtWaypoint
[lifecycle_manager-20] [INFO] [1775552235.156403729] [lifecycle_manager_navigation]: [34m[1mConfiguring keepout_filter_mask_server[0m[0m
[map_server-9] [INFO] [1775552235.159796257] [keepout_filter_mask_server]: Configuring
[map_server-9] [INFO] [1775552235.160014415] [map_io]: Loading yaml file: /home/smr/workspaces/mini_amr/amrROS2_ws/maps/latest_map_keepout.yaml
[map_server-9] [INFO] [1775552235.160355942] [map_io]: resolution: 0.05
[map_server-9] [INFO] [1775552235.160371400] [map_io]: origin[0]: -7.999
[map_server-9] [INFO] [1775552235.160376358] [map_io]: origin[1]: -4.602
[map_server-9] [INFO] [1775552235.160381316] [map_io]: origin[2]: 0
[map_server-9] [INFO] [1775552235.160386274] [map_io]: free_thresh: 0.196
[map_server-9] [INFO] [1775552235.160390941] [map_io]: occupied_thresh: 0.65
[map_server-9] [INFO] [1775552235.160397066] [map_io]: mode: trinary
[map_server-9] [INFO] [1775552235.160402899] [map_io]: negate: 0
[map_server-9] [INFO] [1775552235.160605307] [map_io]: Loading image_file: /home/smr/workspaces/mini_amr/amrROS2_ws/maps/map_000.pgm
[map_server-9] [INFO] [1775552235.162501646] [map_io]: Read map /home/smr/workspaces/mini_amr/amrROS2_ws/maps/map_000.pgm: 287 X 297 map @ 0.05 m/cell
[lifecycle_manager-20] [INFO] [1775552235.179149296] [lifecycle_manager_navigation]: [34m[1mConfiguring keepout_costmap_filter_info_server[0m[0m
[costmap_filter_info_server-10] [INFO] [1775552235.180644027] [keepout_costmap_filter_info_server]: Configuring
[lifecycle_manager-20] [INFO] [1775552235.204952863] [lifecycle_manager_navigation]: [34m[1mActivating controller_server[0m[0m
[controller_server-11] [INFO] [1775552235.205456842] [controller_server]: Activating
[controller_server-11] [INFO] [1775552235.205543755] [local_costmap.local_costmap]: Activating
[controller_server-11] [INFO] [1775552235.205589254] [local_costmap.local_costmap]: Checking transform
[controller_server-11] [INFO] [1775552235.205790495] [local_costmap.local_costmap]: start
[controller_server-11] [INFO] [1775552235.206750331] [local_costmap.local_costmap]: KeepoutFilter: Subscribing to "/keepout_costmap_filter_info" topic for filter info...
[controller_server-11] [WARN] [1775552235.306989136] [local_costmap.local_costmap]: KeepoutFilter: Filter mask was not received
[controller_server-11] [WARN] [1775552235.314423414] [controller_server]: Parameter controller_server.verbose not found
[controller_server-11] [INFO] [1775552235.316372834] [controller_server]: Optimizer reset
[controller_server-11] [INFO] [1775552235.318947270] [MPPIController]: Activated MPPI Controller: FollowPath
[controller_server-11] [INFO] [1775552235.319115847] [controller_server]: Creating bond (controller_server) to lifecycle manager.
[lifecycle_manager-20] [INFO] [1775552235.428088251] [lifecycle_manager_navigation]: Server controller_server connected with bond.
[lifecycle_manager-20] [INFO] [1775552235.428176914] [lifecycle_manager_navigation]: [34m[1mActivating smoother_server[0m[0m
[smoother_server-12] [INFO] [1775552235.428755849] [smoother_server]: Activating
[smoother_server-12] [INFO] [1775552235.428832263] [smoother_server]: Creating bond (smoother_server) to lifecycle manager.
[lifecycle_manager-20] [INFO] [1775552235.537897122] [lifecycle_manager_navigation]: Server smoother_server connected with bond.
[lifecycle_manager-20] [INFO] [1775552235.538090489] [lifecycle_manager_navigation]: [34m[1mActivating planner_server[0m[0m
[planner_server-13] [INFO] [1775552235.539576761] [planner_server]: Activating
[planner_server-13] [INFO] [1775552235.539672716] [global_costmap.global_costmap]: Activating
[planner_server-13] [INFO] [1775552235.539720839] [global_costmap.global_costmap]: Checking transform
[planner_server-13] [INFO] [1775552235.539894665] [global_costmap.global_costmap]: start
[planner_server-13] [INFO] [1775552235.541151988] [global_costmap.global_costmap]: KeepoutFilter: Subscribing to "/keepout_costmap_filter_info" topic for filter info...
[planner_server-13] [WARN] [1775552236.047727633] [global_costmap.global_costmap]: KeepoutFilter: Filter mask was not received
[planner_server-13] [INFO] [1775552236.094145356] [planner_server]: Activating plugin GridBased of type SmacPlanner2D
[planner_server-13] [INFO] [1775552236.097053737] [planner_server]: Creating bond (planner_server) to lifecycle manager.
[lifecycle_manager-20] [INFO] [1775552236.210412633] [lifecycle_manager_navigation]: Server planner_server connected with bond.
[lifecycle_manager-20] [INFO] [1775552236.217537758] [lifecycle_manager_navigation]: [34m[1mActivating behavior_server[0m[0m
[INFO] [delivery_robot_main_controller-22]: process started with pid [23591]
[INFO] [robot_sound-23]: process started with pid [23592]
[INFO] [call_robot_button-24]: process started with pid [23593]
[INFO] [rpc_run_node-25]: process started with pid [23594]
[behavior_server-14] [INFO] [1775552236.220228856] [behavior_server]: Activating
[behavior_server-14] [INFO] [1775552236.220544135] [behavior_server]: Activating backup
[behavior_server-14] [INFO] [1775552236.220722627] [behavior_server]: Activating wait
[behavior_server-14] [INFO] [1775552236.220894120] [behavior_server]: Creating bond (behavior_server) to lifecycle manager.
[INFO] [dock_coordinates-26]: process started with pid [23595]
[INFO] [autodock_action_server-27]: process started with pid [23596]
[INFO] [battery_manager_node-28]: process started with pid [23597]
[ekf_node-6] [ERROR] [1775552236.256025389] [ekf_filter_node]: Failed to meet update rate! Took 0.032049062000000003159seconds. Try decreasing the rate, limiting sensor output frequency, or limiting the number of sensors.
[dock_coordinates-26] [INFO] [1775552236.303762849] [dock_coordinates]: begin dock_coordinates
[dock_coordinates-26] [INFO] [1775552236.307009258] [dock coordinates]: max_alignment_error: 0.010000
[lifecycle_manager-20] [INFO] [1775552236.358406693] [lifecycle_manager_navigation]: Server behavior_server connected with bond.
[lifecycle_manager-20] [INFO] [1775552236.358795761] [lifecycle_manager_navigation]: [34m[1mActivating velocity_smoother[0m[0m
[velocity_smoother-17] [INFO] [1775552236.361993463] [velocity_smoother]: Activating
[velocity_smoother-17] [INFO] [1775552236.362278410] [velocity_smoother]: Creating bond (velocity_smoother) to lifecycle manager.
[dock_coordinates-26] [INFO] [1775552236.370887765] [dock coordinates]: minimum_point_cloud: 5
[dock_coordinates-26] [INFO] [1775552236.374358165] [dock coordinates]: point_cloud_split_dist: 0.050000
[dock_coordinates-26] [INFO] [1775552236.376096719] [dock coordinates]: max_dock_width: 0.380000
[dock_coordinates-26] [INFO] [1775552236.377536618] [dock coordinates]: min_dock_width: 0.310000
[dock_coordinates-26] [INFO] [1775552236.379062847] [dock coordinates]: range_limit: 1.200000
[lifecycle_manager-20] [INFO] [1775552236.519870535] [lifecycle_manager_navigation]: Server velocity_smoother connected with bond.
[lifecycle_manager-20] [INFO] [1775552236.520023946] [lifecycle_manager_navigation]: [34m[1mActivating collision_monitor[0m[0m
[collision_monitor-18] [INFO] [1775552236.520766499] [collision_monitor]: Activating
[collision_monitor-18] [INFO] [1775552236.521156733] [collision_monitor]: Creating bond (collision_monitor) to lifecycle manager.
[lifecycle_manager-20] [INFO] [1775552236.670972760] [lifecycle_manager_navigation]: Server collision_monitor connected with bond.
[lifecycle_manager-20] [INFO] [1775552236.672151628] [lifecycle_manager_navigation]: [34m[1mActivating collision_detector[0m[0m
[collision_detector-19] [INFO] [1775552236.673529988] [collision_detector]: Activating
[collision_detector-19] [INFO] [1775552236.673678149] [collision_detector]: Creating bond (collision_detector) to lifecycle manager.
[lifecycle_manager-20] [INFO] [1775552236.828820958] [lifecycle_manager_navigation]: Server collision_detector connected with bond.
[lifecycle_manager-20] [INFO] [1775552236.829548053] [lifecycle_manager_navigation]: [34m[1mActivating bt_navigator[0m[0m
[bt_navigator-15] [INFO] [1775552236.840605559] [bt_navigator]: Activating
[controller_server-11] [WARN] [1775552237.307639837] [local_costmap.local_costmap]: KeepoutFilter: Filter mask was not received
[bt_navigator-15] [INFO] [1775552237.431742710] [bt_navigator]: Creating bond (bt_navigator) to lifecycle manager.
[lifecycle_manager-20] [INFO] [1775552237.604118813] [lifecycle_manager_navigation]: Server bt_navigator connected with bond.
[lifecycle_manager-20] [INFO] [1775552237.604351261] [lifecycle_manager_navigation]: [34m[1mActivating waypoint_follower[0m[0m
[waypoint_follower-16] [INFO] [1775552237.612611506] [waypoint_follower]: Activating
[waypoint_follower-16] [INFO] [1775552237.614275396] [waypoint_follower]: Creating bond (waypoint_follower) to lifecycle manager.
[lifecycle_manager-20] [INFO] [1775552237.825189587] [lifecycle_manager_navigation]: Server waypoint_follower connected with bond.
[lifecycle_manager-20] [INFO] [1775552237.825298374] [lifecycle_manager_navigation]: [34m[1mActivating keepout_filter_mask_server[0m[0m
[map_server-9] [INFO] [1775552237.826746148] [keepout_filter_mask_server]: Activating
[map_server-9] [INFO] [1775552237.826875934] [keepout_filter_mask_server]: Creating bond (keepout_filter_mask_server) to lifecycle manager.
[lifecycle_manager-20] [INFO] [1775552237.947656860] [lifecycle_manager_navigation]: Server keepout_filter_mask_server connected with bond.
[lifecycle_manager-20] [INFO] [1775552237.950329000] [lifecycle_manager_navigation]: [34m[1mActivating keepout_costmap_filter_info_server[0m[0m
[costmap_filter_info_server-10] [INFO] [1775552237.953961268] [keepout_costmap_filter_info_server]: Activating
[costmap_filter_info_server-10] [INFO] [1775552237.958105682] [keepout_costmap_filter_info_server]: Creating bond (keepout_costmap_filter_info_server) to lifecycle manager.
[planner_server-13] [INFO] [1775552237.958511665] [global_costmap.global_costmap]: KeepoutFilter: Received filter info from /keepout_costmap_filter_info topic.
[planner_server-13] [INFO] [1775552237.959281050] [global_costmap.global_costmap]: KeepoutFilter: Subscribing to "/keepout_filter_mask" topic for filter mask...
[controller_server-11] [INFO] [1775552237.961503751] [local_costmap.local_costmap]: KeepoutFilter: Received filter info from /keepout_costmap_filter_info topic.
[controller_server-11] [INFO] [1775552237.972786705] [local_costmap.local_costmap]: KeepoutFilter: Subscribing to "/keepout_filter_mask" topic for filter mask...
[ekf_node-6] [ERROR] [1775552237.992566728] [ekf_filter_node]: Failed to meet update rate! Took 0.045317018000000000577seconds. Try decreasing the rate, limiting sensor output frequency, or limiting the number of sensors.
[planner_server-13] [INFO] [1775552238.047539850] [global_costmap.global_costmap]: KeepoutFilter: Received filter mask from /keepout_filter_mask topic.
[controller_server-11] [INFO] [1775552238.122541193] [local_costmap.local_costmap]: KeepoutFilter: Received filter mask from /keepout_filter_mask topic.
[ekf_node-6] [ERROR] [1775552238.200086349] [ekf_filter_node]: Failed to meet update rate! Took 0.028599660999999998445seconds. Try decreasing the rate, limiting sensor output frequency, or limiting the number of sensors.
[lifecycle_manager-20] [INFO] [1775552238.320315464] [lifecycle_manager_navigation]: Server keepout_costmap_filter_info_server connected with bond.
[lifecycle_manager-20] [INFO] [1775552238.320518747] [lifecycle_manager_navigation]: [34m[1mManaged nodes are active[0m[0m
[lifecycle_manager-20] [INFO] [1775552238.320624035] [lifecycle_manager_navigation]: [34m[1mCreating bond timer...[0m[0m
[robot_sound-23] [0m[INFO] [1775552239.423888199] [robot_sound_node]: ✅ robot_sound_node started using .wav files[0m
[robot_sound-23] [0m[INFO] [1775552239.447001835] [robot_sound_node]: Sound volume set to 100% (API).[0m
[rpc_run_node-25] [0m[INFO] [1775552239.450058085] [rpc_run_node]: RPC run node started; RPC bridge configured.[0m
[rpc_run_node-25] 2026-04-07 15:57:19,479 [INFO] RPCServer listening on localhost:6000
[battery_manager_node-28] [INFO] [1775552239.604056733] [battery_manager]: SOC limits from API: target=1.00, resume=0.95
[battery_manager_node-28] [INFO] [1775552239.606884617] [battery_manager]: IR state: IDLE -> CHARGING (11)
[battery_manager_node-28] [INFO] [1775552240.043209695] [battery_manager]: State change: IDLE_ON_DOCK -> CHARGING
[delivery_robot_main_controller-22] [0m[INFO] [1775552240.414242616] [main_controller_node]: Delivery Robot Main Controller Node started.[0m
[delivery_robot_main_controller-22] [0m[INFO] [1775552240.442566955] [main_controller_node]: Initial state: STANDBY[0m
[delivery_robot_main_controller-22] [0m[INFO] [1775552240.451017067] [main_controller_node]: setting_batteryLowToCharge: 20[0m
[delivery_robot_main_controller-22] [33m[WARN] [1775552240.550455576] [rcl.logging_rosout]: Publisher already registered for node name: 'main_controller_node'. If this is due to multiple nodes with the same name then all logs for the logger named 'main_controller_node' will go out over the existing publisher. As soon as any node with that name is destructed it will unregister the publisher, preventing any further logs for that name from being published on the rosout topic.[0m
[autodock_action_server-27] [INFO] [1775552240.687751741] [autodock_action_server]: auto_dock_init_start
[delivery_robot_main_controller-22] [33m[WARN] [1775552240.724055462] [main_controller_node]: slam_toolbox_msgs not available; initial pose service calls will be skipped.[0m
[autodock_action_server-27] [INFO] [1775552240.843994380] [autodock_action_server]: auto_dock_init_complete
[autodock_action_server-27] [INFO] [1775552240.960197785] [charge_status]: IR Charge State: CHARGING (11)
[delivery_robot_main_controller-22] [0m[INFO] [1775552242.049749804] [main_controller_node]: Waiting for Nav2 system...[0m
[delivery_robot_main_controller-22] [0m[INFO] [1775552244.071974811] [main_controller_node]: Waiting for localization pose to be received from slam_toolbox/pose[0m
[delivery_robot_main_controller-22] [0m[INFO] [1775552244.074661534] [main_controller_node]: Acquired localization pose from TF map->base_link[0m
[INFO] [bash-29]: process started with pid [23767]
[delivery_robot_main_controller-22] [0m[INFO] [1775552246.093808417] [main_controller_node]: Nav2 is ready for use![0m
[delivery_robot_main_controller-22] [0m[INFO] [1775552246.174294036] [main_controller_node]: No pending queue found or unexpected format.[0m
[delivery_robot_main_controller-22] [0m[INFO] [1775552246.176615899] [main_controller_node]: Robot is in STANDBY mode.[0m
[delivery_robot_main_controller-22] [0m[INFO] [1775552246.202607292] [main_controller_node]: Dock State change: IDLE -> DOCKED[0m
[delivery_robot_main_controller-22] [33m[WARN] [1775552246.265134563] [main_controller_node]: Robot status id missing; refreshing before battery status.[0m
[delivery_robot_main_controller-22] [0m[INFO] [1775552247.171948278] [main_controller_node]: Current state: STANDBY, dock_state DOCKED, charge_state CHARGING[0m
[delivery_robot_main_controller-22] [0m[INFO] [1775552248.155832043] [main_controller_node]: Current state: STANDBY, dock_state DOCKED, charge_state CHARGING[0m
[delivery_robot_main_controller-22] [0m[INFO] [1775552248.257844988] [main_controller_node]: No pending queue found or unexpected format.[0m
[delivery_robot_main_controller-22] [0m[INFO] [1775552249.154802232] [main_controller_node]: Current state: STANDBY, dock_state DOCKED, charge_state CHARGING[0m
[delivery_robot_main_controller-22] [0m[INFO] [1775552250.163461773] [main_controller_node]: Current state: STANDBY, dock_state DOCKED, charge_state CHARGING[0m
[delivery_robot_main_controller-22] [0m[INFO] [1775552250.269539510] [main_controller_node]: No pending queue found or unexpected format.[0m
[delivery_robot_main_controller-22] [0m[INFO] [1775552251.144770811] [main_controller_node]: Current state: STANDBY, dock_state DOCKED, charge_state CHARGING[0m
[delivery_robot_main_controller-22] [0m[INFO] [1775552252.146746209] [main_controller_node]: Current state: STANDBY, dock_state DOCKED, charge_state CHARGING[0m
[delivery_robot_main_controller-22] [0m[INFO] [1775552252.274520723] [main_controller_node]: No pending queue found or unexpected format.[0m
