[INFO] [launch]: All log files can be found below /home/smr/.ros/log/2026-04-07-13-43-49-058729-one-35393
[INFO] [launch]: Default logging verbosity is set to INFO
[INFO] [localization_monitor-1]: process started with pid [35418]
[INFO] [robot_state_publisher-2]: process started with pid [35419]
[INFO] [joint_state_publisher-3]: process started with pid [35420]
[INFO] [sllidar_node-4]: process started with pid [35421]
[INFO] [scan_to_scan_filter_chain-5]: process started with pid [35422]
[INFO] [ekf_node-6]: process started with pid [35423]
[INFO] [robot_hardware-7]: process started with pid [35424]
[INFO] [localization_slam_toolbox_node-8]: process started with pid [35425]
[INFO] [map_server-9]: process started with pid [35428]
[INFO] [costmap_filter_info_server-10]: process started with pid [35431]
[INFO] [controller_server-11]: process started with pid [35432]
[INFO] [smoother_server-12]: process started with pid [35437]
[INFO] [planner_server-13]: process started with pid [35440]
[INFO] [behavior_server-14]: process started with pid [35443]
[INFO] [bt_navigator-15]: process started with pid [35448]
[INFO] [waypoint_follower-16]: process started with pid [35460]
[INFO] [velocity_smoother-17]: process started with pid [35474]
[INFO] [collision_monitor-18]: process started with pid [35484]
[INFO] [collision_detector-19]: process started with pid [35490]
[INFO] [lifecycle_manager-20]: process started with pid [35495]
[INFO] [localization_monitor-21]: process started with pid [35498]
[sllidar_node-4] [INFO] [1775544230.211864120] [sllidar_node]: SLLidar running on ROS2 package SLLidar.ROS2 SDK Version:1.0.1, SLLIDAR SDK Version:2.1.0
[sllidar_node-4] [INFO] [1775544230.285472875] [sllidar_node]: SLLidar S/N: 6E42ED93C5E19FD9B5E192F9EE904B72
[sllidar_node-4] [INFO] [1775544230.285784946] [sllidar_node]: Firmware Ver: 1.00
[sllidar_node-4] [INFO] [1775544230.285860776] [sllidar_node]: Hardware Rev: 18
[sllidar_node-4] [INFO] [1775544230.287744575] [sllidar_node]: SLLidar health status : 0
[sllidar_node-4] [INFO] [1775544230.287847821] [sllidar_node]: SLLidar health status : OK.
[localization_slam_toolbox_node-8] [INFO] [1775544230.340402879] [slam_toolbox]: Node using stack size 40000000
[robot_state_publisher-2] [INFO] [1775544230.452534297] [robot_state_publisher]: Robot initialized
[robot_hardware-7] Serial port opened at port /dev/teensy with baudrate 460800
[robot_hardware-7] Created receive data thread
[map_server-9] [INFO] [1775544230.553045889] [keepout_filter_mask_server]: 
[map_server-9] 	keepout_filter_mask_server lifecycle node launched. 
[map_server-9] 	Waiting on external lifecycle transitions to activate
[map_server-9] 	See https://design.ros2.org/articles/node_lifecycle.html for more information.
[map_server-9] [INFO] [1775544230.553164301] [keepout_filter_mask_server]: Creating
[costmap_filter_info_server-10] [INFO] [1775544230.569790092] [costmap_filter_info_server]: This is costmap filter info publisher
[localization_slam_toolbox_node-8] [INFO] [1775544230.577697150] [slam_toolbox]: Configuring
[sllidar_node-4] [INFO] [1775544230.611366965] [sllidar_node]: current scan mode: Standard, sample rate: 11 Khz, max_distance: 30.0 m, scan frequency:10.0 Hz, 
[smoother_server-12] [INFO] [1775544230.621361981] [smoother_server]: 
[smoother_server-12] 	smoother_server lifecycle node launched. 
[smoother_server-12] 	Waiting on external lifecycle transitions to activate
[smoother_server-12] 	See https://design.ros2.org/articles/node_lifecycle.html for more information.
[smoother_server-12] [INFO] [1775544230.624965086] [smoother_server]: Creating smoother server
[costmap_filter_info_server-10] [INFO] [1775544230.677600933] [keepout_costmap_filter_info_server]: 
[costmap_filter_info_server-10] 	keepout_costmap_filter_info_server lifecycle node launched. 
[costmap_filter_info_server-10] 	Waiting on external lifecycle transitions to activate
[costmap_filter_info_server-10] 	See https://design.ros2.org/articles/node_lifecycle.html for more information.
[controller_server-11] [INFO] [1775544230.705232907] [controller_server]: 
[controller_server-11] 	controller_server lifecycle node launched. 
[controller_server-11] 	Waiting on external lifecycle transitions to activate
[controller_server-11] 	See https://design.ros2.org/articles/node_lifecycle.html for more information.
[localization_slam_toolbox_node-8] [INFO] [1775544230.742771526] [slam_toolbox]: Using solver plugin solver_plugins::CeresSolver
[localization_slam_toolbox_node-8] [INFO] [1775544230.745886401] [slam_toolbox]: CeresSolver: Using SCHUR_JACOBI preconditioner.
[bt_navigator-15] [INFO] [1775544230.750759956] [bt_navigator]: 
[bt_navigator-15] 	bt_navigator lifecycle node launched. 
[bt_navigator-15] 	Waiting on external lifecycle transitions to activate
[bt_navigator-15] 	See https://design.ros2.org/articles/node_lifecycle.html for more information.
[bt_navigator-15] [INFO] [1775544230.816414696] [bt_navigator]: Creating
[behavior_server-14] [INFO] [1775544230.845429115] [behavior_server]: 
[behavior_server-14] 	behavior_server lifecycle node launched. 
[behavior_server-14] 	Waiting on external lifecycle transitions to activate
[behavior_server-14] 	See https://design.ros2.org/articles/node_lifecycle.html for more information.
[lifecycle_manager-20] [INFO] [1775544230.909378841] [lifecycle_manager_navigation]: Creating
[planner_server-13] [INFO] [1775544230.935555458] [planner_server]: 
[planner_server-13] 	planner_server lifecycle node launched. 
[planner_server-13] 	Waiting on external lifecycle transitions to activate
[planner_server-13] 	See https://design.ros2.org/articles/node_lifecycle.html for more information.
[planner_server-13] [INFO] [1775544230.943193026] [planner_server]: Creating
[collision_detector-19] [INFO] [1775544230.961105599] [collision_detector]: 
[collision_detector-19] 	collision_detector lifecycle node launched. 
[collision_detector-19] 	Waiting on external lifecycle transitions to activate
[collision_detector-19] 	See https://design.ros2.org/articles/node_lifecycle.html for more information.
[planner_server-13] [INFO] [1775544230.982324664] [global_costmap.global_costmap]: 
[planner_server-13] 	global_costmap lifecycle node launched. 
[planner_server-13] 	Waiting on external lifecycle transitions to activate
[planner_server-13] 	See https://design.ros2.org/articles/node_lifecycle.html for more information.
[lifecycle_manager-20] [INFO] [1775544230.986427958] [lifecycle_manager_navigation]: [34m[1mCreating and initializing lifecycle service clients[0m[0m
[planner_server-13] [INFO] [1775544230.995112276] [global_costmap.global_costmap]: Creating Costmap
[velocity_smoother-17] [INFO] [1775544231.013242424] [velocity_smoother]: 
[velocity_smoother-17] 	velocity_smoother lifecycle node launched. 
[velocity_smoother-17] 	Waiting on external lifecycle transitions to activate
[velocity_smoother-17] 	See https://design.ros2.org/articles/node_lifecycle.html for more information.
[collision_monitor-18] [INFO] [1775544231.169018840] [collision_monitor]: 
[collision_monitor-18] 	collision_monitor lifecycle node launched. 
[collision_monitor-18] 	Waiting on external lifecycle transitions to activate
[collision_monitor-18] 	See https://design.ros2.org/articles/node_lifecycle.html for more information.
[scan_to_scan_filter_chain-5] [WARN] [1775544231.180852740] [scan_to_scan_filter_chain]: diagnostic_updater: No HW_ID was set. This is probably a bug. Please report it. For devices that do not have a HW_ID, set this value to 'none'. This warning only occurs once all diagnostics are OK. It is okay to wait until the device is open before calling setHardwareID.
[controller_server-11] [INFO] [1775544231.233127518] [controller_server]: Creating controller server
[waypoint_follower-16] [INFO] [1775544231.287093311] [waypoint_follower]: 
[waypoint_follower-16] 	waypoint_follower lifecycle node launched. 
[waypoint_follower-16] 	Waiting on external lifecycle transitions to activate
[waypoint_follower-16] 	See https://design.ros2.org/articles/node_lifecycle.html for more information.
[waypoint_follower-16] [INFO] [1775544231.290075774] [waypoint_follower]: Creating
[controller_server-11] [INFO] [1775544231.571399445] [local_costmap.local_costmap]: 
[controller_server-11] 	local_costmap lifecycle node launched. 
[controller_server-11] 	Waiting on external lifecycle transitions to activate
[controller_server-11] 	See https://design.ros2.org/articles/node_lifecycle.html for more information.
[controller_server-11] [INFO] [1775544231.624795636] [local_costmap.local_costmap]: Creating Costmap
[lifecycle_manager-20] [INFO] [1775544232.061611650] [lifecycle_manager_navigation]: [34m[1mStarting managed nodes bringup...[0m[0m
[lifecycle_manager-20] [INFO] [1775544232.084543022] [lifecycle_manager_navigation]: [34m[1mConfiguring controller_server[0m[0m
[controller_server-11] [INFO] [1775544232.098527878] [controller_server]: Configuring controller interface
[controller_server-11] [INFO] [1775544232.098570168] [controller_server]: getting progress checker plugins..
[controller_server-11] [INFO] [1775544232.098867947] [controller_server]: getting goal checker plugins..
[controller_server-11] [INFO] [1775544232.099227849] [controller_server]: Controller frequency set to 10.0000Hz
[controller_server-11] [INFO] [1775544232.099287055] [local_costmap.local_costmap]: Configuring
[localization_slam_toolbox_node-8] Load From File /home/smr/workspaces/mini_amr/amrROS2_ws/maps/latest_map.posegraph 
[localization_slam_toolbox_node-8] Mapper <- Module
[localization_slam_toolbox_node-8] Mapper <- m_pSequentialScanMatcher
[localization_slam_toolbox_node-8] Mapper <- m_pGraph
[localization_slam_toolbox_node-8] MapperGraph <- Graph; Graph <- m_Edges; Graph <- m_Vertices
[localization_slam_toolbox_node-8] MapperGraph <- m_pMapper; MapperGraph <- m_pLoopScanMatcher; MapperGraph <- m_pTraversal
[localization_slam_toolbox_node-8] Mapper <- m_pMapperSensorManager
[localization_slam_toolbox_node-8] MapperSensorManager <- m_ScanManagers; MapperSensorManager <- m_Scans
[localization_slam_toolbox_node-8] Mapper <- m_Listeners
[localization_slam_toolbox_node-8] **Finished serializing Mapper**
[localization_slam_toolbox_node-8] Load From File
[localization_slam_toolbox_node-8] **Serializing Dataset**
[localization_slam_toolbox_node-8] Dataset <- m_SensorNameLookup
[localization_slam_toolbox_node-8] Dataset <- m_Data
[localization_slam_toolbox_node-8] Dataset <- m_Lasers
[localization_slam_toolbox_node-8] Dataset <- m_pDatasetInfo
[localization_slam_toolbox_node-8] **Finished serializing Dataset**
[localization_slam_toolbox_node-8] Registering sensor: [Custom Described Lidar]
[localization_slam_toolbox_node-8] WARNING: Logging before InitGoogleLogging() is written to STDERR
[localization_slam_toolbox_node-8] W20260407 13:43:52.196655 35425 preprocessor.cc:67] Specified options.num_threads: 50 exceeds maximum available from the threading model Ceres was compiled with: 8.  Bounding to maximum number available.
[INFO] [launch.user]: [LifecycleLaunch] Slamtoolbox node is activating.
[localization_slam_toolbox_node-8] [INFO] [1775544232.220113291] [slam_toolbox]: Activating
[controller_server-11] [INFO] [1775544232.240695673] [local_costmap.local_costmap]: Using plugin "obstacle_layer"
[controller_server-11] [INFO] [1775544232.326171285] [local_costmap.local_costmap]: Subscribed to Topics: scan
[controller_server-11] [INFO] [1775544232.380183743] [local_costmap.local_costmap]: Initialized plugin "obstacle_layer"
[controller_server-11] [INFO] [1775544232.382458943] [local_costmap.local_costmap]: Using plugin "denoise_layer"
[controller_server-11] [INFO] [1775544232.394867112] [local_costmap.local_costmap]: Initialized plugin "denoise_layer"
[controller_server-11] [INFO] [1775544232.396410550] [local_costmap.local_costmap]: Using plugin "inflation_layer"
[controller_server-11] [INFO] [1775544232.418002059] [local_costmap.local_costmap]: Initialized plugin "inflation_layer"
[controller_server-11] [INFO] [1775544232.420503584] [local_costmap.local_costmap]: Using costmap filter "keepout_filter"
[controller_server-11] [INFO] [1775544232.456119029] [local_costmap.local_costmap]: Initialized costmap filter "keepout_filter"
[controller_server-11] [INFO] [1775544232.457241026] [local_costmap.local_costmap]: Using costmap filter "inflation_layer2"
[controller_server-11] [INFO] [1775544232.489363612] [local_costmap.local_costmap]: Initialized costmap filter "inflation_layer2"
[controller_server-11] [INFO] [1775544232.554187720] [controller_server]: Created progress_checker : progress_checker of type nav2_controller::SimpleProgressChecker
[controller_server-11] [INFO] [1775544232.556894861] [controller_server]: Controller Server has progress_checker  progress checkers available.
[controller_server-11] [INFO] [1775544232.558748037] [controller_server]: Created goal checker : goal_checker of type nav2_controller::SimpleGoalChecker
[controller_server-11] [INFO] [1775544232.562960993] [controller_server]: Controller Server has goal_checker  goal checkers available.
[controller_server-11] [INFO] [1775544232.566639637] [controller_server]: Created controller : FollowPath of type nav2_mppi_controller::MPPIController
[controller_server-11] [INFO] [1775544232.585296221] [controller_server]: Controller period is equal to model dt. Control sequence shifting is ON
[controller_server-11] [INFO] [1775544232.607383252] [controller_server]: ConstraintCritic instantiated with 1 power and 4.000000 weight.
[controller_server-11] [INFO] [1775544232.609083017] [controller_server]: Critic loaded : mppi::critics::ConstraintCritic
[controller_server-11] [INFO] [1775544232.621505477] [controller_server]: InflationCostCritic instantiated with 1 power and 300.000000 / 0.015000 weights. Critic will collision check based on footprint cost.
[controller_server-11] [INFO] [1775544232.622692513] [controller_server]: Critic loaded : mppi::critics::CostCritic
[controller_server-11] [INFO] [1775544232.631947308] [controller_server]: GoalCritic instantiated with 1 power and 5.000000 weight.
[controller_server-11] [INFO] [1775544232.633815066] [controller_server]: Critic loaded : mppi::critics::GoalCritic
[controller_server-11] [INFO] [1775544232.640403844] [controller_server]: GoalAngleCritic instantiated with 1 power, 3.000000 weight, and 0.500000 angular threshold.
[controller_server-11] [INFO] [1775544232.641831786] [controller_server]: Critic loaded : mppi::critics::GoalAngleCritic
[controller_server-11] [INFO] [1775544232.649185866] [controller_server]: ReferenceTrajectoryCritic instantiated with 1 power and 2.000000 weight
[controller_server-11] [INFO] [1775544232.651444734] [controller_server]: Critic loaded : mppi::critics::PathAlignCritic
[controller_server-11] [INFO] [1775544232.657152713] [controller_server]: Critic loaded : mppi::critics::PathFollowCritic
[controller_server-11] [INFO] [1775544232.662507498] [controller_server]: PathAngleCritic instantiated with 1 power and 1.500000 weight. Mode set to: Forward Preference
[controller_server-11] [INFO] [1775544232.664371174] [controller_server]: Critic loaded : mppi::critics::PathAngleCritic
[controller_server-11] [INFO] [1775544232.669607838] [controller_server]: PreferForwardCritic instantiated with 1 power and 10.000000 weight.
[controller_server-11] [INFO] [1775544232.671196775] [controller_server]: Critic loaded : mppi::critics::PreferForwardCritic
[controller_server-11] [INFO] [1775544232.674113616] [controller_server]: Optimizer reset
[localization_slam_toolbox_node-8] Registering sensor: [Custom Described Lidar]
[controller_server-11] [INFO] [1775544232.699453183] [MPPIController]: Configured MPPI Controller: FollowPath
[controller_server-11] [INFO] [1775544232.700926915] [controller_server]: Controller Server has FollowPath  controllers available.
[lifecycle_manager-20] [INFO] [1775544232.742035099] [lifecycle_manager_navigation]: [34m[1mConfiguring smoother_server[0m[0m
[smoother_server-12] [INFO] [1775544232.743317506] [smoother_server]: Configuring smoother server
[smoother_server-12] [INFO] [1775544232.790378076] [smoother_server]: Created smoother : simple_smoother of type nav2_smoother::SimpleSmoother
[smoother_server-12] [INFO] [1775544232.808096407] [smoother_server]: Smoother Server has simple_smoother  smoothers available.
[lifecycle_manager-20] [INFO] [1775544232.855682247] [lifecycle_manager_navigation]: [34m[1mConfiguring planner_server[0m[0m
[planner_server-13] [INFO] [1775544232.861011950] [planner_server]: Configuring
[planner_server-13] [INFO] [1775544232.861173235] [global_costmap.global_costmap]: Configuring
[planner_server-13] [INFO] [1775544232.941362018] [global_costmap.global_costmap]: Using plugin "static_layer"
[localization_monitor-21] [INFO] [1775544232.943365104] [localization_monitor]: Localization Monitor Started
[planner_server-13] [INFO] [1775544232.973294737] [global_costmap.global_costmap]: Subscribing to the map topic (/map) with transient local durability
[planner_server-13] [INFO] [1775544232.976170454] [global_costmap.global_costmap]: Initialized plugin "static_layer"
[planner_server-13] [INFO] [1775544232.976265826] [global_costmap.global_costmap]: Using plugin "obstacle_layer"
[planner_server-13] [INFO] [1775544232.982921684] [global_costmap.global_costmap]: Subscribed to Topics: scan
[planner_server-13] [INFO] [1775544233.028402067] [global_costmap.global_costmap]: Initialized plugin "obstacle_layer"
[planner_server-13] [INFO] [1775544233.029873175] [global_costmap.global_costmap]: Using plugin "inflation_layer"
[planner_server-13] [INFO] [1775544233.052329440] [global_costmap.global_costmap]: Initialized plugin "inflation_layer"
[planner_server-13] [INFO] [1775544233.053818339] [global_costmap.global_costmap]: Using costmap filter "keepout_filter"
[planner_server-13] [INFO] [1775544233.109464065] [global_costmap.global_costmap]: Initialized costmap filter "keepout_filter"
[planner_server-13] [INFO] [1775544233.109547769] [global_costmap.global_costmap]: Using costmap filter "inflation_layer2"
[planner_server-13] [INFO] [1775544233.119967726] [global_costmap.global_costmap]: Initialized costmap filter "inflation_layer2"
[planner_server-13] [INFO] [1775544233.277844933] [global_costmap.global_costmap]: StaticLayer: Resizing costmap to 276 X 287 at 0.050000 m/pix
[planner_server-13] [INFO] [1775544233.289145397] [planner_server]: Created global planner plugin GridBased of type nav2_smac_planner::SmacPlanner2D
[planner_server-13] [INFO] [1775544233.289328264] [planner_server]: Configuring GridBased of type SmacPlanner2D
[planner_server-13] [ERROR] [1775544233.307491369] [planner_server]: Inflation layer either not found or inflation is not set sufficiently for optimized non-circular collision checking capabilities. It is HIGHLY recommended to set the inflation radius to be at MINIMUM half of the robot's largest cross-section. See github.com/ros-planning/navigation2/tree/main/nav2_smac_planner#potential-fields for full instructions. This will substantially impact run-time performance.
[planner_server-13] [INFO] [1775544233.319480721] [planner_server]: Configured plugin GridBased of type SmacPlanner2D with tolerance 0.12, maximum iterations 1000000, max on approach iterations 1000, and not allowing unknown traversal.
[planner_server-13] [INFO] [1775544233.319583092] [planner_server]: Planner Server has GridBased  planners available.
[lifecycle_manager-20] [INFO] [1775544233.353007043] [lifecycle_manager_navigation]: [34m[1mConfiguring behavior_server[0m[0m
[behavior_server-14] [INFO] [1775544233.356339492] [behavior_server]: Configuring
[behavior_server-14] [INFO] [1775544233.373541010] [behavior_server]: Creating behavior plugin backup of type nav2_behaviors::BackUp
[behavior_server-14] [INFO] [1775544233.390309129] [behavior_server]: Creating behavior plugin wait of type nav2_behaviors::Wait
[localization_monitor-1] [INFO] [1775544233.414649486] [localization_monitor]: Localization Monitor Started
[behavior_server-14] [INFO] [1775544233.423699831] [behavior_server]: Configuring backup
[behavior_server-14] [INFO] [1775544233.465877805] [behavior_server]: Configuring wait
[lifecycle_manager-20] [INFO] [1775544233.493432783] [lifecycle_manager_navigation]: [34m[1mConfiguring velocity_smoother[0m[0m
[velocity_smoother-17] [INFO] [1775544233.495274584] [velocity_smoother]: Configuring velocity smoother
[lifecycle_manager-20] [INFO] [1775544233.523649696] [lifecycle_manager_navigation]: [34m[1mConfiguring collision_monitor[0m[0m
[collision_monitor-18] [INFO] [1775544233.525910605] [collision_monitor]: Configuring
[joint_state_publisher-3] [INFO] [1775544233.529670912] [joint_state_publisher]: Waiting for robot_description to be published on the robot_description topic...
[collision_monitor-18] [INFO] [1775544233.543226743] [collision_monitor]: [scan]: Creating Scan
[collision_monitor-18] [INFO] [1775544233.548882517] [collision_monitor]: [PolygonStop]: Creating Polygon
[collision_monitor-18] [INFO] [1775544233.559385887] [collision_monitor]: [PolygonSlow]: Creating Polygon
[collision_monitor-18] [INFO] [1775544233.571287451] [collision_monitor]: [FootprintApproach]: Creating Polygon
[collision_monitor-18] [INFO] [1775544233.572271495] [collision_monitor]: [FootprintApproach]: Polygon points are not defined. Using dynamic subscription instead.
[collision_monitor-18] [INFO] [1775544233.583853697] [collision_monitor]: [FootprintApproach]: Making footprint subscriber on /local_costmap/published_footprint topic
[lifecycle_manager-20] [INFO] [1775544233.608337548] [lifecycle_manager_navigation]: [34m[1mConfiguring collision_detector[0m[0m
[collision_detector-19] [INFO] [1775544233.610008731] [collision_detector]: Configuring
[collision_detector-19] [INFO] [1775544233.670560676] [collision_monitor]: [scan]: Creating Scan
[collision_detector-19] [INFO] [1775544233.679764140] [collision_monitor]: [PolygonStop]: Creating Polygon
[collision_detector-19] [INFO] [1775544233.689339756] [collision_monitor]: [PolygonSlow]: Creating Polygon
[lifecycle_manager-20] [INFO] [1775544233.702578558] [lifecycle_manager_navigation]: [34m[1mConfiguring bt_navigator[0m[0m
[bt_navigator-15] [INFO] [1775544233.703310029] [bt_navigator]: Configuring
[bt_navigator-15] [INFO] [1775544233.720196851] [bt_navigator]: Creating navigator id navigate_to_pose of type nav2_bt_navigator::NavigateToPoseNavigator
[bt_navigator-15] [INFO] [1775544233.914845624] [bt_navigator]: Creating navigator id navigate_through_poses of type nav2_bt_navigator::NavigateThroughPosesNavigator
[lifecycle_manager-20] [INFO] [1775544234.007889974] [lifecycle_manager_navigation]: [34m[1mConfiguring waypoint_follower[0m[0m
[waypoint_follower-16] [INFO] [1775544234.010857563] [waypoint_follower]: Configuring
[waypoint_follower-16] [INFO] [1775544234.089873601] [waypoint_follower]: Created waypoint_task_executor : wait_at_waypoint of type nav2_waypoint_follower::WaitAtWaypoint
[lifecycle_manager-20] [INFO] [1775544234.096462962] [lifecycle_manager_navigation]: [34m[1mConfiguring keepout_filter_mask_server[0m[0m
[map_server-9] [INFO] [1775544234.097163809] [keepout_filter_mask_server]: Configuring
[map_server-9] [INFO] [1775544234.097314303] [map_io]: Loading yaml file: /home/smr/workspaces/mini_amr/amrROS2_ws/maps/latest_map_keepout.yaml
[map_server-9] [INFO] [1775544234.097632790] [map_io]: resolution: 0.05
[map_server-9] [INFO] [1775544234.097646498] [map_io]: origin[0]: -7.999
[map_server-9] [INFO] [1775544234.097651456] [map_io]: origin[1]: -4.602
[map_server-9] [INFO] [1775544234.097655831] [map_io]: origin[2]: 0
[map_server-9] [INFO] [1775544234.097660497] [map_io]: free_thresh: 0.196
[map_server-9] [INFO] [1775544234.097665455] [map_io]: occupied_thresh: 0.65
[map_server-9] [INFO] [1775544234.097671872] [map_io]: mode: trinary
[map_server-9] [INFO] [1775544234.097677413] [map_io]: negate: 0
[map_server-9] [INFO] [1775544234.097915987] [map_io]: Loading image_file: /home/smr/workspaces/mini_amr/amrROS2_ws/maps/map_000.pgm
[map_server-9] [INFO] [1775544234.099828077] [map_io]: Read map /home/smr/workspaces/mini_amr/amrROS2_ws/maps/map_000.pgm: 276 X 287 map @ 0.05 m/cell
[lifecycle_manager-20] [INFO] [1775544234.118652072] [lifecycle_manager_navigation]: [34m[1mConfiguring keepout_costmap_filter_info_server[0m[0m
[costmap_filter_info_server-10] [INFO] [1775544234.119627657] [keepout_costmap_filter_info_server]: Configuring
[lifecycle_manager-20] [INFO] [1775544234.131332938] [lifecycle_manager_navigation]: [34m[1mActivating controller_server[0m[0m
[controller_server-11] [INFO] [1775544234.131992953] [controller_server]: Activating
[controller_server-11] [INFO] [1775544234.132085408] [local_costmap.local_costmap]: Activating
[controller_server-11] [INFO] [1775544234.132128573] [local_costmap.local_costmap]: Checking transform
[controller_server-11] [INFO] [1775544234.132287233] [local_costmap.local_costmap]: start
[controller_server-11] [INFO] [1775544234.133522392] [local_costmap.local_costmap]: KeepoutFilter: Subscribing to "/keepout_costmap_filter_info" topic for filter info...
[controller_server-11] [WARN] [1775544234.235125357] [local_costmap.local_costmap]: KeepoutFilter: Filter mask was not received
[controller_server-11] [WARN] [1775544234.236501968] [controller_server]: Parameter controller_server.verbose not found
[controller_server-11] [INFO] [1775544234.237090236] [controller_server]: Optimizer reset
[controller_server-11] [INFO] [1775544234.237428556] [MPPIController]: Activated MPPI Controller: FollowPath
[controller_server-11] [INFO] [1775544234.237459471] [controller_server]: Creating bond (controller_server) to lifecycle manager.
[lifecycle_manager-20] [INFO] [1775544234.351548477] [lifecycle_manager_navigation]: Server controller_server connected with bond.
[lifecycle_manager-20] [INFO] [1775544234.351702179] [lifecycle_manager_navigation]: [34m[1mActivating smoother_server[0m[0m
[smoother_server-12] [INFO] [1775544234.354032210] [smoother_server]: Activating
[smoother_server-12] [INFO] [1775544234.354127290] [smoother_server]: Creating bond (smoother_server) to lifecycle manager.
[lifecycle_manager-20] [INFO] [1775544234.461852676] [lifecycle_manager_navigation]: Server smoother_server connected with bond.
[lifecycle_manager-20] [INFO] [1775544234.462033502] [lifecycle_manager_navigation]: [34m[1mActivating planner_server[0m[0m
[planner_server-13] [INFO] [1775544234.463669395] [planner_server]: Activating
[planner_server-13] [INFO] [1775544234.463767974] [global_costmap.global_costmap]: Activating
[planner_server-13] [INFO] [1775544234.463804431] [global_costmap.global_costmap]: Checking transform
[planner_server-13] [INFO] [1775544234.463996340] [global_costmap.global_costmap]: start
[planner_server-13] [INFO] [1775544234.465075463] [global_costmap.global_costmap]: KeepoutFilter: Subscribing to "/keepout_costmap_filter_info" topic for filter info...
[planner_server-13] [WARN] [1775544234.976268452] [global_costmap.global_costmap]: KeepoutFilter: Filter mask was not received
[planner_server-13] [INFO] [1775544235.016431966] [planner_server]: Activating plugin GridBased of type SmacPlanner2D
[planner_server-13] [INFO] [1775544235.019241478] [planner_server]: Creating bond (planner_server) to lifecycle manager.
[lifecycle_manager-20] [INFO] [1775544235.136776387] [lifecycle_manager_navigation]: Server planner_server connected with bond.
[lifecycle_manager-20] [INFO] [1775544235.136948463] [lifecycle_manager_navigation]: [34m[1mActivating behavior_server[0m[0m
[behavior_server-14] [INFO] [1775544235.138835763] [behavior_server]: Activating
[behavior_server-14] [INFO] [1775544235.138916259] [behavior_server]: Activating backup
[behavior_server-14] [INFO] [1775544235.138949216] [behavior_server]: Activating wait
[behavior_server-14] [INFO] [1775544235.138984798] [behavior_server]: Creating bond (behavior_server) to lifecycle manager.
[lifecycle_manager-20] [INFO] [1775544235.244307822] [lifecycle_manager_navigation]: Server behavior_server connected with bond.
[lifecycle_manager-20] [INFO] [1775544235.244564770] [lifecycle_manager_navigation]: [34m[1mActivating velocity_smoother[0m[0m
[velocity_smoother-17] [INFO] [1775544235.246686268] [velocity_smoother]: Activating
[velocity_smoother-17] [INFO] [1775544235.246970632] [velocity_smoother]: Creating bond (velocity_smoother) to lifecycle manager.
[INFO] [delivery_robot_main_controller-22]: process started with pid [35734]
[INFO] [robot_sound-23]: process started with pid [35735]
[INFO] [call_robot_button-24]: process started with pid [35736]
[INFO] [rpc_run_node-25]: process started with pid [35737]
[INFO] [dock_coordinates-26]: process started with pid [35738]
[INFO] [autodock_action_server-27]: process started with pid [35739]
[INFO] [battery_manager_node-28]: process started with pid [35740]
[lifecycle_manager-20] [INFO] [1775544235.368591044] [lifecycle_manager_navigation]: Server velocity_smoother connected with bond.
[lifecycle_manager-20] [INFO] [1775544235.368735413] [lifecycle_manager_navigation]: [34m[1mActivating collision_monitor[0m[0m
[collision_monitor-18] [INFO] [1775544235.369431010] [collision_monitor]: Activating
[collision_monitor-18] [INFO] [1775544235.369529006] [collision_monitor]: Creating bond (collision_monitor) to lifecycle manager.
[dock_coordinates-26] [INFO] [1775544235.435106458] [dock_coordinates]: begin dock_coordinates
[dock_coordinates-26] [INFO] [1775544235.435353198] [dock coordinates]: max_alignment_error: 0.010000
[dock_coordinates-26] [INFO] [1775544235.435367781] [dock coordinates]: minimum_point_cloud: 5
[dock_coordinates-26] [INFO] [1775544235.435372448] [dock coordinates]: point_cloud_split_dist: 0.050000
[dock_coordinates-26] [INFO] [1775544235.435376822] [dock coordinates]: max_dock_width: 0.380000
[dock_coordinates-26] [INFO] [1775544235.435381489] [dock coordinates]: min_dock_width: 0.310000
[dock_coordinates-26] [INFO] [1775544235.435386155] [dock coordinates]: range_limit: 1.200000
[lifecycle_manager-20] [INFO] [1775544235.491445739] [lifecycle_manager_navigation]: Server collision_monitor connected with bond.
[lifecycle_manager-20] [INFO] [1775544235.491542860] [lifecycle_manager_navigation]: [34m[1mActivating collision_detector[0m[0m
[collision_detector-19] [INFO] [1775544235.493913432] [collision_detector]: Activating
[collision_detector-19] [INFO] [1775544235.495332625] [collision_detector]: Creating bond (collision_detector) to lifecycle manager.
[lifecycle_manager-20] [INFO] [1775544235.650608853] [lifecycle_manager_navigation]: Server collision_detector connected with bond.
[lifecycle_manager-20] [INFO] [1775544235.650839260] [lifecycle_manager_navigation]: [34m[1mActivating bt_navigator[0m[0m
[bt_navigator-15] [INFO] [1775544235.653790809] [bt_navigator]: Activating
[controller_server-11] [WARN] [1775544236.333036554] [local_costmap.local_costmap]: KeepoutFilter: Filter mask was not received
[bt_navigator-15] [INFO] [1775544236.439648110] [bt_navigator]: Creating bond (bt_navigator) to lifecycle manager.
[lifecycle_manager-20] [INFO] [1775544236.576088677] [lifecycle_manager_navigation]: Server bt_navigator connected with bond.
[lifecycle_manager-20] [INFO] [1775544236.576418831] [lifecycle_manager_navigation]: [34m[1mActivating waypoint_follower[0m[0m
[waypoint_follower-16] [INFO] [1775544236.578122971] [waypoint_follower]: Activating
[waypoint_follower-16] [INFO] [1775544236.578502122] [waypoint_follower]: Creating bond (waypoint_follower) to lifecycle manager.
[lifecycle_manager-20] [INFO] [1775544236.699905834] [lifecycle_manager_navigation]: Server waypoint_follower connected with bond.
[lifecycle_manager-20] [INFO] [1775544236.700130992] [lifecycle_manager_navigation]: [34m[1mActivating keepout_filter_mask_server[0m[0m
[map_server-9] [INFO] [1775544236.702708055] [keepout_filter_mask_server]: Activating
[map_server-9] [INFO] [1775544236.702976961] [keepout_filter_mask_server]: Creating bond (keepout_filter_mask_server) to lifecycle manager.
[lifecycle_manager-20] [INFO] [1775544236.829379056] [lifecycle_manager_navigation]: Server keepout_filter_mask_server connected with bond.
[lifecycle_manager-20] [INFO] [1775544236.832664549] [lifecycle_manager_navigation]: [34m[1mActivating keepout_costmap_filter_info_server[0m[0m
[costmap_filter_info_server-10] [INFO] [1775544236.835254153] [keepout_costmap_filter_info_server]: Activating
[costmap_filter_info_server-10] [INFO] [1775544236.835637971] [keepout_costmap_filter_info_server]: Creating bond (keepout_costmap_filter_info_server) to lifecycle manager.
[controller_server-11] [INFO] [1775544236.842505279] [local_costmap.local_costmap]: KeepoutFilter: Received filter info from /keepout_costmap_filter_info topic.
[controller_server-11] [INFO] [1775544236.842607650] [local_costmap.local_costmap]: KeepoutFilter: Subscribing to "/keepout_filter_mask" topic for filter mask...
[controller_server-11] [INFO] [1775544236.912571593] [local_costmap.local_costmap]: KeepoutFilter: Received filter mask from /keepout_filter_mask topic.
[lifecycle_manager-20] [INFO] [1775544236.955551618] [lifecycle_manager_navigation]: Server keepout_costmap_filter_info_server connected with bond.
[lifecycle_manager-20] [INFO] [1775544236.958127223] [lifecycle_manager_navigation]: [34m[1mManaged nodes are active[0m[0m
[lifecycle_manager-20] [INFO] [1775544236.962755204] [lifecycle_manager_navigation]: [34m[1mCreating bond timer...[0m[0m
[planner_server-13] [WARN] [1775544237.474360301] [global_costmap.global_costmap]: KeepoutFilter: Filter mask was not received
[battery_manager_node-28] [INFO] [1775544237.688232053] [battery_manager]: SOC limits from API: target=1.00, resume=0.95
[battery_manager_node-28] [INFO] [1775544237.836382567] [battery_manager]: IR state: IDLE -> CHARGING (11)
[battery_manager_node-28] [INFO] [1775544237.880246599] [battery_manager]: State change: IDLE_ON_DOCK -> CHARGING
[robot_sound-23] [0m[INFO] [1775544238.055191746] [robot_sound_node]: Sound volume set to 100% (API).[0m
[robot_sound-23] [0m[INFO] [1775544238.057345618] [robot_sound_node]: ✅ robot_sound_node started using .wav files[0m
[rpc_run_node-25] [0m[INFO] [1775544238.375682345] [rpc_run_node]: RPC run node started; RPC bridge configured.[0m
[rpc_run_node-25] 2026-04-07 13:43:58,401 [INFO] RPCServer listening on localhost:6000
[planner_server-13] [INFO] [1775544238.716081895] [global_costmap.global_costmap]: KeepoutFilter: Received filter info from /keepout_costmap_filter_info topic.
[planner_server-13] [INFO] [1775544238.716165600] [global_costmap.global_costmap]: KeepoutFilter: Subscribing to "/keepout_filter_mask" topic for filter mask...
[planner_server-13] [INFO] [1775544238.738563826] [global_costmap.global_costmap]: KeepoutFilter: Received filter mask from /keepout_filter_mask topic.
[delivery_robot_main_controller-22] [0m[INFO] [1775544238.780492144] [main_controller_node]: Delivery Robot Main Controller Node started.[0m
[delivery_robot_main_controller-22] [0m[INFO] [1775544238.789860976] [main_controller_node]: Initial state: STANDBY[0m
[delivery_robot_main_controller-22] [0m[INFO] [1775544238.796067102] [main_controller_node]: setting_batteryLowToCharge: 20[0m
[delivery_robot_main_controller-22] [33m[WARN] [1775544238.845499119] [rcl.logging_rosout]: Publisher already registered for node name: 'main_controller_node'. If this is due to multiple nodes with the same name then all logs for the logger named 'main_controller_node' will go out over the existing publisher. As soon as any node with that name is destructed it will unregister the publisher, preventing any further logs for that name from being published on the rosout topic.[0m
[delivery_robot_main_controller-22] [33m[WARN] [1775544238.952624862] [main_controller_node]: slam_toolbox_msgs not available; initial pose service calls will be skipped.[0m
[autodock_action_server-27] [INFO] [1775544239.224990059] [autodock_action_server]: auto_dock_init_start
[autodock_action_server-27] [INFO] [1775544239.400944915] [autodock_action_server]: auto_dock_init_complete
[autodock_action_server-27] [INFO] [1775544239.514074084] [charge_status]: IR Charge State: CHARGING (11)
[delivery_robot_main_controller-22] [0m[INFO] [1775544240.359672822] [main_controller_node]: Waiting for Nav2 system...[0m
[delivery_robot_main_controller-22] [0m[INFO] [1775544242.411803524] [main_controller_node]: Waiting for localization pose to be received from slam_toolbox/pose[0m
[delivery_robot_main_controller-22] [0m[INFO] [1775544242.420610920] [main_controller_node]: Acquired localization pose from TF map->base_link[0m
[INFO] [bash-29]: process started with pid [35879]
[delivery_robot_main_controller-22] [0m[INFO] [1775544244.449316187] [main_controller_node]: Nav2 is ready for use![0m
[delivery_robot_main_controller-22] [0m[INFO] [1775544244.546094303] [main_controller_node]: No pending queue found or unexpected format.[0m
[delivery_robot_main_controller-22] [0m[INFO] [1775544244.546734778] [main_controller_node]: Robot is in STANDBY mode.[0m
[delivery_robot_main_controller-22] [0m[INFO] [1775544244.599715360] [main_controller_node]: Dock State change: IDLE -> DOCKED[0m
[delivery_robot_main_controller-22] [33m[WARN] [1775544244.665070571] [main_controller_node]: Robot status id missing; refreshing before battery status.[0m
[delivery_robot_main_controller-22] [0m[INFO] [1775544245.508266364] [main_controller_node]: Current state: STANDBY, dock_state DOCKED, charge_state CHARGING[0m
[delivery_robot_main_controller-22] [0m[INFO] [1775544246.514498739] [main_controller_node]: Current state: STANDBY, dock_state DOCKED, charge_state CHARGING[0m
[delivery_robot_main_controller-22] [0m[INFO] [1775544246.597418579] [main_controller_node]: No pending queue found or unexpected format.[0m
[delivery_robot_main_controller-22] [0m[INFO] [1775544247.506808965] [main_controller_node]: Current state: STANDBY, dock_state DOCKED, charge_state CHARGING[0m
[delivery_robot_main_controller-22] [0m[INFO] [1775544248.476298065] [main_controller_node]: Current state: STANDBY, dock_state DOCKED, charge_state CHARGING[0m
[delivery_robot_main_controller-22] [0m[INFO] [1775544248.581036613] [main_controller_node]: No pending queue found or unexpected format.[0m
[delivery_robot_main_controller-22] [0m[INFO] [1775544249.472202356] [main_controller_node]: Current state: STANDBY, dock_state DOCKED, charge_state CHARGING[0m
[delivery_robot_main_controller-22] [0m[INFO] [1775544250.471024654] [main_controller_node]: Current state: STANDBY, dock_state DOCKED, charge_state CHARGING[0m
[delivery_robot_main_controller-22] [0m[INFO] [1775544250.588517564] [main_controller_node]: No pending queue found or unexpected format.[0m
[delivery_robot_main_controller-22] [0m[INFO] [1775544251.483165376] [main_controller_node]: Current state: STANDBY, dock_state DOCKED, charge_state CHARGING[0m
[delivery_robot_main_controller-22] [0m[INFO] [1775544252.492742742] [main_controller_node]: Current state: STANDBY, dock_state DOCKED, charge_state CHARGING[0m
[delivery_robot_main_controller-22] [0m[INFO] [1775544252.572199762] [main_controller_node]: No pending queue found or unexpected format.[0m
[delivery_robot_main_controller-22] [0m[INFO] [1775544253.512688151] [main_controller_node]: Current state: STANDBY, dock_state DOCKED, charge_state CHARGING[0m
[delivery_robot_main_controller-22] [0m[INFO] [1775544254.530257447] [main_controller_node]: Current state: STANDBY, dock_state DOCKED, charge_state CHARGING[0m
[delivery_robot_main_controller-22] [0m[INFO] [1775544254.648513910] [main_controller_node]: No pending queue found or unexpected format.[0m
[delivery_robot_main_controller-22] [0m[INFO] [1775544255.520137020] [main_controller_node]: Current state: STANDBY, dock_state DOCKED, charge_state CHARGING[0m
[delivery_robot_main_controller-22] [0m[INFO] [1775544256.493070857] [main_controller_node]: Current state: STANDBY, dock_state DOCKED, charge_state CHARGING[0m
[delivery_robot_main_controller-22] [0m[INFO] [1775544256.571502710] [main_controller_node]: No pending queue found or unexpected format.[0m
[delivery_robot_main_controller-22] [0m[INFO] [1775544257.476975878] [main_controller_node]: Current state: STANDBY, dock_state DOCKED, charge_state CHARGING[0m
[delivery_robot_main_controller-22] [0m[INFO] [1775544258.464965819] [main_controller_node]: Current state: STANDBY, dock_state DOCKED, charge_state CHARGING[0m
[delivery_robot_main_controller-22] [0m[INFO] [1775544258.558143456] [main_controller_node]: No pending queue found or unexpected format.[0m
[delivery_robot_main_controller-22] [0m[INFO] [1775544259.474022582] [main_controller_node]: Current state: STANDBY, dock_state DOCKED, charge_state CHARGING[0m
[delivery_robot_main_controller-22] [0m[INFO] [1775544260.466913201] [main_controller_node]: Current state: STANDBY, dock_state DOCKED, charge_state CHARGING[0m
[delivery_robot_main_controller-22] [0m[INFO] [1775544260.533901388] [main_controller_node]: No pending queue found or unexpected format.[0m
[delivery_robot_main_controller-22] [0m[INFO] [1775544261.464631002] [main_controller_node]: Current state: STANDBY, dock_state DOCKED, charge_state CHARGING[0m
[delivery_robot_main_controller-22] [0m[INFO] [1775544262.534282583] [main_controller_node]: Current state: STANDBY, dock_state DOCKED, charge_state CHARGING[0m
[delivery_robot_main_controller-22] [0m[INFO] [1775544262.629323894] [main_controller_node]: No pending queue found or unexpected format.[0m
[delivery_robot_main_controller-22] [0m[INFO] [1775544263.496452765] [main_controller_node]: Current state: STANDBY, dock_state DOCKED, charge_state CHARGING[0m
[delivery_robot_main_controller-22] [0m[INFO] [1775544264.491386301] [main_controller_node]: Current state: STANDBY, dock_state DOCKED, charge_state CHARGING[0m
[delivery_robot_main_controller-22] [0m[INFO] [1775544264.567677375] [main_controller_node]: No pending queue found or unexpected format.[0m
[delivery_robot_main_controller-22] [0m[INFO] [1775544265.468831047] [main_controller_node]: Current state: STANDBY, dock_state DOCKED, charge_state CHARGING[0m
[delivery_robot_main_controller-22] [0m[INFO] [1775544266.492713952] [main_controller_node]: Current state: STANDBY, dock_state DOCKED, charge_state CHARGING[0m
[delivery_robot_main_controller-22] [0m[INFO] [1775544266.590511070] [main_controller_node]: No pending queue found or unexpected format.[0m
[delivery_robot_main_controller-22] [0m[INFO] [1775544267.469115157] [main_controller_node]: Current state: STANDBY, dock_state DOCKED, charge_state CHARGING[0m
[delivery_robot_main_controller-22] [0m[INFO] [1775544268.485506907] [main_controller_node]: Current state: STANDBY, dock_state DOCKED, charge_state CHARGING[0m
[delivery_robot_main_controller-22] [0m[INFO] [1775544268.567828236] [main_controller_node]: No pending queue found or unexpected format.[0m
[delivery_robot_main_controller-22] [0m[INFO] [1775544269.484225541] [main_controller_node]: Current state: STANDBY, dock_state DOCKED, charge_state CHARGING[0m
[delivery_robot_main_controller-22] [0m[INFO] [1775544270.530219091] [main_controller_node]: Current state: STANDBY, dock_state DOCKED, charge_state CHARGING[0m
[delivery_robot_main_controller-22] [0m[INFO] [1775544270.610599165] [main_controller_node]: No pending queue found or unexpected format.[0m
[delivery_robot_main_controller-22] [0m[INFO] [1775544271.490172421] [main_controller_node]: Current state: STANDBY, dock_state DOCKED, charge_state CHARGING[0m
[delivery_robot_main_controller-22] [0m[INFO] [1775544272.512755420] [main_controller_node]: Current state: STANDBY, dock_state DOCKED, charge_state CHARGING[0m
[delivery_robot_main_controller-22] [0m[INFO] [1775544272.596971047] [main_controller_node]: No pending queue found or unexpected format.[0m
[delivery_robot_main_controller-22] [0m[INFO] [1775544273.502120682] [main_controller_node]: Current state: STANDBY, dock_state DOCKED, charge_state CHARGING[0m
[delivery_robot_main_controller-22] [0m[INFO] [1775544274.465992395] [main_controller_node]: Current state: STANDBY, dock_state DOCKED, charge_state CHARGING[0m
[delivery_robot_main_controller-22] [0m[INFO] [1775544274.540841527] [main_controller_node]: No pending queue found or unexpected format.[0m
[delivery_robot_main_controller-22] [0m[INFO] [1775544275.476143023] [main_controller_node]: Current state: STANDBY, dock_state DOCKED, charge_state CHARGING[0m
[delivery_robot_main_controller-22] [0m[INFO] [1775544276.467319171] [main_controller_node]: Current state: STANDBY, dock_state DOCKED, charge_state CHARGING[0m
[delivery_robot_main_controller-22] [0m[INFO] [1775544276.546577833] [main_controller_node]: No pending queue found or unexpected format.[0m
[delivery_robot_main_controller-22] [0m[INFO] [1775544277.512636957] [main_controller_node]: Current state: STANDBY, dock_state DOCKED, charge_state CHARGING[0m
[delivery_robot_main_controller-22] [0m[INFO] [1775544278.466187005] [main_controller_node]: Current state: STANDBY, dock_state DOCKED, charge_state CHARGING[0m
[delivery_robot_main_controller-22] [0m[INFO] [1775544278.546983271] [main_controller_node]: No pending queue found or unexpected format.[0m
[delivery_robot_main_controller-22] [0m[INFO] [1775544279.474704657] [main_controller_node]: Current state: STANDBY, dock_state DOCKED, charge_state CHARGING[0m
[delivery_robot_main_controller-22] [0m[INFO] [1775544280.482131813] [main_controller_node]: Current state: STANDBY, dock_state DOCKED, charge_state CHARGING[0m
[delivery_robot_main_controller-22] [0m[INFO] [1775544280.578043383] [main_controller_node]: No pending queue found or unexpected format.[0m
[delivery_robot_main_controller-22] [0m[INFO] [1775544281.467482155] [main_controller_node]: Current state: STANDBY, dock_state DOCKED, charge_state CHARGING[0m
[delivery_robot_main_controller-22] [0m[INFO] [1775544282.476888772] [main_controller_node]: Current state: STANDBY, dock_state DOCKED, charge_state CHARGING[0m
[delivery_robot_main_controller-22] [0m[INFO] [1775544282.592989564] [main_controller_node]: No pending queue found or unexpected format.[0m
[delivery_robot_main_controller-22] [0m[INFO] [1775544283.471112712] [main_controller_node]: Current state: STANDBY, dock_state DOCKED, charge_state CHARGING[0m
[delivery_robot_main_controller-22] [0m[INFO] [1775544284.490997904] [main_controller_node]: Current state: STANDBY, dock_state DOCKED, charge_state CHARGING[0m
[delivery_robot_main_controller-22] [0m[INFO] [1775544284.566255644] [main_controller_node]: No pending queue found or unexpected format.[0m
[delivery_robot_main_controller-22] [0m[INFO] [1775544285.524933568] [main_controller_node]: Current state: STANDBY, dock_state DOCKED, charge_state CHARGING[0m
[delivery_robot_main_controller-22] [0m[INFO] [1775544286.482289712] [main_controller_node]: Current state: STANDBY, dock_state DOCKED, charge_state CHARGING[0m
[delivery_robot_main_controller-22] [0m[INFO] [1775544286.578759217] [main_controller_node]: No pending queue found or unexpected format.[0m
[delivery_robot_main_controller-22] [0m[INFO] [1775544287.520407414] [main_controller_node]: Current state: STANDBY, dock_state DOCKED, charge_state CHARGING[0m
[delivery_robot_main_controller-22] [0m[INFO] [1775544288.469279610] [main_controller_node]: Current state: STANDBY, dock_state DOCKED, charge_state CHARGING[0m
[delivery_robot_main_controller-22] [0m[INFO] [1775544288.562574744] [main_controller_node]: No pending queue found or unexpected format.[0m
[delivery_robot_main_controller-22] [0m[INFO] [1775544289.505651759] [main_controller_node]: Current state: STANDBY, dock_state DOCKED, charge_state CHARGING[0m
[delivery_robot_main_controller-22] [0m[INFO] [1775544290.478688725] [main_controller_node]: Current state: STANDBY, dock_state DOCKED, charge_state CHARGING[0m
[delivery_robot_main_controller-22] [0m[INFO] [1775544290.564204549] [main_controller_node]: No pending queue found or unexpected format.[0m
[delivery_robot_main_controller-22] [0m[INFO] [1775544291.510700050] [main_controller_node]: Current state: STANDBY, dock_state DOCKED, charge_state CHARGING[0m
[bash-29] 4
[bash-29] Queue empty: current state-> STANDBY : queue_action-> 
[bash-29] queue action->Idle :  current state-> STANDBY : previous state-> 
[delivery_robot_main_controller-22] [0m[INFO] [1775544292.496239968] [main_controller_node]: Current state: STANDBY, dock_state DOCKED, charge_state CHARGING[0m
[delivery_robot_main_controller-22] [0m[INFO] [1775544292.653991405] [main_controller_node]: No pending queue found or unexpected format.[0m
[INFO] [bash-29]: process has finished cleanly [pid 35879]
[INFO] [battery_manager_node-28]: sending signal 'SIGINT' to process[battery_manager_node-28]
[INFO] [autodock_action_server-27]: sending signal 'SIGINT' to process[autodock_action_server-27]
[INFO] [dock_coordinates-26]: sending signal 'SIGINT' to process[dock_coordinates-26]
[INFO] [rpc_run_node-25]: sending signal 'SIGINT' to process[rpc_run_node-25]
[INFO] [call_robot_button-24]: sending signal 'SIGINT' to process[call_robot_button-24]
[INFO] [robot_sound-23]: sending signal 'SIGINT' to process[robot_sound-23]
[INFO] [delivery_robot_main_controller-22]: sending signal 'SIGINT' to process[delivery_robot_main_controller-22]
[INFO] [dock_coordinates-26]: process has finished cleanly [pid 35738]
[INFO] [localization_monitor-21]: sending signal 'SIGINT' to process[localization_monitor-21]
[INFO] [lifecycle_manager-20]: sending signal 'SIGINT' to process[lifecycle_manager-20]
[INFO] [collision_detector-19]: sending signal 'SIGINT' to process[collision_detector-19]
[INFO] [collision_monitor-18]: sending signal 'SIGINT' to process[collision_monitor-18]
[INFO] [velocity_smoother-17]: sending signal 'SIGINT' to process[velocity_smoother-17]
[INFO] [waypoint_follower-16]: sending signal 'SIGINT' to process[waypoint_follower-16]
[INFO] [bt_navigator-15]: sending signal 'SIGINT' to process[bt_navigator-15]
[INFO] [behavior_server-14]: sending signal 'SIGINT' to process[behavior_server-14]
[INFO] [planner_server-13]: sending signal 'SIGINT' to process[planner_server-13]
[INFO] [smoother_server-12]: sending signal 'SIGINT' to process[smoother_server-12]
[INFO] [controller_server-11]: sending signal 'SIGINT' to process[controller_server-11]
[INFO] [costmap_filter_info_server-10]: sending signal 'SIGINT' to process[costmap_filter_info_server-10]
[INFO] [map_server-9]: sending signal 'SIGINT' to process[map_server-9]
[INFO] [localization_slam_toolbox_node-8]: sending signal 'SIGINT' to process[localization_slam_toolbox_node-8]
[INFO] [robot_hardware-7]: sending signal 'SIGINT' to process[robot_hardware-7]
[INFO] [ekf_node-6]: sending signal 'SIGINT' to process[ekf_node-6]
[INFO] [scan_to_scan_filter_chain-5]: sending signal 'SIGINT' to process[scan_to_scan_filter_chain-5]
[INFO] [sllidar_node-4]: sending signal 'SIGINT' to process[sllidar_node-4]
[INFO] [joint_state_publisher-3]: sending signal 'SIGINT' to process[joint_state_publisher-3]
[INFO] [robot_state_publisher-2]: sending signal 'SIGINT' to process[robot_state_publisher-2]
[INFO] [localization_monitor-1]: sending signal 'SIGINT' to process[localization_monitor-1]
[battery_manager_node-28] Traceback (most recent call last):
[battery_manager_node-28]   File "/home/smr/workspaces/mini_amr/amrROS2_ws/install/battery_management/lib/battery_management/battery_manager_node", line 33, in <module>
[battery_manager_node-28]     sys.exit(load_entry_point('battery-management==0.0.0', 'console_scripts', 'battery_manager_node')())
[battery_manager_node-28]              ^^^^^^^^^^^^^^^^^^^^^^^^^^^^^^^^^^^^^^^^^^^^^^^^^^^^^^^^^^^^^^^^^^^^^^^^^^^^^^^^^^^^^^^^^^
[battery_manager_node-28]   File "/home/smr/workspaces/mini_amr/amrROS2_ws/install/battery_management/lib/python3.12/site-packages/battery_management/battery_manager_node.py", line 311, in main
[battery_manager_node-28]     rclpy.spin(node)
[battery_manager_node-28]   File "/opt/ros/jazzy/lib/python3.12/site-packages/rclpy/__init__.py", line 247, in spin
[battery_manager_node-28]     executor.spin_once()
[battery_manager_node-28]   File "/opt/ros/jazzy/lib/python3.12/site-packages/rclpy/executors.py", line 923, in spin_once
[battery_manager_node-28]     self._spin_once_impl(timeout_sec)
[battery_manager_node-28]   File "/opt/ros/jazzy/lib/python3.12/site-packages/rclpy/executors.py", line 904, in _spin_once_impl
[battery_manager_node-28]     handler, entity, node = self.wait_for_ready_callbacks(
[battery_manager_node-28]                             ^^^^^^^^^^^^^^^^^^^^^^^^^^^^^^
[battery_manager_node-28]   File "/opt/ros/jazzy/lib/python3.12/site-packages/rclpy/executors.py", line 874, in wait_for_ready_callbacks
[battery_manager_node-28]     return next(self._cb_iter)
[battery_manager_node-28]            ^^^^^^^^^^^^^^^^^^^
[battery_manager_node-28]   File "/opt/ros/jazzy/lib/python3.12/site-packages/rclpy/executors.py", line 778, in _wait_for_ready_callbacks
[battery_manager_node-28]     wait_set.wait(timeout_nsec)
[battery_manager_node-28] KeyboardInterrupt
[dock_coordinates-26] [INFO] [1775544293.451877681] [rclcpp]: signal_handler(SIGINT/SIGTERM)
[rpc_run_node-25] [0m[INFO] [1775544293.459584077] [rpc_run_node]: RPC run node stopped by user.[0m
[rpc_run_node-25] Failed to publish log message to rosout: publisher's context is invalid, at ./src/rcl/publisher.c:423
[rpc_run_node-25] 2026-04-07 13:44:53,462 [INFO] RPCServer stopped.
[robot_sound-23] [0m[INFO] [1775544293.522811639] [robot_sound_node]: 🔚 robot_sound_node stopped by user.[0m
[robot_sound-23] Failed to publish log message to rosout: publisher's context is invalid, at ./src/rcl/publisher.c:423
[delivery_robot_main_controller-22] [0m[INFO] [1775544293.596951466] [main_controller_node]: Node stopped by user.[0m
[delivery_robot_main_controller-22] Failed to publish log message to rosout: publisher's context is invalid, at ./src/rcl/publisher.c:423
[localization_monitor-21] Traceback (most recent call last):
[localization_monitor-21]   File "/home/smr/workspaces/mini_amr/amrROS2_ws/install/localization_monitor/lib/localization_monitor/localization_monitor", line 33, in <module>
[localization_monitor-21]     sys.exit(load_entry_point('localization-monitor', 'console_scripts', 'localization_monitor')())
[localization_monitor-21]              ^^^^^^^^^^^^^^^^^^^^^^^^^^^^^^^^^^^^^^^^^^^^^^^^^^^^^^^^^^^^^^^^^^^^^^^^^^^^^^^^^^^^^
[localization_monitor-21]   File "/home/smr/workspaces/mini_amr/amrROS2_ws/build/localization_monitor/localization_monitor/localization_monitor.py", line 114, in main
[localization_monitor-21]     rclpy.spin(node)
[localization_monitor-21]   File "/opt/ros/jazzy/lib/python3.12/site-packages/rclpy/__init__.py", line 247, in spin
[localization_monitor-21]     executor.spin_once()
[localization_monitor-21]   File "/opt/ros/jazzy/lib/python3.12/site-packages/rclpy/executors.py", line 923, in spin_once
[call_robot_button-24] [0m[INFO] [1775544293.606364626] [call_robot_button_node]: CallRobotButton interrupted by user.[0m
[call_robot_button-24] Failed to publish log message to rosout: publisher's context is invalid, at ./src/rcl/publisher.c:423
[localization_monitor-21]     self._spin_once_impl(timeout_sec)
[localization_monitor-21]   File "/opt/ros/jazzy/lib/python3.12/site-packages/rclpy/executors.py", line 904, in _spin_once_impl
[localization_monitor-21]     handler, entity, node = self.wait_for_ready_callbacks(
[localization_monitor-21]                             ^^^^^^^^^^^^^^^^^^^^^^^^^^^^^^
[localization_monitor-21]   File "/opt/ros/jazzy/lib/python3.12/site-packages/rclpy/executors.py", line 874, in wait_for_ready_callbacks
[localization_monitor-21]     return next(self._cb_iter)
[localization_monitor-21]            ^^^^^^^^^^^^^^^^^^^
[localization_monitor-21]   File "/opt/ros/jazzy/lib/python3.12/site-packages/rclpy/executors.py", line 778, in _wait_for_ready_callbacks
[localization_monitor-21]     wait_set.wait(timeout_nsec)
[localization_monitor-21] KeyboardInterrupt
[lifecycle_manager-20] [INFO] [1775544293.603875060] [rclcpp]: signal_handler(SIGINT/SIGTERM)
[lifecycle_manager-20] [INFO] [1775544293.603988222] [lifecycle_manager_navigation]: Running Nav2 LifecycleManager rcl preshutdown (lifecycle_manager_navigation)
[lifecycle_manager-20] [INFO] [1775544293.604085635] [lifecycle_manager_navigation]: [34m[1mTerminating bond timer...[0m[0m
[collision_detector-19] [INFO] [1775544293.621948328] [rclcpp]: signal_handler(SIGINT/SIGTERM)
[collision_detector-19] [INFO] [1775544293.622069656] [collision_detector]: Running Nav2 LifecycleNode rcl preshutdown (collision_detector)
[collision_detector-19] [INFO] [1775544293.622275273] [collision_detector]: Deactivating
[collision_detector-19] [INFO] [1775544293.622387851] [collision_detector]: Destroying bond (collision_detector) to lifecycle manager.
[collision_detector-19] [WARN] [1775544293.629125953] [LifecyclePublisher]: Trying to publish message on the topic '/collision_detector/collision_points_marker', but the publisher is not activated
[collision_detector-19] [WARN] [1775544293.629175826] [LifecyclePublisher]: Trying to publish message on the topic '/collision_detector_state', but the publisher is not activated
[collision_detector-19] [WARN] [1775544293.629183118] [LifecyclePublisher]: Trying to publish message on the topic '/polygon_stop_detector', but the publisher is not activated
[collision_detector-19] [WARN] [1775544293.629188367] [LifecyclePublisher]: Trying to publish message on the topic '/polygon_slowdown_detector', but the publisher is not activated
[collision_monitor-18] [INFO] [1775544293.652323013] [rclcpp]: signal_handler(SIGINT/SIGTERM)
[collision_monitor-18] [INFO] [1775544293.652451924] [collision_monitor]: Running Nav2 LifecycleNode rcl preshutdown (collision_monitor)
[collision_monitor-18] [INFO] [1775544293.652728413] [collision_monitor]: Deactivating
[collision_monitor-18] [INFO] [1775544293.654047276] [collision_monitor]: Destroying bond (collision_monitor) to lifecycle manager.
[velocity_smoother-17] [INFO] [1775544293.709157500] [rclcpp]: signal_handler(SIGINT/SIGTERM)
[velocity_smoother-17] [INFO] [1775544293.709314994] [velocity_smoother]: Running Nav2 LifecycleNode rcl preshutdown (velocity_smoother)
[velocity_smoother-17] [INFO] [1775544293.709446238] [velocity_smoother]: Deactivating
[velocity_smoother-17] [INFO] [1775544293.709494653] [velocity_smoother]: Destroying bond (velocity_smoother) to lifecycle manager.
[collision_detector-19] [INFO] [1775544293.723491461] [collision_detector]: Cleaning up
[collision_detector-19] [INFO] [1775544293.723700286] [collision_monitor]: [PolygonStop]: Destroying Polygon
[collision_detector-19] [INFO] [1775544293.723730326] [collision_monitor]: [PolygonSlow]: Destroying Polygon
[collision_detector-19] [INFO] [1775544293.723738492] [collision_monitor]: [scan]: Destroying Scan
[collision_detector-19] [INFO] [1775544293.749856183] [collision_detector]: Destroying bond (collision_detector) to lifecycle manager.
[waypoint_follower-16] [INFO] [1775544293.734257899] [rclcpp]: signal_handler(SIGINT/SIGTERM)
[waypoint_follower-16] [INFO] [1775544293.734638800] [waypoint_follower]: Running Nav2 LifecycleNode rcl preshutdown (waypoint_follower)
[waypoint_follower-16] [INFO] [1775544293.734906831] [waypoint_follower]: Deactivating
[waypoint_follower-16] [INFO] [1775544293.734980912] [waypoint_follower]: Destroying bond (waypoint_follower) to lifecycle manager.
[waypoint_follower-16] [INFO] [1775544293.767933826] [waypoint_follower]: Cleaning up
[collision_monitor-18] [INFO] [1775544293.744917300] [collision_monitor]: Cleaning up
[collision_monitor-18] [INFO] [1775544293.745016463] [collision_monitor]: [PolygonStop]: Destroying Polygon
[collision_monitor-18] [INFO] [1775544293.745049712] [collision_monitor]: [PolygonSlow]: Destroying Polygon
[collision_monitor-18] [INFO] [1775544293.745076544] [collision_monitor]: [FootprintApproach]: Destroying Polygon
[collision_monitor-18] [INFO] [1775544293.745110376] [collision_monitor]: [scan]: Destroying Scan
[velocity_smoother-17] [INFO] [1775544293.749867850] [velocity_smoother]: Cleaning up
[velocity_smoother-17] [INFO] [1775544293.750183129] [velocity_smoother]: Destroying bond (velocity_smoother) to lifecycle manager.
[collision_monitor-18] [INFO] [1775544293.834902152] [collision_monitor]: Destroying bond (collision_monitor) to lifecycle manager.
[bt_navigator-15] [INFO] [1775544293.841360557] [rclcpp]: signal_handler(SIGINT/SIGTERM)
[bt_navigator-15] [INFO] [1775544293.841582215] [bt_navigator]: Running Nav2 LifecycleNode rcl preshutdown (bt_navigator)
[bt_navigator-15] [INFO] [1775544293.841910618] [bt_navigator]: Deactivating
[bt_navigator-15] [INFO] [1775544293.842075986] [bt_navigator]: Destroying bond (bt_navigator) to lifecycle manager.
[bt_navigator-15] [INFO] [1775544293.870541499] [bt_navigator]: Cleaning up
[behavior_server-14] [INFO] [1775544293.887152700] [rclcpp]: signal_handler(SIGINT/SIGTERM)
[behavior_server-14] [INFO] [1775544293.887364442] [behavior_server]: Running Nav2 LifecycleNode rcl preshutdown (behavior_server)
[behavior_server-14] [INFO] [1775544293.887636847] [behavior_server]: Deactivating
[behavior_server-14] [INFO] [1775544293.887758759] [behavior_server]: Destroying bond (behavior_server) to lifecycle manager.
[behavior_server-14] [INFO] [1775544293.899004678] [behavior_server]: Cleaning up
[behavior_server-14] [INFO] [1775544293.916812831] [behavior_server]: Destroying bond (behavior_server) to lifecycle manager.
[collision_detector-19] [INFO] [1775544293.928173662] [collision_detector]: Destroying
[planner_server-13] [INFO] [1775544293.936269126] [rclcpp]: signal_handler(SIGINT/SIGTERM)
[planner_server-13] [INFO] [1775544293.936489908] [planner_server]: Running Nav2 LifecycleNode rcl preshutdown (planner_server)
[planner_server-13] [INFO] [1775544293.937094800] [planner_server]: Deactivating
[planner_server-13] [INFO] [1775544293.937259877] [global_costmap.global_costmap]: Deactivating
[waypoint_follower-16] [INFO] [1775544293.944827445] [waypoint_follower]: Destroying bond (waypoint_follower) to lifecycle manager.
[velocity_smoother-17] [INFO] [1775544293.952432054] [velocity_smoother]: Destroying
[planner_server-13] [INFO] [1775544293.971309997] [planner_server]: Deactivating plugin GridBased of type SmacPlanner2D
[planner_server-13] [INFO] [1775544293.971510655] [planner_server]: Destroying bond (planner_server) to lifecycle manager.
[planner_server-13] [INFO] [1775544293.982581873] [planner_server]: Cleaning up
[smoother_server-12] [INFO] [1775544293.979784903] [rclcpp]: signal_handler(SIGINT/SIGTERM)
[smoother_server-12] [INFO] [1775544293.979985270] [smoother_server]: Running Nav2 LifecycleNode rcl preshutdown (smoother_server)
[smoother_server-12] [INFO] [1775544293.980279550] [smoother_server]: Deactivating
[smoother_server-12] [INFO] [1775544293.980406419] [smoother_server]: Destroying bond (smoother_server) to lifecycle manager.
[waypoint_follower-16] [INFO] [1775544293.997591598] [waypoint_follower]: Destroying
[smoother_server-12] [INFO] [1775544294.022148352] [smoother_server]: Cleaning up
[collision_monitor-18] [INFO] [1775544294.028696295] [collision_monitor]: Destroying
[controller_server-11] [INFO] [1775544294.099881076] [rclcpp]: signal_handler(SIGINT/SIGTERM)
[controller_server-11] [INFO] [1775544294.100004154] [controller_server]: Running Nav2 LifecycleNode rcl preshutdown (controller_server)
[controller_server-11] [INFO] [1775544294.100123149] [controller_server]: Deactivating
[controller_server-11] [INFO] [1775544294.100181188] [MPPIController]: Deactivated MPPI Controller: FollowPath
[controller_server-11] [INFO] [1775544294.100201604] [local_costmap.local_costmap]: Deactivating
[planner_server-13] [INFO] [1775544294.114052876] [global_costmap.global_costmap]: Cleaning up
[costmap_filter_info_server-10] [INFO] [1775544294.132025522] [rclcpp]: signal_handler(SIGINT/SIGTERM)
[costmap_filter_info_server-10] [INFO] [1775544294.132165225] [keepout_costmap_filter_info_server]: Running Nav2 LifecycleNode rcl preshutdown (keepout_costmap_filter_info_server)
[costmap_filter_info_server-10] [INFO] [1775544294.132412257] [keepout_costmap_filter_info_server]: Deactivating
[costmap_filter_info_server-10] [INFO] [1775544294.132493920] [keepout_costmap_filter_info_server]: Destroying bond (keepout_costmap_filter_info_server) to lifecycle manager.
[controller_server-11] [INFO] [1775544294.133426340] [controller_server]: Destroying bond (controller_server) to lifecycle manager.
[map_server-9] [INFO] [1775544294.141785460] [rclcpp]: signal_handler(SIGINT/SIGTERM)
[map_server-9] [INFO] [1775544294.142117071] [keepout_filter_mask_server]: Running Nav2 LifecycleNode rcl preshutdown (keepout_filter_mask_server)
[map_server-9] [INFO] [1775544294.142375478] [keepout_filter_mask_server]: Deactivating
[map_server-9] [INFO] [1775544294.142502639] [keepout_filter_mask_server]: Destroying bond (keepout_filter_mask_server) to lifecycle manager.
[smoother_server-12] [INFO] [1775544294.192263913] [smoother_server]: Destroying bond (smoother_server) to lifecycle manager.
[smoother_server-12] [INFO] [1775544294.231999844] [smoother_server]: Destroying
[map_server-9] [INFO] [1775544294.193480989] [keepout_filter_mask_server]: Cleaning up
[map_server-9] [INFO] [1775544294.193703813] [keepout_filter_mask_server]: Destroying bond (keepout_filter_mask_server) to lifecycle manager.
[map_server-9] [INFO] [1775544294.345511325] [keepout_filter_mask_server]: Destroying
[controller_server-11] [INFO] [1775544294.193811142] [controller_server]: Cleaning up
[controller_server-11] [INFO] [1775544294.193957553] [MPPIController]: Cleaned up MPPI Controller: FollowPath
[controller_server-11] [INFO] [1775544294.194079465] [local_costmap.local_costmap]: Cleaning up
[costmap_filter_info_server-10] [INFO] [1775544294.194934013] [keepout_costmap_filter_info_server]: Cleaning up
[costmap_filter_info_server-10] [INFO] [1775544294.195030551] [keepout_costmap_filter_info_server]: Destroying bond (keepout_costmap_filter_info_server) to lifecycle manager.
[localization_slam_toolbox_node-8] [INFO] [1775544294.263785264] [rclcpp]: signal_handler(SIGINT/SIGTERM)
[localization_slam_toolbox_node-8] Unregistering sensor: Custom Described Lidar
[planner_server-13] [INFO] [1775544294.309678320] [planner_server]: Cleaning up plugin GridBased of type SmacPlanner2D
[planner_server-13] [INFO] [1775544294.318730994] [planner_server]: Destroying plugin GridBased of type SmacPlanner2D
[behavior_server-14] [INFO] [1775544294.394933113] [behavior_server]: Destroying
[robot_hardware-7] [INFO] [1775544294.461482332] [rclcpp]: signal_handler(SIGINT/SIGTERM)
[ekf_node-6] [ERROR] [1775544294.497320004] [ekf_filter_node]: Failed to meet update rate! Took 0.028986115999999999271seconds. Try decreasing the rate, limiting sensor output frequency, or limiting the number of sensors.
[ekf_node-6] [INFO] [1775544294.521988462] [rclcpp]: signal_handler(SIGINT/SIGTERM)
[costmap_filter_info_server-10] [INFO] [1775544294.515851752] [keepout_costmap_filter_info_server]: Destroying
[lifecycle_manager-20] [INFO] [1775544294.564283664] [lifecycle_manager_navigation]: Destroying lifecycle_manager_navigation
[scan_to_scan_filter_chain-5] [INFO] [1775544294.592445855] [rclcpp]: signal_handler(SIGINT/SIGTERM)
[controller_server-11] [INFO] [1775544294.649398463] [controller_server]: Destroying bond (controller_server) to lifecycle manager.
[controller_server-11] [INFO] [1775544294.714191336] [local_costmap.local_costmap]: Destroying
[robot_state_publisher-2] [INFO] [1775544294.759064183] [rclcpp]: signal_handler(SIGINT/SIGTERM)
[localization_monitor-1] Traceback (most recent call last):
[localization_monitor-1]   File "/home/smr/workspaces/mini_amr/amrROS2_ws/install/localization_monitor/lib/localization_monitor/localization_monitor", line 33, in <module>
[localization_monitor-1]     sys.exit(load_entry_point('localization-monitor', 'console_scripts', 'localization_monitor')())
[localization_monitor-1]              ^^^^^^^^^^^^^^^^^^^^^^^^^^^^^^^^^^^^^^^^^^^^^^^^^^^^^^^^^^^^^^^^^^^^^^^^^^^^^^^^^^^^^
[localization_monitor-1]   File "/home/smr/workspaces/mini_amr/amrROS2_ws/build/localization_monitor/localization_monitor/localization_monitor.py", line 114, in main
[localization_monitor-1]     rclpy.spin(node)
[localization_monitor-1]   File "/opt/ros/jazzy/lib/python3.12/site-packages/rclpy/__init__.py", line 247, in spin
[localization_monitor-1]     executor.spin_once()
[localization_monitor-1]   File "/opt/ros/jazzy/lib/python3.12/site-packages/rclpy/executors.py", line 923, in spin_once
[localization_monitor-1]     self._spin_once_impl(timeout_sec)
[localization_monitor-1]   File "/opt/ros/jazzy/lib/python3.12/site-packages/rclpy/executors.py", line 904, in _spin_once_impl
[localization_monitor-1]     handler, entity, node = self.wait_for_ready_callbacks(
[localization_monitor-1]                             ^^^^^^^^^^^^^^^^^^^^^^^^^^^^^^
[localization_monitor-1]   File "/opt/ros/jazzy/lib/python3.12/site-packages/rclpy/executors.py", line 874, in wait_for_ready_callbacks
[localization_monitor-1]     return next(self._cb_iter)
[localization_monitor-1]            ^^^^^^^^^^^^^^^^^^^
[localization_monitor-1]   File "/opt/ros/jazzy/lib/python3.12/site-packages/rclpy/executors.py", line 778, in _wait_for_ready_callbacks
[localization_monitor-1]     wait_set.wait(timeout_nsec)
[localization_monitor-1] KeyboardInterrupt
[sllidar_node-4] [INFO] [1775544294.852094495] [sllidar_node]: Stop motor
[delivery_robot_main_controller-22] Traceback (most recent call last):
[delivery_robot_main_controller-22]   File "/home/smr/workspaces/mini_amr/amrROS2_ws/install/delivery_robot_main_controller/lib/delivery_robot_main_controller/delivery_robot_main_controller", line 33, in <module>
[delivery_robot_main_controller-22]     sys.exit(load_entry_point('delivery-robot-main-controller==0.0.1', 'console_scripts', 'delivery_robot_main_controller')())
[delivery_robot_main_controller-22]              ^^^^^^^^^^^^^^^^^^^^^^^^^^^^^^^^^^^^^^^^^^^^^^^^^^^^^^^^^^^^^^^^^^^^^^^^^^^^^^^^^^^^^^^^^^^^^^^^^^^^^^^^^^^^^^^^
[delivery_robot_main_controller-22]   File "/home/smr/workspaces/mini_amr/amrROS2_ws/install/delivery_robot_main_controller/lib/python3.12/site-packages/delivery_robot_main_controller/main_controller_node.py", line 1931, in main
[delivery_robot_main_controller-22]     rclpy.shutdown()
[delivery_robot_main_controller-22]   File "/opt/ros/jazzy/lib/python3.12/site-packages/rclpy/__init__.py", line 134, in shutdown
[delivery_robot_main_controller-22]     _shutdown(context=context)
[delivery_robot_main_controller-22]   File "/opt/ros/jazzy/lib/python3.12/site-packages/rclpy/utilities.py", line 82, in shutdown
[delivery_robot_main_controller-22]     context.shutdown()
[delivery_robot_main_controller-22]   File "/opt/ros/jazzy/lib/python3.12/site-packages/rclpy/context.py", line 129, in shutdown
[delivery_robot_main_controller-22]     self.__context.shutdown()
[delivery_robot_main_controller-22] rclpy._rclpy_pybind11.RCLError: failed to shutdown: rcl_shutdown already called on the given context, at ./src/rcl/init.c:333
[planner_server-13] [INFO] [1775544295.029008530] [planner_server]: Destroying bond (planner_server) to lifecycle manager.
[controller_server-11] [INFO] [1775544295.086550572] [controller_server]: Destroying
[planner_server-13] [INFO] [1775544295.110462478] [global_costmap.global_costmap]: Destroying
[autodock_action_server-27] Traceback (most recent call last):
[autodock_action_server-27]   File "/home/smr/workspaces/mini_amr/amrROS2_ws/install/action_autodock/lib/python3.12/site-packages/action_autodock/autodock_action_server.py", line 1409, in main
[autodock_action_server-27]     executor.spin()
[autodock_action_server-27]   File "/opt/ros/jazzy/lib/python3.12/site-packages/rclpy/executors.py", line 359, in spin
[autodock_action_server-27]     self._spin_once_impl()
[autodock_action_server-27]   File "/opt/ros/jazzy/lib/python3.12/site-packages/rclpy/executors.py", line 988, in _spin_once_impl
[autodock_action_server-27]     handler, entity, node = self.wait_for_ready_callbacks(
[autodock_action_server-27]                             ^^^^^^^^^^^^^^^^^^^^^^^^^^^^^^
[autodock_action_server-27]   File "/opt/ros/jazzy/lib/python3.12/site-packages/rclpy/executors.py", line 874, in wait_for_ready_callbacks
[autodock_action_server-27]     return next(self._cb_iter)
[autodock_action_server-27]            ^^^^^^^^^^^^^^^^^^^
[autodock_action_server-27]   File "/opt/ros/jazzy/lib/python3.12/site-packages/rclpy/executors.py", line 778, in _wait_for_ready_callbacks
[autodock_action_server-27]     wait_set.wait(timeout_nsec)
[autodock_action_server-27] KeyboardInterrupt
[autodock_action_server-27] 
[autodock_action_server-27] During handling of the above exception, another exception occurred:
[autodock_action_server-27] 
[autodock_action_server-27] Traceback (most recent call last):
[autodock_action_server-27]   File "/home/smr/workspaces/mini_amr/amrROS2_ws/install/action_autodock/lib/action_autodock/autodock_action_server", line 33, in <module>
[autodock_action_server-27]     sys.exit(load_entry_point('action-autodock==0.0.0', 'console_scripts', 'autodock_action_server')())
[autodock_action_server-27]              ^^^^^^^^^^^^^^^^^^^^^^^^^^^^^^^^^^^^^^^^^^^^^^^^^^^^^^^^^^^^^^^^^^^^^^^^^^^^^^^^^^^^^^^^^
[autodock_action_server-27]   File "/home/smr/workspaces/mini_amr/amrROS2_ws/install/action_autodock/lib/python3.12/site-packages/action_autodock/autodock_action_server.py", line 1420, in main
[autodock_action_server-27]     rclpy.shutdown()   
[autodock_action_server-27]     ^^^^^^^^^^^^^^^^
[autodock_action_server-27]   File "/opt/ros/jazzy/lib/python3.12/site-packages/rclpy/__init__.py", line 134, in shutdown
[autodock_action_server-27]     _shutdown(context=context)
[autodock_action_server-27]   File "/opt/ros/jazzy/lib/python3.12/site-packages/rclpy/utilities.py", line 82, in shutdown
[autodock_action_server-27]     context.shutdown()
[autodock_action_server-27]   File "/opt/ros/jazzy/lib/python3.12/site-packages/rclpy/context.py", line 129, in shutdown
[autodock_action_server-27]     self.__context.shutdown()
[autodock_action_server-27] rclpy._rclpy_pybind11.RCLError: failed to shutdown: rcl_shutdown already called on the given context, at ./src/rcl/init.c:333
[robot_sound-23] Traceback (most recent call last):
[robot_sound-23]   File "/home/smr/workspaces/mini_amr/amrROS2_ws/install/delivery_robot_main_controller/lib/delivery_robot_main_controller/robot_sound", line 33, in <module>
[robot_sound-23]     sys.exit(load_entry_point('delivery-robot-main-controller==0.0.1', 'console_scripts', 'robot_sound')())
[robot_sound-23]              ^^^^^^^^^^^^^^^^^^^^^^^^^^^^^^^^^^^^^^^^^^^^^^^^^^^^^^^^^^^^^^^^^^^^^^^^^^^^^^^^^^^^^^^^^^^^^
[robot_sound-23]   File "/home/smr/workspaces/mini_amr/amrROS2_ws/install/delivery_robot_main_controller/lib/python3.12/site-packages/delivery_robot_main_controller/robot_sound.py", line 150, in main
[robot_sound-23]     rclpy.shutdown()
[robot_sound-23]   File "/opt/ros/jazzy/lib/python3.12/site-packages/rclpy/__init__.py", line 134, in shutdown
[ERROR] [localization_monitor-21]: process has died [pid 35498, exit code -2, cmd '/home/smr/workspaces/mini_amr/amrROS2_ws/install/localization_monitor/lib/localization_monitor/localization_monitor --ros-args -r __node:=localization_monitor --params-file /tmp/launch_params_knvhoxsm -r /tf:=tf -r /tf_static:=tf_static -r /tf:=tf -r /tf_static:=tf_static'].
[INFO] [collision_detector-19]: process has finished cleanly [pid 35490]
[robot_sound-23]     _shutdown(context=context)
[robot_sound-23]   File "/opt/ros/jazzy/lib/python3.12/site-packages/rclpy/utilities.py", line 82, in shutdown
[robot_sound-23]     context.shutdown()
[robot_sound-23]   File "/opt/ros/jazzy/lib/python3.12/site-packages/rclpy/context.py", line 129, in shutdown
[planner_server-13] [INFO] [1775544295.502767989] [planner_server]: Destroying
[robot_sound-23]     self.__context.shutdown()
[robot_sound-23] rclpy._rclpy_pybind11.RCLError: failed to shutdown: rcl_shutdown already called on the given context, at ./src/rcl/init.c:333
[rpc_run_node-25] Traceback (most recent call last):
[rpc_run_node-25]   File "/home/smr/workspaces/mini_amr/amrROS2_ws/install/delivery_robot_main_controller/lib/delivery_robot_main_controller/rpc_run_node", line 33, in <module>
[rpc_run_node-25]     sys.exit(load_entry_point('delivery-robot-main-controller==0.0.1', 'console_scripts', 'rpc_run_node')())
[rpc_run_node-25]              ^^^^^^^^^^^^^^^^^^^^^^^^^^^^^^^^^^^^^^^^^^^^^^^^^^^^^^^^^^^^^^^^^^^^^^^^^^^^^^^^^^^^^^^^^^^^^^
[rpc_run_node-25]   File "/home/smr/workspaces/mini_amr/amrROS2_ws/install/delivery_robot_main_controller/lib/python3.12/site-packages/delivery_robot_main_controller/rpc_run_node.py", line 57, in main
[rpc_run_node-25]     rclpy.shutdown()
[rpc_run_node-25]   File "/opt/ros/jazzy/lib/python3.12/site-packages/rclpy/__init__.py", line 134, in shutdown
[rpc_run_node-25]     _shutdown(context=context)
[rpc_run_node-25]   File "/opt/ros/jazzy/lib/python3.12/site-packages/rclpy/utilities.py", line 82, in shutdown
[rpc_run_node-25]     context.shutdown()
[rpc_run_node-25]   File "/opt/ros/jazzy/lib/python3.12/site-packages/rclpy/context.py", line 129, in shutdown
[rpc_run_node-25]     self.__context.shutdown()
[rpc_run_node-25] rclpy._rclpy_pybind11.RCLError: failed to shutdown: rcl_shutdown already called on the given context, at ./src/rcl/init.c:333
[bt_navigator-15] [INFO] [1775544295.616206557] [bt_navigator]: Completed Cleaning up
[bt_navigator-15] [INFO] [1775544295.616352384] [bt_navigator]: Destroying bond (bt_navigator) to lifecycle manager.
[INFO] [behavior_server-14]: process has finished cleanly [pid 35443]
[bt_navigator-15] [INFO] [1775544295.739197403] [bt_navigator]: Destroying
[ERROR] [battery_manager_node-28]: process has died [pid 35740, exit code -2, cmd '/home/smr/workspaces/mini_amr/amrROS2_ws/install/battery_management/lib/battery_management/battery_manager_node --ros-args -r __node:=battery_manager -r __ns:=/ --params-file /home/smr/workspaces/mini_amr/amrROS2_ws/install/battery_management/share/battery_management/config/battery_manager.yaml -r /tf:=tf -r /tf_static:=tf_static'].
[call_robot_button-24] Traceback (most recent call last):
[call_robot_button-24]   File "/home/smr/workspaces/mini_amr/amrROS2_ws/install/delivery_robot_main_controller/lib/delivery_robot_main_controller/call_robot_button", line 33, in <module>
[call_robot_button-24]     sys.exit(load_entry_point('delivery-robot-main-controller==0.0.1', 'console_scripts', 'call_robot_button')())
[call_robot_button-24]              ^^^^^^^^^^^^^^^^^^^^^^^^^^^^^^^^^^^^^^^^^^^^^^^^^^^^^^^^^^^^^^^^^^^^^^^^^^^^^^^^^^^^^^^^^^^^^^^^^^^
[call_robot_button-24]   File "/home/smr/workspaces/mini_amr/amrROS2_ws/install/delivery_robot_main_controller/lib/python3.12/site-packages/delivery_robot_main_controller/call_button.py", line 251, in main
[call_robot_button-24]     rclpy.shutdown()
[call_robot_button-24]   File "/opt/ros/jazzy/lib/python3.12/site-packages/rclpy/__init__.py", line 134, in shutdown
[call_robot_button-24]     _shutdown(context=context)
[call_robot_button-24]   File "/opt/ros/jazzy/lib/python3.12/site-packages/rclpy/utilities.py", line 82, in shutdown
[call_robot_button-24]     context.shutdown()
[call_robot_button-24]   File "/opt/ros/jazzy/lib/python3.12/site-packages/rclpy/context.py", line 129, in shutdown
[call_robot_button-24]     self.__context.shutdown()
[call_robot_button-24] rclpy._rclpy_pybind11.RCLError: failed to shutdown: rcl_shutdown already called on the given context, at ./src/rcl/init.c:333
[INFO] [map_server-9]: process has finished cleanly [pid 35428]
[INFO] [velocity_smoother-17]: process has finished cleanly [pid 35474]
[INFO] [costmap_filter_info_server-10]: process has finished cleanly [pid 35431]
[INFO] [waypoint_follower-16]: process has finished cleanly [pid 35460]
[ERROR] [rpc_run_node-25]: process has died [pid 35737, exit code 1, cmd '/home/smr/workspaces/mini_amr/amrROS2_ws/install/delivery_robot_main_controller/lib/delivery_robot_main_controller/rpc_run_node --ros-args -r __node:=rpc_run_node -r __ns:=/ -r /tf:=tf -r /tf_static:=tf_static'].
[INFO] [smoother_server-12]: process has finished cleanly [pid 35437]
[INFO] [lifecycle_manager-20]: process has finished cleanly [pid 35495]
[ERROR] [robot_sound-23]: process has died [pid 35735, exit code 1, cmd '/home/smr/workspaces/mini_amr/amrROS2_ws/install/delivery_robot_main_controller/lib/delivery_robot_main_controller/robot_sound --ros-args -r __node:=robot_sound_node -r __ns:=/ -r /tf:=tf -r /tf_static:=tf_static'].
[INFO] [robot_hardware-7]: process has finished cleanly [pid 35424]
[ERROR] [call_robot_button-24]: process has died [pid 35736, exit code 1, cmd '/home/smr/workspaces/mini_amr/amrROS2_ws/install/delivery_robot_main_controller/lib/delivery_robot_main_controller/call_robot_button --ros-args -r __node:=call_robot_button_node -r __ns:=/ -r /tf:=tf -r /tf_static:=tf_static'].
[INFO] [collision_monitor-18]: process has finished cleanly [pid 35484]
[INFO] [joint_state_publisher-3]: process has finished cleanly [pid 35420]
[INFO] [scan_to_scan_filter_chain-5]: process has finished cleanly [pid 35422]
[ERROR] [localization_monitor-1]: process has died [pid 35418, exit code -2, cmd '/home/smr/workspaces/mini_amr/amrROS2_ws/install/localization_monitor/lib/localization_monitor/localization_monitor --ros-args -r __node:=localization_monitor --params-file /tmp/launch_params_oqp3e4_n'].
[INFO] [controller_server-11]: process has finished cleanly [pid 35432]
[INFO] [planner_server-13]: process has finished cleanly [pid 35440]
[INFO] [robot_state_publisher-2]: process has finished cleanly [pid 35419]
[INFO] [ekf_node-6]: process has finished cleanly [pid 35423]
[INFO] [localization_slam_toolbox_node-8]: process has finished cleanly [pid 35425]
[INFO] [bt_navigator-15]: process has finished cleanly [pid 35448]
[INFO] [sllidar_node-4]: process has finished cleanly [pid 35421]
[ERROR] [delivery_robot_main_controller-22]: process has died [pid 35734, exit code 1, cmd '/home/smr/workspaces/mini_amr/amrROS2_ws/install/delivery_robot_main_controller/lib/delivery_robot_main_controller/delivery_robot_main_controller --ros-args -r __node:=main_controller_node -r __ns:=/ --params-file /tmp/launch_params_6mru0lc9 -r /tf:=tf -r /tf_static:=tf_static'].
[ERROR] [autodock_action_server-27]: process has died [pid 35739, exit code 1, cmd '/home/smr/workspaces/mini_amr/amrROS2_ws/install/action_autodock/lib/action_autodock/autodock_action_server --ros-args -r __ns:=/ --params-file /home/smr/workspaces/mini_amr/amrROS2_ws/install/action_autodock/share/action_autodock/config/auto_dock_config.yaml --params-file /tmp/launch_params_7rsb8x8e -r /tf:=tf -r /tf_static:=tf_static'].
