[INFO] [launch]: All log files can be found below /home/smr/.ros/log/2026-04-07-15-47-37-438219-one-16729
[INFO] [launch]: Default logging verbosity is set to INFO
[INFO] [localization_monitor-1]: process started with pid [16752]
[INFO] [robot_state_publisher-2]: process started with pid [16753]
[INFO] [joint_state_publisher-3]: process started with pid [16754]
[INFO] [sllidar_node-4]: process started with pid [16755]
[INFO] [scan_to_scan_filter_chain-5]: process started with pid [16756]
[INFO] [ekf_node-6]: process started with pid [16757]
[INFO] [robot_hardware-7]: process started with pid [16758]
[INFO] [localization_slam_toolbox_node-8]: process started with pid [16760]
[INFO] [map_server-9]: process started with pid [16761]
[INFO] [costmap_filter_info_server-10]: process started with pid [16762]
[INFO] [controller_server-11]: process started with pid [16763]
[INFO] [smoother_server-12]: process started with pid [16764]
[INFO] [planner_server-13]: process started with pid [16765]
[INFO] [behavior_server-14]: process started with pid [16766]
[INFO] [bt_navigator-15]: process started with pid [16769]
[INFO] [waypoint_follower-16]: process started with pid [16774]
[INFO] [velocity_smoother-17]: process started with pid [16777]
[INFO] [collision_monitor-18]: process started with pid [16778]
[INFO] [collision_detector-19]: process started with pid [16779]
[INFO] [lifecycle_manager-20]: process started with pid [16780]
[INFO] [localization_monitor-21]: process started with pid [16781]
[robot_hardware-7] Serial port opened at port /dev/teensy with baudrate 460800
[robot_hardware-7] Created receive data thread
[sllidar_node-4] [INFO] [1775551658.797661828] [sllidar_node]: SLLidar running on ROS2 package SLLidar.ROS2 SDK Version:1.0.1, SLLIDAR SDK Version:2.1.0
[sllidar_node-4] [INFO] [1775551658.863257295] [sllidar_node]: SLLidar S/N: 6E42ED93C5E19FD9B5E192F9EE904B72
[sllidar_node-4] [INFO] [1775551658.863393498] [sllidar_node]: Firmware Ver: 1.00
[sllidar_node-4] [INFO] [1775551658.863431122] [sllidar_node]: Hardware Rev: 18
[sllidar_node-4] [INFO] [1775551658.868791443] [sllidar_node]: SLLidar health status : 0
[sllidar_node-4] [INFO] [1775551658.868849774] [sllidar_node]: SLLidar health status : OK.
[velocity_smoother-17] [INFO] [1775551658.938810729] [velocity_smoother]: 
[velocity_smoother-17] 	velocity_smoother lifecycle node launched. 
[velocity_smoother-17] 	Waiting on external lifecycle transitions to activate
[velocity_smoother-17] 	See https://design.ros2.org/articles/node_lifecycle.html for more information.
[robot_state_publisher-2] [INFO] [1775551658.991787757] [robot_state_publisher]: Robot initialized
[smoother_server-12] [INFO] [1775551659.022928601] [smoother_server]: 
[smoother_server-12] 	smoother_server lifecycle node launched. 
[smoother_server-12] 	Waiting on external lifecycle transitions to activate
[smoother_server-12] 	See https://design.ros2.org/articles/node_lifecycle.html for more information.
[planner_server-13] [INFO] [1775551659.101409955] [planner_server]: 
[planner_server-13] 	planner_server lifecycle node launched. 
[planner_server-13] 	Waiting on external lifecycle transitions to activate
[planner_server-13] 	See https://design.ros2.org/articles/node_lifecycle.html for more information.
[planner_server-13] [INFO] [1775551659.108533621] [planner_server]: Creating
[smoother_server-12] [INFO] [1775551659.108687906] [smoother_server]: Creating smoother server
[planner_server-13] [INFO] [1775551659.117729201] [global_costmap.global_costmap]: 
[planner_server-13] 	global_costmap lifecycle node launched. 
[planner_server-13] 	Waiting on external lifecycle transitions to activate
[planner_server-13] 	See https://design.ros2.org/articles/node_lifecycle.html for more information.
[planner_server-13] [INFO] [1775551659.131520383] [global_costmap.global_costmap]: Creating Costmap
[waypoint_follower-16] [INFO] [1775551659.144129781] [waypoint_follower]: 
[waypoint_follower-16] 	waypoint_follower lifecycle node launched. 
[waypoint_follower-16] 	Waiting on external lifecycle transitions to activate
[waypoint_follower-16] 	See https://design.ros2.org/articles/node_lifecycle.html for more information.
[collision_monitor-18] [INFO] [1775551659.150416981] [collision_monitor]: 
[collision_monitor-18] 	collision_monitor lifecycle node launched. 
[collision_monitor-18] 	Waiting on external lifecycle transitions to activate
[collision_monitor-18] 	See https://design.ros2.org/articles/node_lifecycle.html for more information.
[controller_server-11] [INFO] [1775551659.154759719] [controller_server]: 
[controller_server-11] 	controller_server lifecycle node launched. 
[controller_server-11] 	Waiting on external lifecycle transitions to activate
[controller_server-11] 	See https://design.ros2.org/articles/node_lifecycle.html for more information.
[sllidar_node-4] [INFO] [1775551659.168683021] [sllidar_node]: current scan mode: Standard, sample rate: 11 Khz, max_distance: 30.0 m, scan frequency:10.0 Hz, 
[waypoint_follower-16] [INFO] [1775551659.174673608] [waypoint_follower]: Creating
[controller_server-11] [INFO] [1775551659.175519698] [controller_server]: Creating controller server
[controller_server-11] [INFO] [1775551659.181577949] [local_costmap.local_costmap]: 
[controller_server-11] 	local_costmap lifecycle node launched. 
[controller_server-11] 	Waiting on external lifecycle transitions to activate
[controller_server-11] 	See https://design.ros2.org/articles/node_lifecycle.html for more information.
[controller_server-11] [INFO] [1775551659.185951019] [local_costmap.local_costmap]: Creating Costmap
[costmap_filter_info_server-10] [INFO] [1775551659.195717367] [costmap_filter_info_server]: This is costmap filter info publisher
[costmap_filter_info_server-10] [INFO] [1775551659.347574369] [keepout_costmap_filter_info_server]: 
[costmap_filter_info_server-10] 	keepout_costmap_filter_info_server lifecycle node launched. 
[costmap_filter_info_server-10] 	Waiting on external lifecycle transitions to activate
[costmap_filter_info_server-10] 	See https://design.ros2.org/articles/node_lifecycle.html for more information.
[behavior_server-14] [INFO] [1775551659.423197799] [behavior_server]: 
[behavior_server-14] 	behavior_server lifecycle node launched. 
[behavior_server-14] 	Waiting on external lifecycle transitions to activate
[behavior_server-14] 	See https://design.ros2.org/articles/node_lifecycle.html for more information.
[lifecycle_manager-20] [INFO] [1775551659.449211062] [lifecycle_manager_navigation]: Creating
[localization_slam_toolbox_node-8] [INFO] [1775551659.512639244] [slam_toolbox]: Node using stack size 40000000
[lifecycle_manager-20] [INFO] [1775551659.547910793] [lifecycle_manager_navigation]: [34m[1mCreating and initializing lifecycle service clients[0m[0m
[bt_navigator-15] [INFO] [1775551659.548227822] [bt_navigator]: 
[bt_navigator-15] 	bt_navigator lifecycle node launched. 
[bt_navigator-15] 	Waiting on external lifecycle transitions to activate
[bt_navigator-15] 	See https://design.ros2.org/articles/node_lifecycle.html for more information.
[bt_navigator-15] [INFO] [1775551659.567810100] [bt_navigator]: Creating
[collision_detector-19] [INFO] [1775551659.703594305] [collision_detector]: 
[collision_detector-19] 	collision_detector lifecycle node launched. 
[collision_detector-19] 	Waiting on external lifecycle transitions to activate
[collision_detector-19] 	See https://design.ros2.org/articles/node_lifecycle.html for more information.
[map_server-9] [INFO] [1775551659.807293288] [keepout_filter_mask_server]: 
[map_server-9] 	keepout_filter_mask_server lifecycle node launched. 
[map_server-9] 	Waiting on external lifecycle transitions to activate
[map_server-9] 	See https://design.ros2.org/articles/node_lifecycle.html for more information.
[map_server-9] [INFO] [1775551659.807688480] [keepout_filter_mask_server]: Creating
[scan_to_scan_filter_chain-5] [WARN] [1775551660.058335043] [scan_to_scan_filter_chain]: diagnostic_updater: No HW_ID was set. This is probably a bug. Please report it. For devices that do not have a HW_ID, set this value to 'none'. This warning only occurs once all diagnostics are OK. It is okay to wait until the device is open before calling setHardwareID.
[localization_slam_toolbox_node-8] [INFO] [1775551660.074338426] [slam_toolbox]: Configuring
[localization_slam_toolbox_node-8] [INFO] [1775551660.453413955] [slam_toolbox]: Using solver plugin solver_plugins::CeresSolver
[localization_slam_toolbox_node-8] [INFO] [1775551660.467272801] [slam_toolbox]: CeresSolver: Using SCHUR_JACOBI preconditioner.
[lifecycle_manager-20] [INFO] [1775551660.708474419] [lifecycle_manager_navigation]: [34m[1mStarting managed nodes bringup...[0m[0m
[lifecycle_manager-20] [INFO] [1775551660.709543917] [lifecycle_manager_navigation]: [34m[1mConfiguring controller_server[0m[0m
[controller_server-11] [INFO] [1775551660.711159392] [controller_server]: Configuring controller interface
[controller_server-11] [INFO] [1775551660.711261471] [controller_server]: getting progress checker plugins..
[controller_server-11] [INFO] [1775551660.716374177] [controller_server]: getting goal checker plugins..
[controller_server-11] [INFO] [1775551660.725389515] [controller_server]: Controller frequency set to 10.0000Hz
[controller_server-11] [INFO] [1775551660.725600381] [local_costmap.local_costmap]: Configuring
[controller_server-11] [INFO] [1775551660.809997075] [local_costmap.local_costmap]: Using plugin "obstacle_layer"
[controller_server-11] [INFO] [1775551660.864570913] [local_costmap.local_costmap]: Subscribed to Topics: scan
[controller_server-11] [INFO] [1775551660.992990255] [local_costmap.local_costmap]: Initialized plugin "obstacle_layer"
[controller_server-11] [INFO] [1775551660.996173666] [local_costmap.local_costmap]: Using plugin "denoise_layer"
[controller_server-11] [INFO] [1775551661.005517114] [local_costmap.local_costmap]: Initialized plugin "denoise_layer"
[controller_server-11] [INFO] [1775551661.008403037] [local_costmap.local_costmap]: Using plugin "inflation_layer"
[controller_server-11] [INFO] [1775551661.022732323] [local_costmap.local_costmap]: Initialized plugin "inflation_layer"
[controller_server-11] [INFO] [1775551661.022784821] [local_costmap.local_costmap]: Using costmap filter "keepout_filter"
[controller_server-11] [INFO] [1775551661.031932569] [local_costmap.local_costmap]: Initialized costmap filter "keepout_filter"
[controller_server-11] [INFO] [1775551661.032722079] [local_costmap.local_costmap]: Using costmap filter "inflation_layer2"
[controller_server-11] [INFO] [1775551661.035402968] [local_costmap.local_costmap]: Initialized costmap filter "inflation_layer2"
[localization_monitor-1] [INFO] [1775551661.087698983] [localization_monitor]: Localization Monitor Started
[controller_server-11] [INFO] [1775551661.144496688] [controller_server]: Created progress_checker : progress_checker of type nav2_controller::SimpleProgressChecker
[controller_server-11] [INFO] [1775551661.148463483] [controller_server]: Controller Server has progress_checker  progress checkers available.
[localization_slam_toolbox_node-8] Load From File /home/smr/workspaces/mini_amr/amrROS2_ws/maps/latest_map.posegraph 
[localization_slam_toolbox_node-8] Mapper <- Module
[localization_slam_toolbox_node-8] Mapper <- m_pSequentialScanMatcher
[localization_slam_toolbox_node-8] Mapper <- m_pGraph
[localization_slam_toolbox_node-8] MapperGraph <- Graph; Graph <- m_Edges; Graph <- m_Vertices
[localization_slam_toolbox_node-8] MapperGraph <- m_pMapper; MapperGraph <- m_pLoopScanMatcher; MapperGraph <- m_pTraversal
[localization_slam_toolbox_node-8] Mapper <- m_pMapperSensorManager
[localization_slam_toolbox_node-8] MapperSensorManager <- m_ScanManagers; MapperSensorManager <- m_Scans
[localization_slam_toolbox_node-8] Mapper <- m_Listeners
[localization_slam_toolbox_node-8] **Finished serializing Mapper**
[localization_slam_toolbox_node-8] Load From File
[localization_slam_toolbox_node-8] **Serializing Dataset**
[localization_slam_toolbox_node-8] Dataset <- m_SensorNameLookup
[localization_slam_toolbox_node-8] Dataset <- m_Data
[localization_slam_toolbox_node-8] Dataset <- m_Lasers
[localization_slam_toolbox_node-8] Dataset <- m_pDatasetInfo
[localization_slam_toolbox_node-8] **Finished serializing Dataset**
[localization_slam_toolbox_node-8] Registering sensor: [Custom Described Lidar]
[localization_slam_toolbox_node-8] WARNING: Logging before InitGoogleLogging() is written to STDERR
[localization_slam_toolbox_node-8] W20260407 15:47:41.151306 16760 preprocessor.cc:67] Specified options.num_threads: 50 exceeds maximum available from the threading model Ceres was compiled with: 8.  Bounding to maximum number available.
[controller_server-11] [INFO] [1775551661.152824887] [controller_server]: Created goal checker : goal_checker of type nav2_controller::SimpleGoalChecker
[controller_server-11] [INFO] [1775551661.156073628] [controller_server]: Controller Server has goal_checker  goal checkers available.
[INFO] [launch.user]: [LifecycleLaunch] Slamtoolbox node is activating.
[controller_server-11] [INFO] [1775551661.178528413] [controller_server]: Created controller : FollowPath of type nav2_mppi_controller::MPPIController
[controller_server-11] [INFO] [1775551661.211599136] [controller_server]: Controller period is equal to model dt. Control sequence shifting is ON
[localization_slam_toolbox_node-8] [INFO] [1775551661.221173575] [slam_toolbox]: Activating
[controller_server-11] [INFO] [1775551661.222953543] [controller_server]: ConstraintCritic instantiated with 1 power and 4.000000 weight.
[controller_server-11] [INFO] [1775551661.223097038] [controller_server]: Critic loaded : mppi::critics::ConstraintCritic
[controller_server-11] [INFO] [1775551661.226948629] [controller_server]: InflationCostCritic instantiated with 1 power and 300.000000 / 0.015000 weights. Critic will collision check based on footprint cost.
[controller_server-11] [INFO] [1775551661.227001127] [controller_server]: Critic loaded : mppi::critics::CostCritic
[controller_server-11] [INFO] [1775551661.229112998] [controller_server]: GoalCritic instantiated with 1 power and 5.000000 weight.
[controller_server-11] [INFO] [1775551661.229215078] [controller_server]: Critic loaded : mppi::critics::GoalCritic
[controller_server-11] [INFO] [1775551661.230317824] [controller_server]: GoalAngleCritic instantiated with 1 power, 3.000000 weight, and 0.500000 angular threshold.
[controller_server-11] [INFO] [1775551661.230558439] [controller_server]: Critic loaded : mppi::critics::GoalAngleCritic
[controller_server-11] [INFO] [1775551661.233789389] [controller_server]: ReferenceTrajectoryCritic instantiated with 1 power and 2.000000 weight
[controller_server-11] [INFO] [1775551661.233836929] [controller_server]: Critic loaded : mppi::critics::PathAlignCritic
[controller_server-11] [INFO] [1775551661.236707394] [controller_server]: Critic loaded : mppi::critics::PathFollowCritic
[controller_server-11] [INFO] [1775551661.239351827] [controller_server]: PathAngleCritic instantiated with 1 power and 1.500000 weight. Mode set to: Forward Preference
[controller_server-11] [INFO] [1775551661.239407825] [controller_server]: Critic loaded : mppi::critics::PathAngleCritic
[controller_server-11] [INFO] [1775551661.240514654] [controller_server]: PreferForwardCritic instantiated with 1 power and 10.000000 weight.
[controller_server-11] [INFO] [1775551661.240567735] [controller_server]: Critic loaded : mppi::critics::PreferForwardCritic
[controller_server-11] [INFO] [1775551661.242032717] [controller_server]: Optimizer reset
[localization_monitor-21] [INFO] [1775551661.223160910] [localization_monitor]: Localization Monitor Started
[controller_server-11] [INFO] [1775551661.260720490] [MPPIController]: Configured MPPI Controller: FollowPath
[controller_server-11] [INFO] [1775551661.260756071] [controller_server]: Controller Server has FollowPath  controllers available.
[lifecycle_manager-20] [INFO] [1775551661.301375109] [lifecycle_manager_navigation]: [34m[1mConfiguring smoother_server[0m[0m
[smoother_server-12] [INFO] [1775551661.313370282] [smoother_server]: Configuring smoother server
[localization_slam_toolbox_node-8] Registering sensor: [Custom Described Lidar]
[smoother_server-12] [INFO] [1775551661.386790261] [smoother_server]: Created smoother : simple_smoother of type nav2_smoother::SimpleSmoother
[localization_monitor-21] [ERROR] [1775551661.435761121] [localization_monitor]: ⚠️  LOCALIZATION LOST! High covariance detected: 0.7729
[localization_monitor-1] [ERROR] [1775551661.437613420] [localization_monitor]: ⚠️  LOCALIZATION LOST! High covariance detected: 0.7729
[localization_monitor-21] [ERROR] [1775551661.438323307] [localization_monitor]: ==================================================
[smoother_server-12] [INFO] [1775551661.438482551] [smoother_server]: Smoother Server has simple_smoother  smoothers available.
[localization_monitor-21] [ERROR] [1775551661.443205898] [localization_monitor]: LOCALIZATION FAILED!
[localization_monitor-21] [ERROR] [1775551661.452005411] [localization_monitor]: Please restart the program or re-initialize pose
[localization_monitor-21] [ERROR] [1775551661.454970956] [localization_monitor]: Run: ros2 service call /slam_toolbox/clear_changes ...
[localization_monitor-21] [ERROR] [1775551661.459295320] [localization_monitor]: ==================================================
[localization_monitor-1] [ERROR] [1775551661.453335940] [localization_monitor]: ==================================================
[localization_monitor-1] [ERROR] [1775551661.474144625] [localization_monitor]: LOCALIZATION FAILED!
[localization_monitor-1] [ERROR] [1775551661.485140590] [localization_monitor]: Please restart the program or re-initialize pose
[localization_monitor-1] [ERROR] [1775551661.493072138] [localization_monitor]: Run: ros2 service call /slam_toolbox/clear_changes ...
[lifecycle_manager-20] [INFO] [1775551661.496462332] [lifecycle_manager_navigation]: [34m[1mConfiguring planner_server[0m[0m
[planner_server-13] [INFO] [1775551661.496988477] [planner_server]: Configuring
[planner_server-13] [INFO] [1775551661.497043892] [global_costmap.global_costmap]: Configuring
[localization_monitor-1] [ERROR] [1775551661.503496168] [localization_monitor]: ==================================================
[planner_server-13] [INFO] [1775551661.519266811] [global_costmap.global_costmap]: Using plugin "static_layer"
[planner_server-13] [INFO] [1775551661.536596931] [global_costmap.global_costmap]: Subscribing to the map topic (/map) with transient local durability
[planner_server-13] [INFO] [1775551661.549401446] [global_costmap.global_costmap]: Initialized plugin "static_layer"
[planner_server-13] [INFO] [1775551661.553368824] [global_costmap.global_costmap]: Using plugin "obstacle_layer"
[planner_server-13] [INFO] [1775551661.595426594] [global_costmap.global_costmap]: Subscribed to Topics: scan
[planner_server-13] [INFO] [1775551661.647682360] [global_costmap.global_costmap]: Initialized plugin "obstacle_layer"
[planner_server-13] [INFO] [1775551661.647861145] [global_costmap.global_costmap]: Using plugin "inflation_layer"
[planner_server-13] [INFO] [1775551661.656688365] [global_costmap.global_costmap]: Initialized plugin "inflation_layer"
[planner_server-13] [INFO] [1775551661.656793652] [global_costmap.global_costmap]: Using costmap filter "keepout_filter"
[joint_state_publisher-3] [INFO] [1775551661.665288969] [joint_state_publisher]: Waiting for robot_description to be published on the robot_description topic...
[planner_server-13] [INFO] [1775551661.686647132] [global_costmap.global_costmap]: Initialized costmap filter "keepout_filter"
[planner_server-13] [INFO] [1775551661.686758253] [global_costmap.global_costmap]: Using costmap filter "inflation_layer2"
[planner_server-13] [INFO] [1775551661.699584933] [global_costmap.global_costmap]: Initialized costmap filter "inflation_layer2"
[planner_server-13] [INFO] [1775551661.766910205] [global_costmap.global_costmap]: StaticLayer: Resizing costmap to 287 X 297 at 0.050000 m/pix
[planner_server-13] [INFO] [1775551661.778201324] [planner_server]: Created global planner plugin GridBased of type nav2_smac_planner::SmacPlanner2D
[planner_server-13] [INFO] [1775551661.778280654] [planner_server]: Configuring GridBased of type SmacPlanner2D
[planner_server-13] [ERROR] [1775551661.792007381] [planner_server]: Inflation layer either not found or inflation is not set sufficiently for optimized non-circular collision checking capabilities. It is HIGHLY recommended to set the inflation radius to be at MINIMUM half of the robot's largest cross-section. See github.com/ros-planning/navigation2/tree/main/nav2_smac_planner#potential-fields for full instructions. This will substantially impact run-time performance.
[planner_server-13] [INFO] [1775551661.801565488] [planner_server]: Configured plugin GridBased of type SmacPlanner2D with tolerance 0.12, maximum iterations 1000000, max on approach iterations 1000, and not allowing unknown traversal.
[planner_server-13] [INFO] [1775551661.801683608] [planner_server]: Planner Server has GridBased  planners available.
[lifecycle_manager-20] [INFO] [1775551661.832609794] [lifecycle_manager_navigation]: [34m[1mConfiguring behavior_server[0m[0m
[behavior_server-14] [INFO] [1775551661.833489132] [behavior_server]: Configuring
[behavior_server-14] [INFO] [1775551661.841243063] [behavior_server]: Creating behavior plugin backup of type nav2_behaviors::BackUp
[behavior_server-14] [INFO] [1775551661.844982368] [behavior_server]: Creating behavior plugin wait of type nav2_behaviors::Wait
[behavior_server-14] [INFO] [1775551661.876241040] [behavior_server]: Configuring backup
[behavior_server-14] [INFO] [1775551661.904909819] [behavior_server]: Configuring wait
[lifecycle_manager-20] [INFO] [1775551661.929795253] [lifecycle_manager_navigation]: [34m[1mConfiguring velocity_smoother[0m[0m
[velocity_smoother-17] [INFO] [1775551661.930717466] [velocity_smoother]: Configuring velocity smoother
[lifecycle_manager-20] [INFO] [1775551661.942363236] [lifecycle_manager_navigation]: [34m[1mConfiguring collision_monitor[0m[0m
[collision_monitor-18] [INFO] [1775551661.943475899] [collision_monitor]: Configuring
[collision_monitor-18] [INFO] [1775551661.962360247] [collision_monitor]: [scan]: Creating Scan
[collision_monitor-18] [INFO] [1775551661.970269630] [collision_monitor]: [PolygonStop]: Creating Polygon
[collision_monitor-18] [INFO] [1775551661.976606411] [collision_monitor]: [PolygonSlow]: Creating Polygon
[collision_monitor-18] [INFO] [1775551661.991262350] [collision_monitor]: [FootprintApproach]: Creating Polygon
[collision_monitor-18] [INFO] [1775551661.996171481] [collision_monitor]: [FootprintApproach]: Polygon points are not defined. Using dynamic subscription instead.
[collision_monitor-18] [INFO] [1775551662.008341938] [collision_monitor]: [FootprintApproach]: Making footprint subscriber on /local_costmap/published_footprint topic
[lifecycle_manager-20] [INFO] [1775551662.034757393] [lifecycle_manager_navigation]: [34m[1mConfiguring collision_detector[0m[0m
[collision_detector-19] [INFO] [1775551662.037724688] [collision_detector]: Configuring
[collision_detector-19] [INFO] [1775551662.070478382] [collision_monitor]: [scan]: Creating Scan
[collision_detector-19] [INFO] [1775551662.078300269] [collision_monitor]: [PolygonStop]: Creating Polygon
[collision_detector-19] [INFO] [1775551662.093361024] [collision_monitor]: [PolygonSlow]: Creating Polygon
[lifecycle_manager-20] [INFO] [1775551662.110461612] [lifecycle_manager_navigation]: [34m[1mConfiguring bt_navigator[0m[0m
[bt_navigator-15] [INFO] [1775551662.111018089] [bt_navigator]: Configuring
[bt_navigator-15] [INFO] [1775551662.124829979] [bt_navigator]: Creating navigator id navigate_to_pose of type nav2_bt_navigator::NavigateToPoseNavigator
[bt_navigator-15] [INFO] [1775551662.322643590] [bt_navigator]: Creating navigator id navigate_through_poses of type nav2_bt_navigator::NavigateThroughPosesNavigator
[lifecycle_manager-20] [INFO] [1775551662.410707551] [lifecycle_manager_navigation]: [34m[1mConfiguring waypoint_follower[0m[0m
[waypoint_follower-16] [INFO] [1775551662.411843546] [waypoint_follower]: Configuring
[waypoint_follower-16] [INFO] [1775551662.476815747] [waypoint_follower]: Created waypoint_task_executor : wait_at_waypoint of type nav2_waypoint_follower::WaitAtWaypoint
[lifecycle_manager-20] [INFO] [1775551662.479566343] [lifecycle_manager_navigation]: [34m[1mConfiguring keepout_filter_mask_server[0m[0m
[map_server-9] [INFO] [1775551662.480057197] [keepout_filter_mask_server]: Configuring
[map_server-9] [INFO] [1775551662.480149360] [map_io]: Loading yaml file: /home/smr/workspaces/mini_amr/amrROS2_ws/maps/latest_map_keepout.yaml
[map_server-9] [INFO] [1775551662.481025491] [map_io]: resolution: 0.05
[map_server-9] [INFO] [1775551662.481051448] [map_io]: origin[0]: -7.999
[map_server-9] [INFO] [1775551662.481056406] [map_io]: origin[1]: -4.602
[map_server-9] [INFO] [1775551662.481061073] [map_io]: origin[2]: 0
[map_server-9] [INFO] [1775551662.481065739] [map_io]: free_thresh: 0.196
[map_server-9] [INFO] [1775551662.481070406] [map_io]: occupied_thresh: 0.65
[map_server-9] [INFO] [1775551662.481077114] [map_io]: mode: trinary
[map_server-9] [INFO] [1775551662.481082363] [map_io]: negate: 0
[map_server-9] [INFO] [1775551662.481602675] [map_io]: Loading image_file: /home/smr/workspaces/mini_amr/amrROS2_ws/maps/map_000.pgm
[map_server-9] [INFO] [1775551662.483734671] [map_io]: Read map /home/smr/workspaces/mini_amr/amrROS2_ws/maps/map_000.pgm: 287 X 297 map @ 0.05 m/cell
[lifecycle_manager-20] [INFO] [1775551662.509343992] [lifecycle_manager_navigation]: [34m[1mConfiguring keepout_costmap_filter_info_server[0m[0m
[costmap_filter_info_server-10] [INFO] [1775551662.509967550] [keepout_costmap_filter_info_server]: Configuring
[lifecycle_manager-20] [INFO] [1775551662.544914487] [lifecycle_manager_navigation]: [34m[1mActivating controller_server[0m[0m
[controller_server-11] [INFO] [1775551662.546518005] [controller_server]: Activating
[controller_server-11] [INFO] [1775551662.546574877] [local_costmap.local_costmap]: Activating
[controller_server-11] [INFO] [1775551662.546593543] [local_costmap.local_costmap]: Checking transform
[controller_server-11] [INFO] [1775551662.546774952] [local_costmap.local_costmap]: start
[controller_server-11] [INFO] [1775551662.549437468] [local_costmap.local_costmap]: KeepoutFilter: Subscribing to "/keepout_costmap_filter_info" topic for filter info...
[controller_server-11] [WARN] [1775551662.649838420] [local_costmap.local_costmap]: KeepoutFilter: Filter mask was not received
[controller_server-11] [WARN] [1775551662.701381383] [controller_server]: Parameter controller_server.verbose not found
[controller_server-11] [INFO] [1775551662.701920361] [controller_server]: Optimizer reset
[controller_server-11] [INFO] [1775551662.702666413] [MPPIController]: Activated MPPI Controller: FollowPath
[controller_server-11] [INFO] [1775551662.702715703] [controller_server]: Creating bond (controller_server) to lifecycle manager.
[lifecycle_manager-20] [INFO] [1775551662.809854753] [lifecycle_manager_navigation]: Server controller_server connected with bond.
[lifecycle_manager-20] [INFO] [1775551662.809919209] [lifecycle_manager_navigation]: [34m[1mActivating smoother_server[0m[0m
[smoother_server-12] [INFO] [1775551662.810642513] [smoother_server]: Activating
[smoother_server-12] [INFO] [1775551662.810757716] [smoother_server]: Creating bond (smoother_server) to lifecycle manager.
[lifecycle_manager-20] [INFO] [1775551662.922973308] [lifecycle_manager_navigation]: Server smoother_server connected with bond.
[lifecycle_manager-20] [INFO] [1775551662.923030764] [lifecycle_manager_navigation]: [34m[1mActivating planner_server[0m[0m
[planner_server-13] [INFO] [1775551662.923676195] [planner_server]: Activating
[planner_server-13] [INFO] [1775551662.923735985] [global_costmap.global_costmap]: Activating
[planner_server-13] [INFO] [1775551662.923752901] [global_costmap.global_costmap]: Checking transform
[planner_server-13] [INFO] [1775551662.923815898] [global_costmap.global_costmap]: Timed out waiting for transform from center_footprint to map to become available, tf error: Could not find a connection between 'map' and 'center_footprint' because they are not part of the same tree.Tf has two or more unconnected trees.
[planner_server-13] [INFO] [1775551663.423876199] [global_costmap.global_costmap]: Timed out waiting for transform from center_footprint to map to become available, tf error: Could not find a connection between 'map' and 'center_footprint' because they are not part of the same tree.Tf has two or more unconnected trees.
[INFO] [delivery_robot_main_controller-22]: process started with pid [17076]
[INFO] [robot_sound-23]: process started with pid [17077]
[INFO] [call_robot_button-24]: process started with pid [17078]
[INFO] [rpc_run_node-25]: process started with pid [17079]
[INFO] [dock_coordinates-26]: process started with pid [17080]
[INFO] [autodock_action_server-27]: process started with pid [17081]
[INFO] [battery_manager_node-28]: process started with pid [17082]
[planner_server-13] [INFO] [1775551663.923868836] [global_costmap.global_costmap]: Timed out waiting for transform from center_footprint to map to become available, tf error: Could not find a connection between 'map' and 'center_footprint' because they are not part of the same tree.Tf has two or more unconnected trees.
[dock_coordinates-26] [INFO] [1775551663.966917357] [dock_coordinates]: begin dock_coordinates
[dock_coordinates-26] [INFO] [1775551663.968670201] [dock coordinates]: max_alignment_error: 0.010000
[dock_coordinates-26] [INFO] [1775551663.972815489] [dock coordinates]: minimum_point_cloud: 5
[dock_coordinates-26] [INFO] [1775551663.974440589] [dock coordinates]: point_cloud_split_dist: 0.050000
[dock_coordinates-26] [INFO] [1775551663.975405674] [dock coordinates]: max_dock_width: 0.380000
[dock_coordinates-26] [INFO] [1775551663.977160852] [dock coordinates]: min_dock_width: 0.310000
[dock_coordinates-26] [INFO] [1775551663.978423133] [dock coordinates]: range_limit: 1.200000
[planner_server-13] [INFO] [1775551664.423878972] [global_costmap.global_costmap]: Timed out waiting for transform from center_footprint to map to become available, tf error: Could not find a connection between 'map' and 'center_footprint' because they are not part of the same tree.Tf has two or more unconnected trees.
[controller_server-11] [WARN] [1775551664.751018680] [local_costmap.local_costmap]: KeepoutFilter: Filter mask was not received
[planner_server-13] [INFO] [1775551664.923917108] [global_costmap.global_costmap]: Timed out waiting for transform from center_footprint to map to become available, tf error: Could not find a connection between 'map' and 'center_footprint' because they are not part of the same tree.Tf has two or more unconnected trees.
[battery_manager_node-28] [INFO] [1775551665.286066166] [battery_manager]: SOC limits from API: target=1.00, resume=0.95
[battery_manager_node-28] [INFO] [1775551665.292570940] [battery_manager]: IR state: IDLE -> CHARGING (11)
[planner_server-13] [INFO] [1775551665.424892038] [global_costmap.global_costmap]: Timed out waiting for transform from center_footprint to map to become available, tf error: Could not find a connection between 'map' and 'center_footprint' because they are not part of the same tree.Tf has two or more unconnected trees.
[rpc_run_node-25] [0m[INFO] [1775551665.475697114] [rpc_run_node]: RPC run node started; RPC bridge configured.[0m
[rpc_run_node-25] 2026-04-07 15:47:45,478 [INFO] RPCServer listening on localhost:6000
[robot_sound-23] [0m[INFO] [1775551665.634207342] [robot_sound_node]: ✅ robot_sound_node started using .wav files[0m
[robot_sound-23] [0m[INFO] [1775551665.635761570] [robot_sound_node]: Sound volume set to 100% (API).[0m
[battery_manager_node-28] [INFO] [1775551665.749137656] [battery_manager]: State change: IDLE_ON_DOCK -> CHARGING
[planner_server-13] [INFO] [1775551665.923894507] [global_costmap.global_costmap]: Timed out waiting for transform from center_footprint to map to become available, tf error: Could not find a connection between 'map' and 'center_footprint' because they are not part of the same tree.Tf has two or more unconnected trees.
[autodock_action_server-27] [INFO] [1775551666.291957739] [autodock_action_server]: auto_dock_init_start
[autodock_action_server-27] [INFO] [1775551666.379328144] [autodock_action_server]: auto_dock_init_complete
[planner_server-13] [INFO] [1775551666.423912810] [global_costmap.global_costmap]: Timed out waiting for transform from center_footprint to map to become available, tf error: Could not find a connection between 'map' and 'center_footprint' because they are not part of the same tree.Tf has two or more unconnected trees.
[autodock_action_server-27] [INFO] [1775551666.435162222] [charge_status]: IR Charge State: CHARGING (11)
[controller_server-11] [WARN] [1775551666.852793623] [local_costmap.local_costmap]: KeepoutFilter: Filter mask was not received
[delivery_robot_main_controller-22] [0m[INFO] [1775551666.877628309] [main_controller_node]: Delivery Robot Main Controller Node started.[0m
[delivery_robot_main_controller-22] [0m[INFO] [1775551666.890035882] [main_controller_node]: Initial state: STANDBY[0m
[delivery_robot_main_controller-22] [0m[INFO] [1775551666.897906475] [main_controller_node]: setting_batteryLowToCharge: 20[0m
[planner_server-13] [INFO] [1775551666.923931696] [global_costmap.global_costmap]: Timed out waiting for transform from center_footprint to map to become available, tf error: Could not find a connection between 'map' and 'center_footprint' because they are not part of the same tree.Tf has two or more unconnected trees.
[delivery_robot_main_controller-22] [33m[WARN] [1775551666.931615630] [rcl.logging_rosout]: Publisher already registered for node name: 'main_controller_node'. If this is due to multiple nodes with the same name then all logs for the logger named 'main_controller_node' will go out over the existing publisher. As soon as any node with that name is destructed it will unregister the publisher, preventing any further logs for that name from being published on the rosout topic.[0m
[delivery_robot_main_controller-22] [33m[WARN] [1775551667.005441301] [main_controller_node]: slam_toolbox_msgs not available; initial pose service calls will be skipped.[0m
[planner_server-13] [INFO] [1775551667.424113033] [global_costmap.global_costmap]: start
[planner_server-13] [INFO] [1775551667.426674928] [global_costmap.global_costmap]: KeepoutFilter: Subscribing to "/keepout_costmap_filter_info" topic for filter info...
[planner_server-13] [WARN] [1775551667.943855650] [global_costmap.global_costmap]: KeepoutFilter: Filter mask was not received
[planner_server-13] [INFO] [1775551667.987577892] [planner_server]: Activating plugin GridBased of type SmacPlanner2D
[planner_server-13] [INFO] [1775551667.989973836] [planner_server]: Creating bond (planner_server) to lifecycle manager.
[lifecycle_manager-20] [INFO] [1775551668.097168009] [lifecycle_manager_navigation]: Server planner_server connected with bond.
[lifecycle_manager-20] [INFO] [1775551668.097226631] [lifecycle_manager_navigation]: [34m[1mActivating behavior_server[0m[0m
[behavior_server-14] [INFO] [1775551668.097971226] [behavior_server]: Activating
[behavior_server-14] [INFO] [1775551668.098070388] [behavior_server]: Activating backup
[behavior_server-14] [INFO] [1775551668.098120553] [behavior_server]: Activating wait
[behavior_server-14] [INFO] [1775551668.098175384] [behavior_server]: Creating bond (behavior_server) to lifecycle manager.
[lifecycle_manager-20] [INFO] [1775551668.215168862] [lifecycle_manager_navigation]: Server behavior_server connected with bond.
[lifecycle_manager-20] [INFO] [1775551668.215224860] [lifecycle_manager_navigation]: [34m[1mActivating velocity_smoother[0m[0m
[velocity_smoother-17] [INFO] [1775551668.215918998] [velocity_smoother]: Activating
[velocity_smoother-17] [INFO] [1775551668.216088449] [velocity_smoother]: Creating bond (velocity_smoother) to lifecycle manager.
[delivery_robot_main_controller-22] [0m[INFO] [1775551668.235921550] [main_controller_node]: Waiting for Nav2 system...[0m
[lifecycle_manager-20] [INFO] [1775551668.333538367] [lifecycle_manager_navigation]: Server velocity_smoother connected with bond.
[lifecycle_manager-20] [INFO] [1775551668.333592615] [lifecycle_manager_navigation]: [34m[1mActivating collision_monitor[0m[0m
[collision_monitor-18] [INFO] [1775551668.334410414] [collision_monitor]: Activating
[collision_monitor-18] [INFO] [1775551668.334469620] [collision_monitor]: Creating bond (collision_monitor) to lifecycle manager.
[lifecycle_manager-20] [INFO] [1775551668.455425227] [lifecycle_manager_navigation]: Server collision_monitor connected with bond.
[lifecycle_manager-20] [INFO] [1775551668.455526140] [lifecycle_manager_navigation]: [34m[1mActivating collision_detector[0m[0m
[collision_detector-19] [INFO] [1775551668.457428311] [collision_detector]: Activating
[collision_detector-19] [INFO] [1775551668.457515808] [collision_detector]: Creating bond (collision_detector) to lifecycle manager.
[lifecycle_manager-20] [INFO] [1775551668.587957774] [lifecycle_manager_navigation]: Server collision_detector connected with bond.
[lifecycle_manager-20] [INFO] [1775551668.588109726] [lifecycle_manager_navigation]: [34m[1mActivating bt_navigator[0m[0m
[bt_navigator-15] [INFO] [1775551668.589882987] [bt_navigator]: Activating
[bt_navigator-15] [INFO] [1775551668.844761750] [bt_navigator]: Creating bond (bt_navigator) to lifecycle manager.
[controller_server-11] [WARN] [1775551668.947662767] [local_costmap.local_costmap]: KeepoutFilter: Filter mask was not received
[lifecycle_manager-20] [INFO] [1775551668.949839677] [lifecycle_manager_navigation]: Server bt_navigator connected with bond.
[lifecycle_manager-20] [INFO] [1775551668.949951089] [lifecycle_manager_navigation]: [34m[1mActivating waypoint_follower[0m[0m
[waypoint_follower-16] [INFO] [1775551668.952232120] [waypoint_follower]: Activating
[waypoint_follower-16] [INFO] [1775551668.952293951] [waypoint_follower]: Creating bond (waypoint_follower) to lifecycle manager.
[lifecycle_manager-20] [INFO] [1775551669.069162601] [lifecycle_manager_navigation]: Server waypoint_follower connected with bond.
[lifecycle_manager-20] [INFO] [1775551669.069264097] [lifecycle_manager_navigation]: [34m[1mActivating keepout_filter_mask_server[0m[0m
[map_server-9] [INFO] [1775551669.070822991] [keepout_filter_mask_server]: Activating
[map_server-9] [INFO] [1775551669.070914862] [keepout_filter_mask_server]: Creating bond (keepout_filter_mask_server) to lifecycle manager.
[lifecycle_manager-20] [INFO] [1775551669.178678929] [lifecycle_manager_navigation]: Server keepout_filter_mask_server connected with bond.
[lifecycle_manager-20] [INFO] [1775551669.178741343] [lifecycle_manager_navigation]: [34m[1mActivating keepout_costmap_filter_info_server[0m[0m
[costmap_filter_info_server-10] [INFO] [1775551669.179776425] [keepout_costmap_filter_info_server]: Activating
[costmap_filter_info_server-10] [INFO] [1775551669.179903003] [keepout_costmap_filter_info_server]: Creating bond (keepout_costmap_filter_info_server) to lifecycle manager.
[planner_server-13] [INFO] [1775551669.179981458] [global_costmap.global_costmap]: KeepoutFilter: Received filter info from /keepout_costmap_filter_info topic.
[planner_server-13] [INFO] [1775551669.180023457] [global_costmap.global_costmap]: KeepoutFilter: Subscribing to "/keepout_filter_mask" topic for filter mask...
[controller_server-11] [INFO] [1775551669.180128744] [local_costmap.local_costmap]: KeepoutFilter: Received filter info from /keepout_costmap_filter_info topic.
[controller_server-11] [INFO] [1775551669.180227323] [local_costmap.local_costmap]: KeepoutFilter: Subscribing to "/keepout_filter_mask" topic for filter mask...
[planner_server-13] [INFO] [1775551669.198397409] [global_costmap.global_costmap]: KeepoutFilter: Received filter mask from /keepout_filter_mask topic.
[controller_server-11] [INFO] [1775551669.199156294] [local_costmap.local_costmap]: KeepoutFilter: Received filter mask from /keepout_filter_mask topic.
[lifecycle_manager-20] [INFO] [1775551669.290046680] [lifecycle_manager_navigation]: Server keepout_costmap_filter_info_server connected with bond.
[lifecycle_manager-20] [INFO] [1775551669.290102094] [lifecycle_manager_navigation]: [34m[1mManaged nodes are active[0m[0m
[lifecycle_manager-20] [INFO] [1775551669.290116677] [lifecycle_manager_navigation]: [34m[1mCreating bond timer...[0m[0m
[delivery_robot_main_controller-22] [0m[INFO] [1775551670.256244927] [main_controller_node]: Waiting for localization pose to be received from slam_toolbox/pose[0m
[delivery_robot_main_controller-22] [0m[INFO] [1775551670.258891985] [main_controller_node]: Acquired localization pose from TF map->base_link[0m
[INFO] [bash-29]: process started with pid [17219]
[localization_monitor-1] [WARN] [1775551672.061888013] [localization_monitor]: No pose update for 10.6s
[localization_monitor-21] [WARN] [1775551672.180887783] [localization_monitor]: No pose update for 10.7s
[delivery_robot_main_controller-22] [0m[INFO] [1775551672.272984744] [main_controller_node]: Nav2 is ready for use![0m
[delivery_robot_main_controller-22] [0m[INFO] [1775551672.355828669] [main_controller_node]: No pending queue found or unexpected format.[0m
[delivery_robot_main_controller-22] [0m[INFO] [1775551672.358019287] [main_controller_node]: Robot is in STANDBY mode.[0m
[delivery_robot_main_controller-22] [0m[INFO] [1775551672.384525155] [main_controller_node]: Dock State change: IDLE -> DOCKED[0m
[delivery_robot_main_controller-22] [33m[WARN] [1775551672.462757145] [main_controller_node]: Robot status id missing; refreshing before battery status.[0m
[localization_monitor-1] [WARN] [1775551673.061898661] [localization_monitor]: No pose update for 11.6s
[localization_monitor-21] [WARN] [1775551673.182121048] [localization_monitor]: No pose update for 11.7s
[delivery_robot_main_controller-22] [0m[INFO] [1775551673.285008940] [main_controller_node]: Current state: STANDBY, dock_state DOCKED, charge_state CHARGING[0m
[localization_monitor-1] [WARN] [1775551674.061894434] [localization_monitor]: No pose update for 12.6s
[localization_monitor-21] [WARN] [1775551674.181268690] [localization_monitor]: No pose update for 12.7s
[delivery_robot_main_controller-22] [0m[INFO] [1775551674.311161471] [main_controller_node]: Current state: STANDBY, dock_state DOCKED, charge_state CHARGING[0m
[delivery_robot_main_controller-22] [0m[INFO] [1775551674.508157865] [main_controller_node]: No pending queue found or unexpected format.[0m
[localization_monitor-1] [WARN] [1775551675.061890500] [localization_monitor]: No pose update for 13.6s
[localization_monitor-21] [WARN] [1775551675.181247547] [localization_monitor]: No pose update for 13.7s
[delivery_robot_main_controller-22] [0m[INFO] [1775551675.371966367] [main_controller_node]: Current state: STANDBY, dock_state DOCKED, charge_state CHARGING[0m
[localization_monitor-1] [WARN] [1775551676.061877524] [localization_monitor]: No pose update for 14.6s
[localization_monitor-21] [WARN] [1775551676.181674387] [localization_monitor]: No pose update for 14.7s
[delivery_robot_main_controller-22] [0m[INFO] [1775551676.283119755] [main_controller_node]: Current state: STANDBY, dock_state DOCKED, charge_state CHARGING[0m
[delivery_robot_main_controller-22] [0m[INFO] [1775551676.373000432] [main_controller_node]: No pending queue found or unexpected format.[0m
[localization_monitor-1] [WARN] [1775551677.063948421] [localization_monitor]: No pose update for 15.6s
[localization_monitor-21] [WARN] [1775551677.180973689] [localization_monitor]: No pose update for 15.7s
[delivery_robot_main_controller-22] [0m[INFO] [1775551677.288572679] [main_controller_node]: Current state: STANDBY, dock_state DOCKED, charge_state CHARGING[0m
[localization_monitor-1] [WARN] [1775551678.064100813] [localization_monitor]: No pose update for 16.6s
[localization_monitor-21] [WARN] [1775551678.180937964] [localization_monitor]: No pose update for 16.7s
[delivery_robot_main_controller-22] [0m[INFO] [1775551678.336180785] [main_controller_node]: Current state: STANDBY, dock_state DOCKED, charge_state CHARGING[0m
[delivery_robot_main_controller-22] [0m[INFO] [1775551678.455631162] [main_controller_node]: No pending queue found or unexpected format.[0m
[localization_monitor-1] [WARN] [1775551679.061942425] [localization_monitor]: No pose update for 17.6s
[localization_monitor-21] [WARN] [1775551679.181553504] [localization_monitor]: No pose update for 17.7s
[delivery_robot_main_controller-22] [0m[INFO] [1775551679.356628551] [main_controller_node]: Current state: STANDBY, dock_state DOCKED, charge_state CHARGING[0m
[localization_monitor-1] [WARN] [1775551680.064149816] [localization_monitor]: No pose update for 18.6s
[localization_monitor-21] [WARN] [1775551680.181058423] [localization_monitor]: No pose update for 18.7s
[delivery_robot_main_controller-22] [0m[INFO] [1775551680.360902899] [main_controller_node]: Current state: STANDBY, dock_state DOCKED, charge_state CHARGING[0m
[delivery_robot_main_controller-22] [0m[INFO] [1775551680.472069992] [main_controller_node]: No pending queue found or unexpected format.[0m
[localization_monitor-1] [WARN] [1775551681.063957181] [localization_monitor]: No pose update for 19.6s
[localization_monitor-21] [WARN] [1775551681.180878329] [localization_monitor]: No pose update for 19.7s
[delivery_robot_main_controller-22] [0m[INFO] [1775551681.331552088] [main_controller_node]: Current state: STANDBY, dock_state DOCKED, charge_state CHARGING[0m
[localization_monitor-1] [WARN] [1775551682.064302649] [localization_monitor]: No pose update for 20.6s
[localization_monitor-21] [WARN] [1775551682.181262003] [localization_monitor]: No pose update for 20.7s
[delivery_robot_main_controller-22] [0m[INFO] [1775551682.338602405] [main_controller_node]: Current state: STANDBY, dock_state DOCKED, charge_state CHARGING[0m
[delivery_robot_main_controller-22] [0m[INFO] [1775551682.427976186] [main_controller_node]: No pending queue found or unexpected format.[0m
[localization_monitor-1] [WARN] [1775551683.063998018] [localization_monitor]: No pose update for 21.6s
[localization_monitor-21] [WARN] [1775551683.181270902] [localization_monitor]: No pose update for 21.7s
[delivery_robot_main_controller-22] [0m[INFO] [1775551683.355766139] [main_controller_node]: Current state: STANDBY, dock_state DOCKED, charge_state CHARGING[0m
[localization_monitor-1] [WARN] [1775551684.063878297] [localization_monitor]: No pose update for 22.6s
[localization_monitor-21] [WARN] [1775551684.180866817] [localization_monitor]: No pose update for 22.7s
[delivery_robot_main_controller-22] [0m[INFO] [1775551684.347407756] [main_controller_node]: Current state: STANDBY, dock_state DOCKED, charge_state CHARGING[0m
[delivery_robot_main_controller-22] [0m[INFO] [1775551684.426978149] [main_controller_node]: No pending queue found or unexpected format.[0m
[localization_monitor-1] [WARN] [1775551685.063949901] [localization_monitor]: No pose update for 23.6s
[localization_monitor-21] [WARN] [1775551685.180925880] [localization_monitor]: No pose update for 23.7s
[delivery_robot_main_controller-22] [0m[INFO] [1775551685.295093224] [main_controller_node]: Current state: STANDBY, dock_state DOCKED, charge_state CHARGING[0m
[localization_monitor-1] [WARN] [1775551686.064082460] [localization_monitor]: No pose update for 24.6s
[localization_monitor-21] [WARN] [1775551686.181259973] [localization_monitor]: No pose update for 24.7s
[delivery_robot_main_controller-22] [0m[INFO] [1775551686.280664925] [main_controller_node]: Current state: STANDBY, dock_state DOCKED, charge_state CHARGING[0m
[delivery_robot_main_controller-22] [0m[INFO] [1775551686.386995508] [main_controller_node]: No pending queue found or unexpected format.[0m
[localization_monitor-1] [WARN] [1775551687.061899282] [localization_monitor]: No pose update for 25.6s
[localization_monitor-21] [WARN] [1775551687.180943676] [localization_monitor]: No pose update for 25.7s
[delivery_robot_main_controller-22] [0m[INFO] [1775551687.292008690] [main_controller_node]: Current state: STANDBY, dock_state DOCKED, charge_state CHARGING[0m
[localization_monitor-1] [WARN] [1775551688.061988094] [localization_monitor]: No pose update for 26.6s
[localization_monitor-21] [WARN] [1775551688.183981991] [localization_monitor]: No pose update for 26.7s
[delivery_robot_main_controller-22] [0m[INFO] [1775551688.284512438] [main_controller_node]: Current state: STANDBY, dock_state DOCKED, charge_state CHARGING[0m
[delivery_robot_main_controller-22] [0m[INFO] [1775551688.457842807] [main_controller_node]: No pending queue found or unexpected format.[0m
[localization_monitor-1] [WARN] [1775551689.062484638] [localization_monitor]: No pose update for 27.6s
[localization_monitor-21] [WARN] [1775551689.182343332] [localization_monitor]: No pose update for 27.7s
[delivery_robot_main_controller-22] [0m[INFO] [1775551689.348901188] [main_controller_node]: Current state: STANDBY, dock_state DOCKED, charge_state CHARGING[0m
[localization_monitor-1] [WARN] [1775551690.063985934] [localization_monitor]: No pose update for 28.6s
[localization_monitor-21] [WARN] [1775551690.181274858] [localization_monitor]: No pose update for 28.7s
[delivery_robot_main_controller-22] [0m[INFO] [1775551690.280708684] [main_controller_node]: Current state: STANDBY, dock_state DOCKED, charge_state CHARGING[0m
[delivery_robot_main_controller-22] [0m[INFO] [1775551690.366896429] [main_controller_node]: No pending queue found or unexpected format.[0m
[localization_monitor-1] [WARN] [1775551691.063861837] [localization_monitor]: No pose update for 29.6s
[localization_monitor-21] [WARN] [1775551691.181023892] [localization_monitor]: No pose update for 29.7s
[delivery_robot_main_controller-22] [0m[INFO] [1775551691.283053444] [main_controller_node]: Current state: STANDBY, dock_state DOCKED, charge_state CHARGING[0m
[localization_monitor-1] [WARN] [1775551692.063968731] [localization_monitor]: No pose update for 30.6s
[localization_monitor-21] [WARN] [1775551692.180985250] [localization_monitor]: No pose update for 30.7s
[delivery_robot_main_controller-22] [0m[INFO] [1775551692.354866555] [main_controller_node]: Current state: STANDBY, dock_state DOCKED, charge_state CHARGING[0m
[delivery_robot_main_controller-22] [0m[INFO] [1775551692.447987807] [main_controller_node]: No pending queue found or unexpected format.[0m
[localization_monitor-1] [WARN] [1775551693.064638811] [localization_monitor]: No pose update for 31.6s
[localization_monitor-21] [WARN] [1775551693.181068520] [localization_monitor]: No pose update for 31.7s
[delivery_robot_main_controller-22] [0m[INFO] [1775551693.292340609] [main_controller_node]: Current state: STANDBY, dock_state DOCKED, charge_state CHARGING[0m
[localization_monitor-1] [WARN] [1775551694.064120397] [localization_monitor]: No pose update for 32.6s
[localization_monitor-21] [WARN] [1775551694.181827263] [localization_monitor]: No pose update for 32.7s
[delivery_robot_main_controller-22] [0m[INFO] [1775551694.343788641] [main_controller_node]: Current state: STANDBY, dock_state DOCKED, charge_state CHARGING[0m
[delivery_robot_main_controller-22] [0m[INFO] [1775551694.438550742] [main_controller_node]: No pending queue found or unexpected format.[0m
[localization_monitor-1] [WARN] [1775551695.061990592] [localization_monitor]: No pose update for 33.6s
[localization_monitor-21] [WARN] [1775551695.183110984] [localization_monitor]: No pose update for 33.7s
[delivery_robot_main_controller-22] [0m[INFO] [1775551695.285895630] [main_controller_node]: Current state: STANDBY, dock_state DOCKED, charge_state CHARGING[0m
[localization_monitor-1] [WARN] [1775551696.061979949] [localization_monitor]: No pose update for 34.6s
[localization_monitor-21] [WARN] [1775551696.181116506] [localization_monitor]: No pose update for 34.7s
[delivery_robot_main_controller-22] [0m[INFO] [1775551696.315054537] [main_controller_node]: Current state: STANDBY, dock_state DOCKED, charge_state CHARGING[0m
[delivery_robot_main_controller-22] [0m[INFO] [1775551696.390636552] [main_controller_node]: No pending queue found or unexpected format.[0m
[localization_monitor-1] [WARN] [1775551697.061936933] [localization_monitor]: No pose update for 35.6s
[localization_monitor-21] [WARN] [1775551697.179684338] [localization_monitor]: No pose update for 35.7s
[delivery_robot_main_controller-22] [0m[INFO] [1775551697.292465448] [main_controller_node]: Current state: STANDBY, dock_state DOCKED, charge_state CHARGING[0m
[localization_monitor-1] [WARN] [1775551698.063907792] [localization_monitor]: No pose update for 36.6s
[localization_monitor-21] [WARN] [1775551698.179102344] [localization_monitor]: No pose update for 36.7s
[delivery_robot_main_controller-22] [0m[INFO] [1775551698.366841037] [main_controller_node]: Current state: STANDBY, dock_state DOCKED, charge_state CHARGING[0m
[delivery_robot_main_controller-22] [0m[INFO] [1775551698.458707007] [main_controller_node]: No pending queue found or unexpected format.[0m
[localization_monitor-1] [WARN] [1775551699.062157721] [localization_monitor]: No pose update for 37.6s
[localization_monitor-21] [WARN] [1775551699.178882002] [localization_monitor]: No pose update for 37.7s
[delivery_robot_main_controller-22] [0m[INFO] [1775551699.367572947] [main_controller_node]: Current state: STANDBY, dock_state DOCKED, charge_state CHARGING[0m
[localization_monitor-1] [WARN] [1775551700.062162536] [localization_monitor]: No pose update for 38.6s
[localization_monitor-21] [WARN] [1775551700.178866109] [localization_monitor]: No pose update for 38.7s
[delivery_robot_main_controller-22] [0m[INFO] [1775551700.293717092] [main_controller_node]: Current state: STANDBY, dock_state DOCKED, charge_state CHARGING[0m
[delivery_robot_main_controller-22] [0m[INFO] [1775551700.404166715] [main_controller_node]: No pending queue found or unexpected format.[0m
[localization_monitor-1] [WARN] [1775551701.061941027] [localization_monitor]: No pose update for 39.6s
[localization_monitor-21] [WARN] [1775551701.178898923] [localization_monitor]: No pose update for 39.7s
[delivery_robot_main_controller-22] [0m[INFO] [1775551701.295376173] [main_controller_node]: Current state: STANDBY, dock_state DOCKED, charge_state CHARGING[0m
[localization_monitor-1] [WARN] [1775551702.061930092] [localization_monitor]: No pose update for 40.6s
[localization_monitor-21] [WARN] [1775551702.182003736] [localization_monitor]: No pose update for 40.7s
[delivery_robot_main_controller-22] [0m[INFO] [1775551702.323697448] [main_controller_node]: Current state: STANDBY, dock_state DOCKED, charge_state CHARGING[0m
[delivery_robot_main_controller-22] [0m[INFO] [1775551702.455184996] [main_controller_node]: No pending queue found or unexpected format.[0m
[localization_monitor-1] [WARN] [1775551703.061938699] [localization_monitor]: No pose update for 41.6s
[localization_monitor-21] [WARN] [1775551703.184185461] [localization_monitor]: No pose update for 41.7s
[delivery_robot_main_controller-22] [0m[INFO] [1775551703.289304220] [main_controller_node]: Current state: STANDBY, dock_state DOCKED, charge_state CHARGING[0m
[localization_monitor-1] [WARN] [1775551704.061963055] [localization_monitor]: No pose update for 42.6s
[localization_monitor-21] [WARN] [1775551704.181251855] [localization_monitor]: No pose update for 42.7s
[delivery_robot_main_controller-22] [0m[INFO] [1775551704.300437702] [main_controller_node]: Current state: STANDBY, dock_state DOCKED, charge_state CHARGING[0m
[delivery_robot_main_controller-22] [0m[INFO] [1775551704.435312819] [main_controller_node]: No pending queue found or unexpected format.[0m
[localization_monitor-1] [WARN] [1775551705.064172779] [localization_monitor]: No pose update for 43.6s
[localization_monitor-21] [WARN] [1775551705.181174715] [localization_monitor]: No pose update for 43.7s
[delivery_robot_main_controller-22] [0m[INFO] [1775551705.324392323] [main_controller_node]: Current state: STANDBY, dock_state DOCKED, charge_state CHARGING[0m
[localization_monitor-1] [WARN] [1775551706.062753153] [localization_monitor]: No pose update for 44.6s
[localization_monitor-21] [WARN] [1775551706.187524478] [localization_monitor]: No pose update for 44.7s
[delivery_robot_main_controller-22] [0m[INFO] [1775551706.370860935] [main_controller_node]: Current state: STANDBY, dock_state DOCKED, charge_state CHARGING[0m
[delivery_robot_main_controller-22] [0m[INFO] [1775551706.564685877] [main_controller_node]: No pending queue found or unexpected format.[0m
[localization_monitor-1] [WARN] [1775551707.064262323] [localization_monitor]: No pose update for 45.6s
[localization_monitor-21] [WARN] [1775551707.181926315] [localization_monitor]: No pose update for 45.7s
[delivery_robot_main_controller-22] [0m[INFO] [1775551707.368086572] [main_controller_node]: Current state: STANDBY, dock_state DOCKED, charge_state CHARGING[0m
[localization_monitor-1] [WARN] [1775551708.064586208] [localization_monitor]: No pose update for 46.6s
[localization_monitor-21] [WARN] [1775551708.181110414] [localization_monitor]: No pose update for 46.7s
[delivery_robot_main_controller-22] [0m[INFO] [1775551708.327891166] [main_controller_node]: Current state: STANDBY, dock_state DOCKED, charge_state CHARGING[0m
[delivery_robot_main_controller-22] [0m[INFO] [1775551708.474240562] [main_controller_node]: No pending queue found or unexpected format.[0m
[localization_monitor-1] [WARN] [1775551709.064015005] [localization_monitor]: No pose update for 47.6s
[localization_monitor-21] [WARN] [1775551709.178933360] [localization_monitor]: No pose update for 47.7s
[delivery_robot_main_controller-22] [0m[INFO] [1775551709.284243444] [main_controller_node]: Current state: STANDBY, dock_state DOCKED, charge_state CHARGING[0m
[localization_monitor-1] [WARN] [1775551710.065294934] [localization_monitor]: No pose update for 48.6s
[localization_monitor-21] [WARN] [1775551710.178913385] [localization_monitor]: No pose update for 48.7s
[delivery_robot_main_controller-22] [0m[INFO] [1775551710.298393802] [main_controller_node]: Current state: STANDBY, dock_state DOCKED, charge_state CHARGING[0m
[delivery_robot_main_controller-22] [0m[INFO] [1775551710.436799399] [main_controller_node]: No pending queue found or unexpected format.[0m
[localization_monitor-1] [WARN] [1775551711.064398828] [localization_monitor]: No pose update for 49.6s
[localization_monitor-21] [WARN] [1775551711.178868618] [localization_monitor]: No pose update for 49.7s
[delivery_robot_main_controller-22] [0m[INFO] [1775551711.372069419] [main_controller_node]: Current state: STANDBY, dock_state DOCKED, charge_state CHARGING[0m
[localization_monitor-1] [WARN] [1775551712.061954910] [localization_monitor]: No pose update for 50.6s
[localization_monitor-21] [WARN] [1775551712.179068842] [localization_monitor]: No pose update for 50.7s
[delivery_robot_main_controller-22] [0m[INFO] [1775551712.293972906] [main_controller_node]: Current state: STANDBY, dock_state DOCKED, charge_state CHARGING[0m
[delivery_robot_main_controller-22] [0m[INFO] [1775551712.416238042] [main_controller_node]: No pending queue found or unexpected format.[0m
[localization_monitor-1] [WARN] [1775551713.062476829] [localization_monitor]: No pose update for 51.6s
[localization_monitor-21] [WARN] [1775551713.178889623] [localization_monitor]: No pose update for 51.7s
[delivery_robot_main_controller-22] [0m[INFO] [1775551713.338688965] [main_controller_node]: Current state: STANDBY, dock_state DOCKED, charge_state CHARGING[0m
[localization_monitor-1] [WARN] [1775551714.063877212] [localization_monitor]: No pose update for 52.6s
[localization_monitor-21] [WARN] [1775551714.178850690] [localization_monitor]: No pose update for 52.7s
[delivery_robot_main_controller-22] [0m[INFO] [1775551714.364745833] [main_controller_node]: Current state: STANDBY, dock_state DOCKED, charge_state CHARGING[0m
[delivery_robot_main_controller-22] [0m[INFO] [1775551714.512237931] [main_controller_node]: No pending queue found or unexpected format.[0m
[localization_monitor-1] [WARN] [1775551715.080785165] [localization_monitor]: No pose update for 53.6s
[localization_monitor-21] [WARN] [1775551715.178846755] [localization_monitor]: No pose update for 53.7s
[delivery_robot_main_controller-22] [0m[INFO] [1775551715.285583030] [main_controller_node]: Current state: STANDBY, dock_state DOCKED, charge_state CHARGING[0m
[localization_monitor-1] [WARN] [1775551716.062244243] [localization_monitor]: No pose update for 54.6s
[localization_monitor-21] [WARN] [1775551716.178902610] [localization_monitor]: No pose update for 54.7s
[delivery_robot_main_controller-22] [0m[INFO] [1775551716.283102073] [main_controller_node]: Current state: STANDBY, dock_state DOCKED, charge_state CHARGING[0m
[delivery_robot_main_controller-22] [0m[INFO] [1775551716.385694518] [main_controller_node]: No pending queue found or unexpected format.[0m
[localization_monitor-1] [WARN] [1775551717.065347889] [localization_monitor]: No pose update for 55.6s
[localization_monitor-21] [WARN] [1775551717.178856385] [localization_monitor]: No pose update for 55.7s
[delivery_robot_main_controller-22] [0m[INFO] [1775551717.299982902] [main_controller_node]: Current state: STANDBY, dock_state DOCKED, charge_state CHARGING[0m
[localization_monitor-1] [WARN] [1775551718.062362368] [localization_monitor]: No pose update for 56.6s
[localization_monitor-21] [WARN] [1775551718.181504785] [localization_monitor]: No pose update for 56.7s
[delivery_robot_main_controller-22] [0m[INFO] [1775551718.352025448] [main_controller_node]: Current state: STANDBY, dock_state DOCKED, charge_state CHARGING[0m
[delivery_robot_main_controller-22] [0m[INFO] [1775551718.467088820] [main_controller_node]: No pending queue found or unexpected format.[0m
[localization_monitor-1] [WARN] [1775551719.064022261] [localization_monitor]: No pose update for 57.6s
[localization_monitor-21] [WARN] [1775551719.181350916] [localization_monitor]: No pose update for 57.7s
[delivery_robot_main_controller-22] [0m[INFO] [1775551719.298787775] [main_controller_node]: Current state: STANDBY, dock_state DOCKED, charge_state CHARGING[0m
[localization_monitor-1] [WARN] [1775551720.064047468] [localization_monitor]: No pose update for 58.6s
[localization_monitor-21] [WARN] [1775551720.181925892] [localization_monitor]: No pose update for 58.7s
[delivery_robot_main_controller-22] [0m[INFO] [1775551720.317035284] [main_controller_node]: Current state: STANDBY, dock_state DOCKED, charge_state CHARGING[0m
[delivery_robot_main_controller-22] [0m[INFO] [1775551720.448165921] [main_controller_node]: No pending queue found or unexpected format.[0m
[localization_monitor-1] [WARN] [1775551721.069407333] [localization_monitor]: No pose update for 59.6s
[localization_monitor-21] [WARN] [1775551721.181461994] [localization_monitor]: No pose update for 59.7s
[delivery_robot_main_controller-22] [0m[INFO] [1775551721.314495970] [main_controller_node]: Current state: STANDBY, dock_state DOCKED, charge_state CHARGING[0m
[localization_monitor-1] [WARN] [1775551722.064588737] [localization_monitor]: No pose update for 60.6s
[localization_monitor-21] [WARN] [1775551722.180994013] [localization_monitor]: No pose update for 60.7s
[delivery_robot_main_controller-22] [0m[INFO] [1775551722.286305322] [main_controller_node]: Current state: STANDBY, dock_state DOCKED, charge_state CHARGING[0m
[delivery_robot_main_controller-22] [0m[INFO] [1775551722.380545414] [main_controller_node]: No pending queue found or unexpected format.[0m
[localization_monitor-1] [WARN] [1775551723.064358163] [localization_monitor]: No pose update for 61.6s
[localization_monitor-21] [WARN] [1775551723.178954595] [localization_monitor]: No pose update for 61.7s
[delivery_robot_main_controller-22] [0m[INFO] [1775551723.298923018] [main_controller_node]: Current state: STANDBY, dock_state DOCKED, charge_state CHARGING[0m
[bash-29] 4
[bash-29] Queue empty: current state-> STANDBY : queue_action-> 
[bash-29] queue action->Idle :  current state-> STANDBY : previous state-> 
[localization_monitor-1] [WARN] [1775551724.062322245] [localization_monitor]: No pose update for 62.6s
[localization_monitor-21] [WARN] [1775551724.178822892] [localization_monitor]: No pose update for 62.7s
[INFO] [bash-29]: process has finished cleanly [pid 17219]
[INFO] [battery_manager_node-28]: sending signal 'SIGINT' to process[battery_manager_node-28]
[INFO] [autodock_action_server-27]: sending signal 'SIGINT' to process[autodock_action_server-27]
[INFO] [dock_coordinates-26]: sending signal 'SIGINT' to process[dock_coordinates-26]
[INFO] [rpc_run_node-25]: sending signal 'SIGINT' to process[rpc_run_node-25]
[INFO] [call_robot_button-24]: sending signal 'SIGINT' to process[call_robot_button-24]
[INFO] [dock_coordinates-26]: process has finished cleanly [pid 17080]
[INFO] [robot_sound-23]: sending signal 'SIGINT' to process[robot_sound-23]
[INFO] [delivery_robot_main_controller-22]: sending signal 'SIGINT' to process[delivery_robot_main_controller-22]
[INFO] [localization_monitor-21]: sending signal 'SIGINT' to process[localization_monitor-21]
[INFO] [lifecycle_manager-20]: sending signal 'SIGINT' to process[lifecycle_manager-20]
[INFO] [collision_detector-19]: sending signal 'SIGINT' to process[collision_detector-19]
[INFO] [collision_monitor-18]: sending signal 'SIGINT' to process[collision_monitor-18]
[INFO] [velocity_smoother-17]: sending signal 'SIGINT' to process[velocity_smoother-17]
[INFO] [waypoint_follower-16]: sending signal 'SIGINT' to process[waypoint_follower-16]
[INFO] [bt_navigator-15]: sending signal 'SIGINT' to process[bt_navigator-15]
[INFO] [behavior_server-14]: sending signal 'SIGINT' to process[behavior_server-14]
[INFO] [planner_server-13]: sending signal 'SIGINT' to process[planner_server-13]
[INFO] [smoother_server-12]: sending signal 'SIGINT' to process[smoother_server-12]
[INFO] [controller_server-11]: sending signal 'SIGINT' to process[controller_server-11]
[INFO] [costmap_filter_info_server-10]: sending signal 'SIGINT' to process[costmap_filter_info_server-10]
[INFO] [map_server-9]: sending signal 'SIGINT' to process[map_server-9]
[INFO] [localization_slam_toolbox_node-8]: sending signal 'SIGINT' to process[localization_slam_toolbox_node-8]
[INFO] [robot_hardware-7]: sending signal 'SIGINT' to process[robot_hardware-7]
[INFO] [ekf_node-6]: sending signal 'SIGINT' to process[ekf_node-6]
[INFO] [scan_to_scan_filter_chain-5]: sending signal 'SIGINT' to process[scan_to_scan_filter_chain-5]
[INFO] [sllidar_node-4]: sending signal 'SIGINT' to process[sllidar_node-4]
[INFO] [joint_state_publisher-3]: sending signal 'SIGINT' to process[joint_state_publisher-3]
[INFO] [robot_state_publisher-2]: sending signal 'SIGINT' to process[robot_state_publisher-2]
[INFO] [localization_monitor-1]: sending signal 'SIGINT' to process[localization_monitor-1]
[delivery_robot_main_controller-22] [0m[INFO] [1775551724.328854220] [main_controller_node]: Current state: STANDBY, dock_state DOCKED, charge_state CHARGING[0m
[delivery_robot_main_controller-22] [0m[INFO] [1775551724.583586132] [main_controller_node]: No pending queue found or unexpected format.[0m
[battery_manager_node-28] Traceback (most recent call last):
[battery_manager_node-28]   File "/home/smr/workspaces/mini_amr/amrROS2_ws/install/battery_management/lib/battery_management/battery_manager_node", line 33, in <module>
[battery_manager_node-28]     sys.exit(load_entry_point('battery-management==0.0.0', 'console_scripts', 'battery_manager_node')())
[battery_manager_node-28]              ^^^^^^^^^^^^^^^^^^^^^^^^^^^^^^^^^^^^^^^^^^^^^^^^^^^^^^^^^^^^^^^^^^^^^^^^^^^^^^^^^^^^^^^^^^
[battery_manager_node-28]   File "/home/smr/workspaces/mini_amr/amrROS2_ws/install/battery_management/lib/python3.12/site-packages/battery_management/battery_manager_node.py", line 311, in main
[battery_manager_node-28]     rclpy.spin(node)
[battery_manager_node-28]   File "/opt/ros/jazzy/lib/python3.12/site-packages/rclpy/__init__.py", line 247, in spin
[battery_manager_node-28]     executor.spin_once()
[battery_manager_node-28]   File "/opt/ros/jazzy/lib/python3.12/site-packages/rclpy/executors.py", line 923, in spin_once
[battery_manager_node-28]     self._spin_once_impl(timeout_sec)
[battery_manager_node-28]   File "/opt/ros/jazzy/lib/python3.12/site-packages/rclpy/executors.py", line 904, in _spin_once_impl
[battery_manager_node-28]     handler, entity, node = self.wait_for_ready_callbacks(
[battery_manager_node-28]                             ^^^^^^^^^^^^^^^^^^^^^^^^^^^^^^
[battery_manager_node-28]   File "/opt/ros/jazzy/lib/python3.12/site-packages/rclpy/executors.py", line 874, in wait_for_ready_callbacks
[battery_manager_node-28]     return next(self._cb_iter)
[battery_manager_node-28]            ^^^^^^^^^^^^^^^^^^^
[battery_manager_node-28]   File "/opt/ros/jazzy/lib/python3.12/site-packages/rclpy/executors.py", line 778, in _wait_for_ready_callbacks
[battery_manager_node-28]     wait_set.wait(timeout_nsec)
[battery_manager_node-28] KeyboardInterrupt
[dock_coordinates-26] [INFO] [1775551724.922436839] [rclcpp]: signal_handler(SIGINT/SIGTERM)
[rpc_run_node-25] [0m[INFO] [1775551724.972749630] [rpc_run_node]: RPC run node stopped by user.[0m
[rpc_run_node-25] Failed to publish log message to rosout: publisher's context is invalid, at ./src/rcl/publisher.c:423
[rpc_run_node-25] 2026-04-07 15:48:44,975 [INFO] RPCServer stopped.
[call_robot_button-24] [0m[INFO] [1775551725.099320535] [call_robot_button_node]: CallRobotButton interrupted by user.[0m
[call_robot_button-24] Failed to publish log message to rosout: publisher's context is invalid, at ./src/rcl/publisher.c:423
[localization_monitor-1] [WARN] [1775551725.063371744] [localization_monitor]: No pose update for 63.6s
[robot_sound-23] [0m[INFO] [1775551725.185957769] [robot_sound_node]: 🔚 robot_sound_node stopped by user.[0m
[robot_sound-23] Failed to publish log message to rosout: publisher's context is invalid, at ./src/rcl/publisher.c:423
[localization_monitor-21] [WARN] [1775551725.179141212] [localization_monitor]: No pose update for 63.7s
[localization_monitor-21] Traceback (most recent call last):
[localization_monitor-21]   File "/home/smr/workspaces/mini_amr/amrROS2_ws/install/localization_monitor/lib/localization_monitor/localization_monitor", line 33, in <module>
[localization_monitor-21]     sys.exit(load_entry_point('localization-monitor', 'console_scripts', 'localization_monitor')())
[localization_monitor-21]              ^^^^^^^^^^^^^^^^^^^^^^^^^^^^^^^^^^^^^^^^^^^^^^^^^^^^^^^^^^^^^^^^^^^^^^^^^^^^^^^^^^^^^
[localization_monitor-21]   File "/home/smr/workspaces/mini_amr/amrROS2_ws/build/localization_monitor/localization_monitor/localization_monitor.py", line 114, in main
[localization_monitor-21]     rclpy.spin(node)
[localization_monitor-21]   File "/opt/ros/jazzy/lib/python3.12/site-packages/rclpy/__init__.py", line 247, in spin
[localization_monitor-21]     executor.spin_once()
[localization_monitor-21]   File "/opt/ros/jazzy/lib/python3.12/site-packages/rclpy/executors.py", line 923, in spin_once
[localization_monitor-21]     self._spin_once_impl(timeout_sec)
[localization_monitor-21]   File "/opt/ros/jazzy/lib/python3.12/site-packages/rclpy/executors.py", line 904, in _spin_once_impl
[localization_monitor-21]     handler, entity, node = self.wait_for_ready_callbacks(
[localization_monitor-21]                             ^^^^^^^^^^^^^^^^^^^^^^^^^^^^^^
[localization_monitor-21]   File "/opt/ros/jazzy/lib/python3.12/site-packages/rclpy/executors.py", line 874, in wait_for_ready_callbacks
[localization_monitor-21]     return next(self._cb_iter)
[localization_monitor-21]            ^^^^^^^^^^^^^^^^^^^
[localization_monitor-21]   File "/opt/ros/jazzy/lib/python3.12/site-packages/rclpy/executors.py", line 778, in _wait_for_ready_callbacks
[localization_monitor-21]     wait_set.wait(timeout_nsec)
[localization_monitor-21] KeyboardInterrupt
[delivery_robot_main_controller-22] [0m[INFO] [1775551725.279959579] [main_controller_node]: Node stopped by user.[0m
[delivery_robot_main_controller-22] Failed to publish log message to rosout: publisher's context is invalid, at ./src/rcl/publisher.c:423
[lifecycle_manager-20] [INFO] [1775551725.285146369] [rclcpp]: signal_handler(SIGINT/SIGTERM)
[lifecycle_manager-20] [INFO] [1775551725.285463397] [lifecycle_manager_navigation]: Running Nav2 LifecycleManager rcl preshutdown (lifecycle_manager_navigation)
[lifecycle_manager-20] [INFO] [1775551725.285703721] [lifecycle_manager_navigation]: [34m[1mTerminating bond timer...[0m[0m
[collision_detector-19] [INFO] [1775551725.287779720] [rclcpp]: signal_handler(SIGINT/SIGTERM)
[collision_detector-19] [INFO] [1775551725.287908631] [collision_detector]: Running Nav2 LifecycleNode rcl preshutdown (collision_detector)
[collision_detector-19] [INFO] [1775551725.292704895] [collision_detector]: Deactivating
[collision_detector-19] [INFO] [1775551725.296042010] [collision_detector]: Destroying bond (collision_detector) to lifecycle manager.
[collision_monitor-18] [INFO] [1775551725.332034257] [rclcpp]: signal_handler(SIGINT/SIGTERM)
[collision_monitor-18] [INFO] [1775551725.332125254] [collision_monitor]: Running Nav2 LifecycleNode rcl preshutdown (collision_monitor)
[collision_monitor-18] [INFO] [1775551725.332334370] [collision_monitor]: Deactivating
[collision_monitor-18] [INFO] [1775551725.332439074] [collision_monitor]: Destroying bond (collision_monitor) to lifecycle manager.
[velocity_smoother-17] [INFO] [1775551725.355595301] [rclcpp]: signal_handler(SIGINT/SIGTERM)
[velocity_smoother-17] [INFO] [1775551725.355753086] [velocity_smoother]: Running Nav2 LifecycleNode rcl preshutdown (velocity_smoother)
[collision_detector-19] [INFO] [1775551725.356563595] [collision_detector]: Cleaning up
[collision_detector-19] [INFO] [1775551725.356961704] [collision_monitor]: [PolygonStop]: Destroying Polygon
[collision_detector-19] [INFO] [1775551725.356992328] [collision_monitor]: [PolygonSlow]: Destroying Polygon
[collision_detector-19] [INFO] [1775551725.357001661] [collision_monitor]: [scan]: Destroying Scan
[velocity_smoother-17] [INFO] [1775551725.360648513] [velocity_smoother]: Deactivating
[velocity_smoother-17] [INFO] [1775551725.360873670] [velocity_smoother]: Destroying bond (velocity_smoother) to lifecycle manager.
[waypoint_follower-16] [INFO] [1775551725.366406654] [rclcpp]: signal_handler(SIGINT/SIGTERM)
[waypoint_follower-16] [INFO] [1775551725.366558606] [waypoint_follower]: Running Nav2 LifecycleNode rcl preshutdown (waypoint_follower)
[waypoint_follower-16] [INFO] [1775551725.369300162] [waypoint_follower]: Deactivating
[waypoint_follower-16] [INFO] [1775551725.369377158] [waypoint_follower]: Destroying bond (waypoint_follower) to lifecycle manager.
[bt_navigator-15] [INFO] [1775551725.369673188] [rclcpp]: signal_handler(SIGINT/SIGTERM)
[bt_navigator-15] [INFO] [1775551725.369758351] [bt_navigator]: Running Nav2 LifecycleNode rcl preshutdown (bt_navigator)
[bt_navigator-15] [INFO] [1775551725.370238998] [bt_navigator]: Deactivating
[bt_navigator-15] [INFO] [1775551725.370965219] [bt_navigator]: Destroying bond (bt_navigator) to lifecycle manager.
[collision_detector-19] [INFO] [1775551725.376777608] [collision_detector]: Destroying bond (collision_detector) to lifecycle manager.
[behavior_server-14] [INFO] [1775551725.379392585] [rclcpp]: signal_handler(SIGINT/SIGTERM)
[behavior_server-14] [INFO] [1775551725.379495539] [behavior_server]: Running Nav2 LifecycleNode rcl preshutdown (behavior_server)
[behavior_server-14] [INFO] [1775551725.379699406] [behavior_server]: Deactivating
[behavior_server-14] [INFO] [1775551725.380767446] [behavior_server]: Destroying bond (behavior_server) to lifecycle manager.
[planner_server-13] [INFO] [1775551725.400843215] [rclcpp]: signal_handler(SIGINT/SIGTERM)
[planner_server-13] [INFO] [1775551725.401066039] [planner_server]: Running Nav2 LifecycleNode rcl preshutdown (planner_server)
[planner_server-13] [INFO] [1775551725.401680556] [planner_server]: Deactivating
[planner_server-13] [INFO] [1775551725.402025000] [global_costmap.global_costmap]: Deactivating
[smoother_server-12] [INFO] [1775551725.415399416] [rclcpp]: signal_handler(SIGINT/SIGTERM)
[smoother_server-12] [INFO] [1775551725.415501787] [smoother_server]: Running Nav2 LifecycleNode rcl preshutdown (smoother_server)
[smoother_server-12] [INFO] [1775551725.415752610] [smoother_server]: Deactivating
[smoother_server-12] [INFO] [1775551725.416500121] [smoother_server]: Destroying bond (smoother_server) to lifecycle manager.
[planner_server-13] [INFO] [1775551725.425041816] [planner_server]: Deactivating plugin GridBased of type SmacPlanner2D
[planner_server-13] [INFO] [1775551725.425307805] [planner_server]: Destroying bond (planner_server) to lifecycle manager.
[collision_monitor-18] [INFO] [1775551725.434272108] [collision_monitor]: Cleaning up
[collision_monitor-18] [INFO] [1775551725.434457309] [collision_monitor]: [PolygonStop]: Destroying Polygon
[collision_monitor-18] [INFO] [1775551725.434566971] [collision_monitor]: [PolygonSlow]: Destroying Polygon
[collision_monitor-18] [INFO] [1775551725.434662634] [collision_monitor]: [FootprintApproach]: Destroying Polygon
[collision_monitor-18] [INFO] [1775551725.434782796] [collision_monitor]: [scan]: Destroying Scan
[controller_server-11] [INFO] [1775551725.438280320] [rclcpp]: signal_handler(SIGINT/SIGTERM)
[controller_server-11] [INFO] [1775551725.438474271] [controller_server]: Running Nav2 LifecycleNode rcl preshutdown (controller_server)
[controller_server-11] [INFO] [1775551725.438914670] [controller_server]: Deactivating
[controller_server-11] [INFO] [1775551725.439545519] [MPPIController]: Deactivated MPPI Controller: FollowPath
[controller_server-11] [INFO] [1775551725.439641182] [local_costmap.local_costmap]: Deactivating
[waypoint_follower-16] [INFO] [1775551725.441052791] [waypoint_follower]: Cleaning up
[behavior_server-14] [INFO] [1775551725.441712223] [behavior_server]: Cleaning up
[bt_navigator-15] [INFO] [1775551725.441839384] [bt_navigator]: Cleaning up
[velocity_smoother-17] [INFO] [1775551725.442529440] [velocity_smoother]: Cleaning up
[costmap_filter_info_server-10] [INFO] [1775551725.449911223] [rclcpp]: signal_handler(SIGINT/SIGTERM)
[costmap_filter_info_server-10] [INFO] [1775551725.450235835] [keepout_costmap_filter_info_server]: Running Nav2 LifecycleNode rcl preshutdown (keepout_costmap_filter_info_server)
[costmap_filter_info_server-10] [INFO] [1775551725.450540031] [keepout_costmap_filter_info_server]: Deactivating
[costmap_filter_info_server-10] [INFO] [1775551725.450662235] [keepout_costmap_filter_info_server]: Destroying bond (keepout_costmap_filter_info_server) to lifecycle manager.
[controller_server-11] [INFO] [1775551725.464871658] [controller_server]: Destroying bond (controller_server) to lifecycle manager.
[behavior_server-14] [INFO] [1775551725.477735386] [behavior_server]: Destroying bond (behavior_server) to lifecycle manager.
[velocity_smoother-17] [INFO] [1775551725.482595814] [velocity_smoother]: Destroying bond (velocity_smoother) to lifecycle manager.
[map_server-9] [INFO] [1775551725.482779848] [rclcpp]: signal_handler(SIGINT/SIGTERM)
[map_server-9] [INFO] [1775551725.482918676] [keepout_filter_mask_server]: Running Nav2 LifecycleNode rcl preshutdown (keepout_filter_mask_server)
[map_server-9] [INFO] [1775551725.483047295] [keepout_filter_mask_server]: Deactivating
[map_server-9] [INFO] [1775551725.483085794] [keepout_filter_mask_server]: Destroying bond (keepout_filter_mask_server) to lifecycle manager.
[localization_slam_toolbox_node-8] [INFO] [1775551725.495287465] [rclcpp]: signal_handler(SIGINT/SIGTERM)
[planner_server-13] [INFO] [1775551725.506701960] [planner_server]: Cleaning up
[smoother_server-12] [INFO] [1775551725.506792665] [smoother_server]: Cleaning up
[robot_hardware-7] [INFO] [1775551725.507586549] [rclcpp]: signal_handler(SIGINT/SIGTERM)
[collision_monitor-18] [INFO] [1775551725.507973575] [collision_monitor]: Destroying bond (collision_monitor) to lifecycle manager.
[costmap_filter_info_server-10] [INFO] [1775551725.533067265] [keepout_costmap_filter_info_server]: Cleaning up
[costmap_filter_info_server-10] [INFO] [1775551725.533269674] [keepout_costmap_filter_info_server]: Destroying bond (keepout_costmap_filter_info_server) to lifecycle manager.
[controller_server-11] [INFO] [1775551725.538275929] [controller_server]: Cleaning up
[controller_server-11] [INFO] [1775551725.540603334] [MPPIController]: Cleaned up MPPI Controller: FollowPath
[controller_server-11] [INFO] [1775551725.550096408] [local_costmap.local_costmap]: Cleaning up
[localization_slam_toolbox_node-8] Unregistering sensor: Custom Described Lidar
[map_server-9] [INFO] [1775551725.583749583] [keepout_filter_mask_server]: Cleaning up
[map_server-9] [INFO] [1775551725.584068946] [keepout_filter_mask_server]: Destroying bond (keepout_filter_mask_server) to lifecycle manager.
[velocity_smoother-17] [INFO] [1775551725.654207849] [velocity_smoother]: Destroying
[collision_detector-19] [INFO] [1775551725.668577099] [collision_detector]: Destroying
[waypoint_follower-16] [INFO] [1775551725.696281975] [waypoint_follower]: Destroying bond (waypoint_follower) to lifecycle manager.
[waypoint_follower-16] [INFO] [1775551725.761731652] [waypoint_follower]: Destroying
[smoother_server-12] [INFO] [1775551725.703361021] [smoother_server]: Destroying bond (smoother_server) to lifecycle manager.
[smoother_server-12] [INFO] [1775551725.749167162] [smoother_server]: Destroying
[planner_server-13] [INFO] [1775551725.706929126] [global_costmap.global_costmap]: Cleaning up
[ekf_node-6] [INFO] [1775551725.711556230] [rclcpp]: signal_handler(SIGINT/SIGTERM)
[collision_monitor-18] [INFO] [1775551725.746518353] [collision_monitor]: Destroying
[costmap_filter_info_server-10] [INFO] [1775551725.778474972] [keepout_costmap_filter_info_server]: Destroying
[behavior_server-14] [INFO] [1775551725.821893919] [behavior_server]: Destroying
[scan_to_scan_filter_chain-5] [INFO] [1775551725.832814059] [rclcpp]: signal_handler(SIGINT/SIGTERM)
[map_server-9] [INFO] [1775551725.917412042] [keepout_filter_mask_server]: Destroying
[robot_state_publisher-2] [INFO] [1775551725.973426977] [rclcpp]: signal_handler(SIGINT/SIGTERM)
[localization_monitor-1] Traceback (most recent call last):
[localization_monitor-1]   File "/home/smr/workspaces/mini_amr/amrROS2_ws/install/localization_monitor/lib/localization_monitor/localization_monitor", line 33, in <module>
[localization_monitor-1]     sys.exit(load_entry_point('localization-monitor', 'console_scripts', 'localization_monitor')())
[localization_monitor-1]              ^^^^^^^^^^^^^^^^^^^^^^^^^^^^^^^^^^^^^^^^^^^^^^^^^^^^^^^^^^^^^^^^^^^^^^^^^^^^^^^^^^^^^
[localization_monitor-1]   File "/home/smr/workspaces/mini_amr/amrROS2_ws/build/localization_monitor/localization_monitor/localization_monitor.py", line 114, in main
[localization_monitor-1]     rclpy.spin(node)
[localization_monitor-1]   File "/opt/ros/jazzy/lib/python3.12/site-packages/rclpy/__init__.py", line 247, in spin
[localization_monitor-1]     executor.spin_once()
[localization_monitor-1]   File "/opt/ros/jazzy/lib/python3.12/site-packages/rclpy/executors.py", line 923, in spin_once
[localization_monitor-1]     self._spin_once_impl(timeout_sec)
[localization_monitor-1]   File "/opt/ros/jazzy/lib/python3.12/site-packages/rclpy/executors.py", line 904, in _spin_once_impl
[localization_monitor-1]     handler, entity, node = self.wait_for_ready_callbacks(
[localization_monitor-1]                             ^^^^^^^^^^^^^^^^^^^^^^^^^^^^^^
[localization_monitor-1]   File "/opt/ros/jazzy/lib/python3.12/site-packages/rclpy/executors.py", line 874, in wait_for_ready_callbacks
[localization_monitor-1]     return next(self._cb_iter)
[localization_monitor-1]            ^^^^^^^^^^^^^^^^^^^
[localization_monitor-1]   File "/opt/ros/jazzy/lib/python3.12/site-packages/rclpy/executors.py", line 778, in _wait_for_ready_callbacks
[localization_monitor-1]     wait_set.wait(timeout_nsec)
[localization_monitor-1] KeyboardInterrupt
[sllidar_node-4] [INFO] [1775551726.061723144] [sllidar_node]: Stop motor
[planner_server-13] [INFO] [1775551726.065618194] [planner_server]: Cleaning up plugin GridBased of type SmacPlanner2D
[planner_server-13] [INFO] [1775551726.148643283] [planner_server]: Destroying plugin GridBased of type SmacPlanner2D
[autodock_action_server-27] Traceback (most recent call last):
[autodock_action_server-27]   File "/home/smr/workspaces/mini_amr/amrROS2_ws/install/action_autodock/lib/python3.12/site-packages/action_autodock/autodock_action_server.py", line 1409, in main
[autodock_action_server-27]     executor.spin()
[autodock_action_server-27]   File "/opt/ros/jazzy/lib/python3.12/site-packages/rclpy/executors.py", line 359, in spin
[autodock_action_server-27]     self._spin_once_impl()
[autodock_action_server-27]   File "/opt/ros/jazzy/lib/python3.12/site-packages/rclpy/executors.py", line 988, in _spin_once_impl
[autodock_action_server-27]     handler, entity, node = self.wait_for_ready_callbacks(
[autodock_action_server-27]                             ^^^^^^^^^^^^^^^^^^^^^^^^^^^^^^
[autodock_action_server-27]   File "/opt/ros/jazzy/lib/python3.12/site-packages/rclpy/executors.py", line 874, in wait_for_ready_callbacks
[autodock_action_server-27]     return next(self._cb_iter)
[autodock_action_server-27]            ^^^^^^^^^^^^^^^^^^^
[autodock_action_server-27]   File "/opt/ros/jazzy/lib/python3.12/site-packages/rclpy/executors.py", line 778, in _wait_for_ready_callbacks
[autodock_action_server-27]     wait_set.wait(timeout_nsec)
[autodock_action_server-27] KeyboardInterrupt
[autodock_action_server-27] 
[autodock_action_server-27] During handling of the above exception, another exception occurred:
[autodock_action_server-27] 
[autodock_action_server-27] Traceback (most recent call last):
[autodock_action_server-27]   File "/home/smr/workspaces/mini_amr/amrROS2_ws/install/action_autodock/lib/action_autodock/autodock_action_server", line 33, in <module>
[autodock_action_server-27]     sys.exit(load_entry_point('action-autodock==0.0.0', 'console_scripts', 'autodock_action_server')())
[autodock_action_server-27]              ^^^^^^^^^^^^^^^^^^^^^^^^^^^^^^^^^^^^^^^^^^^^^^^^^^^^^^^^^^^^^^^^^^^^^^^^^^^^^^^^^^^^^^^^^
[autodock_action_server-27]   File "/home/smr/workspaces/mini_amr/amrROS2_ws/install/action_autodock/lib/python3.12/site-packages/action_autodock/autodock_action_server.py", line 1420, in main
[autodock_action_server-27]     rclpy.shutdown()   
[autodock_action_server-27]     ^^^^^^^^^^^^^^^^
[autodock_action_server-27]   File "/opt/ros/jazzy/lib/python3.12/site-packages/rclpy/__init__.py", line 134, in shutdown
[autodock_action_server-27]     _shutdown(context=context)
[autodock_action_server-27]   File "/opt/ros/jazzy/lib/python3.12/site-packages/rclpy/utilities.py", line 82, in shutdown
[autodock_action_server-27]     context.shutdown()
[autodock_action_server-27]   File "/opt/ros/jazzy/lib/python3.12/site-packages/rclpy/context.py", line 129, in shutdown
[autodock_action_server-27]     self.__context.shutdown()
[autodock_action_server-27] rclpy._rclpy_pybind11.RCLError: failed to shutdown: rcl_shutdown already called on the given context, at ./src/rcl/init.c:333
[planner_server-13] [INFO] [1775551726.525756187] [planner_server]: Destroying bond (planner_server) to lifecycle manager.
[delivery_robot_main_controller-22] Traceback (most recent call last):
[delivery_robot_main_controller-22]   File "/home/smr/workspaces/mini_amr/amrROS2_ws/install/delivery_robot_main_controller/lib/delivery_robot_main_controller/delivery_robot_main_controller", line 33, in <module>
[delivery_robot_main_controller-22]     sys.exit(load_entry_point('delivery-robot-main-controller==0.0.1', 'console_scripts', 'delivery_robot_main_controller')())
[delivery_robot_main_controller-22]              ^^^^^^^^^^^^^^^^^^^^^^^^^^^^^^^^^^^^^^^^^^^^^^^^^^^^^^^^^^^^^^^^^^^^^^^^^^^^^^^^^^^^^^^^^^^^^^^^^^^^^^^^^^^^^^^^
[delivery_robot_main_controller-22]   File "/home/smr/workspaces/mini_amr/amrROS2_ws/install/delivery_robot_main_controller/lib/python3.12/site-packages/delivery_robot_main_controller/main_controller_node.py", line 1931, in main
[delivery_robot_main_controller-22]     rclpy.shutdown()
[delivery_robot_main_controller-22]   File "/opt/ros/jazzy/lib/python3.12/site-packages/rclpy/__init__.py", line 134, in shutdown
[delivery_robot_main_controller-22]     _shutdown(context=context)
[delivery_robot_main_controller-22]   File "/opt/ros/jazzy/lib/python3.12/site-packages/rclpy/utilities.py", line 82, in shutdown
[delivery_robot_main_controller-22]     context.shutdown()
[controller_server-11] [INFO] [1775551726.577769034] [controller_server]: Destroying bond (controller_server) to lifecycle manager.
[delivery_robot_main_controller-22]   File "/opt/ros/jazzy/lib/python3.12/site-packages/rclpy/context.py", line 129, in shutdown
[controller_server-11] [INFO] [1775551726.607084428] [local_costmap.local_costmap]: Destroying
[delivery_robot_main_controller-22]     self.__context.shutdown()
[delivery_robot_main_controller-22] rclpy._rclpy_pybind11.RCLError: failed to shutdown: rcl_shutdown already called on the given context, at ./src/rcl/init.c:333
[robot_sound-23] Traceback (most recent call last):
[robot_sound-23]   File "/home/smr/workspaces/mini_amr/amrROS2_ws/install/delivery_robot_main_controller/lib/delivery_robot_main_controller/robot_sound", line 33, in <module>
[robot_sound-23]     sys.exit(load_entry_point('delivery-robot-main-controller==0.0.1', 'console_scripts', 'robot_sound')())
[robot_sound-23]              ^^^^^^^^^^^^^^^^^^^^^^^^^^^^^^^^^^^^^^^^^^^^^^^^^^^^^^^^^^^^^^^^^^^^^^^^^^^^^^^^^^^^^^^^^^^^^
[robot_sound-23]   File "/home/smr/workspaces/mini_amr/amrROS2_ws/install/delivery_robot_main_controller/lib/python3.12/site-packages/delivery_robot_main_controller/robot_sound.py", line 150, in main
[robot_sound-23]     rclpy.shutdown()
[robot_sound-23]   File "/opt/ros/jazzy/lib/python3.12/site-packages/rclpy/__init__.py", line 134, in shutdown
[robot_sound-23]     _shutdown(context=context)
[robot_sound-23]   File "/opt/ros/jazzy/lib/python3.12/site-packages/rclpy/utilities.py", line 82, in shutdown
[robot_sound-23]     context.shutdown()
[robot_sound-23]   File "/opt/ros/jazzy/lib/python3.12/site-packages/rclpy/context.py", line 129, in shutdown
[robot_sound-23]     self.__context.shutdown()
[robot_sound-23] rclpy._rclpy_pybind11.RCLError: failed to shutdown: rcl_shutdown already called on the given context, at ./src/rcl/init.c:333
[controller_server-11] [INFO] [1775551726.843877526] [controller_server]: Destroying
[planner_server-13] [INFO] [1775551726.857760879] [global_costmap.global_costmap]: Destroying
[planner_server-13] [INFO] [1775551727.160116817] [planner_server]: Destroying
[lifecycle_manager-20] [INFO] [1775551727.265179345] [lifecycle_manager_navigation]: Destroying lifecycle_manager_navigation
[rpc_run_node-25] Traceback (most recent call last):
[rpc_run_node-25]   File "/home/smr/workspaces/mini_amr/amrROS2_ws/install/delivery_robot_main_controller/lib/delivery_robot_main_controller/rpc_run_node", line 33, in <module>
[rpc_run_node-25]     sys.exit(load_entry_point('delivery-robot-main-controller==0.0.1', 'console_scripts', 'rpc_run_node')())
[rpc_run_node-25]              ^^^^^^^^^^^^^^^^^^^^^^^^^^^^^^^^^^^^^^^^^^^^^^^^^^^^^^^^^^^^^^^^^^^^^^^^^^^^^^^^^^^^^^^^^^^^^^
[rpc_run_node-25]   File "/home/smr/workspaces/mini_amr/amrROS2_ws/install/delivery_robot_main_controller/lib/python3.12/site-packages/delivery_robot_main_controller/rpc_run_node.py", line 57, in main
[rpc_run_node-25]     rclpy.shutdown()
[rpc_run_node-25]   File "/opt/ros/jazzy/lib/python3.12/site-packages/rclpy/__init__.py", line 134, in shutdown
[rpc_run_node-25]     _shutdown(context=context)
[rpc_run_node-25]   File "/opt/ros/jazzy/lib/python3.12/site-packages/rclpy/utilities.py", line 82, in shutdown
[rpc_run_node-25]     context.shutdown()
[rpc_run_node-25]   File "/opt/ros/jazzy/lib/python3.12/site-packages/rclpy/context.py", line 129, in shutdown
[rpc_run_node-25]     self.__context.shutdown()
[rpc_run_node-25] rclpy._rclpy_pybind11.RCLError: failed to shutdown: rcl_shutdown already called on the given context, at ./src/rcl/init.c:333
[INFO] [costmap_filter_info_server-10]: process has finished cleanly [pid 16762]
[INFO] [smoother_server-12]: process has finished cleanly [pid 16764]
[ERROR] [localization_monitor-21]: process has died [pid 16781, exit code -2, cmd '/home/smr/workspaces/mini_amr/amrROS2_ws/install/localization_monitor/lib/localization_monitor/localization_monitor --ros-args -r __node:=localization_monitor --params-file /tmp/launch_params_id8ge7ke -r /tf:=tf -r /tf_static:=tf_static -r /tf:=tf -r /tf_static:=tf_static'].
[INFO] [velocity_smoother-17]: process has finished cleanly [pid 16777]
[call_robot_button-24] Traceback (most recent call last):
[call_robot_button-24]   File "/home/smr/workspaces/mini_amr/amrROS2_ws/install/delivery_robot_main_controller/lib/delivery_robot_main_controller/call_robot_button", line 33, in <module>
[call_robot_button-24]     sys.exit(load_entry_point('delivery-robot-main-controller==0.0.1', 'console_scripts', 'call_robot_button')())
[call_robot_button-24]              ^^^^^^^^^^^^^^^^^^^^^^^^^^^^^^^^^^^^^^^^^^^^^^^^^^^^^^^^^^^^^^^^^^^^^^^^^^^^^^^^^^^^^^^^^^^^^^^^^^^
[call_robot_button-24]   File "/home/smr/workspaces/mini_amr/amrROS2_ws/install/delivery_robot_main_controller/lib/python3.12/site-packages/delivery_robot_main_controller/call_button.py", line 251, in main
[call_robot_button-24]     rclpy.shutdown()
[call_robot_button-24]   File "/opt/ros/jazzy/lib/python3.12/site-packages/rclpy/__init__.py", line 134, in shutdown
[call_robot_button-24]     _shutdown(context=context)
[call_robot_button-24]   File "/opt/ros/jazzy/lib/python3.12/site-packages/rclpy/utilities.py", line 82, in shutdown
[call_robot_button-24]     context.shutdown()
[call_robot_button-24]   File "/opt/ros/jazzy/lib/python3.12/site-packages/rclpy/context.py", line 129, in shutdown
[call_robot_button-24]     self.__context.shutdown()
[call_robot_button-24] rclpy._rclpy_pybind11.RCLError: failed to shutdown: rcl_shutdown already called on the given context, at ./src/rcl/init.c:333
[INFO] [robot_hardware-7]: process has finished cleanly [pid 16758]
[INFO] [collision_monitor-18]: process has finished cleanly [pid 16778]
[INFO] [map_server-9]: process has finished cleanly [pid 16761]
[INFO] [behavior_server-14]: process has finished cleanly [pid 16766]
[ERROR] [rpc_run_node-25]: process has died [pid 17079, exit code 1, cmd '/home/smr/workspaces/mini_amr/amrROS2_ws/install/delivery_robot_main_controller/lib/delivery_robot_main_controller/rpc_run_node --ros-args -r __node:=rpc_run_node -r __ns:=/ -r /tf:=tf -r /tf_static:=tf_static'].
[bt_navigator-15] [INFO] [1775551727.740572052] [bt_navigator]: Completed Cleaning up
[bt_navigator-15] [INFO] [1775551727.748754720] [bt_navigator]: Destroying bond (bt_navigator) to lifecycle manager.
[INFO] [waypoint_follower-16]: process has finished cleanly [pid 16774]
[ERROR] [battery_manager_node-28]: process has died [pid 17082, exit code -2, cmd '/home/smr/workspaces/mini_amr/amrROS2_ws/install/battery_management/lib/battery_management/battery_manager_node --ros-args -r __node:=battery_manager -r __ns:=/ --params-file /home/smr/workspaces/mini_amr/amrROS2_ws/install/battery_management/share/battery_management/config/battery_manager.yaml -r /tf:=tf -r /tf_static:=tf_static'].
[bt_navigator-15] [INFO] [1775551727.820174280] [bt_navigator]: Destroying
[ERROR] [robot_sound-23]: process has died [pid 17077, exit code 1, cmd '/home/smr/workspaces/mini_amr/amrROS2_ws/install/delivery_robot_main_controller/lib/delivery_robot_main_controller/robot_sound --ros-args -r __node:=robot_sound_node -r __ns:=/ -r /tf:=tf -r /tf_static:=tf_static'].
[ERROR] [localization_monitor-1]: process has died [pid 16752, exit code -2, cmd '/home/smr/workspaces/mini_amr/amrROS2_ws/install/localization_monitor/lib/localization_monitor/localization_monitor --ros-args -r __node:=localization_monitor --params-file /tmp/launch_params_fsj_q_06'].
[INFO] [joint_state_publisher-3]: process has finished cleanly [pid 16754]
[INFO] [collision_detector-19]: process has finished cleanly [pid 16779]
[ERROR] [call_robot_button-24]: process has died [pid 17078, exit code 1, cmd '/home/smr/workspaces/mini_amr/amrROS2_ws/install/delivery_robot_main_controller/lib/delivery_robot_main_controller/call_robot_button --ros-args -r __node:=call_robot_button_node -r __ns:=/ -r /tf:=tf -r /tf_static:=tf_static'].
[ERROR] [autodock_action_server-27]: process has died [pid 17081, exit code 1, cmd '/home/smr/workspaces/mini_amr/amrROS2_ws/install/action_autodock/lib/action_autodock/autodock_action_server --ros-args -r __ns:=/ --params-file /home/smr/workspaces/mini_amr/amrROS2_ws/install/action_autodock/share/action_autodock/config/auto_dock_config.yaml --params-file /tmp/launch_params_zrfcvodr -r /tf:=tf -r /tf_static:=tf_static'].
[INFO] [scan_to_scan_filter_chain-5]: process has finished cleanly [pid 16756]
[INFO] [robot_state_publisher-2]: process has finished cleanly [pid 16753]
[INFO] [planner_server-13]: process has finished cleanly [pid 16765]
[INFO] [ekf_node-6]: process has finished cleanly [pid 16757]
[INFO] [controller_server-11]: process has finished cleanly [pid 16763]
[INFO] [sllidar_node-4]: process has finished cleanly [pid 16755]
[INFO] [lifecycle_manager-20]: process has finished cleanly [pid 16780]
[INFO] [localization_slam_toolbox_node-8]: process has finished cleanly [pid 16760]
[INFO] [bt_navigator-15]: process has finished cleanly [pid 16769]
[ERROR] [delivery_robot_main_controller-22]: process has died [pid 17076, exit code 1, cmd '/home/smr/workspaces/mini_amr/amrROS2_ws/install/delivery_robot_main_controller/lib/delivery_robot_main_controller/delivery_robot_main_controller --ros-args -r __node:=main_controller_node -r __ns:=/ --params-file /tmp/launch_params_x5ayviue -r /tf:=tf -r /tf_static:=tf_static'].
