[0.762s] Invoking command in '/home/smr/workspaces/mini_amr/amrROS2_ws/build/robot_hardware_interface': CMAKE_PREFIX_PATH=${CMAKE_PREFIX_PATH}:/home/smr/workspaces/mini_amr/amrROS2_ws/install/python_pkg:/home/smr/workspaces/mini_amr/amrROS2_ws/install/action_autodock:/opt/ros/jazzy DEBUGINFOD_URLS=https://debuginfod.ubuntu.com /usr/bin/cmake --build /home/smr/workspaces/mini_amr/amrROS2_ws/build/robot_hardware_interface -- -j8 -l8
[1.048s] [ 33%] [32mBuilding CXX object CMakeFiles/robot_hardware.dir/src/robot_hardware_interface.cpp.o[0m
[1.074s] [ 66%] [32mBuilding CXX object CMakeFiles/robot_hardware.dir/src/hardware_interface_node.cpp.o[0m
[1.922s] [01m[K/home/smr/workspaces/mini_amr/amrROS2_ws/src/robot_hardware_interface/src/robot_hardware_interface.cpp:[m[K In member function ‘[01m[Kvoid HardwareInterface::[01;32m[KReceiveData[m[K()[m[K’:
[1.922s] [01m[K/home/smr/workspaces/mini_amr/amrROS2_ws/src/robot_hardware_interface/src/robot_hardware_interface.cpp:211:17:[m[K [01;35m[Kwarning: [m[Kunused variable ‘[01m[Kdata_len[m[K’ [[01;35m[K]8;;https://gcc.gnu.org/onlinedocs/gcc/Warning-Options.html#index-Wunused-variable-Wunused-variable]8;;[m[K]
[1.923s]   211 |         uint8_t [01;35m[Kdata_len[m[K;
[1.923s]       |                 [01;35m[K^~~~~~~~[m[K
[1.924s] [01m[K/home/smr/workspaces/mini_amr/amrROS2_ws/src/robot_hardware_interface/src/robot_hardware_interface.cpp:214:17:[m[K [01;35m[Kwarning: [m[Kunused variable ‘[01m[Kcheck_sum[m[K’ [[01;35m[K]8;;https://gcc.gnu.org/onlinedocs/gcc/Warning-Options.html#index-Wunused-variable-Wunused-variable]8;;[m[K]
[1.924s]   214 |         uint8_t [01;35m[Kcheck_sum[m[K;
[1.924s]       |                 [01;35m[K^~~~~~~~~[m[K
[18.411s] [100%] [32m[1mLinking CXX executable robot_hardware[0m
[19.511s] [100%] Built target robot_hardware
[19.550s] Invoked command in '/home/smr/workspaces/mini_amr/amrROS2_ws/build/robot_hardware_interface' returned '0': CMAKE_PREFIX_PATH=${CMAKE_PREFIX_PATH}:/home/smr/workspaces/mini_amr/amrROS2_ws/install/python_pkg:/home/smr/workspaces/mini_amr/amrROS2_ws/install/action_autodock:/opt/ros/jazzy DEBUGINFOD_URLS=https://debuginfod.ubuntu.com /usr/bin/cmake --build /home/smr/workspaces/mini_amr/amrROS2_ws/build/robot_hardware_interface -- -j8 -l8
[19.557s] Invoking command in '/home/smr/workspaces/mini_amr/amrROS2_ws/build/robot_hardware_interface': CMAKE_PREFIX_PATH=${CMAKE_PREFIX_PATH}:/home/smr/workspaces/mini_amr/amrROS2_ws/install/python_pkg:/home/smr/workspaces/mini_amr/amrROS2_ws/install/action_autodock:/opt/ros/jazzy DEBUGINFOD_URLS=https://debuginfod.ubuntu.com /usr/bin/cmake --install /home/smr/workspaces/mini_amr/amrROS2_ws/build/robot_hardware_interface
[19.581s] -- Install configuration: ""
[19.585s] -- Installing: /home/smr/workspaces/mini_amr/amrROS2_ws/install/robot_hardware_interface/lib/robot_hardware_interface/robot_hardware
[19.602s] -- Set non-toolchain portion of runtime path of "/home/smr/workspaces/mini_amr/amrROS2_ws/install/robot_hardware_interface/lib/robot_hardware_interface/robot_hardware" to ""
[19.603s] -- Up-to-date: /home/smr/workspaces/mini_amr/amrROS2_ws/install/robot_hardware_interface/share/ament_index/resource_index/package_run_dependencies/robot_hardware_interface
[19.603s] -- Up-to-date: /home/smr/workspaces/mini_amr/amrROS2_ws/install/robot_hardware_interface/share/ament_index/resource_index/parent_prefix_path/robot_hardware_interface
[19.605s] -- Up-to-date: /home/smr/workspaces/mini_amr/amrROS2_ws/install/robot_hardware_interface/share/robot_hardware_interface/environment/ament_prefix_path.sh
[19.606s] -- Up-to-date: /home/smr/workspaces/mini_amr/amrROS2_ws/install/robot_hardware_interface/share/robot_hardware_interface/environment/ament_prefix_path.dsv
[19.606s] -- Up-to-date: /home/smr/workspaces/mini_amr/amrROS2_ws/install/robot_hardware_interface/share/robot_hardware_interface/environment/path.sh
[19.607s] -- Up-to-date: /home/smr/workspaces/mini_amr/amrROS2_ws/install/robot_hardware_interface/share/robot_hardware_interface/environment/path.dsv
[19.607s] -- Up-to-date: /home/smr/workspaces/mini_amr/amrROS2_ws/install/robot_hardware_interface/share/robot_hardware_interface/local_setup.bash
[19.608s] -- Up-to-date: /home/smr/workspaces/mini_amr/amrROS2_ws/install/robot_hardware_interface/share/robot_hardware_interface/local_setup.sh
[19.608s] -- Up-to-date: /home/smr/workspaces/mini_amr/amrROS2_ws/install/robot_hardware_interface/share/robot_hardware_interface/local_setup.zsh
[19.608s] -- Up-to-date: /home/smr/workspaces/mini_amr/amrROS2_ws/install/robot_hardware_interface/share/robot_hardware_interface/local_setup.dsv
[19.609s] -- Installing: /home/smr/workspaces/mini_amr/amrROS2_ws/install/robot_hardware_interface/share/robot_hardware_interface/package.dsv
[19.610s] -- Up-to-date: /home/smr/workspaces/mini_amr/amrROS2_ws/install/robot_hardware_interface/share/ament_index/resource_index/packages/robot_hardware_interface
[19.611s] -- Up-to-date: /home/smr/workspaces/mini_amr/amrROS2_ws/install/robot_hardware_interface/share/robot_hardware_interface/cmake/robot_hardware_interfaceConfig.cmake
[19.612s] -- Up-to-date: /home/smr/workspaces/mini_amr/amrROS2_ws/install/robot_hardware_interface/share/robot_hardware_interface/cmake/robot_hardware_interfaceConfig-version.cmake
[19.612s] -- Up-to-date: /home/smr/workspaces/mini_amr/amrROS2_ws/install/robot_hardware_interface/share/robot_hardware_interface/package.xml
[19.613s] Invoked command in '/home/smr/workspaces/mini_amr/amrROS2_ws/build/robot_hardware_interface' returned '0': CMAKE_PREFIX_PATH=${CMAKE_PREFIX_PATH}:/home/smr/workspaces/mini_amr/amrROS2_ws/install/python_pkg:/home/smr/workspaces/mini_amr/amrROS2_ws/install/action_autodock:/opt/ros/jazzy DEBUGINFOD_URLS=https://debuginfod.ubuntu.com /usr/bin/cmake --install /home/smr/workspaces/mini_amr/amrROS2_ws/build/robot_hardware_interface
