[1.767s] Invoking command in '/home/smr/workspaces/mini_amr/amrROS2_ws/src/wis_pkg': DEBUGINFOD_URLS=https://debuginfod.ubuntu.com PYTHONPATH=/home/smr/workspaces/mini_amr/amrROS2_ws/build/wis_pkg/prefix_override:/usr/lib/python3/dist-packages/colcon_core/task/python/colcon_distutils_commands:/home/smr/workspaces/mini_amr/amrROS2_ws/install/wis_pkg/lib/python3.12/site-packages:${PYTHONPATH} /usr/bin/python3 -W ignore:setup.py install is deprecated -W ignore:easy_install command is deprecated setup.py egg_info --egg-base ../../build/wis_pkg build --build-base /home/smr/workspaces/mini_amr/amrROS2_ws/build/wis_pkg/build install --record /home/smr/workspaces/mini_amr/amrROS2_ws/build/wis_pkg/install.log --single-version-externally-managed install_data
[2.191s] running egg_info
[2.221s] writing ../../build/wis_pkg/wis_pkg.egg-info/PKG-INFO
[2.222s] writing dependency_links to ../../build/wis_pkg/wis_pkg.egg-info/dependency_links.txt
[2.223s] writing entry points to ../../build/wis_pkg/wis_pkg.egg-info/entry_points.txt
[2.223s] writing requirements to ../../build/wis_pkg/wis_pkg.egg-info/requires.txt
[2.223s] writing top-level names to ../../build/wis_pkg/wis_pkg.egg-info/top_level.txt
[2.287s] reading manifest file '../../build/wis_pkg/wis_pkg.egg-info/SOURCES.txt'
[2.288s] writing manifest file '../../build/wis_pkg/wis_pkg.egg-info/SOURCES.txt'
[2.289s] running build
[2.289s] running build_py
[2.291s] running install
[2.300s] running install_lib
[2.334s] running install_data
[2.334s] running install_egg_info
[2.369s] removing '/home/smr/workspaces/mini_amr/amrROS2_ws/install/wis_pkg/lib/python3.12/site-packages/wis_pkg-0.0.0-py3.12.egg-info' (and everything under it)
[2.370s] Copying ../../build/wis_pkg/wis_pkg.egg-info to /home/smr/workspaces/mini_amr/amrROS2_ws/install/wis_pkg/lib/python3.12/site-packages/wis_pkg-0.0.0-py3.12.egg-info
[2.371s] running install_scripts
[2.585s] Installing map_info script to /home/smr/workspaces/mini_amr/amrROS2_ws/install/wis_pkg/lib/wis_pkg
[2.586s] Installing map_load script to /home/smr/workspaces/mini_amr/amrROS2_ws/install/wis_pkg/lib/wis_pkg
[2.586s] Installing map_name script to /home/smr/workspaces/mini_amr/amrROS2_ws/install/wis_pkg/lib/wis_pkg
[2.587s] Installing map_nav script to /home/smr/workspaces/mini_amr/amrROS2_ws/install/wis_pkg/lib/wis_pkg
[2.587s] Installing map_save script to /home/smr/workspaces/mini_amr/amrROS2_ws/install/wis_pkg/lib/wis_pkg
[2.588s] Installing map_scan script to /home/smr/workspaces/mini_amr/amrROS2_ws/install/wis_pkg/lib/wis_pkg
[2.588s] writing list of installed files to '/home/smr/workspaces/mini_amr/amrROS2_ws/build/wis_pkg/install.log'
[2.667s] Invoked command in '/home/smr/workspaces/mini_amr/amrROS2_ws/src/wis_pkg' returned '0': DEBUGINFOD_URLS=https://debuginfod.ubuntu.com PYTHONPATH=/home/smr/workspaces/mini_amr/amrROS2_ws/build/wis_pkg/prefix_override:/usr/lib/python3/dist-packages/colcon_core/task/python/colcon_distutils_commands:/home/smr/workspaces/mini_amr/amrROS2_ws/install/wis_pkg/lib/python3.12/site-packages:${PYTHONPATH} /usr/bin/python3 -W ignore:setup.py install is deprecated -W ignore:easy_install command is deprecated setup.py egg_info --egg-base ../../build/wis_pkg build --build-base /home/smr/workspaces/mini_amr/amrROS2_ws/build/wis_pkg/build install --record /home/smr/workspaces/mini_amr/amrROS2_ws/build/wis_pkg/install.log --single-version-externally-managed install_data
