-- Found ament_cmake: 2.5.4 (/opt/ros/jazzy/share/ament_cmake/cmake)
-- Found Python3: /usr/bin/python3 (found version "3.12.3") found components: Interpreter 
-- Found rosidl_default_generators: 1.6.0 (/opt/ros/jazzy/share/rosidl_default_generators/cmake)
-- Using all available rosidl_typesupport_c: rosidl_typesupport_fastrtps_c;rosidl_typesupport_introspection_c
-- Using all available rosidl_typesupport_cpp: rosidl_typesupport_fastrtps_cpp;rosidl_typesupport_introspection_cpp
-- Found rosidl_adapter: 4.6.5 (/opt/ros/jazzy/share/rosidl_adapter/cmake)
-- Found geometry_msgs: 5.3.6 (/opt/ros/jazzy/share/geometry_msgs/cmake)
-- Found ament_cmake_ros: 0.12.0 (/opt/ros/jazzy/share/ament_cmake_ros/cmake)
-- Using all available rosidl_typesupport_c: rosidl_typesupport_fastrtps_c;rosidl_typesupport_introspection_c
-- Using all available rosidl_typesupport_cpp: rosidl_typesupport_fastrtps_cpp;rosidl_typesupport_introspection_cpp
-- Found python_cmake_module: 0.11.1 (/opt/ros/jazzy/share/python_cmake_module/cmake)
-- Found Python3: /usr/bin/python3 (found version "3.12.3") found components: Interpreter Development NumPy Development.Module Development.Embed 
-- Configuring done (5.7s)
-- Generating done (2.4s)
-- Build files have been written to: /home/smr/workspaces/mini_amr/amrROS2_ws/build/custom_interface
[  2%] Built target custom_interface__rosidl_generator_type_description
[  4%] [34m[1mGenerating C code for ROS interfaces[0m
[  4%] Built target ament_cmake_python_copy_custom_interface
[  6%] [34m[1mGenerating C++ code for ROS interfaces[0m
running egg_info
writing custom_interface.egg-info/PKG-INFO
writing dependency_links to custom_interface.egg-info/dependency_links.txt
writing top-level names to custom_interface.egg-info/top_level.txt
reading manifest file 'custom_interface.egg-info/SOURCES.txt'
writing manifest file 'custom_interface.egg-info/SOURCES.txt'
[  6%] Built target ament_cmake_python_build_custom_interface_egg
[  6%] Built target custom_interface__cpp
[  9%] [32mBuilding C object CMakeFiles/custom_interface__rosidl_generator_c.dir/rosidl_generator_c/custom_interface/action/detail/autodock__type_support.c.o[0m
[ 11%] [32mBuilding C object CMakeFiles/custom_interface__rosidl_generator_c.dir/rosidl_generator_c/custom_interface/msg/detail/initdock__description.c.o[0m
[ 13%] [32mBuilding C object CMakeFiles/custom_interface__rosidl_generator_c.dir/rosidl_generator_c/custom_interface/msg/detail/initdock__functions.c.o[0m
[ 15%] [32mBuilding C object CMakeFiles/custom_interface__rosidl_generator_c.dir/rosidl_generator_c/custom_interface/msg/detail/initdock__type_support.c.o[0m
[ 18%] [32mBuilding C object CMakeFiles/custom_interface__rosidl_generator_c.dir/rosidl_generator_c/custom_interface/action/detail/autodock__functions.c.o[0m
[ 20%] [32mBuilding C object CMakeFiles/custom_interface__rosidl_generator_c.dir/rosidl_generator_c/custom_interface/action/detail/autodock__description.c.o[0m
[ 22%] [32m[1mLinking C shared library libcustom_interface__rosidl_generator_c.so[0m
[ 22%] Built target custom_interface__rosidl_generator_c
[ 25%] [34m[1mGenerating C++ type support dispatch for ROS interfaces[0m
[ 27%] [34m[1mGenerating C++ type support for eProsima Fast-RTPS[0m
[ 29%] [34m[1mGenerating C type support for eProsima Fast-RTPS[0m
[ 31%] [34m[1mGenerating C introspection for ROS interfaces[0m
[ 34%] [34m[1mGenerating C type support dispatch for ROS interfaces[0m
[ 36%] [34m[1mGenerating C++ introspection for ROS interfaces[0m
[ 38%] [32mBuilding CXX object CMakeFiles/custom_interface__rosidl_typesupport_cpp.dir/rosidl_typesupport_cpp/custom_interface/msg/initdock__type_support.cpp.o[0m
[ 40%] [32mBuilding CXX object CMakeFiles/custom_interface__rosidl_typesupport_cpp.dir/rosidl_typesupport_cpp/custom_interface/action/autodock__type_support.cpp.o[0m
[ 43%] [32mBuilding CXX object CMakeFiles/custom_interface__rosidl_typesupport_c.dir/rosidl_typesupport_c/custom_interface/action/autodock__type_support.cpp.o[0m
[ 45%] [32mBuilding CXX object CMakeFiles/custom_interface__rosidl_typesupport_c.dir/rosidl_typesupport_c/custom_interface/msg/initdock__type_support.cpp.o[0m
[ 47%] [32mBuilding CXX object CMakeFiles/custom_interface__rosidl_typesupport_introspection_cpp.dir/rosidl_typesupport_introspection_cpp/custom_interface/action/detail/autodock__type_support.cpp.o[0m
[ 50%] [32mBuilding CXX object CMakeFiles/custom_interface__rosidl_typesupport_introspection_cpp.dir/rosidl_typesupport_introspection_cpp/custom_interface/msg/detail/initdock__type_support.cpp.o[0m
[ 52%] [32mBuilding CXX object CMakeFiles/custom_interface__rosidl_typesupport_fastrtps_c.dir/rosidl_typesupport_fastrtps_c/custom_interface/action/detail/autodock__type_support_c.cpp.o[0m
[ 54%] [32m[1mLinking CXX shared library libcustom_interface__rosidl_typesupport_c.so[0m
[ 56%] [32mBuilding C object CMakeFiles/custom_interface__rosidl_typesupport_introspection_c.dir/rosidl_typesupport_introspection_c/custom_interface/action/detail/autodock__type_support.c.o[0m
[ 59%] [32mBuilding CXX object CMakeFiles/custom_interface__rosidl_typesupport_fastrtps_cpp.dir/rosidl_typesupport_fastrtps_cpp/custom_interface/msg/detail/dds_fastrtps/initdock__type_support.cpp.o[0m
[ 61%] [32mBuilding CXX object CMakeFiles/custom_interface__rosidl_typesupport_fastrtps_cpp.dir/rosidl_typesupport_fastrtps_cpp/custom_interface/action/detail/dds_fastrtps/autodock__type_support.cpp.o[0m
[ 61%] Built target custom_interface__rosidl_typesupport_c
[ 63%] [32mBuilding C object CMakeFiles/custom_interface__rosidl_typesupport_introspection_c.dir/rosidl_typesupport_introspection_c/custom_interface/msg/detail/initdock__type_support.c.o[0m
[ 65%] [32mBuilding CXX object CMakeFiles/custom_interface__rosidl_typesupport_fastrtps_c.dir/rosidl_typesupport_fastrtps_c/custom_interface/msg/detail/initdock__type_support_c.cpp.o[0m
[ 68%] [32m[1mLinking C shared library libcustom_interface__rosidl_typesupport_introspection_c.so[0m
[ 68%] Built target custom_interface__rosidl_typesupport_introspection_c
[ 70%] [32m[1mLinking CXX shared library libcustom_interface__rosidl_typesupport_cpp.so[0m
[ 72%] [32m[1mLinking CXX shared library libcustom_interface__rosidl_typesupport_introspection_cpp.so[0m
[ 72%] Built target custom_interface__rosidl_typesupport_cpp
[ 75%] [32m[1mLinking CXX shared library libcustom_interface__rosidl_typesupport_fastrtps_c.so[0m
[ 75%] Built target custom_interface__rosidl_typesupport_introspection_cpp
[ 75%] Built target custom_interface__rosidl_typesupport_fastrtps_c
[ 77%] [32m[1mLinking CXX shared library libcustom_interface__rosidl_typesupport_fastrtps_cpp.so[0m
[ 77%] Built target custom_interface__rosidl_typesupport_fastrtps_cpp
[ 77%] Built target custom_interface
[ 79%] [34m[1mGenerating Python code for ROS interfaces[0m
[ 79%] Built target custom_interface__py
[ 81%] [32mBuilding C object CMakeFiles/custom_interface__rosidl_generator_py.dir/rosidl_generator_py/custom_interface/action/_autodock_s.c.o[0m
[ 84%] [32mBuilding C object CMakeFiles/custom_interface__rosidl_generator_py.dir/rosidl_generator_py/custom_interface/msg/_initdock_s.c.o[0m
[ 86%] [32m[1mLinking C shared library libcustom_interface__rosidl_generator_py.so[0m
[ 86%] Built target custom_interface__rosidl_generator_py
[ 88%] [32mBuilding C object CMakeFiles/custom_interface_s__rosidl_typesupport_introspection_c.dir/rosidl_generator_py/custom_interface/_custom_interface_s.ep.rosidl_typesupport_introspection_c.c.o[0m
[ 90%] [32mBuilding C object CMakeFiles/custom_interface_s__rosidl_typesupport_c.dir/rosidl_generator_py/custom_interface/_custom_interface_s.ep.rosidl_typesupport_c.c.o[0m
[ 93%] [32mBuilding C object CMakeFiles/custom_interface_s__rosidl_typesupport_fastrtps_c.dir/rosidl_generator_py/custom_interface/_custom_interface_s.ep.rosidl_typesupport_fastrtps_c.c.o[0m
[ 95%] [32m[1mLinking C shared module rosidl_generator_py/custom_interface/custom_interface_s__rosidl_typesupport_introspection_c.so[0m
[ 95%] Built target custom_interface_s__rosidl_typesupport_introspection_c
[ 97%] [32m[1mLinking C shared module rosidl_generator_py/custom_interface/custom_interface_s__rosidl_typesupport_fastrtps_c.so[0m
[100%] [32m[1mLinking C shared module rosidl_generator_py/custom_interface/custom_interface_s__rosidl_typesupport_c.so[0m
[100%] Built target custom_interface_s__rosidl_typesupport_fastrtps_c
[100%] Built target custom_interface_s__rosidl_typesupport_c
-- Install configuration: ""
-- Up-to-date: /home/smr/workspaces/mini_amr/amrROS2_ws/install/custom_interface/share/ament_index/resource_index/rosidl_interfaces/custom_interface
-- Up-to-date: /home/smr/workspaces/mini_amr/amrROS2_ws/install/custom_interface/share/custom_interface/action/Autodock.json
-- Up-to-date: /home/smr/workspaces/mini_amr/amrROS2_ws/install/custom_interface/share/custom_interface/msg/Initdock.json
-- Up-to-date: /home/smr/workspaces/mini_amr/amrROS2_ws/install/custom_interface/include/custom_interface/custom_interface
-- Up-to-date: /home/smr/workspaces/mini_amr/amrROS2_ws/install/custom_interface/include/custom_interface/custom_interface/action
-- Up-to-date: /home/smr/workspaces/mini_amr/amrROS2_ws/install/custom_interface/include/custom_interface/custom_interface/action/detail
-- Installing: /home/smr/workspaces/mini_amr/amrROS2_ws/install/custom_interface/include/custom_interface/custom_interface/action/detail/autodock__type_support.h
-- Installing: /home/smr/workspaces/mini_amr/amrROS2_ws/install/custom_interface/include/custom_interface/custom_interface/action/detail/autodock__type_support.c
-- Installing: /home/smr/workspaces/mini_amr/amrROS2_ws/install/custom_interface/include/custom_interface/custom_interface/action/detail/autodock__struct.h
-- Installing: /home/smr/workspaces/mini_amr/amrROS2_ws/install/custom_interface/include/custom_interface/custom_interface/action/detail/autodock__description.c
-- Installing: /home/smr/workspaces/mini_amr/amrROS2_ws/install/custom_interface/include/custom_interface/custom_interface/action/detail/autodock__functions.c
-- Installing: /home/smr/workspaces/mini_amr/amrROS2_ws/install/custom_interface/include/custom_interface/custom_interface/action/detail/autodock__functions.h
-- Installing: /home/smr/workspaces/mini_amr/amrROS2_ws/install/custom_interface/include/custom_interface/custom_interface/action/autodock.h
-- Up-to-date: /home/smr/workspaces/mini_amr/amrROS2_ws/install/custom_interface/include/custom_interface/custom_interface/msg
-- Up-to-date: /home/smr/workspaces/mini_amr/amrROS2_ws/install/custom_interface/include/custom_interface/custom_interface/msg/rosidl_generator_c__visibility_control.h
-- Installing: /home/smr/workspaces/mini_amr/amrROS2_ws/install/custom_interface/include/custom_interface/custom_interface/msg/initdock.h
-- Up-to-date: /home/smr/workspaces/mini_amr/amrROS2_ws/install/custom_interface/include/custom_interface/custom_interface/msg/detail
-- Installing: /home/smr/workspaces/mini_amr/amrROS2_ws/install/custom_interface/include/custom_interface/custom_interface/msg/detail/initdock__type_support.c
-- Installing: /home/smr/workspaces/mini_amr/amrROS2_ws/install/custom_interface/include/custom_interface/custom_interface/msg/detail/initdock__struct.h
-- Installing: /home/smr/workspaces/mini_amr/amrROS2_ws/install/custom_interface/include/custom_interface/custom_interface/msg/detail/initdock__type_support.h
-- Installing: /home/smr/workspaces/mini_amr/amrROS2_ws/install/custom_interface/include/custom_interface/custom_interface/msg/detail/initdock__functions.c
-- Installing: /home/smr/workspaces/mini_amr/amrROS2_ws/install/custom_interface/include/custom_interface/custom_interface/msg/detail/initdock__functions.h
-- Installing: /home/smr/workspaces/mini_amr/amrROS2_ws/install/custom_interface/include/custom_interface/custom_interface/msg/detail/initdock__description.c
-- Up-to-date: /home/smr/workspaces/mini_amr/amrROS2_ws/install/custom_interface/share/custom_interface/environment/library_path.sh
-- Up-to-date: /home/smr/workspaces/mini_amr/amrROS2_ws/install/custom_interface/share/custom_interface/environment/library_path.dsv
-- Installing: /home/smr/workspaces/mini_amr/amrROS2_ws/install/custom_interface/lib/libcustom_interface__rosidl_generator_c.so
-- Set non-toolchain portion of runtime path of "/home/smr/workspaces/mini_amr/amrROS2_ws/install/custom_interface/lib/libcustom_interface__rosidl_generator_c.so" to ""
-- Up-to-date: /home/smr/workspaces/mini_amr/amrROS2_ws/install/custom_interface/include/custom_interface/custom_interface
-- Up-to-date: /home/smr/workspaces/mini_amr/amrROS2_ws/install/custom_interface/include/custom_interface/custom_interface/action
-- Up-to-date: /home/smr/workspaces/mini_amr/amrROS2_ws/install/custom_interface/include/custom_interface/custom_interface/action/detail
-- Installing: /home/smr/workspaces/mini_amr/amrROS2_ws/install/custom_interface/include/custom_interface/custom_interface/action/detail/autodock__rosidl_typesupport_fastrtps_c.h
-- Up-to-date: /home/smr/workspaces/mini_amr/amrROS2_ws/install/custom_interface/include/custom_interface/custom_interface/msg
-- Up-to-date: /home/smr/workspaces/mini_amr/amrROS2_ws/install/custom_interface/include/custom_interface/custom_interface/msg/rosidl_typesupport_fastrtps_c__visibility_control.h
-- Up-to-date: /home/smr/workspaces/mini_amr/amrROS2_ws/install/custom_interface/include/custom_interface/custom_interface/msg/detail
-- Installing: /home/smr/workspaces/mini_amr/amrROS2_ws/install/custom_interface/include/custom_interface/custom_interface/msg/detail/initdock__rosidl_typesupport_fastrtps_c.h
-- Installing: /home/smr/workspaces/mini_amr/amrROS2_ws/install/custom_interface/lib/libcustom_interface__rosidl_typesupport_fastrtps_c.so
-- Set non-toolchain portion of runtime path of "/home/smr/workspaces/mini_amr/amrROS2_ws/install/custom_interface/lib/libcustom_interface__rosidl_typesupport_fastrtps_c.so" to ""
-- Up-to-date: /home/smr/workspaces/mini_amr/amrROS2_ws/install/custom_interface/include/custom_interface/custom_interface
-- Up-to-date: /home/smr/workspaces/mini_amr/amrROS2_ws/install/custom_interface/include/custom_interface/custom_interface/action
-- Up-to-date: /home/smr/workspaces/mini_amr/amrROS2_ws/install/custom_interface/include/custom_interface/custom_interface/action/detail
-- Installing: /home/smr/workspaces/mini_amr/amrROS2_ws/install/custom_interface/include/custom_interface/custom_interface/action/detail/autodock__rosidl_typesupport_introspection_c.h
-- Installing: /home/smr/workspaces/mini_amr/amrROS2_ws/install/custom_interface/include/custom_interface/custom_interface/action/detail/autodock__type_support.c
-- Up-to-date: /home/smr/workspaces/mini_amr/amrROS2_ws/install/custom_interface/include/custom_interface/custom_interface/msg
-- Up-to-date: /home/smr/workspaces/mini_amr/amrROS2_ws/install/custom_interface/include/custom_interface/custom_interface/msg/detail
-- Installing: /home/smr/workspaces/mini_amr/amrROS2_ws/install/custom_interface/include/custom_interface/custom_interface/msg/detail/initdock__type_support.c
-- Installing: /home/smr/workspaces/mini_amr/amrROS2_ws/install/custom_interface/include/custom_interface/custom_interface/msg/detail/initdock__rosidl_typesupport_introspection_c.h
-- Up-to-date: /home/smr/workspaces/mini_amr/amrROS2_ws/install/custom_interface/include/custom_interface/custom_interface/msg/rosidl_typesupport_introspection_c__visibility_control.h
-- Installing: /home/smr/workspaces/mini_amr/amrROS2_ws/install/custom_interface/lib/libcustom_interface__rosidl_typesupport_introspection_c.so
-- Set non-toolchain portion of runtime path of "/home/smr/workspaces/mini_amr/amrROS2_ws/install/custom_interface/lib/libcustom_interface__rosidl_typesupport_introspection_c.so" to ""
-- Installing: /home/smr/workspaces/mini_amr/amrROS2_ws/install/custom_interface/lib/libcustom_interface__rosidl_typesupport_c.so
-- Set non-toolchain portion of runtime path of "/home/smr/workspaces/mini_amr/amrROS2_ws/install/custom_interface/lib/libcustom_interface__rosidl_typesupport_c.so" to ""
-- Up-to-date: /home/smr/workspaces/mini_amr/amrROS2_ws/install/custom_interface/include/custom_interface/custom_interface
-- Up-to-date: /home/smr/workspaces/mini_amr/amrROS2_ws/install/custom_interface/include/custom_interface/custom_interface/action
-- Up-to-date: /home/smr/workspaces/mini_amr/amrROS2_ws/install/custom_interface/include/custom_interface/custom_interface/action/detail
-- Installing: /home/smr/workspaces/mini_amr/amrROS2_ws/install/custom_interface/include/custom_interface/custom_interface/action/detail/autodock__traits.hpp
-- Installing: /home/smr/workspaces/mini_amr/amrROS2_ws/install/custom_interface/include/custom_interface/custom_interface/action/detail/autodock__struct.hpp
-- Installing: /home/smr/workspaces/mini_amr/amrROS2_ws/install/custom_interface/include/custom_interface/custom_interface/action/detail/autodock__builder.hpp
-- Installing: /home/smr/workspaces/mini_amr/amrROS2_ws/install/custom_interface/include/custom_interface/custom_interface/action/detail/autodock__type_support.hpp
-- Installing: /home/smr/workspaces/mini_amr/amrROS2_ws/install/custom_interface/include/custom_interface/custom_interface/action/autodock.hpp
-- Up-to-date: /home/smr/workspaces/mini_amr/amrROS2_ws/install/custom_interface/include/custom_interface/custom_interface/msg
-- Installing: /home/smr/workspaces/mini_amr/amrROS2_ws/install/custom_interface/include/custom_interface/custom_interface/msg/initdock.hpp
-- Up-to-date: /home/smr/workspaces/mini_amr/amrROS2_ws/install/custom_interface/include/custom_interface/custom_interface/msg/detail
-- Installing: /home/smr/workspaces/mini_amr/amrROS2_ws/install/custom_interface/include/custom_interface/custom_interface/msg/detail/initdock__struct.hpp
-- Installing: /home/smr/workspaces/mini_amr/amrROS2_ws/install/custom_interface/include/custom_interface/custom_interface/msg/detail/initdock__type_support.hpp
-- Installing: /home/smr/workspaces/mini_amr/amrROS2_ws/install/custom_interface/include/custom_interface/custom_interface/msg/detail/initdock__builder.hpp
-- Installing: /home/smr/workspaces/mini_amr/amrROS2_ws/install/custom_interface/include/custom_interface/custom_interface/msg/detail/initdock__traits.hpp
-- Installing: /home/smr/workspaces/mini_amr/amrROS2_ws/install/custom_interface/include/custom_interface/custom_interface/msg/rosidl_generator_cpp__visibility_control.hpp
-- Up-to-date: /home/smr/workspaces/mini_amr/amrROS2_ws/install/custom_interface/include/custom_interface/custom_interface
-- Up-to-date: /home/smr/workspaces/mini_amr/amrROS2_ws/install/custom_interface/include/custom_interface/custom_interface/action
-- Up-to-date: /home/smr/workspaces/mini_amr/amrROS2_ws/install/custom_interface/include/custom_interface/custom_interface/action/detail
-- Installing: /home/smr/workspaces/mini_amr/amrROS2_ws/install/custom_interface/include/custom_interface/custom_interface/action/detail/autodock__rosidl_typesupport_fastrtps_cpp.hpp
-- Up-to-date: /home/smr/workspaces/mini_amr/amrROS2_ws/install/custom_interface/include/custom_interface/custom_interface/action/detail/dds_fastrtps
-- Up-to-date: /home/smr/workspaces/mini_amr/amrROS2_ws/install/custom_interface/include/custom_interface/custom_interface/msg
-- Up-to-date: /home/smr/workspaces/mini_amr/amrROS2_ws/install/custom_interface/include/custom_interface/custom_interface/msg/rosidl_typesupport_fastrtps_cpp__visibility_control.h
-- Up-to-date: /home/smr/workspaces/mini_amr/amrROS2_ws/install/custom_interface/include/custom_interface/custom_interface/msg/detail
-- Up-to-date: /home/smr/workspaces/mini_amr/amrROS2_ws/install/custom_interface/include/custom_interface/custom_interface/msg/detail/dds_fastrtps
-- Installing: /home/smr/workspaces/mini_amr/amrROS2_ws/install/custom_interface/include/custom_interface/custom_interface/msg/detail/initdock__rosidl_typesupport_fastrtps_cpp.hpp
-- Installing: /home/smr/workspaces/mini_amr/amrROS2_ws/install/custom_interface/lib/libcustom_interface__rosidl_typesupport_fastrtps_cpp.so
-- Set non-toolchain portion of runtime path of "/home/smr/workspaces/mini_amr/amrROS2_ws/install/custom_interface/lib/libcustom_interface__rosidl_typesupport_fastrtps_cpp.so" to ""
-- Up-to-date: /home/smr/workspaces/mini_amr/amrROS2_ws/install/custom_interface/include/custom_interface/custom_interface
-- Up-to-date: /home/smr/workspaces/mini_amr/amrROS2_ws/install/custom_interface/include/custom_interface/custom_interface/action
-- Up-to-date: /home/smr/workspaces/mini_amr/amrROS2_ws/install/custom_interface/include/custom_interface/custom_interface/action/detail
-- Installing: /home/smr/workspaces/mini_amr/amrROS2_ws/install/custom_interface/include/custom_interface/custom_interface/action/detail/autodock__type_support.cpp
-- Installing: /home/smr/workspaces/mini_amr/amrROS2_ws/install/custom_interface/include/custom_interface/custom_interface/action/detail/autodock__rosidl_typesupport_introspection_cpp.hpp
-- Up-to-date: /home/smr/workspaces/mini_amr/amrROS2_ws/install/custom_interface/include/custom_interface/custom_interface/msg
-- Up-to-date: /home/smr/workspaces/mini_amr/amrROS2_ws/install/custom_interface/include/custom_interface/custom_interface/msg/detail
-- Installing: /home/smr/workspaces/mini_amr/amrROS2_ws/install/custom_interface/include/custom_interface/custom_interface/msg/detail/initdock__type_support.cpp
-- Installing: /home/smr/workspaces/mini_amr/amrROS2_ws/install/custom_interface/include/custom_interface/custom_interface/msg/detail/initdock__rosidl_typesupport_introspection_cpp.hpp
-- Installing: /home/smr/workspaces/mini_amr/amrROS2_ws/install/custom_interface/lib/libcustom_interface__rosidl_typesupport_introspection_cpp.so
-- Set non-toolchain portion of runtime path of "/home/smr/workspaces/mini_amr/amrROS2_ws/install/custom_interface/lib/libcustom_interface__rosidl_typesupport_introspection_cpp.so" to ""
-- Installing: /home/smr/workspaces/mini_amr/amrROS2_ws/install/custom_interface/lib/libcustom_interface__rosidl_typesupport_cpp.so
-- Set non-toolchain portion of runtime path of "/home/smr/workspaces/mini_amr/amrROS2_ws/install/custom_interface/lib/libcustom_interface__rosidl_typesupport_cpp.so" to ""
-- Up-to-date: /home/smr/workspaces/mini_amr/amrROS2_ws/install/custom_interface/share/custom_interface/environment/pythonpath.sh
-- Up-to-date: /home/smr/workspaces/mini_amr/amrROS2_ws/install/custom_interface/share/custom_interface/environment/pythonpath.dsv
-- Up-to-date: /home/smr/workspaces/mini_amr/amrROS2_ws/install/custom_interface/lib/python3.12/site-packages/custom_interface-0.0.0-py3.12.egg-info
-- Installing: /home/smr/workspaces/mini_amr/amrROS2_ws/install/custom_interface/lib/python3.12/site-packages/custom_interface-0.0.0-py3.12.egg-info/top_level.txt
-- Installing: /home/smr/workspaces/mini_amr/amrROS2_ws/install/custom_interface/lib/python3.12/site-packages/custom_interface-0.0.0-py3.12.egg-info/SOURCES.txt
-- Installing: /home/smr/workspaces/mini_amr/amrROS2_ws/install/custom_interface/lib/python3.12/site-packages/custom_interface-0.0.0-py3.12.egg-info/dependency_links.txt
-- Installing: /home/smr/workspaces/mini_amr/amrROS2_ws/install/custom_interface/lib/python3.12/site-packages/custom_interface-0.0.0-py3.12.egg-info/PKG-INFO
-- Up-to-date: /home/smr/workspaces/mini_amr/amrROS2_ws/install/custom_interface/lib/python3.12/site-packages/custom_interface
-- Installing: /home/smr/workspaces/mini_amr/amrROS2_ws/install/custom_interface/lib/python3.12/site-packages/custom_interface/_custom_interface_s.ep.rosidl_typesupport_introspection_c.c
-- Installing: /home/smr/workspaces/mini_amr/amrROS2_ws/install/custom_interface/lib/python3.12/site-packages/custom_interface/_custom_interface_s.ep.rosidl_typesupport_fastrtps_c.c
-- Installing: /home/smr/workspaces/mini_amr/amrROS2_ws/install/custom_interface/lib/python3.12/site-packages/custom_interface/custom_interface_s__rosidl_typesupport_c.so
-- Up-to-date: /home/smr/workspaces/mini_amr/amrROS2_ws/install/custom_interface/lib/python3.12/site-packages/custom_interface/action
-- Installing: /home/smr/workspaces/mini_amr/amrROS2_ws/install/custom_interface/lib/python3.12/site-packages/custom_interface/action/_autodock_s.c
-- Installing: /home/smr/workspaces/mini_amr/amrROS2_ws/install/custom_interface/lib/python3.12/site-packages/custom_interface/action/__init__.py
-- Installing: /home/smr/workspaces/mini_amr/amrROS2_ws/install/custom_interface/lib/python3.12/site-packages/custom_interface/action/_autodock.py
-- Up-to-date: /home/smr/workspaces/mini_amr/amrROS2_ws/install/custom_interface/lib/python3.12/site-packages/custom_interface/msg
-- Installing: /home/smr/workspaces/mini_amr/amrROS2_ws/install/custom_interface/lib/python3.12/site-packages/custom_interface/msg/__init__.py
-- Installing: /home/smr/workspaces/mini_amr/amrROS2_ws/install/custom_interface/lib/python3.12/site-packages/custom_interface/msg/_initdock_s.c
-- Installing: /home/smr/workspaces/mini_amr/amrROS2_ws/install/custom_interface/lib/python3.12/site-packages/custom_interface/msg/_initdock.py
-- Installing: /home/smr/workspaces/mini_amr/amrROS2_ws/install/custom_interface/lib/python3.12/site-packages/custom_interface/custom_interface_s__rosidl_typesupport_fastrtps_c.so
-- Installing: /home/smr/workspaces/mini_amr/amrROS2_ws/install/custom_interface/lib/python3.12/site-packages/custom_interface/__init__.py
-- Installing: /home/smr/workspaces/mini_amr/amrROS2_ws/install/custom_interface/lib/python3.12/site-packages/custom_interface/custom_interface_s__rosidl_typesupport_introspection_c.so
-- Installing: /home/smr/workspaces/mini_amr/amrROS2_ws/install/custom_interface/lib/python3.12/site-packages/custom_interface/_custom_interface_s.ep.rosidl_typesupport_c.c
Listing '/home/smr/workspaces/mini_amr/amrROS2_ws/install/custom_interface/lib/python3.12/site-packages/custom_interface'...
Compiling '/home/smr/workspaces/mini_amr/amrROS2_ws/install/custom_interface/lib/python3.12/site-packages/custom_interface/__init__.py'...
Listing '/home/smr/workspaces/mini_amr/amrROS2_ws/install/custom_interface/lib/python3.12/site-packages/custom_interface/action'...
Compiling '/home/smr/workspaces/mini_amr/amrROS2_ws/install/custom_interface/lib/python3.12/site-packages/custom_interface/action/__init__.py'...
Compiling '/home/smr/workspaces/mini_amr/amrROS2_ws/install/custom_interface/lib/python3.12/site-packages/custom_interface/action/_autodock.py'...
Listing '/home/smr/workspaces/mini_amr/amrROS2_ws/install/custom_interface/lib/python3.12/site-packages/custom_interface/msg'...
Compiling '/home/smr/workspaces/mini_amr/amrROS2_ws/install/custom_interface/lib/python3.12/site-packages/custom_interface/msg/__init__.py'...
Compiling '/home/smr/workspaces/mini_amr/amrROS2_ws/install/custom_interface/lib/python3.12/site-packages/custom_interface/msg/_initdock.py'...
-- Installing: /home/smr/workspaces/mini_amr/amrROS2_ws/install/custom_interface/lib/python3.12/site-packages/custom_interface/custom_interface_s__rosidl_typesupport_fastrtps_c.so
-- Set non-toolchain portion of runtime path of "/home/smr/workspaces/mini_amr/amrROS2_ws/install/custom_interface/lib/python3.12/site-packages/custom_interface/custom_interface_s__rosidl_typesupport_fastrtps_c.so" to ""
-- Installing: /home/smr/workspaces/mini_amr/amrROS2_ws/install/custom_interface/lib/python3.12/site-packages/custom_interface/custom_interface_s__rosidl_typesupport_introspection_c.so
-- Set non-toolchain portion of runtime path of "/home/smr/workspaces/mini_amr/amrROS2_ws/install/custom_interface/lib/python3.12/site-packages/custom_interface/custom_interface_s__rosidl_typesupport_introspection_c.so" to ""
-- Installing: /home/smr/workspaces/mini_amr/amrROS2_ws/install/custom_interface/lib/python3.12/site-packages/custom_interface/custom_interface_s__rosidl_typesupport_c.so
-- Set non-toolchain portion of runtime path of "/home/smr/workspaces/mini_amr/amrROS2_ws/install/custom_interface/lib/python3.12/site-packages/custom_interface/custom_interface_s__rosidl_typesupport_c.so" to ""
-- Installing: /home/smr/workspaces/mini_amr/amrROS2_ws/install/custom_interface/lib/libcustom_interface__rosidl_generator_py.so
-- Set non-toolchain portion of runtime path of "/home/smr/workspaces/mini_amr/amrROS2_ws/install/custom_interface/lib/libcustom_interface__rosidl_generator_py.so" to ""
-- Up-to-date: /home/smr/workspaces/mini_amr/amrROS2_ws/install/custom_interface/share/custom_interface/action/Autodock.idl
-- Up-to-date: /home/smr/workspaces/mini_amr/amrROS2_ws/install/custom_interface/share/custom_interface/msg/Initdock.idl
-- Up-to-date: /home/smr/workspaces/mini_amr/amrROS2_ws/install/custom_interface/share/custom_interface/action/Autodock.action
-- Up-to-date: /home/smr/workspaces/mini_amr/amrROS2_ws/install/custom_interface/share/custom_interface/msg/Initdock.msg
-- Up-to-date: /home/smr/workspaces/mini_amr/amrROS2_ws/install/custom_interface/share/ament_index/resource_index/package_run_dependencies/custom_interface
-- Installing: /home/smr/workspaces/mini_amr/amrROS2_ws/install/custom_interface/share/ament_index/resource_index/parent_prefix_path/custom_interface
-- Installing: /home/smr/workspaces/mini_amr/amrROS2_ws/install/custom_interface/share/custom_interface/environment/ament_prefix_path.sh
-- Up-to-date: /home/smr/workspaces/mini_amr/amrROS2_ws/install/custom_interface/share/custom_interface/environment/ament_prefix_path.dsv
-- Installing: /home/smr/workspaces/mini_amr/amrROS2_ws/install/custom_interface/share/custom_interface/environment/path.sh
-- Up-to-date: /home/smr/workspaces/mini_amr/amrROS2_ws/install/custom_interface/share/custom_interface/environment/path.dsv
-- Up-to-date: /home/smr/workspaces/mini_amr/amrROS2_ws/install/custom_interface/share/custom_interface/local_setup.bash
-- Up-to-date: /home/smr/workspaces/mini_amr/amrROS2_ws/install/custom_interface/share/custom_interface/local_setup.sh
-- Up-to-date: /home/smr/workspaces/mini_amr/amrROS2_ws/install/custom_interface/share/custom_interface/local_setup.zsh
-- Up-to-date: /home/smr/workspaces/mini_amr/amrROS2_ws/install/custom_interface/share/custom_interface/local_setup.dsv
-- Installing: /home/smr/workspaces/mini_amr/amrROS2_ws/install/custom_interface/share/custom_interface/package.dsv
-- Up-to-date: /home/smr/workspaces/mini_amr/amrROS2_ws/install/custom_interface/share/ament_index/resource_index/packages/custom_interface
-- Up-to-date: /home/smr/workspaces/mini_amr/amrROS2_ws/install/custom_interface/share/custom_interface/cmake/export_custom_interface__rosidl_generator_cExport.cmake
-- Up-to-date: /home/smr/workspaces/mini_amr/amrROS2_ws/install/custom_interface/share/custom_interface/cmake/export_custom_interface__rosidl_generator_cExport-noconfig.cmake
-- Up-to-date: /home/smr/workspaces/mini_amr/amrROS2_ws/install/custom_interface/share/custom_interface/cmake/export_custom_interface__rosidl_typesupport_fastrtps_cExport.cmake
-- Up-to-date: /home/smr/workspaces/mini_amr/amrROS2_ws/install/custom_interface/share/custom_interface/cmake/export_custom_interface__rosidl_typesupport_fastrtps_cExport-noconfig.cmake
-- Up-to-date: /home/smr/workspaces/mini_amr/amrROS2_ws/install/custom_interface/share/custom_interface/cmake/custom_interface__rosidl_typesupport_introspection_cExport.cmake
-- Up-to-date: /home/smr/workspaces/mini_amr/amrROS2_ws/install/custom_interface/share/custom_interface/cmake/custom_interface__rosidl_typesupport_introspection_cExport-noconfig.cmake
-- Up-to-date: /home/smr/workspaces/mini_amr/amrROS2_ws/install/custom_interface/share/custom_interface/cmake/custom_interface__rosidl_typesupport_cExport.cmake
-- Up-to-date: /home/smr/workspaces/mini_amr/amrROS2_ws/install/custom_interface/share/custom_interface/cmake/custom_interface__rosidl_typesupport_cExport-noconfig.cmake
-- Up-to-date: /home/smr/workspaces/mini_amr/amrROS2_ws/install/custom_interface/share/custom_interface/cmake/export_custom_interface__rosidl_generator_cppExport.cmake
-- Up-to-date: /home/smr/workspaces/mini_amr/amrROS2_ws/install/custom_interface/share/custom_interface/cmake/export_custom_interface__rosidl_typesupport_fastrtps_cppExport.cmake
-- Up-to-date: /home/smr/workspaces/mini_amr/amrROS2_ws/install/custom_interface/share/custom_interface/cmake/export_custom_interface__rosidl_typesupport_fastrtps_cppExport-noconfig.cmake
-- Up-to-date: /home/smr/workspaces/mini_amr/amrROS2_ws/install/custom_interface/share/custom_interface/cmake/custom_interface__rosidl_typesupport_introspection_cppExport.cmake
-- Up-to-date: /home/smr/workspaces/mini_amr/amrROS2_ws/install/custom_interface/share/custom_interface/cmake/custom_interface__rosidl_typesupport_introspection_cppExport-noconfig.cmake
-- Up-to-date: /home/smr/workspaces/mini_amr/amrROS2_ws/install/custom_interface/share/custom_interface/cmake/custom_interface__rosidl_typesupport_cppExport.cmake
-- Up-to-date: /home/smr/workspaces/mini_amr/amrROS2_ws/install/custom_interface/share/custom_interface/cmake/custom_interface__rosidl_typesupport_cppExport-noconfig.cmake
-- Up-to-date: /home/smr/workspaces/mini_amr/amrROS2_ws/install/custom_interface/share/custom_interface/cmake/export_custom_interface__rosidl_generator_pyExport.cmake
-- Up-to-date: /home/smr/workspaces/mini_amr/amrROS2_ws/install/custom_interface/share/custom_interface/cmake/export_custom_interface__rosidl_generator_pyExport-noconfig.cmake
-- Up-to-date: /home/smr/workspaces/mini_amr/amrROS2_ws/install/custom_interface/share/custom_interface/cmake/rosidl_cmake-extras.cmake
-- Up-to-date: /home/smr/workspaces/mini_amr/amrROS2_ws/install/custom_interface/share/custom_interface/cmake/ament_cmake_export_dependencies-extras.cmake
-- Up-to-date: /home/smr/workspaces/mini_amr/amrROS2_ws/install/custom_interface/share/custom_interface/cmake/ament_cmake_export_include_directories-extras.cmake
-- Up-to-date: /home/smr/workspaces/mini_amr/amrROS2_ws/install/custom_interface/share/custom_interface/cmake/ament_cmake_export_libraries-extras.cmake
-- Up-to-date: /home/smr/workspaces/mini_amr/amrROS2_ws/install/custom_interface/share/custom_interface/cmake/ament_cmake_export_targets-extras.cmake
-- Up-to-date: /home/smr/workspaces/mini_amr/amrROS2_ws/install/custom_interface/share/custom_interface/cmake/rosidl_cmake_export_typesupport_targets-extras.cmake
-- Up-to-date: /home/smr/workspaces/mini_amr/amrROS2_ws/install/custom_interface/share/custom_interface/cmake/rosidl_cmake_export_typesupport_libraries-extras.cmake
-- Up-to-date: /home/smr/workspaces/mini_amr/amrROS2_ws/install/custom_interface/share/custom_interface/cmake/custom_interfaceConfig.cmake
-- Up-to-date: /home/smr/workspaces/mini_amr/amrROS2_ws/install/custom_interface/share/custom_interface/cmake/custom_interfaceConfig-version.cmake
-- Up-to-date: /home/smr/workspaces/mini_amr/amrROS2_ws/install/custom_interface/share/custom_interface/package.xml
