/home/smr/workspaces/mini_amr/amrROS2_ws/src/wis_pkg/install/wis_pkg/lib/python3.12/site-packages/wis_pkg/map_nav_subscriber_node.py
/home/smr/workspaces/mini_amr/amrROS2_ws/src/wis_pkg/install/wis_pkg/lib/python3.12/site-packages/wis_pkg/map_scan_subscriber_node.py
/home/smr/workspaces/mini_amr/amrROS2_ws/src/wis_pkg/install/wis_pkg/lib/python3.12/site-packages/wis_pkg/map_info_publisher_node.py
/home/smr/workspaces/mini_amr/amrROS2_ws/src/wis_pkg/install/wis_pkg/lib/python3.12/site-packages/wis_pkg/__init__.py
/home/smr/workspaces/mini_amr/amrROS2_ws/src/wis_pkg/install/wis_pkg/lib/python3.12/site-packages/wis_pkg/map_load_subscriber_node.py
/home/smr/workspaces/mini_amr/amrROS2_ws/src/wis_pkg/install/wis_pkg/lib/python3.12/site-packages/wis_pkg/map_save_subscriber_node.py
/home/smr/workspaces/mini_amr/amrROS2_ws/src/wis_pkg/install/wis_pkg/lib/python3.12/site-packages/wis_pkg/map_name_publisher_node.py
/home/smr/workspaces/mini_amr/amrROS2_ws/src/wis_pkg/install/wis_pkg/lib/python3.12/site-packages/wis_pkg/__pycache__/map_nav_subscriber_node.cpython-312.pyc
/home/smr/workspaces/mini_amr/amrROS2_ws/src/wis_pkg/install/wis_pkg/lib/python3.12/site-packages/wis_pkg/__pycache__/map_scan_subscriber_node.cpython-312.pyc
/home/smr/workspaces/mini_amr/amrROS2_ws/src/wis_pkg/install/wis_pkg/lib/python3.12/site-packages/wis_pkg/__pycache__/map_info_publisher_node.cpython-312.pyc
/home/smr/workspaces/mini_amr/amrROS2_ws/src/wis_pkg/install/wis_pkg/lib/python3.12/site-packages/wis_pkg/__pycache__/__init__.cpython-312.pyc
/home/smr/workspaces/mini_amr/amrROS2_ws/src/wis_pkg/install/wis_pkg/lib/python3.12/site-packages/wis_pkg/__pycache__/map_load_subscriber_node.cpython-312.pyc
/home/smr/workspaces/mini_amr/amrROS2_ws/src/wis_pkg/install/wis_pkg/lib/python3.12/site-packages/wis_pkg/__pycache__/map_save_subscriber_node.cpython-312.pyc
/home/smr/workspaces/mini_amr/amrROS2_ws/src/wis_pkg/install/wis_pkg/lib/python3.12/site-packages/wis_pkg/__pycache__/map_name_publisher_node.cpython-312.pyc
/home/smr/workspaces/mini_amr/amrROS2_ws/src/wis_pkg/install/wis_pkg/share/ament_index/resource_index/packages/wis_pkg
/home/smr/workspaces/mini_amr/amrROS2_ws/src/wis_pkg/install/wis_pkg/share/wis_pkg/package.xml
/home/smr/workspaces/mini_amr/amrROS2_ws/src/wis_pkg/install/wis_pkg/share/wis_pkg/wis.launch.py
/home/smr/workspaces/mini_amr/amrROS2_ws/src/wis_pkg/install/wis_pkg/lib/python3.12/site-packages/wis_pkg-0.0.0-py3.12.egg-info/top_level.txt
/home/smr/workspaces/mini_amr/amrROS2_ws/src/wis_pkg/install/wis_pkg/lib/python3.12/site-packages/wis_pkg-0.0.0-py3.12.egg-info/entry_points.txt
/home/smr/workspaces/mini_amr/amrROS2_ws/src/wis_pkg/install/wis_pkg/lib/python3.12/site-packages/wis_pkg-0.0.0-py3.12.egg-info/SOURCES.txt
/home/smr/workspaces/mini_amr/amrROS2_ws/src/wis_pkg/install/wis_pkg/lib/python3.12/site-packages/wis_pkg-0.0.0-py3.12.egg-info/zip-safe
/home/smr/workspaces/mini_amr/amrROS2_ws/src/wis_pkg/install/wis_pkg/lib/python3.12/site-packages/wis_pkg-0.0.0-py3.12.egg-info/dependency_links.txt
/home/smr/workspaces/mini_amr/amrROS2_ws/src/wis_pkg/install/wis_pkg/lib/python3.12/site-packages/wis_pkg-0.0.0-py3.12.egg-info/PKG-INFO
/home/smr/workspaces/mini_amr/amrROS2_ws/src/wis_pkg/install/wis_pkg/lib/python3.12/site-packages/wis_pkg-0.0.0-py3.12.egg-info/requires.txt
/home/smr/workspaces/mini_amr/amrROS2_ws/src/wis_pkg/install/wis_pkg/lib/wis_pkg/map_info
/home/smr/workspaces/mini_amr/amrROS2_ws/src/wis_pkg/install/wis_pkg/lib/wis_pkg/map_load
/home/smr/workspaces/mini_amr/amrROS2_ws/src/wis_pkg/install/wis_pkg/lib/wis_pkg/map_name
/home/smr/workspaces/mini_amr/amrROS2_ws/src/wis_pkg/install/wis_pkg/lib/wis_pkg/map_nav
/home/smr/workspaces/mini_amr/amrROS2_ws/src/wis_pkg/install/wis_pkg/lib/wis_pkg/map_save
/home/smr/workspaces/mini_amr/amrROS2_ws/src/wis_pkg/install/wis_pkg/lib/wis_pkg/map_scan
