[0.801s] Invoking command in '/home/smr/workspaces/mini_amr/amrROS2_ws/build/robot_hardware_interface': CMAKE_PREFIX_PATH=${CMAKE_PREFIX_PATH}:/opt/ros/jazzy DEBUGINFOD_URLS=https://debuginfod.ubuntu.com /usr/bin/cmake /home/smr/workspaces/mini_amr/amrROS2_ws/src/robot_hardware_interface -DCMAKE_INSTALL_PREFIX=/home/smr/workspaces/mini_amr/amrROS2_ws/install/robot_hardware_interface
[0.837s] -- Found ament_cmake: 2.5.3 (/opt/ros/jazzy/share/ament_cmake/cmake)
[1.199s] -- Found Python3: /usr/bin/python3 (found version "3.12.3") found components: Interpreter 
[1.411s] -- Found rclcpp: 28.1.8 (/opt/ros/jazzy/share/rclcpp/cmake)
[1.476s] -- Found rosidl_generator_c: 4.6.5 (/opt/ros/jazzy/share/rosidl_generator_c/cmake)
[1.489s] -- Found rosidl_generator_cpp: 4.6.5 (/opt/ros/jazzy/share/rosidl_generator_cpp/cmake)
[1.513s] -- Using all available rosidl_typesupport_c: rosidl_typesupport_fastrtps_c;rosidl_typesupport_introspection_c
[1.541s] -- Using all available rosidl_typesupport_cpp: rosidl_typesupport_fastrtps_cpp;rosidl_typesupport_introspection_cpp
[1.651s] -- Found rmw_implementation_cmake: 7.3.2 (/opt/ros/jazzy/share/rmw_implementation_cmake/cmake)
[1.655s] -- Found rmw_cyclonedds_cpp: 2.2.3 (/opt/ros/jazzy/share/rmw_cyclonedds_cpp/cmake)
[1.697s] -- Using RMW implementation 'rmw_cyclonedds_cpp' as default
[1.793s] -- Found geometry_msgs: 5.3.6 (/opt/ros/jazzy/share/geometry_msgs/cmake)
[1.840s] -- Found sensor_msgs: 5.3.6 (/opt/ros/jazzy/share/sensor_msgs/cmake)
[1.877s] -- Found nav_msgs: 5.3.6 (/opt/ros/jazzy/share/nav_msgs/cmake)
[1.938s] -- Found action_msgs: 2.0.2 (/opt/ros/jazzy/share/action_msgs/cmake)
[1.982s] -- LibSerial library found: /usr/lib/aarch64-linux-gnu/libserial.so
[1.987s] -- Found ament_lint_auto: 0.17.2 (/opt/ros/jazzy/share/ament_lint_auto/cmake)
[2.218s] -- Added test 'cppcheck' to perform static code analysis on C / C++ code
[2.218s] -- Configured cppcheck include dirs: /home/smr/workspaces/mini_amr/amrROS2_ws/src/robot_hardware_interface/include
[2.218s] -- Configured cppcheck exclude dirs and/or files: 
[2.218s] -- Added test 'lint_cmake' to check CMake code style
[2.219s] -- Added test 'uncrustify' to check C / C++ code style
[2.219s] -- Configured uncrustify additional arguments: 
[2.219s] -- Added test 'xmllint' to check XML markup files
[2.219s] -- Configuring done (1.4s)
[2.226s] -- Generating done (0.0s)
[2.231s] -- Build files have been written to: /home/smr/workspaces/mini_amr/amrROS2_ws/build/robot_hardware_interface
[2.268s] Invoked command in '/home/smr/workspaces/mini_amr/amrROS2_ws/build/robot_hardware_interface' returned '0': CMAKE_PREFIX_PATH=${CMAKE_PREFIX_PATH}:/opt/ros/jazzy DEBUGINFOD_URLS=https://debuginfod.ubuntu.com /usr/bin/cmake /home/smr/workspaces/mini_amr/amrROS2_ws/src/robot_hardware_interface -DCMAKE_INSTALL_PREFIX=/home/smr/workspaces/mini_amr/amrROS2_ws/install/robot_hardware_interface
[2.270s] Invoking command in '/home/smr/workspaces/mini_amr/amrROS2_ws/build/robot_hardware_interface': CMAKE_PREFIX_PATH=${CMAKE_PREFIX_PATH}:/opt/ros/jazzy DEBUGINFOD_URLS=https://debuginfod.ubuntu.com /usr/bin/cmake --build /home/smr/workspaces/mini_amr/amrROS2_ws/build/robot_hardware_interface -- -j8 -l8
[2.393s] [ 33%] [32mBuilding CXX object CMakeFiles/robot_hardware.dir/src/robot_hardware_interface.cpp.o[0m
[2.412s] [ 66%] [32mBuilding CXX object CMakeFiles/robot_hardware.dir/src/hardware_interface_node.cpp.o[0m
[3.191s] [01m[K/home/smr/workspaces/mini_amr/amrROS2_ws/src/robot_hardware_interface/src/robot_hardware_interface.cpp:[m[K In member function ‘[01m[Kvoid HardwareInterface::[01;32m[KReceiveData[m[K()[m[K’:
[3.191s] [01m[K/home/smr/workspaces/mini_amr/amrROS2_ws/src/robot_hardware_interface/src/robot_hardware_interface.cpp:211:17:[m[K [01;35m[Kwarning: [m[Kunused variable ‘[01m[Kdata_len[m[K’ [[01;35m[K]8;;https://gcc.gnu.org/onlinedocs/gcc/Warning-Options.html#index-Wunused-variable-Wunused-variable]8;;[m[K]
[3.192s]   211 |         uint8_t [01;35m[Kdata_len[m[K;
[3.192s]       |                 [01;35m[K^~~~~~~~[m[K
[3.193s] [01m[K/home/smr/workspaces/mini_amr/amrROS2_ws/src/robot_hardware_interface/src/robot_hardware_interface.cpp:214:17:[m[K [01;35m[Kwarning: [m[Kunused variable ‘[01m[Kcheck_sum[m[K’ [[01;35m[K]8;;https://gcc.gnu.org/onlinedocs/gcc/Warning-Options.html#index-Wunused-variable-Wunused-variable]8;;[m[K]
[3.194s]   214 |         uint8_t [01;35m[Kcheck_sum[m[K;
[3.194s]       |                 [01;35m[K^~~~~~~~~[m[K
[19.064s] [100%] [32m[1mLinking CXX executable robot_hardware[0m
[19.947s] [100%] Built target robot_hardware
