[INFO] [launch]: All log files can be found below /home/smr/.ros/log/2026-03-18-10-38-36-090595-two-3986
[INFO] [launch]: Default logging verbosity is set to INFO
[INFO] [robot_state_publisher-1]: process started with pid [4001]
[INFO] [joint_state_publisher-2]: process started with pid [4002]
[INFO] [rplidar_node-3]: process started with pid [4003]
[INFO] [scan_to_scan_filter_chain-4]: process started with pid [4004]
[INFO] [ekf_node-5]: process started with pid [4005]
[INFO] [robot_hardware-6]: process started with pid [4006]
[INFO] [taskset-7]: process started with pid [4007]
[INFO] [map_server-8]: process started with pid [4008]
[INFO] [costmap_filter_info_server-9]: process started with pid [4009]
[INFO] [controller_server-10]: process started with pid [4010]
[INFO] [smoother_server-11]: process started with pid [4011]
[INFO] [planner_server-12]: process started with pid [4012]
[INFO] [behavior_server-13]: process started with pid [4015]
[INFO] [bt_navigator-14]: process started with pid [4016]
[INFO] [waypoint_follower-15]: process started with pid [4017]
[INFO] [velocity_smoother-16]: process started with pid [4022]
[INFO] [collision_monitor-17]: process started with pid [4025]
[INFO] [collision_detector-18]: process started with pid [4030]
[INFO] [lifecycle_manager-19]: process started with pid [4031]
[robot_hardware-6] Serial port opened at port /dev/teensy with baudrate 460800
[robot_hardware-6] Created receive data thread
[rplidar_node-3] [INFO] [1773805117.270583224] [rplidar_node]: RPLidar running on ROS2 package rplidar_ros. RPLIDAR SDK Version:2.1.0
[rplidar_node-3] [INFO] [1773805117.307446798] [rplidar_node]: RPLidar S/N: CEDCEDF9C7E29BCEA7E39EF25E0F4304
[rplidar_node-3] [INFO] [1773805117.308178563] [rplidar_node]: Firmware Ver: 1.02
[velocity_smoother-16] [INFO] [1773805117.311335448] [velocity_smoother]: 
[velocity_smoother-16] 	velocity_smoother lifecycle node launched. 
[velocity_smoother-16] 	Waiting on external lifecycle transitions to activate
[velocity_smoother-16] 	See https://design.ros2.org/articles/node_lifecycle.html for more information.
[rplidar_node-3] [INFO] [1773805117.312534446] [rplidar_node]: Hardware Rev: 18
[rplidar_node-3] [INFO] [1773805117.327227786] [rplidar_node]: RPLidar health status : 0
[rplidar_node-3] [INFO] [1773805117.327291076] [rplidar_node]: RPLidar health status : OK.
[rplidar_node-3] [INFO] [1773805117.330650370] [rplidar_node]: Start
[lifecycle_manager-19] [INFO] [1773805117.378160848] [lifecycle_manager_navigation]: Creating
[costmap_filter_info_server-9] [INFO] [1773805117.391671814] [costmap_filter_info_server]: This is costmap filter info publisher
[bt_navigator-14] [INFO] [1773805117.437930796] [bt_navigator]: 
[bt_navigator-14] 	bt_navigator lifecycle node launched. 
[bt_navigator-14] 	Waiting on external lifecycle transitions to activate
[bt_navigator-14] 	See https://design.ros2.org/articles/node_lifecycle.html for more information.
[collision_monitor-17] [INFO] [1773805117.444402352] [collision_monitor]: 
[collision_monitor-17] 	collision_monitor lifecycle node launched. 
[collision_monitor-17] 	Waiting on external lifecycle transitions to activate
[collision_monitor-17] 	See https://design.ros2.org/articles/node_lifecycle.html for more information.
[planner_server-12] [INFO] [1773805117.469910006] [planner_server]: 
[planner_server-12] 	planner_server lifecycle node launched. 
[planner_server-12] 	Waiting on external lifecycle transitions to activate
[planner_server-12] 	See https://design.ros2.org/articles/node_lifecycle.html for more information.
[rplidar_node-3] [INFO] [1773805117.475007279] [rplidar_node]: current scan mode: Sensitivity, sample rate: 32 Khz, max_distance: 30.0 m, scan frequency:10.0 Hz, 
[robot_state_publisher-1] [INFO] [1773805117.487622570] [robot_state_publisher]: Robot initialized
[lifecycle_manager-19] [INFO] [1773805117.513687287] [lifecycle_manager_navigation]: [34m[1mCreating and initializing lifecycle service clients[0m[0m
[planner_server-12] [INFO] [1773805117.548927212] [planner_server]: Creating
[bt_navigator-14] [INFO] [1773805117.550302953] [bt_navigator]: Creating
[smoother_server-11] [INFO] [1773805117.571805004] [smoother_server]: 
[smoother_server-11] 	smoother_server lifecycle node launched. 
[smoother_server-11] 	Waiting on external lifecycle transitions to activate
[smoother_server-11] 	See https://design.ros2.org/articles/node_lifecycle.html for more information.
[smoother_server-11] [INFO] [1773805117.631369043] [smoother_server]: Creating smoother server
[waypoint_follower-15] [INFO] [1773805117.670429953] [waypoint_follower]: 
[waypoint_follower-15] 	waypoint_follower lifecycle node launched. 
[waypoint_follower-15] 	Waiting on external lifecycle transitions to activate
[waypoint_follower-15] 	See https://design.ros2.org/articles/node_lifecycle.html for more information.
[controller_server-10] [INFO] [1773805117.694913312] [controller_server]: 
[map_server-8] [INFO] [1773805117.695683867] [keepout_filter_mask_server]: 
[map_server-8] 	keepout_filter_mask_server lifecycle node launched. 
[map_server-8] 	Waiting on external lifecycle transitions to activate
[map_server-8] 	See https://design.ros2.org/articles/node_lifecycle.html for more information.
[map_server-8] [INFO] [1773805117.695999730] [keepout_filter_mask_server]: Creating
[controller_server-10] 	controller_server lifecycle node launched. 
[controller_server-10] 	Waiting on external lifecycle transitions to activate
[controller_server-10] 	See https://design.ros2.org/articles/node_lifecycle.html for more information.
[planner_server-12] [INFO] [1773805117.712532837] [global_costmap.global_costmap]: 
[planner_server-12] 	global_costmap lifecycle node launched. 
[planner_server-12] 	Waiting on external lifecycle transitions to activate
[planner_server-12] 	See https://design.ros2.org/articles/node_lifecycle.html for more information.
[waypoint_follower-15] [INFO] [1773805117.724731059] [waypoint_follower]: Creating
[behavior_server-13] [INFO] [1773805117.744645917] [behavior_server]: 
[behavior_server-13] 	behavior_server lifecycle node launched. 
[behavior_server-13] 	Waiting on external lifecycle transitions to activate
[behavior_server-13] 	See https://design.ros2.org/articles/node_lifecycle.html for more information.
[taskset-7] [INFO] [1773805117.761096485] [slam_toolbox]: Node using stack size 40000000
[planner_server-12] [INFO] [1773805117.774022389] [global_costmap.global_costmap]: Creating Costmap
[controller_server-10] [INFO] [1773805117.805217919] [controller_server]: Creating controller server
[costmap_filter_info_server-9] [INFO] [1773805117.839675914] [keepout_costmap_filter_info_server]: 
[costmap_filter_info_server-9] 	keepout_costmap_filter_info_server lifecycle node launched. 
[costmap_filter_info_server-9] 	Waiting on external lifecycle transitions to activate
[costmap_filter_info_server-9] 	See https://design.ros2.org/articles/node_lifecycle.html for more information.
[collision_detector-18] [INFO] [1773805117.920468722] [collision_detector]: 
[collision_detector-18] 	collision_detector lifecycle node launched. 
[collision_detector-18] 	Waiting on external lifecycle transitions to activate
[collision_detector-18] 	See https://design.ros2.org/articles/node_lifecycle.html for more information.
[taskset-7] [INFO] [1773805117.927402553] [slam_toolbox]: Configuring
[taskset-7] [INFO] [1773805117.973103888] [slam_toolbox]: Using solver plugin solver_plugins::CeresSolver
[taskset-7] [INFO] [1773805117.984095821] [slam_toolbox]: CeresSolver: Using SCHUR_JACOBI preconditioner.
[controller_server-10] [INFO] [1773805118.016200444] [local_costmap.local_costmap]: 
[controller_server-10] 	local_costmap lifecycle node launched. 
[controller_server-10] 	Waiting on external lifecycle transitions to activate
[controller_server-10] 	See https://design.ros2.org/articles/node_lifecycle.html for more information.
[controller_server-10] [INFO] [1773805118.022402218] [local_costmap.local_costmap]: Creating Costmap
[scan_to_scan_filter_chain-4] [WARN] [1773805118.215700178] [scan_to_scan_filter_chain]: diagnostic_updater: No HW_ID was set. This is probably a bug. Please report it. For devices that do not have a HW_ID, set this value to 'none'. This warning only occurs once all diagnostics are OK. It is okay to wait until the device is open before calling setHardwareID.
[lifecycle_manager-19] [INFO] [1773805118.226838522] [lifecycle_manager_navigation]: [34m[1mStarting managed nodes bringup...[0m[0m
[lifecycle_manager-19] [INFO] [1773805118.226998641] [lifecycle_manager_navigation]: [34m[1mConfiguring controller_server[0m[0m
[controller_server-10] [INFO] [1773805118.228015938] [controller_server]: Configuring controller interface
[controller_server-10] [INFO] [1773805118.228050353] [controller_server]: getting progress checker plugins..
[controller_server-10] [INFO] [1773805118.229701126] [controller_server]: getting goal checker plugins..
[rplidar_node-3] [INFO] [1773805118.234446953] [rplidar_node]: set lidar scan frequency to 10.0 Hz(600.0 Rpm) 
[controller_server-10] [INFO] [1773805118.235672492] [controller_server]: Controller frequency set to 10.0000Hz
[controller_server-10] [INFO] [1773805118.235764364] [local_costmap.local_costmap]: Configuring
[controller_server-10] [INFO] [1773805118.268857117] [local_costmap.local_costmap]: Using plugin "obstacle_layer"
[controller_server-10] [INFO] [1773805118.309419181] [local_costmap.local_costmap]: Subscribed to Topics: scan
[controller_server-10] [INFO] [1773805118.334968834] [local_costmap.local_costmap]: Initialized plugin "obstacle_layer"
[controller_server-10] [INFO] [1773805118.335106787] [local_costmap.local_costmap]: Using plugin "denoise_layer"
[controller_server-10] [INFO] [1773805118.340020317] [local_costmap.local_costmap]: Initialized plugin "denoise_layer"
[controller_server-10] [INFO] [1773805118.340079231] [local_costmap.local_costmap]: Using plugin "inflation_layer"
[controller_server-10] [INFO] [1773805118.344875806] [local_costmap.local_costmap]: Initialized plugin "inflation_layer"
[controller_server-10] [INFO] [1773805118.344931804] [local_costmap.local_costmap]: Using costmap filter "keepout_filter"
[controller_server-10] [INFO] [1773805118.369974559] [local_costmap.local_costmap]: Initialized costmap filter "keepout_filter"
[controller_server-10] [INFO] [1773805118.370100263] [local_costmap.local_costmap]: Using costmap filter "inflation_layer"
[controller_server-10] [INFO] [1773805118.370388419] [local_costmap.local_costmap]: Initialized costmap filter "inflation_layer"
[controller_server-10] [INFO] [1773805118.466511543] [controller_server]: Created progress_checker : progress_checker of type nav2_controller::SimpleProgressChecker
[controller_server-10] [INFO] [1773805118.481362086] [controller_server]: Controller Server has progress_checker  progress checkers available.
[controller_server-10] [INFO] [1773805118.483672001] [controller_server]: Created goal checker : goal_checker of type nav2_controller::SimpleGoalChecker
[controller_server-10] [INFO] [1773805118.486460233] [controller_server]: Controller Server has goal_checker  goal checkers available.
[controller_server-10] [INFO] [1773805118.497378377] [controller_server]: Created controller : FollowPath of type nav2_mppi_controller::MPPIController
[controller_server-10] [INFO] [1773805118.509998918] [controller_server]: Controller period is equal to model dt. Control sequence shifting is ON
[controller_server-10] [INFO] [1773805118.525091243] [controller_server]: ConstraintCritic instantiated with 1 power and 4.000000 weight.
[controller_server-10] [INFO] [1773805118.525246696] [controller_server]: Critic loaded : mppi::critics::ConstraintCritic
[controller_server-10] [INFO] [1773805118.541717679] [controller_server]: InflationCostCritic instantiated with 1 power and 300.000000 / 0.015000 weights. Critic will collision check based on footprint cost.
[controller_server-10] [INFO] [1773805118.541857674] [controller_server]: Critic loaded : mppi::critics::CostCritic
[controller_server-10] [INFO] [1773805118.548566638] [controller_server]: GoalCritic instantiated with 1 power and 5.000000 weight.
[controller_server-10] [INFO] [1773805118.548681842] [controller_server]: Critic loaded : mppi::critics::GoalCritic
[controller_server-10] [INFO] [1773805118.553763365] [controller_server]: GoalAngleCritic instantiated with 1 power, 3.000000 weight, and 0.500000 angular threshold.
[controller_server-10] [INFO] [1773805118.553902194] [controller_server]: Critic loaded : mppi::critics::GoalAngleCritic
[joint_state_publisher-2] [INFO] [1773805118.550178621] [joint_state_publisher]: Waiting for robot_description to be published on the robot_description topic...
[controller_server-10] [INFO] [1773805118.562581586] [controller_server]: ReferenceTrajectoryCritic instantiated with 1 power and 2.000000 weight
[controller_server-10] [INFO] [1773805118.562704665] [controller_server]: Critic loaded : mppi::critics::PathAlignCritic
[controller_server-10] [INFO] [1773805118.568597867] [controller_server]: Critic loaded : mppi::critics::PathFollowCritic
[controller_server-10] [INFO] [1773805118.575120754] [controller_server]: PathAngleCritic instantiated with 1 power and 1.500000 weight. Mode set to: Forward Preference
[controller_server-10] [INFO] [1773805118.575237125] [controller_server]: Critic loaded : mppi::critics::PathAngleCritic
[controller_server-10] [INFO] [1773805118.576979770] [controller_server]: PreferForwardCritic instantiated with 1 power and 10.000000 weight.
[controller_server-10] [INFO] [1773805118.577076016] [controller_server]: Critic loaded : mppi::critics::PreferForwardCritic
[controller_server-10] [INFO] [1773805118.578613919] [controller_server]: Optimizer reset
[controller_server-10] [INFO] [1773805118.591225126] [MPPIController]: Configured MPPI Controller: FollowPath
[controller_server-10] [INFO] [1773805118.591333330] [controller_server]: Controller Server has FollowPath  controllers available.
[lifecycle_manager-19] [INFO] [1773805118.613186243] [lifecycle_manager_navigation]: [34m[1mConfiguring smoother_server[0m[0m
[smoother_server-11] [INFO] [1773805118.613955923] [smoother_server]: Configuring smoother server
[smoother_server-11] [INFO] [1773805118.649386591] [smoother_server]: Created smoother : simple_smoother of type nav2_smoother::SimpleSmoother
[smoother_server-11] [INFO] [1773805118.655098383] [smoother_server]: Smoother Server has simple_smoother  smoothers available.
[lifecycle_manager-19] [INFO] [1773805118.674499926] [lifecycle_manager_navigation]: [34m[1mConfiguring planner_server[0m[0m
[planner_server-12] [INFO] [1773805118.675038615] [planner_server]: Configuring
[planner_server-12] [INFO] [1773805118.675150319] [global_costmap.global_costmap]: Configuring
[planner_server-12] [INFO] [1773805118.697008190] [global_costmap.global_costmap]: Using plugin "static_layer"
[planner_server-12] [INFO] [1773805118.707434310] [global_costmap.global_costmap]: Subscribing to the map topic (/map) with transient local durability
[planner_server-12] [INFO] [1773805118.710225459] [global_costmap.global_costmap]: Initialized plugin "static_layer"
[planner_server-12] [INFO] [1773805118.710278832] [global_costmap.global_costmap]: Using plugin "obstacle_layer"
[planner_server-12] [INFO] [1773805118.714484512] [global_costmap.global_costmap]: Subscribed to Topics: scan
[planner_server-12] [INFO] [1773805118.731584306] [global_costmap.global_costmap]: Initialized plugin "obstacle_layer"
[planner_server-12] [INFO] [1773805118.731641470] [global_costmap.global_costmap]: Using plugin "inflation_layer"
[planner_server-12] [INFO] [1773805118.736205012] [global_costmap.global_costmap]: Initialized plugin "inflation_layer"
[planner_server-12] [INFO] [1773805118.736259260] [global_costmap.global_costmap]: Using costmap filter "keepout_filter"
[planner_server-12] [INFO] [1773805118.743306254] [global_costmap.global_costmap]: Initialized costmap filter "keepout_filter"
[planner_server-12] [INFO] [1773805118.743364293] [global_costmap.global_costmap]: Using costmap filter "inflation_layer2"
[planner_server-12] [INFO] [1773805118.750055175] [global_costmap.global_costmap]: Initialized costmap filter "inflation_layer2"
[taskset-7] Load From File /home/smr/workspaces/mini_amr/amrROS2_ws/maps/latest_map.posegraph 
[taskset-7] Mapper <- Module
[taskset-7] Mapper <- m_pSequentialScanMatcher
[taskset-7] Mapper <- m_pGraph
[taskset-7] MapperGraph <- Graph; Graph <- m_Edges; Graph <- m_Vertices
[taskset-7] MapperGraph <- m_pMapper; MapperGraph <- m_pLoopScanMatcher; MapperGraph <- m_pTraversal
[taskset-7] Mapper <- m_pMapperSensorManager
[taskset-7] MapperSensorManager <- m_ScanManagers; MapperSensorManager <- m_Scans
[taskset-7] Mapper <- m_Listeners
[taskset-7] **Finished serializing Mapper**
[taskset-7] Load From File
[taskset-7] **Serializing Dataset**
[taskset-7] Dataset <- m_SensorNameLookup
[taskset-7] Dataset <- m_Data
[taskset-7] Dataset <- m_Lasers
[taskset-7] Dataset <- m_pDatasetInfo
[taskset-7] **Finished serializing Dataset**
[taskset-7] Registering sensor: [Custom Described Lidar]
[taskset-7] WARNING: Logging before InitGoogleLogging() is written to STDERR
[taskset-7] W20260318 10:38:38.758879  4007 preprocessor.cc:67] Specified options.num_threads: 50 exceeds maximum available from the threading model Ceres was compiled with: 8.  Bounding to maximum number available.
[INFO] [launch.user]: [LifecycleLaunch] Slamtoolbox node is activating.
[taskset-7] [INFO] [1773805118.792174974] [slam_toolbox]: Activating
[planner_server-12] [INFO] [1773805118.845544822] [planner_server]: Created global planner plugin GridBased of type nav2_smac_planner::SmacPlanner2D
[planner_server-12] [INFO] [1773805118.845622694] [planner_server]: Configuring GridBased of type SmacPlanner2D
[planner_server-12] [ERROR] [1773805118.850928792] [planner_server]: Inflation layer either not found or inflation is not set sufficiently for optimized non-circular collision checking capabilities. It is HIGHLY recommended to set the inflation radius to be at MINIMUM half of the robot's largest cross-section. See github.com/ros-planning/navigation2/tree/main/nav2_smac_planner#potential-fields for full instructions. This will substantially impact run-time performance.
[planner_server-12] [INFO] [1773805118.856313055] [planner_server]: Configured plugin GridBased of type SmacPlanner2D with tolerance 0.12, maximum iterations 1000000, max on approach iterations 1000, and not allowing unknown traversal.
[planner_server-12] [INFO] [1773805118.856390052] [planner_server]: Planner Server has GridBased  planners available.
[taskset-7] Registering sensor: [Custom Described Lidar]
[lifecycle_manager-19] [INFO] [1773805118.890195612] [lifecycle_manager_navigation]: [34m[1mConfiguring behavior_server[0m[0m
[behavior_server-13] [INFO] [1773805118.891121620] [behavior_server]: Configuring
[behavior_server-13] [INFO] [1773805118.910725573] [behavior_server]: Creating behavior plugin wait of type nav2_behaviors::Wait
[behavior_server-13] [INFO] [1773805118.947016335] [behavior_server]: Configuring wait
[lifecycle_manager-19] [INFO] [1773805118.971375447] [lifecycle_manager_navigation]: [34m[1mConfiguring velocity_smoother[0m[0m
[velocity_smoother-16] [INFO] [1773805118.971879429] [velocity_smoother]: Configuring velocity smoother
[lifecycle_manager-19] [INFO] [1773805118.993720675] [lifecycle_manager_navigation]: [34m[1mConfiguring collision_monitor[0m[0m
[collision_monitor-17] [INFO] [1773805118.994146201] [collision_monitor]: Configuring
[collision_monitor-17] [INFO] [1773805119.012419619] [collision_monitor]: [scan]: Creating Scan
[collision_monitor-17] [INFO] [1773805119.019547401] [collision_monitor]: [PolygonStop]: Creating Polygon
[collision_monitor-17] [INFO] [1773805119.019605149] [collision_monitor]: [PolygonStop]: Creating Circle
[collision_monitor-17] [INFO] [1773805119.028767815] [collision_monitor]: [PolygonSlow]: Creating Polygon
[collision_monitor-17] [INFO] [1773805119.034243658] [collision_monitor]: [FootprintApproach]: Creating Polygon
[collision_monitor-17] [INFO] [1773805119.034955590] [collision_monitor]: [FootprintApproach]: Polygon points are not defined. Using dynamic subscription instead.
[collision_monitor-17] [INFO] [1773805119.040650466] [collision_monitor]: [FootprintApproach]: Making footprint subscriber on /local_costmap/published_footprint topic
[lifecycle_manager-19] [INFO] [1773805119.062634040] [lifecycle_manager_navigation]: [34m[1mConfiguring collision_detector[0m[0m
[collision_detector-18] [INFO] [1773805119.063097190] [collision_detector]: Configuring
[collision_detector-18] [INFO] [1773805119.122693895] [collision_monitor]: [scan]: Creating Scan
[collision_detector-18] [INFO] [1773805119.131622944] [collision_monitor]: [PolygonStop]: Creating Polygon
[collision_detector-18] [INFO] [1773805119.131682734] [collision_monitor]: [PolygonStop]: Creating Circle
[collision_detector-18] [INFO] [1773805119.147206710] [collision_monitor]: [PolygonSlow]: Creating Polygon
[planner_server-12] [INFO] [1773805119.149250344] [global_costmap.global_costmap]: StaticLayer: Resizing costmap to 787 X 922 at 0.050000 m/pix
[lifecycle_manager-19] [INFO] [1773805119.158004692] [lifecycle_manager_navigation]: [34m[1mConfiguring bt_navigator[0m[0m
[bt_navigator-14] [INFO] [1773805119.158867411] [bt_navigator]: Configuring
[bt_navigator-14] [INFO] [1773805119.190395137] [bt_navigator]: Creating navigator id navigate_to_pose of type nav2_bt_navigator::NavigateToPoseNavigator
[bt_navigator-14] [INFO] [1773805119.448017838] [bt_navigator]: Creating navigator id navigate_through_poses of type nav2_bt_navigator::NavigateThroughPosesNavigator
[lifecycle_manager-19] [INFO] [1773805119.508107149] [lifecycle_manager_navigation]: [34m[1mConfiguring waypoint_follower[0m[0m
[waypoint_follower-15] [INFO] [1773805119.508711461] [waypoint_follower]: Configuring
[waypoint_follower-15] [INFO] [1773805119.584832230] [waypoint_follower]: Created waypoint_task_executor : wait_at_waypoint of type nav2_waypoint_follower::WaitAtWaypoint
[lifecycle_manager-19] [INFO] [1773805119.587173936] [lifecycle_manager_navigation]: [34m[1mConfiguring keepout_filter_mask_server[0m[0m
[map_server-8] [INFO] [1773805119.587612295] [keepout_filter_mask_server]: Configuring
[map_server-8] [INFO] [1773805119.587773581] [map_io]: Loading yaml file: /home/smr/workspaces/mini_amr/amrROS2_ws/maps/latest_map_keepout.yaml
[map_server-8] [INFO] [1773805119.589150489] [map_io]: resolution: 0.05
[map_server-8] [INFO] [1773805119.589201238] [map_io]: origin[0]: -26.12
[map_server-8] [INFO] [1773805119.589222820] [map_io]: origin[1]: -29.258
[map_server-8] [INFO] [1773805119.589239736] [map_io]: origin[2]: 0
[map_server-8] [INFO] [1773805119.589256944] [map_io]: free_thresh: 0.196
[map_server-8] [INFO] [1773805119.589273568] [map_io]: occupied_thresh: 0.65
[map_server-8] [INFO] [1773805119.589293401] [map_io]: mode: trinary
[map_server-8] [INFO] [1773805119.589311484] [map_io]: negate: 0
[map_server-8] [INFO] [1773805119.597208654] [map_io]: Loading image_file: /home/smr/workspaces/mini_amr/amrROS2_ws/maps/latest_map_keepout.pgm
[map_server-8] [INFO] [1773805119.644855336] [map_io]: Read map /home/smr/workspaces/mini_amr/amrROS2_ws/maps/latest_map_keepout.pgm: 787 X 922 map @ 0.05 m/cell
[lifecycle_manager-19] [INFO] [1773805119.658856867] [lifecycle_manager_navigation]: [34m[1mConfiguring keepout_costmap_filter_info_server[0m[0m
[costmap_filter_info_server-9] [INFO] [1773805119.659295518] [keepout_costmap_filter_info_server]: Configuring
[lifecycle_manager-19] [INFO] [1773805119.668498725] [lifecycle_manager_navigation]: [34m[1mActivating controller_server[0m[0m
[controller_server-10] [INFO] [1773805119.668895960] [controller_server]: Activating
[controller_server-10] [INFO] [1773805119.669033330] [local_costmap.local_costmap]: Activating
[controller_server-10] [INFO] [1773805119.669071245] [local_costmap.local_costmap]: Checking transform
[controller_server-10] [INFO] [1773805119.669406941] [local_costmap.local_costmap]: start
[controller_server-10] [INFO] [1773805119.672406916] [local_costmap.local_costmap]: KeepoutFilter: Subscribing to "/keepout_costmap_filter_info" topic for filter info...
[controller_server-10] [WARN] [1773805119.772956212] [local_costmap.local_costmap]: KeepoutFilter: Filter mask was not received
[controller_server-10] [WARN] [1773805119.778037735] [controller_server]: Parameter controller_server.verbose not found
[controller_server-10] [INFO] [1773805119.779507682] [controller_server]: Optimizer reset
[controller_server-10] [INFO] [1773805119.780957212] [MPPIController]: Activated MPPI Controller: FollowPath
[controller_server-10] [INFO] [1773805119.781091957] [controller_server]: Creating bond (controller_server) to lifecycle manager.
[lifecycle_manager-19] [INFO] [1773805119.895631411] [lifecycle_manager_navigation]: Server controller_server connected with bond.
[lifecycle_manager-19] [INFO] [1773805119.895772280] [lifecycle_manager_navigation]: [34m[1mActivating smoother_server[0m[0m
[smoother_server-11] [INFO] [1773805119.897236685] [smoother_server]: Activating
[smoother_server-11] [INFO] [1773805119.897381347] [smoother_server]: Creating bond (smoother_server) to lifecycle manager.
[lifecycle_manager-19] [INFO] [1773805120.010472728] [lifecycle_manager_navigation]: Server smoother_server connected with bond.
[lifecycle_manager-19] [INFO] [1773805120.010552642] [lifecycle_manager_navigation]: [34m[1mActivating planner_server[0m[0m
[planner_server-12] [INFO] [1773805120.011057498] [planner_server]: Activating
[planner_server-12] [INFO] [1773805120.011123996] [global_costmap.global_costmap]: Activating
[planner_server-12] [INFO] [1773805120.011141495] [global_costmap.global_costmap]: Checking transform
[planner_server-12] [INFO] [1773805120.011312114] [global_costmap.global_costmap]: start
[planner_server-12] [INFO] [1773805120.012134876] [global_costmap.global_costmap]: KeepoutFilter: Subscribing to "/keepout_costmap_filter_info" topic for filter info...
[planner_server-12] [WARN] [1773805120.560938513] [global_costmap.global_costmap]: KeepoutFilter: Filter mask was not received
[planner_server-12] [INFO] [1773805120.617686321] [planner_server]: Activating plugin GridBased of type SmacPlanner2D
[planner_server-12] [INFO] [1773805120.619076646] [planner_server]: Creating bond (planner_server) to lifecycle manager.
[lifecycle_manager-19] [INFO] [1773805120.731687669] [lifecycle_manager_navigation]: Server planner_server connected with bond.
[lifecycle_manager-19] [INFO] [1773805120.731822706] [lifecycle_manager_navigation]: [34m[1mActivating behavior_server[0m[0m
[behavior_server-13] [INFO] [1773805120.732644593] [behavior_server]: Activating
[behavior_server-13] [INFO] [1773805120.732687758] [behavior_server]: Activating wait
[behavior_server-13] [INFO] [1773805120.732713715] [behavior_server]: Creating bond (behavior_server) to lifecycle manager.
[lifecycle_manager-19] [INFO] [1773805120.843492264] [lifecycle_manager_navigation]: Server behavior_server connected with bond.
[lifecycle_manager-19] [INFO] [1773805120.843619426] [lifecycle_manager_navigation]: [34m[1mActivating velocity_smoother[0m[0m
[velocity_smoother-16] [INFO] [1773805120.844802966] [velocity_smoother]: Activating
[velocity_smoother-16] [INFO] [1773805120.844915254] [velocity_smoother]: Creating bond (velocity_smoother) to lifecycle manager.
[lifecycle_manager-19] [INFO] [1773805120.954200232] [lifecycle_manager_navigation]: Server velocity_smoother connected with bond.
[lifecycle_manager-19] [INFO] [1773805120.954273438] [lifecycle_manager_navigation]: [34m[1mActivating collision_monitor[0m[0m
[collision_monitor-17] [INFO] [1773805120.954852083] [collision_monitor]: Activating
[collision_monitor-17] [INFO] [1773805120.954974287] [collision_monitor]: Creating bond (collision_monitor) to lifecycle manager.
[lifecycle_manager-19] [INFO] [1773805121.067451149] [lifecycle_manager_navigation]: Server collision_monitor connected with bond.
[lifecycle_manager-19] [INFO] [1773805121.067584144] [lifecycle_manager_navigation]: [34m[1mActivating collision_detector[0m[0m
[collision_detector-18] [INFO] [1773805121.068319118] [collision_detector]: Activating
[collision_detector-18] [INFO] [1773805121.068402239] [collision_detector]: Creating bond (collision_detector) to lifecycle manager.
[lifecycle_manager-19] [INFO] [1773805121.188497157] [lifecycle_manager_navigation]: Server collision_detector connected with bond.
[lifecycle_manager-19] [INFO] [1773805121.188616153] [lifecycle_manager_navigation]: [34m[1mActivating bt_navigator[0m[0m
[bt_navigator-14] [INFO] [1773805121.189557619] [bt_navigator]: Activating
[bt_navigator-14] [INFO] [1773805121.318552129] [bt_navigator]: Creating bond (bt_navigator) to lifecycle manager.
[lifecycle_manager-19] [INFO] [1773805121.426542738] [lifecycle_manager_navigation]: Server bt_navigator connected with bond.
[lifecycle_manager-19] [INFO] [1773805121.426598152] [lifecycle_manager_navigation]: [34m[1mActivating waypoint_follower[0m[0m
[waypoint_follower-15] [INFO] [1773805121.427097176] [waypoint_follower]: Activating
[waypoint_follower-15] [INFO] [1773805121.427236879] [waypoint_follower]: Creating bond (waypoint_follower) to lifecycle manager.
[lifecycle_manager-19] [INFO] [1773805121.538139381] [lifecycle_manager_navigation]: Server waypoint_follower connected with bond.
[lifecycle_manager-19] [INFO] [1773805121.538249627] [lifecycle_manager_navigation]: [34m[1mActivating keepout_filter_mask_server[0m[0m
[map_server-8] [INFO] [1773805121.539016974] [keepout_filter_mask_server]: Activating
[map_server-8] [INFO] [1773805121.539773530] [keepout_filter_mask_server]: Creating bond (keepout_filter_mask_server) to lifecycle manager.
[lifecycle_manager-19] [INFO] [1773805121.652266725] [lifecycle_manager_navigation]: Server keepout_filter_mask_server connected with bond.
[lifecycle_manager-19] [INFO] [1773805121.652363263] [lifecycle_manager_navigation]: [34m[1mActivating keepout_costmap_filter_info_server[0m[0m
[costmap_filter_info_server-9] [INFO] [1773805121.653249606] [keepout_costmap_filter_info_server]: Activating
[costmap_filter_info_server-9] [INFO] [1773805121.653352269] [keepout_costmap_filter_info_server]: Creating bond (keepout_costmap_filter_info_server) to lifecycle manager.
[planner_server-12] [INFO] [1773805121.653460765] [global_costmap.global_costmap]: KeepoutFilter: Received filter info from /keepout_costmap_filter_info topic.
[planner_server-12] [INFO] [1773805121.653505680] [global_costmap.global_costmap]: KeepoutFilter: Subscribing to "/keepout_filter_mask" topic for filter mask...
[controller_server-10] [INFO] [1773805121.653484097] [local_costmap.local_costmap]: KeepoutFilter: Received filter info from /keepout_costmap_filter_info topic.
[controller_server-10] [INFO] [1773805121.653576261] [local_costmap.local_costmap]: KeepoutFilter: Subscribing to "/keepout_filter_mask" topic for filter mask...
[planner_server-12] [INFO] [1773805121.676543007] [global_costmap.global_costmap]: KeepoutFilter: Received filter mask from /keepout_filter_mask topic.
[lifecycle_manager-19] [INFO] [1773805121.764642965] [lifecycle_manager_navigation]: Server keepout_costmap_filter_info_server connected with bond.
[lifecycle_manager-19] [INFO] [1773805121.764693714] [lifecycle_manager_navigation]: [34m[1mManaged nodes are active[0m[0m
[lifecycle_manager-19] [INFO] [1773805121.764708005] [lifecycle_manager_navigation]: [34m[1mCreating bond timer...[0m[0m
[controller_server-10] [INFO] [1773805121.869035705] [local_costmap.local_costmap]: KeepoutFilter: Received filter mask from /keepout_filter_mask topic.
[INFO] [delivery_robot_main_controller-20]: process started with pid [4310]
[INFO] [robot_sound-21]: process started with pid [4311]
[INFO] [call_robot_button-22]: process started with pid [4312]
[INFO] [rpc_run_node-23]: process started with pid [4313]
[INFO] [dock_coordinates-24]: process started with pid [4314]
[INFO] [autodock_action_server-25]: process started with pid [4315]
[INFO] [battery_manager_node-26]: process started with pid [4316]
[dock_coordinates-24] [INFO] [1773805122.375030360] [dock_coordinates]: begin dock_coordinates
[dock_coordinates-24] [INFO] [1773805122.375286726] [dock coordinates]: max_alignment_error: 0.010000
[dock_coordinates-24] [INFO] [1773805122.375299850] [dock coordinates]: minimum_point_cloud: 5
[dock_coordinates-24] [INFO] [1773805122.375304517] [dock coordinates]: point_cloud_split_dist: 0.050000
[dock_coordinates-24] [INFO] [1773805122.375308891] [dock coordinates]: max_dock_width: 0.380000
[dock_coordinates-24] [INFO] [1773805122.375313266] [dock coordinates]: min_dock_width: 0.310000
[dock_coordinates-24] [INFO] [1773805122.375317641] [dock coordinates]: range_limit: 1.200000
[rpc_run_node-23] [0m[INFO] [1773805124.099563677] [rpc_run_node]: RPC run node started; RPC bridge configured.[0m
[rpc_run_node-23] 2026-03-18 10:38:44,112 [INFO] RPCServer listening on localhost:6000
[robot_sound-21] [0m[INFO] [1773805124.224300300] [robot_sound_node]: Obstacle sound alarm is enabled.[0m
[robot_sound-21] [0m[INFO] [1773805124.225058023] [robot_sound_node]: ✅ robot_sound_node started using .wav files[0m
[robot_sound-21] [33m[WARN] [1773805124.226586300] [robot_sound_node]: Map not available yet; skipping obstacle classification.[0m
[robot_sound-21] [0m[INFO] [1773805124.227099323] [robot_sound_node]: Obstacle detected but sound alarm disabled.[0m
[robot_sound-21] [0m[INFO] [1773805124.235203862] [robot_sound_node]: Obstacle sound alarm disabled (API).[0m
[robot_sound-21] [0m[INFO] [1773805124.235935335] [robot_sound_node]: Sound volume set to 100% (API).[0m
[robot_sound-21] [0m[INFO] [1773805124.391129016] [robot_sound_node]: Received map (width=787, height=922, resolution=0.050 m/cell)[0m
[battery_manager_node-26] [INFO] [1773805124.467961718] [battery_manager]: SOC limits from API: target=1.00, resume=0.95
[battery_manager_node-26] [INFO] [1773805124.931790783] [battery_manager]: State change: IDLE_ON_DOCK -> UNKNOWN
[autodock_action_server-25] [INFO] [1773805125.030996420] [autodock_action_server]: auto_dock_init_start
[autodock_action_server-25] [INFO] [1773805125.113283090] [autodock_action_server]: auto_dock_init_complete
[delivery_robot_main_controller-20] [0m[INFO] [1773805125.358850480] [main_controller_node]: Delivery Robot Main Controller Node started.[0m
[delivery_robot_main_controller-20] [0m[INFO] [1773805125.412947134] [main_controller_node]: Initial state: STANDBY[0m
[delivery_robot_main_controller-20] [0m[INFO] [1773805125.422790234] [main_controller_node]: setting_batteryLowToCharge: 40[0m
[delivery_robot_main_controller-20] [33m[WARN] [1773805125.448647292] [rcl.logging_rosout]: Publisher already registered for node name: 'main_controller_node'. If this is due to multiple nodes with the same name then all logs for the logger named 'main_controller_node' will go out over the existing publisher. As soon as any node with that name is destructed it will unregister the publisher, preventing any further logs for that name from being published on the rosout topic.[0m
[delivery_robot_main_controller-20] [33m[WARN] [1773805125.493735275] [main_controller_node]: slam_toolbox_msgs not available; initial pose service calls will be skipped.[0m
[call_robot_button-22] 2026-03-18 10:38:45 mosquitto_pub -u smr -P smrbot25 -m "Production1,blink" -t "Rsp" -r
[call_robot_button-22] [0m[INFO] [1773805125.778135209] [call_robot_button_node]: call_switch notified: station=Production1 status=blink.[0m
[delivery_robot_main_controller-20] [0m[INFO] [1773805126.696279228] [main_controller_node]: Waiting for Nav2 system...[0m
[INFO] [bash-27]: process started with pid [4421]
[delivery_robot_main_controller-20] [0m[INFO] [1773805128.714930166] [main_controller_node]: Waiting for localization pose to be received from slam_toolbox/pose[0m
[delivery_robot_main_controller-20] [0m[INFO] [1773805128.717023965] [main_controller_node]: Acquired localization pose from TF map->base_link[0m
[delivery_robot_main_controller-20] [0m[INFO] [1773805130.723761921] [main_controller_node]: Nav2 is ready for use![0m
[delivery_robot_main_controller-20] [0m[INFO] [1773805130.768598788] [main_controller_node]: Robot is in STANDBY mode.[0m
[delivery_robot_main_controller-20] [33m[WARN] [1773805130.811437811] [main_controller_node]: Robot status id missing; refreshing before battery status.[0m
[delivery_robot_main_controller-20] [0m[INFO] [1773805131.732195943] [main_controller_node]: Current state: STANDBY, dock_state IDLE, charge_state NOT_CHARGE[0m
[delivery_robot_main_controller-20] [0m[INFO] [1773805132.805003121] [main_controller_node]: Current state: STANDBY, dock_state IDLE, charge_state NOT_CHARGE[0m
[delivery_robot_main_controller-20] [0m[INFO] [1773805132.888249047] [main_controller_node]: 1 pending queues [0m
[delivery_robot_main_controller-20] [0m[INFO] [1773805132.889196346] [main_controller_node]: Queue action: Request[0m
[delivery_robot_main_controller-20] [0m[INFO] [1773805132.915401059] [main_controller_node]: AGV start_pos: x=-0.02, y=-0.00[0m
[delivery_robot_main_controller-20] [0m[INFO] [1773805132.915923415] [main_controller_node]: AGV goal_pos: x=3.40, y=-0.73[0m
[delivery_robot_main_controller-20] Graph before shortest_path: Graph with 11 nodes and 10 edges
[delivery_robot_main_controller-20] [0m[INFO] [1773805132.944135887] [main_controller_node]: Computed AGV path waypoints:[0m
[delivery_robot_main_controller-20] [0m[INFO] [1773805132.944776072] [main_controller_node]:   Waypoint 0: x=-0.02, y=-0.00[0m
[delivery_robot_main_controller-20] [0m[INFO] [1773805132.945333718] [main_controller_node]:   Waypoint 1: x=1.99, y=-1.51[0m
[delivery_robot_main_controller-20] [0m[INFO] [1773805132.945875032] [main_controller_node]:   Waypoint 2: x=3.40, y=-0.73[0m
[delivery_robot_main_controller-20] [0m[INFO] [1773805132.946806290] [main_controller_node]: Navigating with 3 goals....[0m
[bt_navigator-14] [INFO] [1773805132.950609485] [bt_navigator]: Begin navigating from current location through 3 poses to (3.40, -0.73)
[delivery_robot_main_controller-20] [0m[INFO] [1773805132.950786228] [main_controller_node]: State change: STANDBY -> MOVE[0m
[controller_server-10] [INFO] [1773805132.951077593] [local_costmap.local_costmap]: Received request to clear entirely the local_costmap
[controller_server-10] [INFO] [1773805132.956453397] [local_costmap.local_costmap]: KeepoutFilter: Subscribing to "/keepout_costmap_filter_info" topic for filter info...
[delivery_robot_main_controller-20] [0m[INFO] [1773805132.961888699] [main_controller_node]: Robot is MOVING.[0m
[controller_server-10] [INFO] [1773805132.961046396] [local_costmap.local_costmap]: KeepoutFilter: Received filter info from /keepout_costmap_filter_info topic.
[controller_server-10] [INFO] [1773805132.961096853] [local_costmap.local_costmap]: KeepoutFilter: Subscribing to "/keepout_filter_mask" topic for filter mask...
[planner_server-12] [INFO] [1773805132.961506338] [global_costmap.global_costmap]: Received request to clear entirely the global_costmap
[planner_server-12] [INFO] [1773805132.966801645] [global_costmap.global_costmap]: KeepoutFilter: Subscribing to "/keepout_costmap_filter_info" topic for filter info...
[planner_server-12] [INFO] [1773805132.978272477] [global_costmap.global_costmap]: KeepoutFilter: Received filter info from /keepout_costmap_filter_info topic.
[planner_server-12] [INFO] [1773805132.978331683] [global_costmap.global_costmap]: KeepoutFilter: Subscribing to "/keepout_filter_mask" topic for filter mask...
[controller_server-10] [WARN] [1773805132.980444440] [local_costmap.local_costmap]: KeepoutFilter: New filter mask arrived from /keepout_filter_mask topic. Updating old filter mask.
[planner_server-12] [WARN] [1773805133.006423702] [global_costmap.global_costmap]: KeepoutFilter: New filter mask arrived from /keepout_filter_mask topic. Updating old filter mask.
[controller_server-10] [INFO] [1773805133.154222444] [controller_server]: Received a goal, begin computing control effort.
[controller_server-10] [WARN] [1773805133.154290983] [controller_server]: No goal checker was specified in parameter 'current_goal_checker'. Server will use only plugin loaded goal_checker . This warning will appear once.
[controller_server-10] [WARN] [1773805133.154308482] [controller_server]: No progress checker was specified in parameter 'current_progress_checker'. Server will use only plugin loaded progress_checker . This warning will appear once.
[collision_monitor-17] [INFO] [1773805133.226732803] [collision_monitor]: Robot to stop due to PolygonStop polygon
[controller_server-10] [INFO] [1773805133.354901343] [controller_server]: Passing new path to controller.
[controller_server-10] [INFO] [1773805133.454962991] [controller_server]: Passing new path to controller.
[controller_server-10] [INFO] [1773805133.556167638] [controller_server]: Passing new path to controller.
[controller_server-10] [INFO] [1773805133.654597762] [controller_server]: Passing new path to controller.
[controller_server-10] [INFO] [1773805133.854554813] [controller_server]: Passing new path to controller.
[controller_server-10] [INFO] [1773805133.954553171] [controller_server]: Passing new path to controller.
[controller_server-10] [INFO] [1773805134.154536762] [controller_server]: Passing new path to controller.
[robot_sound-21] [0m[INFO] [1773805134.322184740] [robot_sound_node]: Obstacle detected but sound alarm disabled.[0m
[controller_server-10] [INFO] [1773805134.354676681] [controller_server]: Passing new path to controller.
[controller_server-10] [INFO] [1773805134.454560710] [controller_server]: Passing new path to controller.
[controller_server-10] [INFO] [1773805134.654542843] [controller_server]: Passing new path to controller.
[controller_server-10] [INFO] [1773805134.854564933] [controller_server]: Passing new path to controller.
[controller_server-10] [INFO] [1773805134.954563583] [controller_server]: Passing new path to controller.
[controller_server-10] [INFO] [1773805135.154525884] [controller_server]: Passing new path to controller.
[controller_server-10] [INFO] [1773805135.354596389] [controller_server]: Passing new path to controller.
[controller_server-10] [INFO] [1773805135.454929860] [controller_server]: Passing new path to controller.
[controller_server-10] [INFO] [1773805135.554703934] [controller_server]: Passing new path to controller.
[controller_server-10] [INFO] [1773805135.654560256] [controller_server]: Passing new path to controller.
[controller_server-10] [INFO] [1773805135.854547347] [controller_server]: Passing new path to controller.
[controller_server-10] [INFO] [1773805135.954559121] [controller_server]: Passing new path to controller.
[controller_server-10] [INFO] [1773805136.054598311] [controller_server]: Passing new path to controller.
[controller_server-10] [INFO] [1773805136.254590652] [controller_server]: Passing new path to controller.
[controller_server-10] [INFO] [1773805136.354533887] [controller_server]: Passing new path to controller.
[controller_server-10] [INFO] [1773805136.454535162] [controller_server]: Passing new path to controller.
[controller_server-10] [INFO] [1773805136.554533520] [controller_server]: Passing new path to controller.
[controller_server-10] [INFO] [1773805136.754548610] [controller_server]: Passing new path to controller.
[controller_server-10] [INFO] [1773805136.854532677] [controller_server]: Passing new path to controller.
[controller_server-10] [INFO] [1773805136.954528410] [controller_server]: Passing new path to controller.
[controller_server-10] [INFO] [1773805137.054529976] [controller_server]: Passing new path to controller.
[controller_server-10] [INFO] [1773805137.254553525] [controller_server]: Passing new path to controller.
[controller_server-10] [INFO] [1773805137.354533800] [controller_server]: Passing new path to controller.
[controller_server-10] [INFO] [1773805137.454534200] [controller_server]: Passing new path to controller.
[controller_server-10] [INFO] [1773805137.554557349] [controller_server]: Passing new path to controller.
[controller_server-10] [INFO] [1773805137.754527816] [controller_server]: Passing new path to controller.
[controller_server-10] [INFO] [1773805137.854535215] [controller_server]: Passing new path to controller.
[controller_server-10] [INFO] [1773805137.954578196] [controller_server]: Passing new path to controller.
[controller_server-10] [INFO] [1773805138.054547389] [controller_server]: Passing new path to controller.
[controller_server-10] [INFO] [1773805138.254533314] [controller_server]: Passing new path to controller.
[controller_server-10] [INFO] [1773805138.354533130] [controller_server]: Passing new path to controller.
[controller_server-10] [INFO] [1773805138.454567945] [controller_server]: Passing new path to controller.
[controller_server-10] [INFO] [1773805138.554595760] [controller_server]: Passing new path to controller.
[controller_server-10] [INFO] [1773805138.754570894] [controller_server]: Passing new path to controller.
[controller_server-10] [INFO] [1773805138.855354390] [controller_server]: Passing new path to controller.
[controller_server-10] [INFO] [1773805138.954652482] [controller_server]: Passing new path to controller.
[controller_server-10] [INFO] [1773805139.154564909] [controller_server]: Passing new path to controller.
[controller_server-10] [INFO] [1773805139.254562975] [controller_server]: Passing new path to controller.
[controller_server-10] [INFO] [1773805139.354563958] [controller_server]: Passing new path to controller.
[controller_server-10] [INFO] [1773805139.454533151] [controller_server]: Passing new path to controller.
[controller_server-10] [INFO] [1773805139.654533367] [controller_server]: Passing new path to controller.
[controller_server-10] [INFO] [1773805139.854593955] [controller_server]: Passing new path to controller.
[controller_server-10] [INFO] [1773805139.954729392] [controller_server]: Passing new path to controller.
[controller_server-10] [INFO] [1773805140.054556839] [controller_server]: Passing new path to controller.
[controller_server-10] [INFO] [1773805140.154558989] [controller_server]: Passing new path to controller.
[controller_server-10] [INFO] [1773805140.354554538] [controller_server]: Passing new path to controller.
[controller_server-10] [INFO] [1773805140.454558729] [controller_server]: Passing new path to controller.
[controller_server-10] [INFO] [1773805140.554679875] [controller_server]: Passing new path to controller.
[controller_server-10] [INFO] [1773805140.654592486] [controller_server]: Passing new path to controller.
[controller_server-10] [INFO] [1773805140.854530579] [controller_server]: Passing new path to controller.
[controller_server-10] [INFO] [1773805140.954529812] [controller_server]: Passing new path to controller.
[controller_server-10] [INFO] [1773805141.054546836] [controller_server]: Passing new path to controller.
[controller_server-10] [INFO] [1773805141.254535094] [controller_server]: Passing new path to controller.
[controller_server-10] [INFO] [1773805141.354565242] [controller_server]: Passing new path to controller.
[controller_server-10] [INFO] [1773805141.454564475] [controller_server]: Passing new path to controller.
[controller_server-10] [INFO] [1773805141.554560792] [controller_server]: Passing new path to controller.
[controller_server-10] [INFO] [1773805141.754521634] [controller_server]: Passing new path to controller.
[controller_server-10] [INFO] [1773805141.854524659] [controller_server]: Passing new path to controller.
[controller_server-10] [INFO] [1773805141.954531183] [controller_server]: Passing new path to controller.
[controller_server-10] [INFO] [1773805142.154551232] [controller_server]: Passing new path to controller.
[controller_server-10] [INFO] [1773805142.254529757] [controller_server]: Passing new path to controller.
[controller_server-10] [INFO] [1773805142.354529573] [controller_server]: Passing new path to controller.
[controller_server-10] [INFO] [1773805142.454528515] [controller_server]: Passing new path to controller.
[controller_server-10] [INFO] [1773805142.654525814] [controller_server]: Passing new path to controller.
[controller_server-10] [INFO] [1773805142.754526797] [controller_server]: Passing new path to controller.
[controller_server-10] [INFO] [1773805142.854526905] [controller_server]: Passing new path to controller.
[controller_server-10] [INFO] [1773805143.054562119] [controller_server]: Passing new path to controller.
[controller_server-10] [INFO] [1773805143.154577685] [controller_server]: Passing new path to controller.
[controller_server-10] [ERROR] [1773805143.157592534] [controller_server]: Failed to make progress
[controller_server-10] [INFO] [1773805143.159609919] [controller_server]: Optimizer reset
[controller_server-10] [WARN] [1773805143.159688374] [controller_server]: [follow_path] [ActionServer] Aborting handle.
[controller_server-10] [INFO] [1773805143.181701406] [local_costmap.local_costmap]: Received request to clear entirely the local_costmap
[controller_server-10] [INFO] [1773805143.186392110] [local_costmap.local_costmap]: KeepoutFilter: Subscribing to "/keepout_costmap_filter_info" topic for filter info...
[controller_server-10] [INFO] [1773805143.190706869] [local_costmap.local_costmap]: KeepoutFilter: Received filter info from /keepout_costmap_filter_info topic.
[controller_server-10] [INFO] [1773805143.190770742] [local_costmap.local_costmap]: KeepoutFilter: Subscribing to "/keepout_filter_mask" topic for filter mask...
[controller_server-10] [INFO] [1773805143.193127323] [controller_server]: Received a goal, begin computing control effort.
[controller_server-10] [WARN] [1773805143.213817111] [local_costmap.local_costmap]: KeepoutFilter: New filter mask arrived from /keepout_filter_mask topic. Updating old filter mask.
[controller_server-10] [INFO] [1773805143.273575976] [controller_server]: Passing new path to controller.
[controller_server-10] [INFO] [1773805143.393587772] [controller_server]: Passing new path to controller.
[controller_server-10] [INFO] [1773805143.493592546] [controller_server]: Passing new path to controller.
[controller_server-10] [INFO] [1773805143.693583429] [controller_server]: Passing new path to controller.
[controller_server-10] [INFO] [1773805143.793588496] [controller_server]: Passing new path to controller.
[controller_server-10] [INFO] [1773805143.893579854] [controller_server]: Passing new path to controller.
[controller_server-10] [INFO] [1773805143.993583462] [controller_server]: Passing new path to controller.
[controller_server-10] [INFO] [1773805144.193587761] [controller_server]: Passing new path to controller.
[controller_server-10] [INFO] [1773805144.293578827] [controller_server]: Passing new path to controller.
[robot_sound-21] [0m[INFO] [1773805144.392642136] [robot_sound_node]: Obstacle detected but sound alarm disabled.[0m
[controller_server-10] [INFO] [1773805144.393581269] [controller_server]: Passing new path to controller.
[controller_server-10] [INFO] [1773805144.493572627] [controller_server]: Passing new path to controller.
[controller_server-10] [INFO] [1773805144.693579551] [controller_server]: Passing new path to controller.
[controller_server-10] [INFO] [1773805144.793581409] [controller_server]: Passing new path to controller.
[controller_server-10] [INFO] [1773805144.993584833] [controller_server]: Passing new path to controller.
[controller_server-10] [INFO] [1773805145.193580966] [controller_server]: Passing new path to controller.
[controller_server-10] [INFO] [1773805145.293578157] [controller_server]: Passing new path to controller.
[controller_server-10] [INFO] [1773805145.493578081] [controller_server]: Passing new path to controller.
[controller_server-10] [INFO] [1773805145.693580922] [controller_server]: Passing new path to controller.
[controller_server-10] [INFO] [1773805145.793584238] [controller_server]: Passing new path to controller.
[controller_server-10] [INFO] [1773805145.893577346] [controller_server]: Passing new path to controller.
[controller_server-10] [INFO] [1773805146.093577562] [controller_server]: Passing new path to controller.
[controller_server-10] [INFO] [1773805146.193586128] [controller_server]: Passing new path to controller.
[controller_server-10] [INFO] [1773805146.293576320] [controller_server]: Passing new path to controller.
[controller_server-10] [INFO] [1773805146.393577595] [controller_server]: Passing new path to controller.
[controller_server-10] [INFO] [1773805146.593581310] [controller_server]: Passing new path to controller.
[controller_server-10] [INFO] [1773805146.693578502] [controller_server]: Passing new path to controller.
[controller_server-10] [INFO] [1773805146.793582693] [controller_server]: Passing new path to controller.
[controller_server-10] [INFO] [1773805146.893571135] [controller_server]: Passing new path to controller.
[controller_server-10] [INFO] [1773805147.093577767] [controller_server]: Passing new path to controller.
[controller_server-10] [INFO] [1773805147.193586041] [controller_server]: Passing new path to controller.
[controller_server-10] [INFO] [1773805147.293575941] [controller_server]: Passing new path to controller.
[controller_server-10] [INFO] [1773805147.493577907] [controller_server]: Passing new path to controller.
[controller_server-10] [INFO] [1773805147.593580640] [controller_server]: Passing new path to controller.
[controller_server-10] [INFO] [1773805147.693581040] [controller_server]: Passing new path to controller.
[controller_server-10] [INFO] [1773805147.793575898] [controller_server]: Passing new path to controller.
[controller_server-10] [INFO] [1773805147.993579613] [controller_server]: Passing new path to controller.
[controller_server-10] [INFO] [1773805148.093572430] [controller_server]: Passing new path to controller.
[controller_server-10] [INFO] [1773805148.193585662] [controller_server]: Passing new path to controller.
[controller_server-10] [INFO] [1773805148.393583253] [controller_server]: Passing new path to controller.
[controller_server-10] [INFO] [1773805148.493575487] [controller_server]: Passing new path to controller.
[controller_server-10] [INFO] [1773805148.593582594] [controller_server]: Passing new path to controller.
[controller_server-10] [INFO] [1773805148.693579786] [controller_server]: Passing new path to controller.
[controller_server-10] [INFO] [1773805148.893577085] [controller_server]: Passing new path to controller.
[controller_server-10] [INFO] [1773805148.993583901] [controller_server]: Passing new path to controller.
[controller_server-10] [INFO] [1773805149.093576718] [controller_server]: Passing new path to controller.
[controller_server-10] [INFO] [1773805149.193739861] [controller_server]: Passing new path to controller.
[controller_server-10] [INFO] [1773805149.393576750] [controller_server]: Passing new path to controller.
[controller_server-10] [INFO] [1773805149.493585316] [controller_server]: Passing new path to controller.
[controller_server-10] [INFO] [1773805149.693604490] [controller_server]: Passing new path to controller.
[controller_server-10] [INFO] [1773805149.793623555] [controller_server]: Passing new path to controller.
[delivery_robot_main_controller-20] [0m[INFO] [1773805149.795361825] [main_controller_node]: Canceling current goal.[0m
[controller_server-10] [INFO] [1773805149.893606455] [controller_server]: Cancellation was successful. Stopping the robot.
[controller_server-10] [INFO] [1773805149.893806531] [controller_server]: [follow_path] [ActionServer] Client requested to cancel the goal. Cancelling.
[bt_navigator-14] [INFO] [1773805149.894259765] [bt_navigator]: [navigate_through_poses] [ActionServer] Client requested to cancel the goal. Cancelling.
[bt_navigator-14] [INFO] [1773805149.894455466] [bt_navigator]: Goal canceled
[controller_server-10] [INFO] [1773805149.896235443] [controller_server]: Optimizer reset
[delivery_robot_main_controller-20] [0m[INFO] [1773805149.923612029] [main_controller_node]: Goal was canceled![0m
[delivery_robot_main_controller-20] [0m[INFO] [1773805149.924259214] [main_controller_node]: State change: MOVE -> PAUSED[0m
[delivery_robot_main_controller-20] [0m[INFO] [1773805149.930395657] [main_controller_node]: Robot is PAUSED. Awaiting user to switch to STANDBY.[0m
[delivery_robot_main_controller-20] [0m[INFO] [1773805149.931756524] [main_controller_node]: Robot is PAUSED. Awaiting user to switch to STANDBY.[0m
[delivery_robot_main_controller-20] [0m[INFO] [1773805149.954855975] [main_controller_node]: Current state: PAUSED, dock_state IDLE, charge_state NOT_CHARGE[0m
[delivery_robot_main_controller-20] [0m[INFO] [1773805150.730619638] [main_controller_node]: Current state: PAUSED, dock_state IDLE, charge_state NOT_CHARGE[0m
[delivery_robot_main_controller-20] [0m[INFO] [1773805151.729468676] [main_controller_node]: Current state: PAUSED, dock_state IDLE, charge_state NOT_CHARGE[0m
[delivery_robot_main_controller-20] [0m[INFO] [1773805151.996006135] [main_controller_node]: Pause cleared to STANDBY via API/GUI.[0m
[delivery_robot_main_controller-20] [0m[INFO] [1773805151.999823038] [main_controller_node]: State change: PAUSED -> STANDBY[0m
[delivery_robot_main_controller-20] [0m[INFO] [1773805152.010611395] [main_controller_node]: Robot is in STANDBY mode.[0m
[delivery_robot_main_controller-20] [0m[INFO] [1773805152.730197146] [main_controller_node]: Current state: STANDBY, dock_state IDLE, charge_state NOT_CHARGE[0m
[delivery_robot_main_controller-20] [0m[INFO] [1773805152.796232157] [main_controller_node]: 1 pending queues [0m
[delivery_robot_main_controller-20] [0m[INFO] [1773805152.800414213] [main_controller_node]: Queue action: Request[0m
[delivery_robot_main_controller-20] [0m[INFO] [1773805152.840537627] [main_controller_node]: AGV start_pos: x=-0.02, y=-0.00[0m
[delivery_robot_main_controller-20] [0m[INFO] [1773805152.842438933] [main_controller_node]: AGV goal_pos: x=3.40, y=-0.73[0m
[delivery_robot_main_controller-20] Graph before shortest_path: Graph with 11 nodes and 10 edges
[delivery_robot_main_controller-20] [0m[INFO] [1773805152.882116113] [main_controller_node]: Computed AGV path waypoints:[0m
[delivery_robot_main_controller-20] [0m[INFO] [1773805152.885982597] [main_controller_node]:   Waypoint 0: x=-0.02, y=-0.00[0m
[delivery_robot_main_controller-20] [0m[INFO] [1773805152.886578158] [main_controller_node]:   Waypoint 1: x=1.99, y=-1.51[0m
[delivery_robot_main_controller-20] [0m[INFO] [1773805152.887109264] [main_controller_node]:   Waypoint 2: x=3.40, y=-0.73[0m
[delivery_robot_main_controller-20] [0m[INFO] [1773805152.888013689] [main_controller_node]: Navigating with 3 goals....[0m
[bt_navigator-14] [INFO] [1773805152.888829743] [bt_navigator]: Begin navigating from current location through 3 poses to (3.40, -0.73)
[controller_server-10] [INFO] [1773805152.889300768] [local_costmap.local_costmap]: Received request to clear entirely the local_costmap
[controller_server-10] [INFO] [1773805152.892248535] [local_costmap.local_costmap]: KeepoutFilter: Subscribing to "/keepout_costmap_filter_info" topic for filter info...
[planner_server-12] [INFO] [1773805152.895347672] [global_costmap.global_costmap]: Received request to clear entirely the global_costmap
[controller_server-10] [INFO] [1773805152.896785537] [local_costmap.local_costmap]: KeepoutFilter: Received filter info from /keepout_costmap_filter_info topic.
[controller_server-10] [INFO] [1773805152.896838035] [local_costmap.local_costmap]: KeepoutFilter: Subscribing to "/keepout_filter_mask" topic for filter mask...
[planner_server-12] [INFO] [1773805152.902688655] [global_costmap.global_costmap]: KeepoutFilter: Subscribing to "/keepout_costmap_filter_info" topic for filter info...
[controller_server-10] [WARN] [1773805152.912046148] [local_costmap.local_costmap]: KeepoutFilter: New filter mask arrived from /keepout_filter_mask topic. Updating old filter mask.
[planner_server-12] [INFO] [1773805152.916047377] [global_costmap.global_costmap]: KeepoutFilter: Received filter info from /keepout_costmap_filter_info topic.
[planner_server-12] [INFO] [1773805152.916091417] [global_costmap.global_costmap]: KeepoutFilter: Subscribing to "/keepout_filter_mask" topic for filter mask...
[planner_server-12] [WARN] [1773805152.931868259] [global_costmap.global_costmap]: KeepoutFilter: New filter mask arrived from /keepout_filter_mask topic. Updating old filter mask.
[delivery_robot_main_controller-20] [0m[INFO] [1773805153.015506171] [main_controller_node]: State change: STANDBY -> MOVE[0m
[delivery_robot_main_controller-20] [0m[INFO] [1773805153.030598496] [main_controller_node]: Robot is MOVING.[0m
[planner_server-12] [WARN] [1773805153.132410955] [planner_server]: Planner loop missed its desired rate of 5.0000 Hz. Current loop rate is 4.4770 Hz
[controller_server-10] [INFO] [1773805153.150597168] [controller_server]: Received a goal, begin computing control effort.
[controller_server-10] [INFO] [1773805153.350871249] [controller_server]: Passing new path to controller.
[controller_server-10] [INFO] [1773805153.450866982] [controller_server]: Passing new path to controller.
[controller_server-10] [INFO] [1773805153.650868073] [controller_server]: Passing new path to controller.
[controller_server-10] [INFO] [1773805153.850872955] [controller_server]: Passing new path to controller.
[controller_server-10] [INFO] [1773805153.950837773] [controller_server]: Passing new path to controller.
[controller_server-10] [INFO] [1773805154.050965918] [controller_server]: Passing new path to controller.
[controller_server-10] [INFO] [1773805154.250840721] [controller_server]: Passing new path to controller.
[controller_server-10] [INFO] [1773805154.350839371] [controller_server]: Passing new path to controller.
[controller_server-10] [INFO] [1773805154.450838312] [controller_server]: Passing new path to controller.
[bash-27] 4
[bash-27] queue action->Request :  current state-> STANDBY : previous state-> 
[bash-27] queue action->Request :  current state-> MOVE : previous state-> STANDBY
[bash-27] queue action->Request :  current state-> PAUSED : previous state-> MOVE
[bash-27] Dialog rejected!
[bash-27] queue action->Request :  current state-> STANDBY : previous state-> PAUSED
[bash-27] queue action->Request :  current state-> MOVE : previous state-> STANDBY
[controller_server-10] [INFO] [1773805154.650848736] [controller_server]: Passing new path to controller.
[controller_server-10] [INFO] [1773805154.850876076] [controller_server]: Passing new path to controller.
[INFO] [bash-27]: process has finished cleanly [pid 4421]
[INFO] [battery_manager_node-26]: sending signal 'SIGINT' to process[battery_manager_node-26]
[INFO] [autodock_action_server-25]: sending signal 'SIGINT' to process[autodock_action_server-25]
[INFO] [dock_coordinates-24]: sending signal 'SIGINT' to process[dock_coordinates-24]
[INFO] [rpc_run_node-23]: sending signal 'SIGINT' to process[rpc_run_node-23]
[INFO] [call_robot_button-22]: sending signal 'SIGINT' to process[call_robot_button-22]
[INFO] [robot_sound-21]: sending signal 'SIGINT' to process[robot_sound-21]
[INFO] [delivery_robot_main_controller-20]: sending signal 'SIGINT' to process[delivery_robot_main_controller-20]
[INFO] [lifecycle_manager-19]: sending signal 'SIGINT' to process[lifecycle_manager-19]
[INFO] [collision_detector-18]: sending signal 'SIGINT' to process[collision_detector-18]
[INFO] [dock_coordinates-24]: process has finished cleanly [pid 4314]
[INFO] [collision_monitor-17]: sending signal 'SIGINT' to process[collision_monitor-17]
[INFO] [velocity_smoother-16]: sending signal 'SIGINT' to process[velocity_smoother-16]
[INFO] [waypoint_follower-15]: sending signal 'SIGINT' to process[waypoint_follower-15]
[INFO] [bt_navigator-14]: sending signal 'SIGINT' to process[bt_navigator-14]
[INFO] [behavior_server-13]: sending signal 'SIGINT' to process[behavior_server-13]
[INFO] [planner_server-12]: sending signal 'SIGINT' to process[planner_server-12]
[INFO] [smoother_server-11]: sending signal 'SIGINT' to process[smoother_server-11]
[INFO] [controller_server-10]: sending signal 'SIGINT' to process[controller_server-10]
[INFO] [costmap_filter_info_server-9]: sending signal 'SIGINT' to process[costmap_filter_info_server-9]
[INFO] [map_server-8]: sending signal 'SIGINT' to process[map_server-8]
[INFO] [taskset-7]: sending signal 'SIGINT' to process[taskset-7]
[INFO] [robot_hardware-6]: sending signal 'SIGINT' to process[robot_hardware-6]
[INFO] [ekf_node-5]: sending signal 'SIGINT' to process[ekf_node-5]
[INFO] [scan_to_scan_filter_chain-4]: sending signal 'SIGINT' to process[scan_to_scan_filter_chain-4]
[INFO] [rplidar_node-3]: sending signal 'SIGINT' to process[rplidar_node-3]
[INFO] [joint_state_publisher-2]: sending signal 'SIGINT' to process[joint_state_publisher-2]
[INFO] [robot_state_publisher-1]: sending signal 'SIGINT' to process[robot_state_publisher-1]
[controller_server-10] [INFO] [1773805154.950922266] [controller_server]: Passing new path to controller.
[controller_server-10] [INFO] [1773805155.050866376] [controller_server]: Passing new path to controller.
[controller_server-10] [INFO] [1773805155.150872025] [controller_server]: Passing new path to controller.
[controller_server-10] [INFO] [1773805155.350845409] [controller_server]: Passing new path to controller.
[controller_server-10] [INFO] [1773805155.450837350] [controller_server]: Passing new path to controller.
[controller_server-10] [INFO] [1773805155.550955287] [controller_server]: Passing new path to controller.
[controller_server-10] [INFO] [1773805155.650834066] [controller_server]: Passing new path to controller.
[controller_server-10] [INFO] [1773805155.850839240] [controller_server]: Passing new path to controller.
[controller_server-10] [INFO] [1773805155.950848973] [controller_server]: Passing new path to controller.
[controller_server-10] [INFO] [1773805156.050891080] [controller_server]: Passing new path to controller.
[battery_manager_node-26] Traceback (most recent call last):
[battery_manager_node-26]   File "/home/smr/workspaces/mini_amr/amrROS2_ws/install/battery_management/lib/battery_management/battery_manager_node", line 33, in <module>
[battery_manager_node-26]     sys.exit(load_entry_point('battery-management==0.0.0', 'console_scripts', 'battery_manager_node')())
[battery_manager_node-26]              ^^^^^^^^^^^^^^^^^^^^^^^^^^^^^^^^^^^^^^^^^^^^^^^^^^^^^^^^^^^^^^^^^^^^^^^^^^^^^^^^^^^^^^^^^^
[battery_manager_node-26]   File "/home/smr/workspaces/mini_amr/amrROS2_ws/install/battery_management/lib/python3.12/site-packages/battery_management/battery_manager_node.py", line 311, in main
[battery_manager_node-26]     rclpy.spin(node)
[battery_manager_node-26]   File "/opt/ros/jazzy/lib/python3.12/site-packages/rclpy/__init__.py", line 247, in spin
[battery_manager_node-26]     executor.spin_once()
[battery_manager_node-26]   File "/opt/ros/jazzy/lib/python3.12/site-packages/rclpy/executors.py", line 845, in spin_once
[battery_manager_node-26]     self._spin_once_impl(timeout_sec)
[battery_manager_node-26]   File "/opt/ros/jazzy/lib/python3.12/site-packages/rclpy/executors.py", line 829, in _spin_once_impl
[battery_manager_node-26]     handler, entity, node = self.wait_for_ready_callbacks(
[battery_manager_node-26]                             ^^^^^^^^^^^^^^^^^^^^^^^^^^^^^^
[battery_manager_node-26]   File "/opt/ros/jazzy/lib/python3.12/site-packages/rclpy/executors.py", line 799, in wait_for_ready_callbacks
[battery_manager_node-26]     return next(self._cb_iter)
[battery_manager_node-26]            ^^^^^^^^^^^^^^^^^^^
[battery_manager_node-26]   File "/opt/ros/jazzy/lib/python3.12/site-packages/rclpy/executors.py", line 703, in _wait_for_ready_callbacks
[battery_manager_node-26]     wait_set.wait(timeout_nsec)
[battery_manager_node-26] KeyboardInterrupt
[dock_coordinates-24] [INFO] [1773805156.115704344] [rclcpp]: signal_handler(signum=2)
[rpc_run_node-23] [0m[INFO] [1773805156.124192702] [rpc_run_node]: RPC run node stopped by user.[0m
[rpc_run_node-23] Failed to publish log message to rosout: publisher's context is invalid, at ./src/rcl/publisher.c:423
[call_robot_button-22] [0m[INFO] [1773805156.127234966] [call_robot_button_node]: CallRobotButton interrupted by user.[0m
[call_robot_button-22] Failed to publish log message to rosout: publisher's context is invalid, at ./src/rcl/publisher.c:423
[robot_sound-21] [0m[INFO] [1773805156.138180234] [robot_sound_node]: 🔚 robot_sound_node stopped by user.[0m
[robot_sound-21] Failed to publish log message to rosout: publisher's context is invalid, at ./src/rcl/publisher.c:423
[rpc_run_node-23] 2026-03-18 10:39:16,161 [INFO] RPCServer stopped.
[delivery_robot_main_controller-20] [0m[INFO] [1773805156.164395154] [main_controller_node]: Node stopped by user.[0m
[delivery_robot_main_controller-20] Failed to publish log message to rosout: publisher's context is invalid, at ./src/rcl/publisher.c:423
[lifecycle_manager-19] [INFO] [1773805156.168260763] [rclcpp]: signal_handler(signum=2)
[lifecycle_manager-19] [INFO] [1773805156.168455881] [lifecycle_manager_navigation]: Running Nav2 LifecycleManager rcl preshutdown (lifecycle_manager_navigation)
[lifecycle_manager-19] [INFO] [1773805156.168525879] [lifecycle_manager_navigation]: [34m[1mTerminating bond timer...[0m[0m
[collision_detector-18] [INFO] [1773805156.176345469] [rclcpp]: signal_handler(signum=2)
[collision_detector-18] [INFO] [1773805156.176559544] [collision_detector]: Running Nav2 LifecycleNode rcl preshutdown (collision_detector)
[collision_detector-18] [INFO] [1773805156.176674457] [collision_detector]: Deactivating
[collision_detector-18] [INFO] [1773805156.176698081] [collision_detector]: Destroying bond (collision_detector) to lifecycle manager.
[collision_detector-18] [WARN] [1773805156.179256779] [LifecyclePublisher]: Trying to publish message on the topic '/collision_detector_state', but the publisher is not activated
[collision_detector-18] [WARN] [1773805156.179311027] [LifecyclePublisher]: Trying to publish message on the topic '/polygon_stop_detector', but the publisher is not activated
[collision_detector-18] [WARN] [1773805156.179318319] [LifecyclePublisher]: Trying to publish message on the topic '/polygon_slowdown_detector', but the publisher is not activated
[collision_monitor-17] [INFO] [1773805156.190508578] [rclcpp]: signal_handler(signum=2)
[collision_monitor-17] [INFO] [1773805156.190639531] [collision_monitor]: Running Nav2 LifecycleNode rcl preshutdown (collision_monitor)
[collision_monitor-17] [INFO] [1773805156.190717987] [collision_monitor]: Deactivating
[collision_monitor-17] [INFO] [1773805156.190883356] [collision_monitor]: Destroying bond (collision_monitor) to lifecycle manager.
[velocity_smoother-16] [INFO] [1773805156.198211797] [rclcpp]: signal_handler(signum=2)
[velocity_smoother-16] [INFO] [1773805156.198374250] [velocity_smoother]: Running Nav2 LifecycleNode rcl preshutdown (velocity_smoother)
[velocity_smoother-16] [INFO] [1773805156.198453289] [velocity_smoother]: Deactivating
[velocity_smoother-16] [INFO] [1773805156.198477204] [velocity_smoother]: Destroying bond (velocity_smoother) to lifecycle manager.
[collision_detector-18] [INFO] [1773805156.207192470] [collision_detector]: Cleaning up
[collision_detector-18] [INFO] [1773805156.207248760] [collision_monitor]: [PolygonStop]: Destroying Circle
[collision_detector-18] [INFO] [1773805156.207256343] [collision_monitor]: [PolygonStop]: Destroying Polygon
[collision_detector-18] [INFO] [1773805156.207264509] [collision_monitor]: [PolygonSlow]: Destroying Polygon
[collision_detector-18] [INFO] [1773805156.207272384] [collision_monitor]: [scan]: Destroying Scan
[collision_detector-18] [INFO] [1773805156.217589425] [collision_detector]: Destroying bond (collision_detector) to lifecycle manager.
[waypoint_follower-15] [INFO] [1773805156.231783741] [rclcpp]: signal_handler(signum=2)
[waypoint_follower-15] [INFO] [1773805156.232258266] [waypoint_follower]: Running Nav2 LifecycleNode rcl preshutdown (waypoint_follower)
[waypoint_follower-15] [INFO] [1773805156.232353637] [waypoint_follower]: Deactivating
[waypoint_follower-15] [INFO] [1773805156.232388636] [waypoint_follower]: Destroying bond (waypoint_follower) to lifecycle manager.
[controller_server-10] [INFO] [1773805156.250865046] [controller_server]: Passing new path to controller.
[bt_navigator-14] [INFO] [1773805156.252983928] [rclcpp]: signal_handler(signum=2)
[bt_navigator-14] [INFO] [1773805156.253162421] [bt_navigator]: Running Nav2 LifecycleNode rcl preshutdown (bt_navigator)
[bt_navigator-14] [INFO] [1773805156.253256334] [bt_navigator]: Deactivating
[bt_navigator-14] [WARN] [1773805156.253281708] [bt_navigator]: [navigate_through_poses] [ActionServer] Requested to deactivate server but goal is still executing. Should check if action server is running before deactivating.
[velocity_smoother-16] [INFO] [1773805156.288859663] [velocity_smoother]: Cleaning up
[velocity_smoother-16] [INFO] [1773805156.288922077] [velocity_smoother]: Destroying bond (velocity_smoother) to lifecycle manager.
[collision_monitor-17] [INFO] [1773805156.291376071] [collision_monitor]: Cleaning up
[collision_monitor-17] [INFO] [1773805156.291436735] [collision_monitor]: [PolygonStop]: Destroying Circle
[collision_monitor-17] [INFO] [1773805156.291449277] [collision_monitor]: [PolygonStop]: Destroying Polygon
[collision_monitor-17] [INFO] [1773805156.291461818] [collision_monitor]: [PolygonSlow]: Destroying Polygon
[collision_monitor-17] [INFO] [1773805156.291472609] [collision_monitor]: [FootprintApproach]: Destroying Polygon
[collision_monitor-17] [INFO] [1773805156.291485734] [collision_monitor]: [scan]: Destroying Scan
[behavior_server-13] [INFO] [1773805156.293242961] [rclcpp]: signal_handler(signum=2)
[behavior_server-13] [INFO] [1773805156.293393456] [behavior_server]: Running Nav2 LifecycleNode rcl preshutdown (behavior_server)
[behavior_server-13] [INFO] [1773805156.293573991] [behavior_server]: Deactivating
[behavior_server-13] [INFO] [1773805156.293597323] [behavior_server]: Destroying bond (behavior_server) to lifecycle manager.
[collision_detector-18] [INFO] [1773805156.301084134] [collision_detector]: Destroying
[collision_monitor-17] [INFO] [1773805156.314238113] [collision_monitor]: Destroying bond (collision_monitor) to lifecycle manager.
[waypoint_follower-15] [INFO] [1773805156.322928297] [waypoint_follower]: Cleaning up
[planner_server-12] [INFO] [1773805156.342662620] [rclcpp]: signal_handler(signum=2)
[planner_server-12] [INFO] [1773805156.342834988] [planner_server]: Running Nav2 LifecycleNode rcl preshutdown (planner_server)
[planner_server-12] [INFO] [1773805156.343053730] [planner_server]: Deactivating
[planner_server-12] [INFO] [1773805156.343152019] [global_costmap.global_costmap]: Deactivating
[controller_server-10] [INFO] [1773805156.350867488] [controller_server]: Cancellation was successful. Stopping the robot.
[controller_server-10] [INFO] [1773805156.350931069] [controller_server]: [follow_path] [ActionServer] Client requested to cancel the goal. Cancelling.
[controller_server-10] [INFO] [1773805156.351774246] [controller_server]: Optimizer reset
[bt_navigator-14] [WARN] [1773805156.351458674] [bt_navigator]: [navigate_through_poses] [ActionServer] Aborting handle.
[bt_navigator-14] [INFO] [1773805156.351965281] [bt_navigator]: Goal canceled
[bt_navigator-14] [WARN] [1773805156.352037028] [bt_navigator]: [navigate_through_poses] [ActionServer] Stopping the thread per request.
[bt_navigator-14] [INFO] [1773805156.352211147] [bt_navigator]: Destroying bond (bt_navigator) to lifecycle manager.
[smoother_server-11] [INFO] [1773805156.402671726] [rclcpp]: signal_handler(signum=2)
[smoother_server-11] [INFO] [1773805156.402863344] [smoother_server]: Running Nav2 LifecycleNode rcl preshutdown (smoother_server)
[smoother_server-11] [INFO] [1773805156.402967173] [smoother_server]: Deactivating
[smoother_server-11] [INFO] [1773805156.402987881] [smoother_server]: Destroying bond (smoother_server) to lifecycle manager.
[collision_monitor-17] [INFO] [1773805156.417469479] [collision_monitor]: Destroying
[bt_navigator-14] [INFO] [1773805156.452594491] [bt_navigator]: Cleaning up
[controller_server-10] [INFO] [1773805156.455219979] [rclcpp]: signal_handler(signum=2)
[controller_server-10] [INFO] [1773805156.455391181] [controller_server]: Running Nav2 LifecycleNode rcl preshutdown (controller_server)
[controller_server-10] [INFO] [1773805156.455490927] [controller_server]: Deactivating
[controller_server-10] [INFO] [1773805156.455526218] [MPPIController]: Deactivated MPPI Controller: FollowPath
[controller_server-10] [INFO] [1773805156.455545467] [local_costmap.local_costmap]: Deactivating
[velocity_smoother-16] [INFO] [1773805156.457687389] [velocity_smoother]: Destroying
[controller_server-10] [INFO] [1773805156.469957942] [controller_server]: Destroying bond (controller_server) to lifecycle manager.
[controller_server-10] [INFO] [1773805156.521218533] [controller_server]: Cleaning up
[controller_server-10] [INFO] [1773805156.521560354] [MPPIController]: Cleaned up MPPI Controller: FollowPath
[controller_server-10] [INFO] [1773805156.522228830] [local_costmap.local_costmap]: Cleaning up
[waypoint_follower-15] [INFO] [1773805156.486171976] [waypoint_follower]: Destroying bond (waypoint_follower) to lifecycle manager.
[waypoint_follower-15] [INFO] [1773805156.491556822] [waypoint_follower]: Destroying
[costmap_filter_info_server-9] [INFO] [1773805156.497669641] [rclcpp]: signal_handler(signum=2)
[costmap_filter_info_server-9] [INFO] [1773805156.497895383] [keepout_costmap_filter_info_server]: Running Nav2 LifecycleNode rcl preshutdown (keepout_costmap_filter_info_server)
[costmap_filter_info_server-9] [INFO] [1773805156.497986963] [keepout_costmap_filter_info_server]: Deactivating
[costmap_filter_info_server-9] [INFO] [1773805156.498003879] [keepout_costmap_filter_info_server]: Destroying bond (keepout_costmap_filter_info_server) to lifecycle manager.
[smoother_server-11] [INFO] [1773805156.509058518] [smoother_server]: Cleaning up
[planner_server-12] [INFO] [1773805156.511901289] [planner_server]: Deactivating plugin GridBased of type SmacPlanner2D
[planner_server-12] [INFO] [1773805156.512030785] [planner_server]: Destroying bond (planner_server) to lifecycle manager.
[planner_server-12] [INFO] [1773805156.523491409] [planner_server]: Cleaning up
[costmap_filter_info_server-9] [INFO] [1773805156.528558933] [keepout_costmap_filter_info_server]: Cleaning up
[costmap_filter_info_server-9] [INFO] [1773805156.528623680] [keepout_costmap_filter_info_server]: Destroying bond (keepout_costmap_filter_info_server) to lifecycle manager.
[behavior_server-13] [INFO] [1773805156.542588755] [behavior_server]: Cleaning up
[behavior_server-13] [INFO] [1773805156.546410324] [behavior_server]: Destroying bond (behavior_server) to lifecycle manager.
[behavior_server-13] [INFO] [1773805156.626387661] [behavior_server]: Destroying
[map_server-8] [INFO] [1773805156.593719559] [rclcpp]: signal_handler(signum=2)
[map_server-8] [INFO] [1773805156.593981758] [keepout_filter_mask_server]: Running Nav2 LifecycleNode rcl preshutdown (keepout_filter_mask_server)
[map_server-8] [INFO] [1773805156.594200792] [keepout_filter_mask_server]: Deactivating
[map_server-8] [INFO] [1773805156.594222083] [keepout_filter_mask_server]: Destroying bond (keepout_filter_mask_server) to lifecycle manager.
[map_server-8] [INFO] [1773805156.604552248] [keepout_filter_mask_server]: Cleaning up
[map_server-8] [INFO] [1773805156.604618746] [keepout_filter_mask_server]: Destroying bond (keepout_filter_mask_server) to lifecycle manager.
[smoother_server-11] [INFO] [1773805156.636989942] [smoother_server]: Destroying bond (smoother_server) to lifecycle manager.
[taskset-7] [INFO] [1773805156.673000422] [rclcpp]: signal_handler(signum=2)
[taskset-7] Unregistering sensor: Custom Described Lidar
[costmap_filter_info_server-9] [INFO] [1773805156.698369248] [keepout_costmap_filter_info_server]: Destroying
[smoother_server-11] [INFO] [1773805156.701886620] [smoother_server]: Destroying
[planner_server-12] [INFO] [1773805156.718410393] [global_costmap.global_costmap]: Cleaning up
[map_server-8] [INFO] [1773805156.744550649] [keepout_filter_mask_server]: Destroying
[robot_hardware-6] [INFO] [1773805156.761703525] [rclcpp]: signal_handler(signum=2)
[planner_server-12] [INFO] [1773805156.791586603] [planner_server]: Cleaning up plugin GridBased of type SmacPlanner2D
[planner_server-12] [INFO] [1773805156.794476040] [planner_server]: Destroying plugin GridBased of type SmacPlanner2D
[ekf_node-5] [INFO] [1773805156.817124006] [rclcpp]: signal_handler(signum=2)
[scan_to_scan_filter_chain-4] [INFO] [1773805156.865166757] [rclcpp]: signal_handler(signum=2)
[lifecycle_manager-19] [INFO] [1773805156.939301348] [lifecycle_manager_navigation]: Destroying lifecycle_manager_navigation
[robot_state_publisher-1] [INFO] [1773805157.012954999] [rclcpp]: signal_handler(signum=2)
[planner_server-12] [INFO] [1773805157.068753467] [planner_server]: Destroying bond (planner_server) to lifecycle manager.
[rplidar_node-3] [INFO] [1773805157.080133594] [rplidar_node]: Stop motor
[controller_server-10] [INFO] [1773805157.082544423] [controller_server]: Destroying bond (controller_server) to lifecycle manager.
[planner_server-12] [INFO] [1773805157.098366472] [global_costmap.global_costmap]: Destroying
[controller_server-10] [INFO] [1773805157.120765073] [local_costmap.local_costmap]: Destroying
[autodock_action_server-25] Traceback (most recent call last):
[autodock_action_server-25]   File "/home/smr/workspaces/mini_amr/amrROS2_ws/install/action_autodock/lib/python3.12/site-packages/action_autodock/autodock_action_server.py", line 1409, in main
[autodock_action_server-25]     executor.spin()
[autodock_action_server-25]   File "/opt/ros/jazzy/lib/python3.12/site-packages/rclpy/executors.py", line 312, in spin
[autodock_action_server-25]     self.spin_once()
[autodock_action_server-25]   File "/opt/ros/jazzy/lib/python3.12/site-packages/rclpy/executors.py", line 917, in spin_once
[autodock_action_server-25]     self._spin_once_impl(timeout_sec)
[autodock_action_server-25]   File "/opt/ros/jazzy/lib/python3.12/site-packages/rclpy/executors.py", line 896, in _spin_once_impl
[autodock_action_server-25]     handler, entity, node = self.wait_for_ready_callbacks(
[autodock_action_server-25]                             ^^^^^^^^^^^^^^^^^^^^^^^^^^^^^^
[autodock_action_server-25]   File "/opt/ros/jazzy/lib/python3.12/site-packages/rclpy/executors.py", line 799, in wait_for_ready_callbacks
[autodock_action_server-25]     return next(self._cb_iter)
[autodock_action_server-25]            ^^^^^^^^^^^^^^^^^^^
[autodock_action_server-25]   File "/opt/ros/jazzy/lib/python3.12/site-packages/rclpy/executors.py", line 703, in _wait_for_ready_callbacks
[autodock_action_server-25]     wait_set.wait(timeout_nsec)
[autodock_action_server-25] KeyboardInterrupt
[autodock_action_server-25] 
[autodock_action_server-25] During handling of the above exception, another exception occurred:
[autodock_action_server-25] 
[autodock_action_server-25] Traceback (most recent call last):
[autodock_action_server-25]   File "/home/smr/workspaces/mini_amr/amrROS2_ws/install/action_autodock/lib/action_autodock/autodock_action_server", line 33, in <module>
[autodock_action_server-25]     sys.exit(load_entry_point('action-autodock==0.0.0', 'console_scripts', 'autodock_action_server')())
[autodock_action_server-25]              ^^^^^^^^^^^^^^^^^^^^^^^^^^^^^^^^^^^^^^^^^^^^^^^^^^^^^^^^^^^^^^^^^^^^^^^^^^^^^^^^^^^^^^^^^
[autodock_action_server-25]   File "/home/smr/workspaces/mini_amr/amrROS2_ws/install/action_autodock/lib/python3.12/site-packages/action_autodock/autodock_action_server.py", line 1420, in main
[autodock_action_server-25]     rclpy.shutdown()   
[autodock_action_server-25]     ^^^^^^^^^^^^^^^^
[autodock_action_server-25]   File "/opt/ros/jazzy/lib/python3.12/site-packages/rclpy/__init__.py", line 134, in shutdown
[autodock_action_server-25]     _shutdown(context=context)
[autodock_action_server-25]   File "/opt/ros/jazzy/lib/python3.12/site-packages/rclpy/utilities.py", line 82, in shutdown
[autodock_action_server-25]     context.shutdown()
[autodock_action_server-25]   File "/opt/ros/jazzy/lib/python3.12/site-packages/rclpy/context.py", line 129, in shutdown
[autodock_action_server-25]     self.__context.shutdown()
[autodock_action_server-25] rclpy._rclpy_pybind11.RCLError: failed to shutdown: rcl_shutdown already called on the given context, at ./src/rcl/init.c:333
[delivery_robot_main_controller-20] Traceback (most recent call last):
[delivery_robot_main_controller-20]   File "/home/smr/workspaces/mini_amr/amrROS2_ws/install/delivery_robot_main_controller/lib/delivery_robot_main_controller/delivery_robot_main_controller", line 33, in <module>
[delivery_robot_main_controller-20]     sys.exit(load_entry_point('delivery-robot-main-controller==0.0.1', 'console_scripts', 'delivery_robot_main_controller')())
[delivery_robot_main_controller-20]              ^^^^^^^^^^^^^^^^^^^^^^^^^^^^^^^^^^^^^^^^^^^^^^^^^^^^^^^^^^^^^^^^^^^^^^^^^^^^^^^^^^^^^^^^^^^^^^^^^^^^^^^^^^^^^^^^
[delivery_robot_main_controller-20]   File "/home/smr/workspaces/mini_amr/amrROS2_ws/install/delivery_robot_main_controller/lib/python3.12/site-packages/delivery_robot_main_controller/main_controller_node.py", line 1714, in main
[delivery_robot_main_controller-20]     rclpy.shutdown()
[delivery_robot_main_controller-20]   File "/opt/ros/jazzy/lib/python3.12/site-packages/rclpy/__init__.py", line 134, in shutdown
[delivery_robot_main_controller-20]     _shutdown(context=context)
[delivery_robot_main_controller-20]   File "/opt/ros/jazzy/lib/python3.12/site-packages/rclpy/utilities.py", line 82, in shutdown
[delivery_robot_main_controller-20]     context.shutdown()
[delivery_robot_main_controller-20]   File "/opt/ros/jazzy/lib/python3.12/site-packages/rclpy/context.py", line 129, in shutdown
[delivery_robot_main_controller-20]     self.__context.shutdown()
[delivery_robot_main_controller-20] rclpy._rclpy_pybind11.RCLError: failed to shutdown: rcl_shutdown already called on the given context, at ./src/rcl/init.c:333
[planner_server-12] [INFO] [1773805157.242383310] [planner_server]: Destroying
[controller_server-10] [INFO] [1773805157.312947157] [controller_server]: Destroying
[call_robot_button-22] Traceback (most recent call last):
[call_robot_button-22]   File "/home/smr/workspaces/mini_amr/amrROS2_ws/install/delivery_robot_main_controller/lib/delivery_robot_main_controller/call_robot_button", line 33, in <module>
[call_robot_button-22]     sys.exit(load_entry_point('delivery-robot-main-controller==0.0.1', 'console_scripts', 'call_robot_button')())
[call_robot_button-22]              ^^^^^^^^^^^^^^^^^^^^^^^^^^^^^^^^^^^^^^^^^^^^^^^^^^^^^^^^^^^^^^^^^^^^^^^^^^^^^^^^^^^^^^^^^^^^^^^^^^^
[call_robot_button-22]   File "/home/smr/workspaces/mini_amr/amrROS2_ws/install/delivery_robot_main_controller/lib/python3.12/site-packages/delivery_robot_main_controller/call_button.py", line 251, in main
[call_robot_button-22]     rclpy.shutdown()
[call_robot_button-22]   File "/opt/ros/jazzy/lib/python3.12/site-packages/rclpy/__init__.py", line 134, in shutdown
[call_robot_button-22]     _shutdown(context=context)
[call_robot_button-22]   File "/opt/ros/jazzy/lib/python3.12/site-packages/rclpy/utilities.py", line 82, in shutdown
[call_robot_button-22]     context.shutdown()
[call_robot_button-22]   File "/opt/ros/jazzy/lib/python3.12/site-packages/rclpy/context.py", line 129, in shutdown
[call_robot_button-22]     self.__context.shutdown()
[call_robot_button-22] rclpy._rclpy_pybind11.RCLError: failed to shutdown: rcl_shutdown already called on the given context, at ./src/rcl/init.c:333
[bt_navigator-14] [INFO] [1773805157.410297569] [bt_navigator]: Completed Cleaning up
[bt_navigator-14] [INFO] [1773805157.410522728] [bt_navigator]: Destroying bond (bt_navigator) to lifecycle manager.
[robot_sound-21] Traceback (most recent call last):
[robot_sound-21]   File "/home/smr/workspaces/mini_amr/amrROS2_ws/install/delivery_robot_main_controller/lib/delivery_robot_main_controller/robot_sound", line 33, in <module>
[robot_sound-21]     sys.exit(load_entry_point('delivery-robot-main-controller==0.0.1', 'console_scripts', 'robot_sound')())
[robot_sound-21]              ^^^^^^^^^^^^^^^^^^^^^^^^^^^^^^^^^^^^^^^^^^^^^^^^^^^^^^^^^^^^^^^^^^^^^^^^^^^^^^^^^^^^^^^^^^^^^
[robot_sound-21]   File "/home/smr/workspaces/mini_amr/amrROS2_ws/install/delivery_robot_main_controller/lib/python3.12/site-packages/delivery_robot_main_controller/robot_sound.py", line 369, in main
[robot_sound-21]     rclpy.shutdown()
[robot_sound-21]   File "/opt/ros/jazzy/lib/python3.12/site-packages/rclpy/__init__.py", line 134, in shutdown
[robot_sound-21]     _shutdown(context=context)
[robot_sound-21]   File "/opt/ros/jazzy/lib/python3.12/site-packages/rclpy/utilities.py", line 82, in shutdown
[robot_sound-21]     context.shutdown()
[robot_sound-21]   File "/opt/ros/jazzy/lib/python3.12/site-packages/rclpy/context.py", line 129, in shutdown
[robot_sound-21]     self.__context.shutdown()
[robot_sound-21] rclpy._rclpy_pybind11.RCLError: failed to shutdown: rcl_shutdown already called on the given context, at ./src/rcl/init.c:333
[bt_navigator-14] [INFO] [1773805157.468550031] [bt_navigator]: Destroying
[INFO] [collision_detector-18]: process has finished cleanly [pid 4030]
[rpc_run_node-23] Traceback (most recent call last):
[rpc_run_node-23]   File "/home/smr/workspaces/mini_amr/amrROS2_ws/install/delivery_robot_main_controller/lib/delivery_robot_main_controller/rpc_run_node", line 33, in <module>
[rpc_run_node-23]     sys.exit(load_entry_point('delivery-robot-main-controller==0.0.1', 'console_scripts', 'rpc_run_node')())
[rpc_run_node-23]              ^^^^^^^^^^^^^^^^^^^^^^^^^^^^^^^^^^^^^^^^^^^^^^^^^^^^^^^^^^^^^^^^^^^^^^^^^^^^^^^^^^^^^^^^^^^^^^
[rpc_run_node-23]   File "/home/smr/workspaces/mini_amr/amrROS2_ws/install/delivery_robot_main_controller/lib/python3.12/site-packages/delivery_robot_main_controller/rpc_run_node.py", line 57, in main
[rpc_run_node-23]     rclpy.shutdown()
[rpc_run_node-23]   File "/opt/ros/jazzy/lib/python3.12/site-packages/rclpy/__init__.py", line 134, in shutdown
[rpc_run_node-23]     _shutdown(context=context)
[rpc_run_node-23]   File "/opt/ros/jazzy/lib/python3.12/site-packages/rclpy/utilities.py", line 82, in shutdown
[rpc_run_node-23]     context.shutdown()
[rpc_run_node-23]   File "/opt/ros/jazzy/lib/python3.12/site-packages/rclpy/context.py", line 129, in shutdown
[rpc_run_node-23]     self.__context.shutdown()
[rpc_run_node-23] rclpy._rclpy_pybind11.RCLError: failed to shutdown: rcl_shutdown already called on the given context, at ./src/rcl/init.c:333
[ERROR] [call_robot_button-22]: process has died [pid 4312, exit code 1, cmd '/home/smr/workspaces/mini_amr/amrROS2_ws/install/delivery_robot_main_controller/lib/delivery_robot_main_controller/call_robot_button --ros-args -r __node:=call_robot_button_node -r __ns:=/ -r /tf:=tf -r /tf_static:=tf_static'].
[ERROR] [robot_sound-21]: process has died [pid 4311, exit code 1, cmd '/home/smr/workspaces/mini_amr/amrROS2_ws/install/delivery_robot_main_controller/lib/delivery_robot_main_controller/robot_sound --ros-args -r __node:=robot_sound_node -r __ns:=/ -r /tf:=tf -r /tf_static:=tf_static'].
[ERROR] [rpc_run_node-23]: process has died [pid 4313, exit code 1, cmd '/home/smr/workspaces/mini_amr/amrROS2_ws/install/delivery_robot_main_controller/lib/delivery_robot_main_controller/rpc_run_node --ros-args -r __node:=rpc_run_node -r __ns:=/ -r /tf:=tf -r /tf_static:=tf_static'].
[INFO] [velocity_smoother-16]: process has finished cleanly [pid 4022]
[ERROR] [battery_manager_node-26]: process has died [pid 4316, exit code -2, cmd '/home/smr/workspaces/mini_amr/amrROS2_ws/install/battery_management/lib/battery_management/battery_manager_node --ros-args -r __node:=battery_manager -r __ns:=/ --params-file /home/smr/workspaces/mini_amr/amrROS2_ws/install/battery_management/share/battery_management/config/battery_manager.yaml -r /tf:=tf -r /tf_static:=tf_static'].
[INFO] [waypoint_follower-15]: process has finished cleanly [pid 4017]
[INFO] [collision_monitor-17]: process has finished cleanly [pid 4025]
[INFO] [costmap_filter_info_server-9]: process has finished cleanly [pid 4009]
[INFO] [robot_hardware-6]: process has finished cleanly [pid 4006]
[INFO] [smoother_server-11]: process has finished cleanly [pid 4011]
[INFO] [map_server-8]: process has finished cleanly [pid 4008]
[INFO] [behavior_server-13]: process has finished cleanly [pid 4015]
[INFO] [lifecycle_manager-19]: process has finished cleanly [pid 4031]
[INFO] [joint_state_publisher-2]: process has finished cleanly [pid 4002]
[INFO] [planner_server-12]: process has finished cleanly [pid 4012]
[INFO] [controller_server-10]: process has finished cleanly [pid 4010]
[INFO] [bt_navigator-14]: process has finished cleanly [pid 4016]
[ERROR] [autodock_action_server-25]: process has died [pid 4315, exit code 1, cmd '/home/smr/workspaces/mini_amr/amrROS2_ws/install/action_autodock/lib/action_autodock/autodock_action_server --ros-args -r __ns:=/ --params-file /home/smr/workspaces/mini_amr/amrROS2_ws/install/action_autodock/share/action_autodock/config/auto_dock_config.yaml --params-file /tmp/launch_params_xaz4r1nc -r /tf:=tf -r /tf_static:=tf_static'].
[INFO] [taskset-7]: process has finished cleanly [pid 4007]
[INFO] [ekf_node-5]: process has finished cleanly [pid 4005]
[INFO] [scan_to_scan_filter_chain-4]: process has finished cleanly [pid 4004]
[INFO] [rplidar_node-3]: process has finished cleanly [pid 4003]
[INFO] [robot_state_publisher-1]: process has finished cleanly [pid 4001]
[ERROR] [delivery_robot_main_controller-20]: process[delivery_robot_main_controller-20] failed to terminate '5' seconds after receiving 'SIGINT', escalating to 'SIGTERM'
[INFO] [delivery_robot_main_controller-20]: sending signal 'SIGTERM' to process[delivery_robot_main_controller-20]
[ERROR] [delivery_robot_main_controller-20]: process[delivery_robot_main_controller-20] failed to terminate '10.0' seconds after receiving 'SIGTERM', escalating to 'SIGKILL'
[INFO] [delivery_robot_main_controller-20]: sending signal 'SIGKILL' to process[delivery_robot_main_controller-20]
[ERROR] [delivery_robot_main_controller-20]: process has died [pid 4310, exit code -9, cmd '/home/smr/workspaces/mini_amr/amrROS2_ws/install/delivery_robot_main_controller/lib/delivery_robot_main_controller/delivery_robot_main_controller --ros-args -r __node:=main_controller_node -r __ns:=/ --params-file /tmp/launch_params_4afv7gvx -r /tf:=tf -r /tf_static:=tf_static'].
