[INFO] [launch]: All log files can be found below /home/smr/.ros/log/2026-04-01-14-00-59-047740-one-11842
[INFO] [launch]: Default logging verbosity is set to INFO
[INFO] [robot_state_publisher-1]: process started with pid [11865]
[INFO] [joint_state_publisher-2]: process started with pid [11866]
[INFO] [sllidar_node-3]: process started with pid [11867]
[INFO] [scan_to_scan_filter_chain-4]: process started with pid [11868]
[INFO] [ekf_node-5]: process started with pid [11869]
[INFO] [robot_hardware-6]: process started with pid [11870]
[INFO] [taskset-7]: process started with pid [11871]
[INFO] [map_server-8]: process started with pid [11872]
[INFO] [costmap_filter_info_server-9]: process started with pid [11879]
[INFO] [controller_server-10]: process started with pid [11891]
[INFO] [smoother_server-11]: process started with pid [11892]
[INFO] [planner_server-12]: process started with pid [11893]
[INFO] [behavior_server-13]: process started with pid [11895]
[INFO] [bt_navigator-14]: process started with pid [11907]
[INFO] [waypoint_follower-15]: process started with pid [11916]
[INFO] [velocity_smoother-16]: process started with pid [11923]
[INFO] [collision_monitor-17]: process started with pid [11924]
[INFO] [collision_detector-18]: process started with pid [11925]
[INFO] [lifecycle_manager-19]: process started with pid [11930]
[robot_hardware-6] Serial port opened at port /dev/teensy with baudrate 460800
[robot_hardware-6] Created receive data thread
[sllidar_node-3] [INFO] [1775026860.173547236] [sllidar_node]: SLLidar running on ROS2 package SLLidar.ROS2 SDK Version:1.0.1, SLLIDAR SDK Version:2.1.0
[sllidar_node-3] [INFO] [1775026860.200231317] [sllidar_node]: SLLidar S/N: 6E42ED93C5E19FD9B5E192F9EE904B72
[sllidar_node-3] [INFO] [1775026860.200282356] [sllidar_node]: Firmware Ver: 1.00
[sllidar_node-3] [INFO] [1775026860.200294314] [sllidar_node]: Hardware Rev: 18
[sllidar_node-3] [INFO] [1775026860.203756257] [sllidar_node]: SLLidar health status : 0
[sllidar_node-3] [INFO] [1775026860.203811380] [sllidar_node]: SLLidar health status : OK.
[taskset-7] [INFO] [1775026860.223967060] [slam_toolbox]: Node using stack size 40000000
[robot_state_publisher-1] [INFO] [1775026860.234042858] [robot_state_publisher]: Robot initialized
[map_server-8] [INFO] [1775026860.262758898] [keepout_filter_mask_server]: 
[map_server-8] 	keepout_filter_mask_server lifecycle node launched. 
[map_server-8] 	Waiting on external lifecycle transitions to activate
[map_server-8] 	See https://design.ros2.org/articles/node_lifecycle.html for more information.
[map_server-8] [INFO] [1775026860.263108592] [keepout_filter_mask_server]: Creating
[controller_server-10] [INFO] [1775026860.290785175] [controller_server]: 
[controller_server-10] 	controller_server lifecycle node launched. 
[controller_server-10] 	Waiting on external lifecycle transitions to activate
[controller_server-10] 	See https://design.ros2.org/articles/node_lifecycle.html for more information.
[planner_server-12] [INFO] [1775026860.325723962] [planner_server]: 
[planner_server-12] 	planner_server lifecycle node launched. 
[planner_server-12] 	Waiting on external lifecycle transitions to activate
[planner_server-12] 	See https://design.ros2.org/articles/node_lifecycle.html for more information.
[controller_server-10] [INFO] [1775026860.379323115] [controller_server]: Creating controller server
[costmap_filter_info_server-9] [INFO] [1775026860.400212598] [costmap_filter_info_server]: This is costmap filter info publisher
[planner_server-12] [INFO] [1775026860.402386010] [planner_server]: Creating
[controller_server-10] [INFO] [1775026860.410459889] [local_costmap.local_costmap]: 
[controller_server-10] 	local_costmap lifecycle node launched. 
[controller_server-10] 	Waiting on external lifecycle transitions to activate
[controller_server-10] 	See https://design.ros2.org/articles/node_lifecycle.html for more information.
[controller_server-10] [INFO] [1775026860.413731673] [local_costmap.local_costmap]: Creating Costmap
[taskset-7] [INFO] [1775026860.418665889] [slam_toolbox]: Configuring
[lifecycle_manager-19] [INFO] [1775026860.479876357] [lifecycle_manager_navigation]: Creating
[waypoint_follower-15] [INFO] [1775026860.485540585] [waypoint_follower]: 
[waypoint_follower-15] 	waypoint_follower lifecycle node launched. 
[waypoint_follower-15] 	Waiting on external lifecycle transitions to activate
[waypoint_follower-15] 	See https://design.ros2.org/articles/node_lifecycle.html for more information.
[waypoint_follower-15] [INFO] [1775026860.497111698] [waypoint_follower]: Creating
[collision_monitor-17] [INFO] [1775026860.509916510] [collision_monitor]: 
[collision_monitor-17] 	collision_monitor lifecycle node launched. 
[collision_monitor-17] 	Waiting on external lifecycle transitions to activate
[collision_monitor-17] 	See https://design.ros2.org/articles/node_lifecycle.html for more information.
[costmap_filter_info_server-9] [INFO] [1775026860.523252426] [keepout_costmap_filter_info_server]: 
[costmap_filter_info_server-9] 	keepout_costmap_filter_info_server lifecycle node launched. 
[costmap_filter_info_server-9] 	Waiting on external lifecycle transitions to activate
[costmap_filter_info_server-9] 	See https://design.ros2.org/articles/node_lifecycle.html for more information.
[lifecycle_manager-19] [INFO] [1775026860.532711666] [lifecycle_manager_navigation]: [34m[1mCreating and initializing lifecycle service clients[0m[0m
[sllidar_node-3] [INFO] [1775026860.535895662] [sllidar_node]: current scan mode: Standard, sample rate: 11 Khz, max_distance: 30.0 m, scan frequency:10.0 Hz, 
[velocity_smoother-16] [INFO] [1775026860.536980617] [velocity_smoother]: 
[velocity_smoother-16] 	velocity_smoother lifecycle node launched. 
[velocity_smoother-16] 	Waiting on external lifecycle transitions to activate
[velocity_smoother-16] 	See https://design.ros2.org/articles/node_lifecycle.html for more information.
[bt_navigator-14] [INFO] [1775026860.547362362] [bt_navigator]: 
[bt_navigator-14] 	bt_navigator lifecycle node launched. 
[bt_navigator-14] 	Waiting on external lifecycle transitions to activate
[bt_navigator-14] 	See https://design.ros2.org/articles/node_lifecycle.html for more information.
[bt_navigator-14] [INFO] [1775026860.555744521] [bt_navigator]: Creating
[taskset-7] [INFO] [1775026860.564486290] [slam_toolbox]: Using solver plugin solver_plugins::CeresSolver
[taskset-7] [INFO] [1775026860.581674383] [slam_toolbox]: CeresSolver: Using SCHUR_JACOBI preconditioner.
[planner_server-12] [INFO] [1775026860.606589577] [global_costmap.global_costmap]: 
[planner_server-12] 	global_costmap lifecycle node launched. 
[planner_server-12] 	Waiting on external lifecycle transitions to activate
[planner_server-12] 	See https://design.ros2.org/articles/node_lifecycle.html for more information.
[planner_server-12] [INFO] [1775026860.622829500] [global_costmap.global_costmap]: Creating Costmap
[smoother_server-11] [INFO] [1775026860.653131559] [smoother_server]: 
[smoother_server-11] 	smoother_server lifecycle node launched. 
[smoother_server-11] 	Waiting on external lifecycle transitions to activate
[smoother_server-11] 	See https://design.ros2.org/articles/node_lifecycle.html for more information.
[behavior_server-13] [INFO] [1775026860.758723430] [behavior_server]: 
[behavior_server-13] 	behavior_server lifecycle node launched. 
[behavior_server-13] 	Waiting on external lifecycle transitions to activate
[behavior_server-13] 	See https://design.ros2.org/articles/node_lifecycle.html for more information.
[smoother_server-11] [INFO] [1775026860.806929885] [smoother_server]: Creating smoother server
[collision_detector-18] [INFO] [1775026860.874405974] [collision_detector]: 
[collision_detector-18] 	collision_detector lifecycle node launched. 
[collision_detector-18] 	Waiting on external lifecycle transitions to activate
[collision_detector-18] 	See https://design.ros2.org/articles/node_lifecycle.html for more information.
[scan_to_scan_filter_chain-4] [WARN] [1775026861.058520942] [scan_to_scan_filter_chain]: diagnostic_updater: No HW_ID was set. This is probably a bug. Please report it. For devices that do not have a HW_ID, set this value to 'none'. This warning only occurs once all diagnostics are OK. It is okay to wait until the device is open before calling setHardwareID.
[taskset-7] Load From File /home/smr/workspaces/mini_amr/amrROS2_ws/maps/latest_map.posegraph 
[taskset-7] Mapper <- Module
[taskset-7] Mapper <- m_pSequentialScanMatcher
[taskset-7] Mapper <- m_pGraph
[taskset-7] MapperGraph <- Graph; Graph <- m_Edges; Graph <- m_Vertices
[taskset-7] MapperGraph <- m_pMapper; MapperGraph <- m_pLoopScanMatcher; MapperGraph <- m_pTraversal
[taskset-7] Mapper <- m_pMapperSensorManager
[taskset-7] MapperSensorManager <- m_ScanManagers; MapperSensorManager <- m_Scans
[taskset-7] Mapper <- m_Listeners
[taskset-7] **Finished serializing Mapper**
[taskset-7] Load From File
[taskset-7] **Serializing Dataset**
[taskset-7] Dataset <- m_SensorNameLookup
[taskset-7] Dataset <- m_Data
[taskset-7] Dataset <- m_Lasers
[taskset-7] Dataset <- m_pDatasetInfo
[taskset-7] **Finished serializing Dataset**
[taskset-7] Registering sensor: [Custom Described Lidar]
[taskset-7] WARNING: Logging before InitGoogleLogging() is written to STDERR
[taskset-7] W20260401 14:01:01.099356 11871 preprocessor.cc:67] Specified options.num_threads: 50 exceeds maximum available from the threading model Ceres was compiled with: 8.  Bounding to maximum number available.
[INFO] [launch.user]: [LifecycleLaunch] Slamtoolbox node is activating.
[taskset-7] [INFO] [1775026861.114543746] [slam_toolbox]: Activating
[joint_state_publisher-2] [INFO] [1775026861.501709954] [joint_state_publisher]: Waiting for robot_description to be published on the robot_description topic...
[lifecycle_manager-19] [INFO] [1775026861.661614366] [lifecycle_manager_navigation]: [34m[1mStarting managed nodes bringup...[0m[0m
[lifecycle_manager-19] [INFO] [1775026861.661753485] [lifecycle_manager_navigation]: [34m[1mConfiguring controller_server[0m[0m
[controller_server-10] [INFO] [1775026861.663350003] [controller_server]: Configuring controller interface
[controller_server-10] [INFO] [1775026861.663391127] [controller_server]: getting progress checker plugins..
[controller_server-10] [INFO] [1775026861.663835900] [controller_server]: getting goal checker plugins..
[controller_server-10] [INFO] [1775026861.664234301] [controller_server]: Controller frequency set to 10.0000Hz
[controller_server-10] [INFO] [1775026861.664329088] [local_costmap.local_costmap]: Configuring
[controller_server-10] [INFO] [1775026861.681114989] [local_costmap.local_costmap]: Using plugin "obstacle_layer"
[controller_server-10] [INFO] [1775026861.689430651] [local_costmap.local_costmap]: Subscribed to Topics: scan
[controller_server-10] [INFO] [1775026861.699847393] [local_costmap.local_costmap]: Initialized plugin "obstacle_layer"
[controller_server-10] [INFO] [1775026861.699899600] [local_costmap.local_costmap]: Using plugin "denoise_layer"
[controller_server-10] [INFO] [1775026861.701909101] [local_costmap.local_costmap]: Initialized plugin "denoise_layer"
[controller_server-10] [INFO] [1775026861.701956058] [local_costmap.local_costmap]: Using plugin "inflation_layer"
[controller_server-10] [INFO] [1775026861.704126261] [local_costmap.local_costmap]: Initialized plugin "inflation_layer"
[controller_server-10] [INFO] [1775026861.704173217] [local_costmap.local_costmap]: Using costmap filter "keepout_filter"
[controller_server-10] [INFO] [1775026861.709329966] [local_costmap.local_costmap]: Initialized costmap filter "keepout_filter"
[controller_server-10] [INFO] [1775026861.709388589] [local_costmap.local_costmap]: Using costmap filter "inflation_layer2"
[controller_server-10] [INFO] [1775026861.713615250] [local_costmap.local_costmap]: Initialized costmap filter "inflation_layer2"
[controller_server-10] [INFO] [1775026861.748601285] [controller_server]: Created progress_checker : progress_checker of type nav2_controller::SimpleProgressChecker
[controller_server-10] [INFO] [1775026861.749670200] [controller_server]: Controller Server has progress_checker  progress checkers available.
[controller_server-10] [INFO] [1775026861.750484208] [controller_server]: Created goal checker : goal_checker of type nav2_controller::SimpleGoalChecker
[controller_server-10] [INFO] [1775026861.751651119] [controller_server]: Controller Server has goal_checker  goal checkers available.
[controller_server-10] [INFO] [1775026861.753811115] [controller_server]: Created controller : FollowPath of type nav2_mppi_controller::MPPIController
[controller_server-10] [INFO] [1775026861.759056526] [controller_server]: Controller period is equal to model dt. Control sequence shifting is ON
[controller_server-10] [INFO] [1775026861.763319061] [controller_server]: ConstraintCritic instantiated with 1 power and 4.000000 weight.
[controller_server-10] [INFO] [1775026861.763996284] [controller_server]: Critic loaded : mppi::critics::ConstraintCritic
[controller_server-10] [INFO] [1775026861.767122823] [controller_server]: InflationCostCritic instantiated with 1 power and 300.000000 / 0.015000 weights. Critic will collision check based on footprint cost.
[controller_server-10] [INFO] [1775026861.767184654] [controller_server]: Critic loaded : mppi::critics::CostCritic
[controller_server-10] [INFO] [1775026861.768431187] [controller_server]: GoalCritic instantiated with 1 power and 5.000000 weight.
[controller_server-10] [INFO] [1775026861.768475518] [controller_server]: Critic loaded : mppi::critics::GoalCritic
[controller_server-10] [INFO] [1775026861.769629305] [controller_server]: GoalAngleCritic instantiated with 1 power, 3.000000 weight, and 0.500000 angular threshold.
[controller_server-10] [INFO] [1775026861.769678886] [controller_server]: Critic loaded : mppi::critics::GoalAngleCritic
[controller_server-10] [INFO] [1775026861.772436190] [controller_server]: ReferenceTrajectoryCritic instantiated with 1 power and 2.000000 weight
[controller_server-10] [INFO] [1775026861.772539145] [controller_server]: Critic loaded : mppi::critics::PathAlignCritic
[controller_server-10] [INFO] [1775026861.774420610] [controller_server]: Critic loaded : mppi::critics::PathFollowCritic
[controller_server-10] [INFO] [1775026861.776808971] [controller_server]: PathAngleCritic instantiated with 1 power and 1.500000 weight. Mode set to: Forward Preference
[controller_server-10] [INFO] [1775026861.776862927] [controller_server]: Critic loaded : mppi::critics::PathAngleCritic
[controller_server-10] [INFO] [1775026861.777934758] [controller_server]: PreferForwardCritic instantiated with 1 power and 10.000000 weight.
[controller_server-10] [INFO] [1775026861.777982298] [controller_server]: Critic loaded : mppi::critics::PreferForwardCritic
[controller_server-10] [INFO] [1775026861.779366492] [controller_server]: Optimizer reset
[controller_server-10] [INFO] [1775026861.786624613] [MPPIController]: Configured MPPI Controller: FollowPath
[controller_server-10] [INFO] [1775026861.787196840] [controller_server]: Controller Server has FollowPath  controllers available.
[lifecycle_manager-19] [INFO] [1775026861.801778413] [lifecycle_manager_navigation]: [34m[1mConfiguring smoother_server[0m[0m
[smoother_server-11] [INFO] [1775026861.803523384] [smoother_server]: Configuring smoother server
[smoother_server-11] [INFO] [1775026861.851481641] [smoother_server]: Created smoother : simple_smoother of type nav2_smoother::SimpleSmoother
[smoother_server-11] [INFO] [1775026861.854973041] [smoother_server]: Smoother Server has simple_smoother  smoothers available.
[lifecycle_manager-19] [INFO] [1775026861.869175172] [lifecycle_manager_navigation]: [34m[1mConfiguring planner_server[0m[0m
[planner_server-12] [INFO] [1775026861.869752065] [planner_server]: Configuring
[planner_server-12] [INFO] [1775026861.869804563] [global_costmap.global_costmap]: Configuring
[planner_server-12] [INFO] [1775026861.881681621] [global_costmap.global_costmap]: Using plugin "static_layer"
[planner_server-12] [INFO] [1775026861.889785833] [global_costmap.global_costmap]: Subscribing to the map topic (/map) with transient local durability
[planner_server-12] [INFO] [1775026861.892371645] [global_costmap.global_costmap]: Initialized plugin "static_layer"
[planner_server-12] [INFO] [1775026861.892429101] [global_costmap.global_costmap]: Using plugin "obstacle_layer"
[planner_server-12] [INFO] [1775026861.895898334] [global_costmap.global_costmap]: Subscribed to Topics: scan
[planner_server-12] [INFO] [1775026861.905600523] [global_costmap.global_costmap]: Initialized plugin "obstacle_layer"
[planner_server-12] [INFO] [1775026861.905654479] [global_costmap.global_costmap]: Using plugin "inflation_layer"
[planner_server-12] [INFO] [1775026861.908351703] [global_costmap.global_costmap]: Initialized plugin "inflation_layer"
[planner_server-12] [INFO] [1775026861.908400118] [global_costmap.global_costmap]: Using costmap filter "keepout_filter"
[planner_server-12] [INFO] [1775026861.913854937] [global_costmap.global_costmap]: Initialized costmap filter "keepout_filter"
[planner_server-12] [INFO] [1775026861.913910643] [global_costmap.global_costmap]: Using costmap filter "inflation_layer2"
[planner_server-12] [INFO] [1775026861.918105223] [global_costmap.global_costmap]: Initialized costmap filter "inflation_layer2"
[planner_server-12] [INFO] [1775026861.966570084] [global_costmap.global_costmap]: StaticLayer: Resizing costmap to 276 X 287 at 0.050000 m/pix
[planner_server-12] [INFO] [1775026861.976563053] [planner_server]: Created global planner plugin GridBased of type nav2_smac_planner::SmacPlanner2D
[planner_server-12] [INFO] [1775026861.976640050] [planner_server]: Configuring GridBased of type SmacPlanner2D
[planner_server-12] [ERROR] [1775026861.982554809] [planner_server]: Inflation layer either not found or inflation is not set sufficiently for optimized non-circular collision checking capabilities. It is HIGHLY recommended to set the inflation radius to be at MINIMUM half of the robot's largest cross-section. See github.com/ros-planning/navigation2/tree/main/nav2_smac_planner#potential-fields for full instructions. This will substantially impact run-time performance.
[planner_server-12] [INFO] [1775026861.985954921] [planner_server]: Configured plugin GridBased of type SmacPlanner2D with tolerance 0.12, maximum iterations 1000000, max on approach iterations 1000, and not allowing unknown traversal.
[planner_server-12] [INFO] [1775026861.986065458] [planner_server]: Planner Server has GridBased  planners available.
[lifecycle_manager-19] [INFO] [1775026862.012689458] [lifecycle_manager_navigation]: [34m[1mConfiguring behavior_server[0m[0m
[behavior_server-13] [INFO] [1775026862.013010279] [behavior_server]: Configuring
[behavior_server-13] [INFO] [1775026862.021870460] [behavior_server]: Creating behavior plugin wait of type nav2_behaviors::Wait
[behavior_server-13] [INFO] [1775026862.032343200] [behavior_server]: Configuring wait
[lifecycle_manager-19] [INFO] [1775026862.050109061] [lifecycle_manager_navigation]: [34m[1mConfiguring velocity_smoother[0m[0m
[velocity_smoother-16] [INFO] [1775026862.050566959] [velocity_smoother]: Configuring velocity smoother
[lifecycle_manager-19] [INFO] [1775026862.068394650] [lifecycle_manager_navigation]: [34m[1mConfiguring collision_monitor[0m[0m
[collision_monitor-17] [INFO] [1775026862.068808800] [collision_monitor]: Configuring
[collision_monitor-17] [INFO] [1775026862.095161561] [collision_monitor]: [scan]: Creating Scan
[collision_monitor-17] [INFO] [1775026862.106074992] [collision_monitor]: [PolygonStop]: Creating Polygon
[collision_monitor-17] [INFO] [1775026862.106184363] [collision_monitor]: [PolygonStop]: Creating Circle
[collision_monitor-17] [INFO] [1775026862.120014634] [collision_monitor]: [PolygonSlow]: Creating Polygon
[collision_monitor-17] [INFO] [1775026862.129494581] [collision_monitor]: [FootprintApproach]: Creating Polygon
[collision_monitor-17] [INFO] [1775026862.130223135] [collision_monitor]: [FootprintApproach]: Polygon points are not defined. Using dynamic subscription instead.
[collision_monitor-17] [INFO] [1775026862.135438798] [collision_monitor]: [FootprintApproach]: Making footprint subscriber on /local_costmap/published_footprint topic
[lifecycle_manager-19] [INFO] [1775026862.151692720] [lifecycle_manager_navigation]: [34m[1mConfiguring collision_detector[0m[0m
[collision_detector-18] [INFO] [1775026862.152159659] [collision_detector]: Configuring
[collision_detector-18] [INFO] [1775026862.205233250] [collision_monitor]: [scan]: Creating Scan
[collision_detector-18] [INFO] [1775026862.209648029] [collision_monitor]: [PolygonStop]: Creating Polygon
[collision_detector-18] [INFO] [1775026862.209679528] [collision_monitor]: [PolygonStop]: Creating Circle
[collision_detector-18] [INFO] [1775026862.218194098] [collision_monitor]: [PolygonSlow]: Creating Polygon
[lifecycle_manager-19] [INFO] [1775026862.224898075] [lifecycle_manager_navigation]: [34m[1mConfiguring bt_navigator[0m[0m
[bt_navigator-14] [INFO] [1775026862.225241061] [bt_navigator]: Configuring
[bt_navigator-14] [INFO] [1775026862.235638847] [bt_navigator]: Creating navigator id navigate_to_pose of type nav2_bt_navigator::NavigateToPoseNavigator
[bt_navigator-14] [INFO] [1775026862.376109132] [bt_navigator]: Creating navigator id navigate_through_poses of type nav2_bt_navigator::NavigateThroughPosesNavigator
[lifecycle_manager-19] [INFO] [1775026862.427545665] [lifecycle_manager_navigation]: [34m[1mConfiguring waypoint_follower[0m[0m
[waypoint_follower-15] [INFO] [1775026862.428287343] [waypoint_follower]: Configuring
[waypoint_follower-15] [INFO] [1775026862.477838327] [waypoint_follower]: Created waypoint_task_executor : wait_at_waypoint of type nav2_waypoint_follower::WaitAtWaypoint
[lifecycle_manager-19] [INFO] [1775026862.480676128] [lifecycle_manager_navigation]: [34m[1mConfiguring keepout_filter_mask_server[0m[0m
[map_server-8] [INFO] [1775026862.481338768] [keepout_filter_mask_server]: Configuring
[map_server-8] [INFO] [1775026862.481505594] [map_io]: Loading yaml file: /home/smr/workspaces/mini_amr/amrROS2_ws/maps/latest_map_keepout.yaml
[map_server-8] [INFO] [1775026862.482294229] [map_io]: resolution: 0.05
[map_server-8] [INFO] [1775026862.482335061] [map_io]: origin[0]: -7.999
[map_server-8] [INFO] [1775026862.482354310] [map_io]: origin[1]: -4.602
[map_server-8] [INFO] [1775026862.482371517] [map_io]: origin[2]: 0
[map_server-8] [INFO] [1775026862.482389600] [map_io]: free_thresh: 0.196
[map_server-8] [INFO] [1775026862.482406808] [map_io]: occupied_thresh: 0.65
[map_server-8] [INFO] [1775026862.482427224] [map_io]: mode: trinary
[map_server-8] [INFO] [1775026862.482445014] [map_io]: negate: 0
[map_server-8] [INFO] [1775026862.483009950] [map_io]: Loading image_file: /home/smr/workspaces/mini_amr/amrROS2_ws/maps/map_000.pgm
[map_server-8] [INFO] [1775026862.488986540] [map_io]: Read map /home/smr/workspaces/mini_amr/amrROS2_ws/maps/map_000.pgm: 276 X 287 map @ 0.05 m/cell
[lifecycle_manager-19] [INFO] [1775026862.528023952] [lifecycle_manager_navigation]: [34m[1mConfiguring keepout_costmap_filter_info_server[0m[0m
[costmap_filter_info_server-9] [INFO] [1775026862.528576929] [keepout_costmap_filter_info_server]: Configuring
[lifecycle_manager-19] [INFO] [1775026862.537492525] [lifecycle_manager_navigation]: [34m[1mActivating controller_server[0m[0m
[controller_server-10] [INFO] [1775026862.538048419] [controller_server]: Activating
[controller_server-10] [INFO] [1775026862.538097125] [local_costmap.local_costmap]: Activating
[controller_server-10] [INFO] [1775026862.538111417] [local_costmap.local_costmap]: Checking transform
[controller_server-10] [INFO] [1775026862.538282035] [local_costmap.local_costmap]: start
[controller_server-10] [INFO] [1775026862.538982589] [local_costmap.local_costmap]: KeepoutFilter: Subscribing to "/keepout_costmap_filter_info" topic for filter info...
[taskset-7] Registering sensor: [Custom Described Lidar]
[controller_server-10] [WARN] [1775026862.640654328] [local_costmap.local_costmap]: KeepoutFilter: Filter mask was not received
[controller_server-10] [WARN] [1775026862.690274435] [controller_server]: Parameter controller_server.verbose not found
[controller_server-10] [INFO] [1775026862.690783081] [controller_server]: Optimizer reset
[controller_server-10] [INFO] [1775026862.691161649] [MPPIController]: Activated MPPI Controller: FollowPath
[controller_server-10] [INFO] [1775026862.691198397] [controller_server]: Creating bond (controller_server) to lifecycle manager.
[lifecycle_manager-19] [INFO] [1775026862.803623740] [lifecycle_manager_navigation]: Server controller_server connected with bond.
[lifecycle_manager-19] [INFO] [1775026862.803686154] [lifecycle_manager_navigation]: [34m[1mActivating smoother_server[0m[0m
[smoother_server-11] [INFO] [1775026862.804087763] [smoother_server]: Activating
[smoother_server-11] [INFO] [1775026862.804133844] [smoother_server]: Creating bond (smoother_server) to lifecycle manager.
[lifecycle_manager-19] [INFO] [1775026862.909939790] [lifecycle_manager_navigation]: Server smoother_server connected with bond.
[lifecycle_manager-19] [INFO] [1775026862.910040994] [lifecycle_manager_navigation]: [34m[1mActivating planner_server[0m[0m
[planner_server-12] [INFO] [1775026862.910843628] [planner_server]: Activating
[planner_server-12] [INFO] [1775026862.910998789] [global_costmap.global_costmap]: Activating
[planner_server-12] [INFO] [1775026862.911043412] [global_costmap.global_costmap]: Checking transform
[planner_server-12] [INFO] [1775026862.911384940] [global_costmap.global_costmap]: start
[planner_server-12] [INFO] [1775026862.913514020] [global_costmap.global_costmap]: KeepoutFilter: Subscribing to "/keepout_costmap_filter_info" topic for filter info...
[planner_server-12] [WARN] [1775026863.425770097] [global_costmap.global_costmap]: KeepoutFilter: Filter mask was not received
[planner_server-12] [INFO] [1775026863.468177872] [planner_server]: Activating plugin GridBased of type SmacPlanner2D
[planner_server-12] [INFO] [1775026863.471183958] [planner_server]: Creating bond (planner_server) to lifecycle manager.
[lifecycle_manager-19] [INFO] [1775026863.579228646] [lifecycle_manager_navigation]: Server planner_server connected with bond.
[lifecycle_manager-19] [INFO] [1775026863.579335683] [lifecycle_manager_navigation]: [34m[1mActivating behavior_server[0m[0m
[behavior_server-13] [INFO] [1775026863.580067445] [behavior_server]: Activating
[behavior_server-13] [INFO] [1775026863.580104777] [behavior_server]: Activating wait
[behavior_server-13] [INFO] [1775026863.580126359] [behavior_server]: Creating bond (behavior_server) to lifecycle manager.
[lifecycle_manager-19] [INFO] [1775026863.688547865] [lifecycle_manager_navigation]: Server behavior_server connected with bond.
[lifecycle_manager-19] [INFO] [1775026863.688611737] [lifecycle_manager_navigation]: [34m[1mActivating velocity_smoother[0m[0m
[velocity_smoother-16] [INFO] [1775026863.689074885] [velocity_smoother]: Activating
[velocity_smoother-16] [INFO] [1775026863.689173173] [velocity_smoother]: Creating bond (velocity_smoother) to lifecycle manager.
[lifecycle_manager-19] [INFO] [1775026863.797188404] [lifecycle_manager_navigation]: Server velocity_smoother connected with bond.
[lifecycle_manager-19] [INFO] [1775026863.797242360] [lifecycle_manager_navigation]: [34m[1mActivating collision_monitor[0m[0m
[collision_monitor-17] [INFO] [1775026863.797627052] [collision_monitor]: Activating
[collision_monitor-17] [INFO] [1775026863.797681300] [collision_monitor]: Creating bond (collision_monitor) to lifecycle manager.
[lifecycle_manager-19] [INFO] [1775026863.906279841] [lifecycle_manager_navigation]: Server collision_monitor connected with bond.
[lifecycle_manager-19] [INFO] [1775026863.906333213] [lifecycle_manager_navigation]: [34m[1mActivating collision_detector[0m[0m
[collision_detector-18] [INFO] [1775026863.906907190] [collision_detector]: Activating
[collision_detector-18] [INFO] [1775026863.906992645] [collision_detector]: Creating bond (collision_detector) to lifecycle manager.
[lifecycle_manager-19] [INFO] [1775026864.019049628] [lifecycle_manager_navigation]: Server collision_detector connected with bond.
[lifecycle_manager-19] [INFO] [1775026864.019103292] [lifecycle_manager_navigation]: [34m[1mActivating bt_navigator[0m[0m
[bt_navigator-14] [INFO] [1775026864.019472527] [bt_navigator]: Activating
[bt_navigator-14] [INFO] [1775026864.174693546] [bt_navigator]: Creating bond (bt_navigator) to lifecycle manager.
[lifecycle_manager-19] [INFO] [1775026864.280606237] [lifecycle_manager_navigation]: Server bt_navigator connected with bond.
[lifecycle_manager-19] [INFO] [1775026864.280660485] [lifecycle_manager_navigation]: [34m[1mActivating waypoint_follower[0m[0m
[waypoint_follower-15] [INFO] [1775026864.281135883] [waypoint_follower]: Activating
[waypoint_follower-15] [INFO] [1775026864.281185756] [waypoint_follower]: Creating bond (waypoint_follower) to lifecycle manager.
[lifecycle_manager-19] [INFO] [1775026864.387299689] [lifecycle_manager_navigation]: Server waypoint_follower connected with bond.
[lifecycle_manager-19] [INFO] [1775026864.387408768] [lifecycle_manager_navigation]: [34m[1mActivating keepout_filter_mask_server[0m[0m
[map_server-8] [INFO] [1775026864.388294523] [keepout_filter_mask_server]: Activating
[map_server-8] [INFO] [1775026864.388396602] [keepout_filter_mask_server]: Creating bond (keepout_filter_mask_server) to lifecycle manager.
[lifecycle_manager-19] [INFO] [1775026864.493678153] [lifecycle_manager_navigation]: Server keepout_filter_mask_server connected with bond.
[lifecycle_manager-19] [INFO] [1775026864.493785482] [lifecycle_manager_navigation]: [34m[1mActivating keepout_costmap_filter_info_server[0m[0m
[costmap_filter_info_server-9] [INFO] [1775026864.494605907] [keepout_costmap_filter_info_server]: Activating
[costmap_filter_info_server-9] [INFO] [1775026864.494721694] [keepout_costmap_filter_info_server]: Creating bond (keepout_costmap_filter_info_server) to lifecycle manager.
[controller_server-10] [INFO] [1775026864.494921185] [local_costmap.local_costmap]: KeepoutFilter: Received filter info from /keepout_costmap_filter_info topic.
[controller_server-10] [INFO] [1775026864.495013932] [local_costmap.local_costmap]: KeepoutFilter: Subscribing to "/keepout_filter_mask" topic for filter mask...
[planner_server-12] [INFO] [1775026864.494932268] [global_costmap.global_costmap]: KeepoutFilter: Received filter info from /keepout_costmap_filter_info topic.
[planner_server-12] [INFO] [1775026864.495006057] [global_costmap.global_costmap]: KeepoutFilter: Subscribing to "/keepout_filter_mask" topic for filter mask...
[controller_server-10] [INFO] [1775026864.513520012] [local_costmap.local_costmap]: KeepoutFilter: Received filter mask from /keepout_filter_mask topic.
[planner_server-12] [INFO] [1775026864.513916954] [global_costmap.global_costmap]: KeepoutFilter: Received filter mask from /keepout_filter_mask topic.
[lifecycle_manager-19] [INFO] [1775026864.604030997] [lifecycle_manager_navigation]: Server keepout_costmap_filter_info_server connected with bond.
[lifecycle_manager-19] [INFO] [1775026864.604092536] [lifecycle_manager_navigation]: [34m[1mManaged nodes are active[0m[0m
[lifecycle_manager-19] [INFO] [1775026864.604107410] [lifecycle_manager_navigation]: [34m[1mCreating bond timer...[0m[0m
[INFO] [delivery_robot_main_controller-20]: process started with pid [12155]
[INFO] [robot_sound-21]: process started with pid [12156]
[INFO] [call_robot_button-22]: process started with pid [12157]
[INFO] [rpc_run_node-23]: process started with pid [12158]
[INFO] [dock_coordinates-24]: process started with pid [12159]
[INFO] [autodock_action_server-25]: process started with pid [12160]
[INFO] [battery_manager_node-26]: process started with pid [12161]
[dock_coordinates-24] [INFO] [1775026865.288650104] [dock_coordinates]: begin dock_coordinates
[dock_coordinates-24] [INFO] [1775026865.290955635] [dock coordinates]: max_alignment_error: 0.010000
[dock_coordinates-24] [INFO] [1775026865.291821266] [dock coordinates]: minimum_point_cloud: 5
[dock_coordinates-24] [INFO] [1775026865.292486823] [dock coordinates]: point_cloud_split_dist: 0.050000
[dock_coordinates-24] [INFO] [1775026865.293090840] [dock coordinates]: max_dock_width: 0.380000
[dock_coordinates-24] [INFO] [1775026865.293620776] [dock coordinates]: min_dock_width: 0.310000
[dock_coordinates-24] [INFO] [1775026865.294198836] [dock coordinates]: range_limit: 1.200000
[ekf_node-5] [ERROR] [1775026866.614744114] [ekf_filter_node]: Failed to meet update rate! Took 0.028231309999999999044seconds. Try decreasing the rate, limiting sensor output frequency, or limiting the number of sensors.
[battery_manager_node-26] [INFO] [1775026866.858927139] [battery_manager]: SOC limits from API: target=1.00, resume=0.95
[rpc_run_node-23] [0m[INFO] [1775026866.990690070] [rpc_run_node]: RPC run node started; RPC bridge configured.[0m
[rpc_run_node-23] 2026-04-01 14:01:06,993 [INFO] RPCServer listening on localhost:6000
[robot_sound-21] [0m[INFO] [1775026867.085552544] [robot_sound_node]: ✅ robot_sound_node started using .wav files[0m
[robot_sound-21] [0m[INFO] [1775026867.089811871] [robot_sound_node]: Sound volume set to 100% (API).[0m
[battery_manager_node-26] [INFO] [1775026867.316985004] [battery_manager]: State change: IDLE_ON_DOCK -> UNKNOWN
[autodock_action_server-25] [INFO] [1775026867.567750678] [autodock_action_server]: auto_dock_init_start
[autodock_action_server-25] [INFO] [1775026867.641309227] [autodock_action_server]: auto_dock_init_complete
[delivery_robot_main_controller-20] [0m[INFO] [1775026868.003404496] [main_controller_node]: Delivery Robot Main Controller Node started.[0m
[delivery_robot_main_controller-20] [0m[INFO] [1775026868.009651451] [main_controller_node]: Initial state: STANDBY[0m
[delivery_robot_main_controller-20] [0m[INFO] [1775026868.018589212] [main_controller_node]: setting_batteryLowToCharge: 30[0m
[delivery_robot_main_controller-20] [33m[WARN] [1775026868.043789354] [rcl.logging_rosout]: Publisher already registered for node name: 'main_controller_node'. If this is due to multiple nodes with the same name then all logs for the logger named 'main_controller_node' will go out over the existing publisher. As soon as any node with that name is destructed it will unregister the publisher, preventing any further logs for that name from being published on the rosout topic.[0m
[delivery_robot_main_controller-20] [33m[WARN] [1775026868.080149374] [main_controller_node]: slam_toolbox_msgs not available; initial pose service calls will be skipped.[0m
[call_robot_button-22] Error: Connection refused
[call_robot_button-22] 2026-04-01 14:01:08 mosquitto_pub -u smr -P smrbot25 -m "Auu,blink" -t "Rsp" -r
[call_robot_button-22] [0m[INFO] [1775026868.563661121] [call_robot_button_node]: call_switch notified: station=Auu status=blink.[0m
[delivery_robot_main_controller-20] [0m[INFO] [1775026869.292220065] [main_controller_node]: Waiting for Nav2 system...[0m
[delivery_robot_main_controller-20] [0m[INFO] [1775026871.317946989] [main_controller_node]: Waiting for localization pose to be received from slam_toolbox/pose[0m
[delivery_robot_main_controller-20] [0m[INFO] [1775026871.320620588] [main_controller_node]: Acquired localization pose from TF map->base_link[0m
[planner_server-12] [INFO] [1775026871.412320066] [global_costmap.global_costmap]: StaticLayer: Resizing costmap to 276 X 329 at 0.050000 m/pix
[INFO] [bash-27]: process started with pid [12292]
[delivery_robot_main_controller-20] [0m[INFO] [1775026873.326674521] [main_controller_node]: Nav2 is ready for use![0m
[delivery_robot_main_controller-20] [0m[INFO] [1775026873.392719459] [main_controller_node]: 1 pending queues [0m
[delivery_robot_main_controller-20] [0m[INFO] [1775026873.421696238] [main_controller_node]: Startup cleanup: removed 1 Request queue(s).[0m
[delivery_robot_main_controller-20] [0m[INFO] [1775026873.422188552] [main_controller_node]: Robot is in STANDBY mode.[0m
[delivery_robot_main_controller-20] [33m[WARN] [1775026873.482504515] [main_controller_node]: Robot status id missing; refreshing before battery status.[0m
[delivery_robot_main_controller-20] [0m[INFO] [1775026874.351859815] [main_controller_node]: Current state: STANDBY, dock_state IDLE, charge_state NOT_CHARGE[0m
[call_robot_button-22] Error: Connection refused
[call_robot_button-22] 2026-04-01 14:01:14 mosquitto_pub -u smr -P smrbot25 -m "Auu,false" -t "Rsp" -r
[call_robot_button-22] [0m[INFO] [1775026874.589172327] [call_robot_button_node]: call_switch notified: station=Auu status=false.[0m
[delivery_robot_main_controller-20] [0m[INFO] [1775026875.401938137] [main_controller_node]: Current state: STANDBY, dock_state IDLE, charge_state NOT_CHARGE[0m
[delivery_robot_main_controller-20] [0m[INFO] [1775026875.518737719] [main_controller_node]: No pending queue found or unexpected format.[0m
[delivery_robot_main_controller-20] [0m[INFO] [1775026876.362777965] [main_controller_node]: Current state: STANDBY, dock_state IDLE, charge_state NOT_CHARGE[0m
[delivery_robot_main_controller-20] [0m[INFO] [1775026877.341934299] [main_controller_node]: Current state: STANDBY, dock_state IDLE, charge_state NOT_CHARGE[0m
[delivery_robot_main_controller-20] [0m[INFO] [1775026877.459223277] [main_controller_node]: No pending queue found or unexpected format.[0m
[delivery_robot_main_controller-20] [0m[INFO] [1775026878.333846154] [main_controller_node]: Current state: STANDBY, dock_state IDLE, charge_state NOT_CHARGE[0m
[delivery_robot_main_controller-20] [0m[INFO] [1775026879.338853311] [main_controller_node]: Current state: STANDBY, dock_state IDLE, charge_state NOT_CHARGE[0m
[delivery_robot_main_controller-20] [0m[INFO] [1775026879.440506675] [main_controller_node]: No pending queue found or unexpected format.[0m
[delivery_robot_main_controller-20] [0m[INFO] [1775026880.334344938] [main_controller_node]: Current state: STANDBY, dock_state IDLE, charge_state NOT_CHARGE[0m
[delivery_robot_main_controller-20] [0m[INFO] [1775026881.336862820] [main_controller_node]: Current state: STANDBY, dock_state IDLE, charge_state NOT_CHARGE[0m
[delivery_robot_main_controller-20] [0m[INFO] [1775026881.465043064] [main_controller_node]: No pending queue found or unexpected format.[0m
[bash-27] 4
[bash-27] Queue empty: current state-> STANDBY : queue_action-> 
[bash-27] queue action->Idle :  current state-> STANDBY : previous state-> 
[INFO] [bash-27]: process has finished cleanly [pid 12292]
[INFO] [battery_manager_node-26]: sending signal 'SIGINT' to process[battery_manager_node-26]
[INFO] [autodock_action_server-25]: sending signal 'SIGINT' to process[autodock_action_server-25]
[INFO] [dock_coordinates-24]: sending signal 'SIGINT' to process[dock_coordinates-24]
[INFO] [rpc_run_node-23]: sending signal 'SIGINT' to process[rpc_run_node-23]
[INFO] [call_robot_button-22]: sending signal 'SIGINT' to process[call_robot_button-22]
[INFO] [robot_sound-21]: sending signal 'SIGINT' to process[robot_sound-21]
[INFO] [delivery_robot_main_controller-20]: sending signal 'SIGINT' to process[delivery_robot_main_controller-20]
[INFO] [dock_coordinates-24]: process has finished cleanly [pid 12159]
[INFO] [lifecycle_manager-19]: sending signal 'SIGINT' to process[lifecycle_manager-19]
[INFO] [collision_detector-18]: sending signal 'SIGINT' to process[collision_detector-18]
[INFO] [collision_monitor-17]: sending signal 'SIGINT' to process[collision_monitor-17]
[INFO] [velocity_smoother-16]: sending signal 'SIGINT' to process[velocity_smoother-16]
[INFO] [waypoint_follower-15]: sending signal 'SIGINT' to process[waypoint_follower-15]
[INFO] [bt_navigator-14]: sending signal 'SIGINT' to process[bt_navigator-14]
[INFO] [behavior_server-13]: sending signal 'SIGINT' to process[behavior_server-13]
[INFO] [planner_server-12]: sending signal 'SIGINT' to process[planner_server-12]
[INFO] [smoother_server-11]: sending signal 'SIGINT' to process[smoother_server-11]
[INFO] [controller_server-10]: sending signal 'SIGINT' to process[controller_server-10]
[INFO] [costmap_filter_info_server-9]: sending signal 'SIGINT' to process[costmap_filter_info_server-9]
[INFO] [map_server-8]: sending signal 'SIGINT' to process[map_server-8]
[INFO] [taskset-7]: sending signal 'SIGINT' to process[taskset-7]
[INFO] [robot_hardware-6]: sending signal 'SIGINT' to process[robot_hardware-6]
[INFO] [ekf_node-5]: sending signal 'SIGINT' to process[ekf_node-5]
[INFO] [scan_to_scan_filter_chain-4]: sending signal 'SIGINT' to process[scan_to_scan_filter_chain-4]
[INFO] [sllidar_node-3]: sending signal 'SIGINT' to process[sllidar_node-3]
[INFO] [joint_state_publisher-2]: sending signal 'SIGINT' to process[joint_state_publisher-2]
[INFO] [robot_state_publisher-1]: sending signal 'SIGINT' to process[robot_state_publisher-1]
[delivery_robot_main_controller-20] [0m[INFO] [1775026882.340609153] [main_controller_node]: Current state: STANDBY, dock_state IDLE, charge_state NOT_CHARGE[0m
[battery_manager_node-26] Traceback (most recent call last):
[battery_manager_node-26]   File "/home/smr/workspaces/mini_amr/amrROS2_ws/install/battery_management/lib/battery_management/battery_manager_node", line 33, in <module>
[battery_manager_node-26]     sys.exit(load_entry_point('battery-management==0.0.0', 'console_scripts', 'battery_manager_node')())
[battery_manager_node-26]              ^^^^^^^^^^^^^^^^^^^^^^^^^^^^^^^^^^^^^^^^^^^^^^^^^^^^^^^^^^^^^^^^^^^^^^^^^^^^^^^^^^^^^^^^^^
[battery_manager_node-26]   File "/home/smr/workspaces/mini_amr/amrROS2_ws/install/battery_management/lib/python3.12/site-packages/battery_management/battery_manager_node.py", line 311, in main
[battery_manager_node-26]     rclpy.spin(node)
[battery_manager_node-26]   File "/opt/ros/jazzy/lib/python3.12/site-packages/rclpy/__init__.py", line 247, in spin
[battery_manager_node-26]     executor.spin_once()
[battery_manager_node-26]   File "/opt/ros/jazzy/lib/python3.12/site-packages/rclpy/executors.py", line 923, in spin_once
[battery_manager_node-26]     self._spin_once_impl(timeout_sec)
[battery_manager_node-26]   File "/opt/ros/jazzy/lib/python3.12/site-packages/rclpy/executors.py", line 904, in _spin_once_impl
[battery_manager_node-26]     handler, entity, node = self.wait_for_ready_callbacks(
[battery_manager_node-26]                             ^^^^^^^^^^^^^^^^^^^^^^^^^^^^^^
[battery_manager_node-26]   File "/opt/ros/jazzy/lib/python3.12/site-packages/rclpy/executors.py", line 874, in wait_for_ready_callbacks
[battery_manager_node-26]     return next(self._cb_iter)
[battery_manager_node-26]            ^^^^^^^^^^^^^^^^^^^
[battery_manager_node-26]   File "/opt/ros/jazzy/lib/python3.12/site-packages/rclpy/executors.py", line 778, in _wait_for_ready_callbacks
[battery_manager_node-26]     wait_set.wait(timeout_nsec)
[battery_manager_node-26] KeyboardInterrupt
[dock_coordinates-24] [INFO] [1775026882.466585361] [rclcpp]: signal_handler(SIGINT/SIGTERM)
[rpc_run_node-23] [0m[INFO] [1775026882.478790531] [rpc_run_node]: RPC run node stopped by user.[0m
[rpc_run_node-23] Failed to publish log message to rosout: publisher's context is invalid, at ./src/rcl/publisher.c:423
[rpc_run_node-23] 2026-04-01 14:01:22,486 [INFO] RPCServer stopped.
[robot_sound-21] [0m[INFO] [1775026882.491070948] [robot_sound_node]: 🔚 robot_sound_node stopped by user.[0m
[robot_sound-21] Failed to publish log message to rosout: publisher's context is invalid, at ./src/rcl/publisher.c:423
[call_robot_button-22] [0m[INFO] [1775026882.499443483] [call_robot_button_node]: CallRobotButton interrupted by user.[0m
[call_robot_button-22] Failed to publish log message to rosout: publisher's context is invalid, at ./src/rcl/publisher.c:423
[delivery_robot_main_controller-20] [0m[INFO] [1775026882.517871400] [main_controller_node]: Node stopped by user.[0m
[delivery_robot_main_controller-20] Failed to publish log message to rosout: publisher's context is invalid, at ./src/rcl/publisher.c:423
[lifecycle_manager-19] [INFO] [1775026882.528266560] [rclcpp]: signal_handler(SIGINT/SIGTERM)
[lifecycle_manager-19] [INFO] [1775026882.528466927] [lifecycle_manager_navigation]: Running Nav2 LifecycleManager rcl preshutdown (lifecycle_manager_navigation)
[lifecycle_manager-19] [INFO] [1775026882.528603713] [lifecycle_manager_navigation]: [34m[1mTerminating bond timer...[0m[0m
[collision_detector-18] [INFO] [1775026882.537560432] [rclcpp]: signal_handler(SIGINT/SIGTERM)
[collision_detector-18] [INFO] [1775026882.537671261] [collision_detector]: Running Nav2 LifecycleNode rcl preshutdown (collision_detector)
[collision_detector-18] [INFO] [1775026882.537752924] [collision_detector]: Deactivating
[collision_detector-18] [INFO] [1775026882.537775965] [collision_detector]: Destroying bond (collision_detector) to lifecycle manager.
[collision_detector-18] [WARN] [1775026882.541984252] [LifecyclePublisher]: Trying to publish message on the topic '/collision_detector_state', but the publisher is not activated
[collision_detector-18] [WARN] [1775026882.542037042] [LifecyclePublisher]: Trying to publish message on the topic '/polygon_stop_detector', but the publisher is not activated
[collision_detector-18] [WARN] [1775026882.542045500] [LifecyclePublisher]: Trying to publish message on the topic '/polygon_slowdown_detector', but the publisher is not activated
[collision_detector-18] [INFO] [1775026882.558260923] [collision_detector]: Cleaning up
[collision_detector-18] [INFO] [1775026882.558324796] [collision_monitor]: [PolygonStop]: Destroying Circle
[collision_detector-18] [INFO] [1775026882.558332087] [collision_monitor]: [PolygonStop]: Destroying Polygon
[collision_detector-18] [INFO] [1775026882.558340837] [collision_monitor]: [PolygonSlow]: Destroying Polygon
[collision_detector-18] [INFO] [1775026882.558347837] [collision_monitor]: [scan]: Destroying Scan
[collision_monitor-17] [INFO] [1775026882.562778656] [rclcpp]: signal_handler(SIGINT/SIGTERM)
[collision_monitor-17] [INFO] [1775026882.562992439] [collision_monitor]: Running Nav2 LifecycleNode rcl preshutdown (collision_monitor)
[collision_monitor-17] [INFO] [1775026882.563170057] [collision_monitor]: Deactivating
[collision_monitor-17] [INFO] [1775026882.563230721] [collision_monitor]: Destroying bond (collision_monitor) to lifecycle manager.
[collision_monitor-17] [INFO] [1775026882.574628008] [collision_monitor]: Cleaning up
[collision_monitor-17] [INFO] [1775026882.574730962] [collision_monitor]: [PolygonStop]: Destroying Circle
[collision_monitor-17] [INFO] [1775026882.574768877] [collision_monitor]: [PolygonStop]: Destroying Polygon
[collision_monitor-17] [INFO] [1775026882.574805042] [collision_monitor]: [PolygonSlow]: Destroying Polygon
[collision_monitor-17] [INFO] [1775026882.574836832] [collision_monitor]: [FootprintApproach]: Destroying Polygon
[collision_monitor-17] [INFO] [1775026882.574872414] [collision_monitor]: [scan]: Destroying Scan
[collision_detector-18] [INFO] [1775026882.575525138] [collision_detector]: Destroying bond (collision_detector) to lifecycle manager.
[velocity_smoother-16] [INFO] [1775026882.580905877] [rclcpp]: signal_handler(SIGINT/SIGTERM)
[velocity_smoother-16] [INFO] [1775026882.581144451] [velocity_smoother]: Running Nav2 LifecycleNode rcl preshutdown (velocity_smoother)
[velocity_smoother-16] [INFO] [1775026882.581320319] [velocity_smoother]: Deactivating
[velocity_smoother-16] [INFO] [1775026882.581385358] [velocity_smoother]: Destroying bond (velocity_smoother) to lifecycle manager.
[waypoint_follower-15] [INFO] [1775026882.584460566] [rclcpp]: signal_handler(SIGINT/SIGTERM)
[waypoint_follower-15] [INFO] [1775026882.584620684] [waypoint_follower]: Running Nav2 LifecycleNode rcl preshutdown (waypoint_follower)
[waypoint_follower-15] [INFO] [1775026882.584703223] [waypoint_follower]: Deactivating
[waypoint_follower-15] [INFO] [1775026882.584738805] [waypoint_follower]: Destroying bond (waypoint_follower) to lifecycle manager.
[bt_navigator-14] [INFO] [1775026882.593660817] [rclcpp]: signal_handler(SIGINT/SIGTERM)
[bt_navigator-14] [INFO] [1775026882.593749188] [bt_navigator]: Running Nav2 LifecycleNode rcl preshutdown (bt_navigator)
[bt_navigator-14] [INFO] [1775026882.593829393] [bt_navigator]: Deactivating
[bt_navigator-14] [INFO] [1775026882.593863517] [bt_navigator]: Destroying bond (bt_navigator) to lifecycle manager.
[behavior_server-13] [INFO] [1775026882.600058556] [rclcpp]: signal_handler(SIGINT/SIGTERM)
[behavior_server-13] [INFO] [1775026882.600155969] [behavior_server]: Running Nav2 LifecycleNode rcl preshutdown (behavior_server)
[behavior_server-13] [INFO] [1775026882.600234424] [behavior_server]: Deactivating
[behavior_server-13] [INFO] [1775026882.600256007] [behavior_server]: Destroying bond (behavior_server) to lifecycle manager.
[planner_server-12] [INFO] [1775026882.607999442] [rclcpp]: signal_handler(SIGINT/SIGTERM)
[planner_server-12] [INFO] [1775026882.608106479] [planner_server]: Running Nav2 LifecycleNode rcl preshutdown (planner_server)
[planner_server-12] [INFO] [1775026882.608182309] [planner_server]: Deactivating
[planner_server-12] [INFO] [1775026882.608214683] [global_costmap.global_costmap]: Deactivating
[smoother_server-11] [INFO] [1775026882.620918583] [rclcpp]: signal_handler(SIGINT/SIGTERM)
[smoother_server-11] [INFO] [1775026882.621159198] [smoother_server]: Running Nav2 LifecycleNode rcl preshutdown (smoother_server)
[smoother_server-11] [INFO] [1775026882.621356648] [smoother_server]: Deactivating
[smoother_server-11] [INFO] [1775026882.621419937] [smoother_server]: Destroying bond (smoother_server) to lifecycle manager.
[controller_server-10] [INFO] [1775026882.621616804] [rclcpp]: signal_handler(SIGINT/SIGTERM)
[controller_server-10] [INFO] [1775026882.621711884] [controller_server]: Running Nav2 LifecycleNode rcl preshutdown (controller_server)
[controller_server-10] [INFO] [1775026882.621784214] [controller_server]: Deactivating
[controller_server-10] [INFO] [1775026882.621810463] [MPPIController]: Deactivated MPPI Controller: FollowPath
[controller_server-10] [INFO] [1775026882.621827379] [local_costmap.local_costmap]: Deactivating
[costmap_filter_info_server-9] [INFO] [1775026882.627984504] [rclcpp]: signal_handler(SIGINT/SIGTERM)
[costmap_filter_info_server-9] [INFO] [1775026882.628159788] [keepout_costmap_filter_info_server]: Running Nav2 LifecycleNode rcl preshutdown (keepout_costmap_filter_info_server)
[costmap_filter_info_server-9] [INFO] [1775026882.628243785] [keepout_costmap_filter_info_server]: Deactivating
[costmap_filter_info_server-9] [INFO] [1775026882.628262742] [keepout_costmap_filter_info_server]: Destroying bond (keepout_costmap_filter_info_server) to lifecycle manager.
[map_server-8] [INFO] [1775026882.638079551] [rclcpp]: signal_handler(SIGINT/SIGTERM)
[map_server-8] [INFO] [1775026882.638212838] [keepout_filter_mask_server]: Running Nav2 LifecycleNode rcl preshutdown (keepout_filter_mask_server)
[map_server-8] [INFO] [1775026882.638289543] [keepout_filter_mask_server]: Deactivating
[map_server-8] [INFO] [1775026882.638304709] [keepout_filter_mask_server]: Destroying bond (keepout_filter_mask_server) to lifecycle manager.
[controller_server-10] [INFO] [1775026882.638767857] [controller_server]: Destroying bond (controller_server) to lifecycle manager.
[taskset-7] [INFO] [1775026882.643516580] [rclcpp]: signal_handler(SIGINT/SIGTERM)
[bt_navigator-14] [INFO] [1775026882.654580797] [bt_navigator]: Cleaning up
[waypoint_follower-15] [INFO] [1775026882.655425721] [waypoint_follower]: Cleaning up
[behavior_server-13] [INFO] [1775026882.661362354] [behavior_server]: Cleaning up
[behavior_server-13] [INFO] [1775026882.665971083] [behavior_server]: Destroying bond (behavior_server) to lifecycle manager.
[velocity_smoother-16] [INFO] [1775026882.666012498] [velocity_smoother]: Cleaning up
[velocity_smoother-16] [INFO] [1775026882.666120994] [velocity_smoother]: Destroying bond (velocity_smoother) to lifecycle manager.
[collision_monitor-17] [INFO] [1775026882.673212289] [collision_monitor]: Destroying bond (collision_monitor) to lifecycle manager.
[taskset-7] Unregistering sensor: Custom Described Lidar
[robot_hardware-6] [INFO] [1775026882.697221895] [rclcpp]: signal_handler(SIGINT/SIGTERM)
[ekf_node-5] [INFO] [1775026882.704238235] [rclcpp]: signal_handler(SIGINT/SIGTERM)
[scan_to_scan_filter_chain-4] [INFO] [1775026882.714152165] [rclcpp]: signal_handler(SIGINT/SIGTERM)
[smoother_server-11] [INFO] [1775026882.724456037] [smoother_server]: Cleaning up
[costmap_filter_info_server-9] [INFO] [1775026882.728995061] [keepout_costmap_filter_info_server]: Cleaning up
[costmap_filter_info_server-9] [INFO] [1775026882.729108223] [keepout_costmap_filter_info_server]: Destroying bond (keepout_costmap_filter_info_server) to lifecycle manager.
[robot_state_publisher-1] [INFO] [1775026882.766357499] [rclcpp]: signal_handler(SIGINT/SIGTERM)
[waypoint_follower-15] [INFO] [1775026882.785925787] [waypoint_follower]: Destroying bond (waypoint_follower) to lifecycle manager.
[collision_detector-18] [INFO] [1775026882.790960332] [collision_detector]: Destroying
[velocity_smoother-16] [INFO] [1775026882.827267563] [velocity_smoother]: Destroying
[waypoint_follower-15] [INFO] [1775026882.846993344] [waypoint_follower]: Destroying
[sllidar_node-3] [INFO] [1775026882.852867855] [sllidar_node]: Stop motor
[collision_monitor-17] [INFO] [1775026882.862899614] [collision_monitor]: Destroying
[smoother_server-11] [INFO] [1775026882.877973500] [smoother_server]: Destroying bond (smoother_server) to lifecycle manager.
[planner_server-12] [INFO] [1775026882.919977333] [planner_server]: Deactivating plugin GridBased of type SmacPlanner2D
[planner_server-12] [INFO] [1775026882.920095745] [planner_server]: Destroying bond (planner_server) to lifecycle manager.
[map_server-8] [INFO] [1775026882.952815331] [keepout_filter_mask_server]: Cleaning up
[map_server-8] [INFO] [1775026882.952965533] [keepout_filter_mask_server]: Destroying bond (keepout_filter_mask_server) to lifecycle manager.
[behavior_server-13] [INFO] [1775026882.953104652] [behavior_server]: Destroying
[controller_server-10] [INFO] [1775026882.959021745] [controller_server]: Cleaning up
[controller_server-10] [INFO] [1775026882.959147156] [MPPIController]: Cleaned up MPPI Controller: FollowPath
[controller_server-10] [INFO] [1775026882.959288901] [local_costmap.local_costmap]: Cleaning up
[costmap_filter_info_server-9] [INFO] [1775026882.961070911] [keepout_costmap_filter_info_server]: Destroying
[planner_server-12] [INFO] [1775026882.990889115] [planner_server]: Cleaning up
[smoother_server-11] [INFO] [1775026883.011803389] [smoother_server]: Destroying
[map_server-8] [INFO] [1775026883.045906877] [keepout_filter_mask_server]: Destroying
[controller_server-10] [INFO] [1775026883.105802565] [controller_server]: Destroying bond (controller_server) to lifecycle manager.
[controller_server-10] [INFO] [1775026883.124162527] [local_costmap.local_costmap]: Destroying
[planner_server-12] [INFO] [1775026883.218993502] [global_costmap.global_costmap]: Cleaning up
[planner_server-12] [INFO] [1775026883.274574741] [planner_server]: Cleaning up plugin GridBased of type SmacPlanner2D
[planner_server-12] [INFO] [1775026883.275530202] [planner_server]: Destroying plugin GridBased of type SmacPlanner2D
[controller_server-10] [INFO] [1775026883.325448088] [controller_server]: Destroying
[lifecycle_manager-19] [INFO] [1775026883.375947825] [lifecycle_manager_navigation]: Destroying lifecycle_manager_navigation
[planner_server-12] [INFO] [1775026883.514902964] [planner_server]: Destroying bond (planner_server) to lifecycle manager.
[planner_server-12] [INFO] [1775026883.532127222] [global_costmap.global_costmap]: Destroying
[delivery_robot_main_controller-20] Traceback (most recent call last):
[delivery_robot_main_controller-20]   File "/home/smr/workspaces/mini_amr/amrROS2_ws/install/delivery_robot_main_controller/lib/delivery_robot_main_controller/delivery_robot_main_controller", line 33, in <module>
[delivery_robot_main_controller-20]     sys.exit(load_entry_point('delivery-robot-main-controller', 'console_scripts', 'delivery_robot_main_controller')())
[delivery_robot_main_controller-20]              ^^^^^^^^^^^^^^^^^^^^^^^^^^^^^^^^^^^^^^^^^^^^^^^^^^^^^^^^^^^^^^^^^^^^^^^^^^^^^^^^^^^^^^^^^^^^^^^^^^^^^^^^^
[delivery_robot_main_controller-20]   File "/home/smr/workspaces/mini_amr/amrROS2_ws/build/delivery_robot_main_controller/delivery_robot_main_controller/main_controller_node.py", line 1792, in main
[delivery_robot_main_controller-20]     rclpy.shutdown()
[delivery_robot_main_controller-20]   File "/opt/ros/jazzy/lib/python3.12/site-packages/rclpy/__init__.py", line 134, in shutdown
[delivery_robot_main_controller-20]     _shutdown(context=context)
[delivery_robot_main_controller-20]   File "/opt/ros/jazzy/lib/python3.12/site-packages/rclpy/utilities.py", line 82, in shutdown
[delivery_robot_main_controller-20]     context.shutdown()
[delivery_robot_main_controller-20]   File "/opt/ros/jazzy/lib/python3.12/site-packages/rclpy/context.py", line 129, in shutdown
[delivery_robot_main_controller-20]     self.__context.shutdown()
[delivery_robot_main_controller-20] rclpy._rclpy_pybind11.RCLError: failed to shutdown: rcl_shutdown already called on the given context, at ./src/rcl/init.c:333
[planner_server-12] [INFO] [1775026883.623603000] [planner_server]: Destroying
[autodock_action_server-25] Traceback (most recent call last):
[autodock_action_server-25]   File "/home/smr/workspaces/mini_amr/amrROS2_ws/install/action_autodock/lib/python3.12/site-packages/action_autodock/autodock_action_server.py", line 1409, in main
[autodock_action_server-25]     executor.spin()
[autodock_action_server-25]   File "/opt/ros/jazzy/lib/python3.12/site-packages/rclpy/executors.py", line 359, in spin
[autodock_action_server-25]     self._spin_once_impl()
[autodock_action_server-25]   File "/opt/ros/jazzy/lib/python3.12/site-packages/rclpy/executors.py", line 988, in _spin_once_impl
[autodock_action_server-25]     handler, entity, node = self.wait_for_ready_callbacks(
[autodock_action_server-25]                             ^^^^^^^^^^^^^^^^^^^^^^^^^^^^^^
[autodock_action_server-25]   File "/opt/ros/jazzy/lib/python3.12/site-packages/rclpy/executors.py", line 874, in wait_for_ready_callbacks
[autodock_action_server-25]     return next(self._cb_iter)
[autodock_action_server-25]            ^^^^^^^^^^^^^^^^^^^
[autodock_action_server-25]   File "/opt/ros/jazzy/lib/python3.12/site-packages/rclpy/executors.py", line 778, in _wait_for_ready_callbacks
[autodock_action_server-25]     wait_set.wait(timeout_nsec)
[autodock_action_server-25] KeyboardInterrupt
[autodock_action_server-25] 
[autodock_action_server-25] During handling of the above exception, another exception occurred:
[autodock_action_server-25] 
[autodock_action_server-25] Traceback (most recent call last):
[autodock_action_server-25]   File "/home/smr/workspaces/mini_amr/amrROS2_ws/install/action_autodock/lib/action_autodock/autodock_action_server", line 33, in <module>
[autodock_action_server-25]     sys.exit(load_entry_point('action-autodock==0.0.0', 'console_scripts', 'autodock_action_server')())
[autodock_action_server-25]              ^^^^^^^^^^^^^^^^^^^^^^^^^^^^^^^^^^^^^^^^^^^^^^^^^^^^^^^^^^^^^^^^^^^^^^^^^^^^^^^^^^^^^^^^^
[autodock_action_server-25]   File "/home/smr/workspaces/mini_amr/amrROS2_ws/install/action_autodock/lib/python3.12/site-packages/action_autodock/autodock_action_server.py", line 1420, in main
[autodock_action_server-25]     rclpy.shutdown()   
[autodock_action_server-25]     ^^^^^^^^^^^^^^^^
[autodock_action_server-25]   File "/opt/ros/jazzy/lib/python3.12/site-packages/rclpy/__init__.py", line 134, in shutdown
[autodock_action_server-25]     _shutdown(context=context)
[autodock_action_server-25]   File "/opt/ros/jazzy/lib/python3.12/site-packages/rclpy/utilities.py", line 82, in shutdown
[autodock_action_server-25]     context.shutdown()
[autodock_action_server-25]   File "/opt/ros/jazzy/lib/python3.12/site-packages/rclpy/context.py", line 129, in shutdown
[autodock_action_server-25]     self.__context.shutdown()
[autodock_action_server-25] rclpy._rclpy_pybind11.RCLError: failed to shutdown: rcl_shutdown already called on the given context, at ./src/rcl/init.c:333
[robot_sound-21] Traceback (most recent call last):
[robot_sound-21]   File "/home/smr/workspaces/mini_amr/amrROS2_ws/install/delivery_robot_main_controller/lib/delivery_robot_main_controller/robot_sound", line 33, in <module>
[robot_sound-21]     sys.exit(load_entry_point('delivery-robot-main-controller', 'console_scripts', 'robot_sound')())
[robot_sound-21]              ^^^^^^^^^^^^^^^^^^^^^^^^^^^^^^^^^^^^^^^^^^^^^^^^^^^^^^^^^^^^^^^^^^^^^^^^^^^^^^^^^^^^^^
[robot_sound-21]   File "/home/smr/workspaces/mini_amr/amrROS2_ws/build/delivery_robot_main_controller/delivery_robot_main_controller/robot_sound.py", line 147, in main
[robot_sound-21]     rclpy.shutdown()
[robot_sound-21]   File "/opt/ros/jazzy/lib/python3.12/site-packages/rclpy/__init__.py", line 134, in shutdown
[robot_sound-21]     _shutdown(context=context)
[robot_sound-21]   File "/opt/ros/jazzy/lib/python3.12/site-packages/rclpy/utilities.py", line 82, in shutdown
[robot_sound-21]     context.shutdown()
[robot_sound-21]   File "/opt/ros/jazzy/lib/python3.12/site-packages/rclpy/context.py", line 129, in shutdown
[robot_sound-21]     self.__context.shutdown()
[robot_sound-21] rclpy._rclpy_pybind11.RCLError: failed to shutdown: rcl_shutdown already called on the given context, at ./src/rcl/init.c:333
[ERROR] [robot_sound-21]: process has died [pid 12156, exit code 1, cmd '/home/smr/workspaces/mini_amr/amrROS2_ws/install/delivery_robot_main_controller/lib/delivery_robot_main_controller/robot_sound --ros-args -r __node:=robot_sound_node -r __ns:=/ -r /tf:=tf -r /tf_static:=tf_static'].
[bt_navigator-14] [INFO] [1775026884.029711896] [bt_navigator]: Completed Cleaning up
[bt_navigator-14] [INFO] [1775026884.029897680] [bt_navigator]: Destroying bond (bt_navigator) to lifecycle manager.
[call_robot_button-22] Traceback (most recent call last):
[call_robot_button-22]   File "/home/smr/workspaces/mini_amr/amrROS2_ws/install/delivery_robot_main_controller/lib/delivery_robot_main_controller/call_robot_button", line 33, in <module>
[call_robot_button-22]     sys.exit(load_entry_point('delivery-robot-main-controller', 'console_scripts', 'call_robot_button')())
[call_robot_button-22]              ^^^^^^^^^^^^^^^^^^^^^^^^^^^^^^^^^^^^^^^^^^^^^^^^^^^^^^^^^^^^^^^^^^^^^^^^^^^^^^^^^^^^^^^^^^^^
[call_robot_button-22]   File "/home/smr/workspaces/mini_amr/amrROS2_ws/build/delivery_robot_main_controller/delivery_robot_main_controller/call_button.py", line 251, in main
[call_robot_button-22]     rclpy.shutdown()
[call_robot_button-22]   File "/opt/ros/jazzy/lib/python3.12/site-packages/rclpy/__init__.py", line 134, in shutdown
[call_robot_button-22]     _shutdown(context=context)
[call_robot_button-22]   File "/opt/ros/jazzy/lib/python3.12/site-packages/rclpy/utilities.py", line 82, in shutdown
[call_robot_button-22]     context.shutdown()
[call_robot_button-22]   File "/opt/ros/jazzy/lib/python3.12/site-packages/rclpy/context.py", line 129, in shutdown
[call_robot_button-22]     self.__context.shutdown()
[call_robot_button-22] rclpy._rclpy_pybind11.RCLError: failed to shutdown: rcl_shutdown already called on the given context, at ./src/rcl/init.c:333
[bt_navigator-14] [INFO] [1775026884.039325130] [bt_navigator]: Destroying
[INFO] [velocity_smoother-16]: process has finished cleanly [pid 11923]
[ERROR] [battery_manager_node-26]: process has died [pid 12161, exit code -2, cmd '/home/smr/workspaces/mini_amr/amrROS2_ws/install/battery_management/lib/battery_management/battery_manager_node --ros-args -r __node:=battery_manager -r __ns:=/ --params-file /home/smr/workspaces/mini_amr/amrROS2_ws/install/battery_management/share/battery_management/config/battery_manager.yaml -r /tf:=tf -r /tf_static:=tf_static'].
[INFO] [collision_detector-18]: process has finished cleanly [pid 11925]
[INFO] [smoother_server-11]: process has finished cleanly [pid 11892]
[rpc_run_node-23] Traceback (most recent call last):
[rpc_run_node-23]   File "/home/smr/workspaces/mini_amr/amrROS2_ws/install/delivery_robot_main_controller/lib/delivery_robot_main_controller/rpc_run_node", line 33, in <module>
[rpc_run_node-23]     sys.exit(load_entry_point('delivery-robot-main-controller', 'console_scripts', 'rpc_run_node')())
[rpc_run_node-23]              ^^^^^^^^^^^^^^^^^^^^^^^^^^^^^^^^^^^^^^^^^^^^^^^^^^^^^^^^^^^^^^^^^^^^^^^^^^^^^^^^^^^^^^^
[rpc_run_node-23]   File "/home/smr/workspaces/mini_amr/amrROS2_ws/build/delivery_robot_main_controller/delivery_robot_main_controller/rpc_run_node.py", line 57, in main
[rpc_run_node-23]     rclpy.shutdown()
[rpc_run_node-23]   File "/opt/ros/jazzy/lib/python3.12/site-packages/rclpy/__init__.py", line 134, in shutdown
[rpc_run_node-23]     _shutdown(context=context)
[rpc_run_node-23]   File "/opt/ros/jazzy/lib/python3.12/site-packages/rclpy/utilities.py", line 82, in shutdown
[rpc_run_node-23]     context.shutdown()
[rpc_run_node-23]   File "/opt/ros/jazzy/lib/python3.12/site-packages/rclpy/context.py", line 129, in shutdown
[rpc_run_node-23]     self.__context.shutdown()
[rpc_run_node-23] rclpy._rclpy_pybind11.RCLError: failed to shutdown: rcl_shutdown already called on the given context, at ./src/rcl/init.c:333
[INFO] [waypoint_follower-15]: process has finished cleanly [pid 11916]
[INFO] [behavior_server-13]: process has finished cleanly [pid 11895]
[INFO] [costmap_filter_info_server-9]: process has finished cleanly [pid 11879]
[INFO] [scan_to_scan_filter_chain-4]: process has finished cleanly [pid 11868]
[INFO] [robot_hardware-6]: process has finished cleanly [pid 11870]
[ERROR] [call_robot_button-22]: process has died [pid 12157, exit code 1, cmd '/home/smr/workspaces/mini_amr/amrROS2_ws/install/delivery_robot_main_controller/lib/delivery_robot_main_controller/call_robot_button --ros-args -r __node:=call_robot_button_node -r __ns:=/ -r /tf:=tf -r /tf_static:=tf_static'].
[INFO] [collision_monitor-17]: process has finished cleanly [pid 11924]
[ERROR] [rpc_run_node-23]: process has died [pid 12158, exit code 1, cmd '/home/smr/workspaces/mini_amr/amrROS2_ws/install/delivery_robot_main_controller/lib/delivery_robot_main_controller/rpc_run_node --ros-args -r __node:=rpc_run_node -r __ns:=/ -r /tf:=tf -r /tf_static:=tf_static'].
[INFO] [joint_state_publisher-2]: process has finished cleanly [pid 11866]
[INFO] [lifecycle_manager-19]: process has finished cleanly [pid 11930]
[INFO] [map_server-8]: process has finished cleanly [pid 11872]
[INFO] [controller_server-10]: process has finished cleanly [pid 11891]
[INFO] [planner_server-12]: process has finished cleanly [pid 11893]
[INFO] [sllidar_node-3]: process has finished cleanly [pid 11867]
[INFO] [ekf_node-5]: process has finished cleanly [pid 11869]
[INFO] [robot_state_publisher-1]: process has finished cleanly [pid 11865]
[ERROR] [autodock_action_server-25]: process has died [pid 12160, exit code 1, cmd '/home/smr/workspaces/mini_amr/amrROS2_ws/install/action_autodock/lib/action_autodock/autodock_action_server --ros-args -r __ns:=/ --params-file /home/smr/workspaces/mini_amr/amrROS2_ws/install/action_autodock/share/action_autodock/config/auto_dock_config.yaml --params-file /tmp/launch_params_ug_7co24 -r /tf:=tf -r /tf_static:=tf_static'].
[INFO] [bt_navigator-14]: process has finished cleanly [pid 11907]
[INFO] [taskset-7]: process has finished cleanly [pid 11871]
[ERROR] [delivery_robot_main_controller-20]: process has died [pid 12155, exit code 1, cmd '/home/smr/workspaces/mini_amr/amrROS2_ws/install/delivery_robot_main_controller/lib/delivery_robot_main_controller/delivery_robot_main_controller --ros-args -r __node:=main_controller_node -r __ns:=/ --params-file /tmp/launch_params_5d4yqmwz -r /tf:=tf -r /tf_static:=tf_static'].
