[0.022s] Invoking command in '/home/smr/workspaces/mini_amr/amrROS2_ws/build/dock_lidar': AMENT_PREFIX_PATH=/home/smr/workspaces/mini_amr/amrROS2_ws/install/custom_interface:${AMENT_PREFIX_PATH} CMAKE_PREFIX_PATH=/home/smr/workspaces/mini_amr/amrROS2_ws/install/custom_interface:/opt/ros/jazzy/opt/gz_math_vendor:/opt/ros/jazzy/opt/gz_utils_vendor:/opt/ros/jazzy/opt/gz_cmake_vendor:/opt/ros/jazzy DEBUGINFOD_URLS=https://debuginfod.ubuntu.com LD_LIBRARY_PATH=/home/smr/workspaces/mini_amr/amrROS2_ws/install/custom_interface/lib:${LD_LIBRARY_PATH} PYTHONPATH=/home/smr/workspaces/mini_amr/amrROS2_ws/install/custom_interface/lib/python3.12/site-packages:${PYTHONPATH} /usr/bin/cmake /home/smr/workspaces/mini_amr/amrROS2_ws/src/autodock/dock_lidar -DCMAKE_INSTALL_PREFIX=/home/smr/workspaces/mini_amr/amrROS2_ws/install/dock_lidar
[0.167s] -- The C compiler identification is GNU 13.3.0
[0.296s] -- The CXX compiler identification is GNU 13.3.0
[0.331s] -- Detecting C compiler ABI info
[0.523s] -- Detecting C compiler ABI info - done
[0.538s] -- Check for working C compiler: /usr/bin/cc - skipped
[0.539s] -- Detecting C compile features
[0.540s] -- Detecting C compile features - done
[0.557s] -- Detecting CXX compiler ABI info
[0.798s] -- Detecting CXX compiler ABI info - done
[0.814s] -- Check for working CXX compiler: /usr/bin/c++ - skipped
[0.815s] -- Detecting CXX compile features
[0.815s] -- Detecting CXX compile features - done
[0.819s] -- Found ament_cmake: 2.5.3 (/opt/ros/jazzy/share/ament_cmake/cmake)
[1.131s] -- Found Python3: /usr/bin/python3 (found version "3.12.3") found components: Interpreter 
[1.300s] -- Found geometry_msgs: 5.3.6 (/opt/ros/jazzy/share/geometry_msgs/cmake)
[1.362s] -- Found rosidl_generator_c: 4.6.5 (/opt/ros/jazzy/share/rosidl_generator_c/cmake)
[1.383s] -- Found rosidl_generator_cpp: 4.6.5 (/opt/ros/jazzy/share/rosidl_generator_cpp/cmake)
[1.408s] -- Using all available rosidl_typesupport_c: rosidl_typesupport_fastrtps_c;rosidl_typesupport_introspection_c
[1.435s] -- Using all available rosidl_typesupport_cpp: rosidl_typesupport_fastrtps_cpp;rosidl_typesupport_introspection_cpp
[1.508s] -- Found tf2: 0.36.9 (/opt/ros/jazzy/share/tf2/cmake)
[1.519s] -- Found tf2_ros: 0.36.9 (/opt/ros/jazzy/share/tf2_ros/cmake)
[1.688s] -- Found rmw_implementation_cmake: 7.3.2 (/opt/ros/jazzy/share/rmw_implementation_cmake/cmake)
[1.692s] -- Found rmw_cyclonedds_cpp: 2.2.3 (/opt/ros/jazzy/share/rmw_cyclonedds_cpp/cmake)
[1.733s] -- Using RMW implementation 'rmw_cyclonedds_cpp' as default
[1.959s] -- Found tf2_geometry_msgs: 0.36.9 (/opt/ros/jazzy/share/tf2_geometry_msgs/cmake)
[1.988s] -- Found eigen3_cmake_module: 0.3.0 (/opt/ros/jazzy/share/eigen3_cmake_module/cmake)
[1.991s] -- Found Eigen3: TRUE (found version "3.4.0") 
[1.991s] -- Ensuring Eigen3 include directory is part of orocos-kdl CMake target
[1.997s] -- Found angles: 1.16.0 (/opt/ros/jazzy/share/angles/cmake)
[2.002s] -- Found sensor_msgs: 5.3.6 (/opt/ros/jazzy/share/sensor_msgs/cmake)
[2.039s] -- Found rclpy: 7.1.4 (/opt/ros/jazzy/share/rclpy/cmake)
[2.042s] -- Found nav_msgs: 5.3.6 (/opt/ros/jazzy/share/nav_msgs/cmake)
[2.091s] [31mCMake Error at CMakeLists.txt:34 (find_package):
[2.092s]   By not providing "Findnav2_msgs.cmake" in CMAKE_MODULE_PATH this project
[2.092s]   has asked CMake to find a package configuration file provided by
[2.093s]   "nav2_msgs", but CMake did not find one.
[2.093s] 
[2.094s]   Could not find a package configuration file provided by "nav2_msgs" with
[2.094s]   any of the following names:
[2.095s] 
[2.095s]     nav2_msgsConfig.cmake
[2.096s]     nav2_msgs-config.cmake
[2.096s] 
[2.097s]   Add the installation prefix of "nav2_msgs" to CMAKE_PREFIX_PATH or set
[2.097s]   "nav2_msgs_DIR" to a directory containing one of the above files.  If
[2.098s]   "nav2_msgs" provides a separate development package or SDK, be sure it has
[2.098s]   been installed.
[2.099s] 
[2.099s] [0m
[2.100s] -- Configuring incomplete, errors occurred!
[2.108s] Invoked command in '/home/smr/workspaces/mini_amr/amrROS2_ws/build/dock_lidar' returned '1': AMENT_PREFIX_PATH=/home/smr/workspaces/mini_amr/amrROS2_ws/install/custom_interface:${AMENT_PREFIX_PATH} CMAKE_PREFIX_PATH=/home/smr/workspaces/mini_amr/amrROS2_ws/install/custom_interface:/opt/ros/jazzy/opt/gz_math_vendor:/opt/ros/jazzy/opt/gz_utils_vendor:/opt/ros/jazzy/opt/gz_cmake_vendor:/opt/ros/jazzy DEBUGINFOD_URLS=https://debuginfod.ubuntu.com LD_LIBRARY_PATH=/home/smr/workspaces/mini_amr/amrROS2_ws/install/custom_interface/lib:${LD_LIBRARY_PATH} PYTHONPATH=/home/smr/workspaces/mini_amr/amrROS2_ws/install/custom_interface/lib/python3.12/site-packages:${PYTHONPATH} /usr/bin/cmake /home/smr/workspaces/mini_amr/amrROS2_ws/src/autodock/dock_lidar -DCMAKE_INSTALL_PREFIX=/home/smr/workspaces/mini_amr/amrROS2_ws/install/dock_lidar
