[INFO] [launch]: All log files can be found below /home/smr/.ros/log/2026-03-02-10-42-56-789856-one-44776
[INFO] [launch]: Default logging verbosity is set to INFO
[INFO] [robot_state_publisher-1]: process started with pid [44804]
[INFO] [joint_state_publisher-2]: process started with pid [44805]
[INFO] [sllidar_node-3]: process started with pid [44806]
[INFO] [scan_to_scan_filter_chain-4]: process started with pid [44807]
[INFO] [ekf_node-5]: process started with pid [44808]
[INFO] [robot_hardware-6]: process started with pid [44809]
[INFO] [localization_slam_toolbox_node-7]: process started with pid [44810]
[INFO] [map_server-8]: process started with pid [44811]
[INFO] [costmap_filter_info_server-9]: process started with pid [44812]
[INFO] [controller_server-10]: process started with pid [44813]
[INFO] [smoother_server-11]: process started with pid [44814]
[INFO] [planner_server-12]: process started with pid [44817]
[INFO] [behavior_server-13]: process started with pid [44818]
[INFO] [bt_navigator-14]: process started with pid [44819]
[INFO] [waypoint_follower-15]: process started with pid [44820]
[INFO] [velocity_smoother-16]: process started with pid [44823]
[INFO] [collision_monitor-17]: process started with pid [44824]
[INFO] [collision_detector-18]: process started with pid [44825]
[INFO] [lifecycle_manager-19]: process started with pid [44826]
[behavior_server-13] [INFO] [1772422977.984680917] [behavior_server]: 
[behavior_server-13] 	behavior_server lifecycle node launched. 
[behavior_server-13] 	Waiting on external lifecycle transitions to activate
[behavior_server-13] 	See https://design.ros2.org/articles/node_lifecycle.html for more information.
[robot_hardware-6] Serial port opened at port /dev/teensy with baudrate 460800
[robot_hardware-6] Created receive data thread
[robot_state_publisher-1] [INFO] [1772422978.036095351] [robot_state_publisher]: Robot initialized
[bt_navigator-14] [INFO] [1772422978.205785589] [bt_navigator]: 
[bt_navigator-14] 	bt_navigator lifecycle node launched. 
[bt_navigator-14] 	Waiting on external lifecycle transitions to activate
[bt_navigator-14] 	See https://design.ros2.org/articles/node_lifecycle.html for more information.
[velocity_smoother-16] [INFO] [1772422978.226223035] [velocity_smoother]: 
[velocity_smoother-16] 	velocity_smoother lifecycle node launched. 
[velocity_smoother-16] 	Waiting on external lifecycle transitions to activate
[velocity_smoother-16] 	See https://design.ros2.org/articles/node_lifecycle.html for more information.
[costmap_filter_info_server-9] [INFO] [1772422978.257442098] [costmap_filter_info_server]: This is costmap filter info publisher
[bt_navigator-14] [INFO] [1772422978.271820698] [bt_navigator]: Creating
[sllidar_node-3] [INFO] [1772422978.295220777] [sllidar_node]: SLLidar running on ROS2 package SLLidar.ROS2 SDK Version:1.0.1, SLLIDAR SDK Version:2.1.0
[planner_server-12] [INFO] [1772422978.357644904] [planner_server]: 
[planner_server-12] 	planner_server lifecycle node launched. 
[planner_server-12] 	Waiting on external lifecycle transitions to activate
[planner_server-12] 	See https://design.ros2.org/articles/node_lifecycle.html for more information.
[localization_slam_toolbox_node-7] [INFO] [1772422978.364766249] [slam_toolbox]: Node using stack size 40000000
[collision_detector-18] [INFO] [1772422978.420635716] [collision_detector]: 
[sllidar_node-3] [INFO] [1772422978.427559319] [sllidar_node]: SLLidar S/N: 6E42ED93C5E19FD9B5E192F9EE904B72
[sllidar_node-3] [INFO] [1772422978.427633108] [sllidar_node]: Firmware Ver: 1.00
[sllidar_node-3] [INFO] [1772422978.427644774] [sllidar_node]: Hardware Rev: 18
[sllidar_node-3] [INFO] [1772422978.434296845] [sllidar_node]: SLLidar health status : 0
[sllidar_node-3] [INFO] [1772422978.434361009] [sllidar_node]: SLLidar health status : OK.
[controller_server-10] [INFO] [1772422978.452369842] [controller_server]: 
[controller_server-10] 	controller_server lifecycle node launched. 
[waypoint_follower-15] [INFO] [1772422978.454030527] [waypoint_follower]: 
[waypoint_follower-15] 	waypoint_follower lifecycle node launched. 
[waypoint_follower-15] 	Waiting on external lifecycle transitions to activate
[waypoint_follower-15] 	See https://design.ros2.org/articles/node_lifecycle.html for more information.
[controller_server-10] 	Waiting on external lifecycle transitions to activate
[controller_server-10] 	See https://design.ros2.org/articles/node_lifecycle.html for more information.
[waypoint_follower-15] [INFO] [1772422978.457155029] [waypoint_follower]: Creating
[smoother_server-11] [INFO] [1772422978.461986297] [smoother_server]: 
[smoother_server-11] 	smoother_server lifecycle node launched. 
[smoother_server-11] 	Waiting on external lifecycle transitions to activate
[smoother_server-11] 	See https://design.ros2.org/articles/node_lifecycle.html for more information.
[planner_server-12] [INFO] [1772422978.471400343] [planner_server]: Creating
[collision_detector-18] 	collision_detector lifecycle node launched. 
[collision_detector-18] 	Waiting on external lifecycle transitions to activate
[collision_detector-18] 	See https://design.ros2.org/articles/node_lifecycle.html for more information.
[costmap_filter_info_server-9] [INFO] [1772422978.494367606] [keepout_costmap_filter_info_server]: 
[costmap_filter_info_server-9] 	keepout_costmap_filter_info_server lifecycle node launched. 
[costmap_filter_info_server-9] 	Waiting on external lifecycle transitions to activate
[costmap_filter_info_server-9] 	See https://design.ros2.org/articles/node_lifecycle.html for more information.
[planner_server-12] [INFO] [1772422978.537122506] [global_costmap.global_costmap]: 
[planner_server-12] 	global_costmap lifecycle node launched. 
[planner_server-12] 	Waiting on external lifecycle transitions to activate
[planner_server-12] 	See https://design.ros2.org/articles/node_lifecycle.html for more information.
[planner_server-12] [INFO] [1772422978.571274454] [global_costmap.global_costmap]: Creating Costmap
[controller_server-10] [INFO] [1772422978.576274007] [controller_server]: Creating controller server
[smoother_server-11] [INFO] [1772422978.605569896] [smoother_server]: Creating smoother server
[collision_monitor-17] [INFO] [1772422978.621323067] [collision_monitor]: 
[collision_monitor-17] 	collision_monitor lifecycle node launched. 
[collision_monitor-17] 	Waiting on external lifecycle transitions to activate
[collision_monitor-17] 	See https://design.ros2.org/articles/node_lifecycle.html for more information.
[sllidar_node-3] [INFO] [1772422978.632727952] [sllidar_node]: current scan mode: DenseBoost, sample rate: 32 Khz, max_distance: 30.0 m, scan frequency:10.0 Hz, 
[localization_slam_toolbox_node-7] [INFO] [1772422978.645857977] [slam_toolbox]: Configuring
[lifecycle_manager-19] [INFO] [1772422978.658855590] [lifecycle_manager_navigation]: Creating
[map_server-8] [INFO] [1772422978.670786621] [keepout_filter_mask_server]: 
[map_server-8] 	keepout_filter_mask_server lifecycle node launched. 
[map_server-8] 	Waiting on external lifecycle transitions to activate
[map_server-8] 	See https://design.ros2.org/articles/node_lifecycle.html for more information.
[map_server-8] [INFO] [1772422978.686673662] [keepout_filter_mask_server]: Creating
[controller_server-10] [INFO] [1772422978.693305318] [local_costmap.local_costmap]: 
[controller_server-10] 	local_costmap lifecycle node launched. 
[controller_server-10] 	Waiting on external lifecycle transitions to activate
[controller_server-10] 	See https://design.ros2.org/articles/node_lifecycle.html for more information.
[controller_server-10] [INFO] [1772422978.701241255] [local_costmap.local_costmap]: Creating Costmap
[localization_slam_toolbox_node-7] [INFO] [1772422978.759017273] [slam_toolbox]: Using solver plugin solver_plugins::CeresSolver
[localization_slam_toolbox_node-7] [INFO] [1772422978.774673323] [slam_toolbox]: CeresSolver: Using SCHUR_JACOBI preconditioner.
[lifecycle_manager-19] [INFO] [1772422978.797251518] [lifecycle_manager_navigation]: [34m[1mCreating and initializing lifecycle service clients[0m[0m
[scan_to_scan_filter_chain-4] [WARN] [1772422978.963115823] [scan_to_scan_filter_chain]: diagnostic_updater: No HW_ID was set. This is probably a bug. Please report it. For devices that do not have a HW_ID, set this value to 'none'. This warning only occurs once all diagnostics are OK. It is okay to wait until the device is open before calling setHardwareID.
[lifecycle_manager-19] [INFO] [1772422979.583702939] [lifecycle_manager_navigation]: [34m[1mStarting managed nodes bringup...[0m[0m
[lifecycle_manager-19] [INFO] [1772422979.583870641] [lifecycle_manager_navigation]: [34m[1mConfiguring controller_server[0m[0m
[controller_server-10] [INFO] [1772422979.585170256] [controller_server]: Configuring controller interface
[controller_server-10] [INFO] [1772422979.585209921] [controller_server]: getting progress checker plugins..
[controller_server-10] [INFO] [1772422979.585472411] [controller_server]: getting goal checker plugins..
[controller_server-10] [INFO] [1772422979.587624243] [controller_server]: Controller frequency set to 10.0000Hz
[controller_server-10] [INFO] [1772422979.587707365] [local_costmap.local_costmap]: Configuring
[controller_server-10] [INFO] [1772422979.611940411] [local_costmap.local_costmap]: Using plugin "obstacle_layer"
[controller_server-10] [INFO] [1772422979.654199206] [local_costmap.local_costmap]: Subscribed to Topics: scan
[joint_state_publisher-2] [INFO] [1772422979.660932649] [joint_state_publisher]: Waiting for robot_description to be published on the robot_description topic...
[controller_server-10] [INFO] [1772422979.704138449] [local_costmap.local_costmap]: Initialized plugin "obstacle_layer"
[controller_server-10] [INFO] [1772422979.704198530] [local_costmap.local_costmap]: Using plugin "denoise_layer"
[controller_server-10] [INFO] [1772422979.710240750] [local_costmap.local_costmap]: Initialized plugin "denoise_layer"
[controller_server-10] [INFO] [1772422979.710300248] [local_costmap.local_costmap]: Using plugin "inflation_layer"
[controller_server-10] [INFO] [1772422979.717090272] [local_costmap.local_costmap]: Initialized plugin "inflation_layer"
[controller_server-10] [INFO] [1772422979.717154145] [local_costmap.local_costmap]: Using costmap filter "keepout_filter"
[controller_server-10] [INFO] [1772422979.723745260] [local_costmap.local_costmap]: Initialized costmap filter "keepout_filter"
[controller_server-10] [INFO] [1772422979.723807966] [local_costmap.local_costmap]: Using costmap filter "inflation_layer"
[controller_server-10] [INFO] [1772422979.723940961] [local_costmap.local_costmap]: Initialized costmap filter "inflation_layer"
[controller_server-10] [INFO] [1772422979.774503179] [controller_server]: Created progress_checker : progress_checker of type nav2_controller::SimpleProgressChecker
[controller_server-10] [INFO] [1772422979.774993452] [controller_server]: Controller Server has progress_checker  progress checkers available.
[controller_server-10] [INFO] [1772422979.777632640] [controller_server]: Created goal checker : goal_checker of type nav2_controller::SimpleGoalChecker
[controller_server-10] [INFO] [1772422979.778277197] [controller_server]: Controller Server has goal_checker  goal checkers available.
[controller_server-10] [INFO] [1772422979.781603233] [controller_server]: Created controller : FollowPath of type nav2_mppi_controller::MPPIController
[controller_server-10] [INFO] [1772422979.801810271] [controller_server]: Controller period is equal to model dt. Control sequence shifting is ON
[controller_server-10] [INFO] [1772422979.810069655] [controller_server]: ConstraintCritic instantiated with 1 power and 4.000000 weight.
[controller_server-10] [INFO] [1772422979.810172609] [controller_server]: Critic loaded : mppi::critics::ConstraintCritic
[controller_server-10] [INFO] [1772422979.819254168] [controller_server]: InflationCostCritic instantiated with 1 power and 300.000000 / 0.015000 weights. Critic will collision check based on footprint cost.
[controller_server-10] [INFO] [1772422979.819318041] [controller_server]: Critic loaded : mppi::critics::CostCritic
[controller_server-10] [INFO] [1772422979.822151179] [controller_server]: GoalCritic instantiated with 1 power and 5.000000 weight.
[controller_server-10] [INFO] [1772422979.822205135] [controller_server]: Critic loaded : mppi::critics::GoalCritic
[controller_server-10] [INFO] [1772422979.824613624] [controller_server]: GoalAngleCritic instantiated with 1 power, 3.000000 weight, and 0.500000 angular threshold.
[controller_server-10] [INFO] [1772422979.824667288] [controller_server]: Critic loaded : mppi::critics::GoalAngleCritic
[controller_server-10] [INFO] [1772422979.828305103] [controller_server]: ReferenceTrajectoryCritic instantiated with 1 power and 2.000000 weight
[controller_server-10] [INFO] [1772422979.828350018] [controller_server]: Critic loaded : mppi::critics::PathAlignCritic
[controller_server-10] [INFO] [1772422979.831616556] [controller_server]: Critic loaded : mppi::critics::PathFollowCritic
[controller_server-10] [INFO] [1772422979.834952217] [controller_server]: PathAngleCritic instantiated with 1 power and 1.500000 weight. Mode set to: Forward Preference
[controller_server-10] [INFO] [1772422979.835002382] [controller_server]: Critic loaded : mppi::critics::PathAngleCritic
[controller_server-10] [INFO] [1772422979.836972804] [controller_server]: PreferForwardCritic instantiated with 1 power and 10.000000 weight.
[controller_server-10] [INFO] [1772422979.837020344] [controller_server]: Critic loaded : mppi::critics::PreferForwardCritic
[controller_server-10] [INFO] [1772422979.838620364] [controller_server]: Optimizer reset
[controller_server-10] [INFO] [1772422979.860420714] [MPPIController]: Configured MPPI Controller: FollowPath
[controller_server-10] [INFO] [1772422979.860499170] [controller_server]: Controller Server has FollowPath  controllers available.
[lifecycle_manager-19] [INFO] [1772422979.904319487] [lifecycle_manager_navigation]: [34m[1mConfiguring smoother_server[0m[0m
[smoother_server-11] [INFO] [1772422979.904866923] [smoother_server]: Configuring smoother server
[smoother_server-11] [INFO] [1772422979.951263431] [smoother_server]: Created smoother : simple_smoother of type nav2_smoother::SimpleSmoother
[smoother_server-11] [INFO] [1772422979.964140007] [smoother_server]: Smoother Server has simple_smoother  smoothers available.
[lifecycle_manager-19] [INFO] [1772422979.994568393] [lifecycle_manager_navigation]: [34m[1mConfiguring planner_server[0m[0m
[planner_server-12] [INFO] [1772422979.995483898] [planner_server]: Configuring
[planner_server-12] [INFO] [1772422979.995684849] [global_costmap.global_costmap]: Configuring
[planner_server-12] [INFO] [1772422980.040346299] [global_costmap.global_costmap]: Using plugin "static_layer"
[planner_server-12] [INFO] [1772422980.053166878] [global_costmap.global_costmap]: Subscribing to the map topic (/map) with transient local durability
[planner_server-12] [INFO] [1772422980.057047350] [global_costmap.global_costmap]: Initialized plugin "static_layer"
[planner_server-12] [INFO] [1772422980.057158763] [global_costmap.global_costmap]: Using plugin "obstacle_layer"
[planner_server-12] [INFO] [1772422980.068318657] [global_costmap.global_costmap]: Subscribed to Topics: scan
[planner_server-12] [INFO] [1772422980.100369812] [global_costmap.global_costmap]: Initialized plugin "obstacle_layer"
[planner_server-12] [INFO] [1772422980.100536055] [global_costmap.global_costmap]: Using plugin "inflation_layer"
[planner_server-12] [INFO] [1772422980.115316557] [global_costmap.global_costmap]: Initialized plugin "inflation_layer"
[planner_server-12] [INFO] [1772422980.115453927] [global_costmap.global_costmap]: Using costmap filter "keepout_filter"
[planner_server-12] [INFO] [1772422980.129057891] [global_costmap.global_costmap]: Initialized costmap filter "keepout_filter"
[planner_server-12] [INFO] [1772422980.129115930] [global_costmap.global_costmap]: Using costmap filter "inflation_layer2"
[planner_server-12] [INFO] [1772422980.135905372] [global_costmap.global_costmap]: Initialized costmap filter "inflation_layer2"
[planner_server-12] [INFO] [1772422980.245462143] [planner_server]: Created global planner plugin GridBased of type nav2_smac_planner::SmacPlanner2D
[planner_server-12] [INFO] [1772422980.245539140] [planner_server]: Configuring GridBased of type SmacPlanner2D
[planner_server-12] [ERROR] [1772422980.257449754] [planner_server]: Inflation layer either not found or inflation is not set sufficiently for optimized non-circular collision checking capabilities. It is HIGHLY recommended to set the inflation radius to be at MINIMUM half of the robot's largest cross-section. See github.com/ros-planning/navigation2/tree/main/nav2_smac_planner#potential-fields for full instructions. This will substantially impact run-time performance.
[planner_server-12] [INFO] [1772422980.265866631] [planner_server]: Configured plugin GridBased of type SmacPlanner2D with tolerance 0.12, maximum iterations 1000000, max on approach iterations 1000, and not allowing unknown traversal.
[planner_server-12] [INFO] [1772422980.265941004] [planner_server]: Planner Server has GridBased  planners available.
[lifecycle_manager-19] [INFO] [1772422980.317572721] [lifecycle_manager_navigation]: [34m[1mConfiguring behavior_server[0m[0m
[behavior_server-13] [INFO] [1772422980.318490852] [behavior_server]: Configuring
[behavior_server-13] [INFO] [1772422980.347016187] [behavior_server]: Creating behavior plugin wait of type nav2_behaviors::Wait
[behavior_server-13] [INFO] [1772422980.379780148] [behavior_server]: Configuring wait
[lifecycle_manager-19] [INFO] [1772422980.414233959] [lifecycle_manager_navigation]: [34m[1mConfiguring velocity_smoother[0m[0m
[velocity_smoother-16] [INFO] [1772422980.414888433] [velocity_smoother]: Configuring velocity smoother
[lifecycle_manager-19] [INFO] [1772422980.453873690] [lifecycle_manager_navigation]: [34m[1mConfiguring collision_monitor[0m[0m
[collision_monitor-17] [INFO] [1772422980.463787341] [collision_monitor]: Configuring
[collision_monitor-17] [INFO] [1772422980.512794163] [collision_monitor]: [scan]: Creating Scan
[collision_monitor-17] [INFO] [1772422980.538638312] [collision_monitor]: [PolygonStop]: Creating Polygon
[collision_monitor-17] [INFO] [1772422980.538762849] [collision_monitor]: [PolygonStop]: Creating Circle
[localization_slam_toolbox_node-7] Load From File /home/smr/workspaces/mini_amr/amrROS2_ws/maps/latest_map.posegraph 
[localization_slam_toolbox_node-7] Mapper <- Module
[localization_slam_toolbox_node-7] Mapper <- m_pSequentialScanMatcher
[localization_slam_toolbox_node-7] Mapper <- m_pGraph
[localization_slam_toolbox_node-7] MapperGraph <- Graph; Graph <- m_Edges; Graph <- m_Vertices
[localization_slam_toolbox_node-7] MapperGraph <- m_pMapper; MapperGraph <- m_pLoopScanMatcher; MapperGraph <- m_pTraversal
[localization_slam_toolbox_node-7] Mapper <- m_pMapperSensorManager
[localization_slam_toolbox_node-7] MapperSensorManager <- m_ScanManagers; MapperSensorManager <- m_Scans
[localization_slam_toolbox_node-7] Mapper <- m_Listeners
[localization_slam_toolbox_node-7] **Finished serializing Mapper**
[localization_slam_toolbox_node-7] Load From File
[localization_slam_toolbox_node-7] **Serializing Dataset**
[localization_slam_toolbox_node-7] Dataset <- m_SensorNameLookup
[localization_slam_toolbox_node-7] Dataset <- m_Data
[localization_slam_toolbox_node-7] Dataset <- m_Lasers
[localization_slam_toolbox_node-7] Dataset <- m_pDatasetInfo
[localization_slam_toolbox_node-7] **Finished serializing Dataset**
[localization_slam_toolbox_node-7] Registering sensor: [Custom Described Lidar]
[collision_monitor-17] [INFO] [1772422980.567905619] [collision_monitor]: [PolygonSlow]: Creating Polygon
[localization_slam_toolbox_node-7] WARNING: Logging before InitGoogleLogging() is written to STDERR
[localization_slam_toolbox_node-7] W20260302 10:43:00.570725 44810 preprocessor.cc:67] Specified options.num_threads: 50 exceeds maximum available from the threading model Ceres was compiled with: 8.  Bounding to maximum number available.
[collision_monitor-17] [INFO] [1772422980.592871303] [collision_monitor]: [FootprintApproach]: Creating Polygon
[collision_monitor-17] [INFO] [1772422980.595283291] [collision_monitor]: [FootprintApproach]: Polygon points are not defined. Using dynamic subscription instead.
[INFO] [launch.user]: [LifecycleLaunch] Slamtoolbox node is activating.
[localization_slam_toolbox_node-7] [INFO] [1772422980.610258618] [slam_toolbox]: Activating
[collision_monitor-17] [INFO] [1772422980.623543512] [collision_monitor]: [FootprintApproach]: Making footprint subscriber on /local_costmap/published_footprint topic
[lifecycle_manager-19] [INFO] [1772422980.650122924] [lifecycle_manager_navigation]: [34m[1mConfiguring collision_detector[0m[0m
[collision_detector-18] [INFO] [1772422980.651559034] [collision_detector]: Configuring
[collision_detector-18] [INFO] [1772422980.713005824] [collision_monitor]: [scan]: Creating Scan
[collision_detector-18] [INFO] [1772422980.749324186] [collision_monitor]: [PolygonStop]: Creating Polygon
[collision_detector-18] [INFO] [1772422980.751516850] [collision_monitor]: [PolygonStop]: Creating Circle
[collision_detector-18] [INFO] [1772422980.791629063] [collision_monitor]: [PolygonSlow]: Creating Polygon
[lifecycle_manager-19] [INFO] [1772422980.815852193] [lifecycle_manager_navigation]: [34m[1mConfiguring bt_navigator[0m[0m
[bt_navigator-14] [INFO] [1772422980.816730075] [bt_navigator]: Configuring
[bt_navigator-14] [INFO] [1772422980.853115810] [bt_navigator]: Creating navigator id navigate_to_pose of type nav2_bt_navigator::NavigateToPoseNavigator
[localization_slam_toolbox_node-7] Registering sensor: [Custom Described Lidar]
[bt_navigator-14] [INFO] [1772422981.381049614] [bt_navigator]: Creating navigator id navigate_through_poses of type nav2_bt_navigator::NavigateThroughPosesNavigator
[lifecycle_manager-19] [INFO] [1772422981.528130742] [lifecycle_manager_navigation]: [34m[1mConfiguring waypoint_follower[0m[0m
[waypoint_follower-15] [INFO] [1772422981.529349277] [waypoint_follower]: Configuring
[waypoint_follower-15] [INFO] [1772422981.670147860] [waypoint_follower]: Created waypoint_task_executor : wait_at_waypoint of type nav2_waypoint_follower::WaitAtWaypoint
[lifecycle_manager-19] [INFO] [1772422981.676789724] [lifecycle_manager_navigation]: [34m[1mConfiguring keepout_filter_mask_server[0m[0m
[map_server-8] [INFO] [1772422981.677801184] [keepout_filter_mask_server]: Configuring
[map_server-8] [INFO] [1772422981.677979385] [map_io]: Loading yaml file: /home/smr/workspaces/mini_amr/amrROS2_ws/maps/latest_map_keepout.yaml
[map_server-8] [INFO] [1772422981.678851434] [map_io]: resolution: 0.05
[map_server-8] [INFO] [1772422981.678899266] [map_io]: origin[0]: -13.85
[map_server-8] [INFO] [1772422981.678919973] [map_io]: origin[1]: -46.343
[map_server-8] [INFO] [1772422981.678937181] [map_io]: origin[2]: 0
[map_server-8] [INFO] [1772422981.678954389] [map_io]: free_thresh: 0.196
[map_server-8] [INFO] [1772422981.678971596] [map_io]: occupied_thresh: 0.65
[map_server-8] [INFO] [1772422981.678994054] [map_io]: mode: trinary
[map_server-8] [INFO] [1772422981.679013303] [map_io]: negate: 0
[map_server-8] [INFO] [1772422981.679591072] [map_io]: Loading image_file: /home/smr/workspaces/mini_amr/amrROS2_ws/maps/latest_map_keepout.pgm
[map_server-8] [INFO] [1772422981.699480206] [map_io]: Read map /home/smr/workspaces/mini_amr/amrROS2_ws/maps/latest_map_keepout.pgm: 460 X 1783 map @ 0.05 m/cell
[lifecycle_manager-19] [INFO] [1772422981.746584269] [lifecycle_manager_navigation]: [34m[1mConfiguring keepout_costmap_filter_info_server[0m[0m
[costmap_filter_info_server-9] [INFO] [1772422981.747835469] [keepout_costmap_filter_info_server]: Configuring
[lifecycle_manager-19] [INFO] [1772422981.795036362] [lifecycle_manager_navigation]: [34m[1mActivating controller_server[0m[0m
[controller_server-10] [INFO] [1772422981.799095910] [controller_server]: Activating
[controller_server-10] [INFO] [1772422981.799247571] [local_costmap.local_costmap]: Activating
[controller_server-10] [INFO] [1772422981.799291319] [local_costmap.local_costmap]: Checking transform
[controller_server-10] [INFO] [1772422981.799774883] [local_costmap.local_costmap]: start
[controller_server-10] [INFO] [1772422981.801740056] [local_costmap.local_costmap]: KeepoutFilter: Subscribing to "/keepout_costmap_filter_info" topic for filter info...
[controller_server-10] [WARN] [1772422981.909968046] [local_costmap.local_costmap]: KeepoutFilter: Filter mask was not received
[controller_server-10] [WARN] [1772422981.917800738] [controller_server]: Parameter controller_server.verbose not found
[controller_server-10] [INFO] [1772422981.919344761] [controller_server]: Optimizer reset
[controller_server-10] [INFO] [1772422981.924200236] [MPPIController]: Activated MPPI Controller: FollowPath
[controller_server-10] [INFO] [1772422981.924328856] [controller_server]: Creating bond (controller_server) to lifecycle manager.
[lifecycle_manager-19] [INFO] [1772422982.044045727] [lifecycle_manager_navigation]: Server controller_server connected with bond.
[lifecycle_manager-19] [INFO] [1772422982.044169681] [lifecycle_manager_navigation]: [34m[1mActivating smoother_server[0m[0m
[smoother_server-11] [INFO] [1772422982.047383721] [smoother_server]: Activating
[smoother_server-11] [INFO] [1772422982.047542965] [smoother_server]: Creating bond (smoother_server) to lifecycle manager.
[planner_server-12] [INFO] [1772422982.089489105] [global_costmap.global_costmap]: StaticLayer: Resizing costmap to 460 X 1783 at 0.050000 m/pix
[lifecycle_manager-19] [INFO] [1772422982.186724320] [lifecycle_manager_navigation]: Server smoother_server connected with bond.
[lifecycle_manager-19] [INFO] [1772422982.186812983] [lifecycle_manager_navigation]: [34m[1mActivating planner_server[0m[0m
[planner_server-12] [INFO] [1772422982.187978729] [planner_server]: Activating
[planner_server-12] [INFO] [1772422982.188116099] [global_costmap.global_costmap]: Activating
[planner_server-12] [INFO] [1772422982.188158097] [global_costmap.global_costmap]: Checking transform
[planner_server-12] [INFO] [1772422982.188516250] [global_costmap.global_costmap]: start
[planner_server-12] [INFO] [1772422982.190974319] [global_costmap.global_costmap]: KeepoutFilter: Subscribing to "/keepout_costmap_filter_info" topic for filter info...
[planner_server-12] [INFO] [1772422982.472860808] [global_costmap.global_costmap]: Message Filter dropping message: frame 'laser' at time 1772422982.158 for reason 'discarding message because the queue is full'
[planner_server-12] [WARN] [1772422982.724599483] [global_costmap.global_costmap]: KeepoutFilter: Filter mask was not received
[planner_server-12] [INFO] [1772422982.758619894] [planner_server]: Activating plugin GridBased of type SmacPlanner2D
[planner_server-12] [INFO] [1772422982.779030799] [planner_server]: Creating bond (planner_server) to lifecycle manager.
[lifecycle_manager-19] [INFO] [1772422982.900072660] [lifecycle_manager_navigation]: Server planner_server connected with bond.
[lifecycle_manager-19] [INFO] [1772422982.900222279] [lifecycle_manager_navigation]: [34m[1mActivating behavior_server[0m[0m
[INFO] [delivery_robot_main_controller-20]: process started with pid [45181]
[INFO] [robot_sound-21]: process started with pid [45182]
[INFO] [call_robot_button-22]: process started with pid [45183]
[INFO] [rpc_run_node-23]: process started with pid [45184]
[behavior_server-13] [INFO] [1772422982.901300820] [behavior_server]: Activating
[behavior_server-13] [INFO] [1772422982.901381900] [behavior_server]: Activating wait
[behavior_server-13] [INFO] [1772422982.901446064] [behavior_server]: Creating bond (behavior_server) to lifecycle manager.
[INFO] [dock_coordinates-24]: process started with pid [45185]
[INFO] [autodock_action_server-25]: process started with pid [45186]
[INFO] [battery_manager_node-26]: process started with pid [45187]
[lifecycle_manager-19] [INFO] [1772422983.018043975] [lifecycle_manager_navigation]: Server behavior_server connected with bond.
[lifecycle_manager-19] [INFO] [1772422983.018120972] [lifecycle_manager_navigation]: [34m[1mActivating velocity_smoother[0m[0m
[velocity_smoother-16] [INFO] [1772422983.020339885] [velocity_smoother]: Activating
[velocity_smoother-16] [INFO] [1772422983.020461797] [velocity_smoother]: Creating bond (velocity_smoother) to lifecycle manager.
[lifecycle_manager-19] [INFO] [1772422983.133823793] [lifecycle_manager_navigation]: Server velocity_smoother connected with bond.
[lifecycle_manager-19] [INFO] [1772422983.133898457] [lifecycle_manager_navigation]: [34m[1mActivating collision_monitor[0m[0m
[collision_monitor-17] [INFO] [1772422983.135819006] [collision_monitor]: Activating
[collision_monitor-17] [INFO] [1772422983.135892503] [collision_monitor]: Creating bond (collision_monitor) to lifecycle manager.
[dock_coordinates-24] [INFO] [1772422983.168373267] [dock_coordinates]: begin dock_coordinates
[dock_coordinates-24] [INFO] [1772422983.177526865] [dock coordinates]: max_alignment_error: 0.010000
[dock_coordinates-24] [INFO] [1772422983.177602112] [dock coordinates]: minimum_point_cloud: 5
[dock_coordinates-24] [INFO] [1772422983.177619319] [dock coordinates]: point_cloud_split_dist: 0.050000
[dock_coordinates-24] [INFO] [1772422983.177635944] [dock coordinates]: max_dock_width: 0.380000
[dock_coordinates-24] [INFO] [1772422983.177651985] [dock coordinates]: min_dock_width: 0.310000
[dock_coordinates-24] [INFO] [1772422983.177667443] [dock coordinates]: range_limit: 1.200000
[lifecycle_manager-19] [INFO] [1772422983.245782053] [lifecycle_manager_navigation]: Server collision_monitor connected with bond.
[lifecycle_manager-19] [INFO] [1772422983.245850592] [lifecycle_manager_navigation]: [34m[1mActivating collision_detector[0m[0m
[collision_detector-18] [INFO] [1772422983.247279119] [collision_detector]: Activating
[collision_detector-18] [INFO] [1772422983.247370116] [collision_detector]: Creating bond (collision_detector) to lifecycle manager.
[lifecycle_manager-19] [INFO] [1772422983.381344843] [lifecycle_manager_navigation]: Server collision_detector connected with bond.
[lifecycle_manager-19] [INFO] [1772422983.381415715] [lifecycle_manager_navigation]: [34m[1mActivating bt_navigator[0m[0m
[bt_navigator-14] [INFO] [1772422983.381888488] [bt_navigator]: Activating
[bt_navigator-14] [INFO] [1772422983.862094088] [bt_navigator]: Creating bond (bt_navigator) to lifecycle manager.
[controller_server-10] [WARN] [1772422983.912080578] [local_costmap.local_costmap]: KeepoutFilter: Filter mask was not received
[lifecycle_manager-19] [INFO] [1772422983.991523077] [lifecycle_manager_navigation]: Server bt_navigator connected with bond.
[lifecycle_manager-19] [INFO] [1772422983.991588116] [lifecycle_manager_navigation]: [34m[1mActivating waypoint_follower[0m[0m
[waypoint_follower-15] [INFO] [1772422983.992094429] [waypoint_follower]: Activating
[waypoint_follower-15] [INFO] [1772422983.992148385] [waypoint_follower]: Creating bond (waypoint_follower) to lifecycle manager.
[lifecycle_manager-19] [INFO] [1772422984.114036046] [lifecycle_manager_navigation]: Server waypoint_follower connected with bond.
[lifecycle_manager-19] [INFO] [1772422984.114108085] [lifecycle_manager_navigation]: [34m[1mActivating keepout_filter_mask_server[0m[0m
[map_server-8] [INFO] [1772422984.115689440] [keepout_filter_mask_server]: Activating
[map_server-8] [INFO] [1772422984.115986928] [keepout_filter_mask_server]: Creating bond (keepout_filter_mask_server) to lifecycle manager.
[lifecycle_manager-19] [INFO] [1772422984.229276011] [lifecycle_manager_navigation]: Server keepout_filter_mask_server connected with bond.
[lifecycle_manager-19] [INFO] [1772422984.229347758] [lifecycle_manager_navigation]: [34m[1mActivating keepout_costmap_filter_info_server[0m[0m
[costmap_filter_info_server-9] [INFO] [1772422984.229930485] [keepout_costmap_filter_info_server]: Activating
[costmap_filter_info_server-9] [INFO] [1772422984.230054438] [keepout_costmap_filter_info_server]: Creating bond (keepout_costmap_filter_info_server) to lifecycle manager.
[controller_server-10] [INFO] [1772422984.230653498] [local_costmap.local_costmap]: KeepoutFilter: Received filter info from /keepout_costmap_filter_info topic.
[controller_server-10] [INFO] [1772422984.230707746] [local_costmap.local_costmap]: KeepoutFilter: Subscribing to "/keepout_filter_mask" topic for filter mask...
[planner_server-12] [INFO] [1772422984.230790284] [global_costmap.global_costmap]: KeepoutFilter: Received filter info from /keepout_costmap_filter_info topic.
[planner_server-12] [INFO] [1772422984.230828491] [global_costmap.global_costmap]: KeepoutFilter: Subscribing to "/keepout_filter_mask" topic for filter mask...
[planner_server-12] [INFO] [1772422984.284121477] [global_costmap.global_costmap]: KeepoutFilter: Received filter mask from /keepout_filter_mask topic.
[lifecycle_manager-19] [INFO] [1772422984.358893117] [lifecycle_manager_navigation]: Server keepout_costmap_filter_info_server connected with bond.
[lifecycle_manager-19] [INFO] [1772422984.358956407] [lifecycle_manager_navigation]: [34m[1mManaged nodes are active[0m[0m
[lifecycle_manager-19] [INFO] [1772422984.358973031] [lifecycle_manager_navigation]: [34m[1mCreating bond timer...[0m[0m
[controller_server-10] [INFO] [1772422984.390724073] [local_costmap.local_costmap]: KeepoutFilter: Received filter mask from /keepout_filter_mask topic.
[rpc_run_node-23] [0m[INFO] [1772422986.028130251] [rpc_run_node]: RPC run node started; RPC bridge configured.[0m
[rpc_run_node-23] 2026-03-02 10:43:06,030 [INFO] RPCServer listening on localhost:6000
[planner_server-12] [INFO] [1772422986.451111061] [global_costmap.global_costmap]: Message Filter dropping message: frame 'laser' at time 1772422986.044 for reason 'the timestamp on the message is earlier than all the data in the transform cache'
[battery_manager_node-26] [INFO] [1772422986.588758894] [battery_manager]: SOC limits from API: target=1.00, resume=0.95
[battery_manager_node-26] [INFO] [1772422986.596332012] [battery_manager]: IR state: IDLE -> IR_ERROR (99)
[battery_manager_node-26] [INFO] [1772422986.847807614] [battery_manager]: State change: IDLE_ON_DOCK -> UNKNOWN
[robot_sound-21] [0m[INFO] [1772422987.406914984] [robot_sound_node]: Obstacle sound alarm is enabled.[0m
[robot_sound-21] [0m[INFO] [1772422987.408337386] [robot_sound_node]: Obstacle sound alarm disabled (API).[0m
[robot_sound-21] [0m[INFO] [1772422987.421099634] [robot_sound_node]: ✅ robot_sound_node started using .wav files[0m
[robot_sound-21] [33m[WARN] [1772422987.430880290] [robot_sound_node]: Map not available yet; skipping obstacle classification.[0m
[robot_sound-21] [0m[INFO] [1772422987.440336335] [robot_sound_node]: Sound volume set to 100% (API).[0m
[robot_sound-21] [0m[INFO] [1772422987.484969786] [robot_sound_node]: Obstacle detected but sound alarm disabled.[0m
[INFO] [bash-27]: process started with pid [45396]
[delivery_robot_main_controller-20] [0m[INFO] [1772422987.943893599] [main_controller_node]: Delivery Robot Main Controller Node started.[0m
[delivery_robot_main_controller-20] [0m[INFO] [1772422987.966398296] [main_controller_node]: Initial state: STANDBY[0m
[delivery_robot_main_controller-20] [0m[INFO] [1772422988.002314466] [main_controller_node]: setting_batteryLowToCharge: 40[0m
[delivery_robot_main_controller-20] [33m[WARN] [1772422988.071259419] [rcl.logging_rosout]: Publisher already registered for node name: 'main_controller_node'. If this is due to multiple nodes with the same name then all logs for the logger named 'main_controller_node' will go out over the existing publisher. As soon as any node with that name is destructed it will unregister the publisher, preventing any further logs for that name from being published on the rosout topic.[0m
[delivery_robot_main_controller-20] [33m[WARN] [1772422988.353475186] [main_controller_node]: slam_toolbox_msgs not available; initial pose service calls will be skipped.[0m
[autodock_action_server-25] [INFO] [1772422988.360478702] [autodock_action_server]: auto_dock_init_start
[autodock_action_server-25] [INFO] [1772422988.556970302] [autodock_action_server]: auto_dock_init_complete
[autodock_action_server-25] [INFO] [1772422988.724675243] [charge_status]: IR Charge State: IR_ERROR (99)
[robot_sound-21] [0m[INFO] [1772422989.249098394] [robot_sound_node]: Received map (width=460, height=1783, resolution=0.050 m/cell)[0m
[delivery_robot_main_controller-20] [0m[INFO] [1772422989.933494707] [main_controller_node]: Waiting for Nav2 system...[0m
[bash-27] qt.qpa.xcb: could not connect to display 
[bash-27] qt.qpa.plugin: From 6.5.0, xcb-cursor0 or libxcb-cursor0 is needed to load the Qt xcb platform plugin.
[bash-27] qt.qpa.plugin: Could not load the Qt platform plugin "xcb" in "" even though it was found.
[bash-27] This application failed to start because no Qt platform plugin could be initialized. Reinstalling the application may fix this problem.
[bash-27] 
[bash-27] Available platform plugins are: linuxfb, vkkhrdisplay, xcb, minimal, wayland-brcm, wayland-egl, wayland, minimalegl, eglfs, offscreen, vnc.
[bash-27] 
[ERROR] [bash-27]: process has died [pid 45396, exit code -6, cmd '/bin/bash -c cd /home/smr/workspaces/mini_amr/amrROS2_UI/ICEAMR && source ../env/bin/activate && python main.py'].
[INFO] [battery_manager_node-26]: sending signal 'SIGINT' to process[battery_manager_node-26]
[INFO] [autodock_action_server-25]: sending signal 'SIGINT' to process[autodock_action_server-25]
[INFO] [dock_coordinates-24]: sending signal 'SIGINT' to process[dock_coordinates-24]
[INFO] [rpc_run_node-23]: sending signal 'SIGINT' to process[rpc_run_node-23]
[INFO] [dock_coordinates-24]: process has finished cleanly [pid 45185]
[INFO] [call_robot_button-22]: sending signal 'SIGINT' to process[call_robot_button-22]
[INFO] [robot_sound-21]: sending signal 'SIGINT' to process[robot_sound-21]
[INFO] [delivery_robot_main_controller-20]: sending signal 'SIGINT' to process[delivery_robot_main_controller-20]
[INFO] [lifecycle_manager-19]: sending signal 'SIGINT' to process[lifecycle_manager-19]
[INFO] [collision_detector-18]: sending signal 'SIGINT' to process[collision_detector-18]
[INFO] [collision_monitor-17]: sending signal 'SIGINT' to process[collision_monitor-17]
[INFO] [velocity_smoother-16]: sending signal 'SIGINT' to process[velocity_smoother-16]
[INFO] [waypoint_follower-15]: sending signal 'SIGINT' to process[waypoint_follower-15]
[INFO] [bt_navigator-14]: sending signal 'SIGINT' to process[bt_navigator-14]
[INFO] [behavior_server-13]: sending signal 'SIGINT' to process[behavior_server-13]
[INFO] [planner_server-12]: sending signal 'SIGINT' to process[planner_server-12]
[INFO] [smoother_server-11]: sending signal 'SIGINT' to process[smoother_server-11]
[INFO] [controller_server-10]: sending signal 'SIGINT' to process[controller_server-10]
[INFO] [costmap_filter_info_server-9]: sending signal 'SIGINT' to process[costmap_filter_info_server-9]
[INFO] [map_server-8]: sending signal 'SIGINT' to process[map_server-8]
[INFO] [localization_slam_toolbox_node-7]: sending signal 'SIGINT' to process[localization_slam_toolbox_node-7]
[INFO] [robot_hardware-6]: sending signal 'SIGINT' to process[robot_hardware-6]
[INFO] [ekf_node-5]: sending signal 'SIGINT' to process[ekf_node-5]
[INFO] [scan_to_scan_filter_chain-4]: sending signal 'SIGINT' to process[scan_to_scan_filter_chain-4]
[INFO] [sllidar_node-3]: sending signal 'SIGINT' to process[sllidar_node-3]
[INFO] [joint_state_publisher-2]: sending signal 'SIGINT' to process[joint_state_publisher-2]
[INFO] [robot_state_publisher-1]: sending signal 'SIGINT' to process[robot_state_publisher-1]
[delivery_robot_main_controller-20] [0m[INFO] [1772422991.982967375] [main_controller_node]: Waiting for localization pose to be received from slam_toolbox/pose[0m
[delivery_robot_main_controller-20] [0m[INFO] [1772422991.985858261] [main_controller_node]: Acquired localization pose from TF map->base_link[0m
[planner_server-12] [INFO] [1772422992.014851995] [global_costmap.global_costmap]: Message Filter dropping message: frame 'laser' at time 1772422991.765 for reason 'discarding message because the queue is full'
[battery_manager_node-26] Traceback (most recent call last):
[battery_manager_node-26]   File "/home/smr/workspaces/mini_amr/amrROS2_ws/install/battery_management/lib/battery_management/battery_manager_node", line 33, in <module>
[battery_manager_node-26]     sys.exit(load_entry_point('battery-management==0.0.0', 'console_scripts', 'battery_manager_node')())
[battery_manager_node-26]              ^^^^^^^^^^^^^^^^^^^^^^^^^^^^^^^^^^^^^^^^^^^^^^^^^^^^^^^^^^^^^^^^^^^^^^^^^^^^^^^^^^^^^^^^^^
[battery_manager_node-26]   File "/home/smr/workspaces/mini_amr/amrROS2_ws/install/battery_management/lib/python3.12/site-packages/battery_management/battery_manager_node.py", line 311, in main
[battery_manager_node-26]     rclpy.spin(node)
[battery_manager_node-26]   File "/opt/ros/jazzy/lib/python3.12/site-packages/rclpy/__init__.py", line 247, in spin
[battery_manager_node-26]     executor.spin_once()
[battery_manager_node-26]   File "/opt/ros/jazzy/lib/python3.12/site-packages/rclpy/executors.py", line 923, in spin_once
[battery_manager_node-26]     self._spin_once_impl(timeout_sec)
[battery_manager_node-26]   File "/opt/ros/jazzy/lib/python3.12/site-packages/rclpy/executors.py", line 904, in _spin_once_impl
[battery_manager_node-26]     handler, entity, node = self.wait_for_ready_callbacks(
[battery_manager_node-26]                             ^^^^^^^^^^^^^^^^^^^^^^^^^^^^^^
[battery_manager_node-26]   File "/opt/ros/jazzy/lib/python3.12/site-packages/rclpy/executors.py", line 874, in wait_for_ready_callbacks
[battery_manager_node-26]     return next(self._cb_iter)
[battery_manager_node-26]            ^^^^^^^^^^^^^^^^^^^
[battery_manager_node-26]   File "/opt/ros/jazzy/lib/python3.12/site-packages/rclpy/executors.py", line 778, in _wait_for_ready_callbacks
[battery_manager_node-26]     wait_set.wait(timeout_nsec)
[battery_manager_node-26] KeyboardInterrupt
[dock_coordinates-24] [INFO] [1772422992.200731137] [rclcpp]: signal_handler(SIGINT/SIGTERM)
[rpc_run_node-23] [0m[INFO] [1772422992.243339335] [rpc_run_node]: RPC run node stopped by user.[0m
[rpc_run_node-23] Failed to publish log message to rosout: publisher's context is invalid, at ./src/rcl/publisher.c:423
[rpc_run_node-23] 2026-03-02 10:43:12,247 [INFO] RPCServer stopped.
[robot_sound-21] [0m[INFO] [1772422992.336282260] [robot_sound_node]: 🔚 robot_sound_node stopped by user.[0m
[robot_sound-21] Failed to publish log message to rosout: publisher's context is invalid, at ./src/rcl/publisher.c:423
[delivery_robot_main_controller-20] Traceback (most recent call last):
[delivery_robot_main_controller-20]   File "/home/smr/workspaces/mini_amr/amrROS2_ws/install/delivery_robot_main_controller/lib/delivery_robot_main_controller/delivery_robot_main_controller", line 33, in <module>
[delivery_robot_main_controller-20]     sys.exit(load_entry_point('delivery-robot-main-controller==0.0.1', 'console_scripts', 'delivery_robot_main_controller')())
[delivery_robot_main_controller-20]              ^^^^^^^^^^^^^^^^^^^^^^^^^^^^^^^^^^^^^^^^^^^^^^^^^^^^^^^^^^^^^^^^^^^^^^^^^^^^^^^^^^^^^^^^^^^^^^^^^^^^^^^^^^^^^^^^
[delivery_robot_main_controller-20]   File "/home/smr/workspaces/mini_amr/amrROS2_ws/install/delivery_robot_main_controller/lib/python3.12/site-packages/delivery_robot_main_controller/main_controller_node.py", line 1690, in main
[delivery_robot_main_controller-20]     node = DeliveryRobotMainController()
[delivery_robot_main_controller-20]            ^^^^^^^^^^^^^^^^^^^^^^^^^^^^^
[delivery_robot_main_controller-20]   File "/home/smr/workspaces/mini_amr/amrROS2_ws/install/delivery_robot_main_controller/lib/python3.12/site-packages/delivery_robot_main_controller/main_controller_node.py", line 168, in __init__
[delivery_robot_main_controller-20]     self.navigator.waitUntilNav2Active()
[delivery_robot_main_controller-20]   File "/home/smr/workspaces/mini_amr/amrROS2_ws/install/delivery_robot_main_controller/lib/python3.12/site-packages/delivery_robot_main_controller/robot_navigator.py", line 260, in waitUntilNav2Active
[delivery_robot_main_controller-20]     self._waitForNodeToActivate('bt_navigator')
[delivery_robot_main_controller-20]   File "/home/smr/workspaces/mini_amr/amrROS2_ws/install/delivery_robot_main_controller/lib/python3.12/site-packages/delivery_robot_main_controller/robot_navigator.py", line 430, in _waitForNodeToActivate
[delivery_robot_main_controller-20]     time.sleep(2)
[delivery_robot_main_controller-20] KeyboardInterrupt
[collision_detector-18] [INFO] [1772422992.370126803] [rclcpp]: signal_handler(SIGINT/SIGTERM)
[collision_detector-18] [INFO] [1772422992.370259798] [collision_detector]: Running Nav2 LifecycleNode rcl preshutdown (collision_detector)
[collision_detector-18] [INFO] [1772422992.370345253] [collision_detector]: Deactivating
[collision_detector-18] [INFO] [1772422992.370365669] [collision_detector]: Destroying bond (collision_detector) to lifecycle manager.
[lifecycle_manager-19] [INFO] [1772422992.370685906] [rclcpp]: signal_handler(SIGINT/SIGTERM)
[lifecycle_manager-19] [INFO] [1772422992.370784486] [lifecycle_manager_navigation]: Running Nav2 LifecycleManager rcl preshutdown (lifecycle_manager_navigation)
[lifecycle_manager-19] [INFO] [1772422992.370825317] [lifecycle_manager_navigation]: [34m[1mTerminating bond timer...[0m[0m
[collision_detector-18] [WARN] [1772422992.378340980] [LifecyclePublisher]: Trying to publish message on the topic '/collision_detector_state', but the publisher is not activated
[collision_detector-18] [WARN] [1772422992.378378312] [LifecyclePublisher]: Trying to publish message on the topic '/polygon_stop_detector', but the publisher is not activated
[collision_detector-18] [WARN] [1772422992.378385020] [LifecyclePublisher]: Trying to publish message on the topic '/polygon_slowdown_detector', but the publisher is not activated
[collision_monitor-17] [INFO] [1772422992.378553305] [rclcpp]: signal_handler(SIGINT/SIGTERM)
[collision_monitor-17] [INFO] [1772422992.378662967] [collision_monitor]: Running Nav2 LifecycleNode rcl preshutdown (collision_monitor)
[collision_monitor-17] [INFO] [1772422992.378743464] [collision_monitor]: Deactivating
[collision_monitor-17] [INFO] [1772422992.378766796] [collision_monitor]: Destroying bond (collision_monitor) to lifecycle manager.
[velocity_smoother-16] [INFO] [1772422992.390432129] [rclcpp]: signal_handler(SIGINT/SIGTERM)
[velocity_smoother-16] [INFO] [1772422992.390600122] [velocity_smoother]: Running Nav2 LifecycleNode rcl preshutdown (velocity_smoother)
[velocity_smoother-16] [INFO] [1772422992.390685286] [velocity_smoother]: Deactivating
[velocity_smoother-16] [INFO] [1772422992.390712993] [velocity_smoother]: Destroying bond (velocity_smoother) to lifecycle manager.
[waypoint_follower-15] [INFO] [1772422992.402461739] [rclcpp]: signal_handler(SIGINT/SIGTERM)
[waypoint_follower-15] [INFO] [1772422992.402641982] [waypoint_follower]: Running Nav2 LifecycleNode rcl preshutdown (waypoint_follower)
[waypoint_follower-15] [INFO] [1772422992.403117380] [waypoint_follower]: Deactivating
[waypoint_follower-15] [INFO] [1772422992.403208376] [waypoint_follower]: Destroying bond (waypoint_follower) to lifecycle manager.
[bt_navigator-14] [INFO] [1772422992.421451700] [rclcpp]: signal_handler(SIGINT/SIGTERM)
[bt_navigator-14] [INFO] [1772422992.421564279] [bt_navigator]: Running Nav2 LifecycleNode rcl preshutdown (bt_navigator)
[bt_navigator-14] [INFO] [1772422992.421650609] [bt_navigator]: Deactivating
[bt_navigator-14] [INFO] [1772422992.421681524] [bt_navigator]: Destroying bond (bt_navigator) to lifecycle manager.
[behavior_server-13] [INFO] [1772422992.433302525] [rclcpp]: signal_handler(SIGINT/SIGTERM)
[behavior_server-13] [INFO] [1772422992.433803880] [behavior_server]: Running Nav2 LifecycleNode rcl preshutdown (behavior_server)
[behavior_server-13] [INFO] [1772422992.434007456] [behavior_server]: Deactivating
[behavior_server-13] [INFO] [1772422992.434070745] [behavior_server]: Destroying bond (behavior_server) to lifecycle manager.
[planner_server-12] [INFO] [1772422992.458017386] [rclcpp]: signal_handler(SIGINT/SIGTERM)
[planner_server-12] [INFO] [1772422992.458125006] [planner_server]: Running Nav2 LifecycleNode rcl preshutdown (planner_server)
[planner_server-12] [INFO] [1772422992.458197920] [planner_server]: Deactivating
[planner_server-12] [INFO] [1772422992.458229419] [global_costmap.global_costmap]: Deactivating
[collision_detector-18] [INFO] [1772422992.471231990] [collision_detector]: Cleaning up
[collision_detector-18] [INFO] [1772422992.471285655] [collision_monitor]: [PolygonStop]: Destroying Circle
[collision_detector-18] [INFO] [1772422992.471292946] [collision_monitor]: [PolygonStop]: Destroying Polygon
[collision_detector-18] [INFO] [1772422992.471301696] [collision_monitor]: [PolygonSlow]: Destroying Polygon
[collision_detector-18] [INFO] [1772422992.471308404] [collision_monitor]: [scan]: Destroying Scan
[collision_monitor-17] [INFO] [1772422992.479150720] [collision_monitor]: Cleaning up
[collision_monitor-17] [INFO] [1772422992.479219843] [collision_monitor]: [PolygonStop]: Destroying Circle
[collision_monitor-17] [INFO] [1772422992.479233842] [collision_monitor]: [PolygonStop]: Destroying Polygon
[collision_monitor-17] [INFO] [1772422992.479246092] [collision_monitor]: [PolygonSlow]: Destroying Polygon
[collision_monitor-17] [INFO] [1772422992.479256591] [collision_monitor]: [FootprintApproach]: Destroying Polygon
[collision_monitor-17] [INFO] [1772422992.479270882] [collision_monitor]: [scan]: Destroying Scan
[collision_monitor-17] [INFO] [1772422992.491241578] [collision_monitor]: Destroying bond (collision_monitor) to lifecycle manager.
[velocity_smoother-16] [INFO] [1772422992.491666519] [velocity_smoother]: Cleaning up
[velocity_smoother-16] [INFO] [1772422992.491723976] [velocity_smoother]: Destroying bond (velocity_smoother) to lifecycle manager.
[waypoint_follower-15] [INFO] [1772422992.503649465] [waypoint_follower]: Cleaning up
[collision_detector-18] [INFO] [1772422992.511291997] [collision_detector]: Destroying bond (collision_detector) to lifecycle manager.
[behavior_server-13] [INFO] [1772422992.536006858] [behavior_server]: Cleaning up
[collision_monitor-17] [INFO] [1772422992.559041784] [collision_monitor]: Destroying
[smoother_server-11] [INFO] [1772422992.588882485] [rclcpp]: signal_handler(SIGINT/SIGTERM)
[smoother_server-11] [INFO] [1772422992.589002647] [smoother_server]: Running Nav2 LifecycleNode rcl preshutdown (smoother_server)
[smoother_server-11] [INFO] [1772422992.589086935] [smoother_server]: Deactivating
[smoother_server-11] [INFO] [1772422992.589106184] [smoother_server]: Destroying bond (smoother_server) to lifecycle manager.
[collision_detector-18] [INFO] [1772422992.595044576] [collision_detector]: Destroying
[bt_navigator-14] [INFO] [1772422992.598981921] [bt_navigator]: Cleaning up
[controller_server-10] [INFO] [1772422992.603603780] [rclcpp]: signal_handler(SIGINT/SIGTERM)
[controller_server-10] [INFO] [1772422992.603703818] [controller_server]: Running Nav2 LifecycleNode rcl preshutdown (controller_server)
[controller_server-10] [INFO] [1772422992.603781398] [controller_server]: Deactivating
[controller_server-10] [INFO] [1772422992.603815522] [MPPIController]: Deactivated MPPI Controller: FollowPath
[controller_server-10] [INFO] [1772422992.603835355] [local_costmap.local_costmap]: Deactivating
[behavior_server-13] [INFO] [1772422992.632358940] [behavior_server]: Destroying bond (behavior_server) to lifecycle manager.
[costmap_filter_info_server-9] [INFO] [1772422992.633566684] [rclcpp]: signal_handler(SIGINT/SIGTERM)
[costmap_filter_info_server-9] [INFO] [1772422992.633737886] [keepout_costmap_filter_info_server]: Running Nav2 LifecycleNode rcl preshutdown (keepout_costmap_filter_info_server)
[costmap_filter_info_server-9] [INFO] [1772422992.633820424] [keepout_costmap_filter_info_server]: Deactivating
[costmap_filter_info_server-9] [INFO] [1772422992.633839382] [keepout_costmap_filter_info_server]: Destroying bond (keepout_costmap_filter_info_server) to lifecycle manager.
[call_robot_button-22] [0m[INFO] [1772422992.682206895] [call_robot_button_node]: CallRobotButton interrupted by user.[0m
[call_robot_button-22] Failed to publish log message to rosout: publisher's context is invalid, at ./src/rcl/publisher.c:423
[map_server-8] [INFO] [1772422992.677498705] [rclcpp]: signal_handler(SIGINT/SIGTERM)
[map_server-8] [INFO] [1772422992.677646575] [keepout_filter_mask_server]: Running Nav2 LifecycleNode rcl preshutdown (keepout_filter_mask_server)
[map_server-8] [INFO] [1772422992.677727071] [keepout_filter_mask_server]: Deactivating
[map_server-8] [INFO] [1772422992.677743987] [keepout_filter_mask_server]: Destroying bond (keepout_filter_mask_server) to lifecycle manager.
[smoother_server-11] [INFO] [1772422992.689475234] [smoother_server]: Cleaning up
[controller_server-10] [INFO] [1772422992.700381680] [controller_server]: Destroying bond (controller_server) to lifecycle manager.
[localization_slam_toolbox_node-7] [INFO] [1772422992.701637547] [rclcpp]: signal_handler(SIGINT/SIGTERM)
[localization_slam_toolbox_node-7] Unregistering sensor: Custom Described Lidar
[costmap_filter_info_server-9] [INFO] [1772422992.734449630] [keepout_costmap_filter_info_server]: Cleaning up
[costmap_filter_info_server-9] [INFO] [1772422992.734514378] [keepout_costmap_filter_info_server]: Destroying bond (keepout_costmap_filter_info_server) to lifecycle manager.
[smoother_server-11] [INFO] [1772422992.784642905] [smoother_server]: Destroying bond (smoother_server) to lifecycle manager.
[robot_hardware-6] [INFO] [1772422992.793532263] [rclcpp]: signal_handler(SIGINT/SIGTERM)
[controller_server-10] [INFO] [1772422992.800937680] [controller_server]: Cleaning up
[controller_server-10] [INFO] [1772422992.808808870] [MPPIController]: Cleaned up MPPI Controller: FollowPath
[controller_server-10] [INFO] [1772422992.808999613] [local_costmap.local_costmap]: Cleaning up
[velocity_smoother-16] [INFO] [1772422992.817740227] [velocity_smoother]: Destroying
[ekf_node-5] [INFO] [1772422992.826969947] [rclcpp]: signal_handler(SIGINT/SIGTERM)
[waypoint_follower-15] [INFO] [1772422992.878276178] [waypoint_follower]: Destroying bond (waypoint_follower) to lifecycle manager.
[waypoint_follower-15] [INFO] [1772422992.882416807] [waypoint_follower]: Destroying
[scan_to_scan_filter_chain-4] [INFO] [1772422992.903392648] [rclcpp]: signal_handler(SIGINT/SIGTERM)
[autodock_action_server-25] Traceback (most recent call last):
[autodock_action_server-25]   File "/home/smr/workspaces/mini_amr/amrROS2_ws/install/action_autodock/lib/python3.12/site-packages/action_autodock/autodock_action_server.py", line 1409, in main
[autodock_action_server-25]     executor.spin()
[autodock_action_server-25]   File "/opt/ros/jazzy/lib/python3.12/site-packages/rclpy/executors.py", line 359, in spin
[autodock_action_server-25]     self._spin_once_impl()
[autodock_action_server-25]   File "/opt/ros/jazzy/lib/python3.12/site-packages/rclpy/executors.py", line 988, in _spin_once_impl
[autodock_action_server-25]     handler, entity, node = self.wait_for_ready_callbacks(
[autodock_action_server-25]                             ^^^^^^^^^^^^^^^^^^^^^^^^^^^^^^
[autodock_action_server-25]   File "/opt/ros/jazzy/lib/python3.12/site-packages/rclpy/executors.py", line 874, in wait_for_ready_callbacks
[autodock_action_server-25]     return next(self._cb_iter)
[autodock_action_server-25]            ^^^^^^^^^^^^^^^^^^^
[autodock_action_server-25]   File "/opt/ros/jazzy/lib/python3.12/site-packages/rclpy/executors.py", line 778, in _wait_for_ready_callbacks
[autodock_action_server-25]     wait_set.wait(timeout_nsec)
[autodock_action_server-25] KeyboardInterrupt
[autodock_action_server-25] 
[autodock_action_server-25] During handling of the above exception, another exception occurred:
[autodock_action_server-25] 
[autodock_action_server-25] Traceback (most recent call last):
[autodock_action_server-25]   File "/home/smr/workspaces/mini_amr/amrROS2_ws/install/action_autodock/lib/action_autodock/autodock_action_server", line 33, in <module>
[autodock_action_server-25]     sys.exit(load_entry_point('action-autodock==0.0.0', 'console_scripts', 'autodock_action_server')())
[autodock_action_server-25]              ^^^^^^^^^^^^^^^^^^^^^^^^^^^^^^^^^^^^^^^^^^^^^^^^^^^^^^^^^^^^^^^^^^^^^^^^^^^^^^^^^^^^^^^^^
[autodock_action_server-25]   File "/home/smr/workspaces/mini_amr/amrROS2_ws/install/action_autodock/lib/python3.12/site-packages/action_autodock/autodock_action_server.py", line 1420, in main
[autodock_action_server-25]     rclpy.shutdown()   
[autodock_action_server-25]     ^^^^^^^^^^^^^^^^
[autodock_action_server-25]   File "/opt/ros/jazzy/lib/python3.12/site-packages/rclpy/__init__.py", line 134, in shutdown
[autodock_action_server-25]     _shutdown(context=context)
[autodock_action_server-25]   File "/opt/ros/jazzy/lib/python3.12/site-packages/rclpy/utilities.py", line 82, in shutdown
[autodock_action_server-25]     context.shutdown()
[autodock_action_server-25]   File "/opt/ros/jazzy/lib/python3.12/site-packages/rclpy/context.py", line 129, in shutdown
[autodock_action_server-25]     self.__context.shutdown()
[autodock_action_server-25] rclpy._rclpy_pybind11.RCLError: failed to shutdown: rcl_shutdown already called on the given context, at ./src/rcl/init.c:333
[planner_server-12] [INFO] [1772422993.013592227] [planner_server]: Deactivating plugin GridBased of type SmacPlanner2D
[planner_server-12] [INFO] [1772422993.013691390] [planner_server]: Destroying bond (planner_server) to lifecycle manager.
[planner_server-12] [INFO] [1772422993.054161755] [planner_server]: Cleaning up
[planner_server-12] [INFO] [1772422993.144525574] [global_costmap.global_costmap]: Cleaning up
[controller_server-10] [INFO] [1772422993.024298306] [controller_server]: Destroying bond (controller_server) to lifecycle manager.
[behavior_server-13] [INFO] [1772422993.035196002] [behavior_server]: Destroying
[map_server-8] [INFO] [1772422993.043681126] [keepout_filter_mask_server]: Cleaning up
[map_server-8] [INFO] [1772422993.043750540] [keepout_filter_mask_server]: Destroying bond (keepout_filter_mask_server) to lifecycle manager.
[map_server-8] [INFO] [1772422993.062332767] [keepout_filter_mask_server]: Destroying
[costmap_filter_info_server-9] [INFO] [1772422993.052364576] [keepout_costmap_filter_info_server]: Destroying
[smoother_server-11] [INFO] [1772422993.085816843] [smoother_server]: Destroying
[lifecycle_manager-19] [INFO] [1772422993.182300753] [lifecycle_manager_navigation]: Destroying lifecycle_manager_navigation
[robot_state_publisher-1] [INFO] [1772422993.214214247] [rclcpp]: signal_handler(SIGINT/SIGTERM)
[controller_server-10] [INFO] [1772422993.244397643] [local_costmap.local_costmap]: Destroying
[planner_server-12] [INFO] [1772422993.325352665] [planner_server]: Cleaning up plugin GridBased of type SmacPlanner2D
[planner_server-12] [INFO] [1772422993.329915319] [planner_server]: Destroying plugin GridBased of type SmacPlanner2D
[sllidar_node-3] [INFO] [1772422993.349732414] [sllidar_node]: Stop motor
[controller_server-10] [INFO] [1772422993.360491573] [controller_server]: Destroying
[planner_server-12] [INFO] [1772422993.560992265] [planner_server]: Destroying bond (planner_server) to lifecycle manager.
[planner_server-12] [INFO] [1772422993.584978863] [global_costmap.global_costmap]: Destroying
[rpc_run_node-23] Traceback (most recent call last):
[rpc_run_node-23]   File "/home/smr/workspaces/mini_amr/amrROS2_ws/install/delivery_robot_main_controller/lib/delivery_robot_main_controller/rpc_run_node", line 33, in <module>
[rpc_run_node-23]     sys.exit(load_entry_point('delivery-robot-main-controller==0.0.1', 'console_scripts', 'rpc_run_node')())
[rpc_run_node-23]              ^^^^^^^^^^^^^^^^^^^^^^^^^^^^^^^^^^^^^^^^^^^^^^^^^^^^^^^^^^^^^^^^^^^^^^^^^^^^^^^^^^^^^^^^^^^^^^
[rpc_run_node-23]   File "/home/smr/workspaces/mini_amr/amrROS2_ws/install/delivery_robot_main_controller/lib/python3.12/site-packages/delivery_robot_main_controller/rpc_run_node.py", line 57, in main
[rpc_run_node-23]     rclpy.shutdown()
[planner_server-12] [INFO] [1772422993.735233491] [planner_server]: Destroying
[rpc_run_node-23]   File "/opt/ros/jazzy/lib/python3.12/site-packages/rclpy/__init__.py", line 134, in shutdown
[rpc_run_node-23]     _shutdown(context=context)
[rpc_run_node-23]   File "/opt/ros/jazzy/lib/python3.12/site-packages/rclpy/utilities.py", line 82, in shutdown
[rpc_run_node-23]     context.shutdown()
[rpc_run_node-23]   File "/opt/ros/jazzy/lib/python3.12/site-packages/rclpy/context.py", line 129, in shutdown
[rpc_run_node-23]     self.__context.shutdown()
[rpc_run_node-23] rclpy._rclpy_pybind11.RCLError: failed to shutdown: rcl_shutdown already called on the given context, at ./src/rcl/init.c:333
[robot_sound-21] Traceback (most recent call last):
[robot_sound-21]   File "/home/smr/workspaces/mini_amr/amrROS2_ws/install/delivery_robot_main_controller/lib/delivery_robot_main_controller/robot_sound", line 33, in <module>
[robot_sound-21]     sys.exit(load_entry_point('delivery-robot-main-controller==0.0.1', 'console_scripts', 'robot_sound')())
[robot_sound-21]              ^^^^^^^^^^^^^^^^^^^^^^^^^^^^^^^^^^^^^^^^^^^^^^^^^^^^^^^^^^^^^^^^^^^^^^^^^^^^^^^^^^^^^^^^^^^^^
[robot_sound-21]   File "/home/smr/workspaces/mini_amr/amrROS2_ws/install/delivery_robot_main_controller/lib/python3.12/site-packages/delivery_robot_main_controller/robot_sound.py", line 368, in main
[robot_sound-21]     rclpy.shutdown()
[robot_sound-21]   File "/opt/ros/jazzy/lib/python3.12/site-packages/rclpy/__init__.py", line 134, in shutdown
[robot_sound-21]     _shutdown(context=context)
[robot_sound-21]   File "/opt/ros/jazzy/lib/python3.12/site-packages/rclpy/utilities.py", line 82, in shutdown
[robot_sound-21]     context.shutdown()
[robot_sound-21]   File "/opt/ros/jazzy/lib/python3.12/site-packages/rclpy/context.py", line 129, in shutdown
[robot_sound-21]     self.__context.shutdown()
[robot_sound-21] rclpy._rclpy_pybind11.RCLError: failed to shutdown: rcl_shutdown already called on the given context, at ./src/rcl/init.c:333
[bt_navigator-14] [INFO] [1772422993.855635460] [bt_navigator]: Completed Cleaning up
[bt_navigator-14] [INFO] [1772422993.855725873] [bt_navigator]: Destroying bond (bt_navigator) to lifecycle manager.
[bt_navigator-14] [INFO] [1772422993.957021220] [bt_navigator]: Destroying
[INFO] [collision_detector-18]: process has finished cleanly [pid 44825]
[INFO] [velocity_smoother-16]: process has finished cleanly [pid 44823]
[ERROR] [battery_manager_node-26]: process has died [pid 45187, exit code -2, cmd '/home/smr/workspaces/mini_amr/amrROS2_ws/install/battery_management/lib/battery_management/battery_manager_node --ros-args -r __node:=battery_manager -r __ns:=/ --params-file /home/smr/workspaces/mini_amr/amrROS2_ws/install/battery_management/share/battery_management/config/battery_manager.yaml -r /tf:=tf -r /tf_static:=tf_static'].
[INFO] [collision_monitor-17]: process has finished cleanly [pid 44824]
[ERROR] [robot_sound-21]: process has died [pid 45182, exit code 1, cmd '/home/smr/workspaces/mini_amr/amrROS2_ws/install/delivery_robot_main_controller/lib/delivery_robot_main_controller/robot_sound --ros-args -r __node:=robot_sound_node -r __ns:=/ -r /tf:=tf -r /tf_static:=tf_static'].
[INFO] [behavior_server-13]: process has finished cleanly [pid 44818]
[call_robot_button-22] Traceback (most recent call last):
[INFO] [waypoint_follower-15]: process has finished cleanly [pid 44820]
[call_robot_button-22]   File "/home/smr/workspaces/mini_amr/amrROS2_ws/install/delivery_robot_main_controller/lib/delivery_robot_main_controller/call_robot_button", line 33, in <module>
[call_robot_button-22]     sys.exit(load_entry_point('delivery-robot-main-controller==0.0.1', 'console_scripts', 'call_robot_button')())
[call_robot_button-22]              ^^^^^^^^^^^^^^^^^^^^^^^^^^^^^^^^^^^^^^^^^^^^^^^^^^^^^^^^^^^^^^^^^^^^^^^^^^^^^^^^^^^^^^^^^^^^^^^^^^^
[call_robot_button-22]   File "/home/smr/workspaces/mini_amr/amrROS2_ws/install/delivery_robot_main_controller/lib/python3.12/site-packages/delivery_robot_main_controller/call_button.py", line 251, in main
[ERROR] [rpc_run_node-23]: process has died [pid 45184, exit code 1, cmd '/home/smr/workspaces/mini_amr/amrROS2_ws/install/delivery_robot_main_controller/lib/delivery_robot_main_controller/rpc_run_node --ros-args -r __node:=rpc_run_node -r __ns:=/ -r /tf:=tf -r /tf_static:=tf_static'].
[call_robot_button-22]     rclpy.shutdown()
[call_robot_button-22]   File "/opt/ros/jazzy/lib/python3.12/site-packages/rclpy/__init__.py", line 134, in shutdown
[call_robot_button-22]     _shutdown(context=context)
[call_robot_button-22]   File "/opt/ros/jazzy/lib/python3.12/site-packages/rclpy/utilities.py", line 82, in shutdown
[call_robot_button-22]     context.shutdown()
[call_robot_button-22]   File "/opt/ros/jazzy/lib/python3.12/site-packages/rclpy/context.py", line 129, in shutdown
[call_robot_button-22]     self.__context.shutdown()
[call_robot_button-22] rclpy._rclpy_pybind11.RCLError: failed to shutdown: rcl_shutdown already called on the given context, at ./src/rcl/init.c:333
[INFO] [map_server-8]: process has finished cleanly [pid 44811]
[INFO] [lifecycle_manager-19]: process has finished cleanly [pid 44826]
[INFO] [robot_hardware-6]: process has finished cleanly [pid 44809]
[ERROR] [call_robot_button-22]: process has died [pid 45183, exit code 1, cmd '/home/smr/workspaces/mini_amr/amrROS2_ws/install/delivery_robot_main_controller/lib/delivery_robot_main_controller/call_robot_button --ros-args -r __node:=call_robot_button_node -r __ns:=/ -r /tf:=tf -r /tf_static:=tf_static'].
[INFO] [smoother_server-11]: process has finished cleanly [pid 44814]
[INFO] [costmap_filter_info_server-9]: process has finished cleanly [pid 44812]
[INFO] [controller_server-10]: process has finished cleanly [pid 44813]
[INFO] [joint_state_publisher-2]: process has finished cleanly [pid 44805]
[INFO] [planner_server-12]: process has finished cleanly [pid 44817]
[INFO] [ekf_node-5]: process has finished cleanly [pid 44808]
[ERROR] [autodock_action_server-25]: process has died [pid 45186, exit code 1, cmd '/home/smr/workspaces/mini_amr/amrROS2_ws/install/action_autodock/lib/action_autodock/autodock_action_server --ros-args -r __ns:=/ --params-file /home/smr/workspaces/mini_amr/amrROS2_ws/install/action_autodock/share/action_autodock/config/auto_dock_config.yaml --params-file /tmp/launch_params_8ltc3wvr -r /tf:=tf -r /tf_static:=tf_static'].
[INFO] [bt_navigator-14]: process has finished cleanly [pid 44819]
[INFO] [scan_to_scan_filter_chain-4]: process has finished cleanly [pid 44807]
[ERROR] [delivery_robot_main_controller-20]: process has died [pid 45181, exit code -2, cmd '/home/smr/workspaces/mini_amr/amrROS2_ws/install/delivery_robot_main_controller/lib/delivery_robot_main_controller/delivery_robot_main_controller --ros-args -r __node:=main_controller_node -r __ns:=/ --params-file /tmp/launch_params_67zpu5jf -r /tf:=tf -r /tf_static:=tf_static'].
[INFO] [robot_state_publisher-1]: process has finished cleanly [pid 44804]
[INFO] [sllidar_node-3]: process has finished cleanly [pid 44806]
[INFO] [localization_slam_toolbox_node-7]: process has finished cleanly [pid 44810]
