nohup: ignoring input
[INFO] [1779437266.021790149] [usb_cam]: camera_name value: default_cam
[WARN] [1779437266.021926935] [usb_cam]: framerate: 30.000000
[INFO] [1779437266.037734044] [usb_cam]: using default calibration URL
[INFO] [1779437266.037837873] [usb_cam]: camera calibration URL: file:///home/smr/.ros/camera_info/default_cam.yaml
[ERROR] [1779437266.038705838] [camera_calibration_parsers]: Unable to open camera calibration file [/home/smr/.ros/camera_info/default_cam.yaml]
[WARN] [1779437266.038841749] [usb_cam]: Camera calibration file /home/smr/.ros/camera_info/default_cam.yaml not found
[INFO] [1779437266.228415936] [usb_cam]: Starting 'default_cam' (/dev/video0) at 640x480 via mmap (yuyv) at 30 FPS
[swscaler @ 0xaaaaecf7b1a0] No accelerated colorspace conversion found from yuv422p to rgb24.
This device supports the following formats:
	Motion-JPEG 1920 x 1080 (30 Hz)
	Motion-JPEG 640 x 480 (30 Hz)
	Motion-JPEG 352 x 288 (30 Hz)
	Motion-JPEG 424 x 240 (30 Hz)
	Motion-JPEG 480 x 270 (30 Hz)
	Motion-JPEG 640 x 360 (30 Hz)
	Motion-JPEG 800 x 480 (30 Hz)
	Motion-JPEG 800 x 600 (30 Hz)
	Motion-JPEG 960 x 540 (30 Hz)
	Motion-JPEG 1024 x 576 (30 Hz)
	Motion-JPEG 1280 x 720 (30 Hz)
	Motion-JPEG 1600 x 896 (30 Hz)
	YUYV 4:2:2 1920 x 1080 (5 Hz)
	YUYV 4:2:2 640 x 480 (30 Hz)
	YUYV 4:2:2 352 x 288 (30 Hz)
	YUYV 4:2:2 424 x 240 (30 Hz)
	YUYV 4:2:2 480 x 270 (30 Hz)
	YUYV 4:2:2 640 x 360 (30 Hz)
	YUYV 4:2:2 800 x 480 (25 Hz)
	YUYV 4:2:2 800 x 600 (15 Hz)
	YUYV 4:2:2 960 x 540 (20 Hz)
	YUYV 4:2:2 1024 x 576 (15 Hz)
	YUYV 4:2:2 1280 x 720 (10 Hz)
	YUYV 4:2:2 1600 x 896 (7 Hz)
[INFO] [1779437266.321065637] [usb_cam]: Setting 'brightness' to 50
unknown control 'white_balance_temperature_auto'

[INFO] [1779437266.434004015] [usb_cam]: Setting 'white_balance_temperature_auto' to 1
[INFO] [1779437266.434061179] [usb_cam]: Setting 'exposure_auto' to 3
unknown control 'exposure_auto'

[INFO] [1779437266.444365636] [usb_cam]: Setting 'focus_auto' to 0
unknown control 'focus_auto'

[INFO] [1779437266.468519031] [usb_cam]: Timer triggering every 33 ms
