[0.085s] Invoking command in '/home/smr/workspaces/mini_amr/amrROS2_ws/build/custom_interface': CMAKE_PREFIX_PATH=${CMAKE_PREFIX_PATH}:/home/smr/workspaces/mini_amr/amrROS2_ws/install/python_pkg:/home/smr/workspaces/mini_amr/amrROS2_ws/install/action_autodock:/opt/ros/jazzy DEBUGINFOD_URLS=https://debuginfod.ubuntu.com /usr/bin/cmake --build /home/smr/workspaces/mini_amr/amrROS2_ws/build/custom_interface -- -j8 -l8
[1.021s] [  2%] Built target custom_interface__rosidl_generator_type_description
[1.024s] [  2%] Built target ament_cmake_python_copy_custom_interface
[1.028s] [ 20%] Built target custom_interface__rosidl_generator_c
[1.030s] [ 22%] Built target custom_interface__cpp
[1.032s] [ 31%] Built target custom_interface__rosidl_typesupport_introspection_c
[1.033s] [ 40%] Built target custom_interface__rosidl_typesupport_c
[1.034s] [ 50%] Built target custom_interface__rosidl_typesupport_fastrtps_c
[1.035s] [ 59%] Built target custom_interface__rosidl_typesupport_cpp
[1.036s] [ 68%] Built target custom_interface__rosidl_typesupport_introspection_cpp
[1.036s] [ 77%] Built target custom_interface__rosidl_typesupport_fastrtps_cpp
[1.036s] [ 77%] Built target custom_interface
[1.036s] [ 79%] Built target custom_interface__py
[1.036s] [ 86%] Built target custom_interface__rosidl_generator_py
[1.036s] running egg_info
[1.037s] [ 90%] Built target custom_interface_s__rosidl_typesupport_c
[1.037s] [ 95%] Built target custom_interface_s__rosidl_typesupport_introspection_c
[1.037s] [100%] Built target custom_interface_s__rosidl_typesupport_fastrtps_c
[1.037s] writing custom_interface.egg-info/PKG-INFO
[1.037s] writing dependency_links to custom_interface.egg-info/dependency_links.txt
[1.037s] writing top-level names to custom_interface.egg-info/top_level.txt
[1.037s] reading manifest file 'custom_interface.egg-info/SOURCES.txt'
[1.037s] writing manifest file 'custom_interface.egg-info/SOURCES.txt'
[1.038s] [100%] Built target ament_cmake_python_build_custom_interface_egg
[1.182s] Invoked command in '/home/smr/workspaces/mini_amr/amrROS2_ws/build/custom_interface' returned '0': CMAKE_PREFIX_PATH=${CMAKE_PREFIX_PATH}:/home/smr/workspaces/mini_amr/amrROS2_ws/install/python_pkg:/home/smr/workspaces/mini_amr/amrROS2_ws/install/action_autodock:/opt/ros/jazzy DEBUGINFOD_URLS=https://debuginfod.ubuntu.com /usr/bin/cmake --build /home/smr/workspaces/mini_amr/amrROS2_ws/build/custom_interface -- -j8 -l8
[1.184s] Invoking command in '/home/smr/workspaces/mini_amr/amrROS2_ws/build/custom_interface': CMAKE_PREFIX_PATH=${CMAKE_PREFIX_PATH}:/home/smr/workspaces/mini_amr/amrROS2_ws/install/python_pkg:/home/smr/workspaces/mini_amr/amrROS2_ws/install/action_autodock:/opt/ros/jazzy DEBUGINFOD_URLS=https://debuginfod.ubuntu.com /usr/bin/cmake --install /home/smr/workspaces/mini_amr/amrROS2_ws/build/custom_interface
[1.198s] -- Install configuration: ""
[1.199s] -- Up-to-date: /home/smr/workspaces/mini_amr/amrROS2_ws/install/custom_interface/share/ament_index/resource_index/rosidl_interfaces/custom_interface
[1.200s] -- Up-to-date: /home/smr/workspaces/mini_amr/amrROS2_ws/install/custom_interface/share/custom_interface/action/Autodock.json
[1.200s] -- Up-to-date: /home/smr/workspaces/mini_amr/amrROS2_ws/install/custom_interface/share/custom_interface/msg/Initdock.json
[1.201s] -- Up-to-date: /home/smr/workspaces/mini_amr/amrROS2_ws/install/custom_interface/include/custom_interface/custom_interface
[1.201s] -- Up-to-date: /home/smr/workspaces/mini_amr/amrROS2_ws/install/custom_interface/include/custom_interface/custom_interface/action
[1.202s] -- Up-to-date: /home/smr/workspaces/mini_amr/amrROS2_ws/install/custom_interface/include/custom_interface/custom_interface/action/detail
[1.202s] -- Up-to-date: /home/smr/workspaces/mini_amr/amrROS2_ws/install/custom_interface/include/custom_interface/custom_interface/action/detail/autodock__type_support.h
[1.205s] -- Installing: /home/smr/workspaces/mini_amr/amrROS2_ws/install/custom_interface/include/custom_interface/custom_interface/action/detail/autodock__type_support.c
[1.206s] -- Up-to-date: /home/smr/workspaces/mini_amr/amrROS2_ws/install/custom_interface/include/custom_interface/custom_interface/action/detail/autodock__struct.h
[1.212s] -- Up-to-date: /home/smr/workspaces/mini_amr/amrROS2_ws/install/custom_interface/include/custom_interface/custom_interface/action/detail/autodock__description.c
[1.218s] -- Up-to-date: /home/smr/workspaces/mini_amr/amrROS2_ws/install/custom_interface/include/custom_interface/custom_interface/action/detail/autodock__functions.c
[1.221s] -- Up-to-date: /home/smr/workspaces/mini_amr/amrROS2_ws/install/custom_interface/include/custom_interface/custom_interface/action/detail/autodock__functions.h
[1.221s] -- Up-to-date: /home/smr/workspaces/mini_amr/amrROS2_ws/install/custom_interface/include/custom_interface/custom_interface/action/autodock.h
[1.222s] -- Up-to-date: /home/smr/workspaces/mini_amr/amrROS2_ws/install/custom_interface/include/custom_interface/custom_interface/msg
[1.229s] -- Up-to-date: /home/smr/workspaces/mini_amr/amrROS2_ws/install/custom_interface/include/custom_interface/custom_interface/msg/rosidl_generator_c__visibility_control.h
[1.230s] -- Up-to-date: /home/smr/workspaces/mini_amr/amrROS2_ws/install/custom_interface/include/custom_interface/custom_interface/msg/initdock.h
[1.230s] -- Up-to-date: /home/smr/workspaces/mini_amr/amrROS2_ws/install/custom_interface/include/custom_interface/custom_interface/msg/detail
[1.230s] -- Installing: /home/smr/workspaces/mini_amr/amrROS2_ws/install/custom_interface/include/custom_interface/custom_interface/msg/detail/initdock__type_support.c
[1.230s] -- Up-to-date: /home/smr/workspaces/mini_amr/amrROS2_ws/install/custom_interface/include/custom_interface/custom_interface/msg/detail/initdock__struct.h
[1.231s] -- Up-to-date: /home/smr/workspaces/mini_amr/amrROS2_ws/install/custom_interface/include/custom_interface/custom_interface/msg/detail/initdock__type_support.h
[1.231s] -- Up-to-date: /home/smr/workspaces/mini_amr/amrROS2_ws/install/custom_interface/include/custom_interface/custom_interface/msg/detail/initdock__functions.c
[1.231s] -- Up-to-date: /home/smr/workspaces/mini_amr/amrROS2_ws/install/custom_interface/include/custom_interface/custom_interface/msg/detail/initdock__functions.h
[1.232s] -- Up-to-date: /home/smr/workspaces/mini_amr/amrROS2_ws/install/custom_interface/include/custom_interface/custom_interface/msg/detail/initdock__description.c
[1.232s] -- Up-to-date: /home/smr/workspaces/mini_amr/amrROS2_ws/install/custom_interface/share/custom_interface/environment/library_path.sh
[1.232s] -- Up-to-date: /home/smr/workspaces/mini_amr/amrROS2_ws/install/custom_interface/share/custom_interface/environment/library_path.dsv
[1.232s] -- Up-to-date: /home/smr/workspaces/mini_amr/amrROS2_ws/install/custom_interface/lib/libcustom_interface__rosidl_generator_c.so
[1.232s] -- Up-to-date: /home/smr/workspaces/mini_amr/amrROS2_ws/install/custom_interface/include/custom_interface/custom_interface
[1.232s] -- Up-to-date: /home/smr/workspaces/mini_amr/amrROS2_ws/install/custom_interface/include/custom_interface/custom_interface/action
[1.232s] -- Up-to-date: /home/smr/workspaces/mini_amr/amrROS2_ws/install/custom_interface/include/custom_interface/custom_interface/action/detail
[1.232s] -- Up-to-date: /home/smr/workspaces/mini_amr/amrROS2_ws/install/custom_interface/include/custom_interface/custom_interface/action/detail/autodock__rosidl_typesupport_fastrtps_c.h
[1.233s] -- Up-to-date: /home/smr/workspaces/mini_amr/amrROS2_ws/install/custom_interface/include/custom_interface/custom_interface/msg
[1.233s] -- Up-to-date: /home/smr/workspaces/mini_amr/amrROS2_ws/install/custom_interface/include/custom_interface/custom_interface/msg/rosidl_typesupport_fastrtps_c__visibility_control.h
[1.233s] -- Up-to-date: /home/smr/workspaces/mini_amr/amrROS2_ws/install/custom_interface/include/custom_interface/custom_interface/msg/detail
[1.233s] -- Up-to-date: /home/smr/workspaces/mini_amr/amrROS2_ws/install/custom_interface/include/custom_interface/custom_interface/msg/detail/initdock__rosidl_typesupport_fastrtps_c.h
[1.233s] -- Up-to-date: /home/smr/workspaces/mini_amr/amrROS2_ws/install/custom_interface/lib/libcustom_interface__rosidl_typesupport_fastrtps_c.so
[1.234s] -- Up-to-date: /home/smr/workspaces/mini_amr/amrROS2_ws/install/custom_interface/include/custom_interface/custom_interface
[1.237s] -- Up-to-date: /home/smr/workspaces/mini_amr/amrROS2_ws/install/custom_interface/include/custom_interface/custom_interface/action
[1.238s] -- Up-to-date: /home/smr/workspaces/mini_amr/amrROS2_ws/install/custom_interface/include/custom_interface/custom_interface/action/detail
[1.252s] -- Up-to-date: /home/smr/workspaces/mini_amr/amrROS2_ws/install/custom_interface/include/custom_interface/custom_interface/action/detail/autodock__rosidl_typesupport_introspection_c.h
[1.252s] -- Installing: /home/smr/workspaces/mini_amr/amrROS2_ws/install/custom_interface/include/custom_interface/custom_interface/action/detail/autodock__type_support.c
[1.253s] -- Up-to-date: /home/smr/workspaces/mini_amr/amrROS2_ws/install/custom_interface/include/custom_interface/custom_interface/msg
[1.253s] -- Up-to-date: /home/smr/workspaces/mini_amr/amrROS2_ws/install/custom_interface/include/custom_interface/custom_interface/msg/detail
[1.254s] -- Installing: /home/smr/workspaces/mini_amr/amrROS2_ws/install/custom_interface/include/custom_interface/custom_interface/msg/detail/initdock__type_support.c
[1.255s] -- Up-to-date: /home/smr/workspaces/mini_amr/amrROS2_ws/install/custom_interface/include/custom_interface/custom_interface/msg/detail/initdock__rosidl_typesupport_introspection_c.h
[1.255s] -- Up-to-date: /home/smr/workspaces/mini_amr/amrROS2_ws/install/custom_interface/include/custom_interface/custom_interface/msg/rosidl_typesupport_introspection_c__visibility_control.h
[1.256s] -- Up-to-date: /home/smr/workspaces/mini_amr/amrROS2_ws/install/custom_interface/lib/libcustom_interface__rosidl_typesupport_introspection_c.so
[1.257s] -- Up-to-date: /home/smr/workspaces/mini_amr/amrROS2_ws/install/custom_interface/lib/libcustom_interface__rosidl_typesupport_c.so
[1.257s] -- Up-to-date: /home/smr/workspaces/mini_amr/amrROS2_ws/install/custom_interface/include/custom_interface/custom_interface
[1.258s] -- Up-to-date: /home/smr/workspaces/mini_amr/amrROS2_ws/install/custom_interface/include/custom_interface/custom_interface/action
[1.258s] -- Up-to-date: /home/smr/workspaces/mini_amr/amrROS2_ws/install/custom_interface/include/custom_interface/custom_interface/action/detail
[1.262s] -- Up-to-date: /home/smr/workspaces/mini_amr/amrROS2_ws/install/custom_interface/include/custom_interface/custom_interface/action/detail/autodock__traits.hpp
[1.262s] -- Up-to-date: /home/smr/workspaces/mini_amr/amrROS2_ws/install/custom_interface/include/custom_interface/custom_interface/action/detail/autodock__struct.hpp
[1.262s] -- Up-to-date: /home/smr/workspaces/mini_amr/amrROS2_ws/install/custom_interface/include/custom_interface/custom_interface/action/detail/autodock__builder.hpp
[1.262s] -- Up-to-date: /home/smr/workspaces/mini_amr/amrROS2_ws/install/custom_interface/include/custom_interface/custom_interface/action/detail/autodock__type_support.hpp
[1.262s] -- Up-to-date: /home/smr/workspaces/mini_amr/amrROS2_ws/install/custom_interface/include/custom_interface/custom_interface/action/autodock.hpp
[1.262s] -- Up-to-date: /home/smr/workspaces/mini_amr/amrROS2_ws/install/custom_interface/include/custom_interface/custom_interface/msg
[1.263s] -- Up-to-date: /home/smr/workspaces/mini_amr/amrROS2_ws/install/custom_interface/include/custom_interface/custom_interface/msg/initdock.hpp
[1.263s] -- Up-to-date: /home/smr/workspaces/mini_amr/amrROS2_ws/install/custom_interface/include/custom_interface/custom_interface/msg/detail
[1.263s] -- Up-to-date: /home/smr/workspaces/mini_amr/amrROS2_ws/install/custom_interface/include/custom_interface/custom_interface/msg/detail/initdock__struct.hpp
[1.263s] -- Up-to-date: /home/smr/workspaces/mini_amr/amrROS2_ws/install/custom_interface/include/custom_interface/custom_interface/msg/detail/initdock__type_support.hpp
[1.263s] -- Up-to-date: /home/smr/workspaces/mini_amr/amrROS2_ws/install/custom_interface/include/custom_interface/custom_interface/msg/detail/initdock__builder.hpp
[1.263s] -- Up-to-date: /home/smr/workspaces/mini_amr/amrROS2_ws/install/custom_interface/include/custom_interface/custom_interface/msg/detail/initdock__traits.hpp
[1.263s] -- Up-to-date: /home/smr/workspaces/mini_amr/amrROS2_ws/install/custom_interface/include/custom_interface/custom_interface/msg/rosidl_generator_cpp__visibility_control.hpp
[1.263s] -- Up-to-date: /home/smr/workspaces/mini_amr/amrROS2_ws/install/custom_interface/include/custom_interface/custom_interface
[1.263s] -- Up-to-date: /home/smr/workspaces/mini_amr/amrROS2_ws/install/custom_interface/include/custom_interface/custom_interface/action
[1.264s] -- Up-to-date: /home/smr/workspaces/mini_amr/amrROS2_ws/install/custom_interface/include/custom_interface/custom_interface/action/detail
[1.264s] -- Up-to-date: /home/smr/workspaces/mini_amr/amrROS2_ws/install/custom_interface/include/custom_interface/custom_interface/action/detail/autodock__rosidl_typesupport_fastrtps_cpp.hpp
[1.267s] -- Up-to-date: /home/smr/workspaces/mini_amr/amrROS2_ws/install/custom_interface/include/custom_interface/custom_interface/action/detail/dds_fastrtps
[1.267s] -- Up-to-date: /home/smr/workspaces/mini_amr/amrROS2_ws/install/custom_interface/include/custom_interface/custom_interface/msg
[1.267s] -- Up-to-date: /home/smr/workspaces/mini_amr/amrROS2_ws/install/custom_interface/include/custom_interface/custom_interface/msg/rosidl_typesupport_fastrtps_cpp__visibility_control.h
[1.267s] -- Up-to-date: /home/smr/workspaces/mini_amr/amrROS2_ws/install/custom_interface/include/custom_interface/custom_interface/msg/detail
[1.268s] -- Up-to-date: /home/smr/workspaces/mini_amr/amrROS2_ws/install/custom_interface/include/custom_interface/custom_interface/msg/detail/dds_fastrtps
[1.269s] -- Up-to-date: /home/smr/workspaces/mini_amr/amrROS2_ws/install/custom_interface/include/custom_interface/custom_interface/msg/detail/initdock__rosidl_typesupport_fastrtps_cpp.hpp
[1.269s] -- Up-to-date: /home/smr/workspaces/mini_amr/amrROS2_ws/install/custom_interface/lib/libcustom_interface__rosidl_typesupport_fastrtps_cpp.so
[1.269s] -- Up-to-date: /home/smr/workspaces/mini_amr/amrROS2_ws/install/custom_interface/include/custom_interface/custom_interface
[1.269s] -- Up-to-date: /home/smr/workspaces/mini_amr/amrROS2_ws/install/custom_interface/include/custom_interface/custom_interface/action
[1.269s] -- Up-to-date: /home/smr/workspaces/mini_amr/amrROS2_ws/install/custom_interface/include/custom_interface/custom_interface/action/detail
[1.270s] -- Up-to-date: /home/smr/workspaces/mini_amr/amrROS2_ws/install/custom_interface/include/custom_interface/custom_interface/action/detail/autodock__type_support.cpp
[1.270s] -- Up-to-date: /home/smr/workspaces/mini_amr/amrROS2_ws/install/custom_interface/include/custom_interface/custom_interface/action/detail/autodock__rosidl_typesupport_introspection_cpp.hpp
[1.270s] -- Up-to-date: /home/smr/workspaces/mini_amr/amrROS2_ws/install/custom_interface/include/custom_interface/custom_interface/msg
[1.270s] -- Up-to-date: /home/smr/workspaces/mini_amr/amrROS2_ws/install/custom_interface/include/custom_interface/custom_interface/msg/detail
[1.270s] -- Up-to-date: /home/smr/workspaces/mini_amr/amrROS2_ws/install/custom_interface/include/custom_interface/custom_interface/msg/detail/initdock__type_support.cpp
[1.270s] -- Up-to-date: /home/smr/workspaces/mini_amr/amrROS2_ws/install/custom_interface/include/custom_interface/custom_interface/msg/detail/initdock__rosidl_typesupport_introspection_cpp.hpp
[1.270s] -- Up-to-date: /home/smr/workspaces/mini_amr/amrROS2_ws/install/custom_interface/lib/libcustom_interface__rosidl_typesupport_introspection_cpp.so
[1.270s] -- Up-to-date: /home/smr/workspaces/mini_amr/amrROS2_ws/install/custom_interface/lib/libcustom_interface__rosidl_typesupport_cpp.so
[1.270s] -- Up-to-date: /home/smr/workspaces/mini_amr/amrROS2_ws/install/custom_interface/share/custom_interface/environment/pythonpath.sh
[1.270s] -- Up-to-date: /home/smr/workspaces/mini_amr/amrROS2_ws/install/custom_interface/share/custom_interface/environment/pythonpath.dsv
[1.271s] -- Up-to-date: /home/smr/workspaces/mini_amr/amrROS2_ws/install/custom_interface/lib/python3.12/site-packages/custom_interface-0.0.0-py3.12.egg-info
[1.271s] -- Installing: /home/smr/workspaces/mini_amr/amrROS2_ws/install/custom_interface/lib/python3.12/site-packages/custom_interface-0.0.0-py3.12.egg-info/top_level.txt
[1.271s] -- Installing: /home/smr/workspaces/mini_amr/amrROS2_ws/install/custom_interface/lib/python3.12/site-packages/custom_interface-0.0.0-py3.12.egg-info/SOURCES.txt
[1.271s] -- Installing: /home/smr/workspaces/mini_amr/amrROS2_ws/install/custom_interface/lib/python3.12/site-packages/custom_interface-0.0.0-py3.12.egg-info/dependency_links.txt
[1.271s] -- Installing: /home/smr/workspaces/mini_amr/amrROS2_ws/install/custom_interface/lib/python3.12/site-packages/custom_interface-0.0.0-py3.12.egg-info/PKG-INFO
[1.271s] -- Up-to-date: /home/smr/workspaces/mini_amr/amrROS2_ws/install/custom_interface/lib/python3.12/site-packages/custom_interface
[1.271s] -- Up-to-date: /home/smr/workspaces/mini_amr/amrROS2_ws/install/custom_interface/lib/python3.12/site-packages/custom_interface/_custom_interface_s.ep.rosidl_typesupport_introspection_c.c
[1.271s] -- Up-to-date: /home/smr/workspaces/mini_amr/amrROS2_ws/install/custom_interface/lib/python3.12/site-packages/custom_interface/_custom_interface_s.ep.rosidl_typesupport_fastrtps_c.c
[1.271s] -- Up-to-date: /home/smr/workspaces/mini_amr/amrROS2_ws/install/custom_interface/lib/python3.12/site-packages/custom_interface/custom_interface_s__rosidl_typesupport_c.so
[1.271s] -- Up-to-date: /home/smr/workspaces/mini_amr/amrROS2_ws/install/custom_interface/lib/python3.12/site-packages/custom_interface/action
[1.272s] -- Up-to-date: /home/smr/workspaces/mini_amr/amrROS2_ws/install/custom_interface/lib/python3.12/site-packages/custom_interface/action/_autodock_s.c
[1.272s] -- Up-to-date: /home/smr/workspaces/mini_amr/amrROS2_ws/install/custom_interface/lib/python3.12/site-packages/custom_interface/action/__init__.py
[1.272s] -- Up-to-date: /home/smr/workspaces/mini_amr/amrROS2_ws/install/custom_interface/lib/python3.12/site-packages/custom_interface/action/_autodock.py
[1.272s] -- Up-to-date: /home/smr/workspaces/mini_amr/amrROS2_ws/install/custom_interface/lib/python3.12/site-packages/custom_interface/msg
[1.272s] -- Up-to-date: /home/smr/workspaces/mini_amr/amrROS2_ws/install/custom_interface/lib/python3.12/site-packages/custom_interface/msg/__init__.py
[1.272s] -- Up-to-date: /home/smr/workspaces/mini_amr/amrROS2_ws/install/custom_interface/lib/python3.12/site-packages/custom_interface/msg/_initdock_s.c
[1.272s] -- Up-to-date: /home/smr/workspaces/mini_amr/amrROS2_ws/install/custom_interface/lib/python3.12/site-packages/custom_interface/msg/_initdock.py
[1.272s] -- Up-to-date: /home/smr/workspaces/mini_amr/amrROS2_ws/install/custom_interface/lib/python3.12/site-packages/custom_interface/custom_interface_s__rosidl_typesupport_fastrtps_c.so
[1.272s] -- Up-to-date: /home/smr/workspaces/mini_amr/amrROS2_ws/install/custom_interface/lib/python3.12/site-packages/custom_interface/__init__.py
[1.273s] -- Up-to-date: /home/smr/workspaces/mini_amr/amrROS2_ws/install/custom_interface/lib/python3.12/site-packages/custom_interface/custom_interface_s__rosidl_typesupport_introspection_c.so
[1.273s] -- Up-to-date: /home/smr/workspaces/mini_amr/amrROS2_ws/install/custom_interface/lib/python3.12/site-packages/custom_interface/_custom_interface_s.ep.rosidl_typesupport_c.c
[1.316s] Listing '/home/smr/workspaces/mini_amr/amrROS2_ws/install/custom_interface/lib/python3.12/site-packages/custom_interface'...
[1.318s] Listing '/home/smr/workspaces/mini_amr/amrROS2_ws/install/custom_interface/lib/python3.12/site-packages/custom_interface/action'...
[1.334s] Listing '/home/smr/workspaces/mini_amr/amrROS2_ws/install/custom_interface/lib/python3.12/site-packages/custom_interface/msg'...
[1.349s] -- Up-to-date: /home/smr/workspaces/mini_amr/amrROS2_ws/install/custom_interface/lib/python3.12/site-packages/custom_interface/custom_interface_s__rosidl_typesupport_fastrtps_c.so
[1.350s] -- Up-to-date: /home/smr/workspaces/mini_amr/amrROS2_ws/install/custom_interface/lib/python3.12/site-packages/custom_interface/custom_interface_s__rosidl_typesupport_introspection_c.so
[1.353s] -- Up-to-date: /home/smr/workspaces/mini_amr/amrROS2_ws/install/custom_interface/lib/python3.12/site-packages/custom_interface/custom_interface_s__rosidl_typesupport_c.so
[1.358s] -- Up-to-date: /home/smr/workspaces/mini_amr/amrROS2_ws/install/custom_interface/lib/libcustom_interface__rosidl_generator_py.so
[1.363s] -- Up-to-date: /home/smr/workspaces/mini_amr/amrROS2_ws/install/custom_interface/share/custom_interface/action/Autodock.idl
[1.364s] -- Up-to-date: /home/smr/workspaces/mini_amr/amrROS2_ws/install/custom_interface/share/custom_interface/msg/Initdock.idl
[1.364s] -- Up-to-date: /home/smr/workspaces/mini_amr/amrROS2_ws/install/custom_interface/share/custom_interface/action/Autodock.action
[1.364s] -- Up-to-date: /home/smr/workspaces/mini_amr/amrROS2_ws/install/custom_interface/share/custom_interface/msg/Initdock.msg
[1.364s] -- Up-to-date: /home/smr/workspaces/mini_amr/amrROS2_ws/install/custom_interface/share/ament_index/resource_index/package_run_dependencies/custom_interface
[1.364s] -- Up-to-date: /home/smr/workspaces/mini_amr/amrROS2_ws/install/custom_interface/share/ament_index/resource_index/parent_prefix_path/custom_interface
[1.365s] -- Up-to-date: /home/smr/workspaces/mini_amr/amrROS2_ws/install/custom_interface/share/custom_interface/environment/ament_prefix_path.sh
[1.365s] -- Up-to-date: /home/smr/workspaces/mini_amr/amrROS2_ws/install/custom_interface/share/custom_interface/environment/ament_prefix_path.dsv
[1.365s] -- Up-to-date: /home/smr/workspaces/mini_amr/amrROS2_ws/install/custom_interface/share/custom_interface/environment/path.sh
[1.365s] -- Up-to-date: /home/smr/workspaces/mini_amr/amrROS2_ws/install/custom_interface/share/custom_interface/environment/path.dsv
[1.365s] -- Up-to-date: /home/smr/workspaces/mini_amr/amrROS2_ws/install/custom_interface/share/custom_interface/local_setup.bash
[1.369s] -- Up-to-date: /home/smr/workspaces/mini_amr/amrROS2_ws/install/custom_interface/share/custom_interface/local_setup.sh
[1.370s] -- Up-to-date: /home/smr/workspaces/mini_amr/amrROS2_ws/install/custom_interface/share/custom_interface/local_setup.zsh
[1.371s] -- Up-to-date: /home/smr/workspaces/mini_amr/amrROS2_ws/install/custom_interface/share/custom_interface/local_setup.dsv
[1.372s] -- Installing: /home/smr/workspaces/mini_amr/amrROS2_ws/install/custom_interface/share/custom_interface/package.dsv
[1.372s] -- Up-to-date: /home/smr/workspaces/mini_amr/amrROS2_ws/install/custom_interface/share/ament_index/resource_index/packages/custom_interface
[1.372s] -- Up-to-date: /home/smr/workspaces/mini_amr/amrROS2_ws/install/custom_interface/share/custom_interface/cmake/export_custom_interface__rosidl_generator_cExport.cmake
[1.372s] -- Up-to-date: /home/smr/workspaces/mini_amr/amrROS2_ws/install/custom_interface/share/custom_interface/cmake/export_custom_interface__rosidl_generator_cExport-noconfig.cmake
[1.373s] -- Up-to-date: /home/smr/workspaces/mini_amr/amrROS2_ws/install/custom_interface/share/custom_interface/cmake/export_custom_interface__rosidl_typesupport_fastrtps_cExport.cmake
[1.373s] -- Up-to-date: /home/smr/workspaces/mini_amr/amrROS2_ws/install/custom_interface/share/custom_interface/cmake/export_custom_interface__rosidl_typesupport_fastrtps_cExport-noconfig.cmake
[1.373s] -- Up-to-date: /home/smr/workspaces/mini_amr/amrROS2_ws/install/custom_interface/share/custom_interface/cmake/custom_interface__rosidl_typesupport_introspection_cExport.cmake
[1.373s] -- Up-to-date: /home/smr/workspaces/mini_amr/amrROS2_ws/install/custom_interface/share/custom_interface/cmake/custom_interface__rosidl_typesupport_introspection_cExport-noconfig.cmake
[1.373s] -- Up-to-date: /home/smr/workspaces/mini_amr/amrROS2_ws/install/custom_interface/share/custom_interface/cmake/custom_interface__rosidl_typesupport_cExport.cmake
[1.373s] -- Up-to-date: /home/smr/workspaces/mini_amr/amrROS2_ws/install/custom_interface/share/custom_interface/cmake/custom_interface__rosidl_typesupport_cExport-noconfig.cmake
[1.373s] -- Up-to-date: /home/smr/workspaces/mini_amr/amrROS2_ws/install/custom_interface/share/custom_interface/cmake/export_custom_interface__rosidl_generator_cppExport.cmake
[1.374s] -- Up-to-date: /home/smr/workspaces/mini_amr/amrROS2_ws/install/custom_interface/share/custom_interface/cmake/export_custom_interface__rosidl_typesupport_fastrtps_cppExport.cmake
[1.374s] -- Up-to-date: /home/smr/workspaces/mini_amr/amrROS2_ws/install/custom_interface/share/custom_interface/cmake/export_custom_interface__rosidl_typesupport_fastrtps_cppExport-noconfig.cmake
[1.374s] -- Up-to-date: /home/smr/workspaces/mini_amr/amrROS2_ws/install/custom_interface/share/custom_interface/cmake/custom_interface__rosidl_typesupport_introspection_cppExport.cmake
[1.374s] -- Up-to-date: /home/smr/workspaces/mini_amr/amrROS2_ws/install/custom_interface/share/custom_interface/cmake/custom_interface__rosidl_typesupport_introspection_cppExport-noconfig.cmake
[1.374s] -- Up-to-date: /home/smr/workspaces/mini_amr/amrROS2_ws/install/custom_interface/share/custom_interface/cmake/custom_interface__rosidl_typesupport_cppExport.cmake
[1.374s] -- Up-to-date: /home/smr/workspaces/mini_amr/amrROS2_ws/install/custom_interface/share/custom_interface/cmake/custom_interface__rosidl_typesupport_cppExport-noconfig.cmake
[1.375s] -- Up-to-date: /home/smr/workspaces/mini_amr/amrROS2_ws/install/custom_interface/share/custom_interface/cmake/export_custom_interface__rosidl_generator_pyExport.cmake
[1.375s] -- Up-to-date: /home/smr/workspaces/mini_amr/amrROS2_ws/install/custom_interface/share/custom_interface/cmake/export_custom_interface__rosidl_generator_pyExport-noconfig.cmake
[1.375s] -- Up-to-date: /home/smr/workspaces/mini_amr/amrROS2_ws/install/custom_interface/share/custom_interface/cmake/rosidl_cmake-extras.cmake
[1.375s] -- Up-to-date: /home/smr/workspaces/mini_amr/amrROS2_ws/install/custom_interface/share/custom_interface/cmake/ament_cmake_export_dependencies-extras.cmake
[1.375s] -- Up-to-date: /home/smr/workspaces/mini_amr/amrROS2_ws/install/custom_interface/share/custom_interface/cmake/ament_cmake_export_include_directories-extras.cmake
[1.375s] -- Up-to-date: /home/smr/workspaces/mini_amr/amrROS2_ws/install/custom_interface/share/custom_interface/cmake/ament_cmake_export_libraries-extras.cmake
[1.375s] -- Up-to-date: /home/smr/workspaces/mini_amr/amrROS2_ws/install/custom_interface/share/custom_interface/cmake/ament_cmake_export_targets-extras.cmake
[1.375s] -- Up-to-date: /home/smr/workspaces/mini_amr/amrROS2_ws/install/custom_interface/share/custom_interface/cmake/rosidl_cmake_export_typesupport_targets-extras.cmake
[1.375s] -- Up-to-date: /home/smr/workspaces/mini_amr/amrROS2_ws/install/custom_interface/share/custom_interface/cmake/rosidl_cmake_export_typesupport_libraries-extras.cmake
[1.375s] -- Up-to-date: /home/smr/workspaces/mini_amr/amrROS2_ws/install/custom_interface/share/custom_interface/cmake/custom_interfaceConfig.cmake
[1.376s] -- Up-to-date: /home/smr/workspaces/mini_amr/amrROS2_ws/install/custom_interface/share/custom_interface/cmake/custom_interfaceConfig-version.cmake
[1.376s] -- Up-to-date: /home/smr/workspaces/mini_amr/amrROS2_ws/install/custom_interface/share/custom_interface/package.xml
[1.426s] Invoked command in '/home/smr/workspaces/mini_amr/amrROS2_ws/build/custom_interface' returned '0': CMAKE_PREFIX_PATH=${CMAKE_PREFIX_PATH}:/home/smr/workspaces/mini_amr/amrROS2_ws/install/python_pkg:/home/smr/workspaces/mini_amr/amrROS2_ws/install/action_autodock:/opt/ros/jazzy DEBUGINFOD_URLS=https://debuginfod.ubuntu.com /usr/bin/cmake --install /home/smr/workspaces/mini_amr/amrROS2_ws/build/custom_interface
