[INFO] [launch]: All log files can be found below /home/smr/.ros/log/2026-03-21-08-32-05-121354-two-4502
[INFO] [launch]: Default logging verbosity is set to INFO
[INFO] [robot_state_publisher-1]: process started with pid [4518]
[INFO] [joint_state_publisher-2]: process started with pid [4519]
[INFO] [rplidar_node-3]: process started with pid [4520]
[INFO] [scan_to_scan_filter_chain-4]: process started with pid [4521]
[INFO] [ekf_node-5]: process started with pid [4522]
[INFO] [robot_hardware-6]: process started with pid [4523]
[INFO] [taskset-7]: process started with pid [4524]
[INFO] [map_server-8]: process started with pid [4525]
[INFO] [costmap_filter_info_server-9]: process started with pid [4532]
[INFO] [controller_server-10]: process started with pid [4546]
[INFO] [smoother_server-11]: process started with pid [4549]
[INFO] [planner_server-12]: process started with pid [4572]
[INFO] [behavior_server-13]: process started with pid [4580]
[INFO] [bt_navigator-14]: process started with pid [4581]
[INFO] [waypoint_follower-15]: process started with pid [4586]
[INFO] [velocity_smoother-16]: process started with pid [4587]
[INFO] [collision_monitor-17]: process started with pid [4588]
[INFO] [collision_detector-18]: process started with pid [4601]
[INFO] [lifecycle_manager-19]: process started with pid [4602]
[robot_hardware-6] Serial port opened at port /dev/teensy with baudrate 460800
[robot_hardware-6] Created receive data thread
[robot_state_publisher-1] [INFO] [1774056726.335426972] [robot_state_publisher]: Robot initialized
[rplidar_node-3] [INFO] [1774056726.266122636] [rplidar_node]: RPLidar running on ROS2 package rplidar_ros. RPLIDAR SDK Version:2.1.0
[rplidar_node-3] [INFO] [1774056726.277835326] [rplidar_node]: RPLidar S/N: CEDCEDF9C7E29BCEA7E39EF25E0F4304
[rplidar_node-3] [INFO] [1774056726.278157900] [rplidar_node]: Firmware Ver: 1.02
[rplidar_node-3] [INFO] [1774056726.278207482] [rplidar_node]: Hardware Rev: 18
[rplidar_node-3] [INFO] [1774056726.278824921] [rplidar_node]: RPLidar health status : 0
[rplidar_node-3] [INFO] [1774056726.279014791] [rplidar_node]: RPLidar health status : OK.
[rplidar_node-3] [INFO] [1774056726.279529859] [rplidar_node]: Start
[rplidar_node-3] [INFO] [1774056726.436595226] [rplidar_node]: current scan mode: Sensitivity, sample rate: 32 Khz, max_distance: 30.0 m, scan frequency:10.0 Hz, 
[taskset-7] [INFO] [1774056726.361718766] [slam_toolbox]: Node using stack size 40000000
[taskset-7] [INFO] [1774056726.532840878] [slam_toolbox]: Configuring
[costmap_filter_info_server-9] [INFO] [1774056726.410555716] [costmap_filter_info_server]: This is costmap filter info publisher
[controller_server-10] [INFO] [1774056726.471716672] [controller_server]: 
[controller_server-10] 	controller_server lifecycle node launched. 
[controller_server-10] 	Waiting on external lifecycle transitions to activate
[controller_server-10] 	See https://design.ros2.org/articles/node_lifecycle.html for more information.
[smoother_server-11] [INFO] [1774056726.572586560] [smoother_server]: 
[smoother_server-11] 	smoother_server lifecycle node launched. 
[smoother_server-11] 	Waiting on external lifecycle transitions to activate
[smoother_server-11] 	See https://design.ros2.org/articles/node_lifecycle.html for more information.
[bt_navigator-14] [INFO] [1774056726.461051617] [bt_navigator]: 
[bt_navigator-14] 	bt_navigator lifecycle node launched. 
[bt_navigator-14] 	Waiting on external lifecycle transitions to activate
[bt_navigator-14] 	See https://design.ros2.org/articles/node_lifecycle.html for more information.
[bt_navigator-14] [INFO] [1774056726.473421704] [bt_navigator]: Creating
[taskset-7] [INFO] [1774056726.598145709] [slam_toolbox]: Using solver plugin solver_plugins::CeresSolver
[smoother_server-11] [INFO] [1774056726.599968571] [smoother_server]: Creating smoother server
[collision_monitor-17] [INFO] [1774056726.602668449] [collision_monitor]: 
[collision_monitor-17] 	collision_monitor lifecycle node launched. 
[collision_monitor-17] 	Waiting on external lifecycle transitions to activate
[collision_monitor-17] 	See https://design.ros2.org/articles/node_lifecycle.html for more information.
[taskset-7] [INFO] [1774056726.614814542] [slam_toolbox]: CeresSolver: Using SCHUR_JACOBI preconditioner.
[planner_server-12] [INFO] [1774056726.630933892] [planner_server]: 
[planner_server-12] 	planner_server lifecycle node launched. 
[planner_server-12] 	Waiting on external lifecycle transitions to activate
[planner_server-12] 	See https://design.ros2.org/articles/node_lifecycle.html for more information.
[map_server-8] [INFO] [1774056726.640881468] [keepout_filter_mask_server]: 
[map_server-8] 	keepout_filter_mask_server lifecycle node launched. 
[map_server-8] 	Waiting on external lifecycle transitions to activate
[map_server-8] 	See https://design.ros2.org/articles/node_lifecycle.html for more information.
[map_server-8] [INFO] [1774056726.641033422] [keepout_filter_mask_server]: Creating
[planner_server-12] [INFO] [1774056726.654272941] [planner_server]: Creating
[controller_server-10] [INFO] [1774056726.679027406] [controller_server]: Creating controller server
[costmap_filter_info_server-9] [INFO] [1774056726.727828774] [keepout_costmap_filter_info_server]: 
[costmap_filter_info_server-9] 	keepout_costmap_filter_info_server lifecycle node launched. 
[costmap_filter_info_server-9] 	Waiting on external lifecycle transitions to activate
[costmap_filter_info_server-9] 	See https://design.ros2.org/articles/node_lifecycle.html for more information.
[waypoint_follower-15] [INFO] [1774056726.737287824] [waypoint_follower]: 
[waypoint_follower-15] 	waypoint_follower lifecycle node launched. 
[waypoint_follower-15] 	Waiting on external lifecycle transitions to activate
[waypoint_follower-15] 	See https://design.ros2.org/articles/node_lifecycle.html for more information.
[waypoint_follower-15] [INFO] [1774056726.769291154] [waypoint_follower]: Creating
[collision_detector-18] [INFO] [1774056726.785335839] [collision_detector]: 
[collision_detector-18] 	collision_detector lifecycle node launched. 
[collision_detector-18] 	Waiting on external lifecycle transitions to activate
[collision_detector-18] 	See https://design.ros2.org/articles/node_lifecycle.html for more information.
[planner_server-12] [INFO] [1774056726.791263495] [global_costmap.global_costmap]: 
[planner_server-12] 	global_costmap lifecycle node launched. 
[planner_server-12] 	Waiting on external lifecycle transitions to activate
[planner_server-12] 	See https://design.ros2.org/articles/node_lifecycle.html for more information.
[velocity_smoother-16] [INFO] [1774056726.795103171] [velocity_smoother]: 
[velocity_smoother-16] 	velocity_smoother lifecycle node launched. 
[velocity_smoother-16] 	Waiting on external lifecycle transitions to activate
[velocity_smoother-16] 	See https://design.ros2.org/articles/node_lifecycle.html for more information.
[planner_server-12] [INFO] [1774056726.805722144] [global_costmap.global_costmap]: Creating Costmap
[lifecycle_manager-19] [INFO] [1774056726.854769380] [lifecycle_manager_navigation]: Creating
[lifecycle_manager-19] [INFO] [1774056726.898634146] [lifecycle_manager_navigation]: [34m[1mCreating and initializing lifecycle service clients[0m[0m
[behavior_server-13] [INFO] [1774056726.928879071] [behavior_server]: 
[controller_server-10] [INFO] [1774056726.939293300] [local_costmap.local_costmap]: 
[controller_server-10] 	local_costmap lifecycle node launched. 
[controller_server-10] 	Waiting on external lifecycle transitions to activate
[controller_server-10] 	See https://design.ros2.org/articles/node_lifecycle.html for more information.
[behavior_server-13] 	behavior_server lifecycle node launched. 
[behavior_server-13] 	Waiting on external lifecycle transitions to activate
[behavior_server-13] 	See https://design.ros2.org/articles/node_lifecycle.html for more information.
[controller_server-10] [INFO] [1774056726.945313703] [local_costmap.local_costmap]: Creating Costmap
[lifecycle_manager-19] [INFO] [1774056727.207293379] [lifecycle_manager_navigation]: [34m[1mStarting managed nodes bringup...[0m[0m
[lifecycle_manager-19] [INFO] [1774056727.207428417] [lifecycle_manager_navigation]: [34m[1mConfiguring controller_server[0m[0m
[controller_server-10] [INFO] [1774056727.208200727] [controller_server]: Configuring controller interface
[controller_server-10] [INFO] [1774056727.208264892] [controller_server]: getting progress checker plugins..
[controller_server-10] [INFO] [1774056727.209065493] [controller_server]: getting goal checker plugins..
[controller_server-10] [INFO] [1774056727.210389911] [controller_server]: Controller frequency set to 10.0000Hz
[controller_server-10] [INFO] [1774056727.210561990] [local_costmap.local_costmap]: Configuring
[controller_server-10] [INFO] [1774056727.239694532] [local_costmap.local_costmap]: Using plugin "obstacle_layer"
[rplidar_node-3] [INFO] [1774056727.246176629] [rplidar_node]: set lidar scan frequency to 10.0 Hz(600.0 Rpm) 
[controller_server-10] [INFO] [1774056727.263577814] [local_costmap.local_costmap]: Subscribed to Topics: scan
[controller_server-10] [INFO] [1774056727.273612888] [local_costmap.local_costmap]: Initialized plugin "obstacle_layer"
[controller_server-10] [INFO] [1774056727.273671220] [local_costmap.local_costmap]: Using plugin "denoise_layer"
[controller_server-10] [INFO] [1774056727.276543759] [local_costmap.local_costmap]: Initialized plugin "denoise_layer"
[controller_server-10] [INFO] [1774056727.276601507] [local_costmap.local_costmap]: Using plugin "inflation_layer"
[controller_server-10] [INFO] [1774056727.279598000] [local_costmap.local_costmap]: Initialized plugin "inflation_layer"
[controller_server-10] [INFO] [1774056727.279649624] [local_costmap.local_costmap]: Using costmap filter "keepout_filter"
[controller_server-10] [INFO] [1774056727.285806230] [local_costmap.local_costmap]: Initialized costmap filter "keepout_filter"
[controller_server-10] [INFO] [1774056727.285865437] [local_costmap.local_costmap]: Using costmap filter "inflation_layer"
[controller_server-10] [INFO] [1774056727.285979767] [local_costmap.local_costmap]: Initialized costmap filter "inflation_layer"
[controller_server-10] [INFO] [1774056727.334037699] [controller_server]: Created progress_checker : progress_checker of type nav2_controller::SimpleProgressChecker
[controller_server-10] [INFO] [1774056727.336150177] [controller_server]: Controller Server has progress_checker  progress checkers available.
[controller_server-10] [INFO] [1774056727.337167188] [controller_server]: Created goal checker : goal_checker of type nav2_controller::SimpleGoalChecker
[controller_server-10] [INFO] [1774056727.338528356] [controller_server]: Controller Server has goal_checker  goal checkers available.
[controller_server-10] [INFO] [1774056727.340825745] [controller_server]: Created controller : FollowPath of type nav2_mppi_controller::MPPIController
[controller_server-10] [INFO] [1774056727.348547972] [controller_server]: Controller period is equal to model dt. Control sequence shifting is ON
[controller_server-10] [INFO] [1774056727.352247361] [controller_server]: ConstraintCritic instantiated with 1 power and 4.000000 weight.
[controller_server-10] [INFO] [1774056727.352307442] [controller_server]: Critic loaded : mppi::critics::ConstraintCritic
[controller_server-10] [INFO] [1774056727.355368975] [controller_server]: InflationCostCritic instantiated with 1 power and 300.000000 / 0.015000 weights. Critic will collision check based on footprint cost.
[controller_server-10] [INFO] [1774056727.355424390] [controller_server]: Critic loaded : mppi::critics::CostCritic
[controller_server-10] [INFO] [1774056727.356689602] [controller_server]: GoalCritic instantiated with 1 power and 5.000000 weight.
[controller_server-10] [INFO] [1774056727.356733351] [controller_server]: Critic loaded : mppi::critics::GoalCritic
[controller_server-10] [INFO] [1774056727.358106185] [controller_server]: GoalAngleCritic instantiated with 1 power, 3.000000 weight, and 0.500000 angular threshold.
[controller_server-10] [INFO] [1774056727.358229848] [controller_server]: Critic loaded : mppi::critics::GoalAngleCritic
[controller_server-10] [INFO] [1774056727.361718076] [controller_server]: ReferenceTrajectoryCritic instantiated with 1 power and 2.000000 weight
[controller_server-10] [INFO] [1774056727.361769408] [controller_server]: Critic loaded : mppi::critics::PathAlignCritic
[controller_server-10] [INFO] [1774056727.363868470] [controller_server]: Critic loaded : mppi::critics::PathFollowCritic
[controller_server-10] [INFO] [1774056727.367292242] [controller_server]: PathAngleCritic instantiated with 1 power and 1.500000 weight. Mode set to: Forward Preference
[controller_server-10] [INFO] [1774056727.367347074] [controller_server]: Critic loaded : mppi::critics::PathAngleCritic
[controller_server-10] [INFO] [1774056727.369234976] [controller_server]: PreferForwardCritic instantiated with 1 power and 10.000000 weight.
[controller_server-10] [INFO] [1774056727.369286891] [controller_server]: Critic loaded : mppi::critics::PreferForwardCritic
[controller_server-10] [INFO] [1774056727.370807303] [controller_server]: Optimizer reset
[controller_server-10] [INFO] [1774056727.379689745] [MPPIController]: Configured MPPI Controller: FollowPath
[controller_server-10] [INFO] [1774056727.379729702] [controller_server]: Controller Server has FollowPath  controllers available.
[scan_to_scan_filter_chain-4] [WARN] [1774056727.391952794] [scan_to_scan_filter_chain]: diagnostic_updater: No HW_ID was set. This is probably a bug. Please report it. For devices that do not have a HW_ID, set this value to 'none'. This warning only occurs once all diagnostics are OK. It is okay to wait until the device is open before calling setHardwareID.
[lifecycle_manager-19] [INFO] [1774056727.398334852] [lifecycle_manager_navigation]: [34m[1mConfiguring smoother_server[0m[0m
[smoother_server-11] [INFO] [1774056727.398783714] [smoother_server]: Configuring smoother server
[smoother_server-11] [INFO] [1774056727.462905580] [smoother_server]: Created smoother : simple_smoother of type nav2_smoother::SimpleSmoother
[smoother_server-11] [INFO] [1774056727.471783939] [smoother_server]: Smoother Server has simple_smoother  smoothers available.
[taskset-7] Load From File /home/smr/workspaces/mini_amr/amrROS2_ws/maps/latest_map.posegraph 
[taskset-7] Mapper <- Module
[taskset-7] Mapper <- m_pSequentialScanMatcher
[taskset-7] Mapper <- m_pGraph
[taskset-7] MapperGraph <- Graph; Graph <- m_Edges; Graph <- m_Vertices
[taskset-7] MapperGraph <- m_pMapper; MapperGraph <- m_pLoopScanMatcher; MapperGraph <- m_pTraversal
[taskset-7] Mapper <- m_pMapperSensorManager
[taskset-7] MapperSensorManager <- m_ScanManagers; MapperSensorManager <- m_Scans
[taskset-7] Mapper <- m_Listeners
[taskset-7] **Finished serializing Mapper**
[taskset-7] Load From File
[taskset-7] **Serializing Dataset**
[taskset-7] Dataset <- m_SensorNameLookup
[taskset-7] Dataset <- m_Data
[taskset-7] Dataset <- m_Lasers
[taskset-7] Dataset <- m_pDatasetInfo
[taskset-7] **Finished serializing Dataset**
[taskset-7] Registering sensor: [Custom Described Lidar]
[taskset-7] WARNING: Logging before InitGoogleLogging() is written to STDERR
[taskset-7] W20260321 08:32:07.488178  4524 preprocessor.cc:67] Specified options.num_threads: 50 exceeds maximum available from the threading model Ceres was compiled with: 8.  Bounding to maximum number available.
[lifecycle_manager-19] [INFO] [1774056727.489731108] [lifecycle_manager_navigation]: [34m[1mConfiguring planner_server[0m[0m
[planner_server-12] [INFO] [1774056727.490123388] [planner_server]: Configuring
[planner_server-12] [INFO] [1774056727.490174428] [global_costmap.global_costmap]: Configuring
[INFO] [launch.user]: [LifecycleLaunch] Slamtoolbox node is activating.
[taskset-7] [INFO] [1774056727.504269672] [slam_toolbox]: Activating
[planner_server-12] [INFO] [1774056727.516555469] [global_costmap.global_costmap]: Using plugin "static_layer"
[planner_server-12] [INFO] [1774056727.530756001] [global_costmap.global_costmap]: Subscribing to the map topic (/map) with transient local durability
[planner_server-12] [INFO] [1774056727.533242093] [global_costmap.global_costmap]: Initialized plugin "static_layer"
[planner_server-12] [INFO] [1774056727.533289925] [global_costmap.global_costmap]: Using plugin "obstacle_layer"
[planner_server-12] [INFO] [1774056727.543686363] [global_costmap.global_costmap]: Subscribed to Topics: scan
[planner_server-12] [INFO] [1774056727.559754089] [global_costmap.global_costmap]: Initialized plugin "obstacle_layer"
[planner_server-12] [INFO] [1774056727.559811254] [global_costmap.global_costmap]: Using plugin "inflation_layer"
[planner_server-12] [INFO] [1774056727.565987694] [global_costmap.global_costmap]: Initialized plugin "inflation_layer"
[planner_server-12] [INFO] [1774056727.566046608] [global_costmap.global_costmap]: Using costmap filter "keepout_filter"
[taskset-7] Registering sensor: [Custom Described Lidar]
[planner_server-12] [INFO] [1774056727.574032202] [global_costmap.global_costmap]: Initialized costmap filter "keepout_filter"
[planner_server-12] [INFO] [1774056727.574087325] [global_costmap.global_costmap]: Using costmap filter "inflation_layer2"
[planner_server-12] [INFO] [1774056727.581426313] [global_costmap.global_costmap]: Initialized costmap filter "inflation_layer2"
[joint_state_publisher-2] [INFO] [1774056727.622182881] [joint_state_publisher]: Waiting for robot_description to be published on the robot_description topic...
[planner_server-12] [INFO] [1774056727.647826320] [planner_server]: Created global planner plugin GridBased of type nav2_smac_planner::SmacPlanner2D
[planner_server-12] [INFO] [1774056727.647896026] [planner_server]: Configuring GridBased of type SmacPlanner2D
[planner_server-12] [ERROR] [1774056727.654329125] [planner_server]: Inflation layer either not found or inflation is not set sufficiently for optimized non-circular collision checking capabilities. It is HIGHLY recommended to set the inflation radius to be at MINIMUM half of the robot's largest cross-section. See github.com/ros-planning/navigation2/tree/main/nav2_smac_planner#potential-fields for full instructions. This will substantially impact run-time performance.
[planner_server-12] [INFO] [1774056727.659354390] [planner_server]: Configured plugin GridBased of type SmacPlanner2D with tolerance 0.12, maximum iterations 1000000, max on approach iterations 1000, and not allowing unknown traversal.
[planner_server-12] [INFO] [1774056727.659421472] [planner_server]: Planner Server has GridBased  planners available.
[lifecycle_manager-19] [INFO] [1774056727.676775409] [lifecycle_manager_navigation]: [34m[1mConfiguring behavior_server[0m[0m
[behavior_server-13] [INFO] [1774056727.677200646] [behavior_server]: Configuring
[behavior_server-13] [INFO] [1774056727.686748360] [behavior_server]: Creating behavior plugin wait of type nav2_behaviors::Wait
[behavior_server-13] [INFO] [1774056727.697103090] [behavior_server]: Configuring wait
[lifecycle_manager-19] [INFO] [1774056727.708869446] [lifecycle_manager_navigation]: [34m[1mConfiguring velocity_smoother[0m[0m
[velocity_smoother-16] [INFO] [1774056727.709177436] [velocity_smoother]: Configuring velocity smoother
[lifecycle_manager-19] [INFO] [1774056727.717574851] [lifecycle_manager_navigation]: [34m[1mConfiguring collision_monitor[0m[0m
[collision_monitor-17] [INFO] [1774056727.717968006] [collision_monitor]: Configuring
[collision_monitor-17] [INFO] [1774056727.741441218] [collision_monitor]: [scan]: Creating Scan
[collision_monitor-17] [INFO] [1774056727.750618525] [collision_monitor]: [PolygonStop]: Creating Polygon
[collision_monitor-17] [INFO] [1774056727.750713023] [collision_monitor]: [PolygonStop]: Creating Circle
[collision_monitor-17] [INFO] [1774056727.756955377] [collision_monitor]: [PolygonSlow]: Creating Polygon
[collision_monitor-17] [INFO] [1774056727.763256646] [collision_monitor]: [FootprintApproach]: Creating Polygon
[collision_monitor-17] [INFO] [1774056727.763981999] [collision_monitor]: [FootprintApproach]: Polygon points are not defined. Using dynamic subscription instead.
[collision_monitor-17] [INFO] [1774056727.769795616] [collision_monitor]: [FootprintApproach]: Making footprint subscriber on /local_costmap/published_footprint topic
[lifecycle_manager-19] [INFO] [1774056727.785520061] [lifecycle_manager_navigation]: [34m[1mConfiguring collision_detector[0m[0m
[collision_detector-18] [INFO] [1774056727.786311037] [collision_detector]: Configuring
[collision_detector-18] [INFO] [1774056727.834315888] [collision_monitor]: [scan]: Creating Scan
[collision_detector-18] [INFO] [1774056727.840575158] [collision_monitor]: [PolygonStop]: Creating Polygon
[collision_detector-18] [INFO] [1774056727.840634656] [collision_monitor]: [PolygonStop]: Creating Circle
[collision_detector-18] [INFO] [1774056727.848800786] [collision_monitor]: [PolygonSlow]: Creating Polygon
[lifecycle_manager-19] [INFO] [1774056727.855181386] [lifecycle_manager_navigation]: [34m[1mConfiguring bt_navigator[0m[0m
[bt_navigator-14] [INFO] [1774056727.855659122] [bt_navigator]: Configuring
[bt_navigator-14] [INFO] [1774056727.866459214] [bt_navigator]: Creating navigator id navigate_to_pose of type nav2_bt_navigator::NavigateToPoseNavigator
[bt_navigator-14] [INFO] [1774056727.969879651] [bt_navigator]: Creating navigator id navigate_through_poses of type nav2_bt_navigator::NavigateThroughPosesNavigator
[lifecycle_manager-19] [INFO] [1774056728.009813160] [lifecycle_manager_navigation]: [34m[1mConfiguring waypoint_follower[0m[0m
[waypoint_follower-15] [INFO] [1774056728.010172191] [waypoint_follower]: Configuring
[waypoint_follower-15] [INFO] [1774056728.055456457] [waypoint_follower]: Created waypoint_task_executor : wait_at_waypoint of type nav2_waypoint_follower::WaitAtWaypoint
[lifecycle_manager-19] [INFO] [1774056728.058003505] [lifecycle_manager_navigation]: [34m[1mConfiguring keepout_filter_mask_server[0m[0m
[map_server-8] [INFO] [1774056728.058316746] [keepout_filter_mask_server]: Configuring
[map_server-8] [INFO] [1774056728.058394910] [map_io]: Loading yaml file: /home/smr/workspaces/mini_amr/amrROS2_ws/maps/latest_map_keepout.yaml
[map_server-8] [INFO] [1774056728.058704651] [map_io]: resolution: 0.05
[map_server-8] [INFO] [1774056728.058717192] [map_io]: origin[0]: -26.12
[map_server-8] [INFO] [1774056728.058722442] [map_io]: origin[1]: -29.258
[map_server-8] [INFO] [1774056728.058726817] [map_io]: origin[2]: 0
[map_server-8] [INFO] [1774056728.058731483] [map_io]: free_thresh: 0.196
[map_server-8] [INFO] [1774056728.058735858] [map_io]: occupied_thresh: 0.65
[map_server-8] [INFO] [1774056728.058742275] [map_io]: mode: trinary
[map_server-8] [INFO] [1774056728.058747816] [map_io]: negate: 0
[map_server-8] [INFO] [1774056728.058958393] [map_io]: Loading image_file: /home/smr/workspaces/mini_amr/amrROS2_ws/maps/latest_map_keepout.pgm
[map_server-8] [INFO] [1774056728.071546057] [map_io]: Read map /home/smr/workspaces/mini_amr/amrROS2_ws/maps/latest_map_keepout.pgm: 787 X 922 map @ 0.05 m/cell
[lifecycle_manager-19] [INFO] [1774056728.085720048] [lifecycle_manager_navigation]: [34m[1mConfiguring keepout_costmap_filter_info_server[0m[0m
[costmap_filter_info_server-9] [INFO] [1774056728.086057788] [keepout_costmap_filter_info_server]: Configuring
[lifecycle_manager-19] [INFO] [1774056728.094356914] [lifecycle_manager_navigation]: [34m[1mActivating controller_server[0m[0m
[controller_server-10] [INFO] [1774056728.094772235] [controller_server]: Activating
[controller_server-10] [INFO] [1774056728.094898231] [local_costmap.local_costmap]: Activating
[controller_server-10] [INFO] [1774056728.094937605] [local_costmap.local_costmap]: Checking transform
[controller_server-10] [INFO] [1774056728.095256678] [local_costmap.local_costmap]: start
[controller_server-10] [INFO] [1774056728.097542110] [local_costmap.local_costmap]: KeepoutFilter: Subscribing to "/keepout_costmap_filter_info" topic for filter info...
[controller_server-10] [WARN] [1774056728.199165642] [local_costmap.local_costmap]: KeepoutFilter: Filter mask was not received
[controller_server-10] [WARN] [1774056728.201741856] [controller_server]: Parameter controller_server.verbose not found
[controller_server-10] [INFO] [1774056728.203232228] [controller_server]: Optimizer reset
[controller_server-10] [INFO] [1774056728.204837805] [MPPIController]: Activated MPPI Controller: FollowPath
[controller_server-10] [INFO] [1774056728.205029133] [controller_server]: Creating bond (controller_server) to lifecycle manager.
[lifecycle_manager-19] [INFO] [1774056728.314495929] [lifecycle_manager_navigation]: Server controller_server connected with bond.
[lifecycle_manager-19] [INFO] [1774056728.314670049] [lifecycle_manager_navigation]: [34m[1mActivating smoother_server[0m[0m
[smoother_server-11] [INFO] [1774056728.315839306] [smoother_server]: Activating
[smoother_server-11] [INFO] [1774056728.315919220] [smoother_server]: Creating bond (smoother_server) to lifecycle manager.
[lifecycle_manager-19] [INFO] [1774056728.430875602] [lifecycle_manager_navigation]: Server smoother_server connected with bond.
[lifecycle_manager-19] [INFO] [1774056728.431051763] [lifecycle_manager_navigation]: [34m[1mActivating planner_server[0m[0m
[planner_server-12] [INFO] [1774056728.432337683] [planner_server]: Activating
[planner_server-12] [INFO] [1774056728.432429847] [global_costmap.global_costmap]: Activating
[planner_server-12] [INFO] [1774056728.432456096] [global_costmap.global_costmap]: Checking transform
[planner_server-12] [INFO] [1774056728.432740463] [global_costmap.global_costmap]: start
[planner_server-12] [INFO] [1774056728.433841471] [global_costmap.global_costmap]: KeepoutFilter: Subscribing to "/keepout_costmap_filter_info" topic for filter info...
[planner_server-12] [WARN] [1774056728.933461388] [nav2_costmap_2d]: Robot is out of bounds of the costmap!
[planner_server-12] [WARN] [1774056728.933911416] [global_costmap.global_costmap]: Sensor origin at (0.43, -0.32) is out of map bounds (0.00, 0.00) to (4.95, 4.95). The costmap cannot raytrace for it.
[planner_server-12] [WARN] [1774056728.934592146] [global_costmap.global_costmap]: KeepoutFilter: Filter mask was not received
[planner_server-12] [INFO] [1774056728.940736503] [planner_server]: Activating plugin GridBased of type SmacPlanner2D
[planner_server-12] [INFO] [1774056728.944843630] [planner_server]: Creating bond (planner_server) to lifecycle manager.
[lifecycle_manager-19] [INFO] [1774056729.061852408] [lifecycle_manager_navigation]: Server planner_server connected with bond.
[lifecycle_manager-19] [INFO] [1774056729.062046944] [lifecycle_manager_navigation]: [34m[1mActivating behavior_server[0m[0m
[behavior_server-13] [INFO] [1774056729.063300198] [behavior_server]: Activating
[behavior_server-13] [INFO] [1774056729.063366696] [behavior_server]: Activating wait
[behavior_server-13] [INFO] [1774056729.063403737] [behavior_server]: Creating bond (behavior_server) to lifecycle manager.
[lifecycle_manager-19] [INFO] [1774056729.177602975] [lifecycle_manager_navigation]: Server behavior_server connected with bond.
[lifecycle_manager-19] [INFO] [1774056729.177718763] [lifecycle_manager_navigation]: [34m[1mActivating velocity_smoother[0m[0m
[velocity_smoother-16] [INFO] [1774056729.178498365] [velocity_smoother]: Activating
[velocity_smoother-16] [INFO] [1774056729.178664901] [velocity_smoother]: Creating bond (velocity_smoother) to lifecycle manager.
[lifecycle_manager-19] [INFO] [1774056729.292372112] [lifecycle_manager_navigation]: Server velocity_smoother connected with bond.
[lifecycle_manager-19] [INFO] [1774056729.292580939] [lifecycle_manager_navigation]: [34m[1mActivating collision_monitor[0m[0m
[collision_monitor-17] [INFO] [1774056729.294166392] [collision_monitor]: Activating
[collision_monitor-17] [INFO] [1774056729.294342845] [collision_monitor]: Creating bond (collision_monitor) to lifecycle manager.
[lifecycle_manager-19] [INFO] [1774056729.411743029] [lifecycle_manager_navigation]: Server collision_monitor connected with bond.
[lifecycle_manager-19] [INFO] [1774056729.411852692] [lifecycle_manager_navigation]: [34m[1mActivating collision_detector[0m[0m
[collision_detector-18] [INFO] [1774056729.412616836] [collision_detector]: Activating
[collision_detector-18] [INFO] [1774056729.412889827] [collision_detector]: Creating bond (collision_detector) to lifecycle manager.
[planner_server-12] [WARN] [1774056729.433291298] [nav2_costmap_2d]: Robot is out of bounds of the costmap!
[planner_server-12] [WARN] [1774056729.433574206] [global_costmap.global_costmap]: Sensor origin at (0.43, -0.32) is out of map bounds (0.00, 0.00) to (4.95, 4.95). The costmap cannot raytrace for it.
[lifecycle_manager-19] [INFO] [1774056729.543385160] [lifecycle_manager_navigation]: Server collision_detector connected with bond.
[lifecycle_manager-19] [INFO] [1774056729.543589028] [lifecycle_manager_navigation]: [34m[1mActivating bt_navigator[0m[0m
[bt_navigator-14] [INFO] [1774056729.545001819] [bt_navigator]: Activating
[bt_navigator-14] [INFO] [1774056729.690956479] [bt_navigator]: Creating bond (bt_navigator) to lifecycle manager.
[lifecycle_manager-19] [INFO] [1774056729.800306904] [lifecycle_manager_navigation]: Server bt_navigator connected with bond.
[lifecycle_manager-19] [INFO] [1774056729.800406651] [lifecycle_manager_navigation]: [34m[1mActivating waypoint_follower[0m[0m
[waypoint_follower-15] [INFO] [1774056729.801247793] [waypoint_follower]: Activating
[waypoint_follower-15] [INFO] [1774056729.801297666] [waypoint_follower]: Creating bond (waypoint_follower) to lifecycle manager.
[lifecycle_manager-19] [INFO] [1774056729.911535315] [lifecycle_manager_navigation]: Server waypoint_follower connected with bond.
[lifecycle_manager-19] [INFO] [1774056729.911886471] [lifecycle_manager_navigation]: [34m[1mActivating keepout_filter_mask_server[0m[0m
[map_server-8] [INFO] [1774056729.913251430] [keepout_filter_mask_server]: Activating
[map_server-8] [INFO] [1774056729.914303440] [keepout_filter_mask_server]: Creating bond (keepout_filter_mask_server) to lifecycle manager.
[planner_server-12] [WARN] [1774056729.933112459] [nav2_costmap_2d]: Robot is out of bounds of the costmap!
[planner_server-12] [WARN] [1774056729.933228830] [global_costmap.global_costmap]: Sensor origin at (0.43, -0.32) is out of map bounds (0.00, 0.00) to (4.95, 4.95). The costmap cannot raytrace for it.
[lifecycle_manager-19] [INFO] [1774056730.023018051] [lifecycle_manager_navigation]: Server keepout_filter_mask_server connected with bond.
[lifecycle_manager-19] [INFO] [1774056730.023146381] [lifecycle_manager_navigation]: [34m[1mActivating keepout_costmap_filter_info_server[0m[0m
[costmap_filter_info_server-9] [INFO] [1774056730.024284138] [keepout_costmap_filter_info_server]: Activating
[costmap_filter_info_server-9] [INFO] [1774056730.024427926] [keepout_costmap_filter_info_server]: Creating bond (keepout_costmap_filter_info_server) to lifecycle manager.
[controller_server-10] [INFO] [1774056730.024593879] [local_costmap.local_costmap]: KeepoutFilter: Received filter info from /keepout_costmap_filter_info topic.
[controller_server-10] [INFO] [1774056730.024660085] [local_costmap.local_costmap]: KeepoutFilter: Subscribing to "/keepout_filter_mask" topic for filter mask...
[planner_server-12] [INFO] [1774056730.026443282] [global_costmap.global_costmap]: KeepoutFilter: Received filter info from /keepout_costmap_filter_info topic.
[planner_server-12] [INFO] [1774056730.026534862] [global_costmap.global_costmap]: KeepoutFilter: Subscribing to "/keepout_filter_mask" topic for filter mask...
[controller_server-10] [INFO] [1774056730.046357976] [local_costmap.local_costmap]: KeepoutFilter: Received filter mask from /keepout_filter_mask topic.
[planner_server-12] [INFO] [1774056730.061506396] [global_costmap.global_costmap]: KeepoutFilter: Received filter mask from /keepout_filter_mask topic.
[lifecycle_manager-19] [INFO] [1774056730.140438068] [lifecycle_manager_navigation]: Server keepout_costmap_filter_info_server connected with bond.
[lifecycle_manager-19] [INFO] [1774056730.140510690] [lifecycle_manager_navigation]: [34m[1mManaged nodes are active[0m[0m
[lifecycle_manager-19] [INFO] [1774056730.140527898] [lifecycle_manager_navigation]: [34m[1mCreating bond timer...[0m[0m
[planner_server-12] [WARN] [1774056730.433112406] [nav2_costmap_2d]: Robot is out of bounds of the costmap!
[planner_server-12] [WARN] [1774056730.433337566] [global_costmap.global_costmap]: Sensor origin at (0.43, -0.32) is out of map bounds (0.00, 0.00) to (4.95, 4.95). The costmap cannot raytrace for it.
[planner_server-12] [WARN] [1774056730.933114977] [nav2_costmap_2d]: Robot is out of bounds of the costmap!
[planner_server-12] [WARN] [1774056730.933231057] [global_costmap.global_costmap]: Sensor origin at (0.43, -0.32) is out of map bounds (0.00, 0.00) to (4.95, 4.95). The costmap cannot raytrace for it.
[planner_server-12] [WARN] [1774056731.433112299] [nav2_costmap_2d]: Robot is out of bounds of the costmap!
[planner_server-12] [WARN] [1774056731.433219338] [global_costmap.global_costmap]: Sensor origin at (0.43, -0.32) is out of map bounds (0.00, 0.00) to (4.95, 4.95). The costmap cannot raytrace for it.
[INFO] [delivery_robot_main_controller-20]: process started with pid [4785]
[INFO] [robot_sound-21]: process started with pid [4786]
[INFO] [call_robot_button-22]: process started with pid [4787]
[INFO] [rpc_run_node-23]: process started with pid [4788]
[INFO] [dock_coordinates-24]: process started with pid [4789]
[INFO] [autodock_action_server-25]: process started with pid [4790]
[INFO] [battery_manager_node-26]: process started with pid [4791]
[dock_coordinates-24] [INFO] [1774056731.675795305] [dock_coordinates]: begin dock_coordinates
[dock_coordinates-24] [INFO] [1774056731.676535824] [dock coordinates]: max_alignment_error: 0.010000
[dock_coordinates-24] [INFO] [1774056731.676584531] [dock coordinates]: minimum_point_cloud: 5
[dock_coordinates-24] [INFO] [1774056731.676599406] [dock coordinates]: point_cloud_split_dist: 0.050000
[dock_coordinates-24] [INFO] [1774056731.676615739] [dock coordinates]: max_dock_width: 0.380000
[dock_coordinates-24] [INFO] [1774056731.676631197] [dock coordinates]: min_dock_width: 0.310000
[dock_coordinates-24] [INFO] [1774056731.676646363] [dock coordinates]: range_limit: 1.200000
[planner_server-12] [WARN] [1774056731.933097663] [nav2_costmap_2d]: Robot is out of bounds of the costmap!
[planner_server-12] [WARN] [1774056731.933209952] [global_costmap.global_costmap]: Sensor origin at (0.43, -0.32) is out of map bounds (0.00, 0.00) to (4.95, 4.95). The costmap cannot raytrace for it.
[planner_server-12] [WARN] [1774056732.433120943] [nav2_costmap_2d]: Robot is out of bounds of the costmap!
[planner_server-12] [WARN] [1774056732.433241689] [global_costmap.global_costmap]: Sensor origin at (0.43, -0.32) is out of map bounds (0.00, 0.00) to (4.95, 4.95). The costmap cannot raytrace for it.
[planner_server-12] [WARN] [1774056732.933113598] [nav2_costmap_2d]: Robot is out of bounds of the costmap!
[planner_server-12] [WARN] [1774056732.933220928] [global_costmap.global_costmap]: Sensor origin at (0.43, -0.32) is out of map bounds (0.00, 0.00) to (4.95, 4.95). The costmap cannot raytrace for it.
[planner_server-12] [INFO] [1774056732.960049956] [global_costmap.global_costmap]: StaticLayer: Resizing costmap to 787 X 922 at 0.050000 m/pix
[battery_manager_node-26] [INFO] [1774056733.155313177] [battery_manager]: SOC limits from API: target=1.00, resume=0.95
[rpc_run_node-23] [0m[INFO] [1774056733.163769507] [rpc_run_node]: RPC run node started; RPC bridge configured.[0m
[rpc_run_node-23] 2026-03-21 08:32:13,196 [INFO] RPCServer listening on localhost:6000
[robot_sound-21] [0m[INFO] [1774056733.414509270] [robot_sound_node]: Obstacle sound alarm is enabled.[0m
[robot_sound-21] [0m[INFO] [1774056733.415449575] [robot_sound_node]: ✅ robot_sound_node started using .wav files[0m
[robot_sound-21] [33m[WARN] [1774056733.417197481] [robot_sound_node]: Map not available yet; skipping obstacle classification.[0m
[robot_sound-21] [0m[INFO] [1774056733.417730924] [robot_sound_node]: Obstacle detected but sound alarm disabled.[0m
[robot_sound-21] [0m[INFO] [1774056733.420403677] [robot_sound_node]: Obstacle sound alarm disabled (API).[0m
[robot_sound-21] [0m[INFO] [1774056733.421024616] [robot_sound_node]: Sound volume set to 100% (API).[0m
[autodock_action_server-25] [INFO] [1774056733.487193630] [autodock_action_server]: auto_dock_init_start
[autodock_action_server-25] [INFO] [1774056733.553733632] [autodock_action_server]: auto_dock_init_complete
[battery_manager_node-26] [INFO] [1774056733.600778928] [battery_manager]: State change: IDLE_ON_DOCK -> UNKNOWN
[delivery_robot_main_controller-20] [0m[INFO] [1774056733.778491634] [main_controller_node]: Delivery Robot Main Controller Node started.[0m
[delivery_robot_main_controller-20] [0m[INFO] [1774056733.785846080] [main_controller_node]: Initial state: STANDBY[0m
[delivery_robot_main_controller-20] [0m[INFO] [1774056733.793087654] [main_controller_node]: setting_batteryLowToCharge: 40[0m
[delivery_robot_main_controller-20] [33m[WARN] [1774056733.815308779] [rcl.logging_rosout]: Publisher already registered for node name: 'main_controller_node'. If this is due to multiple nodes with the same name then all logs for the logger named 'main_controller_node' will go out over the existing publisher. As soon as any node with that name is destructed it will unregister the publisher, preventing any further logs for that name from being published on the rosout topic.[0m
[delivery_robot_main_controller-20] [33m[WARN] [1774056733.848335829] [main_controller_node]: slam_toolbox_msgs not available; initial pose service calls will be skipped.[0m
[delivery_robot_main_controller-20] [0m[INFO] [1774056735.010111366] [main_controller_node]: Waiting for Nav2 system...[0m
[INFO] [bash-27]: process started with pid [4894]
[delivery_robot_main_controller-20] [0m[INFO] [1774056737.030008347] [main_controller_node]: Waiting for localization pose to be received from slam_toolbox/pose[0m
[delivery_robot_main_controller-20] [0m[INFO] [1774056737.035007364] [main_controller_node]: Acquired localization pose from TF map->base_link[0m
[bash-27] Traceback (most recent call last):
[bash-27]   File "/home/smr/workspaces/mini_amr/amrROS2_UI/ICEAMR/main.py", line 29, in <module>
[bash-27]     from ui_interface import *
[bash-27]   File "/home/smr/workspaces/mini_amr/amrROS2_UI/ICEAMR/ui_interface.py", line 24, in <module>
[bash-27]     import resources_rc
[bash-27] ModuleNotFoundError: No module named 'resources_rc'
[robot_sound-21] [0m[INFO] [1774056737.841773101] [robot_sound_node]: Received map (width=787, height=922, resolution=0.050 m/cell)[0m
[ERROR] [bash-27]: process has died [pid 4894, exit code 1, cmd '/bin/bash -c cd /home/smr/workspaces/mini_amr/amrROS2_UI/ICEAMR && source ../env/bin/activate && python main.py'].
[INFO] [battery_manager_node-26]: sending signal 'SIGINT' to process[battery_manager_node-26]
[INFO] [autodock_action_server-25]: sending signal 'SIGINT' to process[autodock_action_server-25]
[INFO] [dock_coordinates-24]: sending signal 'SIGINT' to process[dock_coordinates-24]
[INFO] [rpc_run_node-23]: sending signal 'SIGINT' to process[rpc_run_node-23]
[INFO] [call_robot_button-22]: sending signal 'SIGINT' to process[call_robot_button-22]
[INFO] [dock_coordinates-24]: process has finished cleanly [pid 4789]
[INFO] [robot_sound-21]: sending signal 'SIGINT' to process[robot_sound-21]
[INFO] [delivery_robot_main_controller-20]: sending signal 'SIGINT' to process[delivery_robot_main_controller-20]
[INFO] [lifecycle_manager-19]: sending signal 'SIGINT' to process[lifecycle_manager-19]
[INFO] [collision_detector-18]: sending signal 'SIGINT' to process[collision_detector-18]
[INFO] [collision_monitor-17]: sending signal 'SIGINT' to process[collision_monitor-17]
[INFO] [velocity_smoother-16]: sending signal 'SIGINT' to process[velocity_smoother-16]
[INFO] [waypoint_follower-15]: sending signal 'SIGINT' to process[waypoint_follower-15]
[INFO] [bt_navigator-14]: sending signal 'SIGINT' to process[bt_navigator-14]
[INFO] [behavior_server-13]: sending signal 'SIGINT' to process[behavior_server-13]
[INFO] [planner_server-12]: sending signal 'SIGINT' to process[planner_server-12]
[INFO] [smoother_server-11]: sending signal 'SIGINT' to process[smoother_server-11]
[INFO] [controller_server-10]: sending signal 'SIGINT' to process[controller_server-10]
[INFO] [costmap_filter_info_server-9]: sending signal 'SIGINT' to process[costmap_filter_info_server-9]
[INFO] [map_server-8]: sending signal 'SIGINT' to process[map_server-8]
[INFO] [taskset-7]: sending signal 'SIGINT' to process[taskset-7]
[INFO] [robot_hardware-6]: sending signal 'SIGINT' to process[robot_hardware-6]
[INFO] [ekf_node-5]: sending signal 'SIGINT' to process[ekf_node-5]
[INFO] [scan_to_scan_filter_chain-4]: sending signal 'SIGINT' to process[scan_to_scan_filter_chain-4]
[INFO] [rplidar_node-3]: sending signal 'SIGINT' to process[rplidar_node-3]
[INFO] [joint_state_publisher-2]: sending signal 'SIGINT' to process[joint_state_publisher-2]
[INFO] [robot_state_publisher-1]: sending signal 'SIGINT' to process[robot_state_publisher-1]
[battery_manager_node-26] Traceback (most recent call last):
[battery_manager_node-26]   File "/home/smr/workspaces/mini_amr/amrROS2_ws/install/battery_management/lib/battery_management/battery_manager_node", line 33, in <module>
[battery_manager_node-26]     sys.exit(load_entry_point('battery-management==0.0.0', 'console_scripts', 'battery_manager_node')())
[battery_manager_node-26]              ^^^^^^^^^^^^^^^^^^^^^^^^^^^^^^^^^^^^^^^^^^^^^^^^^^^^^^^^^^^^^^^^^^^^^^^^^^^^^^^^^^^^^^^^^^
[battery_manager_node-26]   File "/home/smr/workspaces/mini_amr/amrROS2_ws/install/battery_management/lib/python3.12/site-packages/battery_management/battery_manager_node.py", line 311, in main
[battery_manager_node-26]     rclpy.spin(node)
[battery_manager_node-26]   File "/opt/ros/jazzy/lib/python3.12/site-packages/rclpy/__init__.py", line 247, in spin
[battery_manager_node-26]     executor.spin_once()
[battery_manager_node-26]   File "/opt/ros/jazzy/lib/python3.12/site-packages/rclpy/executors.py", line 845, in spin_once
[battery_manager_node-26]     self._spin_once_impl(timeout_sec)
[battery_manager_node-26]   File "/opt/ros/jazzy/lib/python3.12/site-packages/rclpy/executors.py", line 829, in _spin_once_impl
[battery_manager_node-26]     handler, entity, node = self.wait_for_ready_callbacks(
[battery_manager_node-26]                             ^^^^^^^^^^^^^^^^^^^^^^^^^^^^^^
[battery_manager_node-26]   File "/opt/ros/jazzy/lib/python3.12/site-packages/rclpy/executors.py", line 799, in wait_for_ready_callbacks
[battery_manager_node-26]     return next(self._cb_iter)
[battery_manager_node-26]            ^^^^^^^^^^^^^^^^^^^
[battery_manager_node-26]   File "/opt/ros/jazzy/lib/python3.12/site-packages/rclpy/executors.py", line 703, in _wait_for_ready_callbacks
[battery_manager_node-26]     wait_set.wait(timeout_nsec)
[battery_manager_node-26] KeyboardInterrupt
[dock_coordinates-24] [INFO] [1774056738.798860783] [rclcpp]: signal_handler(signum=2)
[rpc_run_node-23] [0m[INFO] [1774056738.816752246] [rpc_run_node]: RPC run node stopped by user.[0m
[rpc_run_node-23] Failed to publish log message to rosout: publisher's context is invalid, at ./src/rcl/publisher.c:423
[rpc_run_node-23] 2026-03-21 08:32:18,819 [INFO] RPCServer stopped.
[call_robot_button-22] [0m[INFO] [1774056738.858160669] [call_robot_button_node]: CallRobotButton interrupted by user.[0m
[call_robot_button-22] Failed to publish log message to rosout: publisher's context is invalid, at ./src/rcl/publisher.c:423
[robot_sound-21] [0m[INFO] [1774056738.867662009] [robot_sound_node]: 🔚 robot_sound_node stopped by user.[0m
[robot_sound-21] Failed to publish log message to rosout: publisher's context is invalid, at ./src/rcl/publisher.c:423
[delivery_robot_main_controller-20] Traceback (most recent call last):
[delivery_robot_main_controller-20]   File "/home/smr/workspaces/mini_amr/amrROS2_ws/install/delivery_robot_main_controller/lib/delivery_robot_main_controller/delivery_robot_main_controller", line 33, in <module>
[delivery_robot_main_controller-20]     sys.exit(load_entry_point('delivery-robot-main-controller==0.0.1', 'console_scripts', 'delivery_robot_main_controller')())
[delivery_robot_main_controller-20]              ^^^^^^^^^^^^^^^^^^^^^^^^^^^^^^^^^^^^^^^^^^^^^^^^^^^^^^^^^^^^^^^^^^^^^^^^^^^^^^^^^^^^^^^^^^^^^^^^^^^^^^^^^^^^^^^^
[delivery_robot_main_controller-20]   File "/home/smr/workspaces/mini_amr/amrROS2_ws/install/delivery_robot_main_controller/lib/python3.12/site-packages/delivery_robot_main_controller/main_controller_node.py", line 1701, in main
[delivery_robot_main_controller-20]     node = DeliveryRobotMainController()
[delivery_robot_main_controller-20]            ^^^^^^^^^^^^^^^^^^^^^^^^^^^^^
[delivery_robot_main_controller-20]   File "/home/smr/workspaces/mini_amr/amrROS2_ws/install/delivery_robot_main_controller/lib/python3.12/site-packages/delivery_robot_main_controller/main_controller_node.py", line 170, in __init__
[delivery_robot_main_controller-20]     self.navigator.waitUntilNav2Active()
[delivery_robot_main_controller-20]   File "/home/smr/workspaces/mini_amr/amrROS2_ws/install/delivery_robot_main_controller/lib/python3.12/site-packages/delivery_robot_main_controller/robot_navigator.py", line 260, in waitUntilNav2Active
[delivery_robot_main_controller-20]     self._waitForNodeToActivate('bt_navigator')
[delivery_robot_main_controller-20]   File "/home/smr/workspaces/mini_amr/amrROS2_ws/install/delivery_robot_main_controller/lib/python3.12/site-packages/delivery_robot_main_controller/robot_navigator.py", line 430, in _waitForNodeToActivate
[delivery_robot_main_controller-20]     time.sleep(2)
[delivery_robot_main_controller-20] KeyboardInterrupt
[lifecycle_manager-19] [INFO] [1774056738.890992600] [rclcpp]: signal_handler(signum=2)
[lifecycle_manager-19] [INFO] [1774056738.891409379] [lifecycle_manager_navigation]: Running Nav2 LifecycleManager rcl preshutdown (lifecycle_manager_navigation)
[lifecycle_manager-19] [INFO] [1774056738.891573874] [lifecycle_manager_navigation]: [34m[1mTerminating bond timer...[0m[0m
[collision_detector-18] [INFO] [1774056738.906532717] [rclcpp]: signal_handler(signum=2)
[collision_detector-18] [INFO] [1774056738.906663671] [collision_detector]: Running Nav2 LifecycleNode rcl preshutdown (collision_detector)
[collision_detector-18] [INFO] [1774056738.906748544] [collision_detector]: Deactivating
[collision_detector-18] [INFO] [1774056738.906768960] [collision_detector]: Destroying bond (collision_detector) to lifecycle manager.
[collision_monitor-17] [INFO] [1774056738.920599378] [rclcpp]: signal_handler(signum=2)
[collision_monitor-17] [INFO] [1774056738.920777873] [collision_monitor]: Running Nav2 LifecycleNode rcl preshutdown (collision_monitor)
[collision_monitor-17] [INFO] [1774056738.920867703] [collision_monitor]: Deactivating
[collision_monitor-17] [INFO] [1774056738.920888994] [collision_monitor]: Destroying bond (collision_monitor) to lifecycle manager.
[collision_detector-18] [INFO] [1774056738.927165181] [collision_detector]: Cleaning up
[collision_detector-18] [INFO] [1774056738.927219721] [collision_monitor]: [PolygonStop]: Destroying Circle
[collision_detector-18] [INFO] [1774056738.927227887] [collision_monitor]: [PolygonStop]: Destroying Polygon
[collision_detector-18] [INFO] [1774056738.927237220] [collision_monitor]: [PolygonSlow]: Destroying Polygon
[collision_detector-18] [INFO] [1774056738.927244512] [collision_monitor]: [scan]: Destroying Scan
[collision_detector-18] [INFO] [1774056738.933544906] [collision_detector]: Destroying bond (collision_detector) to lifecycle manager.
[collision_monitor-17] [INFO] [1774056738.951289665] [collision_monitor]: Cleaning up
[collision_monitor-17] [INFO] [1774056738.951360829] [collision_monitor]: [PolygonStop]: Destroying Circle
[collision_monitor-17] [INFO] [1774056738.951375121] [collision_monitor]: [PolygonStop]: Destroying Polygon
[collision_monitor-17] [INFO] [1774056738.951389120] [collision_monitor]: [PolygonSlow]: Destroying Polygon
[collision_monitor-17] [INFO] [1774056738.951400787] [collision_monitor]: [FootprintApproach]: Destroying Polygon
[collision_monitor-17] [INFO] [1774056738.951414786] [collision_monitor]: [scan]: Destroying Scan
[collision_monitor-17] [INFO] [1774056738.989755260] [collision_monitor]: Destroying bond (collision_monitor) to lifecycle manager.
[velocity_smoother-16] [INFO] [1774056738.965708940] [rclcpp]: signal_handler(signum=2)
[velocity_smoother-16] [INFO] [1774056738.965955683] [velocity_smoother]: Running Nav2 LifecycleNode rcl preshutdown (velocity_smoother)
[velocity_smoother-16] [INFO] [1774056738.966043472] [velocity_smoother]: Deactivating
[velocity_smoother-16] [INFO] [1774056738.966067096] [velocity_smoother]: Destroying bond (velocity_smoother) to lifecycle manager.
[velocity_smoother-16] [INFO] [1774056738.976476367] [velocity_smoother]: Cleaning up
[velocity_smoother-16] [INFO] [1774056738.976544032] [velocity_smoother]: Destroying bond (velocity_smoother) to lifecycle manager.
[velocity_smoother-16] [INFO] [1774056738.986278698] [velocity_smoother]: Destroying
[waypoint_follower-15] [INFO] [1774056739.012482994] [rclcpp]: signal_handler(signum=2)
[waypoint_follower-15] [INFO] [1774056739.013163432] [waypoint_follower]: Running Nav2 LifecycleNode rcl preshutdown (waypoint_follower)
[waypoint_follower-15] [INFO] [1774056739.013776789] [waypoint_follower]: Deactivating
[waypoint_follower-15] [INFO] [1774056739.013824912] [waypoint_follower]: Destroying bond (waypoint_follower) to lifecycle manager.
[collision_detector-18] [INFO] [1774056739.050935757] [collision_detector]: Destroying
[bt_navigator-14] [INFO] [1774056739.051223915] [rclcpp]: signal_handler(signum=2)
[bt_navigator-14] [INFO] [1774056739.051384618] [bt_navigator]: Running Nav2 LifecycleNode rcl preshutdown (bt_navigator)
[bt_navigator-14] [INFO] [1774056739.051491365] [bt_navigator]: Deactivating
[bt_navigator-14] [INFO] [1774056739.051521697] [bt_navigator]: Destroying bond (bt_navigator) to lifecycle manager.
[bt_navigator-14] [INFO] [1774056739.062471702] [bt_navigator]: Cleaning up
[waypoint_follower-15] [INFO] [1774056739.054899679] [waypoint_follower]: Cleaning up
[behavior_server-13] [INFO] [1774056739.077669704] [rclcpp]: signal_handler(signum=2)
[behavior_server-13] [INFO] [1774056739.077985861] [behavior_server]: Running Nav2 LifecycleNode rcl preshutdown (behavior_server)
[behavior_server-13] [INFO] [1774056739.078643841] [behavior_server]: Deactivating
[behavior_server-13] [INFO] [1774056739.078679715] [behavior_server]: Destroying bond (behavior_server) to lifecycle manager.
[behavior_server-13] [INFO] [1774056739.099429134] [behavior_server]: Cleaning up
[behavior_server-13] [INFO] [1774056739.106513505] [behavior_server]: Destroying bond (behavior_server) to lifecycle manager.
[planner_server-12] [INFO] [1774056739.102750826] [rclcpp]: signal_handler(signum=2)
[planner_server-12] [INFO] [1774056739.102947695] [planner_server]: Running Nav2 LifecycleNode rcl preshutdown (planner_server)
[planner_server-12] [INFO] [1774056739.103262977] [planner_server]: Deactivating
[planner_server-12] [INFO] [1774056739.103311976] [global_costmap.global_costmap]: Deactivating
[smoother_server-11] [INFO] [1774056739.132535515] [rclcpp]: signal_handler(signum=2)
[smoother_server-11] [INFO] [1774056739.132757467] [smoother_server]: Running Nav2 LifecycleNode rcl preshutdown (smoother_server)
[smoother_server-11] [INFO] [1774056739.133002751] [smoother_server]: Deactivating
[smoother_server-11] [INFO] [1774056739.133038042] [smoother_server]: Destroying bond (smoother_server) to lifecycle manager.
[collision_monitor-17] [INFO] [1774056739.147599646] [collision_monitor]: Destroying
[waypoint_follower-15] [INFO] [1774056739.157399352] [waypoint_follower]: Destroying bond (waypoint_follower) to lifecycle manager.
[waypoint_follower-15] [INFO] [1774056739.170930529] [waypoint_follower]: Destroying
[controller_server-10] [INFO] [1774056739.167070436] [rclcpp]: signal_handler(signum=2)
[controller_server-10] [INFO] [1774056739.167252723] [controller_server]: Running Nav2 LifecycleNode rcl preshutdown (controller_server)
[controller_server-10] [INFO] [1774056739.167345470] [controller_server]: Deactivating
[controller_server-10] [INFO] [1774056739.167385719] [MPPIController]: Deactivated MPPI Controller: FollowPath
[controller_server-10] [INFO] [1774056739.167407593] [local_costmap.local_costmap]: Deactivating
[controller_server-10] [INFO] [1774056739.195701035] [controller_server]: Destroying bond (controller_server) to lifecycle manager.
[controller_server-10] [INFO] [1774056739.216138380] [controller_server]: Cleaning up
[controller_server-10] [INFO] [1774056739.216281584] [MPPIController]: Cleaned up MPPI Controller: FollowPath
[controller_server-10] [INFO] [1774056739.216403789] [local_costmap.local_costmap]: Cleaning up
[costmap_filter_info_server-9] [INFO] [1774056739.217917202] [rclcpp]: signal_handler(signum=2)
[costmap_filter_info_server-9] [INFO] [1774056739.218241525] [keepout_costmap_filter_info_server]: Running Nav2 LifecycleNode rcl preshutdown (keepout_costmap_filter_info_server)
[costmap_filter_info_server-9] [INFO] [1774056739.218425853] [keepout_costmap_filter_info_server]: Deactivating
[costmap_filter_info_server-9] [INFO] [1774056739.218478643] [keepout_costmap_filter_info_server]: Destroying bond (keepout_costmap_filter_info_server) to lifecycle manager.
[map_server-8] [INFO] [1774056739.257871419] [rclcpp]: signal_handler(signum=2)
[map_server-8] [INFO] [1774056739.258325238] [keepout_filter_mask_server]: Running Nav2 LifecycleNode rcl preshutdown (keepout_filter_mask_server)
[map_server-8] [INFO] [1774056739.258524441] [keepout_filter_mask_server]: Deactivating
[map_server-8] [INFO] [1774056739.258576064] [keepout_filter_mask_server]: Destroying bond (keepout_filter_mask_server) to lifecycle manager.
[costmap_filter_info_server-9] [INFO] [1774056739.259316292] [keepout_costmap_filter_info_server]: Cleaning up
[costmap_filter_info_server-9] [INFO] [1774056739.259433830] [keepout_costmap_filter_info_server]: Destroying bond (keepout_costmap_filter_info_server) to lifecycle manager.
[map_server-8] [INFO] [1774056739.269406489] [keepout_filter_mask_server]: Cleaning up
[map_server-8] [INFO] [1774056739.269552610] [keepout_filter_mask_server]: Destroying bond (keepout_filter_mask_server) to lifecycle manager.
[behavior_server-13] [INFO] [1774056739.290044786] [behavior_server]: Destroying
[taskset-7] [INFO] [1774056739.311979503] [rclcpp]: signal_handler(signum=2)
[taskset-7] Unregistering sensor: Custom Described Lidar
[smoother_server-11] [INFO] [1774056739.330766064] [smoother_server]: Cleaning up
[costmap_filter_info_server-9] [INFO] [1774056739.338356169] [keepout_costmap_filter_info_server]: Destroying
[robot_hardware-6] [INFO] [1774056739.358461899] [rclcpp]: signal_handler(signum=2)
[smoother_server-11] [INFO] [1774056739.375860460] [smoother_server]: Destroying bond (smoother_server) to lifecycle manager.
[smoother_server-11] [INFO] [1774056739.395267669] [smoother_server]: Destroying
[ekf_node-5] [INFO] [1774056739.418754880] [rclcpp]: signal_handler(signum=2)
[map_server-8] [INFO] [1774056739.445508077] [keepout_filter_mask_server]: Destroying
[scan_to_scan_filter_chain-4] [INFO] [1774056739.470002092] [rclcpp]: signal_handler(signum=2)
[controller_server-10] [INFO] [1774056739.511636258] [controller_server]: Destroying bond (controller_server) to lifecycle manager.
[controller_server-10] [INFO] [1774056739.544152907] [local_costmap.local_costmap]: Destroying
[planner_server-12] [INFO] [1774056739.592139966] [planner_server]: Deactivating plugin GridBased of type SmacPlanner2D
[planner_server-12] [INFO] [1774056739.592200048] [planner_server]: Destroying bond (planner_server) to lifecycle manager.
[planner_server-12] [INFO] [1774056739.602384450] [planner_server]: Cleaning up
[robot_state_publisher-1] [INFO] [1774056739.622508263] [rclcpp]: signal_handler(signum=2)
[controller_server-10] [INFO] [1774056739.672603134] [controller_server]: Destroying
[planner_server-12] [INFO] [1774056739.690431015] [global_costmap.global_costmap]: Cleaning up
[autodock_action_server-25] Traceback (most recent call last):
[autodock_action_server-25]   File "/home/smr/workspaces/mini_amr/amrROS2_ws/install/action_autodock/lib/python3.12/site-packages/action_autodock/autodock_action_server.py", line 1409, in main
[autodock_action_server-25]     executor.spin()
[autodock_action_server-25]   File "/opt/ros/jazzy/lib/python3.12/site-packages/rclpy/executors.py", line 312, in spin
[autodock_action_server-25]     self.spin_once()
[autodock_action_server-25]   File "/opt/ros/jazzy/lib/python3.12/site-packages/rclpy/executors.py", line 917, in spin_once
[autodock_action_server-25]     self._spin_once_impl(timeout_sec)
[autodock_action_server-25]   File "/opt/ros/jazzy/lib/python3.12/site-packages/rclpy/executors.py", line 896, in _spin_once_impl
[autodock_action_server-25]     handler, entity, node = self.wait_for_ready_callbacks(
[autodock_action_server-25]                             ^^^^^^^^^^^^^^^^^^^^^^^^^^^^^^
[autodock_action_server-25]   File "/opt/ros/jazzy/lib/python3.12/site-packages/rclpy/executors.py", line 799, in wait_for_ready_callbacks
[autodock_action_server-25]     return next(self._cb_iter)
[autodock_action_server-25]            ^^^^^^^^^^^^^^^^^^^
[autodock_action_server-25]   File "/opt/ros/jazzy/lib/python3.12/site-packages/rclpy/executors.py", line 673, in _wait_for_ready_callbacks
[autodock_action_server-25]     entity_count += waitable.get_num_entities()
[autodock_action_server-25]   File "/opt/ros/jazzy/lib/python3.12/site-packages/rclpy/waitable.py", line 42, in __add__
[autodock_action_server-25]     setattr(result, attr, left + right)
[autodock_action_server-25] KeyboardInterrupt
[autodock_action_server-25] 
[autodock_action_server-25] During handling of the above exception, another exception occurred:
[autodock_action_server-25] 
[autodock_action_server-25] Traceback (most recent call last):
[autodock_action_server-25]   File "/home/smr/workspaces/mini_amr/amrROS2_ws/install/action_autodock/lib/action_autodock/autodock_action_server", line 33, in <module>
[autodock_action_server-25]     sys.exit(load_entry_point('action-autodock==0.0.0', 'console_scripts', 'autodock_action_server')())
[autodock_action_server-25]              ^^^^^^^^^^^^^^^^^^^^^^^^^^^^^^^^^^^^^^^^^^^^^^^^^^^^^^^^^^^^^^^^^^^^^^^^^^^^^^^^^^^^^^^^^
[autodock_action_server-25]   File "/home/smr/workspaces/mini_amr/amrROS2_ws/install/action_autodock/lib/python3.12/site-packages/action_autodock/autodock_action_server.py", line 1420, in main
[autodock_action_server-25]     rclpy.shutdown()   
[autodock_action_server-25]     ^^^^^^^^^^^^^^^^
[autodock_action_server-25]   File "/opt/ros/jazzy/lib/python3.12/site-packages/rclpy/__init__.py", line 134, in shutdown
[autodock_action_server-25]     _shutdown(context=context)
[autodock_action_server-25]   File "/opt/ros/jazzy/lib/python3.12/site-packages/rclpy/utilities.py", line 82, in shutdown
[autodock_action_server-25]     context.shutdown()
[autodock_action_server-25]   File "/opt/ros/jazzy/lib/python3.12/site-packages/rclpy/context.py", line 129, in shutdown
[autodock_action_server-25]     self.__context.shutdown()
[autodock_action_server-25] rclpy._rclpy_pybind11.RCLError: failed to shutdown: rcl_shutdown already called on the given context, at ./src/rcl/init.c:333
[planner_server-12] [INFO] [1774056739.729847415] [planner_server]: Cleaning up plugin GridBased of type SmacPlanner2D
[planner_server-12] [INFO] [1774056739.730896800] [planner_server]: Destroying plugin GridBased of type SmacPlanner2D
[rplidar_node-3] [INFO] [1774056739.735097841] [rplidar_node]: Stop motor
[lifecycle_manager-19] [INFO] [1774056739.762796593] [lifecycle_manager_navigation]: Destroying lifecycle_manager_navigation
[autodock_action_server-25] The following exception was never retrieved: cannot use Destroyable because destruction was requested
[planner_server-12] [INFO] [1774056739.897947660] [planner_server]: Destroying bond (planner_server) to lifecycle manager.
[planner_server-12] [INFO] [1774056739.942401867] [global_costmap.global_costmap]: Destroying
[rpc_run_node-23] Traceback (most recent call last):
[rpc_run_node-23]   File "/home/smr/workspaces/mini_amr/amrROS2_ws/install/delivery_robot_main_controller/lib/delivery_robot_main_controller/rpc_run_node", line 33, in <module>
[rpc_run_node-23]     sys.exit(load_entry_point('delivery-robot-main-controller==0.0.1', 'console_scripts', 'rpc_run_node')())
[rpc_run_node-23]              ^^^^^^^^^^^^^^^^^^^^^^^^^^^^^^^^^^^^^^^^^^^^^^^^^^^^^^^^^^^^^^^^^^^^^^^^^^^^^^^^^^^^^^^^^^^^^^
[rpc_run_node-23]   File "/home/smr/workspaces/mini_amr/amrROS2_ws/install/delivery_robot_main_controller/lib/python3.12/site-packages/delivery_robot_main_controller/rpc_run_node.py", line 57, in main
[rpc_run_node-23]     rclpy.shutdown()
[rpc_run_node-23]   File "/opt/ros/jazzy/lib/python3.12/site-packages/rclpy/__init__.py", line 134, in shutdown
[rpc_run_node-23]     _shutdown(context=context)
[rpc_run_node-23]   File "/opt/ros/jazzy/lib/python3.12/site-packages/rclpy/utilities.py", line 82, in shutdown
[rpc_run_node-23]     context.shutdown()
[rpc_run_node-23]   File "/opt/ros/jazzy/lib/python3.12/site-packages/rclpy/context.py", line 129, in shutdown
[rpc_run_node-23]     self.__context.shutdown()
[rpc_run_node-23] rclpy._rclpy_pybind11.RCLError: failed to shutdown: rcl_shutdown already called on the given context, at ./src/rcl/init.c:333
[planner_server-12] [INFO] [1774056740.021973728] [planner_server]: Destroying
[ERROR] [rpc_run_node-23]: process has died [pid 4788, exit code 1, cmd '/home/smr/workspaces/mini_amr/amrROS2_ws/install/delivery_robot_main_controller/lib/delivery_robot_main_controller/rpc_run_node --ros-args -r __node:=rpc_run_node -r __ns:=/ -r /tf:=tf -r /tf_static:=tf_static'].
[bt_navigator-14] [INFO] [1774056740.162393012] [bt_navigator]: Completed Cleaning up
[bt_navigator-14] [INFO] [1774056740.162543799] [bt_navigator]: Destroying bond (bt_navigator) to lifecycle manager.
[call_robot_button-22] Traceback (most recent call last):
[call_robot_button-22]   File "/home/smr/workspaces/mini_amr/amrROS2_ws/install/delivery_robot_main_controller/lib/delivery_robot_main_controller/call_robot_button", line 33, in <module>
[call_robot_button-22]     sys.exit(load_entry_point('delivery-robot-main-controller==0.0.1', 'console_scripts', 'call_robot_button')())
[call_robot_button-22]              ^^^^^^^^^^^^^^^^^^^^^^^^^^^^^^^^^^^^^^^^^^^^^^^^^^^^^^^^^^^^^^^^^^^^^^^^^^^^^^^^^^^^^^^^^^^^^^^^^^^
[call_robot_button-22]   File "/home/smr/workspaces/mini_amr/amrROS2_ws/install/delivery_robot_main_controller/lib/python3.12/site-packages/delivery_robot_main_controller/call_button.py", line 251, in main
[call_robot_button-22]     rclpy.shutdown()
[call_robot_button-22]   File "/opt/ros/jazzy/lib/python3.12/site-packages/rclpy/__init__.py", line 134, in shutdown
[call_robot_button-22]     _shutdown(context=context)
[call_robot_button-22]   File "/opt/ros/jazzy/lib/python3.12/site-packages/rclpy/utilities.py", line 82, in shutdown
[call_robot_button-22]     context.shutdown()
[call_robot_button-22]   File "/opt/ros/jazzy/lib/python3.12/site-packages/rclpy/context.py", line 129, in shutdown
[call_robot_button-22]     self.__context.shutdown()
[call_robot_button-22] rclpy._rclpy_pybind11.RCLError: failed to shutdown: rcl_shutdown already called on the given context, at ./src/rcl/init.c:333
[ERROR] [battery_manager_node-26]: process has died [pid 4791, exit code -2, cmd '/home/smr/workspaces/mini_amr/amrROS2_ws/install/battery_management/lib/battery_management/battery_manager_node --ros-args -r __node:=battery_manager -r __ns:=/ --params-file /home/smr/workspaces/mini_amr/amrROS2_ws/install/battery_management/share/battery_management/config/battery_manager.yaml -r /tf:=tf -r /tf_static:=tf_static'].
[bt_navigator-14] [INFO] [1774056740.170867133] [bt_navigator]: Destroying
[INFO] [collision_detector-18]: process has finished cleanly [pid 4601]
[robot_sound-21] Traceback (most recent call last):
[robot_sound-21]   File "/home/smr/workspaces/mini_amr/amrROS2_ws/install/delivery_robot_main_controller/lib/delivery_robot_main_controller/robot_sound", line 33, in <module>
[robot_sound-21]     sys.exit(load_entry_point('delivery-robot-main-controller==0.0.1', 'console_scripts', 'robot_sound')())
[robot_sound-21]              ^^^^^^^^^^^^^^^^^^^^^^^^^^^^^^^^^^^^^^^^^^^^^^^^^^^^^^^^^^^^^^^^^^^^^^^^^^^^^^^^^^^^^^^^^^^^^
[robot_sound-21]   File "/home/smr/workspaces/mini_amr/amrROS2_ws/install/delivery_robot_main_controller/lib/python3.12/site-packages/delivery_robot_main_controller/robot_sound.py", line 369, in main
[robot_sound-21]     rclpy.shutdown()
[robot_sound-21]   File "/opt/ros/jazzy/lib/python3.12/site-packages/rclpy/__init__.py", line 134, in shutdown
[robot_sound-21]     _shutdown(context=context)
[robot_sound-21]   File "/opt/ros/jazzy/lib/python3.12/site-packages/rclpy/utilities.py", line 82, in shutdown
[robot_sound-21]     context.shutdown()
[robot_sound-21]   File "/opt/ros/jazzy/lib/python3.12/site-packages/rclpy/context.py", line 129, in shutdown
[robot_sound-21]     self.__context.shutdown()
[robot_sound-21] rclpy._rclpy_pybind11.RCLError: failed to shutdown: rcl_shutdown already called on the given context, at ./src/rcl/init.c:333
[INFO] [velocity_smoother-16]: process has finished cleanly [pid 4587]
[INFO] [collision_monitor-17]: process has finished cleanly [pid 4588]
[ERROR] [call_robot_button-22]: process has died [pid 4787, exit code 1, cmd '/home/smr/workspaces/mini_amr/amrROS2_ws/install/delivery_robot_main_controller/lib/delivery_robot_main_controller/call_robot_button --ros-args -r __node:=call_robot_button_node -r __ns:=/ -r /tf:=tf -r /tf_static:=tf_static'].
[ERROR] [robot_sound-21]: process has died [pid 4786, exit code 1, cmd '/home/smr/workspaces/mini_amr/amrROS2_ws/install/delivery_robot_main_controller/lib/delivery_robot_main_controller/robot_sound --ros-args -r __node:=robot_sound_node -r __ns:=/ -r /tf:=tf -r /tf_static:=tf_static'].
[INFO] [costmap_filter_info_server-9]: process has finished cleanly [pid 4532]
[INFO] [waypoint_follower-15]: process has finished cleanly [pid 4586]
[INFO] [behavior_server-13]: process has finished cleanly [pid 4580]
[INFO] [smoother_server-11]: process has finished cleanly [pid 4549]
[INFO] [robot_hardware-6]: process has finished cleanly [pid 4523]
[INFO] [joint_state_publisher-2]: process has finished cleanly [pid 4519]
[INFO] [map_server-8]: process has finished cleanly [pid 4525]
[INFO] [controller_server-10]: process has finished cleanly [pid 4546]
[INFO] [lifecycle_manager-19]: process has finished cleanly [pid 4602]
[ERROR] [autodock_action_server-25]: process has died [pid 4790, exit code 1, cmd '/home/smr/workspaces/mini_amr/amrROS2_ws/install/action_autodock/lib/action_autodock/autodock_action_server --ros-args -r __ns:=/ --params-file /home/smr/workspaces/mini_amr/amrROS2_ws/install/action_autodock/share/action_autodock/config/auto_dock_config.yaml --params-file /tmp/launch_params_suutm8_c -r /tf:=tf -r /tf_static:=tf_static'].
[INFO] [planner_server-12]: process has finished cleanly [pid 4572]
[INFO] [bt_navigator-14]: process has finished cleanly [pid 4581]
[ERROR] [delivery_robot_main_controller-20]: process has died [pid 4785, exit code -2, cmd '/home/smr/workspaces/mini_amr/amrROS2_ws/install/delivery_robot_main_controller/lib/delivery_robot_main_controller/delivery_robot_main_controller --ros-args -r __node:=main_controller_node -r __ns:=/ --params-file /tmp/launch_params_ljdaw048 -r /tf:=tf -r /tf_static:=tf_static'].
[INFO] [ekf_node-5]: process has finished cleanly [pid 4522]
[INFO] [taskset-7]: process has finished cleanly [pid 4524]
[INFO] [scan_to_scan_filter_chain-4]: process has finished cleanly [pid 4521]
[INFO] [robot_state_publisher-1]: process has finished cleanly [pid 4518]
[INFO] [rplidar_node-3]: process has finished cleanly [pid 4520]
