[INFO] [launch]: All log files can be found below /home/smr/.ros/log/2026-03-21-08-34-31-888437-two-4512
[INFO] [launch]: Default logging verbosity is set to INFO
[INFO] [robot_state_publisher-1]: process started with pid [4527]
[INFO] [joint_state_publisher-2]: process started with pid [4528]
[INFO] [rplidar_node-3]: process started with pid [4529]
[INFO] [scan_to_scan_filter_chain-4]: process started with pid [4530]
[INFO] [ekf_node-5]: process started with pid [4531]
[INFO] [robot_hardware-6]: process started with pid [4532]
[INFO] [taskset-7]: process started with pid [4533]
[INFO] [map_server-8]: process started with pid [4534]
[INFO] [costmap_filter_info_server-9]: process started with pid [4535]
[INFO] [controller_server-10]: process started with pid [4536]
[INFO] [smoother_server-11]: process started with pid [4541]
[INFO] [planner_server-12]: process started with pid [4557]
[INFO] [behavior_server-13]: process started with pid [4566]
[INFO] [bt_navigator-14]: process started with pid [4579]
[INFO] [waypoint_follower-15]: process started with pid [4594]
[INFO] [velocity_smoother-16]: process started with pid [4605]
[INFO] [collision_monitor-17]: process started with pid [4607]
[INFO] [collision_detector-18]: process started with pid [4616]
[INFO] [lifecycle_manager-19]: process started with pid [4619]
[robot_hardware-6] Serial port opened at port /dev/teensy with baudrate 460800
[robot_hardware-6] Created receive data thread
[rplidar_node-3] [INFO] [1774056873.093852989] [rplidar_node]: RPLidar running on ROS2 package rplidar_ros. RPLIDAR SDK Version:2.1.0
[taskset-7] [INFO] [1774056873.070547046] [slam_toolbox]: Node using stack size 40000000
[taskset-7] [INFO] [1774056873.145647894] [slam_toolbox]: Configuring
[taskset-7] [INFO] [1774056873.165215390] [slam_toolbox]: Using solver plugin solver_plugins::CeresSolver
[taskset-7] [INFO] [1774056873.167463767] [slam_toolbox]: CeresSolver: Using SCHUR_JACOBI preconditioner.
[robot_state_publisher-1] [INFO] [1774056873.199302982] [robot_state_publisher]: Robot initialized
[costmap_filter_info_server-9] [INFO] [1774056873.200609018] [costmap_filter_info_server]: This is costmap filter info publisher
[rplidar_node-3] [INFO] [1774056873.203538995] [rplidar_node]: RPLidar S/N: CEDCEDF9C7E29BCEA7E39EF25E0F4304
[rplidar_node-3] [INFO] [1774056873.203591201] [rplidar_node]: Firmware Ver: 1.02
[rplidar_node-3] [INFO] [1774056873.203602576] [rplidar_node]: Hardware Rev: 18
[rplidar_node-3] [INFO] [1774056873.204526834] [rplidar_node]: RPLidar health status : 0
[rplidar_node-3] [INFO] [1774056873.204572624] [rplidar_node]: RPLidar health status : OK.
[rplidar_node-3] [INFO] [1774056873.206024196] [rplidar_node]: Start
[collision_monitor-17] [INFO] [1774056873.234565948] [collision_monitor]: 
[collision_monitor-17] 	collision_monitor lifecycle node launched. 
[collision_monitor-17] 	Waiting on external lifecycle transitions to activate
[collision_monitor-17] 	See https://design.ros2.org/articles/node_lifecycle.html for more information.
[map_server-8] [INFO] [1774056873.272714559] [keepout_filter_mask_server]: 
[map_server-8] 	keepout_filter_mask_server lifecycle node launched. 
[map_server-8] 	Waiting on external lifecycle transitions to activate
[map_server-8] 	See https://design.ros2.org/articles/node_lifecycle.html for more information.
[map_server-8] [INFO] [1774056873.273068921] [keepout_filter_mask_server]: Creating
[lifecycle_manager-19] [INFO] [1774056873.326571764] [lifecycle_manager_navigation]: Creating
[rplidar_node-3] [INFO] [1774056873.353433870] [rplidar_node]: current scan mode: Sensitivity, sample rate: 32 Khz, max_distance: 30.0 m, scan frequency:10.0 Hz, 
[lifecycle_manager-19] [INFO] [1774056873.354841985] [lifecycle_manager_navigation]: [34m[1mCreating and initializing lifecycle service clients[0m[0m
[bt_navigator-14] [INFO] [1774056873.393503035] [bt_navigator]: 
[bt_navigator-14] 	bt_navigator lifecycle node launched. 
[controller_server-10] [INFO] [1774056873.436149274] [controller_server]: 
[controller_server-10] 	controller_server lifecycle node launched. 
[controller_server-10] 	Waiting on external lifecycle transitions to activate
[controller_server-10] 	See https://design.ros2.org/articles/node_lifecycle.html for more information.
[bt_navigator-14] 	Waiting on external lifecycle transitions to activate
[bt_navigator-14] 	See https://design.ros2.org/articles/node_lifecycle.html for more information.
[waypoint_follower-15] [INFO] [1774056873.455881556] [waypoint_follower]: 
[waypoint_follower-15] 	waypoint_follower lifecycle node launched. 
[waypoint_follower-15] 	Waiting on external lifecycle transitions to activate
[waypoint_follower-15] 	See https://design.ros2.org/articles/node_lifecycle.html for more information.
[planner_server-12] [INFO] [1774056873.462715932] [planner_server]: 
[planner_server-12] 	planner_server lifecycle node launched. 
[planner_server-12] 	Waiting on external lifecycle transitions to activate
[planner_server-12] 	See https://design.ros2.org/articles/node_lifecycle.html for more information.
[waypoint_follower-15] [INFO] [1774056873.478040124] [waypoint_follower]: Creating
[collision_detector-18] [INFO] [1774056873.497514873] [collision_detector]: 
[bt_navigator-14] [INFO] [1774056873.498514670] [bt_navigator]: Creating
[collision_detector-18] 	collision_detector lifecycle node launched. 
[collision_detector-18] 	Waiting on external lifecycle transitions to activate
[collision_detector-18] 	See https://design.ros2.org/articles/node_lifecycle.html for more information.
[planner_server-12] [INFO] [1774056873.512186339] [planner_server]: Creating
[velocity_smoother-16] [INFO] [1774056873.515771083] [velocity_smoother]: 
[smoother_server-11] [INFO] [1774056873.516092196] [smoother_server]: 
[smoother_server-11] 	smoother_server lifecycle node launched. 
[smoother_server-11] 	Waiting on external lifecycle transitions to activate
[smoother_server-11] 	See https://design.ros2.org/articles/node_lifecycle.html for more information.
[velocity_smoother-16] 	velocity_smoother lifecycle node launched. 
[velocity_smoother-16] 	Waiting on external lifecycle transitions to activate
[velocity_smoother-16] 	See https://design.ros2.org/articles/node_lifecycle.html for more information.
[smoother_server-11] [INFO] [1774056873.578624128] [smoother_server]: Creating smoother server
[controller_server-10] [INFO] [1774056873.665961989] [controller_server]: Creating controller server
[behavior_server-13] [INFO] [1774056873.691873295] [behavior_server]: 
[behavior_server-13] 	behavior_server lifecycle node launched. 
[behavior_server-13] 	Waiting on external lifecycle transitions to activate
[behavior_server-13] 	See https://design.ros2.org/articles/node_lifecycle.html for more information.
[costmap_filter_info_server-9] [INFO] [1774056873.698005947] [keepout_costmap_filter_info_server]: 
[costmap_filter_info_server-9] 	keepout_costmap_filter_info_server lifecycle node launched. 
[costmap_filter_info_server-9] 	Waiting on external lifecycle transitions to activate
[costmap_filter_info_server-9] 	See https://design.ros2.org/articles/node_lifecycle.html for more information.
[planner_server-12] [INFO] [1774056873.794674469] [global_costmap.global_costmap]: 
[planner_server-12] 	global_costmap lifecycle node launched. 
[planner_server-12] 	Waiting on external lifecycle transitions to activate
[planner_server-12] 	See https://design.ros2.org/articles/node_lifecycle.html for more information.
[planner_server-12] [INFO] [1774056873.800146811] [global_costmap.global_costmap]: Creating Costmap
[controller_server-10] [INFO] [1774056873.857023823] [local_costmap.local_costmap]: 
[controller_server-10] 	local_costmap lifecycle node launched. 
[controller_server-10] 	Waiting on external lifecycle transitions to activate
[controller_server-10] 	See https://design.ros2.org/articles/node_lifecycle.html for more information.
[controller_server-10] [INFO] [1774056873.862574329] [local_costmap.local_costmap]: Creating Costmap
[lifecycle_manager-19] [INFO] [1774056873.885563242] [lifecycle_manager_navigation]: [34m[1mStarting managed nodes bringup...[0m[0m
[lifecycle_manager-19] [INFO] [1774056873.885875314] [lifecycle_manager_navigation]: [34m[1mConfiguring controller_server[0m[0m
[controller_server-10] [INFO] [1774056873.899773308] [controller_server]: Configuring controller interface
[controller_server-10] [INFO] [1774056873.899862846] [controller_server]: getting progress checker plugins..
[controller_server-10] [INFO] [1774056873.901229547] [controller_server]: getting goal checker plugins..
[controller_server-10] [INFO] [1774056873.903308179] [controller_server]: Controller frequency set to 10.0000Hz
[controller_server-10] [INFO] [1774056873.903496589] [local_costmap.local_costmap]: Configuring
[controller_server-10] [INFO] [1774056873.923958011] [local_costmap.local_costmap]: Using plugin "obstacle_layer"
[controller_server-10] [INFO] [1774056873.932308998] [local_costmap.local_costmap]: Subscribed to Topics: scan
[controller_server-10] [INFO] [1774056873.942420422] [local_costmap.local_costmap]: Initialized plugin "obstacle_layer"
[controller_server-10] [INFO] [1774056873.942474378] [local_costmap.local_costmap]: Using plugin "denoise_layer"
[controller_server-10] [INFO] [1774056873.945102782] [local_costmap.local_costmap]: Initialized plugin "denoise_layer"
[controller_server-10] [INFO] [1774056873.945154405] [local_costmap.local_costmap]: Using plugin "inflation_layer"
[controller_server-10] [INFO] [1774056873.949107220] [local_costmap.local_costmap]: Initialized plugin "inflation_layer"
[controller_server-10] [INFO] [1774056873.949158843] [local_costmap.local_costmap]: Using costmap filter "keepout_filter"
[controller_server-10] [INFO] [1774056873.954493524] [local_costmap.local_costmap]: Initialized costmap filter "keepout_filter"
[controller_server-10] [INFO] [1774056873.954550980] [local_costmap.local_costmap]: Using costmap filter "inflation_layer"
[controller_server-10] [INFO] [1774056873.954657726] [local_costmap.local_costmap]: Initialized costmap filter "inflation_layer"
[controller_server-10] [INFO] [1774056873.999284601] [controller_server]: Created progress_checker : progress_checker of type nav2_controller::SimpleProgressChecker
[controller_server-10] [INFO] [1774056874.000842628] [controller_server]: Controller Server has progress_checker  progress checkers available.
[controller_server-10] [INFO] [1774056874.001731595] [controller_server]: Created goal checker : goal_checker of type nav2_controller::SimpleGoalChecker
[controller_server-10] [INFO] [1774056874.003426117] [controller_server]: Controller Server has goal_checker  goal checkers available.
[controller_server-10] [INFO] [1774056874.005710367] [controller_server]: Created controller : FollowPath of type nav2_mppi_controller::MPPIController
[controller_server-10] [INFO] [1774056874.011613485] [controller_server]: Controller period is equal to model dt. Control sequence shifting is ON
[controller_server-10] [INFO] [1774056874.014679082] [controller_server]: ConstraintCritic instantiated with 1 power and 4.000000 weight.
[controller_server-10] [INFO] [1774056874.014736830] [controller_server]: Critic loaded : mppi::critics::ConstraintCritic
[controller_server-10] [INFO] [1774056874.017469356] [controller_server]: InflationCostCritic instantiated with 1 power and 300.000000 / 0.015000 weights. Critic will collision check based on footprint cost.
[controller_server-10] [INFO] [1774056874.017524187] [controller_server]: Critic loaded : mppi::critics::CostCritic
[controller_server-10] [INFO] [1774056874.018234078] [controller_server]: GoalCritic instantiated with 1 power and 5.000000 weight.
[controller_server-10] [INFO] [1774056874.018271410] [controller_server]: Critic loaded : mppi::critics::GoalCritic
[controller_server-10] [INFO] [1774056874.018973134] [controller_server]: GoalAngleCritic instantiated with 1 power, 3.000000 weight, and 0.500000 angular threshold.
[controller_server-10] [INFO] [1774056874.019006966] [controller_server]: Critic loaded : mppi::critics::GoalAngleCritic
[controller_server-10] [INFO] [1774056874.020274212] [controller_server]: ReferenceTrajectoryCritic instantiated with 1 power and 2.000000 weight
[controller_server-10] [INFO] [1774056874.020309210] [controller_server]: Critic loaded : mppi::critics::PathAlignCritic
[controller_server-10] [INFO] [1774056874.021140430] [controller_server]: Critic loaded : mppi::critics::PathFollowCritic
[controller_server-10] [INFO] [1774056874.022932073] [controller_server]: PathAngleCritic instantiated with 1 power and 1.500000 weight. Mode set to: Forward Preference
[controller_server-10] [INFO] [1774056874.022978155] [controller_server]: Critic loaded : mppi::critics::PathAngleCritic
[controller_server-10] [INFO] [1774056874.024185611] [controller_server]: PreferForwardCritic instantiated with 1 power and 10.000000 weight.
[controller_server-10] [INFO] [1774056874.024231109] [controller_server]: Critic loaded : mppi::critics::PreferForwardCritic
[controller_server-10] [INFO] [1774056874.025671307] [controller_server]: Optimizer reset
[controller_server-10] [INFO] [1774056874.034675021] [MPPIController]: Configured MPPI Controller: FollowPath
[controller_server-10] [INFO] [1774056874.034717602] [controller_server]: Controller Server has FollowPath  controllers available.
[lifecycle_manager-19] [INFO] [1774056874.052841692] [lifecycle_manager_navigation]: [34m[1mConfiguring smoother_server[0m[0m
[smoother_server-11] [INFO] [1774056874.053554208] [smoother_server]: Configuring smoother server
[rplidar_node-3] [INFO] [1774056874.070399095] [rplidar_node]: set lidar scan frequency to 10.0 Hz(600.0 Rpm) 
[scan_to_scan_filter_chain-4] [WARN] [1774056874.089534065] [scan_to_scan_filter_chain]: diagnostic_updater: No HW_ID was set. This is probably a bug. Please report it. For devices that do not have a HW_ID, set this value to 'none'. This warning only occurs once all diagnostics are OK. It is okay to wait until the device is open before calling setHardwareID.
[smoother_server-11] [INFO] [1774056874.106134252] [smoother_server]: Created smoother : simple_smoother of type nav2_smoother::SimpleSmoother
[smoother_server-11] [INFO] [1774056874.111683591] [smoother_server]: Smoother Server has simple_smoother  smoothers available.
[lifecycle_manager-19] [INFO] [1774056874.126362057] [lifecycle_manager_navigation]: [34m[1mConfiguring planner_server[0m[0m
[planner_server-12] [INFO] [1774056874.126705044] [planner_server]: Configuring
[planner_server-12] [INFO] [1774056874.126756376] [global_costmap.global_costmap]: Configuring
[planner_server-12] [INFO] [1774056874.142363474] [global_costmap.global_costmap]: Using plugin "static_layer"
[planner_server-12] [INFO] [1774056874.150824999] [global_costmap.global_costmap]: Subscribing to the map topic (/map) with transient local durability
[planner_server-12] [INFO] [1774056874.153552858] [global_costmap.global_costmap]: Initialized plugin "static_layer"
[planner_server-12] [INFO] [1774056874.153599815] [global_costmap.global_costmap]: Using plugin "obstacle_layer"
[planner_server-12] [INFO] [1774056874.157596086] [global_costmap.global_costmap]: Subscribed to Topics: scan
[planner_server-12] [INFO] [1774056874.169804808] [global_costmap.global_costmap]: Initialized plugin "obstacle_layer"
[planner_server-12] [INFO] [1774056874.169868098] [global_costmap.global_costmap]: Using plugin "inflation_layer"
[planner_server-12] [INFO] [1774056874.175154072] [global_costmap.global_costmap]: Initialized plugin "inflation_layer"
[planner_server-12] [INFO] [1774056874.175210945] [global_costmap.global_costmap]: Using costmap filter "keepout_filter"
[planner_server-12] [INFO] [1774056874.182859625] [global_costmap.global_costmap]: Initialized costmap filter "keepout_filter"
[planner_server-12] [INFO] [1774056874.182915914] [global_costmap.global_costmap]: Using costmap filter "inflation_layer2"
[planner_server-12] [INFO] [1774056874.210328083] [global_costmap.global_costmap]: Initialized costmap filter "inflation_layer2"
[taskset-7] Load From File /home/smr/workspaces/mini_amr/amrROS2_ws/maps/latest_map.posegraph 
[taskset-7] Mapper <- Module
[taskset-7] Mapper <- m_pSequentialScanMatcher
[taskset-7] Mapper <- m_pGraph
[taskset-7] MapperGraph <- Graph; Graph <- m_Edges; Graph <- m_Vertices
[taskset-7] MapperGraph <- m_pMapper; MapperGraph <- m_pLoopScanMatcher; MapperGraph <- m_pTraversal
[taskset-7] Mapper <- m_pMapperSensorManager
[taskset-7] MapperSensorManager <- m_ScanManagers; MapperSensorManager <- m_Scans
[taskset-7] Mapper <- m_Listeners
[taskset-7] **Finished serializing Mapper**
[taskset-7] Load From File
[taskset-7] **Serializing Dataset**
[taskset-7] Dataset <- m_SensorNameLookup
[taskset-7] Dataset <- m_Data
[taskset-7] Dataset <- m_Lasers
[taskset-7] Dataset <- m_pDatasetInfo
[taskset-7] **Finished serializing Dataset**
[taskset-7] Registering sensor: [Custom Described Lidar]
[taskset-7] WARNING: Logging before InitGoogleLogging() is written to STDERR
[taskset-7] W20260321 08:34:34.250720  4533 preprocessor.cc:67] Specified options.num_threads: 50 exceeds maximum available from the threading model Ceres was compiled with: 8.  Bounding to maximum number available.
[INFO] [launch.user]: [LifecycleLaunch] Slamtoolbox node is activating.
[taskset-7] [INFO] [1774056874.272343199] [slam_toolbox]: Activating
[planner_server-12] [INFO] [1774056874.275402671] [planner_server]: Created global planner plugin GridBased of type nav2_smac_planner::SmacPlanner2D
[planner_server-12] [INFO] [1774056874.275455753] [planner_server]: Configuring GridBased of type SmacPlanner2D
[planner_server-12] [ERROR] [1774056874.281538823] [planner_server]: Inflation layer either not found or inflation is not set sufficiently for optimized non-circular collision checking capabilities. It is HIGHLY recommended to set the inflation radius to be at MINIMUM half of the robot's largest cross-section. See github.com/ros-planning/navigation2/tree/main/nav2_smac_planner#potential-fields for full instructions. This will substantially impact run-time performance.
[planner_server-12] [INFO] [1774056874.291406130] [planner_server]: Configured plugin GridBased of type SmacPlanner2D with tolerance 0.12, maximum iterations 1000000, max on approach iterations 1000, and not allowing unknown traversal.
[planner_server-12] [INFO] [1774056874.291476711] [planner_server]: Planner Server has GridBased  planners available.
[lifecycle_manager-19] [INFO] [1774056874.317691048] [lifecycle_manager_navigation]: [34m[1mConfiguring behavior_server[0m[0m
[behavior_server-13] [INFO] [1774056874.318179864] [behavior_server]: Configuring
[behavior_server-13] [INFO] [1774056874.322524372] [behavior_server]: Creating behavior plugin wait of type nav2_behaviors::Wait
[behavior_server-13] [INFO] [1774056874.343032459] [behavior_server]: Configuring wait
[lifecycle_manager-19] [INFO] [1774056874.369477496] [lifecycle_manager_navigation]: [34m[1mConfiguring velocity_smoother[0m[0m
[velocity_smoother-16] [INFO] [1774056874.369807942] [velocity_smoother]: Configuring velocity smoother
[taskset-7] Registering sensor: [Custom Described Lidar]
[lifecycle_manager-19] [INFO] [1774056874.384344079] [lifecycle_manager_navigation]: [34m[1mConfiguring collision_monitor[0m[0m
[collision_monitor-17] [INFO] [1774056874.384778647] [collision_monitor]: Configuring
[joint_state_publisher-2] [INFO] [1774056874.401634908] [joint_state_publisher]: Waiting for robot_description to be published on the robot_description topic...
[collision_monitor-17] [INFO] [1774056874.413899628] [collision_monitor]: [scan]: Creating Scan
[collision_monitor-17] [INFO] [1774056874.424662611] [collision_monitor]: [PolygonStop]: Creating Polygon
[collision_monitor-17] [INFO] [1774056874.424777523] [collision_monitor]: [PolygonStop]: Creating Circle
[collision_monitor-17] [INFO] [1774056874.431817809] [collision_monitor]: [PolygonSlow]: Creating Polygon
[collision_monitor-17] [INFO] [1774056874.438804429] [collision_monitor]: [FootprintApproach]: Creating Polygon
[collision_monitor-17] [INFO] [1774056874.439668898] [collision_monitor]: [FootprintApproach]: Polygon points are not defined. Using dynamic subscription instead.
[collision_monitor-17] [INFO] [1774056874.448023094] [collision_monitor]: [FootprintApproach]: Making footprint subscriber on /local_costmap/published_footprint topic
[lifecycle_manager-19] [INFO] [1774056874.464060385] [lifecycle_manager_navigation]: [34m[1mConfiguring collision_detector[0m[0m
[collision_detector-18] [INFO] [1774056874.464401622] [collision_detector]: Configuring
[collision_detector-18] [INFO] [1774056874.486724684] [collision_monitor]: [scan]: Creating Scan
[collision_detector-18] [INFO] [1774056874.490857742] [collision_monitor]: [PolygonStop]: Creating Polygon
[collision_detector-18] [INFO] [1774056874.490891283] [collision_monitor]: [PolygonStop]: Creating Circle
[collision_detector-18] [INFO] [1774056874.497160138] [collision_monitor]: [PolygonSlow]: Creating Polygon
[lifecycle_manager-19] [INFO] [1774056874.502891762] [lifecycle_manager_navigation]: [34m[1mConfiguring bt_navigator[0m[0m
[bt_navigator-14] [INFO] [1774056874.503276748] [bt_navigator]: Configuring
[bt_navigator-14] [INFO] [1774056874.520693572] [bt_navigator]: Creating navigator id navigate_to_pose of type nav2_bt_navigator::NavigateToPoseNavigator
[planner_server-12] [INFO] [1774056874.620145951] [global_costmap.global_costmap]: StaticLayer: Resizing costmap to 787 X 922 at 0.050000 m/pix
[bt_navigator-14] [INFO] [1774056874.642577801] [bt_navigator]: Creating navigator id navigate_through_poses of type nav2_bt_navigator::NavigateThroughPosesNavigator
[lifecycle_manager-19] [INFO] [1774056874.695450959] [lifecycle_manager_navigation]: [34m[1mConfiguring waypoint_follower[0m[0m
[waypoint_follower-15] [INFO] [1774056874.695901859] [waypoint_follower]: Configuring
[waypoint_follower-15] [INFO] [1774056874.758508454] [waypoint_follower]: Created waypoint_task_executor : wait_at_waypoint of type nav2_waypoint_follower::WaitAtWaypoint
[lifecycle_manager-19] [INFO] [1774056874.761396432] [lifecycle_manager_navigation]: [34m[1mConfiguring keepout_filter_mask_server[0m[0m
[map_server-8] [INFO] [1774056874.761979161] [keepout_filter_mask_server]: Configuring
[map_server-8] [INFO] [1774056874.762136072] [map_io]: Loading yaml file: /home/smr/workspaces/mini_amr/amrROS2_ws/maps/latest_map_keepout.yaml
[map_server-8] [INFO] [1774056874.762862004] [map_io]: resolution: 0.05
[map_server-8] [INFO] [1774056874.762899044] [map_io]: origin[0]: -26.12
[map_server-8] [INFO] [1774056874.762920043] [map_io]: origin[1]: -29.258
[map_server-8] [INFO] [1774056874.762936960] [map_io]: origin[2]: 0
[map_server-8] [INFO] [1774056874.762954459] [map_io]: free_thresh: 0.196
[map_server-8] [INFO] [1774056874.762971667] [map_io]: occupied_thresh: 0.65
[map_server-8] [INFO] [1774056874.762991791] [map_io]: mode: trinary
[map_server-8] [INFO] [1774056874.763009582] [map_io]: negate: 0
[map_server-8] [INFO] [1774056874.763531938] [map_io]: Loading image_file: /home/smr/workspaces/mini_amr/amrROS2_ws/maps/latest_map_keepout.pgm
[map_server-8] [INFO] [1774056874.808921202] [map_io]: Read map /home/smr/workspaces/mini_amr/amrROS2_ws/maps/latest_map_keepout.pgm: 787 X 922 map @ 0.05 m/cell
[lifecycle_manager-19] [INFO] [1774056874.824009736] [lifecycle_manager_navigation]: [34m[1mConfiguring keepout_costmap_filter_info_server[0m[0m
[costmap_filter_info_server-9] [INFO] [1774056874.824511676] [keepout_costmap_filter_info_server]: Configuring
[lifecycle_manager-19] [INFO] [1774056874.833297522] [lifecycle_manager_navigation]: [34m[1mActivating controller_server[0m[0m
[controller_server-10] [INFO] [1774056874.833858960] [controller_server]: Activating
[controller_server-10] [INFO] [1774056874.833962206] [local_costmap.local_costmap]: Activating
[controller_server-10] [INFO] [1774056874.834000705] [local_costmap.local_costmap]: Checking transform
[controller_server-10] [INFO] [1774056874.834343693] [local_costmap.local_costmap]: start
[controller_server-10] [INFO] [1774056874.836428450] [local_costmap.local_costmap]: KeepoutFilter: Subscribing to "/keepout_costmap_filter_info" topic for filter info...
[controller_server-10] [WARN] [1774056874.937834049] [local_costmap.local_costmap]: KeepoutFilter: Filter mask was not received
[controller_server-10] [WARN] [1774056874.940482869] [controller_server]: Parameter controller_server.verbose not found
[controller_server-10] [INFO] [1774056874.942008814] [controller_server]: Optimizer reset
[controller_server-10] [INFO] [1774056874.943674170] [MPPIController]: Activated MPPI Controller: FollowPath
[controller_server-10] [INFO] [1774056874.943887370] [controller_server]: Creating bond (controller_server) to lifecycle manager.
[lifecycle_manager-19] [INFO] [1774056875.053526419] [lifecycle_manager_navigation]: Server controller_server connected with bond.
[lifecycle_manager-19] [INFO] [1774056875.053704330] [lifecycle_manager_navigation]: [34m[1mActivating smoother_server[0m[0m
[smoother_server-11] [INFO] [1774056875.054985575] [smoother_server]: Activating
[smoother_server-11] [INFO] [1774056875.055069280] [smoother_server]: Creating bond (smoother_server) to lifecycle manager.
[lifecycle_manager-19] [INFO] [1774056875.167935795] [lifecycle_manager_navigation]: Server smoother_server connected with bond.
[lifecycle_manager-19] [INFO] [1774056875.168048666] [lifecycle_manager_navigation]: [34m[1mActivating planner_server[0m[0m
[planner_server-12] [INFO] [1774056875.168755640] [planner_server]: Activating
[planner_server-12] [INFO] [1774056875.168853053] [global_costmap.global_costmap]: Activating
[planner_server-12] [INFO] [1774056875.168880177] [global_costmap.global_costmap]: Checking transform
[planner_server-12] [INFO] [1774056875.169165417] [global_costmap.global_costmap]: start
[planner_server-12] [INFO] [1774056875.170454245] [global_costmap.global_costmap]: KeepoutFilter: Subscribing to "/keepout_costmap_filter_info" topic for filter info...
[planner_server-12] [WARN] [1774056875.719102724] [global_costmap.global_costmap]: KeepoutFilter: Filter mask was not received
[planner_server-12] [INFO] [1774056875.776026401] [planner_server]: Activating plugin GridBased of type SmacPlanner2D
[planner_server-12] [INFO] [1774056875.781517410] [planner_server]: Creating bond (planner_server) to lifecycle manager.
[lifecycle_manager-19] [INFO] [1774056875.895421637] [lifecycle_manager_navigation]: Server planner_server connected with bond.
[lifecycle_manager-19] [INFO] [1774056875.895528092] [lifecycle_manager_navigation]: [34m[1mActivating behavior_server[0m[0m
[behavior_server-13] [INFO] [1774056875.896348228] [behavior_server]: Activating
[behavior_server-13] [INFO] [1774056875.896459058] [behavior_server]: Activating wait
[behavior_server-13] [INFO] [1774056875.896546554] [behavior_server]: Creating bond (behavior_server) to lifecycle manager.
[lifecycle_manager-19] [INFO] [1774056876.011942311] [lifecycle_manager_navigation]: Server behavior_server connected with bond.
[lifecycle_manager-19] [INFO] [1774056876.012173302] [lifecycle_manager_navigation]: [34m[1mActivating velocity_smoother[0m[0m
[velocity_smoother-16] [INFO] [1774056876.014848663] [velocity_smoother]: Activating
[velocity_smoother-16] [INFO] [1774056876.015013157] [velocity_smoother]: Creating bond (velocity_smoother) to lifecycle manager.
[lifecycle_manager-19] [INFO] [1774056876.129334453] [lifecycle_manager_navigation]: Server velocity_smoother connected with bond.
[lifecycle_manager-19] [INFO] [1774056876.129560486] [lifecycle_manager_navigation]: [34m[1mActivating collision_monitor[0m[0m
[collision_monitor-17] [INFO] [1774056876.131118513] [collision_monitor]: Activating
[collision_monitor-17] [INFO] [1774056876.131205134] [collision_monitor]: Creating bond (collision_monitor) to lifecycle manager.
[lifecycle_manager-19] [INFO] [1774056876.236106523] [lifecycle_manager_navigation]: Server collision_monitor connected with bond.
[lifecycle_manager-19] [INFO] [1774056876.236255851] [lifecycle_manager_navigation]: [34m[1mActivating collision_detector[0m[0m
[collision_detector-18] [INFO] [1774056876.236900119] [collision_detector]: Activating
[collision_detector-18] [INFO] [1774056876.236980324] [collision_detector]: Creating bond (collision_detector) to lifecycle manager.
[lifecycle_manager-19] [INFO] [1774056876.364887833] [lifecycle_manager_navigation]: Server collision_detector connected with bond.
[lifecycle_manager-19] [INFO] [1774056876.365067493] [lifecycle_manager_navigation]: [34m[1mActivating bt_navigator[0m[0m
[bt_navigator-14] [INFO] [1774056876.366261533] [bt_navigator]: Activating
[bt_navigator-14] [INFO] [1774056876.491554637] [bt_navigator]: Creating bond (bt_navigator) to lifecycle manager.
[lifecycle_manager-19] [INFO] [1774056876.600288970] [lifecycle_manager_navigation]: Server bt_navigator connected with bond.
[lifecycle_manager-19] [INFO] [1774056876.600393674] [lifecycle_manager_navigation]: [34m[1mActivating waypoint_follower[0m[0m
[waypoint_follower-15] [INFO] [1774056876.601446552] [waypoint_follower]: Activating
[waypoint_follower-15] [INFO] [1774056876.601546590] [waypoint_follower]: Creating bond (waypoint_follower) to lifecycle manager.
[lifecycle_manager-19] [INFO] [1774056876.708992386] [lifecycle_manager_navigation]: Server waypoint_follower connected with bond.
[lifecycle_manager-19] [INFO] [1774056876.709093007] [lifecycle_manager_navigation]: [34m[1mActivating keepout_filter_mask_server[0m[0m
[map_server-8] [INFO] [1774056876.709926852] [keepout_filter_mask_server]: Activating
[map_server-8] [INFO] [1774056876.711296469] [keepout_filter_mask_server]: Creating bond (keepout_filter_mask_server) to lifecycle manager.
[lifecycle_manager-19] [INFO] [1774056876.826125829] [lifecycle_manager_navigation]: Server keepout_filter_mask_server connected with bond.
[lifecycle_manager-19] [INFO] [1774056876.826239283] [lifecycle_manager_navigation]: [34m[1mActivating keepout_costmap_filter_info_server[0m[0m
[costmap_filter_info_server-9] [INFO] [1774056876.827130584] [keepout_costmap_filter_info_server]: Activating
[costmap_filter_info_server-9] [INFO] [1774056876.827243455] [keepout_costmap_filter_info_server]: Creating bond (keepout_costmap_filter_info_server) to lifecycle manager.
[controller_server-10] [INFO] [1774056876.827347285] [local_costmap.local_costmap]: KeepoutFilter: Received filter info from /keepout_costmap_filter_info topic.
[controller_server-10] [INFO] [1774056876.827397158] [local_costmap.local_costmap]: KeepoutFilter: Subscribing to "/keepout_filter_mask" topic for filter mask...
[planner_server-12] [INFO] [1774056876.827394825] [global_costmap.global_costmap]: KeepoutFilter: Received filter info from /keepout_costmap_filter_info topic.
[planner_server-12] [INFO] [1774056876.827433906] [global_costmap.global_costmap]: KeepoutFilter: Subscribing to "/keepout_filter_mask" topic for filter mask...
[planner_server-12] [INFO] [1774056876.848287897] [global_costmap.global_costmap]: KeepoutFilter: Received filter mask from /keepout_filter_mask topic.
[controller_server-10] [INFO] [1774056876.857321360] [local_costmap.local_costmap]: KeepoutFilter: Received filter mask from /keepout_filter_mask topic.
[lifecycle_manager-19] [INFO] [1774056876.939614738] [lifecycle_manager_navigation]: Server keepout_costmap_filter_info_server connected with bond.
[lifecycle_manager-19] [INFO] [1774056876.939736359] [lifecycle_manager_navigation]: [34m[1mManaged nodes are active[0m[0m
[lifecycle_manager-19] [INFO] [1774056876.939834355] [lifecycle_manager_navigation]: [34m[1mCreating bond timer...[0m[0m
[INFO] [delivery_robot_main_controller-20]: process started with pid [4794]
[INFO] [robot_sound-21]: process started with pid [4795]
[INFO] [call_robot_button-22]: process started with pid [4796]
[INFO] [rpc_run_node-23]: process started with pid [4797]
[INFO] [dock_coordinates-24]: process started with pid [4798]
[INFO] [autodock_action_server-25]: process started with pid [4799]
[INFO] [battery_manager_node-26]: process started with pid [4800]
[dock_coordinates-24] [INFO] [1774056878.296640156] [dock_coordinates]: begin dock_coordinates
[dock_coordinates-24] [INFO] [1774056878.300100363] [dock coordinates]: max_alignment_error: 0.010000
[dock_coordinates-24] [INFO] [1774056878.300200401] [dock coordinates]: minimum_point_cloud: 5
[dock_coordinates-24] [INFO] [1774056878.300217317] [dock coordinates]: point_cloud_split_dist: 0.050000
[dock_coordinates-24] [INFO] [1774056878.300233650] [dock coordinates]: max_dock_width: 0.380000
[dock_coordinates-24] [INFO] [1774056878.300249691] [dock coordinates]: min_dock_width: 0.310000
[dock_coordinates-24] [INFO] [1774056878.300265149] [dock coordinates]: range_limit: 1.200000
[battery_manager_node-26] [INFO] [1774056879.512406926] [battery_manager]: SOC limits from API: target=1.00, resume=0.95
[battery_manager_node-26] [INFO] [1774056879.517695816] [battery_manager]: IR state: IDLE -> CHARGING (11)
[battery_manager_node-26] [INFO] [1774056879.840773427] [battery_manager]: State change: IDLE_ON_DOCK -> CHARGING
[rpc_run_node-23] [0m[INFO] [1774056879.989182897] [rpc_run_node]: RPC run node started; RPC bridge configured.[0m
[rpc_run_node-23] 2026-03-21 08:34:39,991 [INFO] RPCServer listening on localhost:6000
[autodock_action_server-25] [INFO] [1774056880.047224492] [autodock_action_server]: auto_dock_init_start
[autodock_action_server-25] [INFO] [1774056880.108759543] [autodock_action_server]: auto_dock_init_complete
[robot_sound-21] [0m[INFO] [1774056880.116249270] [robot_sound_node]: Obstacle sound alarm disabled (API).[0m
[robot_sound-21] [0m[INFO] [1774056880.117594388] [robot_sound_node]: Sound volume set to 100% (API).[0m
[robot_sound-21] [0m[INFO] [1774056880.122327965] [robot_sound_node]: Obstacle sound alarm is enabled.[0m
[robot_sound-21] [0m[INFO] [1774056880.123002566] [robot_sound_node]: ✅ robot_sound_node started using .wav files[0m
[robot_sound-21] [33m[WARN] [1774056880.125036867] [robot_sound_node]: Map not available yet; skipping obstacle classification.[0m
[robot_sound-21] [0m[INFO] [1774056880.125562431] [robot_sound_node]: Obstacle detected but sound alarm disabled.[0m
[autodock_action_server-25] [INFO] [1774056880.175643274] [charge_status]: IR Charge State: CHARGING (11)
[delivery_robot_main_controller-20] [0m[INFO] [1774056880.437598235] [main_controller_node]: Delivery Robot Main Controller Node started.[0m
[delivery_robot_main_controller-20] [0m[INFO] [1774056880.444026043] [main_controller_node]: Initial state: STANDBY[0m
[delivery_robot_main_controller-20] [0m[INFO] [1774056880.448744162] [main_controller_node]: setting_batteryLowToCharge: 40[0m
[delivery_robot_main_controller-20] [33m[WARN] [1774056880.466876710] [rcl.logging_rosout]: Publisher already registered for node name: 'main_controller_node'. If this is due to multiple nodes with the same name then all logs for the logger named 'main_controller_node' will go out over the existing publisher. As soon as any node with that name is destructed it will unregister the publisher, preventing any further logs for that name from being published on the rosout topic.[0m
[delivery_robot_main_controller-20] [33m[WARN] [1774056880.494437624] [main_controller_node]: slam_toolbox_msgs not available; initial pose service calls will be skipped.[0m
[delivery_robot_main_controller-20] [0m[INFO] [1774056881.634514691] [main_controller_node]: Waiting for Nav2 system...[0m
[INFO] [bash-27]: process started with pid [4903]
[delivery_robot_main_controller-20] [0m[INFO] [1774056883.653943196] [main_controller_node]: Waiting for localization pose to be received from slam_toolbox/pose[0m
[delivery_robot_main_controller-20] [0m[INFO] [1774056883.657528815] [main_controller_node]: Acquired localization pose from TF map->base_link[0m
[bash-27] Traceback (most recent call last):
[bash-27]   File "/home/smr/workspaces/mini_amr/amrROS2_UI/ICEAMR/main.py", line 29, in <module>
[bash-27]     from ui_interface import *
[bash-27]   File "/home/smr/workspaces/mini_amr/amrROS2_UI/ICEAMR/ui_interface.py", line 24, in <module>
[bash-27]     import resources_rc
[bash-27] ModuleNotFoundError: No module named 'resources_rc'
[ERROR] [bash-27]: process has died [pid 4903, exit code 1, cmd '/bin/bash -c cd /home/smr/workspaces/mini_amr/amrROS2_UI/ICEAMR && source ../env/bin/activate && python main.py'].
[INFO] [battery_manager_node-26]: sending signal 'SIGINT' to process[battery_manager_node-26]
[INFO] [autodock_action_server-25]: sending signal 'SIGINT' to process[autodock_action_server-25]
[INFO] [dock_coordinates-24]: sending signal 'SIGINT' to process[dock_coordinates-24]
[INFO] [rpc_run_node-23]: sending signal 'SIGINT' to process[rpc_run_node-23]
[INFO] [call_robot_button-22]: sending signal 'SIGINT' to process[call_robot_button-22]
[INFO] [robot_sound-21]: sending signal 'SIGINT' to process[robot_sound-21]
[INFO] [delivery_robot_main_controller-20]: sending signal 'SIGINT' to process[delivery_robot_main_controller-20]
[INFO] [lifecycle_manager-19]: sending signal 'SIGINT' to process[lifecycle_manager-19]
[INFO] [dock_coordinates-24]: process has finished cleanly [pid 4798]
[INFO] [collision_detector-18]: sending signal 'SIGINT' to process[collision_detector-18]
[INFO] [collision_monitor-17]: sending signal 'SIGINT' to process[collision_monitor-17]
[INFO] [velocity_smoother-16]: sending signal 'SIGINT' to process[velocity_smoother-16]
[INFO] [waypoint_follower-15]: sending signal 'SIGINT' to process[waypoint_follower-15]
[INFO] [bt_navigator-14]: sending signal 'SIGINT' to process[bt_navigator-14]
[INFO] [behavior_server-13]: sending signal 'SIGINT' to process[behavior_server-13]
[INFO] [planner_server-12]: sending signal 'SIGINT' to process[planner_server-12]
[INFO] [smoother_server-11]: sending signal 'SIGINT' to process[smoother_server-11]
[INFO] [controller_server-10]: sending signal 'SIGINT' to process[controller_server-10]
[INFO] [costmap_filter_info_server-9]: sending signal 'SIGINT' to process[costmap_filter_info_server-9]
[INFO] [map_server-8]: sending signal 'SIGINT' to process[map_server-8]
[INFO] [taskset-7]: sending signal 'SIGINT' to process[taskset-7]
[INFO] [robot_hardware-6]: sending signal 'SIGINT' to process[robot_hardware-6]
[INFO] [ekf_node-5]: sending signal 'SIGINT' to process[ekf_node-5]
[INFO] [scan_to_scan_filter_chain-4]: sending signal 'SIGINT' to process[scan_to_scan_filter_chain-4]
[INFO] [rplidar_node-3]: sending signal 'SIGINT' to process[rplidar_node-3]
[INFO] [joint_state_publisher-2]: sending signal 'SIGINT' to process[joint_state_publisher-2]
[INFO] [robot_state_publisher-1]: sending signal 'SIGINT' to process[robot_state_publisher-1]
[robot_sound-21] [0m[INFO] [1774056884.616706221] [robot_sound_node]: Received map (width=787, height=922, resolution=0.050 m/cell)[0m
[battery_manager_node-26] Traceback (most recent call last):
[battery_manager_node-26]   File "/home/smr/workspaces/mini_amr/amrROS2_ws/install/battery_management/lib/battery_management/battery_manager_node", line 33, in <module>
[battery_manager_node-26]     sys.exit(load_entry_point('battery-management==0.0.0', 'console_scripts', 'battery_manager_node')())
[battery_manager_node-26]              ^^^^^^^^^^^^^^^^^^^^^^^^^^^^^^^^^^^^^^^^^^^^^^^^^^^^^^^^^^^^^^^^^^^^^^^^^^^^^^^^^^^^^^^^^^
[battery_manager_node-26]   File "/home/smr/workspaces/mini_amr/amrROS2_ws/install/battery_management/lib/python3.12/site-packages/battery_management/battery_manager_node.py", line 311, in main
[battery_manager_node-26]     rclpy.spin(node)
[battery_manager_node-26]   File "/opt/ros/jazzy/lib/python3.12/site-packages/rclpy/__init__.py", line 247, in spin
[battery_manager_node-26]     executor.spin_once()
[battery_manager_node-26]   File "/opt/ros/jazzy/lib/python3.12/site-packages/rclpy/executors.py", line 845, in spin_once
[battery_manager_node-26]     self._spin_once_impl(timeout_sec)
[battery_manager_node-26]   File "/opt/ros/jazzy/lib/python3.12/site-packages/rclpy/executors.py", line 829, in _spin_once_impl
[battery_manager_node-26]     handler, entity, node = self.wait_for_ready_callbacks(
[battery_manager_node-26]                             ^^^^^^^^^^^^^^^^^^^^^^^^^^^^^^
[battery_manager_node-26]   File "/opt/ros/jazzy/lib/python3.12/site-packages/rclpy/executors.py", line 799, in wait_for_ready_callbacks
[battery_manager_node-26]     return next(self._cb_iter)
[battery_manager_node-26]            ^^^^^^^^^^^^^^^^^^^
[battery_manager_node-26]   File "/opt/ros/jazzy/lib/python3.12/site-packages/rclpy/executors.py", line 703, in _wait_for_ready_callbacks
[battery_manager_node-26]     wait_set.wait(timeout_nsec)
[battery_manager_node-26] KeyboardInterrupt
[dock_coordinates-24] [INFO] [1774056885.582670462] [rclcpp]: signal_handler(signum=2)
[rpc_run_node-23] [0m[INFO] [1774056885.593958426] [rpc_run_node]: RPC run node stopped by user.[0m
[rpc_run_node-23] Failed to publish log message to rosout: publisher's context is invalid, at ./src/rcl/publisher.c:423
[robot_sound-21] [0m[INFO] [1774056885.600202782] [robot_sound_node]: 🔚 robot_sound_node stopped by user.[0m
[robot_sound-21] Failed to publish log message to rosout: publisher's context is invalid, at ./src/rcl/publisher.c:423
[rpc_run_node-23] 2026-03-21 08:34:45,601 [INFO] RPCServer stopped.
[delivery_robot_main_controller-20] Traceback (most recent call last):
[delivery_robot_main_controller-20]   File "/home/smr/workspaces/mini_amr/amrROS2_ws/install/delivery_robot_main_controller/lib/delivery_robot_main_controller/delivery_robot_main_controller", line 33, in <module>
[delivery_robot_main_controller-20]     sys.exit(load_entry_point('delivery-robot-main-controller==0.0.1', 'console_scripts', 'delivery_robot_main_controller')())
[delivery_robot_main_controller-20]              ^^^^^^^^^^^^^^^^^^^^^^^^^^^^^^^^^^^^^^^^^^^^^^^^^^^^^^^^^^^^^^^^^^^^^^^^^^^^^^^^^^^^^^^^^^^^^^^^^^^^^^^^^^^^^^^^
[delivery_robot_main_controller-20]   File "/home/smr/workspaces/mini_amr/amrROS2_ws/install/delivery_robot_main_controller/lib/python3.12/site-packages/delivery_robot_main_controller/main_controller_node.py", line 1701, in main
[delivery_robot_main_controller-20]     node = DeliveryRobotMainController()
[delivery_robot_main_controller-20]            ^^^^^^^^^^^^^^^^^^^^^^^^^^^^^
[delivery_robot_main_controller-20]   File "/home/smr/workspaces/mini_amr/amrROS2_ws/install/delivery_robot_main_controller/lib/python3.12/site-packages/delivery_robot_main_controller/main_controller_node.py", line 170, in __init__
[delivery_robot_main_controller-20]     self.navigator.waitUntilNav2Active()
[delivery_robot_main_controller-20]   File "/home/smr/workspaces/mini_amr/amrROS2_ws/install/delivery_robot_main_controller/lib/python3.12/site-packages/delivery_robot_main_controller/robot_navigator.py", line 260, in waitUntilNav2Active
[delivery_robot_main_controller-20]     self._waitForNodeToActivate('bt_navigator')
[delivery_robot_main_controller-20]   File "/home/smr/workspaces/mini_amr/amrROS2_ws/install/delivery_robot_main_controller/lib/python3.12/site-packages/delivery_robot_main_controller/robot_navigator.py", line 430, in _waitForNodeToActivate
[delivery_robot_main_controller-20]     time.sleep(2)
[delivery_robot_main_controller-20] KeyboardInterrupt
[lifecycle_manager-19] [INFO] [1774056885.625720353] [rclcpp]: signal_handler(signum=2)
[lifecycle_manager-19] [INFO] [1774056885.625904096] [lifecycle_manager_navigation]: Running Nav2 LifecycleManager rcl preshutdown (lifecycle_manager_navigation)
[lifecycle_manager-19] [INFO] [1774056885.626022508] [lifecycle_manager_navigation]: [34m[1mTerminating bond timer...[0m[0m
[call_robot_button-22] [0m[INFO] [1774056885.642792731] [call_robot_button_node]: CallRobotButton interrupted by user.[0m
[call_robot_button-22] Failed to publish log message to rosout: publisher's context is invalid, at ./src/rcl/publisher.c:423
[collision_detector-18] [INFO] [1774056885.647223278] [rclcpp]: signal_handler(signum=2)
[collision_detector-18] [INFO] [1774056885.647357440] [collision_detector]: Running Nav2 LifecycleNode rcl preshutdown (collision_detector)
[collision_detector-18] [INFO] [1774056885.647440853] [collision_detector]: Deactivating
[collision_detector-18] [INFO] [1774056885.647463894] [collision_detector]: Destroying bond (collision_detector) to lifecycle manager.
[collision_monitor-17] [INFO] [1774056885.654496596] [rclcpp]: signal_handler(signum=2)
[collision_monitor-17] [INFO] [1774056885.654647383] [collision_monitor]: Running Nav2 LifecycleNode rcl preshutdown (collision_monitor)
[collision_monitor-17] [INFO] [1774056885.654734588] [collision_monitor]: Deactivating
[collision_monitor-17] [INFO] [1774056885.654756170] [collision_monitor]: Destroying bond (collision_monitor) to lifecycle manager.
[velocity_smoother-16] [INFO] [1774056885.667873984] [rclcpp]: signal_handler(signum=2)
[velocity_smoother-16] [INFO] [1774056885.668131808] [velocity_smoother]: Running Nav2 LifecycleNode rcl preshutdown (velocity_smoother)
[velocity_smoother-16] [INFO] [1774056885.668224847] [velocity_smoother]: Deactivating
[velocity_smoother-16] [INFO] [1774056885.668250804] [velocity_smoother]: Destroying bond (velocity_smoother) to lifecycle manager.
[waypoint_follower-15] [INFO] [1774056885.685970950] [rclcpp]: signal_handler(signum=2)
[waypoint_follower-15] [INFO] [1774056885.686174235] [waypoint_follower]: Running Nav2 LifecycleNode rcl preshutdown (waypoint_follower)
[waypoint_follower-15] [INFO] [1774056885.686282731] [waypoint_follower]: Deactivating
[waypoint_follower-15] [INFO] [1774056885.686317438] [waypoint_follower]: Destroying bond (waypoint_follower) to lifecycle manager.
[collision_detector-18] [WARN] [1774056885.689066296] [LifecyclePublisher]: Trying to publish message on the topic '/collision_detector_state', but the publisher is not activated
[collision_detector-18] [WARN] [1774056885.689107711] [LifecyclePublisher]: Trying to publish message on the topic '/polygon_stop_detector', but the publisher is not activated
[collision_detector-18] [WARN] [1774056885.689114419] [LifecyclePublisher]: Trying to publish message on the topic '/polygon_slowdown_detector', but the publisher is not activated
[collision_detector-18] [INFO] [1774056885.698107342] [collision_detector]: Cleaning up
[collision_detector-18] [INFO] [1774056885.698164506] [collision_monitor]: [PolygonStop]: Destroying Circle
[collision_detector-18] [INFO] [1774056885.698171506] [collision_monitor]: [PolygonStop]: Destroying Polygon
[collision_detector-18] [INFO] [1774056885.698180256] [collision_monitor]: [PolygonSlow]: Destroying Polygon
[collision_detector-18] [INFO] [1774056885.698187547] [collision_monitor]: [scan]: Destroying Scan
[collision_detector-18] [INFO] [1774056885.709132524] [collision_detector]: Destroying bond (collision_detector) to lifecycle manager.
[collision_monitor-17] [INFO] [1774056885.695151408] [collision_monitor]: Cleaning up
[collision_monitor-17] [INFO] [1774056885.695209447] [collision_monitor]: [PolygonStop]: Destroying Circle
[collision_monitor-17] [INFO] [1774056885.695223738] [collision_monitor]: [PolygonStop]: Destroying Polygon
[collision_monitor-17] [INFO] [1774056885.695237738] [collision_monitor]: [PolygonSlow]: Destroying Polygon
[collision_monitor-17] [INFO] [1774056885.695248529] [collision_monitor]: [FootprintApproach]: Destroying Polygon
[collision_monitor-17] [INFO] [1774056885.695262237] [collision_monitor]: [scan]: Destroying Scan
[collision_monitor-17] [INFO] [1774056885.702063948] [collision_monitor]: Destroying bond (collision_monitor) to lifecycle manager.
[velocity_smoother-16] [INFO] [1774056885.718632928] [velocity_smoother]: Cleaning up
[velocity_smoother-16] [INFO] [1774056885.718704092] [velocity_smoother]: Destroying bond (velocity_smoother) to lifecycle manager.
[waypoint_follower-15] [INFO] [1774056885.756753539] [waypoint_follower]: Cleaning up
[bt_navigator-14] [INFO] [1774056885.766193571] [rclcpp]: signal_handler(signum=2)
[bt_navigator-14] [INFO] [1774056885.766443520] [bt_navigator]: Running Nav2 LifecycleNode rcl preshutdown (bt_navigator)
[bt_navigator-14] [INFO] [1774056885.766661970] [bt_navigator]: Deactivating
[bt_navigator-14] [INFO] [1774056885.766738384] [bt_navigator]: Destroying bond (bt_navigator) to lifecycle manager.
[behavior_server-13] [INFO] [1774056885.799044541] [rclcpp]: signal_handler(signum=2)
[behavior_server-13] [INFO] [1774056885.799203494] [behavior_server]: Running Nav2 LifecycleNode rcl preshutdown (behavior_server)
[behavior_server-13] [INFO] [1774056885.799293615] [behavior_server]: Deactivating
[behavior_server-13] [INFO] [1774056885.799315490] [behavior_server]: Destroying bond (behavior_server) to lifecycle manager.
[collision_detector-18] [INFO] [1774056885.802176635] [collision_detector]: Destroying
[velocity_smoother-16] [INFO] [1774056885.826864153] [velocity_smoother]: Destroying
[bt_navigator-14] [INFO] [1774056885.830180866] [bt_navigator]: Cleaning up
[planner_server-12] [INFO] [1774056885.836179647] [rclcpp]: signal_handler(signum=2)
[planner_server-12] [INFO] [1774056885.836361349] [planner_server]: Running Nav2 LifecycleNode rcl preshutdown (planner_server)
[planner_server-12] [INFO] [1774056885.836447387] [planner_server]: Deactivating
[planner_server-12] [INFO] [1774056885.836566091] [global_costmap.global_costmap]: Deactivating
[waypoint_follower-15] [INFO] [1774056885.868951579] [waypoint_follower]: Destroying bond (waypoint_follower) to lifecycle manager.
[smoother_server-11] [INFO] [1774056885.871477903] [rclcpp]: signal_handler(signum=2)
[smoother_server-11] [INFO] [1774056885.871697520] [smoother_server]: Running Nav2 LifecycleNode rcl preshutdown (smoother_server)
[smoother_server-11] [INFO] [1774056885.871824682] [smoother_server]: Deactivating
[smoother_server-11] [INFO] [1774056885.871851223] [smoother_server]: Destroying bond (smoother_server) to lifecycle manager.
[collision_monitor-17] [INFO] [1774056885.892167108] [collision_monitor]: Destroying
[controller_server-10] [INFO] [1774056885.905708115] [rclcpp]: signal_handler(signum=2)
[controller_server-10] [INFO] [1774056885.906276261] [controller_server]: Running Nav2 LifecycleNode rcl preshutdown (controller_server)
[controller_server-10] [INFO] [1774056885.906497045] [controller_server]: Deactivating
[controller_server-10] [INFO] [1774056885.906614874] [MPPIController]: Deactivated MPPI Controller: FollowPath
[controller_server-10] [INFO] [1774056885.906669414] [local_costmap.local_costmap]: Deactivating
[waypoint_follower-15] [INFO] [1774056885.929758073] [waypoint_follower]: Destroying
[controller_server-10] [INFO] [1774056885.934916010] [controller_server]: Destroying bond (controller_server) to lifecycle manager.
[costmap_filter_info_server-9] [INFO] [1774056885.939854622] [rclcpp]: signal_handler(signum=2)
[costmap_filter_info_server-9] [INFO] [1774056885.940183610] [keepout_costmap_filter_info_server]: Running Nav2 LifecycleNode rcl preshutdown (keepout_costmap_filter_info_server)
[costmap_filter_info_server-9] [INFO] [1774056885.940273732] [keepout_costmap_filter_info_server]: Deactivating
[costmap_filter_info_server-9] [INFO] [1774056885.940296772] [keepout_costmap_filter_info_server]: Destroying bond (keepout_costmap_filter_info_server) to lifecycle manager.
[smoother_server-11] [INFO] [1774056885.972429102] [smoother_server]: Cleaning up
[map_server-8] [INFO] [1774056885.979421848] [rclcpp]: signal_handler(signum=2)
[map_server-8] [INFO] [1774056885.979663631] [keepout_filter_mask_server]: Running Nav2 LifecycleNode rcl preshutdown (keepout_filter_mask_server)
[map_server-8] [INFO] [1774056885.979753461] [keepout_filter_mask_server]: Deactivating
[map_server-8] [INFO] [1774056885.979769793] [keepout_filter_mask_server]: Destroying bond (keepout_filter_mask_server) to lifecycle manager.
[taskset-7] [INFO] [1774056886.013731973] [rclcpp]: signal_handler(signum=2)
[taskset-7] Unregistering sensor: Custom Described Lidar
[costmap_filter_info_server-9] [INFO] [1774056886.040652118] [keepout_costmap_filter_info_server]: Cleaning up
[costmap_filter_info_server-9] [INFO] [1774056886.040712782] [keepout_costmap_filter_info_server]: Destroying bond (keepout_costmap_filter_info_server) to lifecycle manager.
[robot_hardware-6] [INFO] [1774056886.046028797] [rclcpp]: signal_handler(signum=2)
[smoother_server-11] [INFO] [1774056886.046233540] [smoother_server]: Destroying bond (smoother_server) to lifecycle manager.
[map_server-8] [INFO] [1774056886.080102098] [keepout_filter_mask_server]: Cleaning up
[map_server-8] [INFO] [1774056886.080168304] [keepout_filter_mask_server]: Destroying bond (keepout_filter_mask_server) to lifecycle manager.
[ekf_node-5] [INFO] [1774056886.095979270] [rclcpp]: signal_handler(signum=2)
[behavior_server-13] [INFO] [1774056886.116729723] [behavior_server]: Cleaning up
[behavior_server-13] [INFO] [1774056886.132217825] [behavior_server]: Destroying bond (behavior_server) to lifecycle manager.
[scan_to_scan_filter_chain-4] [INFO] [1774056886.165424033] [rclcpp]: signal_handler(signum=2)
[smoother_server-11] [INFO] [1774056886.168364217] [smoother_server]: Destroying
[behavior_server-13] [INFO] [1774056886.189324371] [behavior_server]: Destroying
[controller_server-10] [INFO] [1774056886.189375702] [controller_server]: Cleaning up
[controller_server-10] [INFO] [1774056886.189503448] [MPPIController]: Cleaned up MPPI Controller: FollowPath
[controller_server-10] [INFO] [1774056886.189616902] [local_costmap.local_costmap]: Cleaning up
[costmap_filter_info_server-9] [INFO] [1774056886.256466509] [keepout_costmap_filter_info_server]: Destroying
[map_server-8] [INFO] [1774056886.257324853] [keepout_filter_mask_server]: Destroying
[robot_state_publisher-1] [INFO] [1774056886.310627912] [rclcpp]: signal_handler(signum=2)
[rplidar_node-3] [INFO] [1774056886.325008013] [rplidar_node]: Stop motor
[autodock_action_server-25] Traceback (most recent call last):
[autodock_action_server-25]   File "/home/smr/workspaces/mini_amr/amrROS2_ws/install/action_autodock/lib/python3.12/site-packages/action_autodock/autodock_action_server.py", line 1409, in main
[autodock_action_server-25]     executor.spin()
[autodock_action_server-25]   File "/opt/ros/jazzy/lib/python3.12/site-packages/rclpy/executors.py", line 312, in spin
[autodock_action_server-25]     self.spin_once()
[autodock_action_server-25]   File "/opt/ros/jazzy/lib/python3.12/site-packages/rclpy/executors.py", line 917, in spin_once
[autodock_action_server-25]     self._spin_once_impl(timeout_sec)
[autodock_action_server-25]   File "/opt/ros/jazzy/lib/python3.12/site-packages/rclpy/executors.py", line 896, in _spin_once_impl
[autodock_action_server-25]     handler, entity, node = self.wait_for_ready_callbacks(
[autodock_action_server-25]                             ^^^^^^^^^^^^^^^^^^^^^^^^^^^^^^
[autodock_action_server-25]   File "/opt/ros/jazzy/lib/python3.12/site-packages/rclpy/executors.py", line 799, in wait_for_ready_callbacks
[autodock_action_server-25]     return next(self._cb_iter)
[autodock_action_server-25]            ^^^^^^^^^^^^^^^^^^^
[autodock_action_server-25]   File "/opt/ros/jazzy/lib/python3.12/site-packages/rclpy/executors.py", line 703, in _wait_for_ready_callbacks
[autodock_action_server-25]     wait_set.wait(timeout_nsec)
[autodock_action_server-25] KeyboardInterrupt
[autodock_action_server-25] 
[autodock_action_server-25] During handling of the above exception, another exception occurred:
[autodock_action_server-25] 
[autodock_action_server-25] Traceback (most recent call last):
[autodock_action_server-25]   File "/home/smr/workspaces/mini_amr/amrROS2_ws/install/action_autodock/lib/action_autodock/autodock_action_server", line 33, in <module>
[autodock_action_server-25]     sys.exit(load_entry_point('action-autodock==0.0.0', 'console_scripts', 'autodock_action_server')())
[autodock_action_server-25]              ^^^^^^^^^^^^^^^^^^^^^^^^^^^^^^^^^^^^^^^^^^^^^^^^^^^^^^^^^^^^^^^^^^^^^^^^^^^^^^^^^^^^^^^^^
[autodock_action_server-25]   File "/home/smr/workspaces/mini_amr/amrROS2_ws/install/action_autodock/lib/python3.12/site-packages/action_autodock/autodock_action_server.py", line 1420, in main
[autodock_action_server-25]     rclpy.shutdown()   
[autodock_action_server-25]     ^^^^^^^^^^^^^^^^
[autodock_action_server-25]   File "/opt/ros/jazzy/lib/python3.12/site-packages/rclpy/__init__.py", line 134, in shutdown
[autodock_action_server-25]     _shutdown(context=context)
[autodock_action_server-25]   File "/opt/ros/jazzy/lib/python3.12/site-packages/rclpy/utilities.py", line 82, in shutdown
[autodock_action_server-25]     context.shutdown()
[autodock_action_server-25]   File "/opt/ros/jazzy/lib/python3.12/site-packages/rclpy/context.py", line 129, in shutdown
[autodock_action_server-25]     self.__context.shutdown()
[autodock_action_server-25] rclpy._rclpy_pybind11.RCLError: failed to shutdown: rcl_shutdown already called on the given context, at ./src/rcl/init.c:333
[planner_server-12] [INFO] [1774056886.461491085] [planner_server]: Deactivating plugin GridBased of type SmacPlanner2D
[planner_server-12] [INFO] [1774056886.461549124] [planner_server]: Destroying bond (planner_server) to lifecycle manager.
[planner_server-12] [INFO] [1774056886.471751253] [planner_server]: Cleaning up
[controller_server-10] [INFO] [1774056886.472095115] [controller_server]: Destroying bond (controller_server) to lifecycle manager.
[controller_server-10] [INFO] [1774056886.503661341] [local_costmap.local_costmap]: Destroying
[lifecycle_manager-19] [INFO] [1774056886.506416616] [lifecycle_manager_navigation]: Destroying lifecycle_manager_navigation
[planner_server-12] [INFO] [1774056886.541077312] [global_costmap.global_costmap]: Cleaning up
[planner_server-12] [INFO] [1774056886.575744424] [planner_server]: Cleaning up plugin GridBased of type SmacPlanner2D
[planner_server-12] [INFO] [1774056886.576275238] [planner_server]: Destroying plugin GridBased of type SmacPlanner2D
[controller_server-10] [INFO] [1774056886.704013295] [controller_server]: Destroying
[bt_navigator-14] [INFO] [1774056886.743087039] [bt_navigator]: Completed Cleaning up
[bt_navigator-14] [INFO] [1774056886.745163630] [bt_navigator]: Destroying bond (bt_navigator) to lifecycle manager.
[planner_server-12] [INFO] [1774056886.759029542] [planner_server]: Destroying bond (planner_server) to lifecycle manager.
[planner_server-12] [INFO] [1774056886.793698988] [global_costmap.global_costmap]: Destroying
[bt_navigator-14] [INFO] [1774056886.815604982] [bt_navigator]: Destroying
[robot_sound-21] Traceback (most recent call last):
[robot_sound-21]   File "/home/smr/workspaces/mini_amr/amrROS2_ws/install/delivery_robot_main_controller/lib/delivery_robot_main_controller/robot_sound", line 33, in <module>
[robot_sound-21]     sys.exit(load_entry_point('delivery-robot-main-controller==0.0.1', 'console_scripts', 'robot_sound')())
[robot_sound-21]              ^^^^^^^^^^^^^^^^^^^^^^^^^^^^^^^^^^^^^^^^^^^^^^^^^^^^^^^^^^^^^^^^^^^^^^^^^^^^^^^^^^^^^^^^^^^^^
[robot_sound-21]   File "/home/smr/workspaces/mini_amr/amrROS2_ws/install/delivery_robot_main_controller/lib/python3.12/site-packages/delivery_robot_main_controller/robot_sound.py", line 369, in main
[robot_sound-21]     rclpy.shutdown()
[robot_sound-21]   File "/opt/ros/jazzy/lib/python3.12/site-packages/rclpy/__init__.py", line 134, in shutdown
[robot_sound-21]     _shutdown(context=context)
[robot_sound-21]   File "/opt/ros/jazzy/lib/python3.12/site-packages/rclpy/utilities.py", line 82, in shutdown
[robot_sound-21]     context.shutdown()
[robot_sound-21]   File "/opt/ros/jazzy/lib/python3.12/site-packages/rclpy/context.py", line 129, in shutdown
[robot_sound-21]     self.__context.shutdown()
[robot_sound-21] rclpy._rclpy_pybind11.RCLError: failed to shutdown: rcl_shutdown already called on the given context, at ./src/rcl/init.c:333
[rpc_run_node-23] Traceback (most recent call last):
[rpc_run_node-23]   File "/home/smr/workspaces/mini_amr/amrROS2_ws/install/delivery_robot_main_controller/lib/delivery_robot_main_controller/rpc_run_node", line 33, in <module>
[rpc_run_node-23]     sys.exit(load_entry_point('delivery-robot-main-controller==0.0.1', 'console_scripts', 'rpc_run_node')())
[rpc_run_node-23]              ^^^^^^^^^^^^^^^^^^^^^^^^^^^^^^^^^^^^^^^^^^^^^^^^^^^^^^^^^^^^^^^^^^^^^^^^^^^^^^^^^^^^^^^^^^^^^^
[rpc_run_node-23]   File "/home/smr/workspaces/mini_amr/amrROS2_ws/install/delivery_robot_main_controller/lib/python3.12/site-packages/delivery_robot_main_controller/rpc_run_node.py", line 57, in main
[rpc_run_node-23]     rclpy.shutdown()
[rpc_run_node-23]   File "/opt/ros/jazzy/lib/python3.12/site-packages/rclpy/__init__.py", line 134, in shutdown
[rpc_run_node-23]     _shutdown(context=context)
[rpc_run_node-23]   File "/opt/ros/jazzy/lib/python3.12/site-packages/rclpy/utilities.py", line 82, in shutdown
[rpc_run_node-23]     context.shutdown()
[rpc_run_node-23]   File "/opt/ros/jazzy/lib/python3.12/site-packages/rclpy/context.py", line 129, in shutdown
[rpc_run_node-23]     self.__context.shutdown()
[rpc_run_node-23] rclpy._rclpy_pybind11.RCLError: failed to shutdown: rcl_shutdown already called on the given context, at ./src/rcl/init.c:333
[call_robot_button-22] Traceback (most recent call last):
[call_robot_button-22]   File "/home/smr/workspaces/mini_amr/amrROS2_ws/install/delivery_robot_main_controller/lib/delivery_robot_main_controller/call_robot_button", line 33, in <module>
[call_robot_button-22]     sys.exit(load_entry_point('delivery-robot-main-controller==0.0.1', 'console_scripts', 'call_robot_button')())
[call_robot_button-22]              ^^^^^^^^^^^^^^^^^^^^^^^^^^^^^^^^^^^^^^^^^^^^^^^^^^^^^^^^^^^^^^^^^^^^^^^^^^^^^^^^^^^^^^^^^^^^^^^^^^^
[call_robot_button-22]   File "/home/smr/workspaces/mini_amr/amrROS2_ws/install/delivery_robot_main_controller/lib/python3.12/site-packages/delivery_robot_main_controller/call_button.py", line 251, in main
[call_robot_button-22]     rclpy.shutdown()
[call_robot_button-22]   File "/opt/ros/jazzy/lib/python3.12/site-packages/rclpy/__init__.py", line 134, in shutdown
[call_robot_button-22]     _shutdown(context=context)
[call_robot_button-22]   File "/opt/ros/jazzy/lib/python3.12/site-packages/rclpy/utilities.py", line 82, in shutdown
[call_robot_button-22]     context.shutdown()
[call_robot_button-22]   File "/opt/ros/jazzy/lib/python3.12/site-packages/rclpy/context.py", line 129, in shutdown
[call_robot_button-22]     self.__context.shutdown()
[call_robot_button-22] rclpy._rclpy_pybind11.RCLError: failed to shutdown: rcl_shutdown already called on the given context, at ./src/rcl/init.c:333
[planner_server-12] [INFO] [1774056886.984104596] [planner_server]: Destroying
[INFO] [collision_detector-18]: process has finished cleanly [pid 4616]
[ERROR] [robot_sound-21]: process has died [pid 4795, exit code 1, cmd '/home/smr/workspaces/mini_amr/amrROS2_ws/install/delivery_robot_main_controller/lib/delivery_robot_main_controller/robot_sound --ros-args -r __node:=robot_sound_node -r __ns:=/ -r /tf:=tf -r /tf_static:=tf_static'].
[INFO] [velocity_smoother-16]: process has finished cleanly [pid 4605]
[ERROR] [rpc_run_node-23]: process has died [pid 4797, exit code 1, cmd '/home/smr/workspaces/mini_amr/amrROS2_ws/install/delivery_robot_main_controller/lib/delivery_robot_main_controller/rpc_run_node --ros-args -r __node:=rpc_run_node -r __ns:=/ -r /tf:=tf -r /tf_static:=tf_static'].
[INFO] [collision_monitor-17]: process has finished cleanly [pid 4607]
[INFO] [waypoint_follower-15]: process has finished cleanly [pid 4594]
[ERROR] [call_robot_button-22]: process has died [pid 4796, exit code 1, cmd '/home/smr/workspaces/mini_amr/amrROS2_ws/install/delivery_robot_main_controller/lib/delivery_robot_main_controller/call_robot_button --ros-args -r __node:=call_robot_button_node -r __ns:=/ -r /tf:=tf -r /tf_static:=tf_static'].
[ERROR] [battery_manager_node-26]: process has died [pid 4800, exit code -2, cmd '/home/smr/workspaces/mini_amr/amrROS2_ws/install/battery_management/lib/battery_management/battery_manager_node --ros-args -r __node:=battery_manager -r __ns:=/ --params-file /home/smr/workspaces/mini_amr/amrROS2_ws/install/battery_management/share/battery_management/config/battery_manager.yaml -r /tf:=tf -r /tf_static:=tf_static'].
[INFO] [robot_hardware-6]: process has finished cleanly [pid 4532]
[INFO] [smoother_server-11]: process has finished cleanly [pid 4541]
[INFO] [costmap_filter_info_server-9]: process has finished cleanly [pid 4535]
[INFO] [behavior_server-13]: process has finished cleanly [pid 4566]
[INFO] [joint_state_publisher-2]: process has finished cleanly [pid 4528]
[INFO] [map_server-8]: process has finished cleanly [pid 4534]
[INFO] [lifecycle_manager-19]: process has finished cleanly [pid 4619]
[ERROR] [autodock_action_server-25]: process has died [pid 4799, exit code 1, cmd '/home/smr/workspaces/mini_amr/amrROS2_ws/install/action_autodock/lib/action_autodock/autodock_action_server --ros-args -r __ns:=/ --params-file /home/smr/workspaces/mini_amr/amrROS2_ws/install/action_autodock/share/action_autodock/config/auto_dock_config.yaml --params-file /tmp/launch_params_sknpocta -r /tf:=tf -r /tf_static:=tf_static'].
[INFO] [controller_server-10]: process has finished cleanly [pid 4536]
[INFO] [bt_navigator-14]: process has finished cleanly [pid 4579]
[ERROR] [delivery_robot_main_controller-20]: process has died [pid 4794, exit code -2, cmd '/home/smr/workspaces/mini_amr/amrROS2_ws/install/delivery_robot_main_controller/lib/delivery_robot_main_controller/delivery_robot_main_controller --ros-args -r __node:=main_controller_node -r __ns:=/ --params-file /tmp/launch_params_6wupx26z -r /tf:=tf -r /tf_static:=tf_static'].
[INFO] [planner_server-12]: process has finished cleanly [pid 4557]
[INFO] [ekf_node-5]: process has finished cleanly [pid 4531]
[INFO] [rplidar_node-3]: process has finished cleanly [pid 4529]
[INFO] [scan_to_scan_filter_chain-4]: process has finished cleanly [pid 4530]
[INFO] [taskset-7]: process has finished cleanly [pid 4533]
[INFO] [robot_state_publisher-1]: process has finished cleanly [pid 4527]
