[INFO] [launch]: All log files can be found below /home/smr/.ros/log/2026-03-21-08-23-51-709628-two-4726
[INFO] [launch]: Default logging verbosity is set to INFO
[INFO] [robot_state_publisher-1]: process started with pid [4742]
[INFO] [joint_state_publisher-2]: process started with pid [4743]
[INFO] [rplidar_node-3]: process started with pid [4744]
[INFO] [scan_to_scan_filter_chain-4]: process started with pid [4745]
[INFO] [ekf_node-5]: process started with pid [4746]
[INFO] [robot_hardware-6]: process started with pid [4747]
[INFO] [taskset-7]: process started with pid [4748]
[INFO] [map_server-8]: process started with pid [4749]
[INFO] [costmap_filter_info_server-9]: process started with pid [4750]
[INFO] [controller_server-10]: process started with pid [4751]
[INFO] [smoother_server-11]: process started with pid [4754]
[INFO] [planner_server-12]: process started with pid [4761]
[INFO] [behavior_server-13]: process started with pid [4764]
[INFO] [bt_navigator-14]: process started with pid [4767]
[INFO] [waypoint_follower-15]: process started with pid [4770]
[INFO] [velocity_smoother-16]: process started with pid [4826]
[INFO] [collision_monitor-17]: process started with pid [4836]
[INFO] [collision_detector-18]: process started with pid [4843]
[INFO] [lifecycle_manager-19]: process started with pid [4851]
[rplidar_node-3] [INFO] [1774056233.029391469] [rplidar_node]: RPLidar running on ROS2 package rplidar_ros. RPLIDAR SDK Version:2.1.0
[rplidar_node-3] [INFO] [1774056233.050873974] [rplidar_node]: RPLidar S/N: CEDCEDF9C7E29BCEA7E39EF25E0F4304
[rplidar_node-3] [INFO] [1774056233.050927055] [rplidar_node]: Firmware Ver: 1.02
[rplidar_node-3] [INFO] [1774056233.050936972] [rplidar_node]: Hardware Rev: 18
[rplidar_node-3] [INFO] [1774056233.051892728] [rplidar_node]: RPLidar health status : 0
[rplidar_node-3] [INFO] [1774056233.051937060] [rplidar_node]: RPLidar health status : OK.
[rplidar_node-3] [INFO] [1774056233.052951148] [rplidar_node]: Start
[taskset-7] [INFO] [1774056232.979601709] [slam_toolbox]: Node using stack size 40000000
[map_server-8] [INFO] [1774056232.993006218] [keepout_filter_mask_server]: 
[map_server-8] 	keepout_filter_mask_server lifecycle node launched. 
[map_server-8] 	Waiting on external lifecycle transitions to activate
[map_server-8] 	See https://design.ros2.org/articles/node_lifecycle.html for more information.
[map_server-8] [INFO] [1774056232.993118214] [keepout_filter_mask_server]: Creating
[robot_state_publisher-1] [INFO] [1774056233.058545401] [robot_state_publisher]: Robot initialized
[controller_server-10] [INFO] [1774056233.060668657] [controller_server]: 
[controller_server-10] 	controller_server lifecycle node launched. 
[controller_server-10] 	Waiting on external lifecycle transitions to activate
[controller_server-10] 	See https://design.ros2.org/articles/node_lifecycle.html for more information.
[taskset-7] [INFO] [1774056233.063741253] [slam_toolbox]: Configuring
[taskset-7] [INFO] [1774056233.088557677] [slam_toolbox]: Using solver plugin solver_plugins::CeresSolver
[taskset-7] [INFO] [1774056233.089277484] [slam_toolbox]: CeresSolver: Using SCHUR_JACOBI preconditioner.
[costmap_filter_info_server-9] [INFO] [1774056233.097584722] [costmap_filter_info_server]: This is costmap filter info publisher
[controller_server-10] [INFO] [1774056233.117283459] [controller_server]: Creating controller server
[waypoint_follower-15] [INFO] [1774056233.156701932] [waypoint_follower]: 
[waypoint_follower-15] 	waypoint_follower lifecycle node launched. 
[behavior_server-13] [INFO] [1774056233.160842572] [behavior_server]: 
[behavior_server-13] 	behavior_server lifecycle node launched. 
[behavior_server-13] 	Waiting on external lifecycle transitions to activate
[behavior_server-13] 	See https://design.ros2.org/articles/node_lifecycle.html for more information.
[waypoint_follower-15] 	Waiting on external lifecycle transitions to activate
[waypoint_follower-15] 	See https://design.ros2.org/articles/node_lifecycle.html for more information.
[waypoint_follower-15] [INFO] [1774056233.167505745] [waypoint_follower]: Creating
[rplidar_node-3] [INFO] [1774056233.198022877] [rplidar_node]: current scan mode: Sensitivity, sample rate: 32 Khz, max_distance: 30.0 m, scan frequency:10.0 Hz, 
[robot_hardware-6] Serial port opened at port /dev/teensy with baudrate 460800
[robot_hardware-6] Created receive data thread
[costmap_filter_info_server-9] [INFO] [1774056233.234262592] [keepout_costmap_filter_info_server]: 
[costmap_filter_info_server-9] 	keepout_costmap_filter_info_server lifecycle node launched. 
[costmap_filter_info_server-9] 	Waiting on external lifecycle transitions to activate
[costmap_filter_info_server-9] 	See https://design.ros2.org/articles/node_lifecycle.html for more information.
[controller_server-10] [INFO] [1774056233.249469535] [local_costmap.local_costmap]: 
[controller_server-10] 	local_costmap lifecycle node launched. 
[controller_server-10] 	Waiting on external lifecycle transitions to activate
[controller_server-10] 	See https://design.ros2.org/articles/node_lifecycle.html for more information.
[controller_server-10] [INFO] [1774056233.250742030] [local_costmap.local_costmap]: Creating Costmap
[smoother_server-11] [INFO] [1774056233.348040217] [smoother_server]: 
[smoother_server-11] 	smoother_server lifecycle node launched. 
[smoother_server-11] 	Waiting on external lifecycle transitions to activate
[smoother_server-11] 	See https://design.ros2.org/articles/node_lifecycle.html for more information.
[bt_navigator-14] [INFO] [1774056233.356445159] [bt_navigator]: 
[collision_detector-18] [INFO] [1774056233.366993481] [collision_detector]: 
[collision_detector-18] 	collision_detector lifecycle node launched. 
[collision_detector-18] 	Waiting on external lifecycle transitions to activate
[collision_detector-18] 	See https://design.ros2.org/articles/node_lifecycle.html for more information.
[bt_navigator-14] 	bt_navigator lifecycle node launched. 
[bt_navigator-14] 	Waiting on external lifecycle transitions to activate
[bt_navigator-14] 	See https://design.ros2.org/articles/node_lifecycle.html for more information.
[bt_navigator-14] [INFO] [1774056233.375394632] [bt_navigator]: Creating
[smoother_server-11] [INFO] [1774056233.393489552] [smoother_server]: Creating smoother server
[velocity_smoother-16] [INFO] [1774056233.401277642] [velocity_smoother]: 
[velocity_smoother-16] 	velocity_smoother lifecycle node launched. 
[velocity_smoother-16] 	Waiting on external lifecycle transitions to activate
[velocity_smoother-16] 	See https://design.ros2.org/articles/node_lifecycle.html for more information.
[planner_server-12] [INFO] [1774056233.482019685] [planner_server]: 
[planner_server-12] 	planner_server lifecycle node launched. 
[planner_server-12] 	Waiting on external lifecycle transitions to activate
[planner_server-12] 	See https://design.ros2.org/articles/node_lifecycle.html for more information.
[planner_server-12] [INFO] [1774056233.499218639] [planner_server]: Creating
[lifecycle_manager-19] [INFO] [1774056233.525845080] [lifecycle_manager_navigation]: Creating
[collision_monitor-17] [INFO] [1774056233.542490471] [collision_monitor]: 
[collision_monitor-17] 	collision_monitor lifecycle node launched. 
[collision_monitor-17] 	Waiting on external lifecycle transitions to activate
[collision_monitor-17] 	See https://design.ros2.org/articles/node_lifecycle.html for more information.
[lifecycle_manager-19] [INFO] [1774056233.555182464] [lifecycle_manager_navigation]: [34m[1mCreating and initializing lifecycle service clients[0m[0m
[planner_server-12] [INFO] [1774056233.606546000] [global_costmap.global_costmap]: 
[planner_server-12] 	global_costmap lifecycle node launched. 
[planner_server-12] 	Waiting on external lifecycle transitions to activate
[planner_server-12] 	See https://design.ros2.org/articles/node_lifecycle.html for more information.
[planner_server-12] [INFO] [1774056233.610445149] [global_costmap.global_costmap]: Creating Costmap
[lifecycle_manager-19] [INFO] [1774056233.833205867] [lifecycle_manager_navigation]: [34m[1mStarting managed nodes bringup...[0m[0m
[lifecycle_manager-19] [INFO] [1774056233.833341195] [lifecycle_manager_navigation]: [34m[1mConfiguring controller_server[0m[0m
[controller_server-10] [INFO] [1774056233.834047877] [controller_server]: Configuring controller interface
[controller_server-10] [INFO] [1774056233.834080835] [controller_server]: getting progress checker plugins..
[controller_server-10] [INFO] [1774056233.834361116] [controller_server]: getting goal checker plugins..
[controller_server-10] [INFO] [1774056233.835677068] [controller_server]: Controller frequency set to 10.0000Hz
[controller_server-10] [INFO] [1774056233.835773314] [local_costmap.local_costmap]: Configuring
[controller_server-10] [INFO] [1774056233.854983527] [local_costmap.local_costmap]: Using plugin "obstacle_layer"
[controller_server-10] [INFO] [1774056233.863550922] [local_costmap.local_costmap]: Subscribed to Topics: scan
[controller_server-10] [INFO] [1774056233.874491813] [local_costmap.local_costmap]: Initialized plugin "obstacle_layer"
[controller_server-10] [INFO] [1774056233.875227661] [local_costmap.local_costmap]: Using plugin "denoise_layer"
[rplidar_node-3] [INFO] [1774056233.877532618] [rplidar_node]: set lidar scan frequency to 10.0 Hz(600.0 Rpm) 
[controller_server-10] [INFO] [1774056233.878389504] [local_costmap.local_costmap]: Initialized plugin "denoise_layer"
[controller_server-10] [INFO] [1774056233.878435294] [local_costmap.local_costmap]: Using plugin "inflation_layer"
[controller_server-10] [INFO] [1774056233.882923004] [local_costmap.local_costmap]: Initialized plugin "inflation_layer"
[controller_server-10] [INFO] [1774056233.882973461] [local_costmap.local_costmap]: Using costmap filter "keepout_filter"
[controller_server-10] [INFO] [1774056233.889826501] [local_costmap.local_costmap]: Initialized costmap filter "keepout_filter"
[controller_server-10] [INFO] [1774056233.889885999] [local_costmap.local_costmap]: Using costmap filter "inflation_layer"
[controller_server-10] [INFO] [1774056233.890002662] [local_costmap.local_costmap]: Initialized costmap filter "inflation_layer"
[controller_server-10] [INFO] [1774056233.934899893] [controller_server]: Created progress_checker : progress_checker of type nav2_controller::SimpleProgressChecker
[controller_server-10] [INFO] [1774056233.937017023] [controller_server]: Controller Server has progress_checker  progress checkers available.
[controller_server-10] [INFO] [1774056233.937868659] [controller_server]: Created goal checker : goal_checker of type nav2_controller::SimpleGoalChecker
[controller_server-10] [INFO] [1774056233.940315944] [controller_server]: Controller Server has goal_checker  goal checkers available.
[controller_server-10] [INFO] [1774056233.942726773] [controller_server]: Created controller : FollowPath of type nav2_mppi_controller::MPPIController
[controller_server-10] [INFO] [1774056233.950871266] [controller_server]: Controller period is equal to model dt. Control sequence shifting is ON
[controller_server-10] [INFO] [1774056233.954581422] [controller_server]: ConstraintCritic instantiated with 1 power and 4.000000 weight.
[controller_server-10] [INFO] [1774056233.954641795] [controller_server]: Critic loaded : mppi::critics::ConstraintCritic
[controller_server-10] [INFO] [1774056233.958333868] [controller_server]: InflationCostCritic instantiated with 1 power and 300.000000 / 0.015000 weights. Critic will collision check based on footprint cost.
[controller_server-10] [INFO] [1774056233.958397157] [controller_server]: Critic loaded : mppi::critics::CostCritic
[controller_server-10] [INFO] [1774056233.960395292] [controller_server]: GoalCritic instantiated with 1 power and 5.000000 weight.
[controller_server-10] [INFO] [1774056233.960451290] [controller_server]: Critic loaded : mppi::critics::GoalCritic
[controller_server-10] [INFO] [1774056233.961833740] [controller_server]: GoalAngleCritic instantiated with 1 power, 3.000000 weight, and 0.500000 angular threshold.
[controller_server-10] [INFO] [1774056233.961880988] [controller_server]: Critic loaded : mppi::critics::GoalAngleCritic
[controller_server-10] [INFO] [1774056233.964433561] [controller_server]: ReferenceTrajectoryCritic instantiated with 1 power and 2.000000 weight
[controller_server-10] [INFO] [1774056233.964479643] [controller_server]: Critic loaded : mppi::critics::PathAlignCritic
[controller_server-10] [INFO] [1774056233.966054877] [controller_server]: Critic loaded : mppi::critics::PathFollowCritic
[controller_server-10] [INFO] [1774056233.968914272] [controller_server]: PathAngleCritic instantiated with 1 power and 1.500000 weight. Mode set to: Forward Preference
[controller_server-10] [INFO] [1774056233.968960937] [controller_server]: Critic loaded : mppi::critics::PathAngleCritic
[controller_server-10] [INFO] [1774056233.970060188] [controller_server]: PreferForwardCritic instantiated with 1 power and 10.000000 weight.
[controller_server-10] [INFO] [1774056233.970104228] [controller_server]: Critic loaded : mppi::critics::PreferForwardCritic
[controller_server-10] [INFO] [1774056233.971467137] [controller_server]: Optimizer reset
[controller_server-10] [INFO] [1774056233.979709918] [MPPIController]: Configured MPPI Controller: FollowPath
[controller_server-10] [INFO] [1774056233.979744917] [controller_server]: Controller Server has FollowPath  controllers available.
[lifecycle_manager-19] [INFO] [1774056234.000511990] [lifecycle_manager_navigation]: [34m[1mConfiguring smoother_server[0m[0m
[smoother_server-11] [INFO] [1774056234.001336210] [smoother_server]: Configuring smoother server
[smoother_server-11] [INFO] [1774056234.074125086] [smoother_server]: Created smoother : simple_smoother of type nav2_smoother::SimpleSmoother
[smoother_server-11] [INFO] [1774056234.085307760] [smoother_server]: Smoother Server has simple_smoother  smoothers available.
[taskset-7] Load From File /home/smr/workspaces/mini_amr/amrROS2_ws/maps/latest_map.posegraph 
[taskset-7] Mapper <- Module
[taskset-7] Mapper <- m_pSequentialScanMatcher
[taskset-7] Mapper <- m_pGraph
[taskset-7] MapperGraph <- Graph; Graph <- m_Edges; Graph <- m_Vertices
[taskset-7] MapperGraph <- m_pMapper; MapperGraph <- m_pLoopScanMatcher; MapperGraph <- m_pTraversal
[taskset-7] Mapper <- m_pMapperSensorManager
[taskset-7] MapperSensorManager <- m_ScanManagers; MapperSensorManager <- m_Scans
[taskset-7] Mapper <- m_Listeners
[taskset-7] **Finished serializing Mapper**
[taskset-7] Load From File
[taskset-7] **Serializing Dataset**
[taskset-7] Dataset <- m_SensorNameLookup
[taskset-7] Dataset <- m_Data
[taskset-7] Dataset <- m_Lasers
[taskset-7] Dataset <- m_pDatasetInfo
[taskset-7] **Finished serializing Dataset**
[taskset-7] Registering sensor: [Custom Described Lidar]
[taskset-7] WARNING: Logging before InitGoogleLogging() is written to STDERR
[taskset-7] W20260321 08:23:54.103381  4748 preprocessor.cc:67] Specified options.num_threads: 50 exceeds maximum available from the threading model Ceres was compiled with: 8.  Bounding to maximum number available.
[INFO] [launch.user]: [LifecycleLaunch] Slamtoolbox node is activating.
[lifecycle_manager-19] [INFO] [1774056234.117190134] [lifecycle_manager_navigation]: [34m[1mConfiguring planner_server[0m[0m
[planner_server-12] [INFO] [1774056234.117640742] [planner_server]: Configuring
[planner_server-12] [INFO] [1774056234.117743697] [global_costmap.global_costmap]: Configuring
[scan_to_scan_filter_chain-4] [WARN] [1774056234.117679241] [scan_to_scan_filter_chain]: diagnostic_updater: No HW_ID was set. This is probably a bug. Please report it. For devices that do not have a HW_ID, set this value to 'none'. This warning only occurs once all diagnostics are OK. It is okay to wait until the device is open before calling setHardwareID.
[taskset-7] [INFO] [1774056234.121153739] [slam_toolbox]: Activating
[planner_server-12] [INFO] [1774056234.166239379] [global_costmap.global_costmap]: Using plugin "static_layer"
[joint_state_publisher-2] [INFO] [1774056234.166622032] [joint_state_publisher]: Waiting for robot_description to be published on the robot_description topic...
[planner_server-12] [INFO] [1774056234.191145634] [global_costmap.global_costmap]: Subscribing to the map topic (/map) with transient local durability
[planner_server-12] [INFO] [1774056234.196117202] [global_costmap.global_costmap]: Initialized plugin "static_layer"
[planner_server-12] [INFO] [1774056234.196171158] [global_costmap.global_costmap]: Using plugin "obstacle_layer"
[planner_server-12] [INFO] [1774056234.199897355] [global_costmap.global_costmap]: Subscribed to Topics: scan
[taskset-7] Registering sensor: [Custom Described Lidar]
[planner_server-12] [INFO] [1774056234.212008078] [global_costmap.global_costmap]: Initialized plugin "obstacle_layer"
[planner_server-12] [INFO] [1774056234.212066118] [global_costmap.global_costmap]: Using plugin "inflation_layer"
[planner_server-12] [INFO] [1774056234.215542657] [global_costmap.global_costmap]: Initialized plugin "inflation_layer"
[planner_server-12] [INFO] [1774056234.215591364] [global_costmap.global_costmap]: Using costmap filter "keepout_filter"
[planner_server-12] [INFO] [1774056234.221441691] [global_costmap.global_costmap]: Initialized costmap filter "keepout_filter"
[planner_server-12] [INFO] [1774056234.221490398] [global_costmap.global_costmap]: Using costmap filter "inflation_layer2"
[planner_server-12] [INFO] [1774056234.226194517] [global_costmap.global_costmap]: Initialized costmap filter "inflation_layer2"
[planner_server-12] [INFO] [1774056234.274550205] [planner_server]: Created global planner plugin GridBased of type nav2_smac_planner::SmacPlanner2D
[planner_server-12] [INFO] [1774056234.274608244] [planner_server]: Configuring GridBased of type SmacPlanner2D
[planner_server-12] [ERROR] [1774056234.278427479] [planner_server]: Inflation layer either not found or inflation is not set sufficiently for optimized non-circular collision checking capabilities. It is HIGHLY recommended to set the inflation radius to be at MINIMUM half of the robot's largest cross-section. See github.com/ros-planning/navigation2/tree/main/nav2_smac_planner#potential-fields for full instructions. This will substantially impact run-time performance.
[planner_server-12] [INFO] [1774056234.281459826] [planner_server]: Configured plugin GridBased of type SmacPlanner2D with tolerance 0.12, maximum iterations 1000000, max on approach iterations 1000, and not allowing unknown traversal.
[planner_server-12] [INFO] [1774056234.281566864] [planner_server]: Planner Server has GridBased  planners available.
[lifecycle_manager-19] [INFO] [1774056234.300982695] [lifecycle_manager_navigation]: [34m[1mConfiguring behavior_server[0m[0m
[behavior_server-13] [INFO] [1774056234.301436803] [behavior_server]: Configuring
[behavior_server-13] [INFO] [1774056234.318324560] [behavior_server]: Creating behavior plugin wait of type nav2_behaviors::Wait
[behavior_server-13] [INFO] [1774056234.349816990] [behavior_server]: Configuring wait
[lifecycle_manager-19] [INFO] [1774056234.363367035] [lifecycle_manager_navigation]: [34m[1mConfiguring velocity_smoother[0m[0m
[velocity_smoother-16] [INFO] [1774056234.363804519] [velocity_smoother]: Configuring velocity smoother
[lifecycle_manager-19] [INFO] [1774056234.377873129] [lifecycle_manager_navigation]: [34m[1mConfiguring collision_monitor[0m[0m
[collision_monitor-17] [INFO] [1774056234.378262198] [collision_monitor]: Configuring
[collision_monitor-17] [INFO] [1774056234.400063775] [collision_monitor]: [scan]: Creating Scan
[collision_monitor-17] [INFO] [1774056234.408638752] [collision_monitor]: [PolygonStop]: Creating Polygon
[collision_monitor-17] [INFO] [1774056234.408734707] [collision_monitor]: [PolygonStop]: Creating Circle
[collision_monitor-17] [INFO] [1774056234.415138306] [collision_monitor]: [PolygonSlow]: Creating Polygon
[collision_monitor-17] [INFO] [1774056234.421079922] [collision_monitor]: [FootprintApproach]: Creating Polygon
[collision_monitor-17] [INFO] [1774056234.421778730] [collision_monitor]: [FootprintApproach]: Polygon points are not defined. Using dynamic subscription instead.
[collision_monitor-17] [INFO] [1774056234.427713346] [collision_monitor]: [FootprintApproach]: Making footprint subscriber on /local_costmap/published_footprint topic
[lifecycle_manager-19] [INFO] [1774056234.443458394] [lifecycle_manager_navigation]: [34m[1mConfiguring collision_detector[0m[0m
[collision_detector-18] [INFO] [1774056234.443769299] [collision_detector]: Configuring
[collision_detector-18] [INFO] [1774056234.463339708] [collision_monitor]: [scan]: Creating Scan
[collision_detector-18] [INFO] [1774056234.467046947] [collision_monitor]: [PolygonStop]: Creating Polygon
[collision_detector-18] [INFO] [1774056234.467079321] [collision_monitor]: [PolygonStop]: Creating Circle
[collision_detector-18] [INFO] [1774056234.472037472] [collision_monitor]: [PolygonSlow]: Creating Polygon
[lifecycle_manager-19] [INFO] [1774056234.479913059] [lifecycle_manager_navigation]: [34m[1mConfiguring bt_navigator[0m[0m
[bt_navigator-14] [INFO] [1774056234.480254297] [bt_navigator]: Configuring
[bt_navigator-14] [INFO] [1774056234.489732241] [bt_navigator]: Creating navigator id navigate_to_pose of type nav2_bt_navigator::NavigateToPoseNavigator
[bt_navigator-14] [INFO] [1774056234.598485800] [bt_navigator]: Creating navigator id navigate_through_poses of type nav2_bt_navigator::NavigateThroughPosesNavigator
[lifecycle_manager-19] [INFO] [1774056234.640397057] [lifecycle_manager_navigation]: [34m[1mConfiguring waypoint_follower[0m[0m
[waypoint_follower-15] [INFO] [1774056234.640776502] [waypoint_follower]: Configuring
[waypoint_follower-15] [INFO] [1774056234.708493480] [waypoint_follower]: Created waypoint_task_executor : wait_at_waypoint of type nav2_waypoint_follower::WaitAtWaypoint
[lifecycle_manager-19] [INFO] [1774056234.710739523] [lifecycle_manager_navigation]: [34m[1mConfiguring keepout_filter_mask_server[0m[0m
[map_server-8] [INFO] [1774056234.711157466] [keepout_filter_mask_server]: Configuring
[map_server-8] [INFO] [1774056234.711309419] [map_io]: Loading yaml file: /home/smr/workspaces/mini_amr/amrROS2_ws/maps/latest_map_keepout.yaml
[map_server-8] [INFO] [1774056234.712065391] [map_io]: resolution: 0.05
[map_server-8] [INFO] [1774056234.712105931] [map_io]: origin[0]: -26.12
[map_server-8] [INFO] [1774056234.712126930] [map_io]: origin[1]: -29.258
[map_server-8] [INFO] [1774056234.712144430] [map_io]: origin[2]: 0
[map_server-8] [INFO] [1774056234.712161637] [map_io]: free_thresh: 0.196
[map_server-8] [INFO] [1774056234.712178845] [map_io]: occupied_thresh: 0.65
[map_server-8] [INFO] [1774056234.712199261] [map_io]: mode: trinary
[map_server-8] [INFO] [1774056234.712217344] [map_io]: negate: 0
[map_server-8] [INFO] [1774056234.712823113] [map_io]: Loading image_file: /home/smr/workspaces/mini_amr/amrROS2_ws/maps/latest_map_keepout.pgm
[map_server-8] [INFO] [1774056234.757701095] [map_io]: Read map /home/smr/workspaces/mini_amr/amrROS2_ws/maps/latest_map_keepout.pgm: 787 X 922 map @ 0.05 m/cell
[lifecycle_manager-19] [INFO] [1774056234.774161575] [lifecycle_manager_navigation]: [34m[1mConfiguring keepout_costmap_filter_info_server[0m[0m
[costmap_filter_info_server-9] [INFO] [1774056234.774721846] [keepout_costmap_filter_info_server]: Configuring
[lifecycle_manager-19] [INFO] [1774056234.782998752] [lifecycle_manager_navigation]: [34m[1mActivating controller_server[0m[0m
[controller_server-10] [INFO] [1774056234.783353405] [controller_server]: Activating
[controller_server-10] [INFO] [1774056234.783408237] [local_costmap.local_costmap]: Activating
[controller_server-10] [INFO] [1774056234.783423986] [local_costmap.local_costmap]: Checking transform
[controller_server-10] [INFO] [1774056234.783589355] [local_costmap.local_costmap]: start
[controller_server-10] [INFO] [1774056234.784965680] [local_costmap.local_costmap]: KeepoutFilter: Subscribing to "/keepout_costmap_filter_info" topic for filter info...
[controller_server-10] [WARN] [1774056234.885279298] [local_costmap.local_costmap]: KeepoutFilter: Filter mask was not received
[controller_server-10] [WARN] [1774056234.887903910] [controller_server]: Parameter controller_server.verbose not found
[controller_server-10] [INFO] [1774056234.888456890] [controller_server]: Optimizer reset
[controller_server-10] [INFO] [1774056234.889785675] [MPPIController]: Activated MPPI Controller: FollowPath
[controller_server-10] [INFO] [1774056234.889899420] [controller_server]: Creating bond (controller_server) to lifecycle manager.
[lifecycle_manager-19] [INFO] [1774056235.005462272] [lifecycle_manager_navigation]: Server controller_server connected with bond.
[lifecycle_manager-19] [INFO] [1774056235.005571059] [lifecycle_manager_navigation]: [34m[1mActivating smoother_server[0m[0m
[smoother_server-11] [INFO] [1774056235.006221744] [smoother_server]: Activating
[smoother_server-11] [INFO] [1774056235.006310116] [smoother_server]: Creating bond (smoother_server) to lifecycle manager.
[lifecycle_manager-19] [INFO] [1774056235.118567047] [lifecycle_manager_navigation]: Server smoother_server connected with bond.
[lifecycle_manager-19] [INFO] [1774056235.118679917] [lifecycle_manager_navigation]: [34m[1mActivating planner_server[0m[0m
[planner_server-12] [INFO] [1774056235.119387766] [planner_server]: Activating
[planner_server-12] [INFO] [1774056235.119502971] [global_costmap.global_costmap]: Activating
[planner_server-12] [INFO] [1774056235.119527470] [global_costmap.global_costmap]: Checking transform
[planner_server-12] [INFO] [1774056235.119792585] [global_costmap.global_costmap]: start
[planner_server-12] [INFO] [1774056235.121348861] [global_costmap.global_costmap]: KeepoutFilter: Subscribing to "/keepout_costmap_filter_info" topic for filter info...
[planner_server-12] [WARN] [1774056235.620552205] [nav2_costmap_2d]: Robot is out of bounds of the costmap!
[planner_server-12] [WARN] [1774056235.620955274] [global_costmap.global_costmap]: Sensor origin at (0.00, -0.01) is out of map bounds (0.00, 0.00) to (4.95, 4.95). The costmap cannot raytrace for it.
[planner_server-12] [WARN] [1774056235.621642707] [global_costmap.global_costmap]: KeepoutFilter: Filter mask was not received
[planner_server-12] [INFO] [1774056235.626083170] [planner_server]: Activating plugin GridBased of type SmacPlanner2D
[planner_server-12] [INFO] [1774056235.627712068] [planner_server]: Creating bond (planner_server) to lifecycle manager.
[lifecycle_manager-19] [INFO] [1774056235.739343689] [lifecycle_manager_navigation]: Server planner_server connected with bond.
[lifecycle_manager-19] [INFO] [1774056235.739457726] [lifecycle_manager_navigation]: [34m[1mActivating behavior_server[0m[0m
[behavior_server-13] [INFO] [1774056235.740427482] [behavior_server]: Activating
[behavior_server-13] [INFO] [1774056235.740535395] [behavior_server]: Activating wait
[behavior_server-13] [INFO] [1774056235.740626100] [behavior_server]: Creating bond (behavior_server) to lifecycle manager.
[lifecycle_manager-19] [INFO] [1774056235.856957757] [lifecycle_manager_navigation]: Server behavior_server connected with bond.
[lifecycle_manager-19] [INFO] [1774056235.857071211] [lifecycle_manager_navigation]: [34m[1mActivating velocity_smoother[0m[0m
[velocity_smoother-16] [INFO] [1774056235.858047383] [velocity_smoother]: Activating
[velocity_smoother-16] [INFO] [1774056235.858229960] [velocity_smoother]: Creating bond (velocity_smoother) to lifecycle manager.
[lifecycle_manager-19] [INFO] [1774056235.968568378] [lifecycle_manager_navigation]: Server velocity_smoother connected with bond.
[lifecycle_manager-19] [INFO] [1774056235.968668124] [lifecycle_manager_navigation]: [34m[1mActivating collision_monitor[0m[0m
[collision_monitor-17] [INFO] [1774056235.969514510] [collision_monitor]: Activating
[collision_monitor-17] [INFO] [1774056235.969675212] [collision_monitor]: Creating bond (collision_monitor) to lifecycle manager.
[lifecycle_manager-19] [INFO] [1774056236.085521262] [lifecycle_manager_navigation]: Server collision_monitor connected with bond.
[lifecycle_manager-19] [INFO] [1774056236.085573468] [lifecycle_manager_navigation]: [34m[1mActivating collision_detector[0m[0m
[collision_detector-18] [INFO] [1774056236.086109532] [collision_detector]: Activating
[collision_detector-18] [INFO] [1774056236.086272567] [collision_detector]: Creating bond (collision_detector) to lifecycle manager.
[planner_server-12] [WARN] [1774056236.120232115] [nav2_costmap_2d]: Robot is out of bounds of the costmap!
[planner_server-12] [WARN] [1774056236.120449107] [global_costmap.global_costmap]: Sensor origin at (0.00, -0.01) is out of map bounds (0.00, 0.00) to (4.95, 4.95). The costmap cannot raytrace for it.
[lifecycle_manager-19] [INFO] [1774056236.217006197] [lifecycle_manager_navigation]: Server collision_detector connected with bond.
[lifecycle_manager-19] [INFO] [1774056236.217132192] [lifecycle_manager_navigation]: [34m[1mActivating bt_navigator[0m[0m
[bt_navigator-14] [INFO] [1774056236.218111281] [bt_navigator]: Activating
[bt_navigator-14] [INFO] [1774056236.339315634] [bt_navigator]: Creating bond (bt_navigator) to lifecycle manager.
[lifecycle_manager-19] [INFO] [1774056236.447147269] [lifecycle_manager_navigation]: Server bt_navigator connected with bond.
[lifecycle_manager-19] [INFO] [1774056236.447296305] [lifecycle_manager_navigation]: [34m[1mActivating waypoint_follower[0m[0m
[waypoint_follower-15] [INFO] [1774056236.448635881] [waypoint_follower]: Activating
[waypoint_follower-15] [INFO] [1774056236.448786667] [waypoint_follower]: Creating bond (waypoint_follower) to lifecycle manager.
[lifecycle_manager-19] [INFO] [1774056236.564713797] [lifecycle_manager_navigation]: Server waypoint_follower connected with bond.
[lifecycle_manager-19] [INFO] [1774056236.564780878] [lifecycle_manager_navigation]: [34m[1mActivating keepout_filter_mask_server[0m[0m
[map_server-8] [INFO] [1774056236.565236153] [keepout_filter_mask_server]: Activating
[map_server-8] [INFO] [1774056236.566185201] [keepout_filter_mask_server]: Creating bond (keepout_filter_mask_server) to lifecycle manager.
[planner_server-12] [WARN] [1774056236.620227014] [nav2_costmap_2d]: Robot is out of bounds of the costmap!
[planner_server-12] [WARN] [1774056236.620453922] [global_costmap.global_costmap]: Sensor origin at (0.00, -0.01) is out of map bounds (0.00, 0.00) to (4.95, 4.95). The costmap cannot raytrace for it.
[lifecycle_manager-19] [INFO] [1774056236.677598955] [lifecycle_manager_navigation]: Server keepout_filter_mask_server connected with bond.
[lifecycle_manager-19] [INFO] [1774056236.677672160] [lifecycle_manager_navigation]: [34m[1mActivating keepout_costmap_filter_info_server[0m[0m
[costmap_filter_info_server-9] [INFO] [1774056236.678453798] [keepout_costmap_filter_info_server]: Activating
[costmap_filter_info_server-9] [INFO] [1774056236.678596126] [keepout_costmap_filter_info_server]: Creating bond (keepout_costmap_filter_info_server) to lifecycle manager.
[planner_server-12] [INFO] [1774056236.678689456] [global_costmap.global_costmap]: KeepoutFilter: Received filter info from /keepout_costmap_filter_info topic.
[planner_server-12] [INFO] [1774056236.678748371] [global_costmap.global_costmap]: KeepoutFilter: Subscribing to "/keepout_filter_mask" topic for filter mask...
[controller_server-10] [INFO] [1774056236.678757121] [local_costmap.local_costmap]: KeepoutFilter: Received filter info from /keepout_costmap_filter_info topic.
[controller_server-10] [INFO] [1774056236.678815160] [local_costmap.local_costmap]: KeepoutFilter: Subscribing to "/keepout_filter_mask" topic for filter mask...
[controller_server-10] [INFO] [1774056236.695296932] [local_costmap.local_costmap]: KeepoutFilter: Received filter mask from /keepout_filter_mask topic.
[planner_server-12] [INFO] [1774056236.702532625] [global_costmap.global_costmap]: KeepoutFilter: Received filter mask from /keepout_filter_mask topic.
[lifecycle_manager-19] [INFO] [1774056236.791726275] [lifecycle_manager_navigation]: Server keepout_costmap_filter_info_server connected with bond.
[lifecycle_manager-19] [INFO] [1774056236.791806481] [lifecycle_manager_navigation]: [34m[1mManaged nodes are active[0m[0m
[lifecycle_manager-19] [INFO] [1774056236.791824272] [lifecycle_manager_navigation]: [34m[1mCreating bond timer...[0m[0m
[planner_server-12] [WARN] [1774056237.120213454] [nav2_costmap_2d]: Robot is out of bounds of the costmap!
[planner_server-12] [WARN] [1774056237.120328950] [global_costmap.global_costmap]: Sensor origin at (0.00, -0.01) is out of map bounds (0.00, 0.00) to (4.95, 4.95). The costmap cannot raytrace for it.
[planner_server-12] [WARN] [1774056237.620224686] [nav2_costmap_2d]: Robot is out of bounds of the costmap!
[planner_server-12] [WARN] [1774056237.620338723] [global_costmap.global_costmap]: Sensor origin at (0.00, -0.01) is out of map bounds (0.00, 0.00) to (4.95, 4.95). The costmap cannot raytrace for it.
[planner_server-12] [WARN] [1774056238.120212001] [nav2_costmap_2d]: Robot is out of bounds of the costmap!
[planner_server-12] [WARN] [1774056238.120317289] [global_costmap.global_costmap]: Sensor origin at (0.00, -0.01) is out of map bounds (0.00, 0.00) to (4.95, 4.95). The costmap cannot raytrace for it.
[INFO] [delivery_robot_main_controller-20]: process started with pid [5009]
[INFO] [robot_sound-21]: process started with pid [5010]
[INFO] [call_robot_button-22]: process started with pid [5011]
[INFO] [rpc_run_node-23]: process started with pid [5012]
[INFO] [dock_coordinates-24]: process started with pid [5013]
[INFO] [autodock_action_server-25]: process started with pid [5014]
[INFO] [battery_manager_node-26]: process started with pid [5015]
[dock_coordinates-24] [INFO] [1774056238.260569694] [dock_coordinates]: begin dock_coordinates
[dock_coordinates-24] [INFO] [1774056238.267397653] [dock coordinates]: max_alignment_error: 0.010000
[dock_coordinates-24] [INFO] [1774056238.268429532] [dock coordinates]: minimum_point_cloud: 5
[dock_coordinates-24] [INFO] [1774056238.269224586] [dock coordinates]: point_cloud_split_dist: 0.050000
[dock_coordinates-24] [INFO] [1774056238.270383335] [dock coordinates]: max_dock_width: 0.380000
[dock_coordinates-24] [INFO] [1774056238.271779492] [dock coordinates]: min_dock_width: 0.310000
[dock_coordinates-24] [INFO] [1774056238.272872911] [dock coordinates]: range_limit: 1.200000
[planner_server-12] [WARN] [1774056238.620217982] [nav2_costmap_2d]: Robot is out of bounds of the costmap!
[planner_server-12] [WARN] [1774056238.620327645] [global_costmap.global_costmap]: Sensor origin at (0.00, -0.01) is out of map bounds (0.00, 0.00) to (4.95, 4.95). The costmap cannot raytrace for it.
[planner_server-12] [WARN] [1774056239.120744861] [nav2_costmap_2d]: Robot is out of bounds of the costmap!
[planner_server-12] [WARN] [1774056239.120852774] [global_costmap.global_costmap]: Sensor origin at (0.00, -0.01) is out of map bounds (0.00, 0.00) to (4.95, 4.95). The costmap cannot raytrace for it.
[rpc_run_node-23] [0m[INFO] [1774056239.360451667] [rpc_run_node]: RPC run node started; RPC bridge configured.[0m
[rpc_run_node-23] 2026-03-21 08:23:59,363 [INFO] RPCServer listening on localhost:6000
[battery_manager_node-26] [INFO] [1774056239.597098417] [battery_manager]: SOC limits from API: target=1.00, resume=0.95
[planner_server-12] [WARN] [1774056239.620247153] [nav2_costmap_2d]: Robot is out of bounds of the costmap!
[planner_server-12] [WARN] [1774056239.620353024] [global_costmap.global_costmap]: Sensor origin at (0.00, -0.01) is out of map bounds (0.00, 0.00) to (4.95, 4.95). The costmap cannot raytrace for it.
[planner_server-12] [INFO] [1774056239.664732565] [global_costmap.global_costmap]: StaticLayer: Resizing costmap to 787 X 922 at 0.050000 m/pix
[robot_sound-21] [0m[INFO] [1774056239.867791046] [robot_sound_node]: Obstacle sound alarm disabled (API).[0m
[robot_sound-21] [0m[INFO] [1774056239.870829518] [robot_sound_node]: Sound volume set to 100% (API).[0m
[robot_sound-21] [0m[INFO] [1774056239.871760776] [robot_sound_node]: Obstacle sound alarm is enabled.[0m
[robot_sound-21] [0m[INFO] [1774056239.872441501] [robot_sound_node]: ✅ robot_sound_node started using .wav files[0m
[robot_sound-21] [33m[WARN] [1774056239.884004494] [robot_sound_node]: Map not available yet; skipping obstacle classification.[0m
[robot_sound-21] [0m[INFO] [1774056239.884516934] [robot_sound_node]: Obstacle detected but sound alarm disabled.[0m
[battery_manager_node-26] [INFO] [1774056239.951302071] [battery_manager]: State change: IDLE_ON_DOCK -> UNKNOWN
[autodock_action_server-25] [INFO] [1774056240.060021798] [autodock_action_server]: auto_dock_init_start
[autodock_action_server-25] [INFO] [1774056240.116636892] [autodock_action_server]: auto_dock_init_complete
[delivery_robot_main_controller-20] [0m[INFO] [1774056240.497128666] [main_controller_node]: Delivery Robot Main Controller Node started.[0m
[delivery_robot_main_controller-20] [0m[INFO] [1774056240.509471548] [main_controller_node]: Initial state: STANDBY[0m
[delivery_robot_main_controller-20] [0m[INFO] [1774056240.516200343] [main_controller_node]: setting_batteryLowToCharge: 40[0m
[delivery_robot_main_controller-20] [33m[WARN] [1774056240.533810240] [rcl.logging_rosout]: Publisher already registered for node name: 'main_controller_node'. If this is due to multiple nodes with the same name then all logs for the logger named 'main_controller_node' will go out over the existing publisher. As soon as any node with that name is destructed it will unregister the publisher, preventing any further logs for that name from being published on the rosout topic.[0m
[delivery_robot_main_controller-20] [33m[WARN] [1774056240.562299488] [main_controller_node]: slam_toolbox_msgs not available; initial pose service calls will be skipped.[0m
[delivery_robot_main_controller-20] [0m[INFO] [1774056241.718410110] [main_controller_node]: Waiting for Nav2 system...[0m
[INFO] [bash-27]: process started with pid [5118]
[delivery_robot_main_controller-20] [0m[INFO] [1774056243.737892739] [main_controller_node]: Waiting for localization pose to be received from slam_toolbox/pose[0m
[delivery_robot_main_controller-20] [0m[INFO] [1774056243.740603390] [main_controller_node]: Acquired localization pose from TF map->base_link[0m
[bash-27] Traceback (most recent call last):
[bash-27]   File "/home/smr/workspaces/mini_amr/amrROS2_UI/ICEAMR/main.py", line 29, in <module>
[bash-27]     from ui_interface import *
[bash-27]   File "/home/smr/workspaces/mini_amr/amrROS2_UI/ICEAMR/ui_interface.py", line 24, in <module>
[bash-27]     import resources_rc
[bash-27] ModuleNotFoundError: No module named 'resources_rc'
[robot_sound-21] [0m[INFO] [1774056244.455548750] [robot_sound_node]: Received map (width=787, height=922, resolution=0.050 m/cell)[0m
[ERROR] [bash-27]: process has died [pid 5118, exit code 1, cmd '/bin/bash -c cd /home/smr/workspaces/mini_amr/amrROS2_UI/ICEAMR && source ../env/bin/activate && python main.py'].
[INFO] [battery_manager_node-26]: sending signal 'SIGINT' to process[battery_manager_node-26]
[INFO] [autodock_action_server-25]: sending signal 'SIGINT' to process[autodock_action_server-25]
[INFO] [dock_coordinates-24]: sending signal 'SIGINT' to process[dock_coordinates-24]
[INFO] [rpc_run_node-23]: sending signal 'SIGINT' to process[rpc_run_node-23]
[INFO] [call_robot_button-22]: sending signal 'SIGINT' to process[call_robot_button-22]
[INFO] [robot_sound-21]: sending signal 'SIGINT' to process[robot_sound-21]
[INFO] [delivery_robot_main_controller-20]: sending signal 'SIGINT' to process[delivery_robot_main_controller-20]
[INFO] [lifecycle_manager-19]: sending signal 'SIGINT' to process[lifecycle_manager-19]
[INFO] [dock_coordinates-24]: process has finished cleanly [pid 5013]
[INFO] [collision_detector-18]: sending signal 'SIGINT' to process[collision_detector-18]
[INFO] [collision_monitor-17]: sending signal 'SIGINT' to process[collision_monitor-17]
[INFO] [velocity_smoother-16]: sending signal 'SIGINT' to process[velocity_smoother-16]
[INFO] [waypoint_follower-15]: sending signal 'SIGINT' to process[waypoint_follower-15]
[INFO] [bt_navigator-14]: sending signal 'SIGINT' to process[bt_navigator-14]
[INFO] [behavior_server-13]: sending signal 'SIGINT' to process[behavior_server-13]
[INFO] [planner_server-12]: sending signal 'SIGINT' to process[planner_server-12]
[INFO] [smoother_server-11]: sending signal 'SIGINT' to process[smoother_server-11]
[INFO] [controller_server-10]: sending signal 'SIGINT' to process[controller_server-10]
[INFO] [costmap_filter_info_server-9]: sending signal 'SIGINT' to process[costmap_filter_info_server-9]
[INFO] [map_server-8]: sending signal 'SIGINT' to process[map_server-8]
[INFO] [taskset-7]: sending signal 'SIGINT' to process[taskset-7]
[INFO] [robot_hardware-6]: sending signal 'SIGINT' to process[robot_hardware-6]
[INFO] [ekf_node-5]: sending signal 'SIGINT' to process[ekf_node-5]
[INFO] [scan_to_scan_filter_chain-4]: sending signal 'SIGINT' to process[scan_to_scan_filter_chain-4]
[INFO] [rplidar_node-3]: sending signal 'SIGINT' to process[rplidar_node-3]
[INFO] [joint_state_publisher-2]: sending signal 'SIGINT' to process[joint_state_publisher-2]
[INFO] [robot_state_publisher-1]: sending signal 'SIGINT' to process[robot_state_publisher-1]
[battery_manager_node-26] Traceback (most recent call last):
[battery_manager_node-26]   File "/home/smr/workspaces/mini_amr/amrROS2_ws/install/battery_management/lib/battery_management/battery_manager_node", line 33, in <module>
[battery_manager_node-26]     sys.exit(load_entry_point('battery-management==0.0.0', 'console_scripts', 'battery_manager_node')())
[battery_manager_node-26]              ^^^^^^^^^^^^^^^^^^^^^^^^^^^^^^^^^^^^^^^^^^^^^^^^^^^^^^^^^^^^^^^^^^^^^^^^^^^^^^^^^^^^^^^^^^
[battery_manager_node-26]   File "/home/smr/workspaces/mini_amr/amrROS2_ws/install/battery_management/lib/python3.12/site-packages/battery_management/battery_manager_node.py", line 311, in main
[battery_manager_node-26]     rclpy.spin(node)
[battery_manager_node-26]   File "/opt/ros/jazzy/lib/python3.12/site-packages/rclpy/__init__.py", line 247, in spin
[battery_manager_node-26]     executor.spin_once()
[battery_manager_node-26]   File "/opt/ros/jazzy/lib/python3.12/site-packages/rclpy/executors.py", line 845, in spin_once
[battery_manager_node-26]     self._spin_once_impl(timeout_sec)
[battery_manager_node-26]   File "/opt/ros/jazzy/lib/python3.12/site-packages/rclpy/executors.py", line 829, in _spin_once_impl
[battery_manager_node-26]     handler, entity, node = self.wait_for_ready_callbacks(
[battery_manager_node-26]                             ^^^^^^^^^^^^^^^^^^^^^^^^^^^^^^
[battery_manager_node-26]   File "/opt/ros/jazzy/lib/python3.12/site-packages/rclpy/executors.py", line 799, in wait_for_ready_callbacks
[battery_manager_node-26]     return next(self._cb_iter)
[battery_manager_node-26]            ^^^^^^^^^^^^^^^^^^^
[battery_manager_node-26]   File "/opt/ros/jazzy/lib/python3.12/site-packages/rclpy/executors.py", line 703, in _wait_for_ready_callbacks
[battery_manager_node-26]     wait_set.wait(timeout_nsec)
[battery_manager_node-26] KeyboardInterrupt
[dock_coordinates-24] [INFO] [1774056245.453225424] [rclcpp]: signal_handler(signum=2)
[rpc_run_node-23] [0m[INFO] [1774056245.465132571] [rpc_run_node]: RPC run node stopped by user.[0m
[rpc_run_node-23] Failed to publish log message to rosout: publisher's context is invalid, at ./src/rcl/publisher.c:423
[rpc_run_node-23] 2026-03-21 08:24:05,468 [INFO] RPCServer stopped.
[delivery_robot_main_controller-20] Traceback (most recent call last):
[delivery_robot_main_controller-20]   File "/home/smr/workspaces/mini_amr/amrROS2_ws/install/delivery_robot_main_controller/lib/delivery_robot_main_controller/delivery_robot_main_controller", line 33, in <module>
[delivery_robot_main_controller-20]     sys.exit(load_entry_point('delivery-robot-main-controller==0.0.1', 'console_scripts', 'delivery_robot_main_controller')())
[delivery_robot_main_controller-20]              ^^^^^^^^^^^^^^^^^^^^^^^^^^^^^^^^^^^^^^^^^^^^^^^^^^^^^^^^^^^^^^^^^^^^^^^^^^^^^^^^^^^^^^^^^^^^^^^^^^^^^^^^^^^^^^^^
[delivery_robot_main_controller-20]   File "/home/smr/workspaces/mini_amr/amrROS2_ws/install/delivery_robot_main_controller/lib/python3.12/site-packages/delivery_robot_main_controller/main_controller_node.py", line 1701, in main
[delivery_robot_main_controller-20]     node = DeliveryRobotMainController()
[delivery_robot_main_controller-20]            ^^^^^^^^^^^^^^^^^^^^^^^^^^^^^
[delivery_robot_main_controller-20]   File "/home/smr/workspaces/mini_amr/amrROS2_ws/install/delivery_robot_main_controller/lib/python3.12/site-packages/delivery_robot_main_controller/main_controller_node.py", line 170, in __init__
[delivery_robot_main_controller-20]     self.navigator.waitUntilNav2Active()
[delivery_robot_main_controller-20]   File "/home/smr/workspaces/mini_amr/amrROS2_ws/install/delivery_robot_main_controller/lib/python3.12/site-packages/delivery_robot_main_controller/robot_navigator.py", line 260, in waitUntilNav2Active
[delivery_robot_main_controller-20]     self._waitForNodeToActivate('bt_navigator')
[delivery_robot_main_controller-20]   File "/home/smr/workspaces/mini_amr/amrROS2_ws/install/delivery_robot_main_controller/lib/python3.12/site-packages/delivery_robot_main_controller/robot_navigator.py", line 430, in _waitForNodeToActivate
[delivery_robot_main_controller-20]     time.sleep(2)
[delivery_robot_main_controller-20] KeyboardInterrupt
[robot_sound-21] [0m[INFO] [1774056245.485960308] [robot_sound_node]: 🔚 robot_sound_node stopped by user.[0m
[robot_sound-21] Failed to publish log message to rosout: publisher's context is invalid, at ./src/rcl/publisher.c:423
[lifecycle_manager-19] [INFO] [1774056245.513729166] [rclcpp]: signal_handler(signum=2)
[lifecycle_manager-19] [INFO] [1774056245.513911451] [lifecycle_manager_navigation]: Running Nav2 LifecycleManager rcl preshutdown (lifecycle_manager_navigation)
[lifecycle_manager-19] [INFO] [1774056245.513986990] [lifecycle_manager_navigation]: [34m[1mTerminating bond timer...[0m[0m
[collision_detector-18] [INFO] [1774056245.531996164] [rclcpp]: signal_handler(signum=2)
[collision_detector-18] [INFO] [1774056245.532128867] [collision_detector]: Running Nav2 LifecycleNode rcl preshutdown (collision_detector)
[collision_detector-18] [INFO] [1774056245.532216364] [collision_detector]: Deactivating
[collision_detector-18] [INFO] [1774056245.532237947] [collision_detector]: Destroying bond (collision_detector) to lifecycle manager.
[collision_detector-18] [INFO] [1774056245.542639566] [collision_detector]: Cleaning up
[collision_detector-18] [INFO] [1774056245.542695272] [collision_monitor]: [PolygonStop]: Destroying Circle
[collision_detector-18] [INFO] [1774056245.542703147] [collision_monitor]: [PolygonStop]: Destroying Polygon
[collision_detector-18] [INFO] [1774056245.542712772] [collision_monitor]: [PolygonSlow]: Destroying Polygon
[collision_detector-18] [INFO] [1774056245.542720646] [collision_monitor]: [scan]: Destroying Scan
[collision_detector-18] [INFO] [1774056245.556586555] [collision_detector]: Destroying bond (collision_detector) to lifecycle manager.
[collision_monitor-17] [INFO] [1774056245.560271337] [rclcpp]: signal_handler(signum=2)
[collision_monitor-17] [INFO] [1774056245.560408707] [collision_monitor]: Running Nav2 LifecycleNode rcl preshutdown (collision_monitor)
[collision_monitor-17] [INFO] [1774056245.560495329] [collision_monitor]: Deactivating
[collision_monitor-17] [INFO] [1774056245.560518953] [collision_monitor]: Destroying bond (collision_monitor) to lifecycle manager.
[velocity_smoother-16] [INFO] [1774056245.583459738] [rclcpp]: signal_handler(signum=2)
[velocity_smoother-16] [INFO] [1774056245.583677021] [velocity_smoother]: Running Nav2 LifecycleNode rcl preshutdown (velocity_smoother)
[velocity_smoother-16] [INFO] [1774056245.583763643] [velocity_smoother]: Deactivating
[velocity_smoother-16] [INFO] [1774056245.586170972] [velocity_smoother]: Destroying bond (velocity_smoother) to lifecycle manager.
[call_robot_button-22] [0m[INFO] [1774056245.588321643] [call_robot_button_node]: CallRobotButton interrupted by user.[0m
[call_robot_button-22] Failed to publish log message to rosout: publisher's context is invalid, at ./src/rcl/publisher.c:423
[waypoint_follower-15] [INFO] [1774056245.590832801] [rclcpp]: signal_handler(signum=2)
[waypoint_follower-15] [INFO] [1774056245.591127665] [waypoint_follower]: Running Nav2 LifecycleNode rcl preshutdown (waypoint_follower)
[waypoint_follower-15] [INFO] [1774056245.591353990] [waypoint_follower]: Deactivating
[waypoint_follower-15] [INFO] [1774056245.591437112] [waypoint_follower]: Destroying bond (waypoint_follower) to lifecycle manager.
[collision_monitor-17] [INFO] [1774056245.600913890] [collision_monitor]: Cleaning up
[collision_monitor-17] [INFO] [1774056245.600975138] [collision_monitor]: [PolygonStop]: Destroying Circle
[collision_monitor-17] [INFO] [1774056245.600990304] [collision_monitor]: [PolygonStop]: Destroying Polygon
[collision_monitor-17] [INFO] [1774056245.601004595] [collision_monitor]: [PolygonSlow]: Destroying Polygon
[collision_monitor-17] [INFO] [1774056245.601015970] [collision_monitor]: [FootprintApproach]: Destroying Polygon
[collision_monitor-17] [INFO] [1774056245.601031719] [collision_monitor]: [scan]: Destroying Scan
[collision_monitor-17] [INFO] [1774056245.631979919] [collision_monitor]: Destroying bond (collision_monitor) to lifecycle manager.
[bt_navigator-14] [INFO] [1774056245.614727301] [rclcpp]: signal_handler(signum=2)
[bt_navigator-14] [INFO] [1774056245.614998249] [bt_navigator]: Running Nav2 LifecycleNode rcl preshutdown (bt_navigator)
[bt_navigator-14] [INFO] [1774056245.615091579] [bt_navigator]: Deactivating
[bt_navigator-14] [INFO] [1774056245.615120162] [bt_navigator]: Destroying bond (bt_navigator) to lifecycle manager.
[bt_navigator-14] [INFO] [1774056245.636422132] [bt_navigator]: Cleaning up
[velocity_smoother-16] [INFO] [1774056245.616653980] [velocity_smoother]: Cleaning up
[velocity_smoother-16] [INFO] [1774056245.616718436] [velocity_smoother]: Destroying bond (velocity_smoother) to lifecycle manager.
[waypoint_follower-15] [INFO] [1774056245.632481568] [waypoint_follower]: Cleaning up
[behavior_server-13] [INFO] [1774056245.668686867] [rclcpp]: signal_handler(signum=2)
[behavior_server-13] [INFO] [1774056245.668978523] [behavior_server]: Running Nav2 LifecycleNode rcl preshutdown (behavior_server)
[behavior_server-13] [INFO] [1774056245.669189390] [behavior_server]: Deactivating
[behavior_server-13] [INFO] [1774056245.669248013] [behavior_server]: Destroying bond (behavior_server) to lifecycle manager.
[behavior_server-13] [INFO] [1774056245.691338329] [behavior_server]: Cleaning up
[behavior_server-13] [INFO] [1774056245.728400222] [behavior_server]: Destroying bond (behavior_server) to lifecycle manager.
[planner_server-12] [INFO] [1774056245.729885042] [rclcpp]: signal_handler(signum=2)
[planner_server-12] [INFO] [1774056245.730243196] [planner_server]: Running Nav2 LifecycleNode rcl preshutdown (planner_server)
[planner_server-12] [INFO] [1774056245.730427522] [planner_server]: Deactivating
[planner_server-12] [INFO] [1774056245.730515603] [global_costmap.global_costmap]: Deactivating
[waypoint_follower-15] [INFO] [1774056245.730266820] [waypoint_follower]: Destroying bond (waypoint_follower) to lifecycle manager.
[collision_monitor-17] [INFO] [1774056245.745708838] [collision_monitor]: Destroying
[collision_detector-18] [INFO] [1774056245.749301748] [collision_detector]: Destroying
[waypoint_follower-15] [INFO] [1774056245.765110377] [waypoint_follower]: Destroying
[velocity_smoother-16] [INFO] [1774056245.765687565] [velocity_smoother]: Destroying
[smoother_server-11] [INFO] [1774056245.802352514] [rclcpp]: signal_handler(signum=2)
[smoother_server-11] [INFO] [1774056245.802610337] [smoother_server]: Running Nav2 LifecycleNode rcl preshutdown (smoother_server)
[smoother_server-11] [INFO] [1774056245.802843662] [smoother_server]: Deactivating
[smoother_server-11] [INFO] [1774056245.802918034] [smoother_server]: Destroying bond (smoother_server) to lifecycle manager.
[smoother_server-11] [INFO] [1774056245.813302738] [smoother_server]: Cleaning up
[controller_server-10] [INFO] [1774056245.899652742] [rclcpp]: signal_handler(signum=2)
[controller_server-10] [INFO] [1774056245.899825402] [controller_server]: Running Nav2 LifecycleNode rcl preshutdown (controller_server)
[controller_server-10] [INFO] [1774056245.899912316] [controller_server]: Deactivating
[controller_server-10] [INFO] [1774056245.899945565] [MPPIController]: Deactivated MPPI Controller: FollowPath
[controller_server-10] [INFO] [1774056245.899964231] [local_costmap.local_costmap]: Deactivating
[behavior_server-13] [INFO] [1774056245.909256974] [behavior_server]: Destroying
[smoother_server-11] [INFO] [1774056245.939469909] [smoother_server]: Destroying bond (smoother_server) to lifecycle manager.
[smoother_server-11] [INFO] [1774056245.948072594] [smoother_server]: Destroying
[costmap_filter_info_server-9] [INFO] [1774056245.975821911] [rclcpp]: signal_handler(signum=2)
[costmap_filter_info_server-9] [INFO] [1774056245.976095484] [keepout_costmap_filter_info_server]: Running Nav2 LifecycleNode rcl preshutdown (keepout_costmap_filter_info_server)
[costmap_filter_info_server-9] [INFO] [1774056245.976220021] [keepout_costmap_filter_info_server]: Deactivating
[costmap_filter_info_server-9] [INFO] [1774056245.976241021] [keepout_costmap_filter_info_server]: Destroying bond (keepout_costmap_filter_info_server) to lifecycle manager.
[controller_server-10] [INFO] [1774056245.984026486] [controller_server]: Destroying bond (controller_server) to lifecycle manager.
[costmap_filter_info_server-9] [INFO] [1774056246.026628676] [keepout_costmap_filter_info_server]: Cleaning up
[costmap_filter_info_server-9] [INFO] [1774056246.026690215] [keepout_costmap_filter_info_server]: Destroying bond (keepout_costmap_filter_info_server) to lifecycle manager.
[map_server-8] [INFO] [1774056246.030485826] [rclcpp]: signal_handler(signum=2)
[map_server-8] [INFO] [1774056246.030713026] [keepout_filter_mask_server]: Running Nav2 LifecycleNode rcl preshutdown (keepout_filter_mask_server)
[map_server-8] [INFO] [1774056246.031874692] [keepout_filter_mask_server]: Deactivating
[map_server-8] [INFO] [1774056246.031923398] [keepout_filter_mask_server]: Destroying bond (keepout_filter_mask_server) to lifecycle manager.
[map_server-8] [INFO] [1774056246.042145649] [keepout_filter_mask_server]: Cleaning up
[map_server-8] [INFO] [1774056246.042217396] [keepout_filter_mask_server]: Destroying bond (keepout_filter_mask_server) to lifecycle manager.
[map_server-8] [INFO] [1774056246.073340882] [keepout_filter_mask_server]: Destroying
[controller_server-10] [INFO] [1774056246.085048536] [controller_server]: Cleaning up
[controller_server-10] [INFO] [1774056246.085175698] [MPPIController]: Cleaned up MPPI Controller: FollowPath
[controller_server-10] [INFO] [1774056246.085324151] [local_costmap.local_costmap]: Cleaning up
[costmap_filter_info_server-9] [INFO] [1774056246.090058311] [keepout_costmap_filter_info_server]: Destroying
[taskset-7] [INFO] [1774056246.101862212] [rclcpp]: signal_handler(signum=2)
[taskset-7] Unregistering sensor: Custom Described Lidar
[robot_hardware-6] [INFO] [1774056246.194675605] [rclcpp]: signal_handler(signum=2)
[ekf_node-5] [INFO] [1774056246.255457296] [rclcpp]: signal_handler(signum=2)
[planner_server-12] [INFO] [1774056246.271581205] [planner_server]: Deactivating plugin GridBased of type SmacPlanner2D
[planner_server-12] [INFO] [1774056246.271875778] [planner_server]: Destroying bond (planner_server) to lifecycle manager.
[planner_server-12] [INFO] [1774056246.282292855] [planner_server]: Cleaning up
[lifecycle_manager-19] [INFO] [1774056246.309431444] [lifecycle_manager_navigation]: Destroying lifecycle_manager_navigation
[autodock_action_server-25] Traceback (most recent call last):
[autodock_action_server-25]   File "/home/smr/workspaces/mini_amr/amrROS2_ws/install/action_autodock/lib/python3.12/site-packages/action_autodock/autodock_action_server.py", line 1409, in main
[autodock_action_server-25]     executor.spin()
[autodock_action_server-25]   File "/opt/ros/jazzy/lib/python3.12/site-packages/rclpy/executors.py", line 312, in spin
[autodock_action_server-25]     self.spin_once()
[autodock_action_server-25]   File "/opt/ros/jazzy/lib/python3.12/site-packages/rclpy/executors.py", line 917, in spin_once
[autodock_action_server-25]     self._spin_once_impl(timeout_sec)
[autodock_action_server-25]   File "/opt/ros/jazzy/lib/python3.12/site-packages/rclpy/executors.py", line 896, in _spin_once_impl
[autodock_action_server-25]     handler, entity, node = self.wait_for_ready_callbacks(
[autodock_action_server-25]                             ^^^^^^^^^^^^^^^^^^^^^^^^^^^^^^
[autodock_action_server-25]   File "/opt/ros/jazzy/lib/python3.12/site-packages/rclpy/executors.py", line 799, in wait_for_ready_callbacks
[autodock_action_server-25]     return next(self._cb_iter)
[autodock_action_server-25]            ^^^^^^^^^^^^^^^^^^^
[autodock_action_server-25]   File "/opt/ros/jazzy/lib/python3.12/site-packages/rclpy/executors.py", line 703, in _wait_for_ready_callbacks
[autodock_action_server-25]     wait_set.wait(timeout_nsec)
[autodock_action_server-25] KeyboardInterrupt
[autodock_action_server-25] 
[autodock_action_server-25] During handling of the above exception, another exception occurred:
[autodock_action_server-25] 
[autodock_action_server-25] Traceback (most recent call last):
[autodock_action_server-25]   File "/home/smr/workspaces/mini_amr/amrROS2_ws/install/action_autodock/lib/action_autodock/autodock_action_server", line 33, in <module>
[autodock_action_server-25]     sys.exit(load_entry_point('action-autodock==0.0.0', 'console_scripts', 'autodock_action_server')())
[autodock_action_server-25]              ^^^^^^^^^^^^^^^^^^^^^^^^^^^^^^^^^^^^^^^^^^^^^^^^^^^^^^^^^^^^^^^^^^^^^^^^^^^^^^^^^^^^^^^^^
[autodock_action_server-25]   File "/home/smr/workspaces/mini_amr/amrROS2_ws/install/action_autodock/lib/python3.12/site-packages/action_autodock/autodock_action_server.py", line 1420, in main
[autodock_action_server-25]     rclpy.shutdown()   
[autodock_action_server-25]     ^^^^^^^^^^^^^^^^
[autodock_action_server-25]   File "/opt/ros/jazzy/lib/python3.12/site-packages/rclpy/__init__.py", line 134, in shutdown
[autodock_action_server-25]     _shutdown(context=context)
[autodock_action_server-25]   File "/opt/ros/jazzy/lib/python3.12/site-packages/rclpy/utilities.py", line 82, in shutdown
[autodock_action_server-25]     context.shutdown()
[autodock_action_server-25]   File "/opt/ros/jazzy/lib/python3.12/site-packages/rclpy/context.py", line 129, in shutdown
[autodock_action_server-25]     self.__context.shutdown()
[autodock_action_server-25] rclpy._rclpy_pybind11.RCLError: failed to shutdown: rcl_shutdown already called on the given context, at ./src/rcl/init.c:333
[planner_server-12] [INFO] [1774056246.336122633] [global_costmap.global_costmap]: Cleaning up
[scan_to_scan_filter_chain-4] [INFO] [1774056246.379870740] [rclcpp]: signal_handler(signum=2)
[planner_server-12] [INFO] [1774056246.407035578] [planner_server]: Cleaning up plugin GridBased of type SmacPlanner2D
[planner_server-12] [INFO] [1774056246.407541310] [planner_server]: Destroying plugin GridBased of type SmacPlanner2D
[controller_server-10] [INFO] [1774056246.442070462] [controller_server]: Destroying bond (controller_server) to lifecycle manager.
[controller_server-10] [INFO] [1774056246.455768960] [local_costmap.local_costmap]: Destroying
[robot_state_publisher-1] [INFO] [1774056246.495556962] [rclcpp]: signal_handler(signum=2)
[bt_navigator-14] [INFO] [1774056246.551943105] [bt_navigator]: Completed Cleaning up
[bt_navigator-14] [INFO] [1774056246.553883784] [bt_navigator]: Destroying bond (bt_navigator) to lifecycle manager.
[bt_navigator-14] [INFO] [1774056246.567423913] [bt_navigator]: Destroying
[rplidar_node-3] [INFO] [1774056246.590089083] [rplidar_node]: Stop motor
[planner_server-12] [INFO] [1774056246.600575866] [planner_server]: Destroying bond (planner_server) to lifecycle manager.
[planner_server-12] [INFO] [1774056246.647703973] [global_costmap.global_costmap]: Destroying
[controller_server-10] [INFO] [1774056246.650936397] [controller_server]: Destroying
[rpc_run_node-23] Traceback (most recent call last):
[rpc_run_node-23]   File "/home/smr/workspaces/mini_amr/amrROS2_ws/install/delivery_robot_main_controller/lib/delivery_robot_main_controller/rpc_run_node", line 33, in <module>
[rpc_run_node-23]     sys.exit(load_entry_point('delivery-robot-main-controller==0.0.1', 'console_scripts', 'rpc_run_node')())
[rpc_run_node-23]              ^^^^^^^^^^^^^^^^^^^^^^^^^^^^^^^^^^^^^^^^^^^^^^^^^^^^^^^^^^^^^^^^^^^^^^^^^^^^^^^^^^^^^^^^^^^^^^
[rpc_run_node-23]   File "/home/smr/workspaces/mini_amr/amrROS2_ws/install/delivery_robot_main_controller/lib/python3.12/site-packages/delivery_robot_main_controller/rpc_run_node.py", line 57, in main
[rpc_run_node-23]     rclpy.shutdown()
[rpc_run_node-23]   File "/opt/ros/jazzy/lib/python3.12/site-packages/rclpy/__init__.py", line 134, in shutdown
[rpc_run_node-23]     _shutdown(context=context)
[rpc_run_node-23]   File "/opt/ros/jazzy/lib/python3.12/site-packages/rclpy/utilities.py", line 82, in shutdown
[rpc_run_node-23]     context.shutdown()
[rpc_run_node-23]   File "/opt/ros/jazzy/lib/python3.12/site-packages/rclpy/context.py", line 129, in shutdown
[rpc_run_node-23]     self.__context.shutdown()
[rpc_run_node-23] rclpy._rclpy_pybind11.RCLError: failed to shutdown: rcl_shutdown already called on the given context, at ./src/rcl/init.c:333
[robot_sound-21] Traceback (most recent call last):
[robot_sound-21]   File "/home/smr/workspaces/mini_amr/amrROS2_ws/install/delivery_robot_main_controller/lib/delivery_robot_main_controller/robot_sound", line 33, in <module>
[robot_sound-21]     sys.exit(load_entry_point('delivery-robot-main-controller==0.0.1', 'console_scripts', 'robot_sound')())
[robot_sound-21]              ^^^^^^^^^^^^^^^^^^^^^^^^^^^^^^^^^^^^^^^^^^^^^^^^^^^^^^^^^^^^^^^^^^^^^^^^^^^^^^^^^^^^^^^^^^^^^
[robot_sound-21]   File "/home/smr/workspaces/mini_amr/amrROS2_ws/install/delivery_robot_main_controller/lib/python3.12/site-packages/delivery_robot_main_controller/robot_sound.py", line 369, in main
[robot_sound-21]     rclpy.shutdown()
[robot_sound-21]   File "/opt/ros/jazzy/lib/python3.12/site-packages/rclpy/__init__.py", line 134, in shutdown
[robot_sound-21]     _shutdown(context=context)
[robot_sound-21]   File "/opt/ros/jazzy/lib/python3.12/site-packages/rclpy/utilities.py", line 82, in shutdown
[robot_sound-21]     context.shutdown()
[robot_sound-21]   File "/opt/ros/jazzy/lib/python3.12/site-packages/rclpy/context.py", line 129, in shutdown
[robot_sound-21]     self.__context.shutdown()
[robot_sound-21] rclpy._rclpy_pybind11.RCLError: failed to shutdown: rcl_shutdown already called on the given context, at ./src/rcl/init.c:333
[planner_server-12] [INFO] [1774056246.763463693] [planner_server]: Destroying
[ERROR] [rpc_run_node-23]: process has died [pid 5012, exit code 1, cmd '/home/smr/workspaces/mini_amr/amrROS2_ws/install/delivery_robot_main_controller/lib/delivery_robot_main_controller/rpc_run_node --ros-args -r __node:=rpc_run_node -r __ns:=/ -r /tf:=tf -r /tf_static:=tf_static'].
[call_robot_button-22] Traceback (most recent call last):
[call_robot_button-22]   File "/home/smr/workspaces/mini_amr/amrROS2_ws/install/delivery_robot_main_controller/lib/delivery_robot_main_controller/call_robot_button", line 33, in <module>
[call_robot_button-22]     sys.exit(load_entry_point('delivery-robot-main-controller==0.0.1', 'console_scripts', 'call_robot_button')())
[call_robot_button-22]              ^^^^^^^^^^^^^^^^^^^^^^^^^^^^^^^^^^^^^^^^^^^^^^^^^^^^^^^^^^^^^^^^^^^^^^^^^^^^^^^^^^^^^^^^^^^^^^^^^^^
[call_robot_button-22]   File "/home/smr/workspaces/mini_amr/amrROS2_ws/install/delivery_robot_main_controller/lib/python3.12/site-packages/delivery_robot_main_controller/call_button.py", line 251, in main
[call_robot_button-22]     rclpy.shutdown()
[call_robot_button-22]   File "/opt/ros/jazzy/lib/python3.12/site-packages/rclpy/__init__.py", line 134, in shutdown
[call_robot_button-22]     _shutdown(context=context)
[call_robot_button-22]   File "/opt/ros/jazzy/lib/python3.12/site-packages/rclpy/utilities.py", line 82, in shutdown
[call_robot_button-22]     context.shutdown()
[call_robot_button-22]   File "/opt/ros/jazzy/lib/python3.12/site-packages/rclpy/context.py", line 129, in shutdown
[call_robot_button-22]     self.__context.shutdown()
[call_robot_button-22] rclpy._rclpy_pybind11.RCLError: failed to shutdown: rcl_shutdown already called on the given context, at ./src/rcl/init.c:333
[INFO] [velocity_smoother-16]: process has finished cleanly [pid 4826]
[ERROR] [robot_sound-21]: process has died [pid 5010, exit code 1, cmd '/home/smr/workspaces/mini_amr/amrROS2_ws/install/delivery_robot_main_controller/lib/delivery_robot_main_controller/robot_sound --ros-args -r __node:=robot_sound_node -r __ns:=/ -r /tf:=tf -r /tf_static:=tf_static'].
[INFO] [collision_monitor-17]: process has finished cleanly [pid 4836]
[INFO] [waypoint_follower-15]: process has finished cleanly [pid 4770]
[ERROR] [call_robot_button-22]: process has died [pid 5011, exit code 1, cmd '/home/smr/workspaces/mini_amr/amrROS2_ws/install/delivery_robot_main_controller/lib/delivery_robot_main_controller/call_robot_button --ros-args -r __node:=call_robot_button_node -r __ns:=/ -r /tf:=tf -r /tf_static:=tf_static'].
[INFO] [collision_detector-18]: process has finished cleanly [pid 4843]
[ERROR] [battery_manager_node-26]: process has died [pid 5015, exit code -2, cmd '/home/smr/workspaces/mini_amr/amrROS2_ws/install/battery_management/lib/battery_management/battery_manager_node --ros-args -r __node:=battery_manager -r __ns:=/ --params-file /home/smr/workspaces/mini_amr/amrROS2_ws/install/battery_management/share/battery_management/config/battery_manager.yaml -r /tf:=tf -r /tf_static:=tf_static'].
[INFO] [smoother_server-11]: process has finished cleanly [pid 4754]
[INFO] [behavior_server-13]: process has finished cleanly [pid 4764]
[INFO] [costmap_filter_info_server-9]: process has finished cleanly [pid 4750]
[INFO] [robot_hardware-6]: process has finished cleanly [pid 4747]
[INFO] [map_server-8]: process has finished cleanly [pid 4749]
[INFO] [lifecycle_manager-19]: process has finished cleanly [pid 4851]
[INFO] [bt_navigator-14]: process has finished cleanly [pid 4767]
[INFO] [joint_state_publisher-2]: process has finished cleanly [pid 4743]
[INFO] [controller_server-10]: process has finished cleanly [pid 4751]
[ERROR] [autodock_action_server-25]: process has died [pid 5014, exit code 1, cmd '/home/smr/workspaces/mini_amr/amrROS2_ws/install/action_autodock/lib/action_autodock/autodock_action_server --ros-args -r __ns:=/ --params-file /home/smr/workspaces/mini_amr/amrROS2_ws/install/action_autodock/share/action_autodock/config/auto_dock_config.yaml --params-file /tmp/launch_params_32uiq1pv -r /tf:=tf -r /tf_static:=tf_static'].
[INFO] [planner_server-12]: process has finished cleanly [pid 4761]
[ERROR] [delivery_robot_main_controller-20]: process has died [pid 5009, exit code -2, cmd '/home/smr/workspaces/mini_amr/amrROS2_ws/install/delivery_robot_main_controller/lib/delivery_robot_main_controller/delivery_robot_main_controller --ros-args -r __node:=main_controller_node -r __ns:=/ --params-file /tmp/launch_params_bqbtkh0i -r /tf:=tf -r /tf_static:=tf_static'].
[INFO] [ekf_node-5]: process has finished cleanly [pid 4746]
[INFO] [taskset-7]: process has finished cleanly [pid 4748]
[INFO] [scan_to_scan_filter_chain-4]: process has finished cleanly [pid 4745]
[INFO] [rplidar_node-3]: process has finished cleanly [pid 4744]
[INFO] [robot_state_publisher-1]: process has finished cleanly [pid 4742]
