[INFO] [launch]: All log files can be found below /home/smr/.ros/log/2026-03-21-08-24-44-075954-two-5646
[INFO] [launch]: Default logging verbosity is set to INFO
[INFO] [robot_state_publisher-1]: process started with pid [5661]
[INFO] [joint_state_publisher-2]: process started with pid [5662]
[INFO] [rplidar_node-3]: process started with pid [5663]
[INFO] [scan_to_scan_filter_chain-4]: process started with pid [5664]
[INFO] [ekf_node-5]: process started with pid [5665]
[INFO] [robot_hardware-6]: process started with pid [5666]
[INFO] [taskset-7]: process started with pid [5667]
[INFO] [map_server-8]: process started with pid [5668]
[INFO] [costmap_filter_info_server-9]: process started with pid [5669]
[INFO] [controller_server-10]: process started with pid [5670]
[INFO] [smoother_server-11]: process started with pid [5675]
[INFO] [planner_server-12]: process started with pid [5683]
[INFO] [behavior_server-13]: process started with pid [5688]
[INFO] [bt_navigator-14]: process started with pid [5689]
[INFO] [waypoint_follower-15]: process started with pid [5692]
[INFO] [velocity_smoother-16]: process started with pid [5693]
[INFO] [collision_monitor-17]: process started with pid [5696]
[INFO] [collision_detector-18]: process started with pid [5706]
[INFO] [lifecycle_manager-19]: process started with pid [5711]
[robot_state_publisher-1] [INFO] [1774056285.351353100] [robot_state_publisher]: Robot initialized
[rplidar_node-3] [INFO] [1774056285.375409178] [rplidar_node]: RPLidar running on ROS2 package rplidar_ros. RPLIDAR SDK Version:2.1.0
[rplidar_node-3] [INFO] [1774056285.386688390] [rplidar_node]: RPLidar S/N: CEDCEDF9C7E29BCEA7E39EF25E0F4304
[rplidar_node-3] [INFO] [1774056285.386793969] [rplidar_node]: Firmware Ver: 1.02
[rplidar_node-3] [INFO] [1774056285.386839759] [rplidar_node]: Hardware Rev: 18
[rplidar_node-3] [INFO] [1774056285.387253910] [rplidar_node]: RPLidar health status : 0
[rplidar_node-3] [INFO] [1774056285.387308159] [rplidar_node]: RPLidar health status : OK.
[rplidar_node-3] [INFO] [1774056285.387741851] [rplidar_node]: Start
[map_server-8] [INFO] [1774056285.403346613] [keepout_filter_mask_server]: 
[map_server-8] 	keepout_filter_mask_server lifecycle node launched. 
[map_server-8] 	Waiting on external lifecycle transitions to activate
[map_server-8] 	See https://design.ros2.org/articles/node_lifecycle.html for more information.
[map_server-8] [INFO] [1774056285.403471733] [keepout_filter_mask_server]: Creating
[robot_hardware-6] Serial port opened at port /dev/teensy with baudrate 460800
[robot_hardware-6] Created receive data thread
[costmap_filter_info_server-9] [INFO] [1774056285.462172750] [costmap_filter_info_server]: This is costmap filter info publisher
[velocity_smoother-16] [INFO] [1774056285.490357510] [velocity_smoother]: 
[velocity_smoother-16] 	velocity_smoother lifecycle node launched. 
[velocity_smoother-16] 	Waiting on external lifecycle transitions to activate
[velocity_smoother-16] 	See https://design.ros2.org/articles/node_lifecycle.html for more information.
[waypoint_follower-15] [INFO] [1774056285.499125564] [waypoint_follower]: 
[waypoint_follower-15] 	waypoint_follower lifecycle node launched. 
[waypoint_follower-15] 	Waiting on external lifecycle transitions to activate
[waypoint_follower-15] 	See https://design.ros2.org/articles/node_lifecycle.html for more information.
[waypoint_follower-15] [INFO] [1774056285.501841173] [waypoint_follower]: Creating
[collision_monitor-17] [INFO] [1774056285.508169816] [collision_monitor]: 
[collision_monitor-17] 	collision_monitor lifecycle node launched. 
[collision_monitor-17] 	Waiting on external lifecycle transitions to activate
[collision_monitor-17] 	See https://design.ros2.org/articles/node_lifecycle.html for more information.
[costmap_filter_info_server-9] [INFO] [1774056285.530335962] [keepout_costmap_filter_info_server]: 
[rplidar_node-3] [INFO] [1774056285.530483540] [rplidar_node]: current scan mode: Sensitivity, sample rate: 32 Khz, max_distance: 30.0 m, scan frequency:10.0 Hz, 
[costmap_filter_info_server-9] 	keepout_costmap_filter_info_server lifecycle node launched. 
[costmap_filter_info_server-9] 	Waiting on external lifecycle transitions to activate
[costmap_filter_info_server-9] 	See https://design.ros2.org/articles/node_lifecycle.html for more information.
[bt_navigator-14] [INFO] [1774056285.612094427] [bt_navigator]: 
[bt_navigator-14] 	bt_navigator lifecycle node launched. 
[bt_navigator-14] 	Waiting on external lifecycle transitions to activate
[bt_navigator-14] 	See https://design.ros2.org/articles/node_lifecycle.html for more information.
[taskset-7] [INFO] [1774056285.615944286] [slam_toolbox]: Node using stack size 40000000
[bt_navigator-14] [INFO] [1774056285.623970659] [bt_navigator]: Creating
[planner_server-12] [INFO] [1774056285.633920503] [planner_server]: 
[planner_server-12] 	planner_server lifecycle node launched. 
[planner_server-12] 	Waiting on external lifecycle transitions to activate
[planner_server-12] 	See https://design.ros2.org/articles/node_lifecycle.html for more information.
[planner_server-12] [INFO] [1774056285.643889012] [planner_server]: Creating
[planner_server-12] [INFO] [1774056285.699277109] [global_costmap.global_costmap]: 
[planner_server-12] 	global_costmap lifecycle node launched. 
[planner_server-12] 	Waiting on external lifecycle transitions to activate
[planner_server-12] 	See https://design.ros2.org/articles/node_lifecycle.html for more information.
[planner_server-12] [INFO] [1774056285.717514358] [global_costmap.global_costmap]: Creating Costmap
[behavior_server-13] [INFO] [1774056285.750327115] [behavior_server]: 
[behavior_server-13] 	behavior_server lifecycle node launched. 
[behavior_server-13] 	Waiting on external lifecycle transitions to activate
[behavior_server-13] 	See https://design.ros2.org/articles/node_lifecycle.html for more information.
[smoother_server-11] [INFO] [1774056285.761338586] [smoother_server]: 
[smoother_server-11] 	smoother_server lifecycle node launched. 
[smoother_server-11] 	Waiting on external lifecycle transitions to activate
[smoother_server-11] 	See https://design.ros2.org/articles/node_lifecycle.html for more information.
[lifecycle_manager-19] [INFO] [1774056285.841688683] [lifecycle_manager_navigation]: Creating
[smoother_server-11] [INFO] [1774056285.849467449] [smoother_server]: Creating smoother server
[taskset-7] [INFO] [1774056285.890420370] [slam_toolbox]: Configuring
[lifecycle_manager-19] [INFO] [1774056285.910316872] [lifecycle_manager_navigation]: [34m[1mCreating and initializing lifecycle service clients[0m[0m
[controller_server-10] [INFO] [1774056285.920638006] [controller_server]: 
[controller_server-10] 	controller_server lifecycle node launched. 
[controller_server-10] 	Waiting on external lifecycle transitions to activate
[controller_server-10] 	See https://design.ros2.org/articles/node_lifecycle.html for more information.
[collision_detector-18] [INFO] [1774056285.931398082] [collision_detector]: 
[collision_detector-18] 	collision_detector lifecycle node launched. 
[collision_detector-18] 	Waiting on external lifecycle transitions to activate
[collision_detector-18] 	See https://design.ros2.org/articles/node_lifecycle.html for more information.
[taskset-7] [INFO] [1774056285.942012914] [slam_toolbox]: Using solver plugin solver_plugins::CeresSolver
[taskset-7] [INFO] [1774056285.968077655] [slam_toolbox]: CeresSolver: Using SCHUR_JACOBI preconditioner.
[controller_server-10] [INFO] [1774056286.004175957] [controller_server]: Creating controller server
[controller_server-10] [INFO] [1774056286.129313140] [local_costmap.local_costmap]: 
[controller_server-10] 	local_costmap lifecycle node launched. 
[controller_server-10] 	Waiting on external lifecycle transitions to activate
[controller_server-10] 	See https://design.ros2.org/articles/node_lifecycle.html for more information.
[controller_server-10] [INFO] [1774056286.133711609] [local_costmap.local_costmap]: Creating Costmap
[lifecycle_manager-19] [INFO] [1774056286.212478063] [lifecycle_manager_navigation]: [34m[1mStarting managed nodes bringup...[0m[0m
[lifecycle_manager-19] [INFO] [1774056286.212627391] [lifecycle_manager_navigation]: [34m[1mConfiguring controller_server[0m[0m
[controller_server-10] [INFO] [1774056286.213579065] [controller_server]: Configuring controller interface
[controller_server-10] [INFO] [1774056286.213667729] [controller_server]: getting progress checker plugins..
[controller_server-10] [INFO] [1774056286.215908524] [controller_server]: getting goal checker plugins..
[controller_server-10] [INFO] [1774056286.217786208] [controller_server]: Controller frequency set to 10.0000Hz
[controller_server-10] [INFO] [1774056286.217934369] [local_costmap.local_costmap]: Configuring
[controller_server-10] [INFO] [1774056286.239128158] [local_costmap.local_costmap]: Using plugin "obstacle_layer"
[controller_server-10] [INFO] [1774056286.252962001] [local_costmap.local_costmap]: Subscribed to Topics: scan
[rplidar_node-3] [INFO] [1774056286.268219126] [rplidar_node]: set lidar scan frequency to 10.0 Hz(600.0 Rpm) 
[controller_server-10] [INFO] [1774056286.269961481] [local_costmap.local_costmap]: Initialized plugin "obstacle_layer"
[controller_server-10] [INFO] [1774056286.270014854] [local_costmap.local_costmap]: Using plugin "denoise_layer"
[controller_server-10] [INFO] [1774056286.273288113] [local_costmap.local_costmap]: Initialized plugin "denoise_layer"
[controller_server-10] [INFO] [1774056286.273338277] [local_costmap.local_costmap]: Using plugin "inflation_layer"
[controller_server-10] [INFO] [1774056286.276053889] [local_costmap.local_costmap]: Initialized plugin "inflation_layer"
[controller_server-10] [INFO] [1774056286.276118929] [local_costmap.local_costmap]: Using costmap filter "keepout_filter"
[controller_server-10] [INFO] [1774056286.281547528] [local_costmap.local_costmap]: Initialized costmap filter "keepout_filter"
[controller_server-10] [INFO] [1774056286.281604984] [local_costmap.local_costmap]: Using costmap filter "inflation_layer"
[controller_server-10] [INFO] [1774056286.281717272] [local_costmap.local_costmap]: Initialized costmap filter "inflation_layer"
[controller_server-10] [INFO] [1774056286.326377728] [controller_server]: Created progress_checker : progress_checker of type nav2_controller::SimpleProgressChecker
[controller_server-10] [INFO] [1774056286.328240537] [controller_server]: Controller Server has progress_checker  progress checkers available.
[controller_server-10] [INFO] [1774056286.329830647] [controller_server]: Created goal checker : goal_checker of type nav2_controller::SimpleGoalChecker
[controller_server-10] [INFO] [1774056286.331939906] [controller_server]: Controller Server has goal_checker  goal checkers available.
[controller_server-10] [INFO] [1774056286.334295614] [controller_server]: Created controller : FollowPath of type nav2_mppi_controller::MPPIController
[controller_server-10] [INFO] [1774056286.342417367] [controller_server]: Controller period is equal to model dt. Control sequence shifting is ON
[controller_server-10] [INFO] [1774056286.345910826] [controller_server]: ConstraintCritic instantiated with 1 power and 4.000000 weight.
[controller_server-10] [INFO] [1774056286.345967699] [controller_server]: Critic loaded : mppi::critics::ConstraintCritic
[controller_server-10] [INFO] [1774056286.349193418] [controller_server]: InflationCostCritic instantiated with 1 power and 300.000000 / 0.015000 weights. Critic will collision check based on footprint cost.
[controller_server-10] [INFO] [1774056286.349247375] [controller_server]: Critic loaded : mppi::critics::CostCritic
[controller_server-10] [INFO] [1774056286.350629242] [controller_server]: GoalCritic instantiated with 1 power and 5.000000 weight.
[controller_server-10] [INFO] [1774056286.350683199] [controller_server]: Critic loaded : mppi::critics::GoalCritic
[controller_server-10] [INFO] [1774056286.352027734] [controller_server]: GoalAngleCritic instantiated with 1 power, 3.000000 weight, and 0.500000 angular threshold.
[controller_server-10] [INFO] [1774056286.352076441] [controller_server]: Critic loaded : mppi::critics::GoalAngleCritic
[controller_server-10] [INFO] [1774056286.354647975] [controller_server]: ReferenceTrajectoryCritic instantiated with 1 power and 2.000000 weight
[controller_server-10] [INFO] [1774056286.354695514] [controller_server]: Critic loaded : mppi::critics::PathAlignCritic
[controller_server-10] [INFO] [1774056286.356328498] [controller_server]: Critic loaded : mppi::critics::PathFollowCritic
[controller_server-10] [INFO] [1774056286.358604584] [controller_server]: PathAngleCritic instantiated with 1 power and 1.500000 weight. Mode set to: Forward Preference
[controller_server-10] [INFO] [1774056286.358650374] [controller_server]: Critic loaded : mppi::critics::PathAngleCritic
[controller_server-10] [INFO] [1774056286.359904496] [controller_server]: PreferForwardCritic instantiated with 1 power and 10.000000 weight.
[controller_server-10] [INFO] [1774056286.359948245] [controller_server]: Critic loaded : mppi::critics::PreferForwardCritic
[controller_server-10] [INFO] [1774056286.361625560] [controller_server]: Optimizer reset
[controller_server-10] [INFO] [1774056286.370053553] [MPPIController]: Configured MPPI Controller: FollowPath
[controller_server-10] [INFO] [1774056286.370088260] [controller_server]: Controller Server has FollowPath  controllers available.
[lifecycle_manager-19] [INFO] [1774056286.389903390] [lifecycle_manager_navigation]: [34m[1mConfiguring smoother_server[0m[0m
[smoother_server-11] [INFO] [1774056286.390562241] [smoother_server]: Configuring smoother server
[smoother_server-11] [INFO] [1774056286.446396926] [smoother_server]: Created smoother : simple_smoother of type nav2_smoother::SimpleSmoother
[smoother_server-11] [INFO] [1774056286.460753708] [smoother_server]: Smoother Server has simple_smoother  smoothers available.
[scan_to_scan_filter_chain-4] [WARN] [1774056286.471868439] [scan_to_scan_filter_chain]: diagnostic_updater: No HW_ID was set. This is probably a bug. Please report it. For devices that do not have a HW_ID, set this value to 'none'. This warning only occurs once all diagnostics are OK. It is okay to wait until the device is open before calling setHardwareID.
[lifecycle_manager-19] [INFO] [1774056286.491167045] [lifecycle_manager_navigation]: [34m[1mConfiguring planner_server[0m[0m
[planner_server-12] [INFO] [1774056286.491710109] [planner_server]: Configuring
[planner_server-12] [INFO] [1774056286.491761149] [global_costmap.global_costmap]: Configuring
[planner_server-12] [INFO] [1774056286.518543948] [global_costmap.global_costmap]: Using plugin "static_layer"
[planner_server-12] [INFO] [1774056286.542827545] [global_costmap.global_costmap]: Subscribing to the map topic (/map) with transient local durability
[planner_server-12] [INFO] [1774056286.546697532] [global_costmap.global_costmap]: Initialized plugin "static_layer"
[planner_server-12] [INFO] [1774056286.547753911] [global_costmap.global_costmap]: Using plugin "obstacle_layer"
[planner_server-12] [INFO] [1774056286.553749490] [global_costmap.global_costmap]: Subscribed to Topics: scan
[planner_server-12] [INFO] [1774056286.569008949] [global_costmap.global_costmap]: Initialized plugin "obstacle_layer"
[planner_server-12] [INFO] [1774056286.569064655] [global_costmap.global_costmap]: Using plugin "inflation_layer"
[planner_server-12] [INFO] [1774056286.573694699] [global_costmap.global_costmap]: Initialized plugin "inflation_layer"
[planner_server-12] [INFO] [1774056286.573742822] [global_costmap.global_costmap]: Using costmap filter "keepout_filter"
[taskset-7] Load From File /home/smr/workspaces/mini_amr/amrROS2_ws/maps/latest_map.posegraph 
[taskset-7] Mapper <- Module
[taskset-7] Mapper <- m_pSequentialScanMatcher
[taskset-7] Mapper <- m_pGraph
[taskset-7] MapperGraph <- Graph; Graph <- m_Edges; Graph <- m_Vertices
[taskset-7] MapperGraph <- m_pMapper; MapperGraph <- m_pLoopScanMatcher; MapperGraph <- m_pTraversal
[taskset-7] Mapper <- m_pMapperSensorManager
[taskset-7] MapperSensorManager <- m_ScanManagers; MapperSensorManager <- m_Scans
[taskset-7] Mapper <- m_Listeners
[taskset-7] **Finished serializing Mapper**
[taskset-7] Load From File
[taskset-7] **Serializing Dataset**
[taskset-7] Dataset <- m_SensorNameLookup
[taskset-7] Dataset <- m_Data
[taskset-7] Dataset <- m_Lasers
[taskset-7] Dataset <- m_pDatasetInfo
[taskset-7] **Finished serializing Dataset**
[taskset-7] Registering sensor: [Custom Described Lidar]
[taskset-7] WARNING: Logging before InitGoogleLogging() is written to STDERR
[taskset-7] W20260321 08:24:46.576254  5667 preprocessor.cc:67] Specified options.num_threads: 50 exceeds maximum available from the threading model Ceres was compiled with: 8.  Bounding to maximum number available.
[INFO] [launch.user]: [LifecycleLaunch] Slamtoolbox node is activating.
[planner_server-12] [INFO] [1774056286.586198880] [global_costmap.global_costmap]: Initialized costmap filter "keepout_filter"
[planner_server-12] [INFO] [1774056286.586251670] [global_costmap.global_costmap]: Using costmap filter "inflation_layer2"
[planner_server-12] [INFO] [1774056286.590090742] [global_costmap.global_costmap]: Initialized costmap filter "inflation_layer2"
[taskset-7] [INFO] [1774056286.590399023] [slam_toolbox]: Activating
[joint_state_publisher-2] [INFO] [1774056286.608405009] [joint_state_publisher]: Waiting for robot_description to be published on the robot_description topic...
[taskset-7] Registering sensor: [Custom Described Lidar]
[planner_server-12] [INFO] [1774056286.667487286] [planner_server]: Created global planner plugin GridBased of type nav2_smac_planner::SmacPlanner2D
[planner_server-12] [INFO] [1774056286.667552617] [planner_server]: Configuring GridBased of type SmacPlanner2D
[planner_server-12] [ERROR] [1774056286.673379619] [planner_server]: Inflation layer either not found or inflation is not set sufficiently for optimized non-circular collision checking capabilities. It is HIGHLY recommended to set the inflation radius to be at MINIMUM half of the robot's largest cross-section. See github.com/ros-planning/navigation2/tree/main/nav2_smac_planner#potential-fields for full instructions. This will substantially impact run-time performance.
[planner_server-12] [INFO] [1774056286.677296271] [planner_server]: Configured plugin GridBased of type SmacPlanner2D with tolerance 0.12, maximum iterations 1000000, max on approach iterations 1000, and not allowing unknown traversal.
[planner_server-12] [INFO] [1774056286.677425475] [planner_server]: Planner Server has GridBased  planners available.
[lifecycle_manager-19] [INFO] [1774056286.700010757] [lifecycle_manager_navigation]: [34m[1mConfiguring behavior_server[0m[0m
[behavior_server-13] [INFO] [1774056286.700489656] [behavior_server]: Configuring
[behavior_server-13] [INFO] [1774056286.711991123] [behavior_server]: Creating behavior plugin wait of type nav2_behaviors::Wait
[behavior_server-13] [INFO] [1774056286.723317888] [behavior_server]: Configuring wait
[lifecycle_manager-19] [INFO] [1774056286.735946315] [lifecycle_manager_navigation]: [34m[1mConfiguring velocity_smoother[0m[0m
[velocity_smoother-16] [INFO] [1774056286.736453213] [velocity_smoother]: Configuring velocity smoother
[lifecycle_manager-19] [INFO] [1774056286.743677540] [lifecycle_manager_navigation]: [34m[1mConfiguring collision_monitor[0m[0m
[collision_monitor-17] [INFO] [1774056286.744180939] [collision_monitor]: Configuring
[collision_monitor-17] [INFO] [1774056286.771611507] [collision_monitor]: [scan]: Creating Scan
[collision_monitor-17] [INFO] [1774056286.781602486] [collision_monitor]: [PolygonStop]: Creating Polygon
[collision_monitor-17] [INFO] [1774056286.781700774] [collision_monitor]: [PolygonStop]: Creating Circle
[collision_monitor-17] [INFO] [1774056286.787766058] [collision_monitor]: [PolygonSlow]: Creating Polygon
[collision_monitor-17] [INFO] [1774056286.794363616] [collision_monitor]: [FootprintApproach]: Creating Polygon
[collision_monitor-17] [INFO] [1774056286.795170921] [collision_monitor]: [FootprintApproach]: Polygon points are not defined. Using dynamic subscription instead.
[collision_monitor-17] [INFO] [1774056286.801804935] [collision_monitor]: [FootprintApproach]: Making footprint subscriber on /local_costmap/published_footprint topic
[lifecycle_manager-19] [INFO] [1774056286.819787005] [lifecycle_manager_navigation]: [34m[1mConfiguring collision_detector[0m[0m
[collision_detector-18] [INFO] [1774056286.820104910] [collision_detector]: Configuring
[collision_detector-18] [INFO] [1774056286.844333967] [collision_monitor]: [scan]: Creating Scan
[collision_detector-18] [INFO] [1774056286.848666813] [collision_monitor]: [PolygonStop]: Creating Polygon
[collision_detector-18] [INFO] [1774056286.848700937] [collision_monitor]: [PolygonStop]: Creating Circle
[collision_detector-18] [INFO] [1774056286.854484482] [collision_monitor]: [PolygonSlow]: Creating Polygon
[lifecycle_manager-19] [INFO] [1774056286.863883981] [lifecycle_manager_navigation]: [34m[1mConfiguring bt_navigator[0m[0m
[bt_navigator-14] [INFO] [1774056286.864482460] [bt_navigator]: Configuring
[bt_navigator-14] [INFO] [1774056286.886170315] [bt_navigator]: Creating navigator id navigate_to_pose of type nav2_bt_navigator::NavigateToPoseNavigator
[planner_server-12] [INFO] [1774056286.937757901] [global_costmap.global_costmap]: StaticLayer: Resizing costmap to 787 X 922 at 0.050000 m/pix
[bt_navigator-14] [INFO] [1774056287.021453055] [bt_navigator]: Creating navigator id navigate_through_poses of type nav2_bt_navigator::NavigateThroughPosesNavigator
[lifecycle_manager-19] [INFO] [1774056287.063835384] [lifecycle_manager_navigation]: [34m[1mConfiguring waypoint_follower[0m[0m
[waypoint_follower-15] [INFO] [1774056287.064526318] [waypoint_follower]: Configuring
[waypoint_follower-15] [INFO] [1774056287.128337802] [waypoint_follower]: Created waypoint_task_executor : wait_at_waypoint of type nav2_waypoint_follower::WaitAtWaypoint
[lifecycle_manager-19] [INFO] [1774056287.130784799] [lifecycle_manager_navigation]: [34m[1mConfiguring keepout_filter_mask_server[0m[0m
[map_server-8] [INFO] [1774056287.131270698] [keepout_filter_mask_server]: Configuring
[map_server-8] [INFO] [1774056287.131347987] [map_io]: Loading yaml file: /home/smr/workspaces/mini_amr/amrROS2_ws/maps/latest_map_keepout.yaml
[map_server-8] [INFO] [1774056287.131644893] [map_io]: resolution: 0.05
[map_server-8] [INFO] [1774056287.131657435] [map_io]: origin[0]: -26.12
[map_server-8] [INFO] [1774056287.131662684] [map_io]: origin[1]: -29.258
[map_server-8] [INFO] [1774056287.131666768] [map_io]: origin[2]: 0
[map_server-8] [INFO] [1774056287.131671434] [map_io]: free_thresh: 0.196
[map_server-8] [INFO] [1774056287.131675809] [map_io]: occupied_thresh: 0.65
[map_server-8] [INFO] [1774056287.131681642] [map_io]: mode: trinary
[map_server-8] [INFO] [1774056287.131686892] [map_io]: negate: 0
[map_server-8] [INFO] [1774056287.131901843] [map_io]: Loading image_file: /home/smr/workspaces/mini_amr/amrROS2_ws/maps/latest_map_keepout.pgm
[map_server-8] [INFO] [1774056287.144595600] [map_io]: Read map /home/smr/workspaces/mini_amr/amrROS2_ws/maps/latest_map_keepout.pgm: 787 X 922 map @ 0.05 m/cell
[lifecycle_manager-19] [INFO] [1774056287.158490690] [lifecycle_manager_navigation]: [34m[1mConfiguring keepout_costmap_filter_info_server[0m[0m
[costmap_filter_info_server-9] [INFO] [1774056287.158920300] [keepout_costmap_filter_info_server]: Configuring
[lifecycle_manager-19] [INFO] [1774056287.189887493] [lifecycle_manager_navigation]: [34m[1mActivating controller_server[0m[0m
[controller_server-10] [INFO] [1774056287.190159316] [controller_server]: Activating
[controller_server-10] [INFO] [1774056287.190207731] [local_costmap.local_costmap]: Activating
[controller_server-10] [INFO] [1774056287.190223189] [local_costmap.local_costmap]: Checking transform
[controller_server-10] [INFO] [1774056287.190382433] [local_costmap.local_costmap]: start
[controller_server-10] [INFO] [1774056287.191255069] [local_costmap.local_costmap]: KeepoutFilter: Subscribing to "/keepout_costmap_filter_info" topic for filter info...
[controller_server-10] [WARN] [1774056287.293893009] [local_costmap.local_costmap]: KeepoutFilter: Filter mask was not received
[controller_server-10] [WARN] [1774056287.295275168] [controller_server]: Parameter controller_server.verbose not found
[controller_server-10] [INFO] [1774056287.295846815] [controller_server]: Optimizer reset
[controller_server-10] [INFO] [1774056287.297543963] [MPPIController]: Activated MPPI Controller: FollowPath
[controller_server-10] [INFO] [1774056287.297657125] [controller_server]: Creating bond (controller_server) to lifecycle manager.
[lifecycle_manager-19] [INFO] [1774056287.411872363] [lifecycle_manager_navigation]: Server controller_server connected with bond.
[lifecycle_manager-19] [INFO] [1774056287.411979401] [lifecycle_manager_navigation]: [34m[1mActivating smoother_server[0m[0m
[smoother_server-11] [INFO] [1774056287.412831620] [smoother_server]: Activating
[smoother_server-11] [INFO] [1774056287.413053571] [smoother_server]: Creating bond (smoother_server) to lifecycle manager.
[lifecycle_manager-19] [INFO] [1774056287.529177990] [lifecycle_manager_navigation]: Server smoother_server connected with bond.
[lifecycle_manager-19] [INFO] [1774056287.529362026] [lifecycle_manager_navigation]: [34m[1mActivating planner_server[0m[0m
[planner_server-12] [INFO] [1774056287.530730185] [planner_server]: Activating
[planner_server-12] [INFO] [1774056287.530827015] [global_costmap.global_costmap]: Activating
[planner_server-12] [INFO] [1774056287.530853264] [global_costmap.global_costmap]: Checking transform
[planner_server-12] [INFO] [1774056287.531172045] [global_costmap.global_costmap]: start
[planner_server-12] [INFO] [1774056287.533632166] [global_costmap.global_costmap]: KeepoutFilter: Subscribing to "/keepout_costmap_filter_info" topic for filter info...
[planner_server-12] [WARN] [1774056288.080127850] [global_costmap.global_costmap]: KeepoutFilter: Filter mask was not received
[planner_server-12] [INFO] [1774056288.137037580] [planner_server]: Activating plugin GridBased of type SmacPlanner2D
[planner_server-12] [INFO] [1774056288.138467862] [planner_server]: Creating bond (planner_server) to lifecycle manager.
[lifecycle_manager-19] [INFO] [1774056288.251887753] [lifecycle_manager_navigation]: Server planner_server connected with bond.
[lifecycle_manager-19] [INFO] [1774056288.252072663] [lifecycle_manager_navigation]: [34m[1mActivating behavior_server[0m[0m
[behavior_server-13] [INFO] [1774056288.253563610] [behavior_server]: Activating
[behavior_server-13] [INFO] [1774056288.253673856] [behavior_server]: Activating wait
[behavior_server-13] [INFO] [1774056288.253768061] [behavior_server]: Creating bond (behavior_server) to lifecycle manager.
[lifecycle_manager-19] [INFO] [1774056288.371606545] [lifecycle_manager_navigation]: Server behavior_server connected with bond.
[lifecycle_manager-19] [INFO] [1774056288.371720291] [lifecycle_manager_navigation]: [34m[1mActivating velocity_smoother[0m[0m
[velocity_smoother-16] [INFO] [1774056288.372776378] [velocity_smoother]: Activating
[velocity_smoother-16] [INFO] [1774056288.373072701] [velocity_smoother]: Creating bond (velocity_smoother) to lifecycle manager.
[lifecycle_manager-19] [INFO] [1774056288.486954575] [lifecycle_manager_navigation]: Server velocity_smoother connected with bond.
[lifecycle_manager-19] [INFO] [1774056288.487056363] [lifecycle_manager_navigation]: [34m[1mActivating collision_monitor[0m[0m
[collision_monitor-17] [INFO] [1774056288.487937749] [collision_monitor]: Activating
[collision_monitor-17] [INFO] [1774056288.488104576] [collision_monitor]: Creating bond (collision_monitor) to lifecycle manager.
[lifecycle_manager-19] [INFO] [1774056288.603426941] [lifecycle_manager_navigation]: Server collision_monitor connected with bond.
[lifecycle_manager-19] [INFO] [1774056288.603480022] [lifecycle_manager_navigation]: [34m[1mActivating collision_detector[0m[0m
[collision_detector-18] [INFO] [1774056288.603844010] [collision_detector]: Activating
[collision_detector-18] [INFO] [1774056288.603927423] [collision_detector]: Creating bond (collision_detector) to lifecycle manager.
[lifecycle_manager-19] [INFO] [1774056288.760448284] [lifecycle_manager_navigation]: Server collision_detector connected with bond.
[lifecycle_manager-19] [INFO] [1774056288.760514490] [lifecycle_manager_navigation]: [34m[1mActivating bt_navigator[0m[0m
[bt_navigator-14] [INFO] [1774056288.760927184] [bt_navigator]: Activating
[bt_navigator-14] [INFO] [1774056288.878095441] [bt_navigator]: Creating bond (bt_navigator) to lifecycle manager.
[lifecycle_manager-19] [INFO] [1774056288.985868282] [lifecycle_manager_navigation]: Server bt_navigator connected with bond.
[lifecycle_manager-19] [INFO] [1774056288.986007402] [lifecycle_manager_navigation]: [34m[1mActivating waypoint_follower[0m[0m
[waypoint_follower-15] [INFO] [1774056288.986975118] [waypoint_follower]: Activating
[waypoint_follower-15] [INFO] [1774056288.987038991] [waypoint_follower]: Creating bond (waypoint_follower) to lifecycle manager.
[lifecycle_manager-19] [INFO] [1774056289.094040692] [lifecycle_manager_navigation]: Server waypoint_follower connected with bond.
[lifecycle_manager-19] [INFO] [1774056289.094112440] [lifecycle_manager_navigation]: [34m[1mActivating keepout_filter_mask_server[0m[0m
[map_server-8] [INFO] [1774056289.094661337] [keepout_filter_mask_server]: Activating
[map_server-8] [INFO] [1774056289.095561097] [keepout_filter_mask_server]: Creating bond (keepout_filter_mask_server) to lifecycle manager.
[lifecycle_manager-19] [INFO] [1774056289.204614892] [lifecycle_manager_navigation]: Server keepout_filter_mask_server connected with bond.
[lifecycle_manager-19] [INFO] [1774056289.204679057] [lifecycle_manager_navigation]: [34m[1mActivating keepout_costmap_filter_info_server[0m[0m
[costmap_filter_info_server-9] [INFO] [1774056289.205252745] [keepout_costmap_filter_info_server]: Activating
[costmap_filter_info_server-9] [INFO] [1774056289.205543526] [keepout_costmap_filter_info_server]: Creating bond (keepout_costmap_filter_info_server) to lifecycle manager.
[planner_server-12] [INFO] [1774056289.205612065] [global_costmap.global_costmap]: KeepoutFilter: Received filter info from /keepout_costmap_filter_info topic.
[planner_server-12] [INFO] [1774056289.205665147] [global_costmap.global_costmap]: KeepoutFilter: Subscribing to "/keepout_filter_mask" topic for filter mask...
[controller_server-10] [INFO] [1774056289.205682063] [local_costmap.local_costmap]: KeepoutFilter: Received filter info from /keepout_costmap_filter_info topic.
[controller_server-10] [INFO] [1774056289.205790267] [local_costmap.local_costmap]: KeepoutFilter: Subscribing to "/keepout_filter_mask" topic for filter mask...
[controller_server-10] [INFO] [1774056289.222375303] [local_costmap.local_costmap]: KeepoutFilter: Received filter mask from /keepout_filter_mask topic.
[planner_server-12] [INFO] [1774056289.224067785] [global_costmap.global_costmap]: KeepoutFilter: Received filter mask from /keepout_filter_mask topic.
[lifecycle_manager-19] [INFO] [1774056289.318700343] [lifecycle_manager_navigation]: Server keepout_costmap_filter_info_server connected with bond.
[lifecycle_manager-19] [INFO] [1774056289.318772673] [lifecycle_manager_navigation]: [34m[1mManaged nodes are active[0m[0m
[lifecycle_manager-19] [INFO] [1774056289.318790173] [lifecycle_manager_navigation]: [34m[1mCreating bond timer...[0m[0m
[INFO] [delivery_robot_main_controller-20]: process started with pid [5930]
[INFO] [robot_sound-21]: process started with pid [5931]
[INFO] [call_robot_button-22]: process started with pid [5932]
[INFO] [rpc_run_node-23]: process started with pid [5933]
[INFO] [dock_coordinates-24]: process started with pid [5934]
[INFO] [autodock_action_server-25]: process started with pid [5935]
[INFO] [battery_manager_node-26]: process started with pid [5936]
[dock_coordinates-24] [INFO] [1774056290.592848197] [dock_coordinates]: begin dock_coordinates
[dock_coordinates-24] [INFO] [1774056290.593620795] [dock coordinates]: max_alignment_error: 0.010000
[dock_coordinates-24] [INFO] [1774056290.593659294] [dock coordinates]: minimum_point_cloud: 5
[dock_coordinates-24] [INFO] [1774056290.593674751] [dock coordinates]: point_cloud_split_dist: 0.050000
[dock_coordinates-24] [INFO] [1774056290.593690792] [dock coordinates]: max_dock_width: 0.380000
[dock_coordinates-24] [INFO] [1774056290.593706250] [dock coordinates]: min_dock_width: 0.310000
[dock_coordinates-24] [INFO] [1774056290.593721416] [dock coordinates]: range_limit: 1.200000
[rpc_run_node-23] [0m[INFO] [1774056291.645882943] [rpc_run_node]: RPC run node started; RPC bridge configured.[0m
[rpc_run_node-23] 2026-03-21 08:24:51,649 [INFO] RPCServer listening on localhost:6000
[robot_sound-21] [0m[INFO] [1774056292.206991775] [robot_sound_node]: Obstacle sound alarm is enabled.[0m
[robot_sound-21] [0m[INFO] [1774056292.208679298] [robot_sound_node]: ✅ robot_sound_node started using .wav files[0m
[robot_sound-21] [0m[INFO] [1774056292.210217494] [robot_sound_node]: Obstacle sound alarm disabled (API).[0m
[robot_sound-21] [33m[WARN] [1774056292.211712232] [robot_sound_node]: Map not available yet; skipping obstacle classification.[0m
[robot_sound-21] [0m[INFO] [1774056292.214423761] [robot_sound_node]: Obstacle detected but sound alarm disabled.[0m
[robot_sound-21] [0m[INFO] [1774056292.220988070] [robot_sound_node]: Sound volume set to 100% (API).[0m
[robot_sound-21] [0m[INFO] [1774056292.221917287] [robot_sound_node]: Received map (width=787, height=922, resolution=0.050 m/cell)[0m
[battery_manager_node-26] [INFO] [1774056292.307231425] [battery_manager]: SOC limits from API: target=1.00, resume=0.95
[delivery_robot_main_controller-20] [0m[INFO] [1774056292.507160078] [main_controller_node]: Delivery Robot Main Controller Node started.[0m
[delivery_robot_main_controller-20] [0m[INFO] [1774056292.517564625] [main_controller_node]: Initial state: STANDBY[0m
[delivery_robot_main_controller-20] [0m[INFO] [1774056292.523880443] [main_controller_node]: setting_batteryLowToCharge: 40[0m
[autodock_action_server-25] [INFO] [1774056292.531452716] [autodock_action_server]: auto_dock_init_start
[delivery_robot_main_controller-20] [33m[WARN] [1774056292.548238995] [rcl.logging_rosout]: Publisher already registered for node name: 'main_controller_node'. If this is due to multiple nodes with the same name then all logs for the logger named 'main_controller_node' will go out over the existing publisher. As soon as any node with that name is destructed it will unregister the publisher, preventing any further logs for that name from being published on the rosout topic.[0m
[delivery_robot_main_controller-20] [33m[WARN] [1774056292.605886032] [main_controller_node]: slam_toolbox_msgs not available; initial pose service calls will be skipped.[0m
[autodock_action_server-25] [INFO] [1774056292.610887063] [autodock_action_server]: auto_dock_init_complete
[battery_manager_node-26] [INFO] [1774056292.746373087] [battery_manager]: State change: IDLE_ON_DOCK -> UNKNOWN
[delivery_robot_main_controller-20] [0m[INFO] [1774056293.775662925] [main_controller_node]: Waiting for Nav2 system...[0m
[INFO] [bash-27]: process started with pid [6040]
[delivery_robot_main_controller-20] [0m[INFO] [1774056295.804177210] [main_controller_node]: Waiting for localization pose to be received from slam_toolbox/pose[0m
[delivery_robot_main_controller-20] [0m[INFO] [1774056295.805009306] [main_controller_node]: Acquired localization pose from TF map->base_link[0m
[bash-27] Traceback (most recent call last):
[bash-27]   File "/home/smr/workspaces/mini_amr/amrROS2_UI/ICEAMR/main.py", line 29, in <module>
[bash-27]     from ui_interface import *
[bash-27]   File "/home/smr/workspaces/mini_amr/amrROS2_UI/ICEAMR/ui_interface.py", line 24, in <module>
[bash-27]     import resources_rc
[bash-27] ModuleNotFoundError: No module named 'resources_rc'
[ERROR] [bash-27]: process has died [pid 6040, exit code 1, cmd '/bin/bash -c cd /home/smr/workspaces/mini_amr/amrROS2_UI/ICEAMR && source ../env/bin/activate && python main.py'].
[INFO] [battery_manager_node-26]: sending signal 'SIGINT' to process[battery_manager_node-26]
[INFO] [autodock_action_server-25]: sending signal 'SIGINT' to process[autodock_action_server-25]
[INFO] [dock_coordinates-24]: sending signal 'SIGINT' to process[dock_coordinates-24]
[INFO] [rpc_run_node-23]: sending signal 'SIGINT' to process[rpc_run_node-23]
[INFO] [call_robot_button-22]: sending signal 'SIGINT' to process[call_robot_button-22]
[INFO] [robot_sound-21]: sending signal 'SIGINT' to process[robot_sound-21]
[INFO] [delivery_robot_main_controller-20]: sending signal 'SIGINT' to process[delivery_robot_main_controller-20]
[INFO] [lifecycle_manager-19]: sending signal 'SIGINT' to process[lifecycle_manager-19]
[INFO] [dock_coordinates-24]: process has finished cleanly [pid 5934]
[INFO] [collision_detector-18]: sending signal 'SIGINT' to process[collision_detector-18]
[INFO] [collision_monitor-17]: sending signal 'SIGINT' to process[collision_monitor-17]
[INFO] [velocity_smoother-16]: sending signal 'SIGINT' to process[velocity_smoother-16]
[INFO] [waypoint_follower-15]: sending signal 'SIGINT' to process[waypoint_follower-15]
[INFO] [bt_navigator-14]: sending signal 'SIGINT' to process[bt_navigator-14]
[INFO] [behavior_server-13]: sending signal 'SIGINT' to process[behavior_server-13]
[INFO] [planner_server-12]: sending signal 'SIGINT' to process[planner_server-12]
[INFO] [smoother_server-11]: sending signal 'SIGINT' to process[smoother_server-11]
[INFO] [controller_server-10]: sending signal 'SIGINT' to process[controller_server-10]
[INFO] [costmap_filter_info_server-9]: sending signal 'SIGINT' to process[costmap_filter_info_server-9]
[INFO] [map_server-8]: sending signal 'SIGINT' to process[map_server-8]
[INFO] [taskset-7]: sending signal 'SIGINT' to process[taskset-7]
[INFO] [robot_hardware-6]: sending signal 'SIGINT' to process[robot_hardware-6]
[INFO] [ekf_node-5]: sending signal 'SIGINT' to process[ekf_node-5]
[INFO] [scan_to_scan_filter_chain-4]: sending signal 'SIGINT' to process[scan_to_scan_filter_chain-4]
[INFO] [rplidar_node-3]: sending signal 'SIGINT' to process[rplidar_node-3]
[INFO] [joint_state_publisher-2]: sending signal 'SIGINT' to process[joint_state_publisher-2]
[INFO] [robot_state_publisher-1]: sending signal 'SIGINT' to process[robot_state_publisher-1]
[delivery_robot_main_controller-20] [0m[INFO] [1774056297.914168312] [main_controller_node]: Nav2 is ready for use![0m
[delivery_robot_main_controller-20] [0m[INFO] [1774056297.944323241] [main_controller_node]: Robot is in STANDBY mode.[0m
[battery_manager_node-26] Traceback (most recent call last):
[battery_manager_node-26]   File "/home/smr/workspaces/mini_amr/amrROS2_ws/install/battery_management/lib/battery_management/battery_manager_node", line 33, in <module>
[battery_manager_node-26]     sys.exit(load_entry_point('battery-management==0.0.0', 'console_scripts', 'battery_manager_node')())
[battery_manager_node-26]              ^^^^^^^^^^^^^^^^^^^^^^^^^^^^^^^^^^^^^^^^^^^^^^^^^^^^^^^^^^^^^^^^^^^^^^^^^^^^^^^^^^^^^^^^^^
[battery_manager_node-26]   File "/home/smr/workspaces/mini_amr/amrROS2_ws/install/battery_management/lib/python3.12/site-packages/battery_management/battery_manager_node.py", line 311, in main
[battery_manager_node-26]     rclpy.spin(node)
[battery_manager_node-26]   File "/opt/ros/jazzy/lib/python3.12/site-packages/rclpy/__init__.py", line 247, in spin
[battery_manager_node-26]     executor.spin_once()
[battery_manager_node-26]   File "/opt/ros/jazzy/lib/python3.12/site-packages/rclpy/executors.py", line 845, in spin_once
[battery_manager_node-26]     self._spin_once_impl(timeout_sec)
[battery_manager_node-26]   File "/opt/ros/jazzy/lib/python3.12/site-packages/rclpy/executors.py", line 829, in _spin_once_impl
[battery_manager_node-26]     handler, entity, node = self.wait_for_ready_callbacks(
[battery_manager_node-26]                             ^^^^^^^^^^^^^^^^^^^^^^^^^^^^^^
[battery_manager_node-26]   File "/opt/ros/jazzy/lib/python3.12/site-packages/rclpy/executors.py", line 799, in wait_for_ready_callbacks
[battery_manager_node-26]     return next(self._cb_iter)
[battery_manager_node-26]            ^^^^^^^^^^^^^^^^^^^
[battery_manager_node-26]   File "/opt/ros/jazzy/lib/python3.12/site-packages/rclpy/executors.py", line 725, in _wait_for_ready_callbacks
[battery_manager_node-26]     if wt in waitables and wt.is_ready(wait_set):
[battery_manager_node-26]                            ^^^^^^^^^^^^^^^^^^^^^
[battery_manager_node-26]   File "/opt/ros/jazzy/lib/python3.12/site-packages/rclpy/event_handler.py", line 100, in is_ready
[battery_manager_node-26]     if wait_set.is_ready('event', self._event_index):
[battery_manager_node-26]        ^^^^^^^^^^^^^^^^^^^^^^^^^^^^^^^^^^^^^^^^^^^^^
[battery_manager_node-26] KeyboardInterrupt
[dock_coordinates-24] [INFO] [1774056297.956775799] [rclcpp]: signal_handler(signum=2)
[rpc_run_node-23] [0m[INFO] [1774056297.965319579] [rpc_run_node]: RPC run node stopped by user.[0m
[rpc_run_node-23] Failed to publish log message to rosout: publisher's context is invalid, at ./src/rcl/publisher.c:423
[robot_sound-21] [0m[INFO] [1774056297.975524925] [robot_sound_node]: 🔚 robot_sound_node stopped by user.[0m
[rpc_run_node-23] 2026-03-21 08:24:57,984 [INFO] RPCServer stopped.
[delivery_robot_main_controller-20] [0m[INFO] [1774056297.992976764] [main_controller_node]: Node stopped by user.[0m
[delivery_robot_main_controller-20] Failed to publish log message to rosout: publisher's context is invalid, at ./src/rcl/publisher.c:423
[lifecycle_manager-19] [INFO] [1774056297.989741129] [rclcpp]: signal_handler(signum=2)
[lifecycle_manager-19] [INFO] [1774056297.990059909] [lifecycle_manager_navigation]: Running Nav2 LifecycleManager rcl preshutdown (lifecycle_manager_navigation)
[lifecycle_manager-19] [INFO] [1774056297.990122615] [lifecycle_manager_navigation]: [34m[1mTerminating bond timer...[0m[0m
[collision_detector-18] [INFO] [1774056298.002026568] [rclcpp]: signal_handler(signum=2)
[collision_detector-18] [INFO] [1774056298.002308891] [collision_detector]: Running Nav2 LifecycleNode rcl preshutdown (collision_detector)
[collision_detector-18] [INFO] [1774056298.002486218] [collision_detector]: Deactivating
[collision_detector-18] [INFO] [1774056298.002542800] [collision_detector]: Destroying bond (collision_detector) to lifecycle manager.
[collision_monitor-17] [INFO] [1774056298.009829541] [rclcpp]: signal_handler(signum=2)
[collision_monitor-17] [INFO] [1774056298.009960786] [collision_monitor]: Running Nav2 LifecycleNode rcl preshutdown (collision_monitor)
[collision_monitor-17] [INFO] [1774056298.010047116] [collision_monitor]: Deactivating
[collision_monitor-17] [INFO] [1774056298.010068407] [collision_monitor]: Destroying bond (collision_monitor) to lifecycle manager.
[velocity_smoother-16] [INFO] [1774056298.018514483] [rclcpp]: signal_handler(signum=2)
[velocity_smoother-16] [INFO] [1774056298.019917349] [velocity_smoother]: Running Nav2 LifecycleNode rcl preshutdown (velocity_smoother)
[velocity_smoother-16] [INFO] [1774056298.020026137] [velocity_smoother]: Deactivating
[velocity_smoother-16] [INFO] [1774056298.020052386] [velocity_smoother]: Destroying bond (velocity_smoother) to lifecycle manager.
[waypoint_follower-15] [INFO] [1774056298.036443471] [rclcpp]: signal_handler(signum=2)
[waypoint_follower-15] [INFO] [1774056298.036777418] [waypoint_follower]: Running Nav2 LifecycleNode rcl preshutdown (waypoint_follower)
[waypoint_follower-15] [INFO] [1774056298.036998785] [waypoint_follower]: Deactivating
[waypoint_follower-15] [INFO] [1774056298.037746008] [waypoint_follower]: Destroying bond (waypoint_follower) to lifecycle manager.
[call_robot_button-22] [0m[INFO] [1774056298.087820481] [call_robot_button_node]: CallRobotButton interrupted by user.[0m
[call_robot_button-22] Failed to publish log message to rosout: publisher's context is invalid, at ./src/rcl/publisher.c:423
[collision_detector-18] [INFO] [1774056298.044333066] [collision_detector]: Cleaning up
[collision_detector-18] [INFO] [1774056298.044442146] [collision_monitor]: [PolygonStop]: Destroying Circle
[collision_detector-18] [INFO] [1774056298.044461687] [collision_monitor]: [PolygonStop]: Destroying Polygon
[collision_detector-18] [INFO] [1774056298.044483269] [collision_monitor]: [PolygonSlow]: Destroying Polygon
[collision_detector-18] [INFO] [1774056298.044502227] [collision_monitor]: [scan]: Destroying Scan
[collision_detector-18] [INFO] [1774056298.055355633] [collision_detector]: Destroying bond (collision_detector) to lifecycle manager.
[collision_monitor-17] [INFO] [1774056298.050658508] [collision_monitor]: Cleaning up
[collision_monitor-17] [INFO] [1774056298.050774587] [collision_monitor]: [PolygonStop]: Destroying Circle
[collision_monitor-17] [INFO] [1774056298.050811919] [collision_monitor]: [PolygonStop]: Destroying Polygon
[collision_monitor-17] [INFO] [1774056298.050847210] [collision_monitor]: [PolygonSlow]: Destroying Polygon
[collision_monitor-17] [INFO] [1774056298.051093659] [collision_monitor]: [FootprintApproach]: Destroying Polygon
[collision_monitor-17] [INFO] [1774056298.051149949] [collision_monitor]: [scan]: Destroying Scan
[collision_monitor-17] [INFO] [1774056298.092587603] [collision_monitor]: Destroying bond (collision_monitor) to lifecycle manager.
[bt_navigator-14] [INFO] [1774056298.061656576] [rclcpp]: signal_handler(signum=2)
[bt_navigator-14] [INFO] [1774056298.061779363] [bt_navigator]: Running Nav2 LifecycleNode rcl preshutdown (bt_navigator)
[bt_navigator-14] [INFO] [1774056298.061875610] [bt_navigator]: Deactivating
[bt_navigator-14] [INFO] [1774056298.061942691] [bt_navigator]: Destroying bond (bt_navigator) to lifecycle manager.
[velocity_smoother-16] [INFO] [1774056298.110643171] [velocity_smoother]: Cleaning up
[velocity_smoother-16] [INFO] [1774056298.110921411] [velocity_smoother]: Destroying bond (velocity_smoother) to lifecycle manager.
[waypoint_follower-15] [INFO] [1774056298.129345340] [waypoint_follower]: Cleaning up
[bt_navigator-14] [INFO] [1774056298.142334254] [bt_navigator]: Cleaning up
[behavior_server-13] [INFO] [1774056298.157968199] [rclcpp]: signal_handler(signum=2)
[behavior_server-13] [INFO] [1774056298.158093028] [behavior_server]: Running Nav2 LifecycleNode rcl preshutdown (behavior_server)
[behavior_server-13] [INFO] [1774056298.158177608] [behavior_server]: Deactivating
[behavior_server-13] [INFO] [1774056298.158199483] [behavior_server]: Destroying bond (behavior_server) to lifecycle manager.
[collision_detector-18] [INFO] [1774056298.178420015] [collision_detector]: Destroying
[behavior_server-13] [INFO] [1774056298.178683672] [behavior_server]: Cleaning up
[behavior_server-13] [INFO] [1774056298.183205220] [behavior_server]: Destroying bond (behavior_server) to lifecycle manager.
[planner_server-12] [INFO] [1774056298.217733828] [rclcpp]: signal_handler(signum=2)
[planner_server-12] [INFO] [1774056298.217879364] [planner_server]: Running Nav2 LifecycleNode rcl preshutdown (planner_server)
[planner_server-12] [INFO] [1774056298.217964819] [planner_server]: Deactivating
[planner_server-12] [INFO] [1774056298.218002735] [global_costmap.global_costmap]: Deactivating
[velocity_smoother-16] [INFO] [1774056298.227029789] [velocity_smoother]: Destroying
[collision_monitor-17] [INFO] [1774056298.239349060] [collision_monitor]: Destroying
[waypoint_follower-15] [INFO] [1774056298.274706847] [waypoint_follower]: Destroying bond (waypoint_follower) to lifecycle manager.
[waypoint_follower-15] [INFO] [1774056298.299776165] [waypoint_follower]: Destroying
[behavior_server-13] [INFO] [1774056298.309078543] [behavior_server]: Destroying
[smoother_server-11] [INFO] [1774056298.362542937] [rclcpp]: signal_handler(signum=2)
[smoother_server-11] [INFO] [1774056298.362700432] [smoother_server]: Running Nav2 LifecycleNode rcl preshutdown (smoother_server)
[smoother_server-11] [INFO] [1774056298.362811261] [smoother_server]: Deactivating
[smoother_server-11] [INFO] [1774056298.362836635] [smoother_server]: Destroying bond (smoother_server) to lifecycle manager.
[smoother_server-11] [INFO] [1774056298.373068522] [smoother_server]: Cleaning up
[smoother_server-11] [INFO] [1774056298.466373168] [smoother_server]: Destroying bond (smoother_server) to lifecycle manager.
[controller_server-10] [INFO] [1774056298.438267416] [rclcpp]: signal_handler(signum=2)
[controller_server-10] [INFO] [1774056298.438396620] [controller_server]: Running Nav2 LifecycleNode rcl preshutdown (controller_server)
[controller_server-10] [INFO] [1774056298.438482950] [controller_server]: Deactivating
[controller_server-10] [INFO] [1774056298.438514449] [MPPIController]: Deactivated MPPI Controller: FollowPath
[controller_server-10] [INFO] [1774056298.438533115] [local_costmap.local_costmap]: Deactivating
[controller_server-10] [INFO] [1774056298.490792385] [controller_server]: Destroying bond (controller_server) to lifecycle manager.
[costmap_filter_info_server-9] [INFO] [1774056298.491929844] [rclcpp]: signal_handler(signum=2)
[costmap_filter_info_server-9] [INFO] [1774056298.492088505] [keepout_costmap_filter_info_server]: Running Nav2 LifecycleNode rcl preshutdown (keepout_costmap_filter_info_server)
[costmap_filter_info_server-9] [INFO] [1774056298.492175419] [keepout_costmap_filter_info_server]: Deactivating
[costmap_filter_info_server-9] [INFO] [1774056298.492190585] [keepout_costmap_filter_info_server]: Destroying bond (keepout_costmap_filter_info_server) to lifecycle manager.
[smoother_server-11] [INFO] [1774056298.528380759] [smoother_server]: Destroying
[planner_server-12] [INFO] [1774056298.531837761] [planner_server]: Deactivating plugin GridBased of type SmacPlanner2D
[planner_server-12] [INFO] [1774056298.531962882] [planner_server]: Destroying bond (planner_server) to lifecycle manager.
[planner_server-12] [INFO] [1774056298.542225684] [planner_server]: Cleaning up
[map_server-8] [INFO] [1774056298.542150728] [rclcpp]: signal_handler(signum=2)
[map_server-8] [INFO] [1774056298.542447926] [keepout_filter_mask_server]: Running Nav2 LifecycleNode rcl preshutdown (keepout_filter_mask_server)
[map_server-8] [INFO] [1774056298.542814538] [keepout_filter_mask_server]: Deactivating
[map_server-8] [INFO] [1774056298.542874619] [keepout_filter_mask_server]: Destroying bond (keepout_filter_mask_server) to lifecycle manager.
[map_server-8] [INFO] [1774056298.553260209] [keepout_filter_mask_server]: Cleaning up
[map_server-8] [INFO] [1774056298.553409829] [keepout_filter_mask_server]: Destroying bond (keepout_filter_mask_server) to lifecycle manager.
[costmap_filter_info_server-9] [INFO] [1774056298.562612752] [keepout_costmap_filter_info_server]: Cleaning up
[costmap_filter_info_server-9] [INFO] [1774056298.562719207] [keepout_costmap_filter_info_server]: Destroying bond (keepout_costmap_filter_info_server) to lifecycle manager.
[controller_server-10] [INFO] [1774056298.571332401] [controller_server]: Cleaning up
[controller_server-10] [INFO] [1774056298.571630765] [MPPIController]: Cleaned up MPPI Controller: FollowPath
[controller_server-10] [INFO] [1774056298.571881006] [local_costmap.local_costmap]: Cleaning up
[map_server-8] [INFO] [1774056298.601850443] [keepout_filter_mask_server]: Destroying
[taskset-7] [INFO] [1774056298.603956201] [rclcpp]: signal_handler(signum=2)
[taskset-7] Unregistering sensor: Custom Described Lidar
[robot_hardware-6] [INFO] [1774056298.650063273] [rclcpp]: signal_handler(signum=2)
[ekf_node-5] [INFO] [1774056298.681046215] [rclcpp]: signal_handler(signum=2)
[scan_to_scan_filter_chain-4] [INFO] [1774056298.705899999] [rclcpp]: signal_handler(signum=2)
[costmap_filter_info_server-9] [INFO] [1774056298.718313767] [keepout_costmap_filter_info_server]: Destroying
[planner_server-12] [INFO] [1774056298.737655538] [global_costmap.global_costmap]: Cleaning up
[delivery_robot_main_controller-20] Traceback (most recent call last):
[delivery_robot_main_controller-20]   File "/home/smr/workspaces/mini_amr/amrROS2_ws/install/delivery_robot_main_controller/lib/delivery_robot_main_controller/delivery_robot_main_controller", line 33, in <module>
[delivery_robot_main_controller-20]     sys.exit(load_entry_point('delivery-robot-main-controller==0.0.1', 'console_scripts', 'delivery_robot_main_controller')())
[delivery_robot_main_controller-20]              ^^^^^^^^^^^^^^^^^^^^^^^^^^^^^^^^^^^^^^^^^^^^^^^^^^^^^^^^^^^^^^^^^^^^^^^^^^^^^^^^^^^^^^^^^^^^^^^^^^^^^^^^^^^^^^^^
[delivery_robot_main_controller-20]   File "/home/smr/workspaces/mini_amr/amrROS2_ws/install/delivery_robot_main_controller/lib/python3.12/site-packages/delivery_robot_main_controller/main_controller_node.py", line 1714, in main
[delivery_robot_main_controller-20]     rclpy.shutdown()
[delivery_robot_main_controller-20]   File "/opt/ros/jazzy/lib/python3.12/site-packages/rclpy/__init__.py", line 134, in shutdown
[delivery_robot_main_controller-20]     _shutdown(context=context)
[delivery_robot_main_controller-20]   File "/opt/ros/jazzy/lib/python3.12/site-packages/rclpy/utilities.py", line 82, in shutdown
[delivery_robot_main_controller-20]     context.shutdown()
[delivery_robot_main_controller-20]   File "/opt/ros/jazzy/lib/python3.12/site-packages/rclpy/context.py", line 129, in shutdown
[delivery_robot_main_controller-20]     self.__context.shutdown()
[delivery_robot_main_controller-20] rclpy._rclpy_pybind11.RCLError: failed to shutdown: rcl_shutdown already called on the given context, at ./src/rcl/init.c:333
[lifecycle_manager-19] [INFO] [1774056298.744840200] [lifecycle_manager_navigation]: Destroying lifecycle_manager_navigation
[planner_server-12] [INFO] [1774056298.800247900] [planner_server]: Cleaning up plugin GridBased of type SmacPlanner2D
[planner_server-12] [INFO] [1774056298.800789214] [planner_server]: Destroying plugin GridBased of type SmacPlanner2D
[autodock_action_server-25] Traceback (most recent call last):
[autodock_action_server-25]   File "/home/smr/workspaces/mini_amr/amrROS2_ws/install/action_autodock/lib/python3.12/site-packages/action_autodock/autodock_action_server.py", line 1409, in main
[autodock_action_server-25]     executor.spin()
[autodock_action_server-25]   File "/opt/ros/jazzy/lib/python3.12/site-packages/rclpy/executors.py", line 312, in spin
[autodock_action_server-25]     self.spin_once()
[autodock_action_server-25]   File "/opt/ros/jazzy/lib/python3.12/site-packages/rclpy/executors.py", line 917, in spin_once
[autodock_action_server-25]     self._spin_once_impl(timeout_sec)
[autodock_action_server-25]   File "/opt/ros/jazzy/lib/python3.12/site-packages/rclpy/executors.py", line 896, in _spin_once_impl
[autodock_action_server-25]     handler, entity, node = self.wait_for_ready_callbacks(
[autodock_action_server-25]                             ^^^^^^^^^^^^^^^^^^^^^^^^^^^^^^
[autodock_action_server-25]   File "/opt/ros/jazzy/lib/python3.12/site-packages/rclpy/executors.py", line 799, in wait_for_ready_callbacks
[autodock_action_server-25]     return next(self._cb_iter)
[autodock_action_server-25]            ^^^^^^^^^^^^^^^^^^^
[autodock_action_server-25]   File "/opt/ros/jazzy/lib/python3.12/site-packages/rclpy/executors.py", line 703, in _wait_for_ready_callbacks
[autodock_action_server-25]     wait_set.wait(timeout_nsec)
[autodock_action_server-25] KeyboardInterrupt
[autodock_action_server-25] 
[autodock_action_server-25] During handling of the above exception, another exception occurred:
[autodock_action_server-25] 
[autodock_action_server-25] Traceback (most recent call last):
[autodock_action_server-25]   File "/home/smr/workspaces/mini_amr/amrROS2_ws/install/action_autodock/lib/action_autodock/autodock_action_server", line 33, in <module>
[autodock_action_server-25]     sys.exit(load_entry_point('action-autodock==0.0.0', 'console_scripts', 'autodock_action_server')())
[autodock_action_server-25]              ^^^^^^^^^^^^^^^^^^^^^^^^^^^^^^^^^^^^^^^^^^^^^^^^^^^^^^^^^^^^^^^^^^^^^^^^^^^^^^^^^^^^^^^^^
[autodock_action_server-25]   File "/home/smr/workspaces/mini_amr/amrROS2_ws/install/action_autodock/lib/python3.12/site-packages/action_autodock/autodock_action_server.py", line 1420, in main
[autodock_action_server-25]     rclpy.shutdown()   
[autodock_action_server-25]     ^^^^^^^^^^^^^^^^
[autodock_action_server-25]   File "/opt/ros/jazzy/lib/python3.12/site-packages/rclpy/__init__.py", line 134, in shutdown
[autodock_action_server-25]     _shutdown(context=context)
[autodock_action_server-25]   File "/opt/ros/jazzy/lib/python3.12/site-packages/rclpy/utilities.py", line 82, in shutdown
[autodock_action_server-25]     context.shutdown()
[autodock_action_server-25]   File "/opt/ros/jazzy/lib/python3.12/site-packages/rclpy/context.py", line 129, in shutdown
[autodock_action_server-25]     self.__context.shutdown()
[autodock_action_server-25] rclpy._rclpy_pybind11.RCLError: failed to shutdown: rcl_shutdown already called on the given context, at ./src/rcl/init.c:333
[robot_state_publisher-1] [INFO] [1774056298.907573340] [rclcpp]: signal_handler(signum=2)
[rplidar_node-3] [INFO] [1774056298.942158238] [rplidar_node]: Stop motor
[controller_server-10] [INFO] [1774056299.005220749] [controller_server]: Destroying bond (controller_server) to lifecycle manager.
[controller_server-10] [INFO] [1774056299.030336441] [local_costmap.local_costmap]: Destroying
[planner_server-12] [INFO] [1774056299.044324861] [planner_server]: Destroying bond (planner_server) to lifecycle manager.
[planner_server-12] [INFO] [1774056299.072341950] [global_costmap.global_costmap]: Destroying
[bt_navigator-14] [INFO] [1774056299.087170048] [bt_navigator]: Completed Cleaning up
[bt_navigator-14] [INFO] [1774056299.087292544] [bt_navigator]: Destroying bond (bt_navigator) to lifecycle manager.
[controller_server-10] [INFO] [1774056299.131914793] [controller_server]: Destroying
[bt_navigator-14] [INFO] [1774056299.172322026] [bt_navigator]: Destroying
[planner_server-12] [INFO] [1774056299.209526288] [planner_server]: Destroying
[robot_sound-21] Traceback (most recent call last):
[robot_sound-21]   File "/home/smr/workspaces/mini_amr/amrROS2_ws/install/delivery_robot_main_controller/lib/delivery_robot_main_controller/robot_sound", line 33, in <module>
[robot_sound-21]     sys.exit(load_entry_point('delivery-robot-main-controller==0.0.1', 'console_scripts', 'robot_sound')())
[robot_sound-21]              ^^^^^^^^^^^^^^^^^^^^^^^^^^^^^^^^^^^^^^^^^^^^^^^^^^^^^^^^^^^^^^^^^^^^^^^^^^^^^^^^^^^^^^^^^^^^^
[robot_sound-21]   File "/home/smr/workspaces/mini_amr/amrROS2_ws/install/delivery_robot_main_controller/lib/python3.12/site-packages/delivery_robot_main_controller/robot_sound.py", line 369, in main
[robot_sound-21]     rclpy.shutdown()
[robot_sound-21]   File "/opt/ros/jazzy/lib/python3.12/site-packages/rclpy/__init__.py", line 134, in shutdown
[robot_sound-21]     _shutdown(context=context)
[robot_sound-21]   File "/opt/ros/jazzy/lib/python3.12/site-packages/rclpy/utilities.py", line 82, in shutdown
[robot_sound-21]     context.shutdown()
[robot_sound-21]   File "/opt/ros/jazzy/lib/python3.12/site-packages/rclpy/context.py", line 129, in shutdown
[robot_sound-21]     self.__context.shutdown()
[robot_sound-21] rclpy._rclpy_pybind11.RCLError: failed to shutdown: rcl_shutdown already called on the given context, at ./src/rcl/init.c:333
[rpc_run_node-23] Traceback (most recent call last):
[rpc_run_node-23]   File "/home/smr/workspaces/mini_amr/amrROS2_ws/install/delivery_robot_main_controller/lib/delivery_robot_main_controller/rpc_run_node", line 33, in <module>
[rpc_run_node-23]     sys.exit(load_entry_point('delivery-robot-main-controller==0.0.1', 'console_scripts', 'rpc_run_node')())
[rpc_run_node-23]              ^^^^^^^^^^^^^^^^^^^^^^^^^^^^^^^^^^^^^^^^^^^^^^^^^^^^^^^^^^^^^^^^^^^^^^^^^^^^^^^^^^^^^^^^^^^^^^
[rpc_run_node-23]   File "/home/smr/workspaces/mini_amr/amrROS2_ws/install/delivery_robot_main_controller/lib/python3.12/site-packages/delivery_robot_main_controller/rpc_run_node.py", line 57, in main
[rpc_run_node-23]     rclpy.shutdown()
[rpc_run_node-23]   File "/opt/ros/jazzy/lib/python3.12/site-packages/rclpy/__init__.py", line 134, in shutdown
[rpc_run_node-23]     _shutdown(context=context)
[rpc_run_node-23]   File "/opt/ros/jazzy/lib/python3.12/site-packages/rclpy/utilities.py", line 82, in shutdown
[rpc_run_node-23]     context.shutdown()
[rpc_run_node-23]   File "/opt/ros/jazzy/lib/python3.12/site-packages/rclpy/context.py", line 129, in shutdown
[rpc_run_node-23]     self.__context.shutdown()
[rpc_run_node-23] rclpy._rclpy_pybind11.RCLError: failed to shutdown: rcl_shutdown already called on the given context, at ./src/rcl/init.c:333
[call_robot_button-22] Traceback (most recent call last):
[call_robot_button-22]   File "/home/smr/workspaces/mini_amr/amrROS2_ws/install/delivery_robot_main_controller/lib/delivery_robot_main_controller/call_robot_button", line 33, in <module>
[call_robot_button-22]     sys.exit(load_entry_point('delivery-robot-main-controller==0.0.1', 'console_scripts', 'call_robot_button')())
[call_robot_button-22]              ^^^^^^^^^^^^^^^^^^^^^^^^^^^^^^^^^^^^^^^^^^^^^^^^^^^^^^^^^^^^^^^^^^^^^^^^^^^^^^^^^^^^^^^^^^^^^^^^^^^
[call_robot_button-22]   File "/home/smr/workspaces/mini_amr/amrROS2_ws/install/delivery_robot_main_controller/lib/python3.12/site-packages/delivery_robot_main_controller/call_button.py", line 251, in main
[call_robot_button-22]     rclpy.shutdown()
[call_robot_button-22]   File "/opt/ros/jazzy/lib/python3.12/site-packages/rclpy/__init__.py", line 134, in shutdown
[call_robot_button-22]     _shutdown(context=context)
[call_robot_button-22]   File "/opt/ros/jazzy/lib/python3.12/site-packages/rclpy/utilities.py", line 82, in shutdown
[call_robot_button-22]     context.shutdown()
[call_robot_button-22]   File "/opt/ros/jazzy/lib/python3.12/site-packages/rclpy/context.py", line 129, in shutdown
[call_robot_button-22]     self.__context.shutdown()
[call_robot_button-22] rclpy._rclpy_pybind11.RCLError: failed to shutdown: rcl_shutdown already called on the given context, at ./src/rcl/init.c:333
[ERROR] [robot_sound-21]: process has died [pid 5931, exit code 1, cmd '/home/smr/workspaces/mini_amr/amrROS2_ws/install/delivery_robot_main_controller/lib/delivery_robot_main_controller/robot_sound --ros-args -r __node:=robot_sound_node -r __ns:=/ -r /tf:=tf -r /tf_static:=tf_static'].
[ERROR] [rpc_run_node-23]: process has died [pid 5933, exit code 1, cmd '/home/smr/workspaces/mini_amr/amrROS2_ws/install/delivery_robot_main_controller/lib/delivery_robot_main_controller/rpc_run_node --ros-args -r __node:=rpc_run_node -r __ns:=/ -r /tf:=tf -r /tf_static:=tf_static'].
[INFO] [collision_detector-18]: process has finished cleanly [pid 5706]
[INFO] [velocity_smoother-16]: process has finished cleanly [pid 5693]
[ERROR] [call_robot_button-22]: process has died [pid 5932, exit code 1, cmd '/home/smr/workspaces/mini_amr/amrROS2_ws/install/delivery_robot_main_controller/lib/delivery_robot_main_controller/call_robot_button --ros-args -r __node:=call_robot_button_node -r __ns:=/ -r /tf:=tf -r /tf_static:=tf_static'].
[INFO] [collision_monitor-17]: process has finished cleanly [pid 5696]
[ERROR] [battery_manager_node-26]: process has died [pid 5936, exit code -2, cmd '/home/smr/workspaces/mini_amr/amrROS2_ws/install/battery_management/lib/battery_management/battery_manager_node --ros-args -r __node:=battery_manager -r __ns:=/ --params-file /home/smr/workspaces/mini_amr/amrROS2_ws/install/battery_management/share/battery_management/config/battery_manager.yaml -r /tf:=tf -r /tf_static:=tf_static'].
[INFO] [waypoint_follower-15]: process has finished cleanly [pid 5692]
[INFO] [behavior_server-13]: process has finished cleanly [pid 5688]
[INFO] [robot_hardware-6]: process has finished cleanly [pid 5666]
[INFO] [smoother_server-11]: process has finished cleanly [pid 5675]
[INFO] [map_server-8]: process has finished cleanly [pid 5668]
[INFO] [lifecycle_manager-19]: process has finished cleanly [pid 5711]
[INFO] [costmap_filter_info_server-9]: process has finished cleanly [pid 5669]
[INFO] [joint_state_publisher-2]: process has finished cleanly [pid 5662]
[INFO] [controller_server-10]: process has finished cleanly [pid 5670]
[INFO] [planner_server-12]: process has finished cleanly [pid 5683]
[INFO] [bt_navigator-14]: process has finished cleanly [pid 5689]
[ERROR] [autodock_action_server-25]: process has died [pid 5935, exit code 1, cmd '/home/smr/workspaces/mini_amr/amrROS2_ws/install/action_autodock/lib/action_autodock/autodock_action_server --ros-args -r __ns:=/ --params-file /home/smr/workspaces/mini_amr/amrROS2_ws/install/action_autodock/share/action_autodock/config/auto_dock_config.yaml --params-file /tmp/launch_params_mnfm2k5n -r /tf:=tf -r /tf_static:=tf_static'].
[ERROR] [delivery_robot_main_controller-20]: process has died [pid 5930, exit code 1, cmd '/home/smr/workspaces/mini_amr/amrROS2_ws/install/delivery_robot_main_controller/lib/delivery_robot_main_controller/delivery_robot_main_controller --ros-args -r __node:=main_controller_node -r __ns:=/ --params-file /tmp/launch_params_t7h6lqug -r /tf:=tf -r /tf_static:=tf_static'].
[INFO] [scan_to_scan_filter_chain-4]: process has finished cleanly [pid 5664]
[INFO] [ekf_node-5]: process has finished cleanly [pid 5665]
[INFO] [rplidar_node-3]: process has finished cleanly [pid 5663]
[INFO] [taskset-7]: process has finished cleanly [pid 5667]
[INFO] [robot_state_publisher-1]: process has finished cleanly [pid 5661]
