[INFO] [launch]: All log files can be found below /home/smr/.ros/log/2026-03-21-08-30-57-159727-two-4020
[INFO] [launch]: Default logging verbosity is set to INFO
[INFO] [robot_state_publisher-1]: process started with pid [4035]
[INFO] [joint_state_publisher-2]: process started with pid [4036]
[INFO] [rplidar_node-3]: process started with pid [4037]
[INFO] [scan_to_scan_filter_chain-4]: process started with pid [4038]
[INFO] [ekf_node-5]: process started with pid [4039]
[INFO] [robot_hardware-6]: process started with pid [4040]
[INFO] [taskset-7]: process started with pid [4041]
[INFO] [map_server-8]: process started with pid [4042]
[INFO] [costmap_filter_info_server-9]: process started with pid [4043]
[INFO] [controller_server-10]: process started with pid [4044]
[INFO] [smoother_server-11]: process started with pid [4045]
[INFO] [planner_server-12]: process started with pid [4046]
[INFO] [behavior_server-13]: process started with pid [4047]
[INFO] [bt_navigator-14]: process started with pid [4048]
[INFO] [waypoint_follower-15]: process started with pid [4049]
[INFO] [velocity_smoother-16]: process started with pid [4050]
[INFO] [collision_monitor-17]: process started with pid [4051]
[INFO] [collision_detector-18]: process started with pid [4056]
[INFO] [lifecycle_manager-19]: process started with pid [4059]
[lifecycle_manager-19] [INFO] [1774056658.390097218] [lifecycle_manager_navigation]: Creating
[taskset-7] [INFO] [1774056658.411710389] [slam_toolbox]: Node using stack size 40000000
[velocity_smoother-16] [INFO] [1774056658.415335382] [velocity_smoother]: 
[velocity_smoother-16] 	velocity_smoother lifecycle node launched. 
[velocity_smoother-16] 	Waiting on external lifecycle transitions to activate
[velocity_smoother-16] 	See https://design.ros2.org/articles/node_lifecycle.html for more information.
[robot_hardware-6] Serial port opened at port /dev/teensy with baudrate 460800
[robot_hardware-6] Created receive data thread
[robot_state_publisher-1] [INFO] [1774056658.451927716] [robot_state_publisher]: Robot initialized
[rplidar_node-3] [INFO] [1774056658.499515192] [rplidar_node]: RPLidar running on ROS2 package rplidar_ros. RPLIDAR SDK Version:2.1.0
[costmap_filter_info_server-9] [INFO] [1774056658.502941275] [costmap_filter_info_server]: This is costmap filter info publisher
[collision_detector-18] [INFO] [1774056658.514279987] [collision_detector]: 
[collision_detector-18] 	collision_detector lifecycle node launched. 
[collision_detector-18] 	Waiting on external lifecycle transitions to activate
[collision_detector-18] 	See https://design.ros2.org/articles/node_lifecycle.html for more information.
[waypoint_follower-15] [INFO] [1774056658.555112417] [waypoint_follower]: 
[waypoint_follower-15] 	waypoint_follower lifecycle node launched. 
[waypoint_follower-15] 	Waiting on external lifecycle transitions to activate
[waypoint_follower-15] 	See https://design.ros2.org/articles/node_lifecycle.html for more information.
[lifecycle_manager-19] [INFO] [1774056658.568360893] [lifecycle_manager_navigation]: [34m[1mCreating and initializing lifecycle service clients[0m[0m
[collision_monitor-17] [INFO] [1774056658.578313655] [collision_monitor]: 
[collision_monitor-17] 	collision_monitor lifecycle node launched. 
[collision_monitor-17] 	Waiting on external lifecycle transitions to activate
[collision_monitor-17] 	See https://design.ros2.org/articles/node_lifecycle.html for more information.
[waypoint_follower-15] [INFO] [1774056658.582202597] [waypoint_follower]: Creating
[rplidar_node-3] [INFO] [1774056658.621132263] [rplidar_node]: RPLidar S/N: CEDCEDF9C7E29BCEA7E39EF25E0F4304
[rplidar_node-3] [INFO] [1774056658.621237551] [rplidar_node]: Firmware Ver: 1.02
[rplidar_node-3] [INFO] [1774056658.621272841] [rplidar_node]: Hardware Rev: 18
[rplidar_node-3] [INFO] [1774056658.622746871] [rplidar_node]: RPLidar health status : 0
[rplidar_node-3] [INFO] [1774056658.622836701] [rplidar_node]: RPLidar health status : OK.
[rplidar_node-3] [INFO] [1774056658.625343193] [rplidar_node]: Start
[controller_server-10] [INFO] [1774056658.648709800] [controller_server]: 
[controller_server-10] 	controller_server lifecycle node launched. 
[controller_server-10] 	Waiting on external lifecycle transitions to activate
[controller_server-10] 	See https://design.ros2.org/articles/node_lifecycle.html for more information.
[taskset-7] [INFO] [1774056658.714067879] [slam_toolbox]: Configuring
[behavior_server-13] [INFO] [1774056658.717834616] [behavior_server]: 
[behavior_server-13] 	behavior_server lifecycle node launched. 
[behavior_server-13] 	Waiting on external lifecycle transitions to activate
[behavior_server-13] 	See https://design.ros2.org/articles/node_lifecycle.html for more information.
[bt_navigator-14] [INFO] [1774056658.742288518] [bt_navigator]: 
[bt_navigator-14] 	bt_navigator lifecycle node launched. 
[bt_navigator-14] 	Waiting on external lifecycle transitions to activate
[bt_navigator-14] 	See https://design.ros2.org/articles/node_lifecycle.html for more information.
[rplidar_node-3] [INFO] [1774056658.788176513] [rplidar_node]: current scan mode: Sensitivity, sample rate: 32 Khz, max_distance: 30.0 m, scan frequency:10.0 Hz, 
[map_server-8] [INFO] [1774056658.824141495] [keepout_filter_mask_server]: 
[map_server-8] 	keepout_filter_mask_server lifecycle node launched. 
[map_server-8] 	Waiting on external lifecycle transitions to activate
[map_server-8] 	See https://design.ros2.org/articles/node_lifecycle.html for more information.
[map_server-8] [INFO] [1774056658.824269532] [keepout_filter_mask_server]: Creating
[bt_navigator-14] [INFO] [1774056658.826912228] [bt_navigator]: Creating
[taskset-7] [INFO] [1774056658.881869851] [slam_toolbox]: Using solver plugin solver_plugins::CeresSolver
[planner_server-12] [INFO] [1774056658.899264801] [planner_server]: 
[costmap_filter_info_server-9] [INFO] [1774056658.900406051] [keepout_costmap_filter_info_server]: 
[costmap_filter_info_server-9] 	keepout_costmap_filter_info_server lifecycle node launched. 
[costmap_filter_info_server-9] 	Waiting on external lifecycle transitions to activate
[costmap_filter_info_server-9] 	See https://design.ros2.org/articles/node_lifecycle.html for more information.
[planner_server-12] 	planner_server lifecycle node launched. 
[planner_server-12] 	Waiting on external lifecycle transitions to activate
[planner_server-12] 	See https://design.ros2.org/articles/node_lifecycle.html for more information.
[taskset-7] [INFO] [1774056658.931569792] [slam_toolbox]: CeresSolver: Using SCHUR_JACOBI preconditioner.
[planner_server-12] [INFO] [1774056658.976087587] [planner_server]: Creating
[controller_server-10] [INFO] [1774056658.990666015] [controller_server]: Creating controller server
[smoother_server-11] [INFO] [1774056659.020552885] [smoother_server]: 
[smoother_server-11] 	smoother_server lifecycle node launched. 
[smoother_server-11] 	Waiting on external lifecycle transitions to activate
[smoother_server-11] 	See https://design.ros2.org/articles/node_lifecycle.html for more information.
[smoother_server-11] [INFO] [1774056659.041840568] [smoother_server]: Creating smoother server
[planner_server-12] [INFO] [1774056659.151872769] [global_costmap.global_costmap]: 
[planner_server-12] 	global_costmap lifecycle node launched. 
[planner_server-12] 	Waiting on external lifecycle transitions to activate
[planner_server-12] 	See https://design.ros2.org/articles/node_lifecycle.html for more information.
[planner_server-12] [INFO] [1774056659.169018645] [global_costmap.global_costmap]: Creating Costmap
[controller_server-10] [INFO] [1774056659.198475031] [local_costmap.local_costmap]: 
[controller_server-10] 	local_costmap lifecycle node launched. 
[controller_server-10] 	Waiting on external lifecycle transitions to activate
[controller_server-10] 	See https://design.ros2.org/articles/node_lifecycle.html for more information.
[controller_server-10] [INFO] [1774056659.204128200] [local_costmap.local_costmap]: Creating Costmap
[lifecycle_manager-19] [INFO] [1774056659.248006394] [lifecycle_manager_navigation]: [34m[1mStarting managed nodes bringup...[0m[0m
[lifecycle_manager-19] [INFO] [1774056659.248969442] [lifecycle_manager_navigation]: [34m[1mConfiguring controller_server[0m[0m
[controller_server-10] [INFO] [1774056659.254670734] [controller_server]: Configuring controller interface
[controller_server-10] [INFO] [1774056659.254719441] [controller_server]: getting progress checker plugins..
[controller_server-10] [INFO] [1774056659.256218261] [controller_server]: getting goal checker plugins..
[controller_server-10] [INFO] [1774056659.258723003] [controller_server]: Controller frequency set to 10.0000Hz
[controller_server-10] [INFO] [1774056659.258848999] [local_costmap.local_costmap]: Configuring
[controller_server-10] [INFO] [1774056659.298667340] [local_costmap.local_costmap]: Using plugin "obstacle_layer"
[controller_server-10] [INFO] [1774056659.339514936] [local_costmap.local_costmap]: Subscribed to Topics: scan
[controller_server-10] [INFO] [1774056659.363004331] [local_costmap.local_costmap]: Initialized plugin "obstacle_layer"
[controller_server-10] [INFO] [1774056659.363423732] [local_costmap.local_costmap]: Using plugin "denoise_layer"
[controller_server-10] [INFO] [1774056659.367354964] [local_costmap.local_costmap]: Initialized plugin "denoise_layer"
[controller_server-10] [INFO] [1774056659.367411545] [local_costmap.local_costmap]: Using plugin "inflation_layer"
[controller_server-10] [INFO] [1774056659.372394197] [local_costmap.local_costmap]: Initialized plugin "inflation_layer"
[controller_server-10] [INFO] [1774056659.372457487] [local_costmap.local_costmap]: Using costmap filter "keepout_filter"
[controller_server-10] [INFO] [1774056659.386689135] [local_costmap.local_costmap]: Initialized costmap filter "keepout_filter"
[controller_server-10] [INFO] [1774056659.386745133] [local_costmap.local_costmap]: Using costmap filter "inflation_layer"
[controller_server-10] [INFO] [1774056659.386860045] [local_costmap.local_costmap]: Initialized costmap filter "inflation_layer"
[rplidar_node-3] [INFO] [1774056659.447290012] [rplidar_node]: set lidar scan frequency to 10.0 Hz(600.0 Rpm) 
[controller_server-10] [INFO] [1774056659.449377977] [controller_server]: Created progress_checker : progress_checker of type nav2_controller::SimpleProgressChecker
[controller_server-10] [INFO] [1774056659.450550143] [controller_server]: Controller Server has progress_checker  progress checkers available.
[controller_server-10] [INFO] [1774056659.453103592] [controller_server]: Created goal checker : goal_checker of type nav2_controller::SimpleGoalChecker
[controller_server-10] [INFO] [1774056659.454241342] [controller_server]: Controller Server has goal_checker  goal checkers available.
[controller_server-10] [INFO] [1774056659.462475084] [controller_server]: Created controller : FollowPath of type nav2_mppi_controller::MPPIController
[controller_server-10] [INFO] [1774056659.477998477] [controller_server]: Controller period is equal to model dt. Control sequence shifting is ON
[controller_server-10] [INFO] [1774056659.496405765] [controller_server]: ConstraintCritic instantiated with 1 power and 4.000000 weight.
[controller_server-10] [INFO] [1774056659.496474596] [controller_server]: Critic loaded : mppi::critics::ConstraintCritic
[controller_server-10] [INFO] [1774056659.501599867] [controller_server]: InflationCostCritic instantiated with 1 power and 300.000000 / 0.015000 weights. Critic will collision check based on footprint cost.
[controller_server-10] [INFO] [1774056659.501658198] [controller_server]: Critic loaded : mppi::critics::CostCritic
[controller_server-10] [INFO] [1774056659.503479299] [controller_server]: GoalCritic instantiated with 1 power and 5.000000 weight.
[controller_server-10] [INFO] [1774056659.503528880] [controller_server]: Critic loaded : mppi::critics::GoalCritic
[controller_server-10] [INFO] [1774056659.505848129] [controller_server]: GoalAngleCritic instantiated with 1 power, 3.000000 weight, and 0.500000 angular threshold.
[controller_server-10] [INFO] [1774056659.505901211] [controller_server]: Critic loaded : mppi::critics::GoalAngleCritic
[controller_server-10] [INFO] [1774056659.511018899] [controller_server]: ReferenceTrajectoryCritic instantiated with 1 power and 2.000000 weight
[controller_server-10] [INFO] [1774056659.511074022] [controller_server]: Critic loaded : mppi::critics::PathAlignCritic
[controller_server-10] [INFO] [1774056659.518761784] [controller_server]: Critic loaded : mppi::critics::PathFollowCritic
[scan_to_scan_filter_chain-4] [WARN] [1774056659.519430843] [scan_to_scan_filter_chain]: diagnostic_updater: No HW_ID was set. This is probably a bug. Please report it. For devices that do not have a HW_ID, set this value to 'none'. This warning only occurs once all diagnostics are OK. It is okay to wait until the device is open before calling setHardwareID.
[controller_server-10] [INFO] [1774056659.526705911] [controller_server]: PathAngleCritic instantiated with 1 power and 1.500000 weight. Mode set to: Forward Preference
[controller_server-10] [INFO] [1774056659.526769201] [controller_server]: Critic loaded : mppi::critics::PathAngleCritic
[controller_server-10] [INFO] [1774056659.529576682] [controller_server]: PreferForwardCritic instantiated with 1 power and 10.000000 weight.
[controller_server-10] [INFO] [1774056659.529633846] [controller_server]: Critic loaded : mppi::critics::PreferForwardCritic
[controller_server-10] [INFO] [1774056659.531755352] [controller_server]: Optimizer reset
[controller_server-10] [INFO] [1774056659.546233159] [MPPIController]: Configured MPPI Controller: FollowPath
[controller_server-10] [INFO] [1774056659.546275449] [controller_server]: Controller Server has FollowPath  controllers available.
[lifecycle_manager-19] [INFO] [1774056659.575030693] [lifecycle_manager_navigation]: [34m[1mConfiguring smoother_server[0m[0m
[smoother_server-11] [INFO] [1774056659.575850538] [smoother_server]: Configuring smoother server
[smoother_server-11] [INFO] [1774056659.637394047] [smoother_server]: Created smoother : simple_smoother of type nav2_smoother::SimpleSmoother
[smoother_server-11] [INFO] [1774056659.652604493] [smoother_server]: Smoother Server has simple_smoother  smoothers available.
[lifecycle_manager-19] [INFO] [1774056659.686201520] [lifecycle_manager_navigation]: [34m[1mConfiguring planner_server[0m[0m
[planner_server-12] [INFO] [1774056659.686904994] [planner_server]: Configuring
[planner_server-12] [INFO] [1774056659.687024282] [global_costmap.global_costmap]: Configuring
[joint_state_publisher-2] [INFO] [1774056659.710154064] [joint_state_publisher]: Waiting for robot_description to be published on the robot_description topic...
[planner_server-12] [INFO] [1774056659.723007638] [global_costmap.global_costmap]: Using plugin "static_layer"
[planner_server-12] [INFO] [1774056659.747871899] [global_costmap.global_costmap]: Subscribing to the map topic (/map) with transient local durability
[planner_server-12] [INFO] [1774056659.752934173] [global_costmap.global_costmap]: Initialized plugin "static_layer"
[planner_server-12] [INFO] [1774056659.752991046] [global_costmap.global_costmap]: Using plugin "obstacle_layer"
[planner_server-12] [INFO] [1774056659.759339815] [global_costmap.global_costmap]: Subscribed to Topics: scan
[planner_server-12] [INFO] [1774056659.773328806] [global_costmap.global_costmap]: Initialized plugin "obstacle_layer"
[planner_server-12] [INFO] [1774056659.773395011] [global_costmap.global_costmap]: Using plugin "inflation_layer"
[planner_server-12] [INFO] [1774056659.779483331] [global_costmap.global_costmap]: Initialized plugin "inflation_layer"
[planner_server-12] [INFO] [1774056659.779541663] [global_costmap.global_costmap]: Using costmap filter "keepout_filter"
[planner_server-12] [INFO] [1774056659.786084383] [global_costmap.global_costmap]: Initialized costmap filter "keepout_filter"
[planner_server-12] [INFO] [1774056659.786139797] [global_costmap.global_costmap]: Using costmap filter "inflation_layer2"
[planner_server-12] [INFO] [1774056659.792276824] [global_costmap.global_costmap]: Initialized costmap filter "inflation_layer2"
[planner_server-12] [INFO] [1774056659.883285176] [planner_server]: Created global planner plugin GridBased of type nav2_smac_planner::SmacPlanner2D
[planner_server-12] [INFO] [1774056659.883366840] [planner_server]: Configuring GridBased of type SmacPlanner2D
[planner_server-12] [ERROR] [1774056659.888789309] [planner_server]: Inflation layer either not found or inflation is not set sufficiently for optimized non-circular collision checking capabilities. It is HIGHLY recommended to set the inflation radius to be at MINIMUM half of the robot's largest cross-section. See github.com/ros-planning/navigation2/tree/main/nav2_smac_planner#potential-fields for full instructions. This will substantially impact run-time performance.
[taskset-7] Load From File /home/smr/workspaces/mini_amr/amrROS2_ws/maps/latest_map.posegraph 
[taskset-7] Mapper <- Module
[taskset-7] Mapper <- m_pSequentialScanMatcher
[taskset-7] Mapper <- m_pGraph
[taskset-7] MapperGraph <- Graph; Graph <- m_Edges; Graph <- m_Vertices
[taskset-7] MapperGraph <- m_pMapper; MapperGraph <- m_pLoopScanMatcher; MapperGraph <- m_pTraversal
[taskset-7] Mapper <- m_pMapperSensorManager
[taskset-7] MapperSensorManager <- m_ScanManagers; MapperSensorManager <- m_Scans
[taskset-7] Mapper <- m_Listeners
[taskset-7] **Finished serializing Mapper**
[taskset-7] Load From File
[taskset-7] **Serializing Dataset**
[taskset-7] Dataset <- m_SensorNameLookup
[taskset-7] Dataset <- m_Data
[taskset-7] Dataset <- m_Lasers
[taskset-7] Dataset <- m_pDatasetInfo
[taskset-7] **Finished serializing Dataset**
[taskset-7] Registering sensor: [Custom Described Lidar]
[planner_server-12] [INFO] [1774056659.894356148] [planner_server]: Configured plugin GridBased of type SmacPlanner2D with tolerance 0.12, maximum iterations 1000000, max on approach iterations 1000, and not allowing unknown traversal.
[planner_server-12] [INFO] [1774056659.894423229] [planner_server]: Planner Server has GridBased  planners available.
[taskset-7] WARNING: Logging before InitGoogleLogging() is written to STDERR
[taskset-7] W20260321 08:30:59.895844  4041 preprocessor.cc:67] Specified options.num_threads: 50 exceeds maximum available from the threading model Ceres was compiled with: 8.  Bounding to maximum number available.
[lifecycle_manager-19] [INFO] [1774056659.920016339] [lifecycle_manager_navigation]: [34m[1mConfiguring behavior_server[0m[0m
[behavior_server-13] [INFO] [1774056659.920651857] [behavior_server]: Configuring
[INFO] [launch.user]: [LifecycleLaunch] Slamtoolbox node is activating.
[taskset-7] [INFO] [1774056659.930259008] [slam_toolbox]: Activating
[behavior_server-13] [INFO] [1774056659.944177417] [behavior_server]: Creating behavior plugin wait of type nav2_behaviors::Wait
[taskset-7] Registering sensor: [Custom Described Lidar]
[behavior_server-13] [INFO] [1774056659.981695468] [behavior_server]: Configuring wait
[lifecycle_manager-19] [INFO] [1774056659.997797215] [lifecycle_manager_navigation]: [34m[1mConfiguring velocity_smoother[0m[0m
[velocity_smoother-16] [INFO] [1774056659.998545313] [velocity_smoother]: Configuring velocity smoother
[lifecycle_manager-19] [INFO] [1774056660.019578963] [lifecycle_manager_navigation]: [34m[1mConfiguring collision_monitor[0m[0m
[collision_monitor-17] [INFO] [1774056660.020247731] [collision_monitor]: Configuring
[collision_monitor-17] [INFO] [1774056660.051212853] [collision_monitor]: [scan]: Creating Scan
[collision_monitor-17] [INFO] [1774056660.064454329] [collision_monitor]: [PolygonStop]: Creating Polygon
[collision_monitor-17] [INFO] [1774056660.064569533] [collision_monitor]: [PolygonStop]: Creating Circle
[collision_monitor-17] [INFO] [1774056660.078255493] [collision_monitor]: [PolygonSlow]: Creating Polygon
[collision_monitor-17] [INFO] [1774056660.088453247] [collision_monitor]: [FootprintApproach]: Creating Polygon
[collision_monitor-17] [INFO] [1774056660.089460044] [collision_monitor]: [FootprintApproach]: Polygon points are not defined. Using dynamic subscription instead.
[collision_monitor-17] [INFO] [1774056660.098253182] [collision_monitor]: [FootprintApproach]: Making footprint subscriber on /local_costmap/published_footprint topic
[lifecycle_manager-19] [INFO] [1774056660.123850666] [lifecycle_manager_navigation]: [34m[1mConfiguring collision_detector[0m[0m
[collision_detector-18] [INFO] [1774056660.124531683] [collision_detector]: Configuring
[collision_detector-18] [INFO] [1774056660.154668211] [collision_monitor]: [scan]: Creating Scan
[collision_detector-18] [INFO] [1774056660.161524169] [collision_monitor]: [PolygonStop]: Creating Polygon
[collision_detector-18] [INFO] [1774056660.161558585] [collision_monitor]: [PolygonStop]: Creating Circle
[collision_detector-18] [INFO] [1774056660.174015214] [collision_monitor]: [PolygonSlow]: Creating Polygon
[lifecycle_manager-19] [INFO] [1774056660.181547523] [lifecycle_manager_navigation]: [34m[1mConfiguring bt_navigator[0m[0m
[bt_navigator-14] [INFO] [1774056660.181970716] [bt_navigator]: Configuring
[bt_navigator-14] [INFO] [1774056660.195418685] [bt_navigator]: Creating navigator id navigate_to_pose of type nav2_bt_navigator::NavigateToPoseNavigator
[planner_server-12] [INFO] [1774056660.274427433] [global_costmap.global_costmap]: StaticLayer: Resizing costmap to 787 X 922 at 0.050000 m/pix
[bt_navigator-14] [INFO] [1774056660.450167700] [bt_navigator]: Creating navigator id navigate_through_poses of type nav2_bt_navigator::NavigateThroughPosesNavigator
[lifecycle_manager-19] [INFO] [1774056660.503689793] [lifecycle_manager_navigation]: [34m[1mConfiguring waypoint_follower[0m[0m
[waypoint_follower-15] [INFO] [1774056660.504194941] [waypoint_follower]: Configuring
[waypoint_follower-15] [INFO] [1774056660.563968973] [waypoint_follower]: Created waypoint_task_executor : wait_at_waypoint of type nav2_waypoint_follower::WaitAtWaypoint
[lifecycle_manager-19] [INFO] [1774056660.567641214] [lifecycle_manager_navigation]: [34m[1mConfiguring keepout_filter_mask_server[0m[0m
[map_server-8] [INFO] [1774056660.567985076] [keepout_filter_mask_server]: Configuring
[map_server-8] [INFO] [1774056660.568068198] [map_io]: Loading yaml file: /home/smr/workspaces/mini_amr/amrROS2_ws/maps/latest_map_keepout.yaml
[map_server-8] [INFO] [1774056660.568923625] [map_io]: resolution: 0.05
[map_server-8] [INFO] [1774056660.568942000] [map_io]: origin[0]: -26.12
[map_server-8] [INFO] [1774056660.568947833] [map_io]: origin[1]: -29.258
[map_server-8] [INFO] [1774056660.568952208] [map_io]: origin[2]: 0
[map_server-8] [INFO] [1774056660.568957166] [map_io]: free_thresh: 0.196
[map_server-8] [INFO] [1774056660.568961541] [map_io]: occupied_thresh: 0.65
[map_server-8] [INFO] [1774056660.568968249] [map_io]: mode: trinary
[map_server-8] [INFO] [1774056660.568973499] [map_io]: negate: 0
[map_server-8] [INFO] [1774056660.575453804] [map_io]: Loading image_file: /home/smr/workspaces/mini_amr/amrROS2_ws/maps/latest_map_keepout.pgm
[map_server-8] [INFO] [1774056660.591305019] [map_io]: Read map /home/smr/workspaces/mini_amr/amrROS2_ws/maps/latest_map_keepout.pgm: 787 X 922 map @ 0.05 m/cell
[lifecycle_manager-19] [INFO] [1774056660.605580416] [lifecycle_manager_navigation]: [34m[1mConfiguring keepout_costmap_filter_info_server[0m[0m
[costmap_filter_info_server-9] [INFO] [1774056660.605946152] [keepout_costmap_filter_info_server]: Configuring
[lifecycle_manager-19] [INFO] [1774056660.615058070] [lifecycle_manager_navigation]: [34m[1mActivating controller_server[0m[0m
[controller_server-10] [INFO] [1774056660.615343602] [controller_server]: Activating
[controller_server-10] [INFO] [1774056660.615392017] [local_costmap.local_costmap]: Activating
[controller_server-10] [INFO] [1774056660.615406016] [local_costmap.local_costmap]: Checking transform
[controller_server-10] [INFO] [1774056660.615564385] [local_costmap.local_costmap]: start
[controller_server-10] [INFO] [1774056660.616276026] [local_costmap.local_costmap]: KeepoutFilter: Subscribing to "/keepout_costmap_filter_info" topic for filter info...
[controller_server-10] [WARN] [1774056660.718978911] [local_costmap.local_costmap]: KeepoutFilter: Filter mask was not received
[controller_server-10] [WARN] [1774056660.720114037] [controller_server]: Parameter controller_server.verbose not found
[controller_server-10] [INFO] [1774056660.720649225] [controller_server]: Optimizer reset
[controller_server-10] [INFO] [1774056660.720927757] [MPPIController]: Activated MPPI Controller: FollowPath
[controller_server-10] [INFO] [1774056660.720955173] [controller_server]: Creating bond (controller_server) to lifecycle manager.
[lifecycle_manager-19] [INFO] [1774056660.831381401] [lifecycle_manager_navigation]: Server controller_server connected with bond.
[lifecycle_manager-19] [INFO] [1774056660.831442357] [lifecycle_manager_navigation]: [34m[1mActivating smoother_server[0m[0m
[smoother_server-11] [INFO] [1774056660.831868759] [smoother_server]: Activating
[smoother_server-11] [INFO] [1774056660.831913090] [smoother_server]: Creating bond (smoother_server) to lifecycle manager.
[lifecycle_manager-19] [INFO] [1774056660.939232599] [lifecycle_manager_navigation]: Server smoother_server connected with bond.
[lifecycle_manager-19] [INFO] [1774056660.939336429] [lifecycle_manager_navigation]: [34m[1mActivating planner_server[0m[0m
[planner_server-12] [INFO] [1774056660.940142857] [planner_server]: Activating
[planner_server-12] [INFO] [1774056660.940198272] [global_costmap.global_costmap]: Activating
[planner_server-12] [INFO] [1774056660.940214313] [global_costmap.global_costmap]: Checking transform
[planner_server-12] [INFO] [1774056660.940382015] [global_costmap.global_costmap]: start
[planner_server-12] [INFO] [1774056660.941113780] [global_costmap.global_costmap]: KeepoutFilter: Subscribing to "/keepout_costmap_filter_info" topic for filter info...
[planner_server-12] [WARN] [1774056661.489196739] [global_costmap.global_costmap]: KeepoutFilter: Filter mask was not received
[planner_server-12] [INFO] [1774056661.544161070] [planner_server]: Activating plugin GridBased of type SmacPlanner2D
[planner_server-12] [INFO] [1774056661.547484199] [planner_server]: Creating bond (planner_server) to lifecycle manager.
[lifecycle_manager-19] [INFO] [1774056661.657353074] [lifecycle_manager_navigation]: Server planner_server connected with bond.
[lifecycle_manager-19] [INFO] [1774056661.657555483] [lifecycle_manager_navigation]: [34m[1mActivating behavior_server[0m[0m
[behavior_server-13] [INFO] [1774056661.658891559] [behavior_server]: Activating
[behavior_server-13] [INFO] [1774056661.658995680] [behavior_server]: Activating wait
[behavior_server-13] [INFO] [1774056661.659087260] [behavior_server]: Creating bond (behavior_server) to lifecycle manager.
[lifecycle_manager-19] [INFO] [1774056661.776530442] [lifecycle_manager_navigation]: Server behavior_server connected with bond.
[lifecycle_manager-19] [INFO] [1774056661.776777475] [lifecycle_manager_navigation]: [34m[1mActivating velocity_smoother[0m[0m
[velocity_smoother-16] [INFO] [1774056661.777599361] [velocity_smoother]: Activating
[velocity_smoother-16] [INFO] [1774056661.777761522] [velocity_smoother]: Creating bond (velocity_smoother) to lifecycle manager.
[lifecycle_manager-19] [INFO] [1774056661.888458408] [lifecycle_manager_navigation]: Server velocity_smoother connected with bond.
[lifecycle_manager-19] [INFO] [1774056661.888555529] [lifecycle_manager_navigation]: [34m[1mActivating collision_monitor[0m[0m
[collision_monitor-17] [INFO] [1774056661.889350292] [collision_monitor]: Activating
[collision_monitor-17] [INFO] [1774056661.889507495] [collision_monitor]: Creating bond (collision_monitor) to lifecycle manager.
[lifecycle_manager-19] [INFO] [1774056662.004413560] [lifecycle_manager_navigation]: Server collision_monitor connected with bond.
[lifecycle_manager-19] [INFO] [1774056662.004520015] [lifecycle_manager_navigation]: [34m[1mActivating collision_detector[0m[0m
[collision_detector-18] [INFO] [1774056662.005502021] [collision_detector]: Activating
[collision_detector-18] [INFO] [1774056662.005785219] [collision_detector]: Creating bond (collision_detector) to lifecycle manager.
[lifecycle_manager-19] [INFO] [1774056662.152326049] [lifecycle_manager_navigation]: Server collision_detector connected with bond.
[lifecycle_manager-19] [INFO] [1774056662.152403046] [lifecycle_manager_navigation]: [34m[1mActivating bt_navigator[0m[0m
[bt_navigator-14] [INFO] [1774056662.152967109] [bt_navigator]: Activating
[bt_navigator-14] [INFO] [1774056662.292053794] [bt_navigator]: Creating bond (bt_navigator) to lifecycle manager.
[lifecycle_manager-19] [INFO] [1774056662.397209215] [lifecycle_manager_navigation]: Server bt_navigator connected with bond.
[lifecycle_manager-19] [INFO] [1774056662.397265796] [lifecycle_manager_navigation]: [34m[1mActivating waypoint_follower[0m[0m
[waypoint_follower-15] [INFO] [1774056662.397700072] [waypoint_follower]: Activating
[waypoint_follower-15] [INFO] [1774056662.397749945] [waypoint_follower]: Creating bond (waypoint_follower) to lifecycle manager.
[lifecycle_manager-19] [INFO] [1774056662.506831056] [lifecycle_manager_navigation]: Server waypoint_follower connected with bond.
[lifecycle_manager-19] [INFO] [1774056662.507041924] [lifecycle_manager_navigation]: [34m[1mActivating keepout_filter_mask_server[0m[0m
[map_server-8] [INFO] [1774056662.508934771] [keepout_filter_mask_server]: Activating
[map_server-8] [INFO] [1774056662.510246932] [keepout_filter_mask_server]: Creating bond (keepout_filter_mask_server) to lifecycle manager.
[lifecycle_manager-19] [INFO] [1774056662.616360443] [lifecycle_manager_navigation]: Server keepout_filter_mask_server connected with bond.
[lifecycle_manager-19] [INFO] [1774056662.616500729] [lifecycle_manager_navigation]: [34m[1mActivating keepout_costmap_filter_info_server[0m[0m
[costmap_filter_info_server-9] [INFO] [1774056662.617431987] [keepout_costmap_filter_info_server]: Activating
[costmap_filter_info_server-9] [INFO] [1774056662.617633521] [keepout_costmap_filter_info_server]: Creating bond (keepout_costmap_filter_info_server) to lifecycle manager.
[controller_server-10] [INFO] [1774056662.617758350] [local_costmap.local_costmap]: KeepoutFilter: Received filter info from /keepout_costmap_filter_info topic.
[controller_server-10] [INFO] [1774056662.617842930] [local_costmap.local_costmap]: KeepoutFilter: Subscribing to "/keepout_filter_mask" topic for filter mask...
[planner_server-12] [INFO] [1774056662.617961343] [global_costmap.global_costmap]: KeepoutFilter: Received filter info from /keepout_costmap_filter_info topic.
[planner_server-12] [INFO] [1774056662.618080922] [global_costmap.global_costmap]: KeepoutFilter: Subscribing to "/keepout_filter_mask" topic for filter mask...
[controller_server-10] [INFO] [1774056662.645412885] [local_costmap.local_costmap]: KeepoutFilter: Received filter mask from /keepout_filter_mask topic.
[planner_server-12] [INFO] [1774056662.649780726] [global_costmap.global_costmap]: KeepoutFilter: Received filter mask from /keepout_filter_mask topic.
[lifecycle_manager-19] [INFO] [1774056662.737392744] [lifecycle_manager_navigation]: Server keepout_costmap_filter_info_server connected with bond.
[lifecycle_manager-19] [INFO] [1774056662.737445533] [lifecycle_manager_navigation]: [34m[1mManaged nodes are active[0m[0m
[lifecycle_manager-19] [INFO] [1774056662.737490449] [lifecycle_manager_navigation]: [34m[1mCreating bond timer...[0m[0m
[INFO] [delivery_robot_main_controller-20]: process started with pid [4318]
[INFO] [robot_sound-21]: process started with pid [4319]
[INFO] [call_robot_button-22]: process started with pid [4320]
[INFO] [rpc_run_node-23]: process started with pid [4321]
[INFO] [dock_coordinates-24]: process started with pid [4322]
[INFO] [autodock_action_server-25]: process started with pid [4323]
[INFO] [battery_manager_node-26]: process started with pid [4324]
[dock_coordinates-24] [INFO] [1774056663.445936109] [dock_coordinates]: begin dock_coordinates
[dock_coordinates-24] [INFO] [1774056663.449188657] [dock coordinates]: max_alignment_error: 0.010000
[dock_coordinates-24] [INFO] [1774056663.450192537] [dock coordinates]: minimum_point_cloud: 5
[dock_coordinates-24] [INFO] [1774056663.451153252] [dock coordinates]: point_cloud_split_dist: 0.050000
[dock_coordinates-24] [INFO] [1774056663.453346797] [dock coordinates]: max_dock_width: 0.380000
[dock_coordinates-24] [INFO] [1774056663.455108983] [dock coordinates]: min_dock_width: 0.310000
[dock_coordinates-24] [INFO] [1774056663.456056865] [dock coordinates]: range_limit: 1.200000
[rpc_run_node-23] [0m[INFO] [1774056664.417536603] [rpc_run_node]: RPC run node started; RPC bridge configured.[0m
[rpc_run_node-23] 2026-03-21 08:31:04,418 [INFO] RPCServer listening on localhost:6000
[robot_sound-21] [0m[INFO] [1774056664.712558359] [robot_sound_node]: Obstacle sound alarm disabled (API).[0m
[robot_sound-21] [0m[INFO] [1774056664.713243168] [robot_sound_node]: Sound volume set to 100% (API).[0m
[robot_sound-21] [0m[INFO] [1774056664.714112595] [robot_sound_node]: Obstacle sound alarm is enabled.[0m
[robot_sound-21] [0m[INFO] [1774056664.716833454] [robot_sound_node]: ✅ robot_sound_node started using .wav files[0m
[robot_sound-21] [33m[WARN] [1774056664.721725984] [robot_sound_node]: Map not available yet; skipping obstacle classification.[0m
[robot_sound-21] [0m[INFO] [1774056664.722279255] [robot_sound_node]: Obstacle detected but sound alarm disabled.[0m
[battery_manager_node-26] [INFO] [1774056664.852065613] [battery_manager]: SOC limits from API: target=1.00, resume=0.95
[robot_sound-21] [0m[INFO] [1774056665.290293988] [robot_sound_node]: Received map (width=787, height=922, resolution=0.050 m/cell)[0m
[battery_manager_node-26] [INFO] [1774056665.322342029] [battery_manager]: State change: IDLE_ON_DOCK -> UNKNOWN
[autodock_action_server-25] [INFO] [1774056665.351068108] [autodock_action_server]: auto_dock_init_start
[autodock_action_server-25] [INFO] [1774056665.403030716] [autodock_action_server]: auto_dock_init_complete
[delivery_robot_main_controller-20] [0m[INFO] [1774056665.589527841] [main_controller_node]: Delivery Robot Main Controller Node started.[0m
[delivery_robot_main_controller-20] [0m[INFO] [1774056665.613640796] [main_controller_node]: Initial state: STANDBY[0m
[delivery_robot_main_controller-20] [0m[INFO] [1774056665.618610907] [main_controller_node]: setting_batteryLowToCharge: 40[0m
[delivery_robot_main_controller-20] [33m[WARN] [1774056665.637561259] [rcl.logging_rosout]: Publisher already registered for node name: 'main_controller_node'. If this is due to multiple nodes with the same name then all logs for the logger named 'main_controller_node' will go out over the existing publisher. As soon as any node with that name is destructed it will unregister the publisher, preventing any further logs for that name from being published on the rosout topic.[0m
[delivery_robot_main_controller-20] [33m[WARN] [1774056665.669501971] [main_controller_node]: slam_toolbox_msgs not available; initial pose service calls will be skipped.[0m
[delivery_robot_main_controller-20] [0m[INFO] [1774056666.814606313] [main_controller_node]: Waiting for Nav2 system...[0m
[INFO] [bash-27]: process started with pid [4427]
[delivery_robot_main_controller-20] [0m[INFO] [1774056668.841843324] [main_controller_node]: Waiting for localization pose to be received from slam_toolbox/pose[0m
[delivery_robot_main_controller-20] [0m[INFO] [1774056668.842574214] [main_controller_node]: Acquired localization pose from TF map->base_link[0m
[bash-27] Traceback (most recent call last):
[bash-27]   File "/home/smr/workspaces/mini_amr/amrROS2_UI/ICEAMR/main.py", line 29, in <module>
[bash-27]     from ui_interface import *
[bash-27]   File "/home/smr/workspaces/mini_amr/amrROS2_UI/ICEAMR/ui_interface.py", line 24, in <module>
[bash-27]     import resources_rc
[bash-27] ModuleNotFoundError: No module named 'resources_rc'
[ERROR] [bash-27]: process has died [pid 4427, exit code 1, cmd '/bin/bash -c cd /home/smr/workspaces/mini_amr/amrROS2_UI/ICEAMR && source ../env/bin/activate && python main.py'].
[INFO] [battery_manager_node-26]: sending signal 'SIGINT' to process[battery_manager_node-26]
[INFO] [autodock_action_server-25]: sending signal 'SIGINT' to process[autodock_action_server-25]
[INFO] [dock_coordinates-24]: sending signal 'SIGINT' to process[dock_coordinates-24]
[INFO] [rpc_run_node-23]: sending signal 'SIGINT' to process[rpc_run_node-23]
[INFO] [call_robot_button-22]: sending signal 'SIGINT' to process[call_robot_button-22]
[INFO] [robot_sound-21]: sending signal 'SIGINT' to process[robot_sound-21]
[INFO] [delivery_robot_main_controller-20]: sending signal 'SIGINT' to process[delivery_robot_main_controller-20]
[INFO] [lifecycle_manager-19]: sending signal 'SIGINT' to process[lifecycle_manager-19]
[INFO] [dock_coordinates-24]: process has finished cleanly [pid 4322]
[INFO] [collision_detector-18]: sending signal 'SIGINT' to process[collision_detector-18]
[INFO] [collision_monitor-17]: sending signal 'SIGINT' to process[collision_monitor-17]
[INFO] [velocity_smoother-16]: sending signal 'SIGINT' to process[velocity_smoother-16]
[INFO] [waypoint_follower-15]: sending signal 'SIGINT' to process[waypoint_follower-15]
[INFO] [bt_navigator-14]: sending signal 'SIGINT' to process[bt_navigator-14]
[INFO] [behavior_server-13]: sending signal 'SIGINT' to process[behavior_server-13]
[INFO] [planner_server-12]: sending signal 'SIGINT' to process[planner_server-12]
[INFO] [smoother_server-11]: sending signal 'SIGINT' to process[smoother_server-11]
[INFO] [controller_server-10]: sending signal 'SIGINT' to process[controller_server-10]
[INFO] [costmap_filter_info_server-9]: sending signal 'SIGINT' to process[costmap_filter_info_server-9]
[INFO] [map_server-8]: sending signal 'SIGINT' to process[map_server-8]
[INFO] [taskset-7]: sending signal 'SIGINT' to process[taskset-7]
[INFO] [robot_hardware-6]: sending signal 'SIGINT' to process[robot_hardware-6]
[INFO] [ekf_node-5]: sending signal 'SIGINT' to process[ekf_node-5]
[INFO] [scan_to_scan_filter_chain-4]: sending signal 'SIGINT' to process[scan_to_scan_filter_chain-4]
[INFO] [rplidar_node-3]: sending signal 'SIGINT' to process[rplidar_node-3]
[INFO] [joint_state_publisher-2]: sending signal 'SIGINT' to process[joint_state_publisher-2]
[INFO] [robot_state_publisher-1]: sending signal 'SIGINT' to process[robot_state_publisher-1]
[delivery_robot_main_controller-20] [0m[INFO] [1774056670.858049904] [main_controller_node]: Nav2 is ready for use![0m
[delivery_robot_main_controller-20] [0m[INFO] [1774056670.907848132] [main_controller_node]: Robot is in STANDBY mode.[0m
[delivery_robot_main_controller-20] [33m[WARN] [1774056670.951889362] [main_controller_node]: Robot status id missing; refreshing before battery status.[0m
[battery_manager_node-26] Traceback (most recent call last):
[battery_manager_node-26]   File "/home/smr/workspaces/mini_amr/amrROS2_ws/install/battery_management/lib/battery_management/battery_manager_node", line 33, in <module>
[battery_manager_node-26]     sys.exit(load_entry_point('battery-management==0.0.0', 'console_scripts', 'battery_manager_node')())
[battery_manager_node-26]              ^^^^^^^^^^^^^^^^^^^^^^^^^^^^^^^^^^^^^^^^^^^^^^^^^^^^^^^^^^^^^^^^^^^^^^^^^^^^^^^^^^^^^^^^^^
[battery_manager_node-26]   File "/home/smr/workspaces/mini_amr/amrROS2_ws/install/battery_management/lib/python3.12/site-packages/battery_management/battery_manager_node.py", line 311, in main
[battery_manager_node-26]     rclpy.spin(node)
[battery_manager_node-26]   File "/opt/ros/jazzy/lib/python3.12/site-packages/rclpy/__init__.py", line 247, in spin
[battery_manager_node-26]     executor.spin_once()
[battery_manager_node-26]   File "/opt/ros/jazzy/lib/python3.12/site-packages/rclpy/executors.py", line 845, in spin_once
[battery_manager_node-26]     self._spin_once_impl(timeout_sec)
[battery_manager_node-26]   File "/opt/ros/jazzy/lib/python3.12/site-packages/rclpy/executors.py", line 829, in _spin_once_impl
[battery_manager_node-26]     handler, entity, node = self.wait_for_ready_callbacks(
[battery_manager_node-26]                             ^^^^^^^^^^^^^^^^^^^^^^^^^^^^^^
[battery_manager_node-26]   File "/opt/ros/jazzy/lib/python3.12/site-packages/rclpy/executors.py", line 799, in wait_for_ready_callbacks
[battery_manager_node-26]     return next(self._cb_iter)
[battery_manager_node-26]            ^^^^^^^^^^^^^^^^^^^
[battery_manager_node-26]   File "/opt/ros/jazzy/lib/python3.12/site-packages/rclpy/executors.py", line 703, in _wait_for_ready_callbacks
[battery_manager_node-26]     wait_set.wait(timeout_nsec)
[battery_manager_node-26] KeyboardInterrupt
[dock_coordinates-24] [INFO] [1774056671.229917487] [rclcpp]: signal_handler(signum=2)
[rpc_run_node-23] [0m[INFO] [1774056671.233552105] [rpc_run_node]: RPC run node stopped by user.[0m
[rpc_run_node-23] Failed to publish log message to rosout: publisher's context is invalid, at ./src/rcl/publisher.c:423
[rpc_run_node-23] 2026-03-21 08:31:11,236 [INFO] RPCServer stopped.
[robot_sound-21] [0m[INFO] [1774056671.258473531] [robot_sound_node]: 🔚 robot_sound_node stopped by user.[0m
[robot_sound-21] Failed to publish log message to rosout: publisher's context is invalid, at ./src/rcl/publisher.c:423
[delivery_robot_main_controller-20] [0m[INFO] [1774056671.259433954] [main_controller_node]: Node stopped by user.[0m
[delivery_robot_main_controller-20] Failed to publish log message to rosout: publisher's context is invalid, at ./src/rcl/publisher.c:423
[lifecycle_manager-19] [INFO] [1774056671.275182214] [rclcpp]: signal_handler(signum=2)
[lifecycle_manager-19] [INFO] [1774056671.275423122] [lifecycle_manager_navigation]: Running Nav2 LifecycleManager rcl preshutdown (lifecycle_manager_navigation)
[lifecycle_manager-19] [INFO] [1774056671.275498078] [lifecycle_manager_navigation]: [34m[1mTerminating bond timer...[0m[0m
[collision_detector-18] [INFO] [1774056671.316494418] [rclcpp]: signal_handler(signum=2)
[collision_detector-18] [INFO] [1774056671.316749034] [collision_detector]: Running Nav2 LifecycleNode rcl preshutdown (collision_detector)
[collision_detector-18] [INFO] [1774056671.316940652] [collision_detector]: Deactivating
[collision_detector-18] [INFO] [1774056671.316999275] [collision_detector]: Destroying bond (collision_detector) to lifecycle manager.
[collision_detector-18] [WARN] [1774056671.326840041] [LifecyclePublisher]: Trying to publish message on the topic '/collision_detector_state', but the publisher is not activated
[collision_detector-18] [WARN] [1774056671.326912955] [LifecyclePublisher]: Trying to publish message on the topic '/polygon_stop_detector', but the publisher is not activated
[collision_detector-18] [WARN] [1774056671.326930455] [LifecyclePublisher]: Trying to publish message on the topic '/polygon_slowdown_detector', but the publisher is not activated
[collision_detector-18] [INFO] [1774056671.348055394] [collision_detector]: Cleaning up
[collision_detector-18] [INFO] [1774056671.348200347] [collision_monitor]: [PolygonStop]: Destroying Circle
[collision_detector-18] [INFO] [1774056671.348223971] [collision_monitor]: [PolygonStop]: Destroying Polygon
[collision_detector-18] [INFO] [1774056671.348247303] [collision_monitor]: [PolygonSlow]: Destroying Polygon
[collision_detector-18] [INFO] [1774056671.348267136] [collision_monitor]: [scan]: Destroying Scan
[collision_detector-18] [INFO] [1774056671.372049937] [collision_detector]: Destroying bond (collision_detector) to lifecycle manager.
[collision_monitor-17] [INFO] [1774056671.359384773] [rclcpp]: signal_handler(signum=2)
[collision_monitor-17] [INFO] [1774056671.359590390] [collision_monitor]: Running Nav2 LifecycleNode rcl preshutdown (collision_monitor)
[collision_monitor-17] [INFO] [1774056671.359841506] [collision_monitor]: Deactivating
[collision_monitor-17] [INFO] [1774056671.359901004] [collision_monitor]: Destroying bond (collision_monitor) to lifecycle manager.
[call_robot_button-22] [0m[INFO] [1774056671.382091363] [call_robot_button_node]: CallRobotButton interrupted by user.[0m
[call_robot_button-22] Failed to publish log message to rosout: publisher's context is invalid, at ./src/rcl/publisher.c:423
[velocity_smoother-16] [INFO] [1774056671.392952634] [rclcpp]: signal_handler(signum=2)
[velocity_smoother-16] [INFO] [1774056671.393154751] [velocity_smoother]: Running Nav2 LifecycleNode rcl preshutdown (velocity_smoother)
[velocity_smoother-16] [INFO] [1774056671.393235248] [velocity_smoother]: Deactivating
[velocity_smoother-16] [INFO] [1774056671.393259456] [velocity_smoother]: Destroying bond (velocity_smoother) to lifecycle manager.
[waypoint_follower-15] [INFO] [1774056671.410380832] [rclcpp]: signal_handler(signum=2)
[waypoint_follower-15] [INFO] [1774056671.410568076] [waypoint_follower]: Running Nav2 LifecycleNode rcl preshutdown (waypoint_follower)
[waypoint_follower-15] [INFO] [1774056671.410652656] [waypoint_follower]: Deactivating
[waypoint_follower-15] [INFO] [1774056671.410685905] [waypoint_follower]: Destroying bond (waypoint_follower) to lifecycle manager.
[bt_navigator-14] [INFO] [1774056671.426232047] [rclcpp]: signal_handler(signum=2)
[bt_navigator-14] [INFO] [1774056671.426655531] [bt_navigator]: Running Nav2 LifecycleNode rcl preshutdown (bt_navigator)
[bt_navigator-14] [INFO] [1774056671.426893523] [bt_navigator]: Deactivating
[bt_navigator-14] [INFO] [1774056671.426975186] [bt_navigator]: Destroying bond (bt_navigator) to lifecycle manager.
[collision_monitor-17] [INFO] [1774056671.451516293] [collision_monitor]: Cleaning up
[collision_monitor-17] [INFO] [1774056671.451588332] [collision_monitor]: [PolygonStop]: Destroying Circle
[collision_monitor-17] [INFO] [1774056671.451603206] [collision_monitor]: [PolygonStop]: Destroying Polygon
[collision_monitor-17] [INFO] [1774056671.451615164] [collision_monitor]: [PolygonSlow]: Destroying Polygon
[collision_monitor-17] [INFO] [1774056671.451624206] [collision_monitor]: [FootprintApproach]: Destroying Polygon
[collision_monitor-17] [INFO] [1774056671.451639372] [collision_monitor]: [scan]: Destroying Scan
[collision_monitor-17] [INFO] [1774056671.460843161] [collision_monitor]: Destroying bond (collision_monitor) to lifecycle manager.
[velocity_smoother-16] [INFO] [1774056671.453662590] [velocity_smoother]: Cleaning up
[velocity_smoother-16] [INFO] [1774056671.453727921] [velocity_smoother]: Destroying bond (velocity_smoother) to lifecycle manager.
[bt_navigator-14] [INFO] [1774056671.477855167] [bt_navigator]: Cleaning up
[waypoint_follower-15] [INFO] [1774056671.481094007] [waypoint_follower]: Cleaning up
[behavior_server-13] [INFO] [1774056671.501482223] [rclcpp]: signal_handler(signum=2)
[behavior_server-13] [INFO] [1774056671.501645842] [behavior_server]: Running Nav2 LifecycleNode rcl preshutdown (behavior_server)
[behavior_server-13] [INFO] [1774056671.501745005] [behavior_server]: Deactivating
[behavior_server-13] [INFO] [1774056671.501764255] [behavior_server]: Destroying bond (behavior_server) to lifecycle manager.
[behavior_server-13] [INFO] [1774056671.512244915] [behavior_server]: Cleaning up
[planner_server-12] [INFO] [1774056671.521483412] [rclcpp]: signal_handler(signum=2)
[planner_server-12] [INFO] [1774056671.521628073] [planner_server]: Running Nav2 LifecycleNode rcl preshutdown (planner_server)
[planner_server-12] [INFO] [1774056671.521708570] [planner_server]: Deactivating
[planner_server-12] [INFO] [1774056671.521740361] [global_costmap.global_costmap]: Deactivating
[collision_detector-18] [INFO] [1774056671.527226411] [collision_detector]: Destroying
[smoother_server-11] [INFO] [1774056671.550859592] [rclcpp]: signal_handler(signum=2)
[smoother_server-11] [INFO] [1774056671.550990254] [smoother_server]: Running Nav2 LifecycleNode rcl preshutdown (smoother_server)
[smoother_server-11] [INFO] [1774056671.551077167] [smoother_server]: Deactivating
[smoother_server-11] [INFO] [1774056671.551099916] [smoother_server]: Destroying bond (smoother_server) to lifecycle manager.
[behavior_server-13] [INFO] [1774056671.557563306] [behavior_server]: Destroying bond (behavior_server) to lifecycle manager.
[controller_server-10] [INFO] [1774056671.575932387] [rclcpp]: signal_handler(signum=2)
[controller_server-10] [INFO] [1774056671.576039133] [controller_server]: Running Nav2 LifecycleNode rcl preshutdown (controller_server)
[controller_server-10] [INFO] [1774056671.576128088] [controller_server]: Deactivating
[controller_server-10] [INFO] [1774056671.576233959] [MPPIController]: Deactivated MPPI Controller: FollowPath
[controller_server-10] [INFO] [1774056671.576259917] [local_costmap.local_costmap]: Deactivating
[costmap_filter_info_server-9] [INFO] [1774056671.585673699] [rclcpp]: signal_handler(signum=2)
[costmap_filter_info_server-9] [INFO] [1774056671.585840235] [keepout_costmap_filter_info_server]: Running Nav2 LifecycleNode rcl preshutdown (keepout_costmap_filter_info_server)
[costmap_filter_info_server-9] [INFO] [1774056671.585925398] [keepout_costmap_filter_info_server]: Deactivating
[costmap_filter_info_server-9] [INFO] [1774056671.585941731] [keepout_costmap_filter_info_server]: Destroying bond (keepout_costmap_filter_info_server) to lifecycle manager.
[velocity_smoother-16] [INFO] [1774056671.606707933] [velocity_smoother]: Destroying
[collision_monitor-17] [INFO] [1774056671.615079628] [collision_monitor]: Destroying
[controller_server-10] [INFO] [1774056671.616209212] [controller_server]: Destroying bond (controller_server) to lifecycle manager.
[controller_server-10] [INFO] [1774056671.657075182] [controller_server]: Cleaning up
[controller_server-10] [INFO] [1774056671.657285758] [MPPIController]: Cleaned up MPPI Controller: FollowPath
[controller_server-10] [INFO] [1774056671.657473293] [local_costmap.local_costmap]: Cleaning up
[smoother_server-11] [INFO] [1774056671.621946962] [smoother_server]: Cleaning up
[smoother_server-11] [INFO] [1774056671.680240255] [smoother_server]: Destroying bond (smoother_server) to lifecycle manager.
[costmap_filter_info_server-9] [INFO] [1774056671.656307835] [keepout_costmap_filter_info_server]: Cleaning up
[costmap_filter_info_server-9] [INFO] [1774056671.656373166] [keepout_costmap_filter_info_server]: Destroying bond (keepout_costmap_filter_info_server) to lifecycle manager.
[map_server-8] [INFO] [1774056671.678620106] [rclcpp]: signal_handler(signum=2)
[map_server-8] [INFO] [1774056671.678831848] [keepout_filter_mask_server]: Running Nav2 LifecycleNode rcl preshutdown (keepout_filter_mask_server)
[map_server-8] [INFO] [1774056671.678927803] [keepout_filter_mask_server]: Deactivating
[map_server-8] [INFO] [1774056671.678945011] [keepout_filter_mask_server]: Destroying bond (keepout_filter_mask_server) to lifecycle manager.
[map_server-8] [INFO] [1774056671.689299676] [keepout_filter_mask_server]: Cleaning up
[map_server-8] [INFO] [1774056671.689370256] [keepout_filter_mask_server]: Destroying bond (keepout_filter_mask_server) to lifecycle manager.
[behavior_server-13] [INFO] [1774056671.690211392] [behavior_server]: Destroying
[waypoint_follower-15] [INFO] [1774056671.736316380] [waypoint_follower]: Destroying bond (waypoint_follower) to lifecycle manager.
[waypoint_follower-15] [INFO] [1774056671.750653900] [waypoint_follower]: Destroying
[costmap_filter_info_server-9] [INFO] [1774056671.812530771] [keepout_costmap_filter_info_server]: Destroying
[smoother_server-11] [INFO] [1774056671.812618560] [smoother_server]: Destroying
[map_server-8] [INFO] [1774056671.818196190] [keepout_filter_mask_server]: Destroying
[taskset-7] [INFO] [1774056671.839078180] [rclcpp]: signal_handler(signum=2)
[taskset-7] Unregistering sensor: Custom Described Lidar
[controller_server-10] [INFO] [1774056671.914573639] [controller_server]: Destroying bond (controller_server) to lifecycle manager.
[robot_hardware-6] [INFO] [1774056671.928870327] [rclcpp]: signal_handler(signum=2)
[controller_server-10] [INFO] [1774056671.965169838] [local_costmap.local_costmap]: Destroying
[ekf_node-5] [INFO] [1774056671.989185963] [rclcpp]: signal_handler(signum=2)
[scan_to_scan_filter_chain-4] [INFO] [1774056672.033610137] [rclcpp]: signal_handler(signum=2)
[delivery_robot_main_controller-20] Traceback (most recent call last):
[delivery_robot_main_controller-20]   File "/home/smr/workspaces/mini_amr/amrROS2_ws/install/delivery_robot_main_controller/lib/delivery_robot_main_controller/delivery_robot_main_controller", line 33, in <module>
[delivery_robot_main_controller-20]     sys.exit(load_entry_point('delivery-robot-main-controller==0.0.1', 'console_scripts', 'delivery_robot_main_controller')())
[delivery_robot_main_controller-20]              ^^^^^^^^^^^^^^^^^^^^^^^^^^^^^^^^^^^^^^^^^^^^^^^^^^^^^^^^^^^^^^^^^^^^^^^^^^^^^^^^^^^^^^^^^^^^^^^^^^^^^^^^^^^^^^^^
[delivery_robot_main_controller-20]   File "/home/smr/workspaces/mini_amr/amrROS2_ws/install/delivery_robot_main_controller/lib/python3.12/site-packages/delivery_robot_main_controller/main_controller_node.py", line 1714, in main
[delivery_robot_main_controller-20]     rclpy.shutdown()
[delivery_robot_main_controller-20]   File "/opt/ros/jazzy/lib/python3.12/site-packages/rclpy/__init__.py", line 134, in shutdown
[delivery_robot_main_controller-20]     _shutdown(context=context)
[delivery_robot_main_controller-20]   File "/opt/ros/jazzy/lib/python3.12/site-packages/rclpy/utilities.py", line 82, in shutdown
[delivery_robot_main_controller-20]     context.shutdown()
[delivery_robot_main_controller-20]   File "/opt/ros/jazzy/lib/python3.12/site-packages/rclpy/context.py", line 129, in shutdown
[delivery_robot_main_controller-20]     self.__context.shutdown()
[delivery_robot_main_controller-20] rclpy._rclpy_pybind11.RCLError: failed to shutdown: rcl_shutdown already called on the given context, at ./src/rcl/init.c:333
[robot_state_publisher-1] [INFO] [1774056672.070179139] [rclcpp]: signal_handler(signum=2)
[autodock_action_server-25] Traceback (most recent call last):
[autodock_action_server-25]   File "/home/smr/workspaces/mini_amr/amrROS2_ws/install/action_autodock/lib/python3.12/site-packages/action_autodock/autodock_action_server.py", line 1409, in main
[autodock_action_server-25]     executor.spin()
[autodock_action_server-25]   File "/opt/ros/jazzy/lib/python3.12/site-packages/rclpy/executors.py", line 312, in spin
[autodock_action_server-25]     self.spin_once()
[autodock_action_server-25]   File "/opt/ros/jazzy/lib/python3.12/site-packages/rclpy/executors.py", line 917, in spin_once
[autodock_action_server-25]     self._spin_once_impl(timeout_sec)
[autodock_action_server-25]   File "/opt/ros/jazzy/lib/python3.12/site-packages/rclpy/executors.py", line 896, in _spin_once_impl
[autodock_action_server-25]     handler, entity, node = self.wait_for_ready_callbacks(
[autodock_action_server-25]                             ^^^^^^^^^^^^^^^^^^^^^^^^^^^^^^
[autodock_action_server-25]   File "/opt/ros/jazzy/lib/python3.12/site-packages/rclpy/executors.py", line 799, in wait_for_ready_callbacks
[autodock_action_server-25]     return next(self._cb_iter)
[autodock_action_server-25]            ^^^^^^^^^^^^^^^^^^^
[autodock_action_server-25]   File "/opt/ros/jazzy/lib/python3.12/site-packages/rclpy/executors.py", line 703, in _wait_for_ready_callbacks
[autodock_action_server-25]     wait_set.wait(timeout_nsec)
[autodock_action_server-25] KeyboardInterrupt
[autodock_action_server-25] 
[autodock_action_server-25] During handling of the above exception, another exception occurred:
[autodock_action_server-25] 
[autodock_action_server-25] Traceback (most recent call last):
[autodock_action_server-25]   File "/home/smr/workspaces/mini_amr/amrROS2_ws/install/action_autodock/lib/action_autodock/autodock_action_server", line 33, in <module>
[autodock_action_server-25]     sys.exit(load_entry_point('action-autodock==0.0.0', 'console_scripts', 'autodock_action_server')())
[autodock_action_server-25]              ^^^^^^^^^^^^^^^^^^^^^^^^^^^^^^^^^^^^^^^^^^^^^^^^^^^^^^^^^^^^^^^^^^^^^^^^^^^^^^^^^^^^^^^^^
[autodock_action_server-25]   File "/home/smr/workspaces/mini_amr/amrROS2_ws/install/action_autodock/lib/python3.12/site-packages/action_autodock/autodock_action_server.py", line 1420, in main
[autodock_action_server-25]     rclpy.shutdown()   
[autodock_action_server-25]     ^^^^^^^^^^^^^^^^
[autodock_action_server-25]   File "/opt/ros/jazzy/lib/python3.12/site-packages/rclpy/__init__.py", line 134, in shutdown
[autodock_action_server-25]     _shutdown(context=context)
[autodock_action_server-25]   File "/opt/ros/jazzy/lib/python3.12/site-packages/rclpy/utilities.py", line 82, in shutdown
[autodock_action_server-25]     context.shutdown()
[autodock_action_server-25]   File "/opt/ros/jazzy/lib/python3.12/site-packages/rclpy/context.py", line 129, in shutdown
[autodock_action_server-25]     self.__context.shutdown()
[autodock_action_server-25] rclpy._rclpy_pybind11.RCLError: failed to shutdown: rcl_shutdown already called on the given context, at ./src/rcl/init.c:333
[lifecycle_manager-19] [INFO] [1774056672.121218947] [lifecycle_manager_navigation]: Destroying lifecycle_manager_navigation
[controller_server-10] [INFO] [1774056672.184145489] [controller_server]: Destroying
[rplidar_node-3] [INFO] [1774056672.200732552] [rplidar_node]: Stop motor
[planner_server-12] [INFO] [1774056672.213616166] [planner_server]: Deactivating plugin GridBased of type SmacPlanner2D
[planner_server-12] [INFO] [1774056672.213682080] [planner_server]: Destroying bond (planner_server) to lifecycle manager.
[planner_server-12] [INFO] [1774056672.223965581] [planner_server]: Cleaning up
[planner_server-12] [INFO] [1774056672.276207595] [global_costmap.global_costmap]: Cleaning up
[planner_server-12] [INFO] [1774056672.314021968] [planner_server]: Cleaning up plugin GridBased of type SmacPlanner2D
[planner_server-12] [INFO] [1774056672.315578536] [planner_server]: Destroying plugin GridBased of type SmacPlanner2D
[bt_navigator-14] [INFO] [1774056672.402857775] [bt_navigator]: Completed Cleaning up
[bt_navigator-14] [INFO] [1774056672.402940605] [bt_navigator]: Destroying bond (bt_navigator) to lifecycle manager.
[rpc_run_node-23] Traceback (most recent call last):
[rpc_run_node-23]   File "/home/smr/workspaces/mini_amr/amrROS2_ws/install/delivery_robot_main_controller/lib/delivery_robot_main_controller/rpc_run_node", line 33, in <module>
[rpc_run_node-23]     sys.exit(load_entry_point('delivery-robot-main-controller==0.0.1', 'console_scripts', 'rpc_run_node')())
[rpc_run_node-23]              ^^^^^^^^^^^^^^^^^^^^^^^^^^^^^^^^^^^^^^^^^^^^^^^^^^^^^^^^^^^^^^^^^^^^^^^^^^^^^^^^^^^^^^^^^^^^^^
[rpc_run_node-23]   File "/home/smr/workspaces/mini_amr/amrROS2_ws/install/delivery_robot_main_controller/lib/python3.12/site-packages/delivery_robot_main_controller/rpc_run_node.py", line 57, in main
[rpc_run_node-23]     rclpy.shutdown()
[rpc_run_node-23]   File "/opt/ros/jazzy/lib/python3.12/site-packages/rclpy/__init__.py", line 134, in shutdown
[rpc_run_node-23]     _shutdown(context=context)
[rpc_run_node-23]   File "/opt/ros/jazzy/lib/python3.12/site-packages/rclpy/utilities.py", line 82, in shutdown
[rpc_run_node-23]     context.shutdown()
[rpc_run_node-23]   File "/opt/ros/jazzy/lib/python3.12/site-packages/rclpy/context.py", line 129, in shutdown
[rpc_run_node-23]     self.__context.shutdown()
[rpc_run_node-23] rclpy._rclpy_pybind11.RCLError: failed to shutdown: rcl_shutdown already called on the given context, at ./src/rcl/init.c:333
[planner_server-12] [INFO] [1774056672.454969419] [planner_server]: Destroying bond (planner_server) to lifecycle manager.
[bt_navigator-14] [INFO] [1774056672.480329203] [bt_navigator]: Destroying
[planner_server-12] [INFO] [1774056672.504410368] [global_costmap.global_costmap]: Destroying
[robot_sound-21] Traceback (most recent call last):
[robot_sound-21]   File "/home/smr/workspaces/mini_amr/amrROS2_ws/install/delivery_robot_main_controller/lib/delivery_robot_main_controller/robot_sound", line 33, in <module>
[robot_sound-21]     sys.exit(load_entry_point('delivery-robot-main-controller==0.0.1', 'console_scripts', 'robot_sound')())
[robot_sound-21]              ^^^^^^^^^^^^^^^^^^^^^^^^^^^^^^^^^^^^^^^^^^^^^^^^^^^^^^^^^^^^^^^^^^^^^^^^^^^^^^^^^^^^^^^^^^^^^
[robot_sound-21]   File "/home/smr/workspaces/mini_amr/amrROS2_ws/install/delivery_robot_main_controller/lib/python3.12/site-packages/delivery_robot_main_controller/robot_sound.py", line 369, in main
[robot_sound-21]     rclpy.shutdown()
[robot_sound-21]   File "/opt/ros/jazzy/lib/python3.12/site-packages/rclpy/__init__.py", line 134, in shutdown
[robot_sound-21]     _shutdown(context=context)
[robot_sound-21]   File "/opt/ros/jazzy/lib/python3.12/site-packages/rclpy/utilities.py", line 82, in shutdown
[robot_sound-21]     context.shutdown()
[robot_sound-21]   File "/opt/ros/jazzy/lib/python3.12/site-packages/rclpy/context.py", line 129, in shutdown
[robot_sound-21]     self.__context.shutdown()
[robot_sound-21] rclpy._rclpy_pybind11.RCLError: failed to shutdown: rcl_shutdown already called on the given context, at ./src/rcl/init.c:333
[planner_server-12] [INFO] [1774056672.625077224] [planner_server]: Destroying
[ERROR] [rpc_run_node-23]: process has died [pid 4321, exit code 1, cmd '/home/smr/workspaces/mini_amr/amrROS2_ws/install/delivery_robot_main_controller/lib/delivery_robot_main_controller/rpc_run_node --ros-args -r __node:=rpc_run_node -r __ns:=/ -r /tf:=tf -r /tf_static:=tf_static'].
[call_robot_button-22] Traceback (most recent call last):
[call_robot_button-22]   File "/home/smr/workspaces/mini_amr/amrROS2_ws/install/delivery_robot_main_controller/lib/delivery_robot_main_controller/call_robot_button", line 33, in <module>
[call_robot_button-22]     sys.exit(load_entry_point('delivery-robot-main-controller==0.0.1', 'console_scripts', 'call_robot_button')())
[call_robot_button-22]              ^^^^^^^^^^^^^^^^^^^^^^^^^^^^^^^^^^^^^^^^^^^^^^^^^^^^^^^^^^^^^^^^^^^^^^^^^^^^^^^^^^^^^^^^^^^^^^^^^^^
[call_robot_button-22]   File "/home/smr/workspaces/mini_amr/amrROS2_ws/install/delivery_robot_main_controller/lib/python3.12/site-packages/delivery_robot_main_controller/call_button.py", line 251, in main
[call_robot_button-22]     rclpy.shutdown()
[call_robot_button-22]   File "/opt/ros/jazzy/lib/python3.12/site-packages/rclpy/__init__.py", line 134, in shutdown
[call_robot_button-22]     _shutdown(context=context)
[call_robot_button-22]   File "/opt/ros/jazzy/lib/python3.12/site-packages/rclpy/utilities.py", line 82, in shutdown
[call_robot_button-22]     context.shutdown()
[call_robot_button-22]   File "/opt/ros/jazzy/lib/python3.12/site-packages/rclpy/context.py", line 129, in shutdown
[call_robot_button-22]     self.__context.shutdown()
[call_robot_button-22] rclpy._rclpy_pybind11.RCLError: failed to shutdown: rcl_shutdown already called on the given context, at ./src/rcl/init.c:333
[ERROR] [battery_manager_node-26]: process has died [pid 4324, exit code -2, cmd '/home/smr/workspaces/mini_amr/amrROS2_ws/install/battery_management/lib/battery_management/battery_manager_node --ros-args -r __node:=battery_manager -r __ns:=/ --params-file /home/smr/workspaces/mini_amr/amrROS2_ws/install/battery_management/share/battery_management/config/battery_manager.yaml -r /tf:=tf -r /tf_static:=tf_static'].
[ERROR] [robot_sound-21]: process has died [pid 4319, exit code 1, cmd '/home/smr/workspaces/mini_amr/amrROS2_ws/install/delivery_robot_main_controller/lib/delivery_robot_main_controller/robot_sound --ros-args -r __node:=robot_sound_node -r __ns:=/ -r /tf:=tf -r /tf_static:=tf_static'].
[ERROR] [call_robot_button-22]: process has died [pid 4320, exit code 1, cmd '/home/smr/workspaces/mini_amr/amrROS2_ws/install/delivery_robot_main_controller/lib/delivery_robot_main_controller/call_robot_button --ros-args -r __node:=call_robot_button_node -r __ns:=/ -r /tf:=tf -r /tf_static:=tf_static'].
[INFO] [velocity_smoother-16]: process has finished cleanly [pid 4050]
[INFO] [collision_detector-18]: process has finished cleanly [pid 4056]
[INFO] [behavior_server-13]: process has finished cleanly [pid 4047]
[INFO] [waypoint_follower-15]: process has finished cleanly [pid 4049]
[INFO] [smoother_server-11]: process has finished cleanly [pid 4045]
[INFO] [map_server-8]: process has finished cleanly [pid 4042]
[INFO] [costmap_filter_info_server-9]: process has finished cleanly [pid 4043]
[INFO] [collision_monitor-17]: process has finished cleanly [pid 4051]
[INFO] [robot_hardware-6]: process has finished cleanly [pid 4040]
[INFO] [lifecycle_manager-19]: process has finished cleanly [pid 4059]
[INFO] [joint_state_publisher-2]: process has finished cleanly [pid 4036]
[INFO] [controller_server-10]: process has finished cleanly [pid 4044]
[ERROR] [autodock_action_server-25]: process has died [pid 4323, exit code 1, cmd '/home/smr/workspaces/mini_amr/amrROS2_ws/install/action_autodock/lib/action_autodock/autodock_action_server --ros-args -r __ns:=/ --params-file /home/smr/workspaces/mini_amr/amrROS2_ws/install/action_autodock/share/action_autodock/config/auto_dock_config.yaml --params-file /tmp/launch_params_jyz7k_qd -r /tf:=tf -r /tf_static:=tf_static'].
[INFO] [bt_navigator-14]: process has finished cleanly [pid 4048]
[INFO] [planner_server-12]: process has finished cleanly [pid 4046]
[ERROR] [delivery_robot_main_controller-20]: process has died [pid 4318, exit code 1, cmd '/home/smr/workspaces/mini_amr/amrROS2_ws/install/delivery_robot_main_controller/lib/delivery_robot_main_controller/delivery_robot_main_controller --ros-args -r __node:=main_controller_node -r __ns:=/ --params-file /tmp/launch_params_fkh4w3tx -r /tf:=tf -r /tf_static:=tf_static'].
[INFO] [taskset-7]: process has finished cleanly [pid 4041]
[INFO] [robot_state_publisher-1]: process has finished cleanly [pid 4035]
[INFO] [ekf_node-5]: process has finished cleanly [pid 4039]
[INFO] [rplidar_node-3]: process has finished cleanly [pid 4037]
[INFO] [scan_to_scan_filter_chain-4]: process has finished cleanly [pid 4038]
