[INFO] [launch]: All log files can be found below /home/smr/.ros/log/2026-03-21-08-25-21-849072-two-6105
[INFO] [launch]: Default logging verbosity is set to INFO
[INFO] [robot_state_publisher-1]: process started with pid [6121]
[INFO] [joint_state_publisher-2]: process started with pid [6122]
[INFO] [rplidar_node-3]: process started with pid [6123]
[INFO] [scan_to_scan_filter_chain-4]: process started with pid [6124]
[INFO] [ekf_node-5]: process started with pid [6125]
[INFO] [robot_hardware-6]: process started with pid [6126]
[INFO] [taskset-7]: process started with pid [6127]
[INFO] [map_server-8]: process started with pid [6128]
[INFO] [costmap_filter_info_server-9]: process started with pid [6129]
[INFO] [controller_server-10]: process started with pid [6130]
[INFO] [smoother_server-11]: process started with pid [6137]
[INFO] [planner_server-12]: process started with pid [6156]
[INFO] [behavior_server-13]: process started with pid [6161]
[INFO] [bt_navigator-14]: process started with pid [6163]
[INFO] [waypoint_follower-15]: process started with pid [6167]
[INFO] [velocity_smoother-16]: process started with pid [6179]
[INFO] [collision_monitor-17]: process started with pid [6183]
[INFO] [collision_detector-18]: process started with pid [6194]
[INFO] [lifecycle_manager-19]: process started with pid [6211]
[robot_hardware-6] Serial port opened at port /dev/teensy with baudrate 460800
[robot_hardware-6] Created receive data thread
[robot_state_publisher-1] [INFO] [1774056322.969172848] [robot_state_publisher]: Robot initialized
[rplidar_node-3] [INFO] [1774056323.004692795] [rplidar_node]: RPLidar running on ROS2 package rplidar_ros. RPLIDAR SDK Version:2.1.0
[taskset-7] [INFO] [1774056322.981642614] [slam_toolbox]: Node using stack size 40000000
[map_server-8] [INFO] [1774056323.016344757] [keepout_filter_mask_server]: 
[map_server-8] 	keepout_filter_mask_server lifecycle node launched. 
[map_server-8] 	Waiting on external lifecycle transitions to activate
[map_server-8] 	See https://design.ros2.org/articles/node_lifecycle.html for more information.
[map_server-8] [INFO] [1774056323.016438379] [keepout_filter_mask_server]: Creating
[smoother_server-11] [INFO] [1774056323.041836102] [smoother_server]: 
[smoother_server-11] 	smoother_server lifecycle node launched. 
[smoother_server-11] 	Waiting on external lifecycle transitions to activate
[smoother_server-11] 	See https://design.ros2.org/articles/node_lifecycle.html for more information.
[smoother_server-11] [INFO] [1774056323.046838299] [smoother_server]: Creating smoother server
[rplidar_node-3] [INFO] [1774056323.053224989] [rplidar_node]: RPLidar S/N: CEDCEDF9C7E29BCEA7E39EF25E0F4304
[rplidar_node-3] [INFO] [1774056323.053288279] [rplidar_node]: Firmware Ver: 1.02
[rplidar_node-3] [INFO] [1774056323.053299945] [rplidar_node]: Hardware Rev: 18
[rplidar_node-3] [INFO] [1774056323.058864164] [rplidar_node]: RPLidar health status : 0
[rplidar_node-3] [INFO] [1774056323.058995993] [rplidar_node]: RPLidar health status : OK.
[rplidar_node-3] [INFO] [1774056323.059569681] [rplidar_node]: Start
[costmap_filter_info_server-9] [INFO] [1774056323.145099645] [costmap_filter_info_server]: This is costmap filter info publisher
[bt_navigator-14] [INFO] [1774056323.175436276] [bt_navigator]: 
[bt_navigator-14] 	bt_navigator lifecycle node launched. 
[bt_navigator-14] 	Waiting on external lifecycle transitions to activate
[bt_navigator-14] 	See https://design.ros2.org/articles/node_lifecycle.html for more information.
[bt_navigator-14] [INFO] [1774056323.179007608] [bt_navigator]: Creating
[controller_server-10] [INFO] [1774056323.188262738] [controller_server]: 
[controller_server-10] 	controller_server lifecycle node launched. 
[controller_server-10] 	Waiting on external lifecycle transitions to activate
[controller_server-10] 	See https://design.ros2.org/articles/node_lifecycle.html for more information.
[behavior_server-13] [INFO] [1774056323.195083412] [behavior_server]: 
[rplidar_node-3] [INFO] [1774056323.200220938] [rplidar_node]: current scan mode: Sensitivity, sample rate: 32 Khz, max_distance: 30.0 m, scan frequency:10.0 Hz, 
[behavior_server-13] 	behavior_server lifecycle node launched. 
[behavior_server-13] 	Waiting on external lifecycle transitions to activate
[behavior_server-13] 	See https://design.ros2.org/articles/node_lifecycle.html for more information.
[waypoint_follower-15] [INFO] [1774056323.221574555] [waypoint_follower]: 
[waypoint_follower-15] 	waypoint_follower lifecycle node launched. 
[waypoint_follower-15] 	Waiting on external lifecycle transitions to activate
[waypoint_follower-15] 	See https://design.ros2.org/articles/node_lifecycle.html for more information.
[waypoint_follower-15] [INFO] [1774056323.224573657] [waypoint_follower]: Creating
[taskset-7] [INFO] [1774056323.273833825] [slam_toolbox]: Configuring
[lifecycle_manager-19] [INFO] [1774056323.347233220] [lifecycle_manager_navigation]: Creating
[taskset-7] [INFO] [1774056323.368312388] [slam_toolbox]: Using solver plugin solver_plugins::CeresSolver
[velocity_smoother-16] [INFO] [1774056323.377716846] [velocity_smoother]: 
[collision_detector-18] [INFO] [1774056323.379082381] [collision_detector]: 
[collision_detector-18] 	collision_detector lifecycle node launched. 
[collision_detector-18] 	Waiting on external lifecycle transitions to activate
[collision_detector-18] 	See https://design.ros2.org/articles/node_lifecycle.html for more information.
[velocity_smoother-16] 	velocity_smoother lifecycle node launched. 
[taskset-7] [INFO] [1774056323.381096559] [slam_toolbox]: CeresSolver: Using SCHUR_JACOBI preconditioner.
[velocity_smoother-16] 	Waiting on external lifecycle transitions to activate
[velocity_smoother-16] 	See https://design.ros2.org/articles/node_lifecycle.html for more information.
[costmap_filter_info_server-9] [INFO] [1774056323.400806693] [keepout_costmap_filter_info_server]: 
[costmap_filter_info_server-9] 	keepout_costmap_filter_info_server lifecycle node launched. 
[costmap_filter_info_server-9] 	Waiting on external lifecycle transitions to activate
[costmap_filter_info_server-9] 	See https://design.ros2.org/articles/node_lifecycle.html for more information.
[controller_server-10] [INFO] [1774056323.422252765] [controller_server]: Creating controller server
[lifecycle_manager-19] [INFO] [1774056323.430926332] [lifecycle_manager_navigation]: [34m[1mCreating and initializing lifecycle service clients[0m[0m
[collision_monitor-17] [INFO] [1774056323.479191660] [collision_monitor]: 
[collision_monitor-17] 	collision_monitor lifecycle node launched. 
[collision_monitor-17] 	Waiting on external lifecycle transitions to activate
[collision_monitor-17] 	See https://design.ros2.org/articles/node_lifecycle.html for more information.
[controller_server-10] [INFO] [1774056323.650405291] [local_costmap.local_costmap]: 
[controller_server-10] 	local_costmap lifecycle node launched. 
[controller_server-10] 	Waiting on external lifecycle transitions to activate
[controller_server-10] 	See https://design.ros2.org/articles/node_lifecycle.html for more information.
[planner_server-12] [INFO] [1774056323.654915464] [planner_server]: 
[planner_server-12] 	planner_server lifecycle node launched. 
[controller_server-10] [INFO] [1774056323.656814439] [local_costmap.local_costmap]: Creating Costmap
[planner_server-12] 	Waiting on external lifecycle transitions to activate
[planner_server-12] 	See https://design.ros2.org/articles/node_lifecycle.html for more information.
[planner_server-12] [INFO] [1774056323.671974442] [planner_server]: Creating
[planner_server-12] [INFO] [1774056323.768163569] [global_costmap.global_costmap]: 
[planner_server-12] 	global_costmap lifecycle node launched. 
[planner_server-12] 	Waiting on external lifecycle transitions to activate
[planner_server-12] 	See https://design.ros2.org/articles/node_lifecycle.html for more information.
[lifecycle_manager-19] [INFO] [1774056323.771942852] [lifecycle_manager_navigation]: [34m[1mStarting managed nodes bringup...[0m[0m
[lifecycle_manager-19] [INFO] [1774056323.772018683] [lifecycle_manager_navigation]: [34m[1mConfiguring controller_server[0m[0m
[planner_server-12] [INFO] [1774056323.772307131] [global_costmap.global_costmap]: Creating Costmap
[controller_server-10] [INFO] [1774056323.772601412] [controller_server]: Configuring controller interface
[controller_server-10] [INFO] [1774056323.772635536] [controller_server]: getting progress checker plugins..
[controller_server-10] [INFO] [1774056323.774078943] [controller_server]: getting goal checker plugins..
[controller_server-10] [INFO] [1774056323.775851338] [controller_server]: Controller frequency set to 10.0000Hz
[controller_server-10] [INFO] [1774056323.775942043] [local_costmap.local_costmap]: Configuring
[controller_server-10] [INFO] [1774056323.802409271] [local_costmap.local_costmap]: Using plugin "obstacle_layer"
[controller_server-10] [INFO] [1774056323.814890411] [local_costmap.local_costmap]: Subscribed to Topics: scan
[controller_server-10] [INFO] [1774056323.831106210] [local_costmap.local_costmap]: Initialized plugin "obstacle_layer"
[controller_server-10] [INFO] [1774056323.831160458] [local_costmap.local_costmap]: Using plugin "denoise_layer"
[controller_server-10] [INFO] [1774056323.834438967] [local_costmap.local_costmap]: Initialized plugin "denoise_layer"
[controller_server-10] [INFO] [1774056323.834491757] [local_costmap.local_costmap]: Using plugin "inflation_layer"
[controller_server-10] [INFO] [1774056323.837386737] [local_costmap.local_costmap]: Initialized plugin "inflation_layer"
[controller_server-10] [INFO] [1774056323.837436902] [local_costmap.local_costmap]: Using costmap filter "keepout_filter"
[controller_server-10] [INFO] [1774056323.843930922] [local_costmap.local_costmap]: Initialized costmap filter "keepout_filter"
[controller_server-10] [INFO] [1774056323.844639355] [local_costmap.local_costmap]: Using costmap filter "inflation_layer"
[controller_server-10] [INFO] [1774056323.844941219] [local_costmap.local_costmap]: Initialized costmap filter "inflation_layer"
[rplidar_node-3] [INFO] [1774056323.850790386] [rplidar_node]: set lidar scan frequency to 10.0 Hz(600.0 Rpm) 
[controller_server-10] [INFO] [1774056323.887732158] [controller_server]: Created progress_checker : progress_checker of type nav2_controller::SimpleProgressChecker
[controller_server-10] [INFO] [1774056323.893663865] [controller_server]: Controller Server has progress_checker  progress checkers available.
[controller_server-10] [INFO] [1774056323.895156562] [controller_server]: Created goal checker : goal_checker of type nav2_controller::SimpleGoalChecker
[controller_server-10] [INFO] [1774056323.897180948] [controller_server]: Controller Server has goal_checker  goal checkers available.
[controller_server-10] [INFO] [1774056323.899554155] [controller_server]: Created controller : FollowPath of type nav2_mppi_controller::MPPIController
[controller_server-10] [INFO] [1774056323.908321928] [controller_server]: Controller period is equal to model dt. Control sequence shifting is ON
[controller_server-10] [INFO] [1774056323.912477738] [controller_server]: ConstraintCritic instantiated with 1 power and 4.000000 weight.
[controller_server-10] [INFO] [1774056323.912602276] [controller_server]: Critic loaded : mppi::critics::ConstraintCritic
[controller_server-10] [INFO] [1774056323.919692149] [controller_server]: InflationCostCritic instantiated with 1 power and 300.000000 / 0.015000 weights. Critic will collision check based on footprint cost.
[controller_server-10] [INFO] [1774056323.919752522] [controller_server]: Critic loaded : mppi::critics::CostCritic
[controller_server-10] [INFO] [1774056323.921721202] [controller_server]: GoalCritic instantiated with 1 power and 5.000000 weight.
[controller_server-10] [INFO] [1774056323.921800824] [controller_server]: Critic loaded : mppi::critics::GoalCritic
[controller_server-10] [INFO] [1774056323.923021114] [controller_server]: GoalAngleCritic instantiated with 1 power, 3.000000 weight, and 0.500000 angular threshold.
[controller_server-10] [INFO] [1774056323.923066613] [controller_server]: Critic loaded : mppi::critics::GoalAngleCritic
[controller_server-10] [INFO] [1774056323.925797391] [controller_server]: ReferenceTrajectoryCritic instantiated with 1 power and 2.000000 weight
[controller_server-10] [INFO] [1774056323.925848139] [controller_server]: Critic loaded : mppi::critics::PathAlignCritic
[controller_server-10] [INFO] [1774056323.927673032] [controller_server]: Critic loaded : mppi::critics::PathFollowCritic
[controller_server-10] [INFO] [1774056323.930166985] [controller_server]: PathAngleCritic instantiated with 1 power and 1.500000 weight. Mode set to: Forward Preference
[controller_server-10] [INFO] [1774056323.930219192] [controller_server]: Critic loaded : mppi::critics::PathAngleCritic
[controller_server-10] [INFO] [1774056323.931589393] [controller_server]: PreferForwardCritic instantiated with 1 power and 10.000000 weight.
[controller_server-10] [INFO] [1774056323.931638683] [controller_server]: Critic loaded : mppi::critics::PreferForwardCritic
[controller_server-10] [INFO] [1774056323.933083840] [controller_server]: Optimizer reset
[controller_server-10] [INFO] [1774056323.942221724] [MPPIController]: Configured MPPI Controller: FollowPath
[controller_server-10] [INFO] [1774056323.942262848] [controller_server]: Controller Server has FollowPath  controllers available.
[lifecycle_manager-19] [INFO] [1774056323.960793815] [lifecycle_manager_navigation]: [34m[1mConfiguring smoother_server[0m[0m
[smoother_server-11] [INFO] [1774056323.961682492] [smoother_server]: Configuring smoother server
[smoother_server-11] [INFO] [1774056324.017339558] [smoother_server]: Created smoother : simple_smoother of type nav2_smoother::SimpleSmoother
[smoother_server-11] [INFO] [1774056324.022975816] [smoother_server]: Smoother Server has simple_smoother  smoothers available.
[scan_to_scan_filter_chain-4] [WARN] [1774056324.034234625] [scan_to_scan_filter_chain]: diagnostic_updater: No HW_ID was set. This is probably a bug. Please report it. For devices that do not have a HW_ID, set this value to 'none'. This warning only occurs once all diagnostics are OK. It is okay to wait until the device is open before calling setHardwareID.
[lifecycle_manager-19] [INFO] [1774056324.038485807] [lifecycle_manager_navigation]: [34m[1mConfiguring planner_server[0m[0m
[planner_server-12] [INFO] [1774056324.039871758] [planner_server]: Configuring
[planner_server-12] [INFO] [1774056324.039990170] [global_costmap.global_costmap]: Configuring
[planner_server-12] [INFO] [1774056324.063547543] [global_costmap.global_costmap]: Using plugin "static_layer"
[planner_server-12] [INFO] [1774056324.073565062] [global_costmap.global_costmap]: Subscribing to the map topic (/map) with transient local durability
[planner_server-12] [INFO] [1774056324.076647578] [global_costmap.global_costmap]: Initialized plugin "static_layer"
[planner_server-12] [INFO] [1774056324.076709700] [global_costmap.global_costmap]: Using plugin "obstacle_layer"
[planner_server-12] [INFO] [1774056324.080965841] [global_costmap.global_costmap]: Subscribed to Topics: scan
[planner_server-12] [INFO] [1774056324.103443501] [global_costmap.global_costmap]: Initialized plugin "obstacle_layer"
[planner_server-12] [INFO] [1774056324.103506207] [global_costmap.global_costmap]: Using plugin "inflation_layer"
[planner_server-12] [INFO] [1774056324.111941783] [global_costmap.global_costmap]: Initialized plugin "inflation_layer"
[planner_server-12] [INFO] [1774056324.111994864] [global_costmap.global_costmap]: Using costmap filter "keepout_filter"
[planner_server-12] [INFO] [1774056324.123494290] [global_costmap.global_costmap]: Initialized costmap filter "keepout_filter"
[planner_server-12] [INFO] [1774056324.123549413] [global_costmap.global_costmap]: Using costmap filter "inflation_layer2"
[taskset-7] Load From File /home/smr/workspaces/mini_amr/amrROS2_ws/maps/latest_map.posegraph 
[taskset-7] Mapper <- Module
[taskset-7] Mapper <- m_pSequentialScanMatcher
[taskset-7] Mapper <- m_pGraph
[taskset-7] MapperGraph <- Graph; Graph <- m_Edges; Graph <- m_Vertices
[taskset-7] MapperGraph <- m_pMapper; MapperGraph <- m_pLoopScanMatcher; MapperGraph <- m_pTraversal
[taskset-7] Mapper <- m_pMapperSensorManager
[taskset-7] MapperSensorManager <- m_ScanManagers; MapperSensorManager <- m_Scans
[taskset-7] Mapper <- m_Listeners
[taskset-7] **Finished serializing Mapper**
[taskset-7] Load From File
[taskset-7] **Serializing Dataset**
[taskset-7] Dataset <- m_SensorNameLookup
[taskset-7] Dataset <- m_Data
[taskset-7] Dataset <- m_Lasers
[taskset-7] Dataset <- m_pDatasetInfo
[taskset-7] **Finished serializing Dataset**
[taskset-7] Registering sensor: [Custom Described Lidar]
[taskset-7] WARNING: Logging before InitGoogleLogging() is written to STDERR
[taskset-7] W20260321 08:25:24.128597  6127 preprocessor.cc:67] Specified options.num_threads: 50 exceeds maximum available from the threading model Ceres was compiled with: 8.  Bounding to maximum number available.
[planner_server-12] [INFO] [1774056324.130979941] [global_costmap.global_costmap]: Initialized costmap filter "inflation_layer2"
[INFO] [launch.user]: [LifecycleLaunch] Slamtoolbox node is activating.
[taskset-7] [INFO] [1774056324.150788946] [slam_toolbox]: Activating
[taskset-7] Registering sensor: [Custom Described Lidar]
[planner_server-12] [INFO] [1774056324.206450387] [planner_server]: Created global planner plugin GridBased of type nav2_smac_planner::SmacPlanner2D
[planner_server-12] [INFO] [1774056324.207247483] [planner_server]: Configuring GridBased of type SmacPlanner2D
[planner_server-12] [ERROR] [1774056324.214499226] [planner_server]: Inflation layer either not found or inflation is not set sufficiently for optimized non-circular collision checking capabilities. It is HIGHLY recommended to set the inflation radius to be at MINIMUM half of the robot's largest cross-section. See github.com/ros-planning/navigation2/tree/main/nav2_smac_planner#potential-fields for full instructions. This will substantially impact run-time performance.
[planner_server-12] [INFO] [1774056324.219448925] [planner_server]: Configured plugin GridBased of type SmacPlanner2D with tolerance 0.12, maximum iterations 1000000, max on approach iterations 1000, and not allowing unknown traversal.
[planner_server-12] [INFO] [1774056324.220512887] [planner_server]: Planner Server has GridBased  planners available.
[joint_state_publisher-2] [INFO] [1774056324.249582272] [joint_state_publisher]: Waiting for robot_description to be published on the robot_description topic...
[lifecycle_manager-19] [INFO] [1774056324.251846983] [lifecycle_manager_navigation]: [34m[1mConfiguring behavior_server[0m[0m
[behavior_server-13] [INFO] [1774056324.252596249] [behavior_server]: Configuring
[behavior_server-13] [INFO] [1774056324.269549063] [behavior_server]: Creating behavior plugin wait of type nav2_behaviors::Wait
[behavior_server-13] [INFO] [1774056324.283381739] [behavior_server]: Configuring wait
[lifecycle_manager-19] [INFO] [1774056324.303814014] [lifecycle_manager_navigation]: [34m[1mConfiguring velocity_smoother[0m[0m
[velocity_smoother-16] [INFO] [1774056324.304497948] [velocity_smoother]: Configuring velocity smoother
[lifecycle_manager-19] [INFO] [1774056324.314378097] [lifecycle_manager_navigation]: [34m[1mConfiguring collision_monitor[0m[0m
[collision_monitor-17] [INFO] [1774056324.315002242] [collision_monitor]: Configuring
[collision_monitor-17] [INFO] [1774056324.327659834] [collision_monitor]: [scan]: Creating Scan
[collision_monitor-17] [INFO] [1774056324.333421504] [collision_monitor]: [PolygonStop]: Creating Polygon
[collision_monitor-17] [INFO] [1774056324.333472253] [collision_monitor]: [PolygonStop]: Creating Circle
[collision_monitor-17] [INFO] [1774056324.338201460] [collision_monitor]: [PolygonSlow]: Creating Polygon
[collision_monitor-17] [INFO] [1774056324.343971880] [collision_monitor]: [FootprintApproach]: Creating Polygon
[collision_monitor-17] [INFO] [1774056324.344383115] [collision_monitor]: [FootprintApproach]: Polygon points are not defined. Using dynamic subscription instead.
[collision_monitor-17] [INFO] [1774056324.348884247] [collision_monitor]: [FootprintApproach]: Making footprint subscriber on /local_costmap/published_footprint topic
[lifecycle_manager-19] [INFO] [1774056324.365804397] [lifecycle_manager_navigation]: [34m[1mConfiguring collision_detector[0m[0m
[collision_detector-18] [INFO] [1774056324.366206882] [collision_detector]: Configuring
[collision_detector-18] [INFO] [1774056324.389996413] [collision_monitor]: [scan]: Creating Scan
[collision_detector-18] [INFO] [1774056324.394601374] [collision_monitor]: [PolygonStop]: Creating Polygon
[collision_detector-18] [INFO] [1774056324.394636373] [collision_monitor]: [PolygonStop]: Creating Circle
[collision_detector-18] [INFO] [1774056324.401695623] [collision_monitor]: [PolygonSlow]: Creating Polygon
[lifecycle_manager-19] [INFO] [1774056324.407637245] [lifecycle_manager_navigation]: [34m[1mConfiguring bt_navigator[0m[0m
[bt_navigator-14] [INFO] [1774056324.408057230] [bt_navigator]: Configuring
[bt_navigator-14] [INFO] [1774056324.430536932] [bt_navigator]: Creating navigator id navigate_to_pose of type nav2_bt_navigator::NavigateToPoseNavigator
[planner_server-12] [INFO] [1774056324.570523505] [global_costmap.global_costmap]: StaticLayer: Resizing costmap to 787 X 922 at 0.050000 m/pix
[bt_navigator-14] [INFO] [1774056324.573985173] [bt_navigator]: Creating navigator id navigate_through_poses of type nav2_bt_navigator::NavigateThroughPosesNavigator
[lifecycle_manager-19] [INFO] [1774056324.622374456] [lifecycle_manager_navigation]: [34m[1mConfiguring waypoint_follower[0m[0m
[waypoint_follower-15] [INFO] [1774056324.622802607] [waypoint_follower]: Configuring
[waypoint_follower-15] [INFO] [1774056324.684248176] [waypoint_follower]: Created waypoint_task_executor : wait_at_waypoint of type nav2_waypoint_follower::WaitAtWaypoint
[lifecycle_manager-19] [INFO] [1774056324.686787336] [lifecycle_manager_navigation]: [34m[1mConfiguring keepout_filter_mask_server[0m[0m
[map_server-8] [INFO] [1774056324.687409147] [keepout_filter_mask_server]: Configuring
[map_server-8] [INFO] [1774056324.687495186] [map_io]: Loading yaml file: /home/smr/workspaces/mini_amr/amrROS2_ws/maps/latest_map_keepout.yaml
[map_server-8] [INFO] [1774056324.687801133] [map_io]: resolution: 0.05
[map_server-8] [INFO] [1774056324.687814258] [map_io]: origin[0]: -26.12
[map_server-8] [INFO] [1774056324.687819216] [map_io]: origin[1]: -29.258
[map_server-8] [INFO] [1774056324.687823591] [map_io]: origin[2]: 0
[map_server-8] [INFO] [1774056324.687827966] [map_io]: free_thresh: 0.196
[map_server-8] [INFO] [1774056324.687832341] [map_io]: occupied_thresh: 0.65
[map_server-8] [INFO] [1774056324.687838174] [map_io]: mode: trinary
[map_server-8] [INFO] [1774056324.687843423] [map_io]: negate: 0
[map_server-8] [INFO] [1774056324.688052833] [map_io]: Loading image_file: /home/smr/workspaces/mini_amr/amrROS2_ws/maps/latest_map_keepout.pgm
[map_server-8] [INFO] [1774056324.700597262] [map_io]: Read map /home/smr/workspaces/mini_amr/amrROS2_ws/maps/latest_map_keepout.pgm: 787 X 922 map @ 0.05 m/cell
[lifecycle_manager-19] [INFO] [1774056324.714594432] [lifecycle_manager_navigation]: [34m[1mConfiguring keepout_costmap_filter_info_server[0m[0m
[costmap_filter_info_server-9] [INFO] [1774056324.714936545] [keepout_costmap_filter_info_server]: Configuring
[lifecycle_manager-19] [INFO] [1774056324.723693818] [lifecycle_manager_navigation]: [34m[1mActivating controller_server[0m[0m
[controller_server-10] [INFO] [1774056324.724181175] [controller_server]: Activating
[controller_server-10] [INFO] [1774056324.724229590] [local_costmap.local_costmap]: Activating
[controller_server-10] [INFO] [1774056324.724243590] [local_costmap.local_costmap]: Checking transform
[controller_server-10] [INFO] [1774056324.724434625] [local_costmap.local_costmap]: start
[controller_server-10] [INFO] [1774056324.725376675] [local_costmap.local_costmap]: KeepoutFilter: Subscribing to "/keepout_costmap_filter_info" topic for filter info...
[controller_server-10] [WARN] [1774056324.827985449] [local_costmap.local_costmap]: KeepoutFilter: Filter mask was not received
[controller_server-10] [WARN] [1774056324.829320068] [controller_server]: Parameter controller_server.verbose not found
[controller_server-10] [INFO] [1774056324.830836098] [controller_server]: Optimizer reset
[controller_server-10] [INFO] [1774056324.832342503] [MPPIController]: Activated MPPI Controller: FollowPath
[controller_server-10] [INFO] [1774056324.832531204] [controller_server]: Creating bond (controller_server) to lifecycle manager.
[lifecycle_manager-19] [INFO] [1774056324.941961820] [lifecycle_manager_navigation]: Server controller_server connected with bond.
[lifecycle_manager-19] [INFO] [1774056324.942070024] [lifecycle_manager_navigation]: [34m[1mActivating smoother_server[0m[0m
[smoother_server-11] [INFO] [1774056324.942875871] [smoother_server]: Activating
[smoother_server-11] [INFO] [1774056324.943050573] [smoother_server]: Creating bond (smoother_server) to lifecycle manager.
[lifecycle_manager-19] [INFO] [1774056325.057634755] [lifecycle_manager_navigation]: Server smoother_server connected with bond.
[lifecycle_manager-19] [INFO] [1774056325.057762501] [lifecycle_manager_navigation]: [34m[1mActivating planner_server[0m[0m
[planner_server-12] [INFO] [1774056325.058598096] [planner_server]: Activating
[planner_server-12] [INFO] [1774056325.058691426] [global_costmap.global_costmap]: Activating
[planner_server-12] [INFO] [1774056325.058713884] [global_costmap.global_costmap]: Checking transform
[planner_server-12] [INFO] [1774056325.058988332] [global_costmap.global_costmap]: start
[planner_server-12] [INFO] [1774056325.060231663] [global_costmap.global_costmap]: KeepoutFilter: Subscribing to "/keepout_costmap_filter_info" topic for filter info...
[planner_server-12] [WARN] [1774056325.607649273] [global_costmap.global_costmap]: KeepoutFilter: Filter mask was not received
[planner_server-12] [INFO] [1774056325.667215992] [planner_server]: Activating plugin GridBased of type SmacPlanner2D
[planner_server-12] [INFO] [1774056325.668804936] [planner_server]: Creating bond (planner_server) to lifecycle manager.
[lifecycle_manager-19] [INFO] [1774056325.782076665] [lifecycle_manager_navigation]: Server planner_server connected with bond.
[lifecycle_manager-19] [INFO] [1774056325.782223951] [lifecycle_manager_navigation]: [34m[1mActivating behavior_server[0m[0m
[behavior_server-13] [INFO] [1774056325.783866560] [behavior_server]: Activating
[behavior_server-13] [INFO] [1774056325.784044178] [behavior_server]: Activating wait
[behavior_server-13] [INFO] [1774056325.784134883] [behavior_server]: Creating bond (behavior_server) to lifecycle manager.
[lifecycle_manager-19] [INFO] [1774056325.899658199] [lifecycle_manager_navigation]: Server behavior_server connected with bond.
[lifecycle_manager-19] [INFO] [1774056325.899760279] [lifecycle_manager_navigation]: [34m[1mActivating velocity_smoother[0m[0m
[velocity_smoother-16] [INFO] [1774056325.900661205] [velocity_smoother]: Activating
[velocity_smoother-16] [INFO] [1774056325.900807325] [velocity_smoother]: Creating bond (velocity_smoother) to lifecycle manager.
[lifecycle_manager-19] [INFO] [1774056326.012284493] [lifecycle_manager_navigation]: Server velocity_smoother connected with bond.
[lifecycle_manager-19] [INFO] [1774056326.012488361] [lifecycle_manager_navigation]: [34m[1mActivating collision_monitor[0m[0m
[collision_monitor-17] [INFO] [1774056326.013784773] [collision_monitor]: Activating
[collision_monitor-17] [INFO] [1774056326.013893269] [collision_monitor]: Creating bond (collision_monitor) to lifecycle manager.
[lifecycle_manager-19] [INFO] [1774056326.124941119] [lifecycle_manager_navigation]: Server collision_monitor connected with bond.
[lifecycle_manager-19] [INFO] [1774056326.125048740] [lifecycle_manager_navigation]: [34m[1mActivating collision_detector[0m[0m
[collision_detector-18] [INFO] [1774056326.125772923] [collision_detector]: Activating
[collision_detector-18] [INFO] [1774056326.125927209] [collision_detector]: Creating bond (collision_detector) to lifecycle manager.
[lifecycle_manager-19] [INFO] [1774056326.276520738] [lifecycle_manager_navigation]: Server collision_detector connected with bond.
[lifecycle_manager-19] [INFO] [1774056326.276624568] [lifecycle_manager_navigation]: [34m[1mActivating bt_navigator[0m[0m
[bt_navigator-14] [INFO] [1774056326.277513536] [bt_navigator]: Activating
[bt_navigator-14] [INFO] [1774056326.381848333] [bt_navigator]: Creating bond (bt_navigator) to lifecycle manager.
[lifecycle_manager-19] [INFO] [1774056326.489634882] [lifecycle_manager_navigation]: Server bt_navigator connected with bond.
[lifecycle_manager-19] [INFO] [1774056326.489708088] [lifecycle_manager_navigation]: [34m[1mActivating waypoint_follower[0m[0m
[waypoint_follower-15] [INFO] [1774056326.490226652] [waypoint_follower]: Activating
[waypoint_follower-15] [INFO] [1774056326.490295192] [waypoint_follower]: Creating bond (waypoint_follower) to lifecycle manager.
[lifecycle_manager-19] [INFO] [1774056326.597778710] [lifecycle_manager_navigation]: Server waypoint_follower connected with bond.
[lifecycle_manager-19] [INFO] [1774056326.597847541] [lifecycle_manager_navigation]: [34m[1mActivating keepout_filter_mask_server[0m[0m
[map_server-8] [INFO] [1774056326.598316524] [keepout_filter_mask_server]: Activating
[map_server-8] [INFO] [1774056326.599259449] [keepout_filter_mask_server]: Creating bond (keepout_filter_mask_server) to lifecycle manager.
[lifecycle_manager-19] [INFO] [1774056326.707288656] [lifecycle_manager_navigation]: Server keepout_filter_mask_server connected with bond.
[lifecycle_manager-19] [INFO] [1774056326.707365070] [lifecycle_manager_navigation]: [34m[1mActivating keepout_costmap_filter_info_server[0m[0m
[costmap_filter_info_server-9] [INFO] [1774056326.707937591] [keepout_costmap_filter_info_server]: Activating
[costmap_filter_info_server-9] [INFO] [1774056326.708084294] [keepout_costmap_filter_info_server]: Creating bond (keepout_costmap_filter_info_server) to lifecycle manager.
[controller_server-10] [INFO] [1774056326.708372159] [local_costmap.local_costmap]: KeepoutFilter: Received filter info from /keepout_costmap_filter_info topic.
[controller_server-10] [INFO] [1774056326.708431657] [local_costmap.local_costmap]: KeepoutFilter: Subscribing to "/keepout_filter_mask" topic for filter mask...
[planner_server-12] [INFO] [1774056326.708536361] [global_costmap.global_costmap]: KeepoutFilter: Received filter info from /keepout_costmap_filter_info topic.
[planner_server-12] [INFO] [1774056326.708620067] [global_costmap.global_costmap]: KeepoutFilter: Subscribing to "/keepout_filter_mask" topic for filter mask...
[planner_server-12] [INFO] [1774056326.734109079] [global_costmap.global_costmap]: KeepoutFilter: Received filter mask from /keepout_filter_mask topic.
[controller_server-10] [INFO] [1774056326.749209876] [local_costmap.local_costmap]: KeepoutFilter: Received filter mask from /keepout_filter_mask topic.
[lifecycle_manager-19] [INFO] [1774056326.820572634] [lifecycle_manager_navigation]: Server keepout_costmap_filter_info_server connected with bond.
[lifecycle_manager-19] [INFO] [1774056326.820644674] [lifecycle_manager_navigation]: [34m[1mManaged nodes are active[0m[0m
[lifecycle_manager-19] [INFO] [1774056326.820662756] [lifecycle_manager_navigation]: [34m[1mCreating bond timer...[0m[0m
[INFO] [delivery_robot_main_controller-20]: process started with pid [6388]
[INFO] [robot_sound-21]: process started with pid [6389]
[INFO] [call_robot_button-22]: process started with pid [6390]
[INFO] [rpc_run_node-23]: process started with pid [6391]
[INFO] [dock_coordinates-24]: process started with pid [6392]
[INFO] [autodock_action_server-25]: process started with pid [6393]
[INFO] [battery_manager_node-26]: process started with pid [6394]
[dock_coordinates-24] [INFO] [1774056328.232088280] [dock_coordinates]: begin dock_coordinates
[dock_coordinates-24] [INFO] [1774056328.232822670] [dock coordinates]: max_alignment_error: 0.010000
[dock_coordinates-24] [INFO] [1774056328.232871377] [dock coordinates]: minimum_point_cloud: 5
[dock_coordinates-24] [INFO] [1774056328.232886835] [dock coordinates]: point_cloud_split_dist: 0.050000
[dock_coordinates-24] [INFO] [1774056328.232902876] [dock coordinates]: max_dock_width: 0.380000
[dock_coordinates-24] [INFO] [1774056328.232918334] [dock coordinates]: min_dock_width: 0.310000
[dock_coordinates-24] [INFO] [1774056328.232933500] [dock coordinates]: range_limit: 1.200000
[battery_manager_node-26] [INFO] [1774056329.390638155] [battery_manager]: SOC limits from API: target=1.00, resume=0.95
[rpc_run_node-23] [0m[INFO] [1774056329.478426705] [rpc_run_node]: RPC run node started; RPC bridge configured.[0m
[rpc_run_node-23] 2026-03-21 08:25:29,479 [INFO] RPCServer listening on localhost:6000
[robot_sound-21] [0m[INFO] [1774056329.792661301] [robot_sound_node]: Obstacle sound alarm disabled (API).[0m
[robot_sound-21] [0m[INFO] [1774056329.793862925] [robot_sound_node]: Obstacle sound alarm is enabled.[0m
[robot_sound-21] [0m[INFO] [1774056329.795371954] [robot_sound_node]: ✅ robot_sound_node started using .wav files[0m
[robot_sound-21] [0m[INFO] [1774056329.797414423] [robot_sound_node]: Sound volume set to 100% (API).[0m
[robot_sound-21] [33m[WARN] [1774056329.797888948] [robot_sound_node]: Map not available yet; skipping obstacle classification.[0m
[robot_sound-21] [0m[INFO] [1774056329.798368431] [robot_sound_node]: Obstacle detected but sound alarm disabled.[0m
[battery_manager_node-26] [INFO] [1774056329.850259339] [battery_manager]: State change: IDLE_ON_DOCK -> UNKNOWN
[autodock_action_server-25] [INFO] [1774056330.009802926] [autodock_action_server]: auto_dock_init_start
[autodock_action_server-25] [INFO] [1774056330.070876633] [autodock_action_server]: auto_dock_init_complete
[delivery_robot_main_controller-20] [0m[INFO] [1774056330.439614211] [main_controller_node]: Delivery Robot Main Controller Node started.[0m
[delivery_robot_main_controller-20] [0m[INFO] [1774056330.448013621] [main_controller_node]: Initial state: STANDBY[0m
[delivery_robot_main_controller-20] [0m[INFO] [1774056330.453856663] [main_controller_node]: setting_batteryLowToCharge: 40[0m
[delivery_robot_main_controller-20] [33m[WARN] [1774056330.472901529] [rcl.logging_rosout]: Publisher already registered for node name: 'main_controller_node'. If this is due to multiple nodes with the same name then all logs for the logger named 'main_controller_node' will go out over the existing publisher. As soon as any node with that name is destructed it will unregister the publisher, preventing any further logs for that name from being published on the rosout topic.[0m
[delivery_robot_main_controller-20] [33m[WARN] [1774056330.505571703] [main_controller_node]: slam_toolbox_msgs not available; initial pose service calls will be skipped.[0m
[delivery_robot_main_controller-20] [0m[INFO] [1774056331.656073905] [main_controller_node]: Waiting for Nav2 system...[0m
[INFO] [bash-27]: process started with pid [6498]
[delivery_robot_main_controller-20] [0m[INFO] [1774056333.675265104] [main_controller_node]: Waiting for localization pose to be received from slam_toolbox/pose[0m
[delivery_robot_main_controller-20] [0m[INFO] [1774056333.682680174] [main_controller_node]: Acquired localization pose from TF map->base_link[0m
[bash-27] Traceback (most recent call last):
[bash-27]   File "/home/smr/workspaces/mini_amr/amrROS2_UI/ICEAMR/main.py", line 29, in <module>
[bash-27]     from ui_interface import *
[bash-27]   File "/home/smr/workspaces/mini_amr/amrROS2_UI/ICEAMR/ui_interface.py", line 24, in <module>
[bash-27]     import resources_rc
[bash-27] ModuleNotFoundError: No module named 'resources_rc'
[ERROR] [bash-27]: process has died [pid 6498, exit code 1, cmd '/bin/bash -c cd /home/smr/workspaces/mini_amr/amrROS2_UI/ICEAMR && source ../env/bin/activate && python main.py'].
[INFO] [battery_manager_node-26]: sending signal 'SIGINT' to process[battery_manager_node-26]
[INFO] [autodock_action_server-25]: sending signal 'SIGINT' to process[autodock_action_server-25]
[INFO] [dock_coordinates-24]: sending signal 'SIGINT' to process[dock_coordinates-24]
[INFO] [rpc_run_node-23]: sending signal 'SIGINT' to process[rpc_run_node-23]
[INFO] [call_robot_button-22]: sending signal 'SIGINT' to process[call_robot_button-22]
[INFO] [robot_sound-21]: sending signal 'SIGINT' to process[robot_sound-21]
[INFO] [dock_coordinates-24]: process has finished cleanly [pid 6392]
[INFO] [delivery_robot_main_controller-20]: sending signal 'SIGINT' to process[delivery_robot_main_controller-20]
[INFO] [lifecycle_manager-19]: sending signal 'SIGINT' to process[lifecycle_manager-19]
[INFO] [collision_detector-18]: sending signal 'SIGINT' to process[collision_detector-18]
[INFO] [collision_monitor-17]: sending signal 'SIGINT' to process[collision_monitor-17]
[INFO] [velocity_smoother-16]: sending signal 'SIGINT' to process[velocity_smoother-16]
[INFO] [waypoint_follower-15]: sending signal 'SIGINT' to process[waypoint_follower-15]
[INFO] [bt_navigator-14]: sending signal 'SIGINT' to process[bt_navigator-14]
[INFO] [behavior_server-13]: sending signal 'SIGINT' to process[behavior_server-13]
[INFO] [planner_server-12]: sending signal 'SIGINT' to process[planner_server-12]
[INFO] [smoother_server-11]: sending signal 'SIGINT' to process[smoother_server-11]
[INFO] [controller_server-10]: sending signal 'SIGINT' to process[controller_server-10]
[INFO] [costmap_filter_info_server-9]: sending signal 'SIGINT' to process[costmap_filter_info_server-9]
[INFO] [map_server-8]: sending signal 'SIGINT' to process[map_server-8]
[INFO] [taskset-7]: sending signal 'SIGINT' to process[taskset-7]
[INFO] [robot_hardware-6]: sending signal 'SIGINT' to process[robot_hardware-6]
[INFO] [ekf_node-5]: sending signal 'SIGINT' to process[ekf_node-5]
[INFO] [scan_to_scan_filter_chain-4]: sending signal 'SIGINT' to process[scan_to_scan_filter_chain-4]
[INFO] [rplidar_node-3]: sending signal 'SIGINT' to process[rplidar_node-3]
[INFO] [joint_state_publisher-2]: sending signal 'SIGINT' to process[joint_state_publisher-2]
[INFO] [robot_state_publisher-1]: sending signal 'SIGINT' to process[robot_state_publisher-1]
[robot_sound-21] [0m[INFO] [1774056334.504986777] [robot_sound_node]: Received map (width=787, height=922, resolution=0.050 m/cell)[0m
[battery_manager_node-26] Traceback (most recent call last):
[battery_manager_node-26]   File "/home/smr/workspaces/mini_amr/amrROS2_ws/install/battery_management/lib/battery_management/battery_manager_node", line 33, in <module>
[battery_manager_node-26]     sys.exit(load_entry_point('battery-management==0.0.0', 'console_scripts', 'battery_manager_node')())
[battery_manager_node-26]              ^^^^^^^^^^^^^^^^^^^^^^^^^^^^^^^^^^^^^^^^^^^^^^^^^^^^^^^^^^^^^^^^^^^^^^^^^^^^^^^^^^^^^^^^^^
[battery_manager_node-26]   File "/home/smr/workspaces/mini_amr/amrROS2_ws/install/battery_management/lib/python3.12/site-packages/battery_management/battery_manager_node.py", line 311, in main
[battery_manager_node-26]     rclpy.spin(node)
[battery_manager_node-26]   File "/opt/ros/jazzy/lib/python3.12/site-packages/rclpy/__init__.py", line 247, in spin
[battery_manager_node-26]     executor.spin_once()
[battery_manager_node-26]   File "/opt/ros/jazzy/lib/python3.12/site-packages/rclpy/executors.py", line 845, in spin_once
[battery_manager_node-26]     self._spin_once_impl(timeout_sec)
[battery_manager_node-26]   File "/opt/ros/jazzy/lib/python3.12/site-packages/rclpy/executors.py", line 829, in _spin_once_impl
[battery_manager_node-26]     handler, entity, node = self.wait_for_ready_callbacks(
[battery_manager_node-26]                             ^^^^^^^^^^^^^^^^^^^^^^^^^^^^^^
[battery_manager_node-26]   File "/opt/ros/jazzy/lib/python3.12/site-packages/rclpy/executors.py", line 799, in wait_for_ready_callbacks
[battery_manager_node-26]     return next(self._cb_iter)
[battery_manager_node-26]            ^^^^^^^^^^^^^^^^^^^
[battery_manager_node-26]   File "/opt/ros/jazzy/lib/python3.12/site-packages/rclpy/executors.py", line 703, in _wait_for_ready_callbacks
[battery_manager_node-26]     wait_set.wait(timeout_nsec)
[battery_manager_node-26] KeyboardInterrupt
[dock_coordinates-24] [INFO] [1774056335.482387165] [rclcpp]: signal_handler(signum=2)
[rpc_run_node-23] [0m[INFO] [1774056335.493966504] [rpc_run_node]: RPC run node stopped by user.[0m
[rpc_run_node-23] Failed to publish log message to rosout: publisher's context is invalid, at ./src/rcl/publisher.c:423
[rpc_run_node-23] 2026-03-21 08:25:35,505 [INFO] RPCServer stopped.
[call_robot_button-22] [0m[INFO] [1774056335.522262416] [call_robot_button_node]: CallRobotButton interrupted by user.[0m
[call_robot_button-22] Failed to publish log message to rosout: publisher's context is invalid, at ./src/rcl/publisher.c:423
[robot_sound-21] [0m[INFO] [1774056335.554919757] [robot_sound_node]: 🔚 robot_sound_node stopped by user.[0m
[robot_sound-21] Failed to publish log message to rosout: publisher's context is invalid, at ./src/rcl/publisher.c:423
[delivery_robot_main_controller-20] Traceback (most recent call last):
[delivery_robot_main_controller-20]   File "/home/smr/workspaces/mini_amr/amrROS2_ws/install/delivery_robot_main_controller/lib/delivery_robot_main_controller/delivery_robot_main_controller", line 33, in <module>
[delivery_robot_main_controller-20]     sys.exit(load_entry_point('delivery-robot-main-controller==0.0.1', 'console_scripts', 'delivery_robot_main_controller')())
[delivery_robot_main_controller-20]              ^^^^^^^^^^^^^^^^^^^^^^^^^^^^^^^^^^^^^^^^^^^^^^^^^^^^^^^^^^^^^^^^^^^^^^^^^^^^^^^^^^^^^^^^^^^^^^^^^^^^^^^^^^^^^^^^
[delivery_robot_main_controller-20]   File "/home/smr/workspaces/mini_amr/amrROS2_ws/install/delivery_robot_main_controller/lib/python3.12/site-packages/delivery_robot_main_controller/main_controller_node.py", line 1701, in main
[delivery_robot_main_controller-20]     node = DeliveryRobotMainController()
[delivery_robot_main_controller-20]            ^^^^^^^^^^^^^^^^^^^^^^^^^^^^^
[delivery_robot_main_controller-20]   File "/home/smr/workspaces/mini_amr/amrROS2_ws/install/delivery_robot_main_controller/lib/python3.12/site-packages/delivery_robot_main_controller/main_controller_node.py", line 170, in __init__
[delivery_robot_main_controller-20]     self.navigator.waitUntilNav2Active()
[delivery_robot_main_controller-20]   File "/home/smr/workspaces/mini_amr/amrROS2_ws/install/delivery_robot_main_controller/lib/python3.12/site-packages/delivery_robot_main_controller/robot_navigator.py", line 260, in waitUntilNav2Active
[delivery_robot_main_controller-20]     self._waitForNodeToActivate('bt_navigator')
[delivery_robot_main_controller-20]   File "/home/smr/workspaces/mini_amr/amrROS2_ws/install/delivery_robot_main_controller/lib/python3.12/site-packages/delivery_robot_main_controller/robot_navigator.py", line 430, in _waitForNodeToActivate
[delivery_robot_main_controller-20]     time.sleep(2)
[delivery_robot_main_controller-20] KeyboardInterrupt
[lifecycle_manager-19] [INFO] [1774056335.592333429] [rclcpp]: signal_handler(signum=2)
[lifecycle_manager-19] [INFO] [1774056335.592468757] [lifecycle_manager_navigation]: Running Nav2 LifecycleManager rcl preshutdown (lifecycle_manager_navigation)
[lifecycle_manager-19] [INFO] [1774056335.592790163] [lifecycle_manager_navigation]: [34m[1mTerminating bond timer...[0m[0m
[collision_detector-18] [INFO] [1774056335.648428854] [rclcpp]: signal_handler(signum=2)
[collision_detector-18] [INFO] [1774056335.648665679] [collision_detector]: Running Nav2 LifecycleNode rcl preshutdown (collision_detector)
[collision_detector-18] [INFO] [1774056335.648837757] [collision_detector]: Deactivating
[collision_detector-18] [INFO] [1774056335.648893463] [collision_detector]: Destroying bond (collision_detector) to lifecycle manager.
[collision_detector-18] [INFO] [1774056335.660057775] [collision_detector]: Cleaning up
[collision_detector-18] [INFO] [1774056335.660165396] [collision_monitor]: [PolygonStop]: Destroying Circle
[collision_detector-18] [INFO] [1774056335.660184062] [collision_monitor]: [PolygonStop]: Destroying Polygon
[collision_detector-18] [INFO] [1774056335.660206228] [collision_monitor]: [PolygonSlow]: Destroying Polygon
[collision_detector-18] [INFO] [1774056335.660227227] [collision_monitor]: [scan]: Destroying Scan
[collision_detector-18] [INFO] [1774056335.692747781] [collision_detector]: Destroying bond (collision_detector) to lifecycle manager.
[collision_monitor-17] [INFO] [1774056335.697711188] [rclcpp]: signal_handler(signum=2)
[collision_monitor-17] [INFO] [1774056335.697893474] [collision_monitor]: Running Nav2 LifecycleNode rcl preshutdown (collision_monitor)
[collision_monitor-17] [INFO] [1774056335.697989428] [collision_monitor]: Deactivating
[collision_monitor-17] [INFO] [1774056335.698009553] [collision_monitor]: Destroying bond (collision_monitor) to lifecycle manager.
[velocity_smoother-16] [INFO] [1774056335.736087326] [rclcpp]: signal_handler(signum=2)
[velocity_smoother-16] [INFO] [1774056335.736458605] [velocity_smoother]: Running Nav2 LifecycleNode rcl preshutdown (velocity_smoother)
[velocity_smoother-16] [INFO] [1774056335.736644098] [velocity_smoother]: Deactivating
[velocity_smoother-16] [INFO] [1774056335.736712054] [velocity_smoother]: Destroying bond (velocity_smoother) to lifecycle manager.
[waypoint_follower-15] [INFO] [1774056335.764702019] [rclcpp]: signal_handler(signum=2)
[waypoint_follower-15] [INFO] [1774056335.764937677] [waypoint_follower]: Running Nav2 LifecycleNode rcl preshutdown (waypoint_follower)
[waypoint_follower-15] [INFO] [1774056335.765034799] [waypoint_follower]: Deactivating
[waypoint_follower-15] [INFO] [1774056335.765073006] [waypoint_follower]: Destroying bond (waypoint_follower) to lifecycle manager.
[waypoint_follower-15] [INFO] [1774056335.775486011] [waypoint_follower]: Cleaning up
[collision_monitor-17] [INFO] [1774056335.768467302] [collision_monitor]: Cleaning up
[collision_monitor-17] [INFO] [1774056335.788588962] [collision_monitor]: [PolygonStop]: Destroying Circle
[collision_monitor-17] [INFO] [1774056335.788647585] [collision_monitor]: [PolygonStop]: Destroying Polygon
[collision_monitor-17] [INFO] [1774056335.788660710] [collision_monitor]: [PolygonSlow]: Destroying Polygon
[collision_monitor-17] [INFO] [1774056335.788672959] [collision_monitor]: [FootprintApproach]: Destroying Polygon
[collision_monitor-17] [INFO] [1774056335.790384107] [collision_monitor]: [scan]: Destroying Scan
[collision_monitor-17] [INFO] [1774056335.806627905] [collision_monitor]: Destroying bond (collision_monitor) to lifecycle manager.
[bt_navigator-14] [INFO] [1774056335.816658258] [rclcpp]: signal_handler(signum=2)
[bt_navigator-14] [INFO] [1774056335.816865334] [bt_navigator]: Running Nav2 LifecycleNode rcl preshutdown (bt_navigator)
[bt_navigator-14] [INFO] [1774056335.816953414] [bt_navigator]: Deactivating
[bt_navigator-14] [INFO] [1774056335.816984621] [bt_navigator]: Destroying bond (bt_navigator) to lifecycle manager.
[velocity_smoother-16] [INFO] [1774056335.817643181] [velocity_smoother]: Cleaning up
[velocity_smoother-16] [INFO] [1774056335.817754594] [velocity_smoother]: Destroying bond (velocity_smoother) to lifecycle manager.
[behavior_server-13] [INFO] [1774056335.822892995] [rclcpp]: signal_handler(signum=2)
[behavior_server-13] [INFO] [1774056335.823130986] [behavior_server]: Running Nav2 LifecycleNode rcl preshutdown (behavior_server)
[behavior_server-13] [INFO] [1774056335.823328146] [behavior_server]: Deactivating
[behavior_server-13] [INFO] [1774056335.823387935] [behavior_server]: Destroying bond (behavior_server) to lifecycle manager.
[planner_server-12] [INFO] [1774056335.829219020] [rclcpp]: signal_handler(signum=2)
[planner_server-12] [INFO] [1774056335.829425221] [planner_server]: Running Nav2 LifecycleNode rcl preshutdown (planner_server)
[planner_server-12] [INFO] [1774056335.829515635] [planner_server]: Deactivating
[planner_server-12] [INFO] [1774056335.829545675] [global_costmap.global_costmap]: Deactivating
[behavior_server-13] [INFO] [1774056335.834177178] [behavior_server]: Cleaning up
[smoother_server-11] [INFO] [1774056335.834443168] [rclcpp]: signal_handler(signum=2)
[smoother_server-11] [INFO] [1774056335.834766032] [smoother_server]: Running Nav2 LifecycleNode rcl preshutdown (smoother_server)
[smoother_server-11] [INFO] [1774056335.834977191] [smoother_server]: Deactivating
[smoother_server-11] [INFO] [1774056335.835041647] [smoother_server]: Destroying bond (smoother_server) to lifecycle manager.
[bt_navigator-14] [INFO] [1774056335.837490102] [bt_navigator]: Cleaning up
[controller_server-10] [INFO] [1774056335.841245760] [rclcpp]: signal_handler(signum=2)
[controller_server-10] [INFO] [1774056335.841538875] [controller_server]: Running Nav2 LifecycleNode rcl preshutdown (controller_server)
[controller_server-10] [INFO] [1774056335.841740701] [controller_server]: Deactivating
[controller_server-10] [INFO] [1774056335.841862030] [MPPIController]: Deactivated MPPI Controller: FollowPath
[controller_server-10] [INFO] [1774056335.841921236] [local_costmap.local_costmap]: Deactivating
[waypoint_follower-15] [INFO] [1774056335.845725893] [waypoint_follower]: Destroying bond (waypoint_follower) to lifecycle manager.
[behavior_server-13] [INFO] [1774056335.855946405] [behavior_server]: Destroying bond (behavior_server) to lifecycle manager.
[costmap_filter_info_server-9] [INFO] [1774056335.859070919] [rclcpp]: signal_handler(signum=2)
[costmap_filter_info_server-9] [INFO] [1774056335.859273037] [keepout_costmap_filter_info_server]: Running Nav2 LifecycleNode rcl preshutdown (keepout_costmap_filter_info_server)
[costmap_filter_info_server-9] [INFO] [1774056335.859362867] [keepout_costmap_filter_info_server]: Deactivating
[costmap_filter_info_server-9] [INFO] [1774056335.859381241] [keepout_costmap_filter_info_server]: Destroying bond (keepout_costmap_filter_info_server) to lifecycle manager.
[smoother_server-11] [INFO] [1774056335.866052588] [smoother_server]: Cleaning up
[costmap_filter_info_server-9] [INFO] [1774056335.869888452] [keepout_costmap_filter_info_server]: Cleaning up
[costmap_filter_info_server-9] [INFO] [1774056335.869952324] [keepout_costmap_filter_info_server]: Destroying bond (keepout_costmap_filter_info_server) to lifecycle manager.
[map_server-8] [INFO] [1774056335.884021533] [rclcpp]: signal_handler(signum=2)
[map_server-8] [INFO] [1774056335.884182236] [keepout_filter_mask_server]: Running Nav2 LifecycleNode rcl preshutdown (keepout_filter_mask_server)
[map_server-8] [INFO] [1774056335.884263316] [keepout_filter_mask_server]: Deactivating
[map_server-8] [INFO] [1774056335.884278191] [keepout_filter_mask_server]: Destroying bond (keepout_filter_mask_server) to lifecycle manager.
[taskset-7] [INFO] [1774056335.892751098] [rclcpp]: signal_handler(signum=2)
[collision_detector-18] [INFO] [1774056335.892810596] [collision_detector]: Destroying
[map_server-8] [INFO] [1774056335.894621782] [keepout_filter_mask_server]: Cleaning up
[map_server-8] [INFO] [1774056335.894683030] [keepout_filter_mask_server]: Destroying bond (keepout_filter_mask_server) to lifecycle manager.
[map_server-8] [INFO] [1774056335.917324601] [keepout_filter_mask_server]: Destroying
[taskset-7] Unregistering sensor: Custom Described Lidar
[velocity_smoother-16] [INFO] [1774056335.909549919] [velocity_smoother]: Destroying
[waypoint_follower-15] [INFO] [1774056335.919462150] [waypoint_follower]: Destroying
[controller_server-10] [INFO] [1774056335.925058743] [controller_server]: Destroying bond (controller_server) to lifecycle manager.
[controller_server-10] [INFO] [1774056335.936326302] [controller_server]: Cleaning up
[controller_server-10] [INFO] [1774056335.936647123] [MPPIController]: Cleaned up MPPI Controller: FollowPath
[controller_server-10] [INFO] [1774056335.936958029] [local_costmap.local_costmap]: Cleaning up
[robot_hardware-6] [INFO] [1774056335.932030204] [rclcpp]: signal_handler(signum=2)
[collision_monitor-17] [INFO] [1774056335.941648154] [collision_monitor]: Destroying
[costmap_filter_info_server-9] [INFO] [1774056336.028147584] [keepout_costmap_filter_info_server]: Destroying
[behavior_server-13] [INFO] [1774056336.047294529] [behavior_server]: Destroying
[planner_server-12] [INFO] [1774056336.059446098] [planner_server]: Deactivating plugin GridBased of type SmacPlanner2D
[planner_server-12] [INFO] [1774056336.059508221] [planner_server]: Destroying bond (planner_server) to lifecycle manager.
[planner_server-12] [INFO] [1774056336.069747982] [planner_server]: Cleaning up
[smoother_server-11] [INFO] [1774056336.068624230] [smoother_server]: Destroying bond (smoother_server) to lifecycle manager.
[smoother_server-11] [INFO] [1774056336.096791230] [smoother_server]: Destroying
[planner_server-12] [INFO] [1774056336.159829534] [global_costmap.global_costmap]: Cleaning up
[planner_server-12] [INFO] [1774056336.251190583] [planner_server]: Cleaning up plugin GridBased of type SmacPlanner2D
[planner_server-12] [INFO] [1774056336.259998604] [planner_server]: Destroying plugin GridBased of type SmacPlanner2D
[autodock_action_server-25] Traceback (most recent call last):
[autodock_action_server-25]   File "/home/smr/workspaces/mini_amr/amrROS2_ws/install/action_autodock/lib/python3.12/site-packages/action_autodock/autodock_action_server.py", line 1409, in main
[autodock_action_server-25]     executor.spin()
[autodock_action_server-25]   File "/opt/ros/jazzy/lib/python3.12/site-packages/rclpy/executors.py", line 312, in spin
[autodock_action_server-25]     self.spin_once()
[autodock_action_server-25]   File "/opt/ros/jazzy/lib/python3.12/site-packages/rclpy/executors.py", line 917, in spin_once
[autodock_action_server-25]     self._spin_once_impl(timeout_sec)
[autodock_action_server-25]   File "/opt/ros/jazzy/lib/python3.12/site-packages/rclpy/executors.py", line 896, in _spin_once_impl
[autodock_action_server-25]     handler, entity, node = self.wait_for_ready_callbacks(
[autodock_action_server-25]                             ^^^^^^^^^^^^^^^^^^^^^^^^^^^^^^
[autodock_action_server-25]   File "/opt/ros/jazzy/lib/python3.12/site-packages/rclpy/executors.py", line 799, in wait_for_ready_callbacks
[autodock_action_server-25]     return next(self._cb_iter)
[autodock_action_server-25]            ^^^^^^^^^^^^^^^^^^^
[autodock_action_server-25]   File "/opt/ros/jazzy/lib/python3.12/site-packages/rclpy/executors.py", line 749, in _wait_for_ready_callbacks
[autodock_action_server-25]     for gc in node.guards:
[autodock_action_server-25]   File "/opt/ros/jazzy/lib/python3.12/site-packages/rclpy/node.py", line 272, in guards
[autodock_action_server-25]     @property
[autodock_action_server-25] 
[autodock_action_server-25] KeyboardInterrupt
[autodock_action_server-25] 
[autodock_action_server-25] During handling of the above exception, another exception occurred:
[autodock_action_server-25] 
[autodock_action_server-25] Traceback (most recent call last):
[autodock_action_server-25]   File "/home/smr/workspaces/mini_amr/amrROS2_ws/install/action_autodock/lib/action_autodock/autodock_action_server", line 33, in <module>
[autodock_action_server-25]     sys.exit(load_entry_point('action-autodock==0.0.0', 'console_scripts', 'autodock_action_server')())
[autodock_action_server-25]              ^^^^^^^^^^^^^^^^^^^^^^^^^^^^^^^^^^^^^^^^^^^^^^^^^^^^^^^^^^^^^^^^^^^^^^^^^^^^^^^^^^^^^^^^^
[autodock_action_server-25]   File "/home/smr/workspaces/mini_amr/amrROS2_ws/install/action_autodock/lib/python3.12/site-packages/action_autodock/autodock_action_server.py", line 1420, in main
[autodock_action_server-25]     rclpy.shutdown()   
[autodock_action_server-25]     ^^^^^^^^^^^^^^^^
[autodock_action_server-25]   File "/opt/ros/jazzy/lib/python3.12/site-packages/rclpy/__init__.py", line 134, in shutdown
[autodock_action_server-25]     _shutdown(context=context)
[autodock_action_server-25]   File "/opt/ros/jazzy/lib/python3.12/site-packages/rclpy/utilities.py", line 82, in shutdown
[autodock_action_server-25]     context.shutdown()
[autodock_action_server-25]   File "/opt/ros/jazzy/lib/python3.12/site-packages/rclpy/context.py", line 129, in shutdown
[autodock_action_server-25]     self.__context.shutdown()
[autodock_action_server-25] rclpy._rclpy_pybind11.RCLError: failed to shutdown: rcl_shutdown already called on the given context, at ./src/rcl/init.c:333
[lifecycle_manager-19] [INFO] [1774056336.251810936] [lifecycle_manager_navigation]: Destroying lifecycle_manager_navigation
[ekf_node-5] [INFO] [1774056336.287230554] [rclcpp]: signal_handler(signum=2)
[scan_to_scan_filter_chain-4] [INFO] [1774056336.337033494] [rclcpp]: signal_handler(signum=2)
[robot_state_publisher-1] [INFO] [1774056336.393947307] [rclcpp]: signal_handler(signum=2)
[controller_server-10] [INFO] [1774056336.411508226] [controller_server]: Destroying bond (controller_server) to lifecycle manager.
[planner_server-12] [INFO] [1774056336.436911199] [planner_server]: Destroying bond (planner_server) to lifecycle manager.
[controller_server-10] [INFO] [1774056336.457350182] [local_costmap.local_costmap]: Destroying
[planner_server-12] [INFO] [1774056336.462468167] [global_costmap.global_costmap]: Destroying
[planner_server-12] [INFO] [1774056336.543890735] [planner_server]: Destroying
[rplidar_node-3] [INFO] [1774056336.544634458] [rplidar_node]: Stop motor
[controller_server-10] [INFO] [1774056336.577082390] [controller_server]: Destroying
[call_robot_button-22] Traceback (most recent call last):
[call_robot_button-22]   File "/home/smr/workspaces/mini_amr/amrROS2_ws/install/delivery_robot_main_controller/lib/delivery_robot_main_controller/call_robot_button", line 33, in <module>
[call_robot_button-22]     sys.exit(load_entry_point('delivery-robot-main-controller==0.0.1', 'console_scripts', 'call_robot_button')())
[call_robot_button-22]              ^^^^^^^^^^^^^^^^^^^^^^^^^^^^^^^^^^^^^^^^^^^^^^^^^^^^^^^^^^^^^^^^^^^^^^^^^^^^^^^^^^^^^^^^^^^^^^^^^^^
[call_robot_button-22]   File "/home/smr/workspaces/mini_amr/amrROS2_ws/install/delivery_robot_main_controller/lib/python3.12/site-packages/delivery_robot_main_controller/call_button.py", line 251, in main
[call_robot_button-22]     rclpy.shutdown()
[call_robot_button-22]   File "/opt/ros/jazzy/lib/python3.12/site-packages/rclpy/__init__.py", line 134, in shutdown
[call_robot_button-22]     _shutdown(context=context)
[call_robot_button-22]   File "/opt/ros/jazzy/lib/python3.12/site-packages/rclpy/utilities.py", line 82, in shutdown
[call_robot_button-22]     context.shutdown()
[call_robot_button-22]   File "/opt/ros/jazzy/lib/python3.12/site-packages/rclpy/context.py", line 129, in shutdown
[call_robot_button-22]     self.__context.shutdown()
[call_robot_button-22] rclpy._rclpy_pybind11.RCLError: failed to shutdown: rcl_shutdown already called on the given context, at ./src/rcl/init.c:333
[robot_sound-21] Traceback (most recent call last):
[robot_sound-21]   File "/home/smr/workspaces/mini_amr/amrROS2_ws/install/delivery_robot_main_controller/lib/delivery_robot_main_controller/robot_sound", line 33, in <module>
[robot_sound-21]     sys.exit(load_entry_point('delivery-robot-main-controller==0.0.1', 'console_scripts', 'robot_sound')())
[robot_sound-21]              ^^^^^^^^^^^^^^^^^^^^^^^^^^^^^^^^^^^^^^^^^^^^^^^^^^^^^^^^^^^^^^^^^^^^^^^^^^^^^^^^^^^^^^^^^^^^^
[robot_sound-21]   File "/home/smr/workspaces/mini_amr/amrROS2_ws/install/delivery_robot_main_controller/lib/python3.12/site-packages/delivery_robot_main_controller/robot_sound.py", line 369, in main
[robot_sound-21]     rclpy.shutdown()
[robot_sound-21]   File "/opt/ros/jazzy/lib/python3.12/site-packages/rclpy/__init__.py", line 134, in shutdown
[robot_sound-21]     _shutdown(context=context)
[robot_sound-21]   File "/opt/ros/jazzy/lib/python3.12/site-packages/rclpy/utilities.py", line 82, in shutdown
[robot_sound-21]     context.shutdown()
[robot_sound-21]   File "/opt/ros/jazzy/lib/python3.12/site-packages/rclpy/context.py", line 129, in shutdown
[robot_sound-21]     self.__context.shutdown()
[robot_sound-21] rclpy._rclpy_pybind11.RCLError: failed to shutdown: rcl_shutdown already called on the given context, at ./src/rcl/init.c:333
[rpc_run_node-23] Traceback (most recent call last):
[rpc_run_node-23]   File "/home/smr/workspaces/mini_amr/amrROS2_ws/install/delivery_robot_main_controller/lib/delivery_robot_main_controller/rpc_run_node", line 33, in <module>
[rpc_run_node-23]     sys.exit(load_entry_point('delivery-robot-main-controller==0.0.1', 'console_scripts', 'rpc_run_node')())
[rpc_run_node-23]              ^^^^^^^^^^^^^^^^^^^^^^^^^^^^^^^^^^^^^^^^^^^^^^^^^^^^^^^^^^^^^^^^^^^^^^^^^^^^^^^^^^^^^^^^^^^^^^
[rpc_run_node-23]   File "/home/smr/workspaces/mini_amr/amrROS2_ws/install/delivery_robot_main_controller/lib/python3.12/site-packages/delivery_robot_main_controller/rpc_run_node.py", line 57, in main
[rpc_run_node-23]     rclpy.shutdown()
[rpc_run_node-23]   File "/opt/ros/jazzy/lib/python3.12/site-packages/rclpy/__init__.py", line 134, in shutdown
[rpc_run_node-23]     _shutdown(context=context)
[rpc_run_node-23]   File "/opt/ros/jazzy/lib/python3.12/site-packages/rclpy/utilities.py", line 82, in shutdown
[rpc_run_node-23]     context.shutdown()
[rpc_run_node-23]   File "/opt/ros/jazzy/lib/python3.12/site-packages/rclpy/context.py", line 129, in shutdown
[rpc_run_node-23]     self.__context.shutdown()
[rpc_run_node-23] rclpy._rclpy_pybind11.RCLError: failed to shutdown: rcl_shutdown already called on the given context, at ./src/rcl/init.c:333
[ERROR] [battery_manager_node-26]: process has died [pid 6394, exit code -2, cmd '/home/smr/workspaces/mini_amr/amrROS2_ws/install/battery_management/lib/battery_management/battery_manager_node --ros-args -r __node:=battery_manager -r __ns:=/ --params-file /home/smr/workspaces/mini_amr/amrROS2_ws/install/battery_management/share/battery_management/config/battery_manager.yaml -r /tf:=tf -r /tf_static:=tf_static'].
[bt_navigator-14] [INFO] [1774056336.887097594] [bt_navigator]: Completed Cleaning up
[bt_navigator-14] [INFO] [1774056336.887299420] [bt_navigator]: Destroying bond (bt_navigator) to lifecycle manager.
[bt_navigator-14] [INFO] [1774056336.892352949] [bt_navigator]: Destroying
[ERROR] [call_robot_button-22]: process has died [pid 6390, exit code 1, cmd '/home/smr/workspaces/mini_amr/amrROS2_ws/install/delivery_robot_main_controller/lib/delivery_robot_main_controller/call_robot_button --ros-args -r __node:=call_robot_button_node -r __ns:=/ -r /tf:=tf -r /tf_static:=tf_static'].
[ERROR] [robot_sound-21]: process has died [pid 6389, exit code 1, cmd '/home/smr/workspaces/mini_amr/amrROS2_ws/install/delivery_robot_main_controller/lib/delivery_robot_main_controller/robot_sound --ros-args -r __node:=robot_sound_node -r __ns:=/ -r /tf:=tf -r /tf_static:=tf_static'].
[ERROR] [rpc_run_node-23]: process has died [pid 6391, exit code 1, cmd '/home/smr/workspaces/mini_amr/amrROS2_ws/install/delivery_robot_main_controller/lib/delivery_robot_main_controller/rpc_run_node --ros-args -r __node:=rpc_run_node -r __ns:=/ -r /tf:=tf -r /tf_static:=tf_static'].
[INFO] [waypoint_follower-15]: process has finished cleanly [pid 6167]
[INFO] [collision_monitor-17]: process has finished cleanly [pid 6183]
[INFO] [velocity_smoother-16]: process has finished cleanly [pid 6179]
[INFO] [costmap_filter_info_server-9]: process has finished cleanly [pid 6129]
[INFO] [robot_hardware-6]: process has finished cleanly [pid 6126]
[INFO] [map_server-8]: process has finished cleanly [pid 6128]
[INFO] [smoother_server-11]: process has finished cleanly [pid 6137]
[INFO] [collision_detector-18]: process has finished cleanly [pid 6194]
[INFO] [behavior_server-13]: process has finished cleanly [pid 6161]
[INFO] [lifecycle_manager-19]: process has finished cleanly [pid 6211]
[INFO] [joint_state_publisher-2]: process has finished cleanly [pid 6122]
[INFO] [planner_server-12]: process has finished cleanly [pid 6156]
[INFO] [controller_server-10]: process has finished cleanly [pid 6130]
[ERROR] [autodock_action_server-25]: process has died [pid 6393, exit code 1, cmd '/home/smr/workspaces/mini_amr/amrROS2_ws/install/action_autodock/lib/action_autodock/autodock_action_server --ros-args -r __ns:=/ --params-file /home/smr/workspaces/mini_amr/amrROS2_ws/install/action_autodock/share/action_autodock/config/auto_dock_config.yaml --params-file /tmp/launch_params_o_bpw4h8 -r /tf:=tf -r /tf_static:=tf_static'].
[ERROR] [delivery_robot_main_controller-20]: process has died [pid 6388, exit code -2, cmd '/home/smr/workspaces/mini_amr/amrROS2_ws/install/delivery_robot_main_controller/lib/delivery_robot_main_controller/delivery_robot_main_controller --ros-args -r __node:=main_controller_node -r __ns:=/ --params-file /tmp/launch_params_3142r90f -r /tf:=tf -r /tf_static:=tf_static'].
[INFO] [bt_navigator-14]: process has finished cleanly [pid 6163]
[INFO] [taskset-7]: process has finished cleanly [pid 6127]
[INFO] [ekf_node-5]: process has finished cleanly [pid 6125]
[INFO] [scan_to_scan_filter_chain-4]: process has finished cleanly [pid 6124]
[INFO] [robot_state_publisher-1]: process has finished cleanly [pid 6121]
[INFO] [rplidar_node-3]: process has finished cleanly [pid 6123]
