[1.990s] Invoking command in '/home/smr/workspaces/mini_amr/amrROS2_ws/src/autodock/action_autodock': DEBUGINFOD_URLS=https://debuginfod.ubuntu.com PYTHONPATH=/home/smr/workspaces/mini_amr/amrROS2_ws/build/action_autodock/prefix_override:/usr/lib/python3/dist-packages/colcon_core/task/python/colcon_distutils_commands:/home/smr/workspaces/mini_amr/amrROS2_ws/install/action_autodock/lib/python3.12/site-packages:${PYTHONPATH} /usr/bin/python3 -W ignore:setup.py install is deprecated -W ignore:easy_install command is deprecated setup.py egg_info --egg-base ../../../build/action_autodock build --build-base /home/smr/workspaces/mini_amr/amrROS2_ws/build/action_autodock/build install --record /home/smr/workspaces/mini_amr/amrROS2_ws/build/action_autodock/install.log --single-version-externally-managed install_data
[2.403s] running egg_info
[2.432s] writing ../../../build/action_autodock/action_autodock.egg-info/PKG-INFO
[2.433s] writing dependency_links to ../../../build/action_autodock/action_autodock.egg-info/dependency_links.txt
[2.433s] writing entry points to ../../../build/action_autodock/action_autodock.egg-info/entry_points.txt
[2.434s] writing requirements to ../../../build/action_autodock/action_autodock.egg-info/requires.txt
[2.434s] writing top-level names to ../../../build/action_autodock/action_autodock.egg-info/top_level.txt
[2.493s] reading manifest file '../../../build/action_autodock/action_autodock.egg-info/SOURCES.txt'
[2.493s] adding license file 'LICENSE'
[2.494s] writing manifest file '../../../build/action_autodock/action_autodock.egg-info/SOURCES.txt'
[2.494s] running build
[2.495s] running build_py
[2.495s] running install
[2.505s] running install_lib
[2.535s] running install_data
[2.536s] running install_egg_info
[2.565s] removing '/home/smr/workspaces/mini_amr/amrROS2_ws/install/action_autodock/lib/python3.12/site-packages/action_autodock-0.0.0-py3.12.egg-info' (and everything under it)
[2.566s] Copying ../../../build/action_autodock/action_autodock.egg-info to /home/smr/workspaces/mini_amr/amrROS2_ws/install/action_autodock/lib/python3.12/site-packages/action_autodock-0.0.0-py3.12.egg-info
[2.567s] running install_scripts
[2.778s] Installing autodock_action_server script to /home/smr/workspaces/mini_amr/amrROS2_ws/install/action_autodock/lib/action_autodock
[2.779s] writing list of installed files to '/home/smr/workspaces/mini_amr/amrROS2_ws/build/action_autodock/install.log'
[2.897s] Invoked command in '/home/smr/workspaces/mini_amr/amrROS2_ws/src/autodock/action_autodock' returned '0': DEBUGINFOD_URLS=https://debuginfod.ubuntu.com PYTHONPATH=/home/smr/workspaces/mini_amr/amrROS2_ws/build/action_autodock/prefix_override:/usr/lib/python3/dist-packages/colcon_core/task/python/colcon_distutils_commands:/home/smr/workspaces/mini_amr/amrROS2_ws/install/action_autodock/lib/python3.12/site-packages:${PYTHONPATH} /usr/bin/python3 -W ignore:setup.py install is deprecated -W ignore:easy_install command is deprecated setup.py egg_info --egg-base ../../../build/action_autodock build --build-base /home/smr/workspaces/mini_amr/amrROS2_ws/build/action_autodock/build install --record /home/smr/workspaces/mini_amr/amrROS2_ws/build/action_autodock/install.log --single-version-externally-managed install_data
