[0.490s] Invoking command in '/home/smr/workspaces/mini_amr/amrROS2_ws/build/navigation': CMAKE_PREFIX_PATH=${CMAKE_PREFIX_PATH}:/home/smr/workspaces/mini_amr/amrROS2_ws/install/python_pkg:/home/smr/workspaces/mini_amr/amrROS2_ws/install/action_autodock:/opt/ros/jazzy DEBUGINFOD_URLS=https://debuginfod.ubuntu.com /usr/bin/cmake --build /home/smr/workspaces/mini_amr/amrROS2_ws/build/navigation -- -j8 -l8
[1.044s] Invoked command in '/home/smr/workspaces/mini_amr/amrROS2_ws/build/navigation' returned '0': CMAKE_PREFIX_PATH=${CMAKE_PREFIX_PATH}:/home/smr/workspaces/mini_amr/amrROS2_ws/install/python_pkg:/home/smr/workspaces/mini_amr/amrROS2_ws/install/action_autodock:/opt/ros/jazzy DEBUGINFOD_URLS=https://debuginfod.ubuntu.com /usr/bin/cmake --build /home/smr/workspaces/mini_amr/amrROS2_ws/build/navigation -- -j8 -l8
[1.046s] Invoking command in '/home/smr/workspaces/mini_amr/amrROS2_ws/build/navigation': CMAKE_PREFIX_PATH=${CMAKE_PREFIX_PATH}:/home/smr/workspaces/mini_amr/amrROS2_ws/install/python_pkg:/home/smr/workspaces/mini_amr/amrROS2_ws/install/action_autodock:/opt/ros/jazzy DEBUGINFOD_URLS=https://debuginfod.ubuntu.com /usr/bin/cmake --install /home/smr/workspaces/mini_amr/amrROS2_ws/build/navigation
[1.107s] -- Install configuration: ""
[1.112s] -- Up-to-date: /home/smr/workspaces/mini_amr/amrROS2_ws/install/navigation/share/navigation/launch
[1.113s] -- Up-to-date: /home/smr/workspaces/mini_amr/amrROS2_ws/install/navigation/share/navigation/launch/rviz_nav.launch.py
[1.113s] -- Up-to-date: /home/smr/workspaces/mini_amr/amrROS2_ws/install/navigation/share/navigation/launch/amcl_localization_launch.py
[1.113s] -- Up-to-date: /home/smr/workspaces/mini_amr/amrROS2_ws/install/navigation/share/navigation/launch/rviz_launch.py
[1.113s] -- Up-to-date: /home/smr/workspaces/mini_amr/amrROS2_ws/install/navigation/share/navigation/launch/slam_localization_launch.py
[1.113s] -- Up-to-date: /home/smr/workspaces/mini_amr/amrROS2_ws/install/navigation/share/navigation/launch/collision_monitor_node.launch.py
[1.113s] -- Up-to-date: /home/smr/workspaces/mini_amr/amrROS2_ws/install/navigation/share/navigation/launch/slam_toolbox_launch.py
[1.113s] -- Up-to-date: /home/smr/workspaces/mini_amr/amrROS2_ws/install/navigation/share/navigation/launch/navigation.launch.py
[1.113s] -- Up-to-date: /home/smr/workspaces/mini_amr/amrROS2_ws/install/navigation/share/navigation/launch/slam.launch.py
[1.114s] -- Up-to-date: /home/smr/workspaces/mini_amr/amrROS2_ws/install/navigation/share/navigation/launch/navigation_launch.py
[1.114s] -- Up-to-date: /home/smr/workspaces/mini_amr/amrROS2_ws/install/navigation/share/navigation/config
[1.114s] -- Up-to-date: /home/smr/workspaces/mini_amr/amrROS2_ws/install/navigation/share/navigation/config/nav2_params.yaml
[1.114s] -- Up-to-date: /home/smr/workspaces/mini_amr/amrROS2_ws/install/navigation/share/navigation/config/navigation.yaml
[1.114s] -- Up-to-date: /home/smr/workspaces/mini_amr/amrROS2_ws/install/navigation/share/navigation/config/mapper_params_online_async.yaml
[1.115s] -- Up-to-date: /home/smr/workspaces/mini_amr/amrROS2_ws/install/navigation/share/navigation/config/collision_monitor_params.yaml
[1.116s] -- Up-to-date: /home/smr/workspaces/mini_amr/amrROS2_ws/install/navigation/share/navigation/config/slam_localization.yaml
[1.116s] -- Up-to-date: /home/smr/workspaces/mini_amr/amrROS2_ws/install/navigation/share/navigation/rviz
[1.117s] -- Up-to-date: /home/smr/workspaces/mini_amr/amrROS2_ws/install/navigation/share/navigation/rviz/navigation.rviz
[1.118s] -- Up-to-date: /home/smr/workspaces/mini_amr/amrROS2_ws/install/navigation/share/navigation/rviz/rviz_nav_namespace.rviz
[1.120s] -- Up-to-date: /home/smr/workspaces/mini_amr/amrROS2_ws/install/navigation/share/navigation/rviz/nav2_namespaced_view.rviz
[1.120s] -- Up-to-date: /home/smr/workspaces/mini_amr/amrROS2_ws/install/navigation/share/navigation/rviz/nav2_default_view.rviz
[1.121s] -- Up-to-date: /home/smr/workspaces/mini_amr/amrROS2_ws/install/navigation/share/navigation/rviz/mapping.rviz
[1.121s] -- Up-to-date: /home/smr/workspaces/mini_amr/amrROS2_ws/install/navigation/share/navigation/rviz/slam.rviz
[1.121s] -- Up-to-date: /home/smr/workspaces/mini_amr/amrROS2_ws/install/navigation/share/navigation/rviz/rviz_nav.rviz
[1.121s] -- Up-to-date: /home/smr/workspaces/mini_amr/amrROS2_ws/install/navigation/share/navigation/maps
[1.121s] -- Up-to-date: /home/smr/workspaces/mini_amr/amrROS2_ws/install/navigation/share/navigation/maps/Turtlebot_Arena_map.yaml
[1.121s] -- Up-to-date: /home/smr/workspaces/mini_amr/amrROS2_ws/install/navigation/share/navigation/maps/Turtlebot_Arena_map.pgm
[1.122s] -- Up-to-date: /home/smr/workspaces/mini_amr/amrROS2_ws/install/navigation/share/ament_index/resource_index/package_run_dependencies/navigation
[1.123s] -- Up-to-date: /home/smr/workspaces/mini_amr/amrROS2_ws/install/navigation/share/ament_index/resource_index/parent_prefix_path/navigation
[1.126s] -- Up-to-date: /home/smr/workspaces/mini_amr/amrROS2_ws/install/navigation/share/navigation/environment/ament_prefix_path.sh
[1.127s] -- Up-to-date: /home/smr/workspaces/mini_amr/amrROS2_ws/install/navigation/share/navigation/environment/ament_prefix_path.dsv
[1.128s] -- Up-to-date: /home/smr/workspaces/mini_amr/amrROS2_ws/install/navigation/share/navigation/environment/path.sh
[1.129s] -- Up-to-date: /home/smr/workspaces/mini_amr/amrROS2_ws/install/navigation/share/navigation/environment/path.dsv
[1.133s] -- Up-to-date: /home/smr/workspaces/mini_amr/amrROS2_ws/install/navigation/share/navigation/local_setup.bash
[1.135s] -- Up-to-date: /home/smr/workspaces/mini_amr/amrROS2_ws/install/navigation/share/navigation/local_setup.sh
[1.136s] -- Up-to-date: /home/smr/workspaces/mini_amr/amrROS2_ws/install/navigation/share/navigation/local_setup.zsh
[1.137s] -- Up-to-date: /home/smr/workspaces/mini_amr/amrROS2_ws/install/navigation/share/navigation/local_setup.dsv
[1.140s] -- Installing: /home/smr/workspaces/mini_amr/amrROS2_ws/install/navigation/share/navigation/package.dsv
[1.141s] -- Up-to-date: /home/smr/workspaces/mini_amr/amrROS2_ws/install/navigation/share/ament_index/resource_index/packages/navigation
[1.141s] -- Up-to-date: /home/smr/workspaces/mini_amr/amrROS2_ws/install/navigation/share/navigation/cmake/navigationConfig.cmake
[1.141s] -- Up-to-date: /home/smr/workspaces/mini_amr/amrROS2_ws/install/navigation/share/navigation/cmake/navigationConfig-version.cmake
[1.141s] -- Up-to-date: /home/smr/workspaces/mini_amr/amrROS2_ws/install/navigation/share/navigation/package.xml
[1.339s] Invoked command in '/home/smr/workspaces/mini_amr/amrROS2_ws/build/navigation' returned '0': CMAKE_PREFIX_PATH=${CMAKE_PREFIX_PATH}:/home/smr/workspaces/mini_amr/amrROS2_ws/install/python_pkg:/home/smr/workspaces/mini_amr/amrROS2_ws/install/action_autodock:/opt/ros/jazzy DEBUGINFOD_URLS=https://debuginfod.ubuntu.com /usr/bin/cmake --install /home/smr/workspaces/mini_amr/amrROS2_ws/build/navigation
