[0.071s] Invoking command in '/home/smr/workspaces/mini_amr/amrROS2_ws/build/custom_interface': CMAKE_PREFIX_PATH=${CMAKE_PREFIX_PATH}:/home/smr/workspaces/mini_amr/amrROS2_ws/install/python_pkg:/home/smr/workspaces/mini_amr/amrROS2_ws/install/action_autodock:/opt/ros/jazzy DEBUGINFOD_URLS=https://debuginfod.ubuntu.com /usr/bin/cmake --build /home/smr/workspaces/mini_amr/amrROS2_ws/build/custom_interface -- -j8 -l8
[0.886s] [  2%] Built target custom_interface__rosidl_generator_type_description
[0.888s] [  2%] Built target ament_cmake_python_copy_custom_interface
[0.890s] [  4%] Built target custom_interface__cpp
[0.891s] [ 22%] Built target custom_interface__rosidl_generator_c
[0.892s] [ 31%] Built target custom_interface__rosidl_typesupport_fastrtps_c
[0.892s] [ 40%] Built target custom_interface__rosidl_typesupport_fastrtps_cpp
[0.893s] [ 50%] Built target custom_interface__rosidl_typesupport_c
[0.893s] [ 59%] Built target custom_interface__rosidl_typesupport_cpp
[0.894s] [ 68%] Built target custom_interface__rosidl_typesupport_introspection_c
[0.894s] [ 77%] Built target custom_interface__rosidl_typesupport_introspection_cpp
[0.895s] [ 77%] Built target custom_interface
[0.895s] [ 79%] Built target custom_interface__py
[0.896s] running egg_info
[0.896s] [ 86%] Built target custom_interface__rosidl_generator_py
[0.897s] writing custom_interface.egg-info/PKG-INFO
[0.897s] writing dependency_links to custom_interface.egg-info/dependency_links.txt
[0.898s] writing top-level names to custom_interface.egg-info/top_level.txt
[0.898s] [ 95%] Built target custom_interface_s__rosidl_typesupport_fastrtps_c
[0.899s] [ 95%] Built target custom_interface_s__rosidl_typesupport_introspection_c
[0.899s] [100%] Built target custom_interface_s__rosidl_typesupport_c
[0.900s] reading manifest file 'custom_interface.egg-info/SOURCES.txt'
[0.900s] writing manifest file 'custom_interface.egg-info/SOURCES.txt'
[0.900s] [100%] Built target ament_cmake_python_build_custom_interface_egg
[0.901s] Invoked command in '/home/smr/workspaces/mini_amr/amrROS2_ws/build/custom_interface' returned '0': CMAKE_PREFIX_PATH=${CMAKE_PREFIX_PATH}:/home/smr/workspaces/mini_amr/amrROS2_ws/install/python_pkg:/home/smr/workspaces/mini_amr/amrROS2_ws/install/action_autodock:/opt/ros/jazzy DEBUGINFOD_URLS=https://debuginfod.ubuntu.com /usr/bin/cmake --build /home/smr/workspaces/mini_amr/amrROS2_ws/build/custom_interface -- -j8 -l8
[0.929s] Invoking command in '/home/smr/workspaces/mini_amr/amrROS2_ws/build/custom_interface': CMAKE_PREFIX_PATH=${CMAKE_PREFIX_PATH}:/home/smr/workspaces/mini_amr/amrROS2_ws/install/python_pkg:/home/smr/workspaces/mini_amr/amrROS2_ws/install/action_autodock:/opt/ros/jazzy DEBUGINFOD_URLS=https://debuginfod.ubuntu.com /usr/bin/cmake --install /home/smr/workspaces/mini_amr/amrROS2_ws/build/custom_interface
[0.972s] -- Install configuration: ""
[0.972s] -- Up-to-date: /home/smr/workspaces/mini_amr/amrROS2_ws/install/custom_interface/share/ament_index/resource_index/rosidl_interfaces/custom_interface
[0.972s] -- Up-to-date: /home/smr/workspaces/mini_amr/amrROS2_ws/install/custom_interface/share/custom_interface/action/Autodock.json
[0.977s] -- Up-to-date: /home/smr/workspaces/mini_amr/amrROS2_ws/install/custom_interface/share/custom_interface/msg/Initdock.json
[1.015s] -- Up-to-date: /home/smr/workspaces/mini_amr/amrROS2_ws/install/custom_interface/include/custom_interface/custom_interface
[1.015s] -- Up-to-date: /home/smr/workspaces/mini_amr/amrROS2_ws/install/custom_interface/include/custom_interface/custom_interface/action
[1.018s] -- Up-to-date: /home/smr/workspaces/mini_amr/amrROS2_ws/install/custom_interface/include/custom_interface/custom_interface/action/detail
[1.018s] -- Up-to-date: /home/smr/workspaces/mini_amr/amrROS2_ws/install/custom_interface/include/custom_interface/custom_interface/action/detail/autodock__type_support.h
[1.018s] -- Installing: /home/smr/workspaces/mini_amr/amrROS2_ws/install/custom_interface/include/custom_interface/custom_interface/action/detail/autodock__type_support.c
[1.019s] -- Up-to-date: /home/smr/workspaces/mini_amr/amrROS2_ws/install/custom_interface/include/custom_interface/custom_interface/action/detail/autodock__struct.h
[1.019s] -- Up-to-date: /home/smr/workspaces/mini_amr/amrROS2_ws/install/custom_interface/include/custom_interface/custom_interface/action/detail/autodock__description.c
[1.019s] -- Up-to-date: /home/smr/workspaces/mini_amr/amrROS2_ws/install/custom_interface/include/custom_interface/custom_interface/action/detail/autodock__functions.c
[1.019s] -- Up-to-date: /home/smr/workspaces/mini_amr/amrROS2_ws/install/custom_interface/include/custom_interface/custom_interface/action/detail/autodock__functions.h
[1.019s] -- Up-to-date: /home/smr/workspaces/mini_amr/amrROS2_ws/install/custom_interface/include/custom_interface/custom_interface/action/autodock.h
[1.019s] -- Up-to-date: /home/smr/workspaces/mini_amr/amrROS2_ws/install/custom_interface/include/custom_interface/custom_interface/msg
[1.019s] -- Up-to-date: /home/smr/workspaces/mini_amr/amrROS2_ws/install/custom_interface/include/custom_interface/custom_interface/msg/rosidl_generator_c__visibility_control.h
[1.019s] -- Up-to-date: /home/smr/workspaces/mini_amr/amrROS2_ws/install/custom_interface/include/custom_interface/custom_interface/msg/initdock.h
[1.019s] -- Up-to-date: /home/smr/workspaces/mini_amr/amrROS2_ws/install/custom_interface/include/custom_interface/custom_interface/msg/detail
[1.020s] -- Installing: /home/smr/workspaces/mini_amr/amrROS2_ws/install/custom_interface/include/custom_interface/custom_interface/msg/detail/initdock__type_support.c
[1.026s] -- Up-to-date: /home/smr/workspaces/mini_amr/amrROS2_ws/install/custom_interface/include/custom_interface/custom_interface/msg/detail/initdock__struct.h
[1.026s] -- Up-to-date: /home/smr/workspaces/mini_amr/amrROS2_ws/install/custom_interface/include/custom_interface/custom_interface/msg/detail/initdock__type_support.h
[1.026s] -- Up-to-date: /home/smr/workspaces/mini_amr/amrROS2_ws/install/custom_interface/include/custom_interface/custom_interface/msg/detail/initdock__functions.c
[1.027s] -- Up-to-date: /home/smr/workspaces/mini_amr/amrROS2_ws/install/custom_interface/include/custom_interface/custom_interface/msg/detail/initdock__functions.h
[1.027s] -- Up-to-date: /home/smr/workspaces/mini_amr/amrROS2_ws/install/custom_interface/include/custom_interface/custom_interface/msg/detail/initdock__description.c
[1.027s] -- Up-to-date: /home/smr/workspaces/mini_amr/amrROS2_ws/install/custom_interface/share/custom_interface/environment/library_path.sh
[1.027s] -- Up-to-date: /home/smr/workspaces/mini_amr/amrROS2_ws/install/custom_interface/share/custom_interface/environment/library_path.dsv
[1.027s] -- Up-to-date: /home/smr/workspaces/mini_amr/amrROS2_ws/install/custom_interface/lib/libcustom_interface__rosidl_generator_c.so
[1.028s] -- Up-to-date: /home/smr/workspaces/mini_amr/amrROS2_ws/install/custom_interface/include/custom_interface/custom_interface
[1.028s] -- Up-to-date: /home/smr/workspaces/mini_amr/amrROS2_ws/install/custom_interface/include/custom_interface/custom_interface/action
[1.028s] -- Up-to-date: /home/smr/workspaces/mini_amr/amrROS2_ws/install/custom_interface/include/custom_interface/custom_interface/action/detail
[1.028s] -- Up-to-date: /home/smr/workspaces/mini_amr/amrROS2_ws/install/custom_interface/include/custom_interface/custom_interface/action/detail/autodock__rosidl_typesupport_fastrtps_c.h
[1.028s] -- Up-to-date: /home/smr/workspaces/mini_amr/amrROS2_ws/install/custom_interface/include/custom_interface/custom_interface/msg
[1.028s] -- Up-to-date: /home/smr/workspaces/mini_amr/amrROS2_ws/install/custom_interface/include/custom_interface/custom_interface/msg/rosidl_typesupport_fastrtps_c__visibility_control.h
[1.028s] -- Up-to-date: /home/smr/workspaces/mini_amr/amrROS2_ws/install/custom_interface/include/custom_interface/custom_interface/msg/detail
[1.028s] -- Up-to-date: /home/smr/workspaces/mini_amr/amrROS2_ws/install/custom_interface/include/custom_interface/custom_interface/msg/detail/initdock__rosidl_typesupport_fastrtps_c.h
[1.028s] -- Up-to-date: /home/smr/workspaces/mini_amr/amrROS2_ws/install/custom_interface/lib/libcustom_interface__rosidl_typesupport_fastrtps_c.so
[1.028s] -- Up-to-date: /home/smr/workspaces/mini_amr/amrROS2_ws/install/custom_interface/include/custom_interface/custom_interface
[1.029s] -- Up-to-date: /home/smr/workspaces/mini_amr/amrROS2_ws/install/custom_interface/include/custom_interface/custom_interface/action
[1.029s] -- Up-to-date: /home/smr/workspaces/mini_amr/amrROS2_ws/install/custom_interface/include/custom_interface/custom_interface/action/detail
[1.029s] -- Up-to-date: /home/smr/workspaces/mini_amr/amrROS2_ws/install/custom_interface/include/custom_interface/custom_interface/action/detail/autodock__rosidl_typesupport_introspection_c.h
[1.029s] -- Installing: /home/smr/workspaces/mini_amr/amrROS2_ws/install/custom_interface/include/custom_interface/custom_interface/action/detail/autodock__type_support.c
[1.029s] -- Up-to-date: /home/smr/workspaces/mini_amr/amrROS2_ws/install/custom_interface/include/custom_interface/custom_interface/msg
[1.029s] -- Up-to-date: /home/smr/workspaces/mini_amr/amrROS2_ws/install/custom_interface/include/custom_interface/custom_interface/msg/detail
[1.029s] -- Installing: /home/smr/workspaces/mini_amr/amrROS2_ws/install/custom_interface/include/custom_interface/custom_interface/msg/detail/initdock__type_support.c
[1.029s] -- Up-to-date: /home/smr/workspaces/mini_amr/amrROS2_ws/install/custom_interface/include/custom_interface/custom_interface/msg/detail/initdock__rosidl_typesupport_introspection_c.h
[1.029s] -- Up-to-date: /home/smr/workspaces/mini_amr/amrROS2_ws/install/custom_interface/include/custom_interface/custom_interface/msg/rosidl_typesupport_introspection_c__visibility_control.h
[1.029s] -- Up-to-date: /home/smr/workspaces/mini_amr/amrROS2_ws/install/custom_interface/lib/libcustom_interface__rosidl_typesupport_introspection_c.so
[1.030s] -- Up-to-date: /home/smr/workspaces/mini_amr/amrROS2_ws/install/custom_interface/lib/libcustom_interface__rosidl_typesupport_c.so
[1.030s] -- Up-to-date: /home/smr/workspaces/mini_amr/amrROS2_ws/install/custom_interface/include/custom_interface/custom_interface
[1.030s] -- Up-to-date: /home/smr/workspaces/mini_amr/amrROS2_ws/install/custom_interface/include/custom_interface/custom_interface/action
[1.030s] -- Up-to-date: /home/smr/workspaces/mini_amr/amrROS2_ws/install/custom_interface/include/custom_interface/custom_interface/action/detail
[1.030s] -- Up-to-date: /home/smr/workspaces/mini_amr/amrROS2_ws/install/custom_interface/include/custom_interface/custom_interface/action/detail/autodock__traits.hpp
[1.030s] -- Up-to-date: /home/smr/workspaces/mini_amr/amrROS2_ws/install/custom_interface/include/custom_interface/custom_interface/action/detail/autodock__struct.hpp
[1.030s] -- Up-to-date: /home/smr/workspaces/mini_amr/amrROS2_ws/install/custom_interface/include/custom_interface/custom_interface/action/detail/autodock__builder.hpp
[1.030s] -- Up-to-date: /home/smr/workspaces/mini_amr/amrROS2_ws/install/custom_interface/include/custom_interface/custom_interface/action/detail/autodock__type_support.hpp
[1.033s] -- Up-to-date: /home/smr/workspaces/mini_amr/amrROS2_ws/install/custom_interface/include/custom_interface/custom_interface/action/autodock.hpp
[1.033s] -- Up-to-date: /home/smr/workspaces/mini_amr/amrROS2_ws/install/custom_interface/include/custom_interface/custom_interface/msg
[1.033s] -- Up-to-date: /home/smr/workspaces/mini_amr/amrROS2_ws/install/custom_interface/include/custom_interface/custom_interface/msg/initdock.hpp
[1.034s] -- Up-to-date: /home/smr/workspaces/mini_amr/amrROS2_ws/install/custom_interface/include/custom_interface/custom_interface/msg/detail
[1.034s] -- Up-to-date: /home/smr/workspaces/mini_amr/amrROS2_ws/install/custom_interface/include/custom_interface/custom_interface/msg/detail/initdock__struct.hpp
[1.034s] -- Up-to-date: /home/smr/workspaces/mini_amr/amrROS2_ws/install/custom_interface/include/custom_interface/custom_interface/msg/detail/initdock__type_support.hpp
[1.034s] -- Up-to-date: /home/smr/workspaces/mini_amr/amrROS2_ws/install/custom_interface/include/custom_interface/custom_interface/msg/detail/initdock__builder.hpp
[1.034s] -- Up-to-date: /home/smr/workspaces/mini_amr/amrROS2_ws/install/custom_interface/include/custom_interface/custom_interface/msg/detail/initdock__traits.hpp
[1.034s] -- Up-to-date: /home/smr/workspaces/mini_amr/amrROS2_ws/install/custom_interface/include/custom_interface/custom_interface/msg/rosidl_generator_cpp__visibility_control.hpp
[1.034s] -- Up-to-date: /home/smr/workspaces/mini_amr/amrROS2_ws/install/custom_interface/include/custom_interface/custom_interface
[1.034s] -- Up-to-date: /home/smr/workspaces/mini_amr/amrROS2_ws/install/custom_interface/include/custom_interface/custom_interface/action
[1.034s] -- Up-to-date: /home/smr/workspaces/mini_amr/amrROS2_ws/install/custom_interface/include/custom_interface/custom_interface/action/detail
[1.035s] -- Up-to-date: /home/smr/workspaces/mini_amr/amrROS2_ws/install/custom_interface/include/custom_interface/custom_interface/action/detail/autodock__rosidl_typesupport_fastrtps_cpp.hpp
[1.035s] -- Up-to-date: /home/smr/workspaces/mini_amr/amrROS2_ws/install/custom_interface/include/custom_interface/custom_interface/action/detail/dds_fastrtps
[1.035s] -- Up-to-date: /home/smr/workspaces/mini_amr/amrROS2_ws/install/custom_interface/include/custom_interface/custom_interface/msg
[1.035s] -- Up-to-date: /home/smr/workspaces/mini_amr/amrROS2_ws/install/custom_interface/include/custom_interface/custom_interface/msg/rosidl_typesupport_fastrtps_cpp__visibility_control.h
[1.035s] -- Up-to-date: /home/smr/workspaces/mini_amr/amrROS2_ws/install/custom_interface/include/custom_interface/custom_interface/msg/detail
[1.035s] -- Up-to-date: /home/smr/workspaces/mini_amr/amrROS2_ws/install/custom_interface/include/custom_interface/custom_interface/msg/detail/dds_fastrtps
[1.036s] -- Up-to-date: /home/smr/workspaces/mini_amr/amrROS2_ws/install/custom_interface/include/custom_interface/custom_interface/msg/detail/initdock__rosidl_typesupport_fastrtps_cpp.hpp
[1.036s] -- Up-to-date: /home/smr/workspaces/mini_amr/amrROS2_ws/install/custom_interface/lib/libcustom_interface__rosidl_typesupport_fastrtps_cpp.so
[1.036s] -- Up-to-date: /home/smr/workspaces/mini_amr/amrROS2_ws/install/custom_interface/include/custom_interface/custom_interface
[1.036s] -- Up-to-date: /home/smr/workspaces/mini_amr/amrROS2_ws/install/custom_interface/include/custom_interface/custom_interface/action
[1.036s] -- Up-to-date: /home/smr/workspaces/mini_amr/amrROS2_ws/install/custom_interface/include/custom_interface/custom_interface/action/detail
[1.036s] -- Up-to-date: /home/smr/workspaces/mini_amr/amrROS2_ws/install/custom_interface/include/custom_interface/custom_interface/action/detail/autodock__type_support.cpp
[1.039s] -- Up-to-date: /home/smr/workspaces/mini_amr/amrROS2_ws/install/custom_interface/include/custom_interface/custom_interface/action/detail/autodock__rosidl_typesupport_introspection_cpp.hpp
[1.039s] -- Up-to-date: /home/smr/workspaces/mini_amr/amrROS2_ws/install/custom_interface/include/custom_interface/custom_interface/msg
[1.039s] -- Up-to-date: /home/smr/workspaces/mini_amr/amrROS2_ws/install/custom_interface/include/custom_interface/custom_interface/msg/detail
[1.040s] -- Up-to-date: /home/smr/workspaces/mini_amr/amrROS2_ws/install/custom_interface/include/custom_interface/custom_interface/msg/detail/initdock__type_support.cpp
[1.040s] -- Up-to-date: /home/smr/workspaces/mini_amr/amrROS2_ws/install/custom_interface/include/custom_interface/custom_interface/msg/detail/initdock__rosidl_typesupport_introspection_cpp.hpp
[1.040s] -- Up-to-date: /home/smr/workspaces/mini_amr/amrROS2_ws/install/custom_interface/lib/libcustom_interface__rosidl_typesupport_introspection_cpp.so
[1.040s] -- Up-to-date: /home/smr/workspaces/mini_amr/amrROS2_ws/install/custom_interface/lib/libcustom_interface__rosidl_typesupport_cpp.so
[1.040s] -- Up-to-date: /home/smr/workspaces/mini_amr/amrROS2_ws/install/custom_interface/share/custom_interface/environment/pythonpath.sh
[1.040s] -- Up-to-date: /home/smr/workspaces/mini_amr/amrROS2_ws/install/custom_interface/share/custom_interface/environment/pythonpath.dsv
[1.040s] -- Up-to-date: /home/smr/workspaces/mini_amr/amrROS2_ws/install/custom_interface/lib/python3.12/site-packages/custom_interface-0.0.0-py3.12.egg-info
[1.040s] -- Installing: /home/smr/workspaces/mini_amr/amrROS2_ws/install/custom_interface/lib/python3.12/site-packages/custom_interface-0.0.0-py3.12.egg-info/top_level.txt
[1.040s] -- Installing: /home/smr/workspaces/mini_amr/amrROS2_ws/install/custom_interface/lib/python3.12/site-packages/custom_interface-0.0.0-py3.12.egg-info/SOURCES.txt
[1.040s] -- Installing: /home/smr/workspaces/mini_amr/amrROS2_ws/install/custom_interface/lib/python3.12/site-packages/custom_interface-0.0.0-py3.12.egg-info/dependency_links.txt
[1.041s] -- Installing: /home/smr/workspaces/mini_amr/amrROS2_ws/install/custom_interface/lib/python3.12/site-packages/custom_interface-0.0.0-py3.12.egg-info/PKG-INFO
[1.041s] -- Up-to-date: /home/smr/workspaces/mini_amr/amrROS2_ws/install/custom_interface/lib/python3.12/site-packages/custom_interface
[1.041s] -- Up-to-date: /home/smr/workspaces/mini_amr/amrROS2_ws/install/custom_interface/lib/python3.12/site-packages/custom_interface/_custom_interface_s.ep.rosidl_typesupport_introspection_c.c
[1.041s] -- Up-to-date: /home/smr/workspaces/mini_amr/amrROS2_ws/install/custom_interface/lib/python3.12/site-packages/custom_interface/_custom_interface_s.ep.rosidl_typesupport_fastrtps_c.c
[1.041s] -- Up-to-date: /home/smr/workspaces/mini_amr/amrROS2_ws/install/custom_interface/lib/python3.12/site-packages/custom_interface/custom_interface_s__rosidl_typesupport_c.so
[1.041s] -- Up-to-date: /home/smr/workspaces/mini_amr/amrROS2_ws/install/custom_interface/lib/python3.12/site-packages/custom_interface/action
[1.041s] -- Up-to-date: /home/smr/workspaces/mini_amr/amrROS2_ws/install/custom_interface/lib/python3.12/site-packages/custom_interface/action/_autodock_s.c
[1.041s] -- Up-to-date: /home/smr/workspaces/mini_amr/amrROS2_ws/install/custom_interface/lib/python3.12/site-packages/custom_interface/action/__init__.py
[1.041s] -- Up-to-date: /home/smr/workspaces/mini_amr/amrROS2_ws/install/custom_interface/lib/python3.12/site-packages/custom_interface/action/_autodock.py
[1.041s] -- Up-to-date: /home/smr/workspaces/mini_amr/amrROS2_ws/install/custom_interface/lib/python3.12/site-packages/custom_interface/msg
[1.042s] -- Up-to-date: /home/smr/workspaces/mini_amr/amrROS2_ws/install/custom_interface/lib/python3.12/site-packages/custom_interface/msg/__init__.py
[1.042s] -- Up-to-date: /home/smr/workspaces/mini_amr/amrROS2_ws/install/custom_interface/lib/python3.12/site-packages/custom_interface/msg/_initdock_s.c
[1.042s] -- Up-to-date: /home/smr/workspaces/mini_amr/amrROS2_ws/install/custom_interface/lib/python3.12/site-packages/custom_interface/msg/_initdock.py
[1.042s] -- Up-to-date: /home/smr/workspaces/mini_amr/amrROS2_ws/install/custom_interface/lib/python3.12/site-packages/custom_interface/custom_interface_s__rosidl_typesupport_fastrtps_c.so
[1.042s] -- Up-to-date: /home/smr/workspaces/mini_amr/amrROS2_ws/install/custom_interface/lib/python3.12/site-packages/custom_interface/__init__.py
[1.042s] -- Up-to-date: /home/smr/workspaces/mini_amr/amrROS2_ws/install/custom_interface/lib/python3.12/site-packages/custom_interface/custom_interface_s__rosidl_typesupport_introspection_c.so
[1.042s] -- Up-to-date: /home/smr/workspaces/mini_amr/amrROS2_ws/install/custom_interface/lib/python3.12/site-packages/custom_interface/_custom_interface_s.ep.rosidl_typesupport_c.c
[1.098s] Listing '/home/smr/workspaces/mini_amr/amrROS2_ws/install/custom_interface/lib/python3.12/site-packages/custom_interface'...
[1.098s] Listing '/home/smr/workspaces/mini_amr/amrROS2_ws/install/custom_interface/lib/python3.12/site-packages/custom_interface/action'...
[1.098s] Listing '/home/smr/workspaces/mini_amr/amrROS2_ws/install/custom_interface/lib/python3.12/site-packages/custom_interface/msg'...
[1.142s] -- Up-to-date: /home/smr/workspaces/mini_amr/amrROS2_ws/install/custom_interface/lib/python3.12/site-packages/custom_interface/custom_interface_s__rosidl_typesupport_fastrtps_c.so
[1.144s] -- Up-to-date: /home/smr/workspaces/mini_amr/amrROS2_ws/install/custom_interface/lib/python3.12/site-packages/custom_interface/custom_interface_s__rosidl_typesupport_introspection_c.so
[1.148s] -- Up-to-date: /home/smr/workspaces/mini_amr/amrROS2_ws/install/custom_interface/lib/python3.12/site-packages/custom_interface/custom_interface_s__rosidl_typesupport_c.so
[1.150s] -- Up-to-date: /home/smr/workspaces/mini_amr/amrROS2_ws/install/custom_interface/lib/libcustom_interface__rosidl_generator_py.so
[1.155s] -- Up-to-date: /home/smr/workspaces/mini_amr/amrROS2_ws/install/custom_interface/share/custom_interface/action/Autodock.idl
[1.155s] -- Up-to-date: /home/smr/workspaces/mini_amr/amrROS2_ws/install/custom_interface/share/custom_interface/msg/Initdock.idl
[1.155s] -- Up-to-date: /home/smr/workspaces/mini_amr/amrROS2_ws/install/custom_interface/share/custom_interface/action/Autodock.action
[1.155s] -- Up-to-date: /home/smr/workspaces/mini_amr/amrROS2_ws/install/custom_interface/share/custom_interface/msg/Initdock.msg
[1.155s] -- Up-to-date: /home/smr/workspaces/mini_amr/amrROS2_ws/install/custom_interface/share/ament_index/resource_index/package_run_dependencies/custom_interface
[1.155s] -- Up-to-date: /home/smr/workspaces/mini_amr/amrROS2_ws/install/custom_interface/share/ament_index/resource_index/parent_prefix_path/custom_interface
[1.156s] -- Up-to-date: /home/smr/workspaces/mini_amr/amrROS2_ws/install/custom_interface/share/custom_interface/environment/ament_prefix_path.sh
[1.156s] -- Up-to-date: /home/smr/workspaces/mini_amr/amrROS2_ws/install/custom_interface/share/custom_interface/environment/ament_prefix_path.dsv
[1.156s] -- Up-to-date: /home/smr/workspaces/mini_amr/amrROS2_ws/install/custom_interface/share/custom_interface/environment/path.sh
[1.156s] -- Up-to-date: /home/smr/workspaces/mini_amr/amrROS2_ws/install/custom_interface/share/custom_interface/environment/path.dsv
[1.156s] -- Up-to-date: /home/smr/workspaces/mini_amr/amrROS2_ws/install/custom_interface/share/custom_interface/local_setup.bash
[1.156s] -- Up-to-date: /home/smr/workspaces/mini_amr/amrROS2_ws/install/custom_interface/share/custom_interface/local_setup.sh
[1.156s] -- Up-to-date: /home/smr/workspaces/mini_amr/amrROS2_ws/install/custom_interface/share/custom_interface/local_setup.zsh
[1.156s] -- Up-to-date: /home/smr/workspaces/mini_amr/amrROS2_ws/install/custom_interface/share/custom_interface/local_setup.dsv
[1.156s] -- Installing: /home/smr/workspaces/mini_amr/amrROS2_ws/install/custom_interface/share/custom_interface/package.dsv
[1.157s] -- Up-to-date: /home/smr/workspaces/mini_amr/amrROS2_ws/install/custom_interface/share/ament_index/resource_index/packages/custom_interface
[1.157s] -- Up-to-date: /home/smr/workspaces/mini_amr/amrROS2_ws/install/custom_interface/share/custom_interface/cmake/export_custom_interface__rosidl_generator_cExport.cmake
[1.157s] -- Up-to-date: /home/smr/workspaces/mini_amr/amrROS2_ws/install/custom_interface/share/custom_interface/cmake/export_custom_interface__rosidl_generator_cExport-noconfig.cmake
[1.157s] -- Up-to-date: /home/smr/workspaces/mini_amr/amrROS2_ws/install/custom_interface/share/custom_interface/cmake/export_custom_interface__rosidl_typesupport_fastrtps_cExport.cmake
[1.157s] -- Up-to-date: /home/smr/workspaces/mini_amr/amrROS2_ws/install/custom_interface/share/custom_interface/cmake/export_custom_interface__rosidl_typesupport_fastrtps_cExport-noconfig.cmake
[1.157s] -- Up-to-date: /home/smr/workspaces/mini_amr/amrROS2_ws/install/custom_interface/share/custom_interface/cmake/custom_interface__rosidl_typesupport_introspection_cExport.cmake
[1.157s] -- Up-to-date: /home/smr/workspaces/mini_amr/amrROS2_ws/install/custom_interface/share/custom_interface/cmake/custom_interface__rosidl_typesupport_introspection_cExport-noconfig.cmake
[1.157s] -- Up-to-date: /home/smr/workspaces/mini_amr/amrROS2_ws/install/custom_interface/share/custom_interface/cmake/custom_interface__rosidl_typesupport_cExport.cmake
[1.157s] -- Up-to-date: /home/smr/workspaces/mini_amr/amrROS2_ws/install/custom_interface/share/custom_interface/cmake/custom_interface__rosidl_typesupport_cExport-noconfig.cmake
[1.157s] -- Up-to-date: /home/smr/workspaces/mini_amr/amrROS2_ws/install/custom_interface/share/custom_interface/cmake/export_custom_interface__rosidl_generator_cppExport.cmake
[1.158s] -- Up-to-date: /home/smr/workspaces/mini_amr/amrROS2_ws/install/custom_interface/share/custom_interface/cmake/export_custom_interface__rosidl_typesupport_fastrtps_cppExport.cmake
[1.158s] -- Up-to-date: /home/smr/workspaces/mini_amr/amrROS2_ws/install/custom_interface/share/custom_interface/cmake/export_custom_interface__rosidl_typesupport_fastrtps_cppExport-noconfig.cmake
[1.158s] -- Up-to-date: /home/smr/workspaces/mini_amr/amrROS2_ws/install/custom_interface/share/custom_interface/cmake/custom_interface__rosidl_typesupport_introspection_cppExport.cmake
[1.158s] -- Up-to-date: /home/smr/workspaces/mini_amr/amrROS2_ws/install/custom_interface/share/custom_interface/cmake/custom_interface__rosidl_typesupport_introspection_cppExport-noconfig.cmake
[1.159s] -- Up-to-date: /home/smr/workspaces/mini_amr/amrROS2_ws/install/custom_interface/share/custom_interface/cmake/custom_interface__rosidl_typesupport_cppExport.cmake
[1.159s] -- Up-to-date: /home/smr/workspaces/mini_amr/amrROS2_ws/install/custom_interface/share/custom_interface/cmake/custom_interface__rosidl_typesupport_cppExport-noconfig.cmake
[1.159s] -- Up-to-date: /home/smr/workspaces/mini_amr/amrROS2_ws/install/custom_interface/share/custom_interface/cmake/export_custom_interface__rosidl_generator_pyExport.cmake
[1.160s] -- Up-to-date: /home/smr/workspaces/mini_amr/amrROS2_ws/install/custom_interface/share/custom_interface/cmake/export_custom_interface__rosidl_generator_pyExport-noconfig.cmake
[1.160s] -- Up-to-date: /home/smr/workspaces/mini_amr/amrROS2_ws/install/custom_interface/share/custom_interface/cmake/rosidl_cmake-extras.cmake
[1.160s] -- Up-to-date: /home/smr/workspaces/mini_amr/amrROS2_ws/install/custom_interface/share/custom_interface/cmake/ament_cmake_export_dependencies-extras.cmake
[1.161s] -- Up-to-date: /home/smr/workspaces/mini_amr/amrROS2_ws/install/custom_interface/share/custom_interface/cmake/ament_cmake_export_include_directories-extras.cmake
[1.161s] -- Up-to-date: /home/smr/workspaces/mini_amr/amrROS2_ws/install/custom_interface/share/custom_interface/cmake/ament_cmake_export_libraries-extras.cmake
[1.161s] -- Up-to-date: /home/smr/workspaces/mini_amr/amrROS2_ws/install/custom_interface/share/custom_interface/cmake/ament_cmake_export_targets-extras.cmake
[1.161s] -- Up-to-date: /home/smr/workspaces/mini_amr/amrROS2_ws/install/custom_interface/share/custom_interface/cmake/rosidl_cmake_export_typesupport_targets-extras.cmake
[1.161s] -- Up-to-date: /home/smr/workspaces/mini_amr/amrROS2_ws/install/custom_interface/share/custom_interface/cmake/rosidl_cmake_export_typesupport_libraries-extras.cmake
[1.161s] -- Up-to-date: /home/smr/workspaces/mini_amr/amrROS2_ws/install/custom_interface/share/custom_interface/cmake/custom_interfaceConfig.cmake
[1.161s] -- Up-to-date: /home/smr/workspaces/mini_amr/amrROS2_ws/install/custom_interface/share/custom_interface/cmake/custom_interfaceConfig-version.cmake
[1.161s] -- Up-to-date: /home/smr/workspaces/mini_amr/amrROS2_ws/install/custom_interface/share/custom_interface/package.xml
[1.182s] Invoked command in '/home/smr/workspaces/mini_amr/amrROS2_ws/build/custom_interface' returned '0': CMAKE_PREFIX_PATH=${CMAKE_PREFIX_PATH}:/home/smr/workspaces/mini_amr/amrROS2_ws/install/python_pkg:/home/smr/workspaces/mini_amr/amrROS2_ws/install/action_autodock:/opt/ros/jazzy DEBUGINFOD_URLS=https://debuginfod.ubuntu.com /usr/bin/cmake --install /home/smr/workspaces/mini_amr/amrROS2_ws/build/custom_interface
