[INFO] [launch]: All log files can be found below /home/smr/.ros/log/2026-03-24-12-58-58-139746-two-13556
[INFO] [launch]: Default logging verbosity is set to INFO
[INFO] [robot_state_publisher-1]: process started with pid [13571]
[INFO] [joint_state_publisher-2]: process started with pid [13572]
[INFO] [rplidar_node-3]: process started with pid [13573]
[INFO] [scan_to_scan_filter_chain-4]: process started with pid [13574]
[INFO] [ekf_node-5]: process started with pid [13575]
[INFO] [robot_hardware-6]: process started with pid [13576]
[INFO] [localization_slam_toolbox_node-7]: process started with pid [13577]
[INFO] [map_server-8]: process started with pid [13578]
[INFO] [costmap_filter_info_server-9]: process started with pid [13579]
[INFO] [controller_server-10]: process started with pid [13580]
[INFO] [smoother_server-11]: process started with pid [13585]
[INFO] [planner_server-12]: process started with pid [13588]
[INFO] [behavior_server-13]: process started with pid [13605]
[INFO] [bt_navigator-14]: process started with pid [13607]
[INFO] [waypoint_follower-15]: process started with pid [13608]
[INFO] [velocity_smoother-16]: process started with pid [13611]
[INFO] [collision_monitor-17]: process started with pid [13616]
[INFO] [collision_detector-18]: process started with pid [13624]
[INFO] [lifecycle_manager-19]: process started with pid [13634]
[robot_hardware-6] Serial port opened at port /dev/teensy with baudrate 460800
[robot_hardware-6] Created receive data thread
[costmap_filter_info_server-9] [INFO] [1774331939.274894271] [costmap_filter_info_server]: This is costmap filter info publisher
[robot_state_publisher-1] [INFO] [1774331939.277996908] [robot_state_publisher]: Robot initialized
[localization_slam_toolbox_node-7] [INFO] [1774331939.306148425] [slam_toolbox]: Node using stack size 40000000
[costmap_filter_info_server-9] [INFO] [1774331939.332200017] [keepout_costmap_filter_info_server]: 
[costmap_filter_info_server-9] 	keepout_costmap_filter_info_server lifecycle node launched. 
[costmap_filter_info_server-9] 	Waiting on external lifecycle transitions to activate
[costmap_filter_info_server-9] 	See https://design.ros2.org/articles/node_lifecycle.html for more information.
[rplidar_node-3] [INFO] [1774331939.333859249] [rplidar_node]: RPLidar running on ROS2 package rplidar_ros. RPLIDAR SDK Version:2.1.0
[rplidar_node-3] [INFO] [1774331939.354149760] [rplidar_node]: RPLidar S/N: CEDCEDF9C7E29BCEA7E39EF25E0F4304
[rplidar_node-3] [INFO] [1774331939.354269339] [rplidar_node]: Firmware Ver: 1.02
[rplidar_node-3] [INFO] [1774331939.354314545] [rplidar_node]: Hardware Rev: 18
[controller_server-10] [INFO] [1774331939.374381356] [controller_server]: 
[controller_server-10] 	controller_server lifecycle node launched. 
[controller_server-10] 	Waiting on external lifecycle transitions to activate
[controller_server-10] 	See https://design.ros2.org/articles/node_lifecycle.html for more information.
[controller_server-10] [INFO] [1774331939.391645060] [controller_server]: Creating controller server
[rplidar_node-3] [INFO] [1774331939.394360962] [rplidar_node]: RPLidar health status : 0
[planner_server-12] [INFO] [1774331939.395177890] [planner_server]: 
[planner_server-12] 	planner_server lifecycle node launched. 
[planner_server-12] 	Waiting on external lifecycle transitions to activate
[planner_server-12] 	See https://design.ros2.org/articles/node_lifecycle.html for more information.
[rplidar_node-3] [INFO] [1774331939.398186031] [rplidar_node]: RPLidar health status : OK.
[planner_server-12] [INFO] [1774331939.399157537] [planner_server]: Creating
[rplidar_node-3] [INFO] [1774331939.402283506] [rplidar_node]: Start
[controller_server-10] [INFO] [1774331939.403487171] [local_costmap.local_costmap]: 
[controller_server-10] 	local_costmap lifecycle node launched. 
[controller_server-10] 	Waiting on external lifecycle transitions to activate
[controller_server-10] 	See https://design.ros2.org/articles/node_lifecycle.html for more information.
[controller_server-10] [INFO] [1774331939.404534508] [local_costmap.local_costmap]: Creating Costmap
[smoother_server-11] [INFO] [1774331939.406237779] [smoother_server]: 
[smoother_server-11] 	smoother_server lifecycle node launched. 
[smoother_server-11] 	Waiting on external lifecycle transitions to activate
[smoother_server-11] 	See https://design.ros2.org/articles/node_lifecycle.html for more information.
[planner_server-12] [INFO] [1774331939.408494905] [global_costmap.global_costmap]: 
[planner_server-12] 	global_costmap lifecycle node launched. 
[planner_server-12] 	Waiting on external lifecycle transitions to activate
[planner_server-12] 	See https://design.ros2.org/articles/node_lifecycle.html for more information.
[planner_server-12] [INFO] [1774331939.409430538] [global_costmap.global_costmap]: Creating Costmap
[bt_navigator-14] [INFO] [1774331939.415922510] [bt_navigator]: 
[bt_navigator-14] 	bt_navigator lifecycle node launched. 
[bt_navigator-14] 	Waiting on external lifecycle transitions to activate
[bt_navigator-14] 	See https://design.ros2.org/articles/node_lifecycle.html for more information.
[smoother_server-11] [INFO] [1774331939.419450673] [smoother_server]: Creating smoother server
[bt_navigator-14] [INFO] [1774331939.419757786] [bt_navigator]: Creating
[lifecycle_manager-19] [INFO] [1774331939.434900860] [lifecycle_manager_navigation]: Creating
[map_server-8] [INFO] [1774331939.436483969] [keepout_filter_mask_server]: 
[map_server-8] 	keepout_filter_mask_server lifecycle node launched. 
[map_server-8] 	Waiting on external lifecycle transitions to activate
[map_server-8] 	See https://design.ros2.org/articles/node_lifecycle.html for more information.
[map_server-8] [INFO] [1774331939.436611714] [keepout_filter_mask_server]: Creating
[lifecycle_manager-19] [INFO] [1774331939.461652719] [lifecycle_manager_navigation]: [34m[1mCreating and initializing lifecycle service clients[0m[0m
[localization_slam_toolbox_node-7] [INFO] [1774331939.464693816] [slam_toolbox]: Configuring
[velocity_smoother-16] [INFO] [1774331939.466975150] [velocity_smoother]: 
[velocity_smoother-16] 	velocity_smoother lifecycle node launched. 
[velocity_smoother-16] 	Waiting on external lifecycle transitions to activate
[velocity_smoother-16] 	See https://design.ros2.org/articles/node_lifecycle.html for more information.
[localization_slam_toolbox_node-7] [INFO] [1774331939.488424702] [slam_toolbox]: Using solver plugin solver_plugins::CeresSolver
[localization_slam_toolbox_node-7] [INFO] [1774331939.503717395] [slam_toolbox]: CeresSolver: Using SCHUR_JACOBI preconditioner.
[collision_monitor-17] [INFO] [1774331939.544828064] [collision_monitor]: 
[collision_monitor-17] 	collision_monitor lifecycle node launched. 
[collision_monitor-17] 	Waiting on external lifecycle transitions to activate
[collision_monitor-17] 	See https://design.ros2.org/articles/node_lifecycle.html for more information.
[behavior_server-13] [INFO] [1774331939.545373169] [behavior_server]: 
[behavior_server-13] 	behavior_server lifecycle node launched. 
[behavior_server-13] 	Waiting on external lifecycle transitions to activate
[behavior_server-13] 	See https://design.ros2.org/articles/node_lifecycle.html for more information.
[waypoint_follower-15] [INFO] [1774331939.605640391] [waypoint_follower]: 
[waypoint_follower-15] 	waypoint_follower lifecycle node launched. 
[waypoint_follower-15] 	Waiting on external lifecycle transitions to activate
[waypoint_follower-15] 	See https://design.ros2.org/articles/node_lifecycle.html for more information.
[waypoint_follower-15] [INFO] [1774331939.615167627] [waypoint_follower]: Creating
[rplidar_node-3] [INFO] [1774331939.647400870] [rplidar_node]: current scan mode: Sensitivity, sample rate: 32 Khz, max_distance: 30.0 m, scan frequency:10.0 Hz, 
[collision_detector-18] [INFO] [1774331939.682283807] [collision_detector]: 
[collision_detector-18] 	collision_detector lifecycle node launched. 
[collision_detector-18] 	Waiting on external lifecycle transitions to activate
[collision_detector-18] 	See https://design.ros2.org/articles/node_lifecycle.html for more information.
[lifecycle_manager-19] [INFO] [1774331939.987066414] [lifecycle_manager_navigation]: [34m[1mStarting managed nodes bringup...[0m[0m
[lifecycle_manager-19] [INFO] [1774331939.987294489] [lifecycle_manager_navigation]: [34m[1mConfiguring controller_server[0m[0m
[controller_server-10] [INFO] [1774331939.988243246] [controller_server]: Configuring controller interface
[controller_server-10] [INFO] [1774331939.988323452] [controller_server]: getting progress checker plugins..
[controller_server-10] [INFO] [1774331939.989219419] [controller_server]: getting goal checker plugins..
[controller_server-10] [INFO] [1774331939.991635206] [controller_server]: Controller frequency set to 10.0000Hz
[controller_server-10] [INFO] [1774331939.991846657] [local_costmap.local_costmap]: Configuring
[controller_server-10] [INFO] [1774331940.021688320] [local_costmap.local_costmap]: Using plugin "obstacle_layer"
[controller_server-10] [INFO] [1774331940.047651249] [local_costmap.local_costmap]: Subscribed to Topics: scan
[controller_server-10] [INFO] [1774331940.076184543] [local_costmap.local_costmap]: Initialized plugin "obstacle_layer"
[controller_server-10] [INFO] [1774331940.076906683] [local_costmap.local_costmap]: Using plugin "denoise_layer"
[controller_server-10] [INFO] [1774331940.085097843] [local_costmap.local_costmap]: Initialized plugin "denoise_layer"
[controller_server-10] [INFO] [1774331940.085219172] [local_costmap.local_costmap]: Using plugin "inflation_layer"
[controller_server-10] [INFO] [1774331940.094240094] [local_costmap.local_costmap]: Initialized plugin "inflation_layer"
[controller_server-10] [INFO] [1774331940.094293758] [local_costmap.local_costmap]: Using costmap filter "keepout_filter"
[controller_server-10] [INFO] [1774331940.100639027] [local_costmap.local_costmap]: Initialized costmap filter "keepout_filter"
[controller_server-10] [INFO] [1774331940.100701733] [local_costmap.local_costmap]: Using costmap filter "inflation_layer"
[controller_server-10] [INFO] [1774331940.100813146] [local_costmap.local_costmap]: Initialized costmap filter "inflation_layer"
[controller_server-10] [INFO] [1774331940.147440781] [controller_server]: Created progress_checker : progress_checker of type nav2_controller::SimpleProgressChecker
[controller_server-10] [INFO] [1774331940.149127428] [controller_server]: Controller Server has progress_checker  progress checkers available.
[controller_server-10] [INFO] [1774331940.149950773] [controller_server]: Created goal checker : goal_checker of type nav2_controller::SimpleGoalChecker
[controller_server-10] [INFO] [1774331940.162621186] [controller_server]: Controller Server has goal_checker  goal checkers available.
[controller_server-10] [INFO] [1774331940.165184260] [controller_server]: Created controller : FollowPath of type nav2_mppi_controller::MPPIController
[controller_server-10] [INFO] [1774331940.178316656] [controller_server]: Controller period is equal to model dt. Control sequence shifting is ON
[controller_server-10] [INFO] [1774331940.182484421] [controller_server]: ConstraintCritic instantiated with 1 power and 4.000000 weight.
[controller_server-10] [INFO] [1774331940.182541586] [controller_server]: Critic loaded : mppi::critics::ConstraintCritic
[controller_server-10] [INFO] [1774331940.186156371] [controller_server]: InflationCostCritic instantiated with 1 power and 300.000000 / 0.015000 weights. Critic will collision check based on footprint cost.
[controller_server-10] [INFO] [1774331940.186210035] [controller_server]: Critic loaded : mppi::critics::CostCritic
[controller_server-10] [INFO] [1774331940.188358957] [controller_server]: GoalCritic instantiated with 1 power and 5.000000 weight.
[controller_server-10] [INFO] [1774331940.188410289] [controller_server]: Critic loaded : mppi::critics::GoalCritic
[controller_server-10] [INFO] [1774331940.190112685] [controller_server]: GoalAngleCritic instantiated with 1 power, 3.000000 weight, and 0.500000 angular threshold.
[controller_server-10] [INFO] [1774331940.190163433] [controller_server]: Critic loaded : mppi::critics::GoalAngleCritic
[controller_server-10] [INFO] [1774331940.193973628] [controller_server]: ReferenceTrajectoryCritic instantiated with 1 power and 2.000000 weight
[controller_server-10] [INFO] [1774331940.194024084] [controller_server]: Critic loaded : mppi::critics::PathAlignCritic
[controller_server-10] [INFO] [1774331940.195788603] [controller_server]: Critic loaded : mppi::critics::PathFollowCritic
[controller_server-10] [INFO] [1774331940.198393092] [controller_server]: PathAngleCritic instantiated with 1 power and 1.500000 weight. Mode set to: Forward Preference
[controller_server-10] [INFO] [1774331940.198442673] [controller_server]: Critic loaded : mppi::critics::PathAngleCritic
[controller_server-10] [INFO] [1774331940.199986992] [controller_server]: PreferForwardCritic instantiated with 1 power and 10.000000 weight.
[controller_server-10] [INFO] [1774331940.200038032] [controller_server]: Critic loaded : mppi::critics::PreferForwardCritic
[controller_server-10] [INFO] [1774331940.201619391] [controller_server]: Optimizer reset
[scan_to_scan_filter_chain-4] [WARN] [1774331940.203190250] [scan_to_scan_filter_chain]: diagnostic_updater: No HW_ID was set. This is probably a bug. Please report it. For devices that do not have a HW_ID, set this value to 'none'. This warning only occurs once all diagnostics are OK. It is okay to wait until the device is open before calling setHardwareID.
[controller_server-10] [INFO] [1774331940.212978227] [MPPIController]: Configured MPPI Controller: FollowPath
[controller_server-10] [INFO] [1774331940.213019934] [controller_server]: Controller Server has FollowPath  controllers available.
[lifecycle_manager-19] [INFO] [1774331940.233526562] [lifecycle_manager_navigation]: [34m[1mConfiguring smoother_server[0m[0m
[smoother_server-11] [INFO] [1774331940.234574190] [smoother_server]: Configuring smoother server
[localization_slam_toolbox_node-7] Load From File /home/smr/workspaces/mini_amr/amrROS2_ws/maps/latest_map.posegraph 
[localization_slam_toolbox_node-7] Mapper <- Module
[localization_slam_toolbox_node-7] Mapper <- m_pSequentialScanMatcher
[localization_slam_toolbox_node-7] Mapper <- m_pGraph
[localization_slam_toolbox_node-7] MapperGraph <- Graph; Graph <- m_Edges; Graph <- m_Vertices
[localization_slam_toolbox_node-7] MapperGraph <- m_pMapper; MapperGraph <- m_pLoopScanMatcher; MapperGraph <- m_pTraversal
[localization_slam_toolbox_node-7] Mapper <- m_pMapperSensorManager
[localization_slam_toolbox_node-7] MapperSensorManager <- m_ScanManagers; MapperSensorManager <- m_Scans
[localization_slam_toolbox_node-7] Mapper <- m_Listeners
[localization_slam_toolbox_node-7] **Finished serializing Mapper**
[localization_slam_toolbox_node-7] Load From File
[localization_slam_toolbox_node-7] **Serializing Dataset**
[localization_slam_toolbox_node-7] Dataset <- m_SensorNameLookup
[localization_slam_toolbox_node-7] Dataset <- m_Data
[localization_slam_toolbox_node-7] Dataset <- m_Lasers
[localization_slam_toolbox_node-7] Dataset <- m_pDatasetInfo
[localization_slam_toolbox_node-7] **Finished serializing Dataset**
[localization_slam_toolbox_node-7] Registering sensor: [Custom Described Lidar]
[localization_slam_toolbox_node-7] WARNING: Logging before InitGoogleLogging() is written to STDERR
[localization_slam_toolbox_node-7] W20260324 12:59:00.276144 13577 preprocessor.cc:67] Specified options.num_threads: 50 exceeds maximum available from the threading model Ceres was compiled with: 8.  Bounding to maximum number available.
[INFO] [launch.user]: [LifecycleLaunch] Slamtoolbox node is activating.
[localization_slam_toolbox_node-7] [INFO] [1774331940.292888483] [slam_toolbox]: Activating
[smoother_server-11] [INFO] [1774331940.293652330] [smoother_server]: Created smoother : simple_smoother of type nav2_smoother::SimpleSmoother
[smoother_server-11] [INFO] [1774331940.310734625] [smoother_server]: Smoother Server has simple_smoother  smoothers available.
[joint_state_publisher-2] [INFO] [1774331940.320650638] [joint_state_publisher]: Waiting for robot_description to be published on the robot_description topic...
[lifecycle_manager-19] [INFO] [1774331940.328492978] [lifecycle_manager_navigation]: [34m[1mConfiguring planner_server[0m[0m
[planner_server-12] [INFO] [1774331940.329562772] [planner_server]: Configuring
[planner_server-12] [INFO] [1774331940.329635103] [global_costmap.global_costmap]: Configuring
[planner_server-12] [INFO] [1774331940.354634401] [global_costmap.global_costmap]: Using plugin "static_layer"
[planner_server-12] [INFO] [1774331940.362762563] [global_costmap.global_costmap]: Subscribing to the map topic (/map) with transient local durability
[planner_server-12] [INFO] [1774331940.365256222] [global_costmap.global_costmap]: Initialized plugin "static_layer"
[planner_server-12] [INFO] [1774331940.365971946] [global_costmap.global_costmap]: Using plugin "obstacle_layer"
[planner_server-12] [INFO] [1774331940.369269993] [global_costmap.global_costmap]: Subscribed to Topics: scan
[planner_server-12] [INFO] [1774331940.378520447] [global_costmap.global_costmap]: Initialized plugin "obstacle_layer"
[planner_server-12] [INFO] [1774331940.379407665] [global_costmap.global_costmap]: Using plugin "inflation_layer"
[planner_server-12] [INFO] [1774331940.383065323] [global_costmap.global_costmap]: Initialized plugin "inflation_layer"
[planner_server-12] [INFO] [1774331940.383120155] [global_costmap.global_costmap]: Using costmap filter "keepout_filter"
[planner_server-12] [INFO] [1774331940.389129144] [global_costmap.global_costmap]: Initialized costmap filter "keepout_filter"
[planner_server-12] [INFO] [1774331940.389192434] [global_costmap.global_costmap]: Using costmap filter "inflation_layer2"
[planner_server-12] [INFO] [1774331940.392496896] [global_costmap.global_costmap]: Initialized costmap filter "inflation_layer2"
[planner_server-12] [INFO] [1774331940.458385497] [planner_server]: Created global planner plugin GridBased of type nav2_smac_planner::SmacPlanner2D
[planner_server-12] [INFO] [1774331940.458448203] [planner_server]: Configuring GridBased of type SmacPlanner2D
[planner_server-12] [ERROR] [1774331940.462085153] [planner_server]: Inflation layer either not found or inflation is not set sufficiently for optimized non-circular collision checking capabilities. It is HIGHLY recommended to set the inflation radius to be at MINIMUM half of the robot's largest cross-section. See github.com/ros-planning/navigation2/tree/main/nav2_smac_planner#potential-fields for full instructions. This will substantially impact run-time performance.
[planner_server-12] [INFO] [1774331940.465017463] [planner_server]: Configured plugin GridBased of type SmacPlanner2D with tolerance 0.12, maximum iterations 1000000, max on approach iterations 1000, and not allowing unknown traversal.
[planner_server-12] [INFO] [1774331940.465083669] [planner_server]: Planner Server has GridBased  planners available.
[rplidar_node-3] [INFO] [1774331940.472990465] [rplidar_node]: set lidar scan frequency to 10.0 Hz(600.0 Rpm) 
[lifecycle_manager-19] [INFO] [1774331940.503345151] [lifecycle_manager_navigation]: [34m[1mConfiguring behavior_server[0m[0m
[behavior_server-13] [INFO] [1774331940.503989710] [behavior_server]: Configuring
[behavior_server-13] [INFO] [1774331940.521718606] [behavior_server]: Creating behavior plugin wait of type nav2_behaviors::Wait
[behavior_server-13] [INFO] [1774331940.555427628] [behavior_server]: Configuring wait
[lifecycle_manager-19] [INFO] [1774331940.568540776] [lifecycle_manager_navigation]: [34m[1mConfiguring velocity_smoother[0m[0m
[velocity_smoother-16] [INFO] [1774331940.569024925] [velocity_smoother]: Configuring velocity smoother
[lifecycle_manager-19] [INFO] [1774331940.576220663] [lifecycle_manager_navigation]: [34m[1mConfiguring collision_monitor[0m[0m
[collision_monitor-17] [INFO] [1774331940.576700729] [collision_monitor]: Configuring
[localization_slam_toolbox_node-7] Registering sensor: [Custom Described Lidar]
[collision_monitor-17] [INFO] [1774331940.591484773] [collision_monitor]: [scan]: Creating Scan
[collision_monitor-17] [INFO] [1774331940.596199393] [collision_monitor]: [PolygonStop]: Creating Polygon
[collision_monitor-17] [INFO] [1774331940.596250725] [collision_monitor]: [PolygonStop]: Creating Circle
[collision_monitor-17] [INFO] [1774331940.599673892] [collision_monitor]: [PolygonSlow]: Creating Polygon
[collision_monitor-17] [INFO] [1774331940.603219554] [collision_monitor]: [FootprintApproach]: Creating Polygon
[collision_monitor-17] [INFO] [1774331940.603695829] [collision_monitor]: [FootprintApproach]: Polygon points are not defined. Using dynamic subscription instead.
[collision_monitor-17] [INFO] [1774331940.608034212] [collision_monitor]: [FootprintApproach]: Making footprint subscriber on /local_costmap/published_footprint topic
[lifecycle_manager-19] [INFO] [1774331940.626267090] [lifecycle_manager_navigation]: [34m[1mConfiguring collision_detector[0m[0m
[collision_detector-18] [INFO] [1774331940.627417090] [collision_detector]: Configuring
[planner_server-12] [INFO] [1774331940.678200532] [global_costmap.global_costmap]: StaticLayer: Resizing costmap to 787 X 922 at 0.050000 m/pix
[collision_detector-18] [INFO] [1774331940.687507859] [collision_monitor]: [scan]: Creating Scan
[collision_detector-18] [INFO] [1774331940.693777589] [collision_monitor]: [PolygonStop]: Creating Polygon
[collision_detector-18] [INFO] [1774331940.693812588] [collision_monitor]: [PolygonStop]: Creating Circle
[collision_detector-18] [INFO] [1774331940.702305612] [collision_monitor]: [PolygonSlow]: Creating Polygon
[lifecycle_manager-19] [INFO] [1774331940.710929589] [lifecycle_manager_navigation]: [34m[1mConfiguring bt_navigator[0m[0m
[bt_navigator-14] [INFO] [1774331940.711488111] [bt_navigator]: Configuring
[bt_navigator-14] [INFO] [1774331940.723716374] [bt_navigator]: Creating navigator id navigate_to_pose of type nav2_bt_navigator::NavigateToPoseNavigator
[bt_navigator-14] [INFO] [1774331940.862624564] [bt_navigator]: Creating navigator id navigate_through_poses of type nav2_bt_navigator::NavigateThroughPosesNavigator
[lifecycle_manager-19] [INFO] [1774331940.909707182] [lifecycle_manager_navigation]: [34m[1mConfiguring waypoint_follower[0m[0m
[waypoint_follower-15] [INFO] [1774331940.910171499] [waypoint_follower]: Configuring
[waypoint_follower-15] [INFO] [1774331940.958426283] [waypoint_follower]: Created waypoint_task_executor : wait_at_waypoint of type nav2_waypoint_follower::WaitAtWaypoint
[lifecycle_manager-19] [INFO] [1774331940.961099894] [lifecycle_manager_navigation]: [34m[1mConfiguring keepout_filter_mask_server[0m[0m
[map_server-8] [INFO] [1774331940.961662790] [keepout_filter_mask_server]: Configuring
[map_server-8] [INFO] [1774331940.961823784] [map_io]: Loading yaml file: /home/smr/workspaces/mini_amr/amrROS2_ws/maps/latest_map_keepout.yaml
[map_server-8] [INFO] [1774331940.962544466] [map_io]: resolution: 0.05
[map_server-8] [INFO] [1774331940.962576840] [map_io]: origin[0]: -26.12
[map_server-8] [INFO] [1774331940.962596672] [map_io]: origin[1]: -29.258
[map_server-8] [INFO] [1774331940.962613589] [map_io]: origin[2]: 0
[map_server-8] [INFO] [1774331940.962631088] [map_io]: free_thresh: 0.196
[map_server-8] [INFO] [1774331940.962648296] [map_io]: occupied_thresh: 0.65
[map_server-8] [INFO] [1774331940.962668128] [map_io]: mode: trinary
[map_server-8] [INFO] [1774331940.962686211] [map_io]: negate: 0
[map_server-8] [INFO] [1774331940.963201859] [map_io]: Loading image_file: /home/smr/workspaces/mini_amr/amrROS2_ws/maps/latest_map_keepout.pgm
[map_server-8] [INFO] [1774331941.011293315] [map_io]: Read map /home/smr/workspaces/mini_amr/amrROS2_ws/maps/latest_map_keepout.pgm: 787 X 922 map @ 0.05 m/cell
[lifecycle_manager-19] [INFO] [1774331941.025411801] [lifecycle_manager_navigation]: [34m[1mConfiguring keepout_costmap_filter_info_server[0m[0m
[costmap_filter_info_server-9] [INFO] [1774331941.026108567] [keepout_costmap_filter_info_server]: Configuring
[lifecycle_manager-19] [INFO] [1774331941.059290567] [lifecycle_manager_navigation]: [34m[1mActivating controller_server[0m[0m
[controller_server-10] [INFO] [1774331941.059815548] [controller_server]: Activating
[controller_server-10] [INFO] [1774331941.059917336] [local_costmap.local_costmap]: Activating
[controller_server-10] [INFO] [1774331941.059955543] [local_costmap.local_costmap]: Checking transform
[controller_server-10] [INFO] [1774331941.060293572] [local_costmap.local_costmap]: start
[controller_server-10] [INFO] [1774331941.062191086] [local_costmap.local_costmap]: KeepoutFilter: Subscribing to "/keepout_costmap_filter_info" topic for filter info...
[controller_server-10] [WARN] [1774331941.162981290] [local_costmap.local_costmap]: KeepoutFilter: Filter mask was not received
[controller_server-10] [WARN] [1774331941.167008185] [controller_server]: Parameter controller_server.verbose not found
[controller_server-10] [INFO] [1774331941.168511380] [controller_server]: Optimizer reset
[controller_server-10] [INFO] [1774331941.169883622] [MPPIController]: Activated MPPI Controller: FollowPath
[controller_server-10] [INFO] [1774331941.170006701] [controller_server]: Creating bond (controller_server) to lifecycle manager.
[lifecycle_manager-19] [INFO] [1774331941.284235540] [lifecycle_manager_navigation]: Server controller_server connected with bond.
[lifecycle_manager-19] [INFO] [1774331941.284316621] [lifecycle_manager_navigation]: [34m[1mActivating smoother_server[0m[0m
[smoother_server-11] [INFO] [1774331941.284838685] [smoother_server]: Activating
[smoother_server-11] [INFO] [1774331941.284895266] [smoother_server]: Creating bond (smoother_server) to lifecycle manager.
[lifecycle_manager-19] [INFO] [1774331941.391005568] [lifecycle_manager_navigation]: Server smoother_server connected with bond.
[lifecycle_manager-19] [INFO] [1774331941.391150229] [lifecycle_manager_navigation]: [34m[1mActivating planner_server[0m[0m
[planner_server-12] [INFO] [1774331941.391738499] [planner_server]: Activating
[planner_server-12] [INFO] [1774331941.391868578] [global_costmap.global_costmap]: Activating
[planner_server-12] [INFO] [1774331941.391890452] [global_costmap.global_costmap]: Checking transform
[planner_server-12] [INFO] [1774331941.392239856] [global_costmap.global_costmap]: start
[planner_server-12] [INFO] [1774331941.394572521] [global_costmap.global_costmap]: KeepoutFilter: Subscribing to "/keepout_costmap_filter_info" topic for filter info...
[planner_server-12] [WARN] [1774331941.908466095] [global_costmap.global_costmap]: KeepoutFilter: Filter mask was not received
[planner_server-12] [INFO] [1774331941.946988025] [planner_server]: Activating plugin GridBased of type SmacPlanner2D
[planner_server-12] [INFO] [1774331941.949831671] [planner_server]: Creating bond (planner_server) to lifecycle manager.
[lifecycle_manager-19] [INFO] [1774331942.058476464] [lifecycle_manager_navigation]: Server planner_server connected with bond.
[lifecycle_manager-19] [INFO] [1774331942.058529837] [lifecycle_manager_navigation]: [34m[1mActivating behavior_server[0m[0m
[behavior_server-13] [INFO] [1774331942.058928239] [behavior_server]: Activating
[behavior_server-13] [INFO] [1774331942.058962654] [behavior_server]: Activating wait
[behavior_server-13] [INFO] [1774331942.058984237] [behavior_server]: Creating bond (behavior_server) to lifecycle manager.
[lifecycle_manager-19] [INFO] [1774331942.162844704] [lifecycle_manager_navigation]: Server behavior_server connected with bond.
[lifecycle_manager-19] [INFO] [1774331942.162966324] [lifecycle_manager_navigation]: [34m[1mActivating velocity_smoother[0m[0m
[velocity_smoother-16] [INFO] [1774331942.163693131] [velocity_smoother]: Activating
[velocity_smoother-16] [INFO] [1774331942.163894666] [velocity_smoother]: Creating bond (velocity_smoother) to lifecycle manager.
[lifecycle_manager-19] [INFO] [1774331942.277987885] [lifecycle_manager_navigation]: Server velocity_smoother connected with bond.
[lifecycle_manager-19] [INFO] [1774331942.278097839] [lifecycle_manager_navigation]: [34m[1mActivating collision_monitor[0m[0m
[collision_monitor-17] [INFO] [1774331942.278985349] [collision_monitor]: Activating
[collision_monitor-17] [INFO] [1774331942.279037847] [collision_monitor]: Creating bond (collision_monitor) to lifecycle manager.
[lifecycle_manager-19] [INFO] [1774331942.381986597] [lifecycle_manager_navigation]: Server collision_monitor connected with bond.
[lifecycle_manager-19] [INFO] [1774331942.382039095] [lifecycle_manager_navigation]: [34m[1mActivating collision_detector[0m[0m
[collision_detector-18] [INFO] [1774331942.382362833] [collision_detector]: Activating
[collision_detector-18] [INFO] [1774331942.382441580] [collision_detector]: Creating bond (collision_detector) to lifecycle manager.
[lifecycle_manager-19] [INFO] [1774331942.538962004] [lifecycle_manager_navigation]: Server collision_detector connected with bond.
[lifecycle_manager-19] [INFO] [1774331942.539018294] [lifecycle_manager_navigation]: [34m[1mActivating bt_navigator[0m[0m
[bt_navigator-14] [INFO] [1774331942.539571273] [bt_navigator]: Activating
[bt_navigator-14] [INFO] [1774331942.664264732] [bt_navigator]: Creating bond (bt_navigator) to lifecycle manager.
[lifecycle_manager-19] [INFO] [1774331942.769632185] [lifecycle_manager_navigation]: Server bt_navigator connected with bond.
[lifecycle_manager-19] [INFO] [1774331942.769772472] [lifecycle_manager_navigation]: [34m[1mActivating waypoint_follower[0m[0m
[waypoint_follower-15] [INFO] [1774331942.771426453] [waypoint_follower]: Activating
[waypoint_follower-15] [INFO] [1774331942.771843813] [waypoint_follower]: Creating bond (waypoint_follower) to lifecycle manager.
[lifecycle_manager-19] [INFO] [1774331942.893821078] [lifecycle_manager_navigation]: Server waypoint_follower connected with bond.
[lifecycle_manager-19] [INFO] [1774331942.893946199] [lifecycle_manager_navigation]: [34m[1mActivating keepout_filter_mask_server[0m[0m
[map_server-8] [INFO] [1774331942.894878040] [keepout_filter_mask_server]: Activating
[map_server-8] [INFO] [1774331942.896963672] [keepout_filter_mask_server]: Creating bond (keepout_filter_mask_server) to lifecycle manager.
[lifecycle_manager-19] [INFO] [1774331943.014786589] [lifecycle_manager_navigation]: Server keepout_filter_mask_server connected with bond.
[lifecycle_manager-19] [INFO] [1774331943.014851337] [lifecycle_manager_navigation]: [34m[1mActivating keepout_costmap_filter_info_server[0m[0m
[costmap_filter_info_server-9] [INFO] [1774331943.015872716] [keepout_costmap_filter_info_server]: Activating
[costmap_filter_info_server-9] [INFO] [1774331943.016149206] [keepout_costmap_filter_info_server]: Creating bond (keepout_costmap_filter_info_server) to lifecycle manager.
[planner_server-12] [INFO] [1774331943.016362698] [global_costmap.global_costmap]: KeepoutFilter: Received filter info from /keepout_costmap_filter_info topic.
[planner_server-12] [INFO] [1774331943.016433571] [global_costmap.global_costmap]: KeepoutFilter: Subscribing to "/keepout_filter_mask" topic for filter mask...
[controller_server-10] [INFO] [1774331943.016409071] [local_costmap.local_costmap]: KeepoutFilter: Received filter info from /keepout_costmap_filter_info topic.
[controller_server-10] [INFO] [1774331943.016521359] [local_costmap.local_costmap]: KeepoutFilter: Subscribing to "/keepout_filter_mask" topic for filter mask...
[planner_server-12] [INFO] [1774331943.040879597] [global_costmap.global_costmap]: KeepoutFilter: Received filter mask from /keepout_filter_mask topic.
[controller_server-10] [INFO] [1774331943.057280874] [local_costmap.local_costmap]: KeepoutFilter: Received filter mask from /keepout_filter_mask topic.
[lifecycle_manager-19] [INFO] [1774331943.126335401] [lifecycle_manager_navigation]: Server keepout_costmap_filter_info_server connected with bond.
[lifecycle_manager-19] [INFO] [1774331943.126389649] [lifecycle_manager_navigation]: [34m[1mManaged nodes are active[0m[0m
[lifecycle_manager-19] [INFO] [1774331943.126403357] [lifecycle_manager_navigation]: [34m[1mCreating bond timer...[0m[0m
[INFO] [delivery_robot_main_controller-20]: process started with pid [13859]
[INFO] [robot_sound-21]: process started with pid [13860]
[INFO] [call_robot_button-22]: process started with pid [13861]
[INFO] [rpc_run_node-23]: process started with pid [13862]
[INFO] [dock_coordinates-24]: process started with pid [13863]
[INFO] [autodock_action_server-25]: process started with pid [13864]
[INFO] [battery_manager_node-26]: process started with pid [13865]
[dock_coordinates-24] [INFO] [1774331944.354022433] [dock_coordinates]: begin dock_coordinates
[dock_coordinates-24] [INFO] [1774331944.355226972] [dock coordinates]: max_alignment_error: 0.010000
[dock_coordinates-24] [INFO] [1774331944.356136939] [dock coordinates]: minimum_point_cloud: 5
[dock_coordinates-24] [INFO] [1774331944.356808623] [dock coordinates]: point_cloud_split_dist: 0.050000
[dock_coordinates-24] [INFO] [1774331944.357860335] [dock coordinates]: max_dock_width: 0.380000
[dock_coordinates-24] [INFO] [1774331944.358455896] [dock coordinates]: min_dock_width: 0.310000
[dock_coordinates-24] [INFO] [1774331944.359004210] [dock coordinates]: range_limit: 1.200000
[rpc_run_node-23] [0m[INFO] [1774331945.797749304] [rpc_run_node]: RPC run node started; RPC bridge configured.[0m
[battery_manager_node-26] [INFO] [1774331945.798485152] [battery_manager]: SOC limits from API: target=1.00, resume=0.95
[rpc_run_node-23] 2026-03-24 12:59:05,800 [INFO] RPCServer listening on localhost:6000
[robot_sound-21] [0m[INFO] [1774331945.888465125] [robot_sound_node]: Obstacle sound alarm is enabled.[0m
[robot_sound-21] [0m[INFO] [1774331945.893025750] [robot_sound_node]: Obstacle sound alarm disabled (API).[0m
[robot_sound-21] [0m[INFO] [1774331945.900974544] [robot_sound_node]: Sound volume set to 0% (API).[0m
[robot_sound-21] [0m[INFO] [1774331945.902251997] [robot_sound_node]: ✅ robot_sound_node started using .wav files[0m
[robot_sound-21] [33m[WARN] [1774331945.907884167] [robot_sound_node]: Map not available yet; skipping obstacle classification.[0m
[robot_sound-21] [0m[INFO] [1774331945.915725340] [robot_sound_node]: Received map (width=787, height=922, resolution=0.050 m/cell)[0m
[battery_manager_node-26] [INFO] [1774331946.228585652] [battery_manager]: State change: IDLE_ON_DOCK -> UNKNOWN
[autodock_action_server-25] [INFO] [1774331946.406992529] [autodock_action_server]: auto_dock_init_start
[autodock_action_server-25] [INFO] [1774331946.472815215] [autodock_action_server]: auto_dock_init_complete
[delivery_robot_main_controller-20] [0m[INFO] [1774331946.918414609] [main_controller_node]: Delivery Robot Main Controller Node started.[0m
[delivery_robot_main_controller-20] [0m[INFO] [1774331946.925820631] [main_controller_node]: Initial state: STANDBY[0m
[delivery_robot_main_controller-20] [0m[INFO] [1774331946.931684667] [main_controller_node]: setting_batteryLowToCharge: 40[0m
[delivery_robot_main_controller-20] [33m[WARN] [1774331946.956945581] [rcl.logging_rosout]: Publisher already registered for node name: 'main_controller_node'. If this is due to multiple nodes with the same name then all logs for the logger named 'main_controller_node' will go out over the existing publisher. As soon as any node with that name is destructed it will unregister the publisher, preventing any further logs for that name from being published on the rosout topic.[0m
[delivery_robot_main_controller-20] [33m[WARN] [1774331947.000230546] [main_controller_node]: slam_toolbox_msgs not available; initial pose service calls will be skipped.[0m
[delivery_robot_main_controller-20] [0m[INFO] [1774331948.148102401] [main_controller_node]: Waiting for Nav2 system...[0m
[INFO] [bash-27]: process started with pid [13968]
[bash-27]   File "/home/smr/workspaces/mini_amr/amrROS2_UI/ICEAMR/main.py", line 74
[bash-27]     self.setWindowFlag(Qt.WindowStaysOnTopHint, True)
[bash-27] TabError: inconsistent use of tabs and spaces in indentation
[ERROR] [bash-27]: process has died [pid 13968, exit code 1, cmd '/bin/bash -c cd /home/smr/workspaces/mini_amr/amrROS2_UI/ICEAMR && source ../env/bin/activate && python main.py'].
[INFO] [battery_manager_node-26]: sending signal 'SIGINT' to process[battery_manager_node-26]
[INFO] [autodock_action_server-25]: sending signal 'SIGINT' to process[autodock_action_server-25]
[INFO] [dock_coordinates-24]: sending signal 'SIGINT' to process[dock_coordinates-24]
[INFO] [rpc_run_node-23]: sending signal 'SIGINT' to process[rpc_run_node-23]
[INFO] [call_robot_button-22]: sending signal 'SIGINT' to process[call_robot_button-22]
[INFO] [robot_sound-21]: sending signal 'SIGINT' to process[robot_sound-21]
[INFO] [dock_coordinates-24]: process has finished cleanly [pid 13863]
[INFO] [delivery_robot_main_controller-20]: sending signal 'SIGINT' to process[delivery_robot_main_controller-20]
[INFO] [lifecycle_manager-19]: sending signal 'SIGINT' to process[lifecycle_manager-19]
[INFO] [collision_detector-18]: sending signal 'SIGINT' to process[collision_detector-18]
[INFO] [collision_monitor-17]: sending signal 'SIGINT' to process[collision_monitor-17]
[INFO] [velocity_smoother-16]: sending signal 'SIGINT' to process[velocity_smoother-16]
[INFO] [waypoint_follower-15]: sending signal 'SIGINT' to process[waypoint_follower-15]
[INFO] [bt_navigator-14]: sending signal 'SIGINT' to process[bt_navigator-14]
[INFO] [behavior_server-13]: sending signal 'SIGINT' to process[behavior_server-13]
[INFO] [planner_server-12]: sending signal 'SIGINT' to process[planner_server-12]
[INFO] [smoother_server-11]: sending signal 'SIGINT' to process[smoother_server-11]
[INFO] [controller_server-10]: sending signal 'SIGINT' to process[controller_server-10]
[INFO] [costmap_filter_info_server-9]: sending signal 'SIGINT' to process[costmap_filter_info_server-9]
[INFO] [map_server-8]: sending signal 'SIGINT' to process[map_server-8]
[INFO] [localization_slam_toolbox_node-7]: sending signal 'SIGINT' to process[localization_slam_toolbox_node-7]
[INFO] [robot_hardware-6]: sending signal 'SIGINT' to process[robot_hardware-6]
[INFO] [ekf_node-5]: sending signal 'SIGINT' to process[ekf_node-5]
[INFO] [scan_to_scan_filter_chain-4]: sending signal 'SIGINT' to process[scan_to_scan_filter_chain-4]
[INFO] [rplidar_node-3]: sending signal 'SIGINT' to process[rplidar_node-3]
[INFO] [joint_state_publisher-2]: sending signal 'SIGINT' to process[joint_state_publisher-2]
[INFO] [robot_state_publisher-1]: sending signal 'SIGINT' to process[robot_state_publisher-1]
[battery_manager_node-26] Traceback (most recent call last):
[battery_manager_node-26]   File "/home/smr/workspaces/mini_amr/amrROS2_ws/install/battery_management/lib/battery_management/battery_manager_node", line 33, in <module>
[battery_manager_node-26]     sys.exit(load_entry_point('battery-management==0.0.0', 'console_scripts', 'battery_manager_node')())
[battery_manager_node-26]              ^^^^^^^^^^^^^^^^^^^^^^^^^^^^^^^^^^^^^^^^^^^^^^^^^^^^^^^^^^^^^^^^^^^^^^^^^^^^^^^^^^^^^^^^^^
[battery_manager_node-26]   File "/home/smr/workspaces/mini_amr/amrROS2_ws/install/battery_management/lib/python3.12/site-packages/battery_management/battery_manager_node.py", line 311, in main
[battery_manager_node-26]     rclpy.spin(node)
[battery_manager_node-26]   File "/opt/ros/jazzy/lib/python3.12/site-packages/rclpy/__init__.py", line 247, in spin
[battery_manager_node-26]     executor.spin_once()
[battery_manager_node-26]   File "/opt/ros/jazzy/lib/python3.12/site-packages/rclpy/executors.py", line 845, in spin_once
[battery_manager_node-26]     self._spin_once_impl(timeout_sec)
[battery_manager_node-26]   File "/opt/ros/jazzy/lib/python3.12/site-packages/rclpy/executors.py", line 829, in _spin_once_impl
[battery_manager_node-26]     handler, entity, node = self.wait_for_ready_callbacks(
[battery_manager_node-26]                             ^^^^^^^^^^^^^^^^^^^^^^^^^^^^^^
[battery_manager_node-26]   File "/opt/ros/jazzy/lib/python3.12/site-packages/rclpy/executors.py", line 799, in wait_for_ready_callbacks
[battery_manager_node-26]     return next(self._cb_iter)
[battery_manager_node-26]            ^^^^^^^^^^^^^^^^^^^
[battery_manager_node-26]   File "/opt/ros/jazzy/lib/python3.12/site-packages/rclpy/executors.py", line 703, in _wait_for_ready_callbacks
[battery_manager_node-26]     wait_set.wait(timeout_nsec)
[battery_manager_node-26] KeyboardInterrupt
[dock_coordinates-24] [INFO] [1774331949.568344545] [rclcpp]: signal_handler(signum=2)
[rpc_run_node-23] [0m[INFO] [1774331949.576260673] [rpc_run_node]: RPC run node stopped by user.[0m
[rpc_run_node-23] Failed to publish log message to rosout: publisher's context is invalid, at ./src/rcl/publisher.c:423
[rpc_run_node-23] 2026-03-24 12:59:09,583 [INFO] RPCServer stopped.
[robot_sound-21] [0m[INFO] [1774331949.585241638] [robot_sound_node]: 🔚 robot_sound_node stopped by user.[0m
[delivery_robot_main_controller-20] Traceback (most recent call last):
[delivery_robot_main_controller-20]   File "/home/smr/workspaces/mini_amr/amrROS2_ws/install/delivery_robot_main_controller/lib/delivery_robot_main_controller/delivery_robot_main_controller", line 33, in <module>
[delivery_robot_main_controller-20]     sys.exit(load_entry_point('delivery-robot-main-controller==0.0.1', 'console_scripts', 'delivery_robot_main_controller')())
[delivery_robot_main_controller-20]              ^^^^^^^^^^^^^^^^^^^^^^^^^^^^^^^^^^^^^^^^^^^^^^^^^^^^^^^^^^^^^^^^^^^^^^^^^^^^^^^^^^^^^^^^^^^^^^^^^^^^^^^^^^^^^^^^
[delivery_robot_main_controller-20]   File "/home/smr/workspaces/mini_amr/amrROS2_ws/install/delivery_robot_main_controller/lib/python3.12/site-packages/delivery_robot_main_controller/main_controller_node.py", line 1701, in main
[delivery_robot_main_controller-20]     node = DeliveryRobotMainController()
[delivery_robot_main_controller-20]            ^^^^^^^^^^^^^^^^^^^^^^^^^^^^^
[delivery_robot_main_controller-20]   File "/home/smr/workspaces/mini_amr/amrROS2_ws/install/delivery_robot_main_controller/lib/python3.12/site-packages/delivery_robot_main_controller/main_controller_node.py", line 170, in __init__
[delivery_robot_main_controller-20]     self.navigator.waitUntilNav2Active()
[delivery_robot_main_controller-20]   File "/home/smr/workspaces/mini_amr/amrROS2_ws/install/delivery_robot_main_controller/lib/python3.12/site-packages/delivery_robot_main_controller/robot_navigator.py", line 258, in waitUntilNav2Active
[delivery_robot_main_controller-20]     self._waitForNodeToActivate(node_name)
[delivery_robot_main_controller-20]   File "/home/smr/workspaces/mini_amr/amrROS2_ws/install/delivery_robot_main_controller/lib/python3.12/site-packages/delivery_robot_main_controller/robot_navigator.py", line 430, in _waitForNodeToActivate
[delivery_robot_main_controller-20]     time.sleep(2)
[delivery_robot_main_controller-20] KeyboardInterrupt
[lifecycle_manager-19] [INFO] [1774331949.614813227] [rclcpp]: signal_handler(signum=2)
[lifecycle_manager-19] [INFO] [1774331949.615104300] [lifecycle_manager_navigation]: Running Nav2 LifecycleManager rcl preshutdown (lifecycle_manager_navigation)
[lifecycle_manager-19] [INFO] [1774331949.615164381] [lifecycle_manager_navigation]: [34m[1mTerminating bond timer...[0m[0m
[collision_detector-18] [INFO] [1774331949.640983232] [rclcpp]: signal_handler(signum=2)
[collision_detector-18] [INFO] [1774331949.641115352] [collision_detector]: Running Nav2 LifecycleNode rcl preshutdown (collision_detector)
[collision_detector-18] [INFO] [1774331949.641201683] [collision_detector]: Deactivating
[collision_detector-18] [INFO] [1774331949.641232890] [collision_detector]: Destroying bond (collision_detector) to lifecycle manager.
[collision_detector-18] [WARN] [1774331949.648160596] [LifecyclePublisher]: Trying to publish message on the topic '/collision_detector_state', but the publisher is not activated
[collision_detector-18] [WARN] [1774331949.648202886] [LifecyclePublisher]: Trying to publish message on the topic '/polygon_stop_detector', but the publisher is not activated
[collision_detector-18] [WARN] [1774331949.648209594] [LifecyclePublisher]: Trying to publish message on the topic '/polygon_slowdown_detector', but the publisher is not activated
[collision_detector-18] [INFO] [1774331949.661656688] [collision_detector]: Cleaning up
[collision_detector-18] [INFO] [1774331949.663225797] [collision_monitor]: [PolygonStop]: Destroying Circle
[collision_detector-18] [INFO] [1774331949.663245921] [collision_monitor]: [PolygonStop]: Destroying Polygon
[collision_detector-18] [INFO] [1774331949.663255838] [collision_monitor]: [PolygonSlow]: Destroying Polygon
[collision_detector-18] [INFO] [1774331949.663263421] [collision_monitor]: [scan]: Destroying Scan
[collision_detector-18] [INFO] [1774331949.676117286] [collision_detector]: Destroying bond (collision_detector) to lifecycle manager.
[collision_monitor-17] [INFO] [1774331949.655606283] [rclcpp]: signal_handler(signum=2)
[collision_monitor-17] [INFO] [1774331949.655766402] [collision_monitor]: Running Nav2 LifecycleNode rcl preshutdown (collision_monitor)
[collision_monitor-17] [INFO] [1774331949.655852441] [collision_monitor]: Deactivating
[collision_monitor-17] [INFO] [1774331949.655874606] [collision_monitor]: Destroying bond (collision_monitor) to lifecycle manager.
[collision_monitor-17] [INFO] [1774331949.706290562] [collision_monitor]: Cleaning up
[collision_monitor-17] [INFO] [1774331949.706359684] [collision_monitor]: [PolygonStop]: Destroying Circle
[collision_monitor-17] [INFO] [1774331949.706375142] [collision_monitor]: [PolygonStop]: Destroying Polygon
[collision_monitor-17] [INFO] [1774331949.706387975] [collision_monitor]: [PolygonSlow]: Destroying Polygon
[collision_monitor-17] [INFO] [1774331949.706399641] [collision_monitor]: [FootprintApproach]: Destroying Polygon
[collision_monitor-17] [INFO] [1774331949.706413641] [collision_monitor]: [scan]: Destroying Scan
[call_robot_button-22] [0m[INFO] [1774331949.737474718] [call_robot_button_node]: CallRobotButton interrupted by user.[0m
[call_robot_button-22] Failed to publish log message to rosout: publisher's context is invalid, at ./src/rcl/publisher.c:423
[collision_monitor-17] [INFO] [1774331949.716691308] [collision_monitor]: Destroying bond (collision_monitor) to lifecycle manager.
[velocity_smoother-16] [INFO] [1774331949.727343462] [rclcpp]: signal_handler(signum=2)
[velocity_smoother-16] [INFO] [1774331949.727655242] [velocity_smoother]: Running Nav2 LifecycleNode rcl preshutdown (velocity_smoother)
[velocity_smoother-16] [INFO] [1774331949.727849193] [velocity_smoother]: Deactivating
[velocity_smoother-16] [INFO] [1774331949.727915982] [velocity_smoother]: Destroying bond (velocity_smoother) to lifecycle manager.
[waypoint_follower-15] [INFO] [1774331949.755068285] [rclcpp]: signal_handler(signum=2)
[waypoint_follower-15] [INFO] [1774331949.755565267] [waypoint_follower]: Running Nav2 LifecycleNode rcl preshutdown (waypoint_follower)
[waypoint_follower-15] [INFO] [1774331949.755664138] [waypoint_follower]: Deactivating
[waypoint_follower-15] [INFO] [1774331949.755697095] [waypoint_follower]: Destroying bond (waypoint_follower) to lifecycle manager.
[velocity_smoother-16] [INFO] [1774331949.758812857] [velocity_smoother]: Cleaning up
[velocity_smoother-16] [INFO] [1774331949.758951102] [velocity_smoother]: Destroying bond (velocity_smoother) to lifecycle manager.
[waypoint_follower-15] [INFO] [1774331949.776254180] [waypoint_follower]: Cleaning up
[bt_navigator-14] [INFO] [1774331949.793464220] [rclcpp]: signal_handler(signum=2)
[bt_navigator-14] [INFO] [1774331949.794660301] [bt_navigator]: Running Nav2 LifecycleNode rcl preshutdown (bt_navigator)
[bt_navigator-14] [INFO] [1774331949.794793880] [bt_navigator]: Deactivating
[bt_navigator-14] [INFO] [1774331949.794826545] [bt_navigator]: Destroying bond (bt_navigator) to lifecycle manager.
[behavior_server-13] [INFO] [1774331949.828664479] [rclcpp]: signal_handler(signum=2)
[behavior_server-13] [INFO] [1774331949.828921137] [behavior_server]: Running Nav2 LifecycleNode rcl preshutdown (behavior_server)
[behavior_server-13] [INFO] [1774331949.829104005] [behavior_server]: Deactivating
[behavior_server-13] [INFO] [1774331949.829162045] [behavior_server]: Destroying bond (behavior_server) to lifecycle manager.
[behavior_server-13] [INFO] [1774331949.840063856] [behavior_server]: Cleaning up
[waypoint_follower-15] [INFO] [1774331949.835000415] [waypoint_follower]: Destroying bond (waypoint_follower) to lifecycle manager.
[bt_navigator-14] [INFO] [1774331949.835621643] [bt_navigator]: Cleaning up
[collision_detector-18] [INFO] [1774331949.855829906] [collision_detector]: Destroying
[planner_server-12] [INFO] [1774331949.875781221] [rclcpp]: signal_handler(signum=2)
[planner_server-12] [INFO] [1774331949.875996172] [planner_server]: Running Nav2 LifecycleNode rcl preshutdown (planner_server)
[planner_server-12] [INFO] [1774331949.876180207] [planner_server]: Deactivating
[planner_server-12] [INFO] [1774331949.876265954] [global_costmap.global_costmap]: Deactivating
[planner_server-12] [INFO] [1774331949.892976095] [planner_server]: Deactivating plugin GridBased of type SmacPlanner2D
[planner_server-12] [INFO] [1774331949.893095674] [planner_server]: Destroying bond (planner_server) to lifecycle manager.
[smoother_server-11] [INFO] [1774331949.899927425] [rclcpp]: signal_handler(signum=2)
[smoother_server-11] [INFO] [1774331949.900536695] [smoother_server]: Running Nav2 LifecycleNode rcl preshutdown (smoother_server)
[smoother_server-11] [INFO] [1774331949.900654232] [smoother_server]: Deactivating
[smoother_server-11] [INFO] [1774331949.900678148] [smoother_server]: Destroying bond (smoother_server) to lifecycle manager.
[velocity_smoother-16] [INFO] [1774331949.916699106] [velocity_smoother]: Destroying
[collision_monitor-17] [INFO] [1774331949.918795238] [collision_monitor]: Destroying
[behavior_server-13] [INFO] [1774331949.921082113] [behavior_server]: Destroying bond (behavior_server) to lifecycle manager.
[controller_server-10] [INFO] [1774331949.922970878] [rclcpp]: signal_handler(signum=2)
[controller_server-10] [INFO] [1774331949.923123997] [controller_server]: Running Nav2 LifecycleNode rcl preshutdown (controller_server)
[controller_server-10] [INFO] [1774331949.923215285] [controller_server]: Deactivating
[controller_server-10] [INFO] [1774331949.923245618] [MPPIController]: Deactivated MPPI Controller: FollowPath
[controller_server-10] [INFO] [1774331949.923263117] [local_costmap.local_costmap]: Deactivating
[waypoint_follower-15] [INFO] [1774331949.934411669] [waypoint_follower]: Destroying
[planner_server-12] [INFO] [1774331949.935083936] [planner_server]: Cleaning up
[costmap_filter_info_server-9] [INFO] [1774331949.952880496] [rclcpp]: signal_handler(signum=2)
[costmap_filter_info_server-9] [INFO] [1774331949.953185277] [keepout_costmap_filter_info_server]: Running Nav2 LifecycleNode rcl preshutdown (keepout_costmap_filter_info_server)
[costmap_filter_info_server-9] [INFO] [1774331949.953373104] [keepout_costmap_filter_info_server]: Deactivating
[costmap_filter_info_server-9] [INFO] [1774331949.953426768] [keepout_costmap_filter_info_server]: Destroying bond (keepout_costmap_filter_info_server) to lifecycle manager.
[costmap_filter_info_server-9] [INFO] [1774331949.978481189] [keepout_costmap_filter_info_server]: Cleaning up
[costmap_filter_info_server-9] [INFO] [1774331949.978612434] [keepout_costmap_filter_info_server]: Destroying bond (keepout_costmap_filter_info_server) to lifecycle manager.
[smoother_server-11] [INFO] [1774331949.981054470] [smoother_server]: Cleaning up
[controller_server-10] [INFO] [1774331949.983364386] [controller_server]: Destroying bond (controller_server) to lifecycle manager.
[map_server-8] [INFO] [1774331949.985220193] [rclcpp]: signal_handler(signum=2)
[map_server-8] [INFO] [1774331949.985536932] [keepout_filter_mask_server]: Running Nav2 LifecycleNode rcl preshutdown (keepout_filter_mask_server)
[map_server-8] [INFO] [1774331949.985753924] [keepout_filter_mask_server]: Deactivating
[map_server-8] [INFO] [1774331949.985808464] [keepout_filter_mask_server]: Destroying bond (keepout_filter_mask_server) to lifecycle manager.
[behavior_server-13] [INFO] [1774331950.004289249] [behavior_server]: Destroying
[localization_slam_toolbox_node-7] [INFO] [1774331950.009716093] [rclcpp]: signal_handler(signum=2)
[localization_slam_toolbox_node-7] Unregistering sensor: Custom Described Lidar
[robot_hardware-6] [INFO] [1774331950.032581927] [rclcpp]: signal_handler(signum=2)
[map_server-8] [INFO] [1774331950.036416912] [keepout_filter_mask_server]: Cleaning up
[map_server-8] [INFO] [1774331950.036567407] [keepout_filter_mask_server]: Destroying bond (keepout_filter_mask_server) to lifecycle manager.
[smoother_server-11] [INFO] [1774331950.059929931] [smoother_server]: Destroying bond (smoother_server) to lifecycle manager.
[ekf_node-5] [INFO] [1774331950.060629613] [rclcpp]: signal_handler(signum=2)
[controller_server-10] [INFO] [1774331950.063894119] [controller_server]: Cleaning up
[controller_server-10] [INFO] [1774331950.064023031] [MPPIController]: Cleaned up MPPI Controller: FollowPath
[controller_server-10] [INFO] [1774331950.064173526] [local_costmap.local_costmap]: Cleaning up
[scan_to_scan_filter_chain-4] [INFO] [1774331950.105294112] [rclcpp]: signal_handler(signum=2)
[robot_state_publisher-1] [INFO] [1774331950.121576393] [rclcpp]: signal_handler(signum=2)
[smoother_server-11] [INFO] [1774331950.131107130] [smoother_server]: Destroying
[costmap_filter_info_server-9] [INFO] [1774331950.157326133] [keepout_costmap_filter_info_server]: Destroying
[map_server-8] [INFO] [1774331950.167998411] [keepout_filter_mask_server]: Destroying
[planner_server-12] [INFO] [1774331950.183364310] [global_costmap.global_costmap]: Cleaning up
[lifecycle_manager-19] [INFO] [1774331950.214706835] [lifecycle_manager_navigation]: Destroying lifecycle_manager_navigation
[controller_server-10] [INFO] [1774331950.228736657] [controller_server]: Destroying bond (controller_server) to lifecycle manager.
[controller_server-10] [INFO] [1774331950.264112785] [local_costmap.local_costmap]: Destroying
[planner_server-12] [INFO] [1774331950.279996665] [planner_server]: Cleaning up plugin GridBased of type SmacPlanner2D
[planner_server-12] [INFO] [1774331950.281530775] [planner_server]: Destroying plugin GridBased of type SmacPlanner2D
[rplidar_node-3] [INFO] [1774331950.309977156] [rplidar_node]: Stop motor
[controller_server-10] [INFO] [1774331950.404506671] [controller_server]: Destroying
[autodock_action_server-25] Traceback (most recent call last):
[autodock_action_server-25]   File "/home/smr/workspaces/mini_amr/amrROS2_ws/install/action_autodock/lib/python3.12/site-packages/action_autodock/autodock_action_server.py", line 1409, in main
[autodock_action_server-25]     executor.spin()
[autodock_action_server-25]   File "/opt/ros/jazzy/lib/python3.12/site-packages/rclpy/executors.py", line 312, in spin
[autodock_action_server-25]     self.spin_once()
[autodock_action_server-25]   File "/opt/ros/jazzy/lib/python3.12/site-packages/rclpy/executors.py", line 917, in spin_once
[autodock_action_server-25]     self._spin_once_impl(timeout_sec)
[autodock_action_server-25]   File "/opt/ros/jazzy/lib/python3.12/site-packages/rclpy/executors.py", line 896, in _spin_once_impl
[autodock_action_server-25]     handler, entity, node = self.wait_for_ready_callbacks(
[autodock_action_server-25]                             ^^^^^^^^^^^^^^^^^^^^^^^^^^^^^^
[autodock_action_server-25]   File "/opt/ros/jazzy/lib/python3.12/site-packages/rclpy/executors.py", line 799, in wait_for_ready_callbacks
[autodock_action_server-25]     return next(self._cb_iter)
[autodock_action_server-25]            ^^^^^^^^^^^^^^^^^^^
[autodock_action_server-25]   File "/opt/ros/jazzy/lib/python3.12/site-packages/rclpy/executors.py", line 703, in _wait_for_ready_callbacks
[autodock_action_server-25]     wait_set.wait(timeout_nsec)
[autodock_action_server-25] KeyboardInterrupt
[autodock_action_server-25] 
[autodock_action_server-25] During handling of the above exception, another exception occurred:
[autodock_action_server-25] 
[autodock_action_server-25] Traceback (most recent call last):
[autodock_action_server-25]   File "/home/smr/workspaces/mini_amr/amrROS2_ws/install/action_autodock/lib/action_autodock/autodock_action_server", line 33, in <module>
[autodock_action_server-25]     sys.exit(load_entry_point('action-autodock==0.0.0', 'console_scripts', 'autodock_action_server')())
[autodock_action_server-25]              ^^^^^^^^^^^^^^^^^^^^^^^^^^^^^^^^^^^^^^^^^^^^^^^^^^^^^^^^^^^^^^^^^^^^^^^^^^^^^^^^^^^^^^^^^
[autodock_action_server-25]   File "/home/smr/workspaces/mini_amr/amrROS2_ws/install/action_autodock/lib/python3.12/site-packages/action_autodock/autodock_action_server.py", line 1420, in main
[autodock_action_server-25]     rclpy.shutdown()   
[autodock_action_server-25]     ^^^^^^^^^^^^^^^^
[autodock_action_server-25]   File "/opt/ros/jazzy/lib/python3.12/site-packages/rclpy/__init__.py", line 134, in shutdown
[autodock_action_server-25]     _shutdown(context=context)
[autodock_action_server-25]   File "/opt/ros/jazzy/lib/python3.12/site-packages/rclpy/utilities.py", line 82, in shutdown
[autodock_action_server-25]     context.shutdown()
[autodock_action_server-25]   File "/opt/ros/jazzy/lib/python3.12/site-packages/rclpy/context.py", line 129, in shutdown
[autodock_action_server-25]     self.__context.shutdown()
[autodock_action_server-25] rclpy._rclpy_pybind11.RCLError: failed to shutdown: rcl_shutdown already called on the given context, at ./src/rcl/init.c:333
[planner_server-12] [INFO] [1774331950.469904997] [planner_server]: Destroying bond (planner_server) to lifecycle manager.
[planner_server-12] [INFO] [1774331950.483087267] [global_costmap.global_costmap]: Destroying
[planner_server-12] [INFO] [1774331950.566438481] [planner_server]: Destroying
[bt_navigator-14] [INFO] [1774331950.629533600] [bt_navigator]: Completed Cleaning up
[bt_navigator-14] [INFO] [1774331950.629888837] [bt_navigator]: Destroying bond (bt_navigator) to lifecycle manager.
[bt_navigator-14] [INFO] [1774331950.669120366] [bt_navigator]: Destroying
[robot_sound-21] Traceback (most recent call last):
[robot_sound-21]   File "/home/smr/workspaces/mini_amr/amrROS2_ws/install/delivery_robot_main_controller/lib/delivery_robot_main_controller/robot_sound", line 33, in <module>
[robot_sound-21]     sys.exit(load_entry_point('delivery-robot-main-controller==0.0.1', 'console_scripts', 'robot_sound')())
[robot_sound-21]              ^^^^^^^^^^^^^^^^^^^^^^^^^^^^^^^^^^^^^^^^^^^^^^^^^^^^^^^^^^^^^^^^^^^^^^^^^^^^^^^^^^^^^^^^^^^^^
[robot_sound-21]   File "/home/smr/workspaces/mini_amr/amrROS2_ws/install/delivery_robot_main_controller/lib/python3.12/site-packages/delivery_robot_main_controller/robot_sound.py", line 369, in main
[robot_sound-21]     rclpy.shutdown()
[robot_sound-21]   File "/opt/ros/jazzy/lib/python3.12/site-packages/rclpy/__init__.py", line 134, in shutdown
[robot_sound-21]     _shutdown(context=context)
[robot_sound-21]   File "/opt/ros/jazzy/lib/python3.12/site-packages/rclpy/utilities.py", line 82, in shutdown
[robot_sound-21]     context.shutdown()
[robot_sound-21]   File "/opt/ros/jazzy/lib/python3.12/site-packages/rclpy/context.py", line 129, in shutdown
[robot_sound-21]     self.__context.shutdown()
[robot_sound-21] rclpy._rclpy_pybind11.RCLError: failed to shutdown: rcl_shutdown already called on the given context, at ./src/rcl/init.c:333
[rpc_run_node-23] Traceback (most recent call last):
[rpc_run_node-23]   File "/home/smr/workspaces/mini_amr/amrROS2_ws/install/delivery_robot_main_controller/lib/delivery_robot_main_controller/rpc_run_node", line 33, in <module>
[rpc_run_node-23]     sys.exit(load_entry_point('delivery-robot-main-controller==0.0.1', 'console_scripts', 'rpc_run_node')())
[rpc_run_node-23]              ^^^^^^^^^^^^^^^^^^^^^^^^^^^^^^^^^^^^^^^^^^^^^^^^^^^^^^^^^^^^^^^^^^^^^^^^^^^^^^^^^^^^^^^^^^^^^^
[rpc_run_node-23]   File "/home/smr/workspaces/mini_amr/amrROS2_ws/install/delivery_robot_main_controller/lib/python3.12/site-packages/delivery_robot_main_controller/rpc_run_node.py", line 57, in main
[rpc_run_node-23]     rclpy.shutdown()
[rpc_run_node-23]   File "/opt/ros/jazzy/lib/python3.12/site-packages/rclpy/__init__.py", line 134, in shutdown
[rpc_run_node-23]     _shutdown(context=context)
[rpc_run_node-23]   File "/opt/ros/jazzy/lib/python3.12/site-packages/rclpy/utilities.py", line 82, in shutdown
[rpc_run_node-23]     context.shutdown()
[rpc_run_node-23]   File "/opt/ros/jazzy/lib/python3.12/site-packages/rclpy/context.py", line 129, in shutdown
[rpc_run_node-23]     self.__context.shutdown()
[rpc_run_node-23] rclpy._rclpy_pybind11.RCLError: failed to shutdown: rcl_shutdown already called on the given context, at ./src/rcl/init.c:333
[ERROR] [robot_sound-21]: process has died [pid 13860, exit code 1, cmd '/home/smr/workspaces/mini_amr/amrROS2_ws/install/delivery_robot_main_controller/lib/delivery_robot_main_controller/robot_sound --ros-args -r __node:=robot_sound_node -r __ns:=/ -r /tf:=tf -r /tf_static:=tf_static'].
[ERROR] [rpc_run_node-23]: process has died [pid 13862, exit code 1, cmd '/home/smr/workspaces/mini_amr/amrROS2_ws/install/delivery_robot_main_controller/lib/delivery_robot_main_controller/rpc_run_node --ros-args -r __node:=rpc_run_node -r __ns:=/ -r /tf:=tf -r /tf_static:=tf_static'].
[INFO] [collision_monitor-17]: process has finished cleanly [pid 13616]
[INFO] [collision_detector-18]: process has finished cleanly [pid 13624]
[call_robot_button-22] Traceback (most recent call last):
[call_robot_button-22]   File "/home/smr/workspaces/mini_amr/amrROS2_ws/install/delivery_robot_main_controller/lib/delivery_robot_main_controller/call_robot_button", line 33, in <module>
[call_robot_button-22]     sys.exit(load_entry_point('delivery-robot-main-controller==0.0.1', 'console_scripts', 'call_robot_button')())
[call_robot_button-22]              ^^^^^^^^^^^^^^^^^^^^^^^^^^^^^^^^^^^^^^^^^^^^^^^^^^^^^^^^^^^^^^^^^^^^^^^^^^^^^^^^^^^^^^^^^^^^^^^^^^^
[call_robot_button-22]   File "/home/smr/workspaces/mini_amr/amrROS2_ws/install/delivery_robot_main_controller/lib/python3.12/site-packages/delivery_robot_main_controller/call_button.py", line 251, in main
[call_robot_button-22]     rclpy.shutdown()
[call_robot_button-22]   File "/opt/ros/jazzy/lib/python3.12/site-packages/rclpy/__init__.py", line 134, in shutdown
[call_robot_button-22]     _shutdown(context=context)
[call_robot_button-22]   File "/opt/ros/jazzy/lib/python3.12/site-packages/rclpy/utilities.py", line 82, in shutdown
[call_robot_button-22]     context.shutdown()
[call_robot_button-22]   File "/opt/ros/jazzy/lib/python3.12/site-packages/rclpy/context.py", line 129, in shutdown
[call_robot_button-22]     self.__context.shutdown()
[call_robot_button-22] rclpy._rclpy_pybind11.RCLError: failed to shutdown: rcl_shutdown already called on the given context, at ./src/rcl/init.c:333
[INFO] [smoother_server-11]: process has finished cleanly [pid 13585]
[INFO] [velocity_smoother-16]: process has finished cleanly [pid 13611]
[INFO] [waypoint_follower-15]: process has finished cleanly [pid 13608]
[ERROR] [call_robot_button-22]: process has died [pid 13861, exit code 1, cmd '/home/smr/workspaces/mini_amr/amrROS2_ws/install/delivery_robot_main_controller/lib/delivery_robot_main_controller/call_robot_button --ros-args -r __node:=call_robot_button_node -r __ns:=/ -r /tf:=tf -r /tf_static:=tf_static'].
[INFO] [behavior_server-13]: process has finished cleanly [pid 13605]
[INFO] [costmap_filter_info_server-9]: process has finished cleanly [pid 13579]
[INFO] [joint_state_publisher-2]: process has finished cleanly [pid 13572]
[ERROR] [battery_manager_node-26]: process has died [pid 13865, exit code -2, cmd '/home/smr/workspaces/mini_amr/amrROS2_ws/install/battery_management/lib/battery_management/battery_manager_node --ros-args -r __node:=battery_manager -r __ns:=/ --params-file /home/smr/workspaces/mini_amr/amrROS2_ws/install/battery_management/share/battery_management/config/battery_manager.yaml -r /tf:=tf -r /tf_static:=tf_static'].
[INFO] [lifecycle_manager-19]: process has finished cleanly [pid 13634]
[INFO] [map_server-8]: process has finished cleanly [pid 13578]
[INFO] [robot_hardware-6]: process has finished cleanly [pid 13576]
[INFO] [controller_server-10]: process has finished cleanly [pid 13580]
[INFO] [planner_server-12]: process has finished cleanly [pid 13588]
[INFO] [bt_navigator-14]: process has finished cleanly [pid 13607]
[ERROR] [autodock_action_server-25]: process has died [pid 13864, exit code 1, cmd '/home/smr/workspaces/mini_amr/amrROS2_ws/install/action_autodock/lib/action_autodock/autodock_action_server --ros-args -r __ns:=/ --params-file /home/smr/workspaces/mini_amr/amrROS2_ws/install/action_autodock/share/action_autodock/config/auto_dock_config.yaml --params-file /tmp/launch_params_bw7fa3fu -r /tf:=tf -r /tf_static:=tf_static'].
[ERROR] [delivery_robot_main_controller-20]: process has died [pid 13859, exit code -2, cmd '/home/smr/workspaces/mini_amr/amrROS2_ws/install/delivery_robot_main_controller/lib/delivery_robot_main_controller/delivery_robot_main_controller --ros-args -r __node:=main_controller_node -r __ns:=/ --params-file /tmp/launch_params__dk1m9bz -r /tf:=tf -r /tf_static:=tf_static'].
[INFO] [ekf_node-5]: process has finished cleanly [pid 13575]
[INFO] [robot_state_publisher-1]: process has finished cleanly [pid 13571]
[INFO] [rplidar_node-3]: process has finished cleanly [pid 13573]
[INFO] [scan_to_scan_filter_chain-4]: process has finished cleanly [pid 13574]
[INFO] [localization_slam_toolbox_node-7]: process has finished cleanly [pid 13577]
