[INFO] [launch]: All log files can be found below /home/smr/.ros/log/2026-03-24-14-05-59-647395-two-7012
[INFO] [launch]: Default logging verbosity is set to INFO
[INFO] [robot_state_publisher-1]: process started with pid [7027]
[INFO] [joint_state_publisher-2]: process started with pid [7028]
[INFO] [rplidar_node-3]: process started with pid [7029]
[INFO] [scan_to_scan_filter_chain-4]: process started with pid [7030]
[INFO] [ekf_node-5]: process started with pid [7031]
[INFO] [robot_hardware-6]: process started with pid [7032]
[INFO] [localization_slam_toolbox_node-7]: process started with pid [7033]
[INFO] [map_server-8]: process started with pid [7034]
[INFO] [costmap_filter_info_server-9]: process started with pid [7035]
[INFO] [controller_server-10]: process started with pid [7036]
[INFO] [smoother_server-11]: process started with pid [7037]
[INFO] [planner_server-12]: process started with pid [7044]
[INFO] [behavior_server-13]: process started with pid [7054]
[INFO] [bt_navigator-14]: process started with pid [7057]
[INFO] [waypoint_follower-15]: process started with pid [7058]
[INFO] [velocity_smoother-16]: process started with pid [7061]
[INFO] [collision_monitor-17]: process started with pid [7064]
[INFO] [collision_detector-18]: process started with pid [7079]
[INFO] [lifecycle_manager-19]: process started with pid [7089]
[robot_hardware-6] Serial port opened at port /dev/teensy with baudrate 460800
[robot_hardware-6] Created receive data thread
[costmap_filter_info_server-9] [INFO] [1774335960.728023293] [costmap_filter_info_server]: This is costmap filter info publisher
[costmap_filter_info_server-9] [INFO] [1774335960.747098568] [keepout_costmap_filter_info_server]: 
[costmap_filter_info_server-9] 	keepout_costmap_filter_info_server lifecycle node launched. 
[costmap_filter_info_server-9] 	Waiting on external lifecycle transitions to activate
[costmap_filter_info_server-9] 	See https://design.ros2.org/articles/node_lifecycle.html for more information.
[map_server-8] [INFO] [1774335960.780461925] [keepout_filter_mask_server]: 
[map_server-8] 	keepout_filter_mask_server lifecycle node launched. 
[map_server-8] 	Waiting on external lifecycle transitions to activate
[map_server-8] 	See https://design.ros2.org/articles/node_lifecycle.html for more information.
[map_server-8] [INFO] [1774335960.780570420] [keepout_filter_mask_server]: Creating
[localization_slam_toolbox_node-7] [INFO] [1774335960.796053696] [slam_toolbox]: Node using stack size 40000000
[waypoint_follower-15] [INFO] [1774335960.833867679] [waypoint_follower]: 
[waypoint_follower-15] 	waypoint_follower lifecycle node launched. 
[waypoint_follower-15] 	Waiting on external lifecycle transitions to activate
[waypoint_follower-15] 	See https://design.ros2.org/articles/node_lifecycle.html for more information.
[waypoint_follower-15] [INFO] [1774335960.834839758] [waypoint_follower]: Creating
[bt_navigator-14] [INFO] [1774335960.859775217] [bt_navigator]: 
[bt_navigator-14] 	bt_navigator lifecycle node launched. 
[bt_navigator-14] 	Waiting on external lifecycle transitions to activate
[bt_navigator-14] 	See https://design.ros2.org/articles/node_lifecycle.html for more information.
[bt_navigator-14] [INFO] [1774335960.868974829] [bt_navigator]: Creating
[velocity_smoother-16] [INFO] [1774335960.874542485] [velocity_smoother]: 
[velocity_smoother-16] 	velocity_smoother lifecycle node launched. 
[velocity_smoother-16] 	Waiting on external lifecycle transitions to activate
[velocity_smoother-16] 	See https://design.ros2.org/articles/node_lifecycle.html for more information.
[collision_monitor-17] [INFO] [1774335960.877998865] [collision_monitor]: 
[collision_monitor-17] 	collision_monitor lifecycle node launched. 
[collision_monitor-17] 	Waiting on external lifecycle transitions to activate
[collision_monitor-17] 	See https://design.ros2.org/articles/node_lifecycle.html for more information.
[lifecycle_manager-19] [INFO] [1774335960.893196905] [lifecycle_manager_navigation]: Creating
[lifecycle_manager-19] [INFO] [1774335960.901406938] [lifecycle_manager_navigation]: [34m[1mCreating and initializing lifecycle service clients[0m[0m
[planner_server-12] [INFO] [1774335960.931926678] [planner_server]: 
[planner_server-12] 	planner_server lifecycle node launched. 
[planner_server-12] 	Waiting on external lifecycle transitions to activate
[planner_server-12] 	See https://design.ros2.org/articles/node_lifecycle.html for more information.
[planner_server-12] [INFO] [1774335960.956055425] [planner_server]: Creating
[rplidar_node-3] [INFO] [1774335960.964145880] [rplidar_node]: RPLidar running on ROS2 package rplidar_ros. RPLIDAR SDK Version:2.1.0
[rplidar_node-3] [INFO] [1774335960.980846516] [rplidar_node]: RPLidar S/N: CEDCEDF9C7E29BCEA7E39EF25E0F4304
[rplidar_node-3] [INFO] [1774335960.980959677] [rplidar_node]: Firmware Ver: 1.02
[rplidar_node-3] [INFO] [1774335960.980996134] [rplidar_node]: Hardware Rev: 18
[rplidar_node-3] [INFO] [1774335960.984763124] [rplidar_node]: RPLidar health status : 0
[rplidar_node-3] [INFO] [1774335960.984868994] [rplidar_node]: RPLidar health status : OK.
[localization_slam_toolbox_node-7] [INFO] [1774335960.993193355] [slam_toolbox]: Configuring
[rplidar_node-3] [INFO] [1774335960.997289914] [rplidar_node]: Start
[behavior_server-13] [INFO] [1774335961.026450259] [behavior_server]: 
[behavior_server-13] 	behavior_server lifecycle node launched. 
[behavior_server-13] 	Waiting on external lifecycle transitions to activate
[behavior_server-13] 	See https://design.ros2.org/articles/node_lifecycle.html for more information.
[planner_server-12] [INFO] [1774335961.053149052] [global_costmap.global_costmap]: 
[planner_server-12] 	global_costmap lifecycle node launched. 
[planner_server-12] 	Waiting on external lifecycle transitions to activate
[planner_server-12] 	See https://design.ros2.org/articles/node_lifecycle.html for more information.
[planner_server-12] [INFO] [1774335961.061898643] [global_costmap.global_costmap]: Creating Costmap
[smoother_server-11] [INFO] [1774335961.093563413] [smoother_server]: 
[smoother_server-11] 	smoother_server lifecycle node launched. 
[smoother_server-11] 	Waiting on external lifecycle transitions to activate
[smoother_server-11] 	See https://design.ros2.org/articles/node_lifecycle.html for more information.
[localization_slam_toolbox_node-7] [INFO] [1774335961.098722463] [slam_toolbox]: Using solver plugin solver_plugins::CeresSolver
[smoother_server-11] [INFO] [1774335961.107365018] [smoother_server]: Creating smoother server
[robot_state_publisher-1] [INFO] [1774335961.135328127] [robot_state_publisher]: Robot initialized
[rplidar_node-3] [INFO] [1774335961.142013981] [rplidar_node]: current scan mode: Sensitivity, sample rate: 32 Khz, max_distance: 30.0 m, scan frequency:10.0 Hz, 
[collision_detector-18] [INFO] [1774335961.142359007] [collision_detector]: 
[collision_detector-18] 	collision_detector lifecycle node launched. 
[collision_detector-18] 	Waiting on external lifecycle transitions to activate
[collision_detector-18] 	See https://design.ros2.org/articles/node_lifecycle.html for more information.
[localization_slam_toolbox_node-7] [INFO] [1774335961.176351751] [slam_toolbox]: CeresSolver: Using SCHUR_JACOBI preconditioner.
[controller_server-10] [INFO] [1774335961.197448473] [controller_server]: 
[controller_server-10] 	controller_server lifecycle node launched. 
[controller_server-10] 	Waiting on external lifecycle transitions to activate
[controller_server-10] 	See https://design.ros2.org/articles/node_lifecycle.html for more information.
[controller_server-10] [INFO] [1774335961.254863872] [controller_server]: Creating controller server
[lifecycle_manager-19] [INFO] [1774335961.352750213] [lifecycle_manager_navigation]: [34m[1mStarting managed nodes bringup...[0m[0m
[lifecycle_manager-19] [INFO] [1774335961.357324499] [lifecycle_manager_navigation]: [34m[1mConfiguring controller_server[0m[0m
[controller_server-10] [INFO] [1774335961.358059756] [local_costmap.local_costmap]: 
[controller_server-10] 	local_costmap lifecycle node launched. 
[controller_server-10] 	Waiting on external lifecycle transitions to activate
[controller_server-10] 	See https://design.ros2.org/articles/node_lifecycle.html for more information.
[controller_server-10] [INFO] [1774335961.370516840] [local_costmap.local_costmap]: Creating Costmap
[controller_server-10] [INFO] [1774335961.406234421] [controller_server]: Configuring controller interface
[controller_server-10] [INFO] [1774335961.406278752] [controller_server]: getting progress checker plugins..
[controller_server-10] [INFO] [1774335961.407522069] [controller_server]: getting goal checker plugins..
[controller_server-10] [INFO] [1774335961.408820216] [controller_server]: Controller frequency set to 10.0000Hz
[controller_server-10] [INFO] [1774335961.408908004] [local_costmap.local_costmap]: Configuring
[controller_server-10] [INFO] [1774335961.429664659] [local_costmap.local_costmap]: Using plugin "obstacle_layer"
[controller_server-10] [INFO] [1774335961.456425574] [local_costmap.local_costmap]: Subscribed to Topics: scan
[controller_server-10] [INFO] [1774335961.468201065] [local_costmap.local_costmap]: Initialized plugin "obstacle_layer"
[controller_server-10] [INFO] [1774335961.468357100] [local_costmap.local_costmap]: Using plugin "denoise_layer"
[controller_server-10] [INFO] [1774335961.471035641] [local_costmap.local_costmap]: Initialized plugin "denoise_layer"
[controller_server-10] [INFO] [1774335961.471088139] [local_costmap.local_costmap]: Using plugin "inflation_layer"
[controller_server-10] [INFO] [1774335961.473711266] [local_costmap.local_costmap]: Initialized plugin "inflation_layer"
[controller_server-10] [INFO] [1774335961.473759680] [local_costmap.local_costmap]: Using costmap filter "keepout_filter"
[controller_server-10] [INFO] [1774335961.479656613] [local_costmap.local_costmap]: Initialized costmap filter "keepout_filter"
[controller_server-10] [INFO] [1774335961.479714944] [local_costmap.local_costmap]: Using costmap filter "inflation_layer"
[controller_server-10] [INFO] [1774335961.480064052] [local_costmap.local_costmap]: Initialized costmap filter "inflation_layer"
[controller_server-10] [INFO] [1774335961.527507543] [controller_server]: Created progress_checker : progress_checker of type nav2_controller::SimpleProgressChecker
[controller_server-10] [INFO] [1774335961.529219254] [controller_server]: Controller Server has progress_checker  progress checkers available.
[controller_server-10] [INFO] [1774335961.530082839] [controller_server]: Created goal checker : goal_checker of type nav2_controller::SimpleGoalChecker
[controller_server-10] [INFO] [1774335961.532261195] [controller_server]: Controller Server has goal_checker  goal checkers available.
[controller_server-10] [INFO] [1774335961.534818118] [controller_server]: Created controller : FollowPath of type nav2_mppi_controller::MPPIController
[controller_server-10] [INFO] [1774335961.541559969] [controller_server]: Controller period is equal to model dt. Control sequence shifting is ON
[controller_server-10] [INFO] [1774335961.545353208] [controller_server]: ConstraintCritic instantiated with 1 power and 4.000000 weight.
[controller_server-10] [INFO] [1774335961.545417664] [controller_server]: Critic loaded : mppi::critics::ConstraintCritic
[controller_server-10] [INFO] [1774335961.549536680] [controller_server]: InflationCostCritic instantiated with 1 power and 300.000000 / 0.015000 weights. Critic will collision check based on footprint cost.
[controller_server-10] [INFO] [1774335961.549594718] [controller_server]: Critic loaded : mppi::critics::CostCritic
[controller_server-10] [INFO] [1774335961.550909199] [controller_server]: GoalCritic instantiated with 1 power and 5.000000 weight.
[controller_server-10] [INFO] [1774335961.550954113] [controller_server]: Critic loaded : mppi::critics::GoalCritic
[controller_server-10] [INFO] [1774335961.551947192] [controller_server]: GoalAngleCritic instantiated with 1 power, 3.000000 weight, and 0.500000 angular threshold.
[controller_server-10] [INFO] [1774335961.551990940] [controller_server]: Critic loaded : mppi::critics::GoalAngleCritic
[controller_server-10] [INFO] [1774335961.553687194] [controller_server]: ReferenceTrajectoryCritic instantiated with 1 power and 2.000000 weight
[controller_server-10] [INFO] [1774335961.553732983] [controller_server]: Critic loaded : mppi::critics::PathAlignCritic
[controller_server-10] [INFO] [1774335961.554833974] [controller_server]: Critic loaded : mppi::critics::PathFollowCritic
[controller_server-10] [INFO] [1774335961.556553851] [controller_server]: PathAngleCritic instantiated with 1 power and 1.500000 weight. Mode set to: Forward Preference
[controller_server-10] [INFO] [1774335961.556606057] [controller_server]: Critic loaded : mppi::critics::PathAngleCritic
[controller_server-10] [INFO] [1774335961.557537306] [controller_server]: PreferForwardCritic instantiated with 1 power and 10.000000 weight.
[controller_server-10] [INFO] [1774335961.557579595] [controller_server]: Critic loaded : mppi::critics::PreferForwardCritic
[controller_server-10] [INFO] [1774335961.559018903] [controller_server]: Optimizer reset
[controller_server-10] [INFO] [1774335961.564247367] [MPPIController]: Configured MPPI Controller: FollowPath
[controller_server-10] [INFO] [1774335961.564282365] [controller_server]: Controller Server has FollowPath  controllers available.
[lifecycle_manager-19] [INFO] [1774335961.581476478] [lifecycle_manager_navigation]: [34m[1mConfiguring smoother_server[0m[0m
[smoother_server-11] [INFO] [1774335961.582129198] [smoother_server]: Configuring smoother server
[smoother_server-11] [INFO] [1774335961.612231874] [smoother_server]: Created smoother : simple_smoother of type nav2_smoother::SimpleSmoother
[smoother_server-11] [INFO] [1774335961.616256685] [smoother_server]: Smoother Server has simple_smoother  smoothers available.
[lifecycle_manager-19] [INFO] [1774335961.633279598] [lifecycle_manager_navigation]: [34m[1mConfiguring planner_server[0m[0m
[planner_server-12] [INFO] [1774335961.633851238] [planner_server]: Configuring
[planner_server-12] [INFO] [1774335961.633902860] [global_costmap.global_costmap]: Configuring
[planner_server-12] [INFO] [1774335961.648101988] [global_costmap.global_costmap]: Using plugin "static_layer"
[planner_server-12] [INFO] [1774335961.658974522] [global_costmap.global_costmap]: Subscribing to the map topic (/map) with transient local durability
[planner_server-12] [INFO] [1774335961.662351864] [global_costmap.global_costmap]: Initialized plugin "static_layer"
[planner_server-12] [INFO] [1774335961.662451901] [global_costmap.global_costmap]: Using plugin "obstacle_layer"
[planner_server-12] [INFO] [1774335961.667375879] [global_costmap.global_costmap]: Subscribed to Topics: scan
[planner_server-12] [INFO] [1774335961.682323972] [global_costmap.global_costmap]: Initialized plugin "obstacle_layer"
[planner_server-12] [INFO] [1774335961.682383177] [global_costmap.global_costmap]: Using plugin "inflation_layer"
[planner_server-12] [INFO] [1774335961.687652473] [global_costmap.global_costmap]: Initialized plugin "inflation_layer"
[planner_server-12] [INFO] [1774335961.687702929] [global_costmap.global_costmap]: Using costmap filter "keepout_filter"
[planner_server-12] [INFO] [1774335961.695336947] [global_costmap.global_costmap]: Initialized costmap filter "keepout_filter"
[planner_server-12] [INFO] [1774335961.695394694] [global_costmap.global_costmap]: Using costmap filter "inflation_layer2"
[planner_server-12] [INFO] [1774335961.701243504] [global_costmap.global_costmap]: Initialized costmap filter "inflation_layer2"
[planner_server-12] [INFO] [1774335961.776258122] [planner_server]: Created global planner plugin GridBased of type nav2_smac_planner::SmacPlanner2D
[planner_server-12] [INFO] [1774335961.776324911] [planner_server]: Configuring GridBased of type SmacPlanner2D
[planner_server-12] [ERROR] [1774335961.781981229] [planner_server]: Inflation layer either not found or inflation is not set sufficiently for optimized non-circular collision checking capabilities. It is HIGHLY recommended to set the inflation radius to be at MINIMUM half of the robot's largest cross-section. See github.com/ros-planning/navigation2/tree/main/nav2_smac_planner#potential-fields for full instructions. This will substantially impact run-time performance.
[planner_server-12] [INFO] [1774335961.786430396] [planner_server]: Configured plugin GridBased of type SmacPlanner2D with tolerance 0.12, maximum iterations 1000000, max on approach iterations 1000, and not allowing unknown traversal.
[planner_server-12] [INFO] [1774335961.786500977] [planner_server]: Planner Server has GridBased  planners available.
[lifecycle_manager-19] [INFO] [1774335961.812564258] [lifecycle_manager_navigation]: [34m[1mConfiguring behavior_server[0m[0m
[behavior_server-13] [INFO] [1774335961.813245268] [behavior_server]: Configuring
[behavior_server-13] [INFO] [1774335961.828381185] [behavior_server]: Creating behavior plugin wait of type nav2_behaviors::Wait
[behavior_server-13] [INFO] [1774335961.851357611] [behavior_server]: Configuring wait
[lifecycle_manager-19] [INFO] [1774335961.867803634] [lifecycle_manager_navigation]: [34m[1mConfiguring velocity_smoother[0m[0m
[velocity_smoother-16] [INFO] [1774335961.868414647] [velocity_smoother]: Configuring velocity smoother
[lifecycle_manager-19] [INFO] [1774335961.889168968] [lifecycle_manager_navigation]: [34m[1mConfiguring collision_monitor[0m[0m
[collision_monitor-17] [INFO] [1774335961.890059094] [collision_monitor]: Configuring
[scan_to_scan_filter_chain-4] [WARN] [1774335961.904786697] [scan_to_scan_filter_chain]: diagnostic_updater: No HW_ID was set. This is probably a bug. Please report it. For devices that do not have a HW_ID, set this value to 'none'. This warning only occurs once all diagnostics are OK. It is okay to wait until the device is open before calling setHardwareID.
[localization_slam_toolbox_node-7] Load From File /home/smr/workspaces/mini_amr/amrROS2_ws/maps/latest_map.posegraph 
[localization_slam_toolbox_node-7] Mapper <- Module
[localization_slam_toolbox_node-7] Mapper <- m_pSequentialScanMatcher
[localization_slam_toolbox_node-7] Mapper <- m_pGraph
[localization_slam_toolbox_node-7] MapperGraph <- Graph; Graph <- m_Edges; Graph <- m_Vertices
[localization_slam_toolbox_node-7] MapperGraph <- m_pMapper; MapperGraph <- m_pLoopScanMatcher; MapperGraph <- m_pTraversal
[localization_slam_toolbox_node-7] Mapper <- m_pMapperSensorManager
[localization_slam_toolbox_node-7] MapperSensorManager <- m_ScanManagers; MapperSensorManager <- m_Scans
[localization_slam_toolbox_node-7] Mapper <- m_Listeners
[localization_slam_toolbox_node-7] **Finished serializing Mapper**
[localization_slam_toolbox_node-7] Load From File
[localization_slam_toolbox_node-7] **Serializing Dataset**
[localization_slam_toolbox_node-7] Dataset <- m_SensorNameLookup
[localization_slam_toolbox_node-7] Dataset <- m_Data
[localization_slam_toolbox_node-7] Dataset <- m_Lasers
[localization_slam_toolbox_node-7] Dataset <- m_pDatasetInfo
[localization_slam_toolbox_node-7] **Finished serializing Dataset**
[localization_slam_toolbox_node-7] Registering sensor: [Custom Described Lidar]
[localization_slam_toolbox_node-7] WARNING: Logging before InitGoogleLogging() is written to STDERR
[localization_slam_toolbox_node-7] W20260324 14:06:01.910000  7033 preprocessor.cc:67] Specified options.num_threads: 50 exceeds maximum available from the threading model Ceres was compiled with: 8.  Bounding to maximum number available.
[INFO] [launch.user]: [LifecycleLaunch] Slamtoolbox node is activating.
[localization_slam_toolbox_node-7] [INFO] [1774335961.923875679] [slam_toolbox]: Activating
[collision_monitor-17] [INFO] [1774335961.926620718] [collision_monitor]: [scan]: Creating Scan
[rplidar_node-3] [INFO] [1774335961.948534068] [rplidar_node]: set lidar scan frequency to 10.0 Hz(600.0 Rpm) 
[collision_monitor-17] [INFO] [1774335961.952331099] [collision_monitor]: [PolygonStop]: Creating Polygon
[collision_monitor-17] [INFO] [1774335961.952452427] [collision_monitor]: [PolygonStop]: Creating Circle
[collision_monitor-17] [INFO] [1774335961.974291697] [collision_monitor]: [PolygonSlow]: Creating Polygon
[collision_monitor-17] [INFO] [1774335961.986459753] [collision_monitor]: [FootprintApproach]: Creating Polygon
[collision_monitor-17] [INFO] [1774335961.986604122] [collision_monitor]: [FootprintApproach]: Polygon points are not defined. Using dynamic subscription instead.
[collision_monitor-17] [INFO] [1774335961.987474998] [collision_monitor]: [FootprintApproach]: Making footprint subscriber on /local_costmap/published_footprint topic
[lifecycle_manager-19] [INFO] [1774335962.008962826] [lifecycle_manager_navigation]: [34m[1mConfiguring collision_detector[0m[0m
[collision_detector-18] [INFO] [1774335962.009321268] [collision_detector]: Configuring
[collision_detector-18] [INFO] [1774335962.038464697] [collision_monitor]: [scan]: Creating Scan
[collision_detector-18] [INFO] [1774335962.049387103] [collision_monitor]: [PolygonStop]: Creating Polygon
[collision_detector-18] [INFO] [1774335962.050305227] [collision_monitor]: [PolygonStop]: Creating Circle
[collision_detector-18] [INFO] [1774335962.051907569] [collision_monitor]: [PolygonSlow]: Creating Polygon
[localization_slam_toolbox_node-7] Registering sensor: [Custom Described Lidar]
[lifecycle_manager-19] [INFO] [1774335962.072996416] [lifecycle_manager_navigation]: [34m[1mConfiguring bt_navigator[0m[0m
[bt_navigator-14] [INFO] [1774335962.073587014] [bt_navigator]: Configuring
[bt_navigator-14] [INFO] [1774335962.102497120] [bt_navigator]: Creating navigator id navigate_to_pose of type nav2_bt_navigator::NavigateToPoseNavigator
[joint_state_publisher-2] [INFO] [1774335962.109224098] [joint_state_publisher]: Waiting for robot_description to be published on the robot_description topic...
[bt_navigator-14] [INFO] [1774335962.236275450] [bt_navigator]: Creating navigator id navigate_through_poses of type nav2_bt_navigator::NavigateThroughPosesNavigator
[planner_server-12] [INFO] [1774335962.285794926] [global_costmap.global_costmap]: StaticLayer: Resizing costmap to 787 X 922 at 0.050000 m/pix
[lifecycle_manager-19] [INFO] [1774335962.293558147] [lifecycle_manager_navigation]: [34m[1mConfiguring waypoint_follower[0m[0m
[waypoint_follower-15] [INFO] [1774335962.293902589] [waypoint_follower]: Configuring
[waypoint_follower-15] [INFO] [1774335962.357941137] [waypoint_follower]: Created waypoint_task_executor : wait_at_waypoint of type nav2_waypoint_follower::WaitAtWaypoint
[lifecycle_manager-19] [INFO] [1774335962.363303761] [lifecycle_manager_navigation]: [34m[1mConfiguring keepout_filter_mask_server[0m[0m
[map_server-8] [INFO] [1774335962.363632454] [keepout_filter_mask_server]: Configuring
[map_server-8] [INFO] [1774335962.363715284] [map_io]: Loading yaml file: /home/smr/workspaces/mini_amr/amrROS2_ws/maps/latest_map_keepout.yaml
[map_server-8] [INFO] [1774335962.364027061] [map_io]: resolution: 0.05
[map_server-8] [INFO] [1774335962.364039893] [map_io]: origin[0]: -26.12
[map_server-8] [INFO] [1774335962.364045435] [map_io]: origin[1]: -29.258
[map_server-8] [INFO] [1774335962.364049518] [map_io]: origin[2]: 0
[map_server-8] [INFO] [1774335962.364054184] [map_io]: free_thresh: 0.196
[map_server-8] [INFO] [1774335962.364058559] [map_io]: occupied_thresh: 0.65
[map_server-8] [INFO] [1774335962.364064392] [map_io]: mode: trinary
[map_server-8] [INFO] [1774335962.364069934] [map_io]: negate: 0
[map_server-8] [INFO] [1774335962.364291298] [map_io]: Loading image_file: /home/smr/workspaces/mini_amr/amrROS2_ws/maps/latest_map_keepout.pgm
[map_server-8] [INFO] [1774335962.377034203] [map_io]: Read map /home/smr/workspaces/mini_amr/amrROS2_ws/maps/latest_map_keepout.pgm: 787 X 922 map @ 0.05 m/cell
[lifecycle_manager-19] [INFO] [1774335962.391642228] [lifecycle_manager_navigation]: [34m[1mConfiguring keepout_costmap_filter_info_server[0m[0m
[costmap_filter_info_server-9] [INFO] [1774335962.392117331] [keepout_costmap_filter_info_server]: Configuring
[lifecycle_manager-19] [INFO] [1774335962.423724936] [lifecycle_manager_navigation]: [34m[1mActivating controller_server[0m[0m
[controller_server-10] [INFO] [1774335962.424077545] [controller_server]: Activating
[controller_server-10] [INFO] [1774335962.424189540] [local_costmap.local_costmap]: Activating
[controller_server-10] [INFO] [1774335962.424228038] [local_costmap.local_costmap]: Checking transform
[controller_server-10] [INFO] [1774335962.424572188] [local_costmap.local_costmap]: start
[controller_server-10] [INFO] [1774335962.426999908] [local_costmap.local_costmap]: KeepoutFilter: Subscribing to "/keepout_costmap_filter_info" topic for filter info...
[controller_server-10] [WARN] [1774335962.528022394] [local_costmap.local_costmap]: KeepoutFilter: Filter mask was not received
[controller_server-10] [WARN] [1774335962.530754016] [controller_server]: Parameter controller_server.verbose not found
[controller_server-10] [INFO] [1774335962.531330031] [controller_server]: Optimizer reset
[controller_server-10] [INFO] [1774335962.532985745] [MPPIController]: Activated MPPI Controller: FollowPath
[controller_server-10] [INFO] [1774335962.533059533] [controller_server]: Creating bond (controller_server) to lifecycle manager.
[lifecycle_manager-19] [INFO] [1774335962.646228784] [lifecycle_manager_navigation]: Server controller_server connected with bond.
[lifecycle_manager-19] [INFO] [1774335962.646282740] [lifecycle_manager_navigation]: [34m[1mActivating smoother_server[0m[0m
[smoother_server-11] [INFO] [1774335962.646636224] [smoother_server]: Activating
[smoother_server-11] [INFO] [1774335962.646679680] [smoother_server]: Creating bond (smoother_server) to lifecycle manager.
[lifecycle_manager-19] [INFO] [1774335962.752984294] [lifecycle_manager_navigation]: Server smoother_server connected with bond.
[lifecycle_manager-19] [INFO] [1774335962.753037958] [lifecycle_manager_navigation]: [34m[1mActivating planner_server[0m[0m
[planner_server-12] [INFO] [1774335962.753364026] [planner_server]: Activating
[planner_server-12] [INFO] [1774335962.753413899] [global_costmap.global_costmap]: Activating
[planner_server-12] [INFO] [1774335962.753429648] [global_costmap.global_costmap]: Checking transform
[planner_server-12] [INFO] [1774335962.753587140] [global_costmap.global_costmap]: start
[planner_server-12] [INFO] [1774335962.754257359] [global_costmap.global_costmap]: KeepoutFilter: Subscribing to "/keepout_costmap_filter_info" topic for filter info...
[planner_server-12] [WARN] [1774335963.297881111] [global_costmap.global_costmap]: KeepoutFilter: Filter mask was not received
[planner_server-12] [INFO] [1774335963.355401506] [planner_server]: Activating plugin GridBased of type SmacPlanner2D
[planner_server-12] [INFO] [1774335963.356459623] [planner_server]: Creating bond (planner_server) to lifecycle manager.
[lifecycle_manager-19] [INFO] [1774335963.464648315] [lifecycle_manager_navigation]: Server planner_server connected with bond.
[lifecycle_manager-19] [INFO] [1774335963.464718895] [lifecycle_manager_navigation]: [34m[1mActivating behavior_server[0m[0m
[behavior_server-13] [INFO] [1774335963.465257870] [behavior_server]: Activating
[behavior_server-13] [INFO] [1774335963.465334283] [behavior_server]: Activating wait
[behavior_server-13] [INFO] [1774335963.465403696] [behavior_server]: Creating bond (behavior_server) to lifecycle manager.
[lifecycle_manager-19] [INFO] [1774335963.576014275] [lifecycle_manager_navigation]: Server behavior_server connected with bond.
[lifecycle_manager-19] [INFO] [1774335963.576082231] [lifecycle_manager_navigation]: [34m[1mActivating velocity_smoother[0m[0m
[velocity_smoother-16] [INFO] [1774335963.576527876] [velocity_smoother]: Activating
[velocity_smoother-16] [INFO] [1774335963.576640746] [velocity_smoother]: Creating bond (velocity_smoother) to lifecycle manager.
[lifecycle_manager-19] [INFO] [1774335963.683467419] [lifecycle_manager_navigation]: Server velocity_smoother connected with bond.
[lifecycle_manager-19] [INFO] [1774335963.683530999] [lifecycle_manager_navigation]: [34m[1mActivating collision_monitor[0m[0m
[collision_monitor-17] [INFO] [1774335963.684015726] [collision_monitor]: Activating
[collision_monitor-17] [INFO] [1774335963.684076390] [collision_monitor]: Creating bond (collision_monitor) to lifecycle manager.
[lifecycle_manager-19] [INFO] [1774335963.792847805] [lifecycle_manager_navigation]: Server collision_monitor connected with bond.
[lifecycle_manager-19] [INFO] [1774335963.792927135] [lifecycle_manager_navigation]: [34m[1mActivating collision_detector[0m[0m
[collision_detector-18] [INFO] [1774335963.793389988] [collision_detector]: Activating
[collision_detector-18] [INFO] [1774335963.793500525] [collision_detector]: Creating bond (collision_detector) to lifecycle manager.
[lifecycle_manager-19] [INFO] [1774335963.924177999] [lifecycle_manager_navigation]: Server collision_detector connected with bond.
[lifecycle_manager-19] [INFO] [1774335963.924267536] [lifecycle_manager_navigation]: [34m[1mActivating bt_navigator[0m[0m
[bt_navigator-14] [INFO] [1774335963.924774138] [bt_navigator]: Activating
[bt_navigator-14] [INFO] [1774335964.041822082] [bt_navigator]: Creating bond (bt_navigator) to lifecycle manager.
[lifecycle_manager-19] [INFO] [1774335964.147079953] [lifecycle_manager_navigation]: Server bt_navigator connected with bond.
[lifecycle_manager-19] [INFO] [1774335964.147132742] [lifecycle_manager_navigation]: [34m[1mActivating waypoint_follower[0m[0m
[waypoint_follower-15] [INFO] [1774335964.147644885] [waypoint_follower]: Activating
[waypoint_follower-15] [INFO] [1774335964.147755713] [waypoint_follower]: Creating bond (waypoint_follower) to lifecycle manager.
[lifecycle_manager-19] [INFO] [1774335964.254736962] [lifecycle_manager_navigation]: Server waypoint_follower connected with bond.
[lifecycle_manager-19] [INFO] [1774335964.254795293] [lifecycle_manager_navigation]: [34m[1mActivating keepout_filter_mask_server[0m[0m
[map_server-8] [INFO] [1774335964.255197482] [keepout_filter_mask_server]: Activating
[map_server-8] [INFO] [1774335964.255980279] [keepout_filter_mask_server]: Creating bond (keepout_filter_mask_server) to lifecycle manager.
[lifecycle_manager-19] [INFO] [1774335964.364200470] [lifecycle_manager_navigation]: Server keepout_filter_mask_server connected with bond.
[lifecycle_manager-19] [INFO] [1774335964.364291465] [lifecycle_manager_navigation]: [34m[1mActivating keepout_costmap_filter_info_server[0m[0m
[costmap_filter_info_server-9] [INFO] [1774335964.364751694] [keepout_costmap_filter_info_server]: Activating
[costmap_filter_info_server-9] [INFO] [1774335964.364891104] [keepout_costmap_filter_info_server]: Creating bond (keepout_costmap_filter_info_server) to lifecycle manager.
[planner_server-12] [INFO] [1774335964.365424537] [global_costmap.global_costmap]: KeepoutFilter: Received filter info from /keepout_costmap_filter_info topic.
[planner_server-12] [INFO] [1774335964.365503284] [global_costmap.global_costmap]: KeepoutFilter: Subscribing to "/keepout_filter_mask" topic for filter mask...
[controller_server-10] [INFO] [1774335964.365578238] [local_costmap.local_costmap]: KeepoutFilter: Received filter info from /keepout_costmap_filter_info topic.
[controller_server-10] [INFO] [1774335964.365708607] [local_costmap.local_costmap]: KeepoutFilter: Subscribing to "/keepout_filter_mask" topic for filter mask...
[planner_server-12] [INFO] [1774335964.382802975] [global_costmap.global_costmap]: KeepoutFilter: Received filter mask from /keepout_filter_mask topic.
[controller_server-10] [INFO] [1774335964.386488011] [local_costmap.local_costmap]: KeepoutFilter: Received filter mask from /keepout_filter_mask topic.
[lifecycle_manager-19] [INFO] [1774335964.476814122] [lifecycle_manager_navigation]: Server keepout_costmap_filter_info_server connected with bond.
[lifecycle_manager-19] [INFO] [1774335964.476863994] [lifecycle_manager_navigation]: [34m[1mManaged nodes are active[0m[0m
[lifecycle_manager-19] [INFO] [1774335964.476880327] [lifecycle_manager_navigation]: [34m[1mCreating bond timer...[0m[0m
[INFO] [delivery_robot_main_controller-20]: process started with pid [7320]
[INFO] [robot_sound-21]: process started with pid [7321]
[INFO] [call_robot_button-22]: process started with pid [7322]
[INFO] [rpc_run_node-23]: process started with pid [7323]
[INFO] [dock_coordinates-24]: process started with pid [7324]
[INFO] [autodock_action_server-25]: process started with pid [7325]
[INFO] [battery_manager_node-26]: process started with pid [7326]
[dock_coordinates-24] [INFO] [1774335965.983112202] [dock_coordinates]: begin dock_coordinates
[dock_coordinates-24] [INFO] [1774335965.993930197] [dock coordinates]: max_alignment_error: 0.010000
[dock_coordinates-24] [INFO] [1774335965.994250140] [dock coordinates]: minimum_point_cloud: 5
[dock_coordinates-24] [INFO] [1774335965.994280180] [dock coordinates]: point_cloud_split_dist: 0.050000
[dock_coordinates-24] [INFO] [1774335965.994298263] [dock coordinates]: max_dock_width: 0.380000
[dock_coordinates-24] [INFO] [1774335965.994314304] [dock coordinates]: min_dock_width: 0.310000
[dock_coordinates-24] [INFO] [1774335965.994329761] [dock coordinates]: range_limit: 1.200000
[rpc_run_node-23] [0m[INFO] [1774335966.955448413] [rpc_run_node]: RPC run node started; RPC bridge configured.[0m
[rpc_run_node-23] 2026-03-24 14:06:06,958 [INFO] RPCServer listening on localhost:6000
[battery_manager_node-26] [INFO] [1774335967.343265282] [battery_manager]: SOC limits from API: target=1.00, resume=0.95
[robot_sound-21] [0m[INFO] [1774335967.398201631] [robot_sound_node]: ✅ robot_sound_node started using .wav files[0m
[robot_sound-21] [0m[INFO] [1774335967.400585311] [robot_sound_node]: Sound volume set to 0% (API).[0m
[autodock_action_server-25] [INFO] [1774335967.640575800] [autodock_action_server]: auto_dock_init_start
[autodock_action_server-25] [INFO] [1774335967.694244916] [autodock_action_server]: auto_dock_init_complete
[battery_manager_node-26] [INFO] [1774335967.719661894] [battery_manager]: State change: IDLE_ON_DOCK -> UNKNOWN
[delivery_robot_main_controller-20] [0m[INFO] [1774335968.081361526] [main_controller_node]: Delivery Robot Main Controller Node started.[0m
[delivery_robot_main_controller-20] [0m[INFO] [1774335968.108380847] [main_controller_node]: Initial state: STANDBY[0m
[delivery_robot_main_controller-20] [0m[INFO] [1774335968.114804213] [main_controller_node]: setting_batteryLowToCharge: 40[0m
[delivery_robot_main_controller-20] [33m[WARN] [1774335968.137673894] [rcl.logging_rosout]: Publisher already registered for node name: 'main_controller_node'. If this is due to multiple nodes with the same name then all logs for the logger named 'main_controller_node' will go out over the existing publisher. As soon as any node with that name is destructed it will unregister the publisher, preventing any further logs for that name from being published on the rosout topic.[0m
[delivery_robot_main_controller-20] [33m[WARN] [1774335968.176388500] [main_controller_node]: slam_toolbox_msgs not available; initial pose service calls will be skipped.[0m
[call_robot_button-22] 2026-03-24 14:06:08 mosquitto_pub -u smr -P smrbot25 -m "Production1,blink" -t "Rsp" -r
[call_robot_button-22] [0m[INFO] [1774335968.935681212] [call_robot_button_node]: call_switch notified: station=Production1 status=blink.[0m
[delivery_robot_main_controller-20] [0m[INFO] [1774335969.331478584] [main_controller_node]: Waiting for Nav2 system...[0m
[INFO] [bash-27]: process started with pid [7432]
[delivery_robot_main_controller-20] [0m[INFO] [1774335971.351047211] [main_controller_node]: Waiting for localization pose to be received from slam_toolbox/pose[0m
[delivery_robot_main_controller-20] [0m[INFO] [1774335971.367812010] [main_controller_node]: Acquired localization pose from TF map->base_link[0m
[delivery_robot_main_controller-20] [0m[INFO] [1774335973.383236248] [main_controller_node]: Nav2 is ready for use![0m
[delivery_robot_main_controller-20] [0m[INFO] [1774335973.416979337] [main_controller_node]: Robot is in STANDBY mode.[0m
[delivery_robot_main_controller-20] [33m[WARN] [1774335973.453454340] [main_controller_node]: Robot status id missing; refreshing before battery status.[0m
[delivery_robot_main_controller-20] [0m[INFO] [1774335974.389482956] [main_controller_node]: Current state: STANDBY, dock_state IDLE, charge_state NOT_CHARGE[0m
[delivery_robot_main_controller-20] [0m[INFO] [1774335975.421371799] [main_controller_node]: Current state: STANDBY, dock_state IDLE, charge_state NOT_CHARGE[0m
[delivery_robot_main_controller-20] [0m[INFO] [1774335975.521127927] [main_controller_node]: 1 pending queues [0m
[delivery_robot_main_controller-20] [0m[INFO] [1774335975.524815880] [main_controller_node]: Queue action: Request[0m
[delivery_robot_main_controller-20] [0m[INFO] [1774335975.555609190] [main_controller_node]: AGV start_pos: x=0.17, y=-0.29[0m
[delivery_robot_main_controller-20] [0m[INFO] [1774335975.556202121] [main_controller_node]: AGV goal_pos: x=3.40, y=-0.73[0m
[delivery_robot_main_controller-20] [0m[INFO] [1774335975.556711638] [main_controller_node]: Path source: building YAML (/home/smr/workspaces/mini_amr/amrROS2_ws/maps/map_000.building.yaml)[0m
[delivery_robot_main_controller-20] Graph before shortest_path: Graph with 11 nodes and 10 edges
[delivery_robot_main_controller-20] [0m[INFO] [1774335975.582618011] [main_controller_node]: Computed AGV path waypoints:[0m
[delivery_robot_main_controller-20] [0m[INFO] [1774335975.583270730] [main_controller_node]:   Waypoint 0: x=0.17, y=-0.29[0m
[delivery_robot_main_controller-20] [0m[INFO] [1774335975.583855203] [main_controller_node]:   Waypoint 1: x=0.62, y=-0.59[0m
[delivery_robot_main_controller-20] [0m[INFO] [1774335975.584430926] [main_controller_node]:   Waypoint 2: x=1.08, y=-0.90[0m
[delivery_robot_main_controller-20] [0m[INFO] [1774335975.585017440] [main_controller_node]:   Waypoint 3: x=1.53, y=-1.20[0m
[delivery_robot_main_controller-20] [0m[INFO] [1774335975.585581205] [main_controller_node]:   Waypoint 4: x=1.99, y=-1.51[0m
[delivery_robot_main_controller-20] [0m[INFO] [1774335975.586170928] [main_controller_node]:   Waypoint 5: x=2.46, y=-1.25[0m
[delivery_robot_main_controller-20] [0m[INFO] [1774335975.586764733] [main_controller_node]:   Waypoint 6: x=2.93, y=-0.99[0m
[delivery_robot_main_controller-20] [0m[INFO] [1774335975.587350373] [main_controller_node]:   Waypoint 7: x=3.40, y=-0.73[0m
[delivery_robot_main_controller-20] [0m[INFO] [1774335975.588440863] [main_controller_node]: Navigating with 8 goals....[0m
[bt_navigator-14] [INFO] [1774335975.590262528] [bt_navigator]: Begin navigating from current location through 8 poses to (3.40, -0.73)
[delivery_robot_main_controller-20] [0m[INFO] [1774335975.591223525] [main_controller_node]: State change: STANDBY -> MOVE[0m
[controller_server-10] [INFO] [1774335975.590853417] [local_costmap.local_costmap]: Received request to clear entirely the local_costmap
[controller_server-10] [INFO] [1774335975.595111552] [local_costmap.local_costmap]: KeepoutFilter: Subscribing to "/keepout_costmap_filter_info" topic for filter info...
[controller_server-10] [INFO] [1774335975.599344895] [local_costmap.local_costmap]: KeepoutFilter: Received filter info from /keepout_costmap_filter_info topic.
[controller_server-10] [INFO] [1774335975.599413434] [local_costmap.local_costmap]: KeepoutFilter: Subscribing to "/keepout_filter_mask" topic for filter mask...
[planner_server-12] [INFO] [1774335975.602033936] [global_costmap.global_costmap]: Received request to clear entirely the global_costmap
[planner_server-12] [INFO] [1774335975.607405894] [global_costmap.global_costmap]: KeepoutFilter: Subscribing to "/keepout_costmap_filter_info" topic for filter info...
[delivery_robot_main_controller-20] [0m[INFO] [1774335975.612607817] [main_controller_node]: Robot is MOVING.[0m
[planner_server-12] [INFO] [1774335975.618133475] [global_costmap.global_costmap]: KeepoutFilter: Received filter info from /keepout_costmap_filter_info topic.
[planner_server-12] [INFO] [1774335975.618189181] [global_costmap.global_costmap]: KeepoutFilter: Subscribing to "/keepout_filter_mask" topic for filter mask...
[controller_server-10] [WARN] [1774335975.623514474] [local_costmap.local_costmap]: KeepoutFilter: New filter mask arrived from /keepout_filter_mask topic. Updating old filter mask.
[planner_server-12] [WARN] [1774335975.644533616] [global_costmap.global_costmap]: KeepoutFilter: New filter mask arrived from /keepout_filter_mask topic. Updating old filter mask.
[planner_server-12] [WARN] [1774335975.906611281] [planner_server]: GridBased plugin failed to plan from (1.98, -1.51) to (2.46, -1.25): "no valid path found"
[planner_server-12] [WARN] [1774335975.906705193] [planner_server]: [compute_path_through_poses] [ActionServer] Aborting handle.
[planner_server-12] [INFO] [1774335975.921334217] [global_costmap.global_costmap]: Received request to clear entirely the global_costmap
[planner_server-12] [INFO] [1774335975.928347306] [global_costmap.global_costmap]: KeepoutFilter: Subscribing to "/keepout_costmap_filter_info" topic for filter info...
[planner_server-12] [INFO] [1774335975.936385847] [global_costmap.global_costmap]: KeepoutFilter: Received filter info from /keepout_costmap_filter_info topic.
[planner_server-12] [INFO] [1774335975.936618878] [global_costmap.global_costmap]: KeepoutFilter: Subscribing to "/keepout_filter_mask" topic for filter mask...
[planner_server-12] [WARN] [1774335975.955933308] [global_costmap.global_costmap]: KeepoutFilter: New filter mask arrived from /keepout_filter_mask topic. Updating old filter mask.
[planner_server-12] [WARN] [1774335976.437817322] [planner_server]: GridBased plugin failed to plan from (1.98, -1.51) to (2.46, -1.25): "no valid path found"
[planner_server-12] [WARN] [1774335976.438025271] [planner_server]: [compute_path_through_poses] [ActionServer] Aborting handle.
[controller_server-10] [INFO] [1774335976.451949953] [local_costmap.local_costmap]: Received request to clear entirely the local_costmap
[controller_server-10] [INFO] [1774335976.458806424] [local_costmap.local_costmap]: KeepoutFilter: Subscribing to "/keepout_costmap_filter_info" topic for filter info...
[planner_server-12] [INFO] [1774335976.465696144] [global_costmap.global_costmap]: Received request to clear entirely the global_costmap
[controller_server-10] [INFO] [1774335976.467234322] [local_costmap.local_costmap]: KeepoutFilter: Received filter info from /keepout_costmap_filter_info topic.
[controller_server-10] [INFO] [1774335976.467336984] [local_costmap.local_costmap]: KeepoutFilter: Subscribing to "/keepout_filter_mask" topic for filter mask...
[planner_server-12] [INFO] [1774335976.471756402] [global_costmap.global_costmap]: KeepoutFilter: Subscribing to "/keepout_costmap_filter_info" topic for filter info...
[controller_server-10] [INFO] [1774335976.481537278] [local_costmap.local_costmap]: Received request to clear entirely the local_costmap
[planner_server-12] [INFO] [1774335976.482552522] [global_costmap.global_costmap]: KeepoutFilter: Received filter info from /keepout_costmap_filter_info topic.
[planner_server-12] [INFO] [1774335976.482603270] [global_costmap.global_costmap]: KeepoutFilter: Subscribing to "/keepout_filter_mask" topic for filter mask...
[controller_server-10] [INFO] [1774335976.495585913] [local_costmap.local_costmap]: KeepoutFilter: Subscribing to "/keepout_costmap_filter_info" topic for filter info...
[planner_server-12] [INFO] [1774335976.498713017] [global_costmap.global_costmap]: Received request to clear entirely the global_costmap
[planner_server-12] [INFO] [1774335976.501987114] [global_costmap.global_costmap]: KeepoutFilter: Subscribing to "/keepout_costmap_filter_info" topic for filter info...
[controller_server-10] [INFO] [1774335976.506687686] [local_costmap.local_costmap]: KeepoutFilter: Received filter info from /keepout_costmap_filter_info topic.
[controller_server-10] [INFO] [1774335976.506784806] [local_costmap.local_costmap]: KeepoutFilter: Subscribing to "/keepout_filter_mask" topic for filter mask...
[planner_server-12] [INFO] [1774335976.513156550] [global_costmap.global_costmap]: KeepoutFilter: Received filter info from /keepout_costmap_filter_info topic.
[planner_server-12] [INFO] [1774335976.513214589] [global_costmap.global_costmap]: KeepoutFilter: Subscribing to "/keepout_filter_mask" topic for filter mask...
[planner_server-12] [WARN] [1774335976.549235197] [global_costmap.global_costmap]: KeepoutFilter: New filter mask arrived from /keepout_filter_mask topic. Updating old filter mask.
[controller_server-10] [WARN] [1774335976.549314234] [local_costmap.local_costmap]: KeepoutFilter: New filter mask arrived from /keepout_filter_mask topic. Updating old filter mask.
[planner_server-12] [WARN] [1774335976.893957706] [planner_server]: GridBased plugin failed to plan from (1.98, -1.51) to (2.46, -1.25): "no valid path found"
[planner_server-12] [WARN] [1774335976.894035869] [planner_server]: [compute_path_through_poses] [ActionServer] Aborting handle.
[planner_server-12] [INFO] [1774335976.915416661] [global_costmap.global_costmap]: Received request to clear entirely the global_costmap
[planner_server-12] [INFO] [1774335976.919268814] [global_costmap.global_costmap]: KeepoutFilter: Subscribing to "/keepout_costmap_filter_info" topic for filter info...
[planner_server-12] [INFO] [1774335976.923621736] [global_costmap.global_costmap]: KeepoutFilter: Received filter info from /keepout_costmap_filter_info topic.
[planner_server-12] [INFO] [1774335976.923716231] [global_costmap.global_costmap]: KeepoutFilter: Subscribing to "/keepout_filter_mask" topic for filter mask...
[planner_server-12] [WARN] [1774335976.934289529] [global_costmap.global_costmap]: KeepoutFilter: New filter mask arrived from /keepout_filter_mask topic. Updating old filter mask.
[planner_server-12] [WARN] [1774335977.401744009] [planner_server]: GridBased plugin failed to plan from (1.98, -1.51) to (2.46, -1.25): "no valid path found"
[planner_server-12] [WARN] [1774335977.401826255] [planner_server]: [compute_path_through_poses] [ActionServer] Aborting handle.
[behavior_server-13] [INFO] [1774335977.415110759] [behavior_server]: Running wait
[delivery_robot_main_controller-20] [0m[INFO] [1774335980.946339799] [main_controller_node]: Canceling current goal.[0m
[behavior_server-13] [INFO] [1774335981.015374947] [behavior_server]: Canceling wait
[behavior_server-13] [INFO] [1774335981.015701890] [behavior_server]: [wait] [ActionServer] Client requested to cancel the goal. Cancelling.
[bt_navigator-14] [INFO] [1774335981.016712759] [bt_navigator]: [navigate_through_poses] [ActionServer] Client requested to cancel the goal. Cancelling.
[bt_navigator-14] [INFO] [1774335981.016949582] [bt_navigator]: Goal canceled
[delivery_robot_main_controller-20] [0m[INFO] [1774335981.063170171] [main_controller_node]: Goal was canceled![0m
[delivery_robot_main_controller-20] [0m[INFO] [1774335981.065562601] [main_controller_node]: State change: MOVE -> PAUSED[0m
[delivery_robot_main_controller-20] [0m[INFO] [1774335981.069718365] [main_controller_node]: Robot is PAUSED. Awaiting user to switch to STANDBY.[0m
[delivery_robot_main_controller-20] [0m[INFO] [1774335981.071973718] [main_controller_node]: Robot is PAUSED. Awaiting user to switch to STANDBY.[0m
[delivery_robot_main_controller-20] [0m[INFO] [1774335981.090367108] [main_controller_node]: Current state: PAUSED, dock_state IDLE, charge_state NOT_CHARGE[0m
[delivery_robot_main_controller-20] [0m[INFO] [1774335981.444505052] [main_controller_node]: Current state: PAUSED, dock_state IDLE, charge_state NOT_CHARGE[0m
[delivery_robot_main_controller-20] [0m[INFO] [1774335982.398514952] [main_controller_node]: Current state: PAUSED, dock_state IDLE, charge_state NOT_CHARGE[0m
[delivery_robot_main_controller-20] [0m[INFO] [1774335983.430530664] [main_controller_node]: Current state: PAUSED, dock_state IDLE, charge_state NOT_CHARGE[0m
[delivery_robot_main_controller-20] [0m[INFO] [1774335984.390761826] [main_controller_node]: Current state: PAUSED, dock_state IDLE, charge_state NOT_CHARGE[0m
[delivery_robot_main_controller-20] [0m[INFO] [1774335985.080482458] [main_controller_node]: Pause cleared to STANDBY via API/GUI.[0m
[delivery_robot_main_controller-20] [0m[INFO] [1774335985.086436806] [main_controller_node]: Pre-resume: waiting 3 seconds before wiggle...[0m
[delivery_robot_main_controller-20] [0m[INFO] [1774335985.435384857] [main_controller_node]: Current state: PAUSED, dock_state IDLE, charge_state NOT_CHARGE[0m
[delivery_robot_main_controller-20] [0m[INFO] [1774335986.400965458] [main_controller_node]: Current state: PAUSED, dock_state IDLE, charge_state NOT_CHARGE[0m
[bash-27] 4
[bash-27] queue action->Request :  current state-> STANDBY : previous state-> 
[bash-27] queue action->Request :  current state-> MOVE : previous state-> STANDBY
[bash-27] queue action->Request :  current state-> PAUSED : previous state-> MOVE
[bash-27] Dialog rejected!
[bash-27] queue action->Request :  current state-> STANDBY : previous state-> PAUSED
[INFO] [bash-27]: process has finished cleanly [pid 7432]
[INFO] [battery_manager_node-26]: sending signal 'SIGINT' to process[battery_manager_node-26]
[INFO] [autodock_action_server-25]: sending signal 'SIGINT' to process[autodock_action_server-25]
[INFO] [dock_coordinates-24]: sending signal 'SIGINT' to process[dock_coordinates-24]
[INFO] [rpc_run_node-23]: sending signal 'SIGINT' to process[rpc_run_node-23]
[INFO] [call_robot_button-22]: sending signal 'SIGINT' to process[call_robot_button-22]
[INFO] [robot_sound-21]: sending signal 'SIGINT' to process[robot_sound-21]
[INFO] [delivery_robot_main_controller-20]: sending signal 'SIGINT' to process[delivery_robot_main_controller-20]
[INFO] [dock_coordinates-24]: process has finished cleanly [pid 7324]
[INFO] [lifecycle_manager-19]: sending signal 'SIGINT' to process[lifecycle_manager-19]
[INFO] [collision_detector-18]: sending signal 'SIGINT' to process[collision_detector-18]
[INFO] [collision_monitor-17]: sending signal 'SIGINT' to process[collision_monitor-17]
[INFO] [velocity_smoother-16]: sending signal 'SIGINT' to process[velocity_smoother-16]
[INFO] [waypoint_follower-15]: sending signal 'SIGINT' to process[waypoint_follower-15]
[INFO] [bt_navigator-14]: sending signal 'SIGINT' to process[bt_navigator-14]
[INFO] [behavior_server-13]: sending signal 'SIGINT' to process[behavior_server-13]
[INFO] [planner_server-12]: sending signal 'SIGINT' to process[planner_server-12]
[INFO] [smoother_server-11]: sending signal 'SIGINT' to process[smoother_server-11]
[INFO] [controller_server-10]: sending signal 'SIGINT' to process[controller_server-10]
[INFO] [costmap_filter_info_server-9]: sending signal 'SIGINT' to process[costmap_filter_info_server-9]
[INFO] [map_server-8]: sending signal 'SIGINT' to process[map_server-8]
[INFO] [localization_slam_toolbox_node-7]: sending signal 'SIGINT' to process[localization_slam_toolbox_node-7]
[INFO] [robot_hardware-6]: sending signal 'SIGINT' to process[robot_hardware-6]
[INFO] [ekf_node-5]: sending signal 'SIGINT' to process[ekf_node-5]
[INFO] [scan_to_scan_filter_chain-4]: sending signal 'SIGINT' to process[scan_to_scan_filter_chain-4]
[INFO] [rplidar_node-3]: sending signal 'SIGINT' to process[rplidar_node-3]
[INFO] [joint_state_publisher-2]: sending signal 'SIGINT' to process[joint_state_publisher-2]
[INFO] [robot_state_publisher-1]: sending signal 'SIGINT' to process[robot_state_publisher-1]
[delivery_robot_main_controller-20] [0m[INFO] [1774335987.438641115] [main_controller_node]: Current state: PAUSED, dock_state IDLE, charge_state NOT_CHARGE[0m
[delivery_robot_main_controller-20] [0m[INFO] [1774335988.087353645] [main_controller_node]: Pre-resume wiggle: หมุนตามเข็ม 0.5 rad[0m
[delivery_robot_main_controller-20] [31m[ERROR] [1774335988.087956788] [main_controller_node]: Pre-resume wiggle failed with exception: 'DeliveryRobotMainController' object has no attribute 'cmd_vel_pub'[0m
[delivery_robot_main_controller-20] [0m[INFO] [1774335988.088517933] [main_controller_node]: State change: PAUSED -> STANDBY[0m
[delivery_robot_main_controller-20] [0m[INFO] [1774335988.091956547] [main_controller_node]: Robot is in STANDBY mode.[0m
[battery_manager_node-26] Traceback (most recent call last):
[battery_manager_node-26]   File "/home/smr/workspaces/mini_amr/amrROS2_ws/install/battery_management/lib/battery_management/battery_manager_node", line 33, in <module>
[battery_manager_node-26]     sys.exit(load_entry_point('battery-management==0.0.0', 'console_scripts', 'battery_manager_node')())
[battery_manager_node-26]              ^^^^^^^^^^^^^^^^^^^^^^^^^^^^^^^^^^^^^^^^^^^^^^^^^^^^^^^^^^^^^^^^^^^^^^^^^^^^^^^^^^^^^^^^^^
[battery_manager_node-26]   File "/home/smr/workspaces/mini_amr/amrROS2_ws/install/battery_management/lib/python3.12/site-packages/battery_management/battery_manager_node.py", line 311, in main
[battery_manager_node-26]     rclpy.spin(node)
[battery_manager_node-26]   File "/opt/ros/jazzy/lib/python3.12/site-packages/rclpy/__init__.py", line 247, in spin
[battery_manager_node-26]     executor.spin_once()
[battery_manager_node-26]   File "/opt/ros/jazzy/lib/python3.12/site-packages/rclpy/executors.py", line 845, in spin_once
[battery_manager_node-26]     self._spin_once_impl(timeout_sec)
[battery_manager_node-26]   File "/opt/ros/jazzy/lib/python3.12/site-packages/rclpy/executors.py", line 829, in _spin_once_impl
[battery_manager_node-26]     handler, entity, node = self.wait_for_ready_callbacks(
[battery_manager_node-26]                             ^^^^^^^^^^^^^^^^^^^^^^^^^^^^^^
[battery_manager_node-26]   File "/opt/ros/jazzy/lib/python3.12/site-packages/rclpy/executors.py", line 799, in wait_for_ready_callbacks
[battery_manager_node-26]     return next(self._cb_iter)
[battery_manager_node-26]            ^^^^^^^^^^^^^^^^^^^
[battery_manager_node-26]   File "/opt/ros/jazzy/lib/python3.12/site-packages/rclpy/executors.py", line 703, in _wait_for_ready_callbacks
[battery_manager_node-26]     wait_set.wait(timeout_nsec)
[battery_manager_node-26] KeyboardInterrupt
[dock_coordinates-24] [INFO] [1774335988.255539510] [rclcpp]: signal_handler(signum=2)
[rpc_run_node-23] [0m[INFO] [1774335988.267715238] [rpc_run_node]: RPC run node stopped by user.[0m
[rpc_run_node-23] Failed to publish log message to rosout: publisher's context is invalid, at ./src/rcl/publisher.c:423
[rpc_run_node-23] 2026-03-24 14:06:28,271 [INFO] RPCServer stopped.
[call_robot_button-22] [0m[INFO] [1774335988.268398002] [call_robot_button_node]: CallRobotButton interrupted by user.[0m
[call_robot_button-22] Failed to publish log message to rosout: publisher's context is invalid, at ./src/rcl/publisher.c:423
[robot_sound-21] [0m[INFO] [1774335988.289990109] [robot_sound_node]: 🔚 robot_sound_node stopped by user.[0m
[robot_sound-21] Failed to publish log message to rosout: publisher's context is invalid, at ./src/rcl/publisher.c:423
[delivery_robot_main_controller-20] [0m[INFO] [1774335988.340858560] [main_controller_node]: Node stopped by user.[0m
[delivery_robot_main_controller-20] Failed to publish log message to rosout: publisher's context is invalid, at ./src/rcl/publisher.c:423
[lifecycle_manager-19] [INFO] [1774335988.349805957] [rclcpp]: signal_handler(signum=2)
[lifecycle_manager-19] [INFO] [1774335988.349984450] [lifecycle_manager_navigation]: Running Nav2 LifecycleManager rcl preshutdown (lifecycle_manager_navigation)
[lifecycle_manager-19] [INFO] [1774335988.350041323] [lifecycle_manager_navigation]: [34m[1mTerminating bond timer...[0m[0m
[collision_detector-18] [INFO] [1774335988.410675556] [rclcpp]: signal_handler(signum=2)
[collision_detector-18] [INFO] [1774335988.410942712] [collision_detector]: Running Nav2 LifecycleNode rcl preshutdown (collision_detector)
[collision_detector-18] [INFO] [1774335988.411145704] [collision_detector]: Deactivating
[collision_detector-18] [INFO] [1774335988.411200535] [collision_detector]: Destroying bond (collision_detector) to lifecycle manager.
[collision_detector-18] [WARN] [1774335988.445463600] [LifecyclePublisher]: Trying to publish message on the topic '/collision_detector_state', but the publisher is not activated
[collision_detector-18] [WARN] [1774335988.445547013] [LifecyclePublisher]: Trying to publish message on the topic '/polygon_stop_detector', but the publisher is not activated
[collision_detector-18] [WARN] [1774335988.445565387] [LifecyclePublisher]: Trying to publish message on the topic '/polygon_slowdown_detector', but the publisher is not activated
[collision_detector-18] [INFO] [1774335988.482201359] [collision_detector]: Cleaning up
[collision_detector-18] [INFO] [1774335988.482319187] [collision_monitor]: [PolygonStop]: Destroying Circle
[collision_detector-18] [INFO] [1774335988.482339895] [collision_monitor]: [PolygonStop]: Destroying Polygon
[collision_detector-18] [INFO] [1774335988.482362061] [collision_monitor]: [PolygonSlow]: Destroying Polygon
[collision_detector-18] [INFO] [1774335988.482380726] [collision_monitor]: [scan]: Destroying Scan
[collision_monitor-17] [INFO] [1774335988.474919021] [rclcpp]: signal_handler(signum=2)
[collision_monitor-17] [INFO] [1774335988.475117346] [collision_monitor]: Running Nav2 LifecycleNode rcl preshutdown (collision_monitor)
[collision_monitor-17] [INFO] [1774335988.475289715] [collision_monitor]: Deactivating
[collision_monitor-17] [INFO] [1774335988.475345712] [collision_monitor]: Destroying bond (collision_monitor) to lifecycle manager.
[collision_monitor-17] [INFO] [1774335988.497874907] [collision_monitor]: Cleaning up
[collision_monitor-17] [INFO] [1774335988.497931488] [collision_monitor]: [PolygonStop]: Destroying Circle
[collision_monitor-17] [INFO] [1774335988.497944321] [collision_monitor]: [PolygonStop]: Destroying Polygon
[collision_monitor-17] [INFO] [1774335988.497955987] [collision_monitor]: [PolygonSlow]: Destroying Polygon
[collision_monitor-17] [INFO] [1774335988.497967362] [collision_monitor]: [FootprintApproach]: Destroying Polygon
[collision_monitor-17] [INFO] [1774335988.497979903] [collision_monitor]: [scan]: Destroying Scan
[velocity_smoother-16] [INFO] [1774335988.520276065] [rclcpp]: signal_handler(signum=2)
[velocity_smoother-16] [INFO] [1774335988.520421309] [velocity_smoother]: Running Nav2 LifecycleNode rcl preshutdown (velocity_smoother)
[velocity_smoother-16] [INFO] [1774335988.520497139] [velocity_smoother]: Deactivating
[velocity_smoother-16] [INFO] [1774335988.520534179] [velocity_smoother]: Destroying bond (velocity_smoother) to lifecycle manager.
[collision_detector-18] [INFO] [1774335988.523829008] [collision_detector]: Destroying bond (collision_detector) to lifecycle manager.
[velocity_smoother-16] [INFO] [1774335988.531382293] [velocity_smoother]: Cleaning up
[velocity_smoother-16] [INFO] [1774335988.531446457] [velocity_smoother]: Destroying bond (velocity_smoother) to lifecycle manager.
[collision_monitor-17] [INFO] [1774335988.532867985] [collision_monitor]: Destroying bond (collision_monitor) to lifecycle manager.
[waypoint_follower-15] [INFO] [1774335988.542639891] [rclcpp]: signal_handler(signum=2)
[waypoint_follower-15] [INFO] [1774335988.542988710] [waypoint_follower]: Running Nav2 LifecycleNode rcl preshutdown (waypoint_follower)
[waypoint_follower-15] [INFO] [1774335988.543199285] [waypoint_follower]: Deactivating
[waypoint_follower-15] [INFO] [1774335988.543285615] [waypoint_follower]: Destroying bond (waypoint_follower) to lifecycle manager.
[delivery_robot_main_controller-20] Traceback (most recent call last):
[delivery_robot_main_controller-20]   File "/home/smr/workspaces/mini_amr/amrROS2_ws/install/delivery_robot_main_controller/lib/delivery_robot_main_controller/delivery_robot_main_controller", line 33, in <module>
[delivery_robot_main_controller-20]     sys.exit(load_entry_point('delivery-robot-main-controller==0.0.1', 'console_scripts', 'delivery_robot_main_controller')())
[delivery_robot_main_controller-20]              ^^^^^^^^^^^^^^^^^^^^^^^^^^^^^^^^^^^^^^^^^^^^^^^^^^^^^^^^^^^^^^^^^^^^^^^^^^^^^^^^^^^^^^^^^^^^^^^^^^^^^^^^^^^^^^^^
[delivery_robot_main_controller-20]   File "/home/smr/workspaces/mini_amr/amrROS2_ws/install/delivery_robot_main_controller/lib/python3.12/site-packages/delivery_robot_main_controller/main_controller_node.py", line 1752, in main
[delivery_robot_main_controller-20]     rclpy.shutdown()
[delivery_robot_main_controller-20]   File "/opt/ros/jazzy/lib/python3.12/site-packages/rclpy/__init__.py", line 134, in shutdown
[delivery_robot_main_controller-20]     _shutdown(context=context)
[delivery_robot_main_controller-20]   File "/opt/ros/jazzy/lib/python3.12/site-packages/rclpy/utilities.py", line 82, in shutdown
[delivery_robot_main_controller-20]     context.shutdown()
[delivery_robot_main_controller-20]   File "/opt/ros/jazzy/lib/python3.12/site-packages/rclpy/context.py", line 129, in shutdown
[delivery_robot_main_controller-20]     self.__context.shutdown()
[delivery_robot_main_controller-20] rclpy._rclpy_pybind11.RCLError: failed to shutdown: rcl_shutdown already called on the given context, at ./src/rcl/init.c:333
[bt_navigator-14] [INFO] [1774335988.552054228] [rclcpp]: signal_handler(signum=2)
[bt_navigator-14] [INFO] [1774335988.552164182] [bt_navigator]: Running Nav2 LifecycleNode rcl preshutdown (bt_navigator)
[bt_navigator-14] [INFO] [1774335988.552387298] [bt_navigator]: Deactivating
[bt_navigator-14] [INFO] [1774335988.552462253] [bt_navigator]: Destroying bond (bt_navigator) to lifecycle manager.
[waypoint_follower-15] [INFO] [1774335988.554091147] [waypoint_follower]: Cleaning up
[behavior_server-13] [INFO] [1774335988.562368904] [rclcpp]: signal_handler(signum=2)
[behavior_server-13] [INFO] [1774335988.562512982] [behavior_server]: Running Nav2 LifecycleNode rcl preshutdown (behavior_server)
[behavior_server-13] [INFO] [1774335988.562624977] [behavior_server]: Deactivating
[behavior_server-13] [INFO] [1774335988.562649476] [behavior_server]: Destroying bond (behavior_server) to lifecycle manager.
[bt_navigator-14] [INFO] [1774335988.563507234] [bt_navigator]: Cleaning up
[planner_server-12] [INFO] [1774335988.574230228] [rclcpp]: signal_handler(signum=2)
[planner_server-12] [INFO] [1774335988.574357681] [planner_server]: Running Nav2 LifecycleNode rcl preshutdown (planner_server)
[planner_server-12] [INFO] [1774335988.574567673] [planner_server]: Deactivating
[planner_server-12] [INFO] [1774335988.574664210] [global_costmap.global_costmap]: Deactivating
[smoother_server-11] [INFO] [1774335988.581711474] [rclcpp]: signal_handler(signum=2)
[smoother_server-11] [INFO] [1774335988.581850594] [smoother_server]: Running Nav2 LifecycleNode rcl preshutdown (smoother_server)
[smoother_server-11] [INFO] [1774335988.581949756] [smoother_server]: Deactivating
[smoother_server-11] [INFO] [1774335988.581970464] [smoother_server]: Destroying bond (smoother_server) to lifecycle manager.
[behavior_server-13] [INFO] [1774335988.583175000] [behavior_server]: Cleaning up
[smoother_server-11] [INFO] [1774335988.592403552] [smoother_server]: Cleaning up
[controller_server-10] [INFO] [1774335988.592933490] [rclcpp]: signal_handler(signum=2)
[controller_server-10] [INFO] [1774335988.593094192] [controller_server]: Running Nav2 LifecycleNode rcl preshutdown (controller_server)
[controller_server-10] [INFO] [1774335988.593181980] [controller_server]: Deactivating
[controller_server-10] [INFO] [1774335988.593210854] [MPPIController]: Deactivated MPPI Controller: FollowPath
[controller_server-10] [INFO] [1774335988.593229811] [local_costmap.local_costmap]: Deactivating
[smoother_server-11] [INFO] [1774335988.614840584] [smoother_server]: Destroying bond (smoother_server) to lifecycle manager.
[behavior_server-13] [INFO] [1774335988.625578452] [behavior_server]: Destroying bond (behavior_server) to lifecycle manager.
[controller_server-10] [INFO] [1774335988.625920563] [controller_server]: Destroying bond (controller_server) to lifecycle manager.
[controller_server-10] [INFO] [1774335988.636366484] [controller_server]: Cleaning up
[controller_server-10] [INFO] [1774335988.636501229] [MPPIController]: Cleaned up MPPI Controller: FollowPath
[controller_server-10] [INFO] [1774335988.639132542] [local_costmap.local_costmap]: Cleaning up
[costmap_filter_info_server-9] [INFO] [1774335988.670097862] [rclcpp]: signal_handler(signum=2)
[costmap_filter_info_server-9] [INFO] [1774335988.670418974] [keepout_costmap_filter_info_server]: Running Nav2 LifecycleNode rcl preshutdown (keepout_costmap_filter_info_server)
[costmap_filter_info_server-9] [INFO] [1774335988.670604467] [keepout_costmap_filter_info_server]: Deactivating
[costmap_filter_info_server-9] [INFO] [1774335988.670655507] [keepout_costmap_filter_info_server]: Destroying bond (keepout_costmap_filter_info_server) to lifecycle manager.
[waypoint_follower-15] [INFO] [1774335988.672417395] [waypoint_follower]: Destroying bond (waypoint_follower) to lifecycle manager.
[behavior_server-13] [INFO] [1774335988.678930638] [behavior_server]: Destroying
[costmap_filter_info_server-9] [INFO] [1774335988.681520245] [keepout_costmap_filter_info_server]: Cleaning up
[costmap_filter_info_server-9] [INFO] [1774335988.681651489] [keepout_costmap_filter_info_server]: Destroying bond (keepout_costmap_filter_info_server) to lifecycle manager.
[velocity_smoother-16] [INFO] [1774335988.695112250] [velocity_smoother]: Destroying
[waypoint_follower-15] [INFO] [1774335988.700110636] [waypoint_follower]: Destroying
[collision_monitor-17] [INFO] [1774335988.709954873] [collision_monitor]: Destroying
[collision_detector-18] [INFO] [1774335988.714062252] [collision_detector]: Destroying
[map_server-8] [INFO] [1774335988.749101703] [rclcpp]: signal_handler(signum=2)
[map_server-8] [INFO] [1774335988.749293612] [keepout_filter_mask_server]: Running Nav2 LifecycleNode rcl preshutdown (keepout_filter_mask_server)
[map_server-8] [INFO] [1774335988.749388984] [keepout_filter_mask_server]: Deactivating
[map_server-8] [INFO] [1774335988.749406774] [keepout_filter_mask_server]: Destroying bond (keepout_filter_mask_server) to lifecycle manager.
[planner_server-12] [INFO] [1774335988.756365958] [planner_server]: Deactivating plugin GridBased of type SmacPlanner2D
[planner_server-12] [INFO] [1774335988.756425456] [planner_server]: Destroying bond (planner_server) to lifecycle manager.
[localization_slam_toolbox_node-7] [INFO] [1774335988.767235946] [rclcpp]: signal_handler(signum=2)
[localization_slam_toolbox_node-7] Unregistering sensor: Custom Described Lidar
[smoother_server-11] [INFO] [1774335988.779377259] [smoother_server]: Destroying
[map_server-8] [INFO] [1774335988.799731872] [keepout_filter_mask_server]: Cleaning up
[map_server-8] [INFO] [1774335988.799850576] [keepout_filter_mask_server]: Destroying bond (keepout_filter_mask_server) to lifecycle manager.
[map_server-8] [INFO] [1774335988.864519274] [keepout_filter_mask_server]: Destroying
[planner_server-12] [INFO] [1774335988.836747870] [planner_server]: Cleaning up
[planner_server-12] [INFO] [1774335988.902082126] [global_costmap.global_costmap]: Cleaning up
[planner_server-12] [INFO] [1774335988.978405948] [planner_server]: Cleaning up plugin GridBased of type SmacPlanner2D
[costmap_filter_info_server-9] [INFO] [1774335988.878799878] [keepout_costmap_filter_info_server]: Destroying
[controller_server-10] [INFO] [1774335988.908850275] [controller_server]: Destroying bond (controller_server) to lifecycle manager.
[controller_server-10] [INFO] [1774335988.987961446] [local_costmap.local_costmap]: Destroying
[robot_hardware-6] [INFO] [1774335988.961824769] [rclcpp]: signal_handler(signum=2)
[planner_server-12] [INFO] [1774335989.004774782] [planner_server]: Destroying plugin GridBased of type SmacPlanner2D
[ekf_node-5] [INFO] [1774335989.033732932] [rclcpp]: signal_handler(signum=2)
[scan_to_scan_filter_chain-4] [INFO] [1774335989.043412675] [rclcpp]: signal_handler(signum=2)
[controller_server-10] [INFO] [1774335989.117254511] [controller_server]: Destroying
[planner_server-12] [INFO] [1774335989.122513929] [planner_server]: Destroying bond (planner_server) to lifecycle manager.
[lifecycle_manager-19] [INFO] [1774335989.145999461] [lifecycle_manager_navigation]: Destroying lifecycle_manager_navigation
[robot_state_publisher-1] [INFO] [1774335989.153965438] [rclcpp]: signal_handler(signum=2)
[planner_server-12] [INFO] [1774335989.162911960] [global_costmap.global_costmap]: Destroying
[rplidar_node-3] [INFO] [1774335989.219295610] [rplidar_node]: Stop motor
[planner_server-12] [INFO] [1774335989.324451003] [planner_server]: Destroying
[autodock_action_server-25] Traceback (most recent call last):
[autodock_action_server-25]   File "/home/smr/workspaces/mini_amr/amrROS2_ws/install/action_autodock/lib/python3.12/site-packages/action_autodock/autodock_action_server.py", line 1409, in main
[autodock_action_server-25]     executor.spin()
[autodock_action_server-25]   File "/opt/ros/jazzy/lib/python3.12/site-packages/rclpy/executors.py", line 312, in spin
[autodock_action_server-25]     self.spin_once()
[autodock_action_server-25]   File "/opt/ros/jazzy/lib/python3.12/site-packages/rclpy/executors.py", line 917, in spin_once
[autodock_action_server-25]     self._spin_once_impl(timeout_sec)
[autodock_action_server-25]   File "/opt/ros/jazzy/lib/python3.12/site-packages/rclpy/executors.py", line 896, in _spin_once_impl
[autodock_action_server-25]     handler, entity, node = self.wait_for_ready_callbacks(
[autodock_action_server-25]                             ^^^^^^^^^^^^^^^^^^^^^^^^^^^^^^
[autodock_action_server-25]   File "/opt/ros/jazzy/lib/python3.12/site-packages/rclpy/executors.py", line 799, in wait_for_ready_callbacks
[autodock_action_server-25]     return next(self._cb_iter)
[autodock_action_server-25]            ^^^^^^^^^^^^^^^^^^^
[autodock_action_server-25]   File "/opt/ros/jazzy/lib/python3.12/site-packages/rclpy/executors.py", line 703, in _wait_for_ready_callbacks
[autodock_action_server-25]     wait_set.wait(timeout_nsec)
[autodock_action_server-25] KeyboardInterrupt
[autodock_action_server-25] 
[autodock_action_server-25] During handling of the above exception, another exception occurred:
[autodock_action_server-25] 
[autodock_action_server-25] Traceback (most recent call last):
[autodock_action_server-25]   File "/home/smr/workspaces/mini_amr/amrROS2_ws/install/action_autodock/lib/action_autodock/autodock_action_server", line 33, in <module>
[autodock_action_server-25]     sys.exit(load_entry_point('action-autodock==0.0.0', 'console_scripts', 'autodock_action_server')())
[autodock_action_server-25]              ^^^^^^^^^^^^^^^^^^^^^^^^^^^^^^^^^^^^^^^^^^^^^^^^^^^^^^^^^^^^^^^^^^^^^^^^^^^^^^^^^^^^^^^^^
[autodock_action_server-25]   File "/home/smr/workspaces/mini_amr/amrROS2_ws/install/action_autodock/lib/python3.12/site-packages/action_autodock/autodock_action_server.py", line 1420, in main
[autodock_action_server-25]     rclpy.shutdown()   
[autodock_action_server-25]     ^^^^^^^^^^^^^^^^
[autodock_action_server-25]   File "/opt/ros/jazzy/lib/python3.12/site-packages/rclpy/__init__.py", line 134, in shutdown
[autodock_action_server-25]     _shutdown(context=context)
[autodock_action_server-25]   File "/opt/ros/jazzy/lib/python3.12/site-packages/rclpy/utilities.py", line 82, in shutdown
[autodock_action_server-25]     context.shutdown()
[autodock_action_server-25]   File "/opt/ros/jazzy/lib/python3.12/site-packages/rclpy/context.py", line 129, in shutdown
[autodock_action_server-25]     self.__context.shutdown()
[autodock_action_server-25] rclpy._rclpy_pybind11.RCLError: failed to shutdown: rcl_shutdown already called on the given context, at ./src/rcl/init.c:333
[rpc_run_node-23] Traceback (most recent call last):
[rpc_run_node-23]   File "/home/smr/workspaces/mini_amr/amrROS2_ws/install/delivery_robot_main_controller/lib/delivery_robot_main_controller/rpc_run_node", line 33, in <module>
[rpc_run_node-23]     sys.exit(load_entry_point('delivery-robot-main-controller==0.0.1', 'console_scripts', 'rpc_run_node')())
[rpc_run_node-23]              ^^^^^^^^^^^^^^^^^^^^^^^^^^^^^^^^^^^^^^^^^^^^^^^^^^^^^^^^^^^^^^^^^^^^^^^^^^^^^^^^^^^^^^^^^^^^^^
[rpc_run_node-23]   File "/home/smr/workspaces/mini_amr/amrROS2_ws/install/delivery_robot_main_controller/lib/python3.12/site-packages/delivery_robot_main_controller/rpc_run_node.py", line 57, in main
[rpc_run_node-23]     rclpy.shutdown()
[rpc_run_node-23]   File "/opt/ros/jazzy/lib/python3.12/site-packages/rclpy/__init__.py", line 134, in shutdown
[rpc_run_node-23]     _shutdown(context=context)
[rpc_run_node-23]   File "/opt/ros/jazzy/lib/python3.12/site-packages/rclpy/utilities.py", line 82, in shutdown
[rpc_run_node-23]     context.shutdown()
[rpc_run_node-23]   File "/opt/ros/jazzy/lib/python3.12/site-packages/rclpy/context.py", line 129, in shutdown
[rpc_run_node-23]     self.__context.shutdown()
[rpc_run_node-23] rclpy._rclpy_pybind11.RCLError: failed to shutdown: rcl_shutdown already called on the given context, at ./src/rcl/init.c:333
[call_robot_button-22] Traceback (most recent call last):
[call_robot_button-22]   File "/home/smr/workspaces/mini_amr/amrROS2_ws/install/delivery_robot_main_controller/lib/delivery_robot_main_controller/call_robot_button", line 33, in <module>
[call_robot_button-22]     sys.exit(load_entry_point('delivery-robot-main-controller==0.0.1', 'console_scripts', 'call_robot_button')())
[call_robot_button-22]              ^^^^^^^^^^^^^^^^^^^^^^^^^^^^^^^^^^^^^^^^^^^^^^^^^^^^^^^^^^^^^^^^^^^^^^^^^^^^^^^^^^^^^^^^^^^^^^^^^^^
[call_robot_button-22]   File "/home/smr/workspaces/mini_amr/amrROS2_ws/install/delivery_robot_main_controller/lib/python3.12/site-packages/delivery_robot_main_controller/call_button.py", line 251, in main
[call_robot_button-22]     rclpy.shutdown()
[call_robot_button-22]   File "/opt/ros/jazzy/lib/python3.12/site-packages/rclpy/__init__.py", line 134, in shutdown
[call_robot_button-22]     _shutdown(context=context)
[call_robot_button-22]   File "/opt/ros/jazzy/lib/python3.12/site-packages/rclpy/utilities.py", line 82, in shutdown
[call_robot_button-22]     context.shutdown()
[call_robot_button-22]   File "/opt/ros/jazzy/lib/python3.12/site-packages/rclpy/context.py", line 129, in shutdown
[call_robot_button-22]     self.__context.shutdown()
[call_robot_button-22] rclpy._rclpy_pybind11.RCLError: failed to shutdown: rcl_shutdown already called on the given context, at ./src/rcl/init.c:333
[robot_sound-21] Traceback (most recent call last):
[robot_sound-21]   File "/home/smr/workspaces/mini_amr/amrROS2_ws/install/delivery_robot_main_controller/lib/delivery_robot_main_controller/robot_sound", line 33, in <module>
[robot_sound-21]     sys.exit(load_entry_point('delivery-robot-main-controller==0.0.1', 'console_scripts', 'robot_sound')())
[robot_sound-21]              ^^^^^^^^^^^^^^^^^^^^^^^^^^^^^^^^^^^^^^^^^^^^^^^^^^^^^^^^^^^^^^^^^^^^^^^^^^^^^^^^^^^^^^^^^^^^^
[robot_sound-21]   File "/home/smr/workspaces/mini_amr/amrROS2_ws/install/delivery_robot_main_controller/lib/python3.12/site-packages/delivery_robot_main_controller/robot_sound.py", line 147, in main
[robot_sound-21]     rclpy.shutdown()
[robot_sound-21]   File "/opt/ros/jazzy/lib/python3.12/site-packages/rclpy/__init__.py", line 134, in shutdown
[robot_sound-21]     _shutdown(context=context)
[robot_sound-21]   File "/opt/ros/jazzy/lib/python3.12/site-packages/rclpy/utilities.py", line 82, in shutdown
[robot_sound-21]     context.shutdown()
[robot_sound-21]   File "/opt/ros/jazzy/lib/python3.12/site-packages/rclpy/context.py", line 129, in shutdown
[robot_sound-21]     self.__context.shutdown()
[robot_sound-21] rclpy._rclpy_pybind11.RCLError: failed to shutdown: rcl_shutdown already called on the given context, at ./src/rcl/init.c:333
[ERROR] [rpc_run_node-23]: process has died [pid 7323, exit code 1, cmd '/home/smr/workspaces/mini_amr/amrROS2_ws/install/delivery_robot_main_controller/lib/delivery_robot_main_controller/rpc_run_node --ros-args -r __node:=rpc_run_node -r __ns:=/ -r /tf:=tf -r /tf_static:=tf_static'].
[bt_navigator-14] [INFO] [1774335989.678333708] [bt_navigator]: Completed Cleaning up
[bt_navigator-14] [INFO] [1774335989.678513951] [bt_navigator]: Destroying bond (bt_navigator) to lifecycle manager.
[bt_navigator-14] [INFO] [1774335989.682987357] [bt_navigator]: Destroying
[ERROR] [call_robot_button-22]: process has died [pid 7322, exit code 1, cmd '/home/smr/workspaces/mini_amr/amrROS2_ws/install/delivery_robot_main_controller/lib/delivery_robot_main_controller/call_robot_button --ros-args -r __node:=call_robot_button_node -r __ns:=/ -r /tf:=tf -r /tf_static:=tf_static'].
[ERROR] [robot_sound-21]: process has died [pid 7321, exit code 1, cmd '/home/smr/workspaces/mini_amr/amrROS2_ws/install/delivery_robot_main_controller/lib/delivery_robot_main_controller/robot_sound --ros-args -r __node:=robot_sound_node -r __ns:=/ -r /tf:=tf -r /tf_static:=tf_static'].
[ERROR] [battery_manager_node-26]: process has died [pid 7326, exit code -2, cmd '/home/smr/workspaces/mini_amr/amrROS2_ws/install/battery_management/lib/battery_management/battery_manager_node --ros-args -r __node:=battery_manager -r __ns:=/ --params-file /home/smr/workspaces/mini_amr/amrROS2_ws/install/battery_management/share/battery_management/config/battery_manager.yaml -r /tf:=tf -r /tf_static:=tf_static'].
[INFO] [velocity_smoother-16]: process has finished cleanly [pid 7061]
[INFO] [collision_detector-18]: process has finished cleanly [pid 7079]
[INFO] [behavior_server-13]: process has finished cleanly [pid 7054]
[INFO] [waypoint_follower-15]: process has finished cleanly [pid 7058]
[INFO] [smoother_server-11]: process has finished cleanly [pid 7037]
[INFO] [map_server-8]: process has finished cleanly [pid 7034]
[INFO] [collision_monitor-17]: process has finished cleanly [pid 7064]
[INFO] [robot_hardware-6]: process has finished cleanly [pid 7032]
[INFO] [joint_state_publisher-2]: process has finished cleanly [pid 7028]
[INFO] [costmap_filter_info_server-9]: process has finished cleanly [pid 7035]
[INFO] [lifecycle_manager-19]: process has finished cleanly [pid 7089]
[INFO] [controller_server-10]: process has finished cleanly [pid 7036]
[INFO] [planner_server-12]: process has finished cleanly [pid 7044]
[ERROR] [delivery_robot_main_controller-20]: process has died [pid 7320, exit code 1, cmd '/home/smr/workspaces/mini_amr/amrROS2_ws/install/delivery_robot_main_controller/lib/delivery_robot_main_controller/delivery_robot_main_controller --ros-args -r __node:=main_controller_node -r __ns:=/ --params-file /tmp/launch_params_4ike530h -r /tf:=tf -r /tf_static:=tf_static'].
[INFO] [bt_navigator-14]: process has finished cleanly [pid 7057]
[ERROR] [autodock_action_server-25]: process has died [pid 7325, exit code 1, cmd '/home/smr/workspaces/mini_amr/amrROS2_ws/install/action_autodock/lib/action_autodock/autodock_action_server --ros-args -r __ns:=/ --params-file /home/smr/workspaces/mini_amr/amrROS2_ws/install/action_autodock/share/action_autodock/config/auto_dock_config.yaml --params-file /tmp/launch_params_wyfyv11r -r /tf:=tf -r /tf_static:=tf_static'].
[INFO] [localization_slam_toolbox_node-7]: process has finished cleanly [pid 7033]
[INFO] [scan_to_scan_filter_chain-4]: process has finished cleanly [pid 7030]
[INFO] [rplidar_node-3]: process has finished cleanly [pid 7029]
[INFO] [ekf_node-5]: process has finished cleanly [pid 7031]
[INFO] [robot_state_publisher-1]: process has finished cleanly [pid 7027]
