[INFO] [launch]: All log files can be found below /home/smr/.ros/log/2026-03-24-13-24-21-908942-two-21310
[INFO] [launch]: Default logging verbosity is set to INFO
[INFO] [robot_state_publisher-1]: process started with pid [21325]
[INFO] [joint_state_publisher-2]: process started with pid [21326]
[INFO] [rplidar_node-3]: process started with pid [21327]
[INFO] [scan_to_scan_filter_chain-4]: process started with pid [21328]
[INFO] [ekf_node-5]: process started with pid [21329]
[INFO] [robot_hardware-6]: process started with pid [21330]
[INFO] [localization_slam_toolbox_node-7]: process started with pid [21331]
[INFO] [map_server-8]: process started with pid [21332]
[INFO] [costmap_filter_info_server-9]: process started with pid [21335]
[INFO] [controller_server-10]: process started with pid [21336]
[INFO] [smoother_server-11]: process started with pid [21343]
[INFO] [planner_server-12]: process started with pid [21346]
[INFO] [behavior_server-13]: process started with pid [21347]
[INFO] [bt_navigator-14]: process started with pid [21361]
[INFO] [waypoint_follower-15]: process started with pid [21362]
[INFO] [velocity_smoother-16]: process started with pid [21363]
[INFO] [collision_monitor-17]: process started with pid [21371]
[INFO] [collision_detector-18]: process started with pid [21374]
[INFO] [lifecycle_manager-19]: process started with pid [21383]
[robot_hardware-6] Serial port opened at port /dev/teensy with baudrate 460800
[robot_hardware-6] Created receive data thread
[rplidar_node-3] [INFO] [1774333463.068987508] [rplidar_node]: RPLidar running on ROS2 package rplidar_ros. RPLIDAR SDK Version:2.1.0
[rplidar_node-3] [INFO] [1774333463.078311168] [rplidar_node]: RPLidar S/N: CEDCEDF9C7E29BCEA7E39EF25E0F4304
[rplidar_node-3] [INFO] [1774333463.078464579] [rplidar_node]: Firmware Ver: 1.02
[rplidar_node-3] [INFO] [1774333463.078533118] [rplidar_node]: Hardware Rev: 18
[rplidar_node-3] [INFO] [1774333463.082515390] [rplidar_node]: RPLidar health status : 0
[rplidar_node-3] [INFO] [1774333463.082614261] [rplidar_node]: RPLidar health status : OK.
[rplidar_node-3] [INFO] [1774333463.083145950] [rplidar_node]: Start
[costmap_filter_info_server-9] [INFO] [1774333463.089574925] [costmap_filter_info_server]: This is costmap filter info publisher
[robot_state_publisher-1] [INFO] [1774333463.091301237] [robot_state_publisher]: Robot initialized
[costmap_filter_info_server-9] [INFO] [1774333463.134252256] [keepout_costmap_filter_info_server]: 
[costmap_filter_info_server-9] 	keepout_costmap_filter_info_server lifecycle node launched. 
[costmap_filter_info_server-9] 	Waiting on external lifecycle transitions to activate
[map_server-8] [INFO] [1774333463.134936189] [keepout_filter_mask_server]: 
[map_server-8] 	keepout_filter_mask_server lifecycle node launched. 
[map_server-8] 	Waiting on external lifecycle transitions to activate
[map_server-8] 	See https://design.ros2.org/articles/node_lifecycle.html for more information.
[map_server-8] [INFO] [1774333463.135040602] [keepout_filter_mask_server]: Creating
[costmap_filter_info_server-9] 	See https://design.ros2.org/articles/node_lifecycle.html for more information.
[localization_slam_toolbox_node-7] [INFO] [1774333463.142431458] [slam_toolbox]: Node using stack size 40000000
[smoother_server-11] [INFO] [1774333463.168679627] [smoother_server]: 
[smoother_server-11] 	smoother_server lifecycle node launched. 
[smoother_server-11] 	Waiting on external lifecycle transitions to activate
[smoother_server-11] 	See https://design.ros2.org/articles/node_lifecycle.html for more information.
[smoother_server-11] [INFO] [1774333463.175089643] [smoother_server]: Creating smoother server
[planner_server-12] [INFO] [1774333463.215037772] [planner_server]: 
[planner_server-12] 	planner_server lifecycle node launched. 
[planner_server-12] 	Waiting on external lifecycle transitions to activate
[planner_server-12] 	See https://design.ros2.org/articles/node_lifecycle.html for more information.
[planner_server-12] [INFO] [1774333463.221364375] [planner_server]: Creating
[planner_server-12] [INFO] [1774333463.226849842] [global_costmap.global_costmap]: 
[planner_server-12] 	global_costmap lifecycle node launched. 
[planner_server-12] 	Waiting on external lifecycle transitions to activate
[planner_server-12] 	See https://design.ros2.org/articles/node_lifecycle.html for more information.
[planner_server-12] [INFO] [1774333463.229746569] [global_costmap.global_costmap]: Creating Costmap
[bt_navigator-14] [INFO] [1774333463.244821979] [bt_navigator]: 
[bt_navigator-14] 	bt_navigator lifecycle node launched. 
[bt_navigator-14] 	Waiting on external lifecycle transitions to activate
[bt_navigator-14] 	See https://design.ros2.org/articles/node_lifecycle.html for more information.
[rplidar_node-3] [INFO] [1774333463.250566145] [rplidar_node]: current scan mode: Sensitivity, sample rate: 32 Khz, max_distance: 30.0 m, scan frequency:10.0 Hz, 
[bt_navigator-14] [INFO] [1774333463.251683771] [bt_navigator]: Creating
[behavior_server-13] [INFO] [1774333463.277879441] [behavior_server]: 
[localization_slam_toolbox_node-7] [INFO] [1774333463.281325941] [slam_toolbox]: Configuring
[behavior_server-13] 	behavior_server lifecycle node launched. 
[behavior_server-13] 	Waiting on external lifecycle transitions to activate
[behavior_server-13] 	See https://design.ros2.org/articles/node_lifecycle.html for more information.
[controller_server-10] [INFO] [1774333463.304288313] [controller_server]: 
[controller_server-10] 	controller_server lifecycle node launched. 
[controller_server-10] 	Waiting on external lifecycle transitions to activate
[controller_server-10] 	See https://design.ros2.org/articles/node_lifecycle.html for more information.
[controller_server-10] [INFO] [1774333463.330589855] [controller_server]: Creating controller server
[lifecycle_manager-19] [INFO] [1774333463.340934603] [lifecycle_manager_navigation]: Creating
[lifecycle_manager-19] [INFO] [1774333463.358823910] [lifecycle_manager_navigation]: [34m[1mCreating and initializing lifecycle service clients[0m[0m
[velocity_smoother-16] [INFO] [1774333463.399122901] [velocity_smoother]: 
[velocity_smoother-16] 	velocity_smoother lifecycle node launched. 
[velocity_smoother-16] 	Waiting on external lifecycle transitions to activate
[velocity_smoother-16] 	See https://design.ros2.org/articles/node_lifecycle.html for more information.
[localization_slam_toolbox_node-7] [INFO] [1774333463.430081898] [slam_toolbox]: Using solver plugin solver_plugins::CeresSolver
[controller_server-10] [INFO] [1774333463.438279475] [local_costmap.local_costmap]: 
[controller_server-10] 	local_costmap lifecycle node launched. 
[controller_server-10] 	Waiting on external lifecycle transitions to activate
[controller_server-10] 	See https://design.ros2.org/articles/node_lifecycle.html for more information.
[localization_slam_toolbox_node-7] [INFO] [1774333463.450683314] [slam_toolbox]: CeresSolver: Using SCHUR_JACOBI preconditioner.
[controller_server-10] [INFO] [1774333463.463005491] [local_costmap.local_costmap]: Creating Costmap
[collision_monitor-17] [INFO] [1774333463.485570919] [collision_monitor]: 
[collision_monitor-17] 	collision_monitor lifecycle node launched. 
[collision_monitor-17] 	Waiting on external lifecycle transitions to activate
[collision_monitor-17] 	See https://design.ros2.org/articles/node_lifecycle.html for more information.
[waypoint_follower-15] [INFO] [1774333463.498086463] [waypoint_follower]: 
[waypoint_follower-15] 	waypoint_follower lifecycle node launched. 
[waypoint_follower-15] 	Waiting on external lifecycle transitions to activate
[waypoint_follower-15] 	See https://design.ros2.org/articles/node_lifecycle.html for more information.
[waypoint_follower-15] [INFO] [1774333463.542050112] [waypoint_follower]: Creating
[collision_detector-18] [INFO] [1774333463.595817487] [collision_detector]: 
[collision_detector-18] 	collision_detector lifecycle node launched. 
[collision_detector-18] 	Waiting on external lifecycle transitions to activate
[collision_detector-18] 	See https://design.ros2.org/articles/node_lifecycle.html for more information.
[lifecycle_manager-19] [INFO] [1774333463.778274300] [lifecycle_manager_navigation]: [34m[1mStarting managed nodes bringup...[0m[0m
[lifecycle_manager-19] [INFO] [1774333463.778421586] [lifecycle_manager_navigation]: [34m[1mConfiguring controller_server[0m[0m
[controller_server-10] [INFO] [1774333463.796961286] [controller_server]: Configuring controller interface
[controller_server-10] [INFO] [1774333463.797080282] [controller_server]: getting progress checker plugins..
[controller_server-10] [INFO] [1774333463.797865420] [controller_server]: getting goal checker plugins..
[controller_server-10] [INFO] [1774333463.799172622] [controller_server]: Controller frequency set to 10.0000Hz
[controller_server-10] [INFO] [1774333463.799350532] [local_costmap.local_costmap]: Configuring
[controller_server-10] [INFO] [1774333463.830721931] [local_costmap.local_costmap]: Using plugin "obstacle_layer"
[controller_server-10] [INFO] [1774333463.856346832] [local_costmap.local_costmap]: Subscribed to Topics: scan
[controller_server-10] [INFO] [1774333463.874776285] [local_costmap.local_costmap]: Initialized plugin "obstacle_layer"
[controller_server-10] [INFO] [1774333463.875523800] [local_costmap.local_costmap]: Using plugin "denoise_layer"
[controller_server-10] [INFO] [1774333463.879725688] [local_costmap.local_costmap]: Initialized plugin "denoise_layer"
[controller_server-10] [INFO] [1774333463.880515201] [local_costmap.local_costmap]: Using plugin "inflation_layer"
[controller_server-10] [INFO] [1774333463.885245279] [local_costmap.local_costmap]: Initialized plugin "inflation_layer"
[controller_server-10] [INFO] [1774333463.885950212] [local_costmap.local_costmap]: Using costmap filter "keepout_filter"
[controller_server-10] [INFO] [1774333463.892596761] [local_costmap.local_costmap]: Initialized costmap filter "keepout_filter"
[controller_server-10] [INFO] [1774333463.892646343] [local_costmap.local_costmap]: Using costmap filter "inflation_layer"
[controller_server-10] [INFO] [1774333463.892761547] [local_costmap.local_costmap]: Initialized costmap filter "inflation_layer"
[controller_server-10] [INFO] [1774333463.960141093] [controller_server]: Created progress_checker : progress_checker of type nav2_controller::SimpleProgressChecker
[controller_server-10] [INFO] [1774333463.962804204] [controller_server]: Controller Server has progress_checker  progress checkers available.
[controller_server-10] [INFO] [1774333463.963958871] [controller_server]: Created goal checker : goal_checker of type nav2_controller::SimpleGoalChecker
[controller_server-10] [INFO] [1774333463.965821969] [controller_server]: Controller Server has goal_checker  goal checkers available.
[controller_server-10] [INFO] [1774333463.968948522] [controller_server]: Created controller : FollowPath of type nav2_mppi_controller::MPPIController
[controller_server-10] [INFO] [1774333463.981151703] [controller_server]: Controller period is equal to model dt. Control sequence shifting is ON
[controller_server-10] [INFO] [1774333463.986417844] [controller_server]: ConstraintCritic instantiated with 1 power and 4.000000 weight.
[controller_server-10] [INFO] [1774333463.986480259] [controller_server]: Critic loaded : mppi::critics::ConstraintCritic
[controller_server-10] [INFO] [1774333463.991756900] [controller_server]: InflationCostCritic instantiated with 1 power and 300.000000 / 0.015000 weights. Critic will collision check based on footprint cost.
[controller_server-10] [INFO] [1774333463.991844397] [controller_server]: Critic loaded : mppi::critics::CostCritic
[controller_server-10] [INFO] [1774333463.994479801] [controller_server]: GoalCritic instantiated with 1 power and 5.000000 weight.
[controller_server-10] [INFO] [1774333463.994534049] [controller_server]: Critic loaded : mppi::critics::GoalCritic
[controller_server-10] [INFO] [1774333463.996152156] [controller_server]: GoalAngleCritic instantiated with 1 power, 3.000000 weight, and 0.500000 angular threshold.
[controller_server-10] [INFO] [1774333463.996210488] [controller_server]: Critic loaded : mppi::critics::GoalAngleCritic
[controller_server-10] [INFO] [1774333463.999623155] [controller_server]: ReferenceTrajectoryCritic instantiated with 1 power and 2.000000 weight
[controller_server-10] [INFO] [1774333463.999673903] [controller_server]: Critic loaded : mppi::critics::PathAlignCritic
[controller_server-10] [INFO] [1774333464.001779660] [controller_server]: Critic loaded : mppi::critics::PathFollowCritic
[controller_server-10] [INFO] [1774333464.004837382] [controller_server]: PathAngleCritic instantiated with 1 power and 1.500000 weight. Mode set to: Forward Preference
[controller_server-10] [INFO] [1774333464.004889005] [controller_server]: Critic loaded : mppi::critics::PathAngleCritic
[controller_server-10] [INFO] [1774333464.006696106] [controller_server]: PreferForwardCritic instantiated with 1 power and 10.000000 weight.
[controller_server-10] [INFO] [1774333464.006747729] [controller_server]: Critic loaded : mppi::critics::PreferForwardCritic
[controller_server-10] [INFO] [1774333464.008380128] [controller_server]: Optimizer reset
[rplidar_node-3] [INFO] [1774333464.012687887] [rplidar_node]: set lidar scan frequency to 10.0 Hz(600.0 Rpm) 
[controller_server-10] [INFO] [1774333464.014629150] [MPPIController]: Configured MPPI Controller: FollowPath
[controller_server-10] [INFO] [1774333464.014663274] [controller_server]: Controller Server has FollowPath  controllers available.
[lifecycle_manager-19] [INFO] [1774333464.029978424] [lifecycle_manager_navigation]: [34m[1mConfiguring smoother_server[0m[0m
[smoother_server-11] [INFO] [1774333464.030957222] [smoother_server]: Configuring smoother server
[scan_to_scan_filter_chain-4] [WARN] [1774333464.067657469] [scan_to_scan_filter_chain]: diagnostic_updater: No HW_ID was set. This is probably a bug. Please report it. For devices that do not have a HW_ID, set this value to 'none'. This warning only occurs once all diagnostics are OK. It is okay to wait until the device is open before calling setHardwareID.
[smoother_server-11] [INFO] [1774333464.095784778] [smoother_server]: Created smoother : simple_smoother of type nav2_smoother::SimpleSmoother
[smoother_server-11] [INFO] [1774333464.105880160] [smoother_server]: Smoother Server has simple_smoother  smoothers available.
[joint_state_publisher-2] [INFO] [1774333464.108956548] [joint_state_publisher]: Waiting for robot_description to be published on the robot_description topic...
[lifecycle_manager-19] [INFO] [1774333464.126718693] [lifecycle_manager_navigation]: [34m[1mConfiguring planner_server[0m[0m
[localization_slam_toolbox_node-7] Load From File /home/smr/workspaces/mini_amr/amrROS2_ws/maps/latest_map.posegraph 
[localization_slam_toolbox_node-7] Mapper <- Module
[localization_slam_toolbox_node-7] Mapper <- m_pSequentialScanMatcher
[localization_slam_toolbox_node-7] Mapper <- m_pGraph
[localization_slam_toolbox_node-7] MapperGraph <- Graph; Graph <- m_Edges; Graph <- m_Vertices
[localization_slam_toolbox_node-7] MapperGraph <- m_pMapper; MapperGraph <- m_pLoopScanMatcher; MapperGraph <- m_pTraversal
[localization_slam_toolbox_node-7] Mapper <- m_pMapperSensorManager
[localization_slam_toolbox_node-7] MapperSensorManager <- m_ScanManagers; MapperSensorManager <- m_Scans
[localization_slam_toolbox_node-7] Mapper <- m_Listeners
[localization_slam_toolbox_node-7] **Finished serializing Mapper**
[localization_slam_toolbox_node-7] Load From File
[localization_slam_toolbox_node-7] **Serializing Dataset**
[localization_slam_toolbox_node-7] Dataset <- m_SensorNameLookup
[localization_slam_toolbox_node-7] Dataset <- m_Data
[localization_slam_toolbox_node-7] Dataset <- m_Lasers
[localization_slam_toolbox_node-7] Dataset <- m_pDatasetInfo
[localization_slam_toolbox_node-7] **Finished serializing Dataset**
[localization_slam_toolbox_node-7] Registering sensor: [Custom Described Lidar]
[planner_server-12] [INFO] [1774333464.127380169] [planner_server]: Configuring
[planner_server-12] [INFO] [1774333464.127486623] [global_costmap.global_costmap]: Configuring
[localization_slam_toolbox_node-7] WARNING: Logging before InitGoogleLogging() is written to STDERR
[localization_slam_toolbox_node-7] W20260324 13:24:24.128718 21331 preprocessor.cc:67] Specified options.num_threads: 50 exceeds maximum available from the threading model Ceres was compiled with: 8.  Bounding to maximum number available.
[INFO] [launch.user]: [LifecycleLaunch] Slamtoolbox node is activating.
[localization_slam_toolbox_node-7] [INFO] [1774333464.144371758] [slam_toolbox]: Activating
[planner_server-12] [INFO] [1774333464.152978528] [global_costmap.global_costmap]: Using plugin "static_layer"
[planner_server-12] [INFO] [1774333464.165785437] [global_costmap.global_costmap]: Subscribing to the map topic (/map) with transient local durability
[planner_server-12] [INFO] [1774333464.168606334] [global_costmap.global_costmap]: Initialized plugin "static_layer"
[planner_server-12] [INFO] [1774333464.168663207] [global_costmap.global_costmap]: Using plugin "obstacle_layer"
[planner_server-12] [INFO] [1774333464.175603454] [global_costmap.global_costmap]: Subscribed to Topics: scan
[planner_server-12] [INFO] [1774333464.187664306] [global_costmap.global_costmap]: Initialized plugin "obstacle_layer"
[planner_server-12] [INFO] [1774333464.187722346] [global_costmap.global_costmap]: Using plugin "inflation_layer"
[planner_server-12] [INFO] [1774333464.191212885] [global_costmap.global_costmap]: Initialized plugin "inflation_layer"
[planner_server-12] [INFO] [1774333464.191264217] [global_costmap.global_costmap]: Using costmap filter "keepout_filter"
[planner_server-12] [INFO] [1774333464.198905605] [global_costmap.global_costmap]: Initialized costmap filter "keepout_filter"
[planner_server-12] [INFO] [1774333464.198963645] [global_costmap.global_costmap]: Using costmap filter "inflation_layer2"
[planner_server-12] [INFO] [1774333464.205526197] [global_costmap.global_costmap]: Initialized costmap filter "inflation_layer2"
[localization_slam_toolbox_node-7] Registering sensor: [Custom Described Lidar]
[planner_server-12] [INFO] [1774333464.264287599] [planner_server]: Created global planner plugin GridBased of type nav2_smac_planner::SmacPlanner2D
[planner_server-12] [INFO] [1774333464.264352930] [planner_server]: Configuring GridBased of type SmacPlanner2D
[planner_server-12] [ERROR] [1774333464.270305338] [planner_server]: Inflation layer either not found or inflation is not set sufficiently for optimized non-circular collision checking capabilities. It is HIGHLY recommended to set the inflation radius to be at MINIMUM half of the robot's largest cross-section. See github.com/ros-planning/navigation2/tree/main/nav2_smac_planner#potential-fields for full instructions. This will substantially impact run-time performance.
[planner_server-12] [INFO] [1774333464.274354691] [planner_server]: Configured plugin GridBased of type SmacPlanner2D with tolerance 0.12, maximum iterations 1000000, max on approach iterations 1000, and not allowing unknown traversal.
[planner_server-12] [INFO] [1774333464.274422647] [planner_server]: Planner Server has GridBased  planners available.
[lifecycle_manager-19] [INFO] [1774333464.295228805] [lifecycle_manager_navigation]: [34m[1mConfiguring behavior_server[0m[0m
[behavior_server-13] [INFO] [1774333464.295981278] [behavior_server]: Configuring
[behavior_server-13] [INFO] [1774333464.313941749] [behavior_server]: Creating behavior plugin wait of type nav2_behaviors::Wait
[behavior_server-13] [INFO] [1774333464.346962171] [behavior_server]: Configuring wait
[lifecycle_manager-19] [INFO] [1774333464.360914996] [lifecycle_manager_navigation]: [34m[1mConfiguring velocity_smoother[0m[0m
[velocity_smoother-16] [INFO] [1774333464.361232318] [velocity_smoother]: Configuring velocity smoother
[lifecycle_manager-19] [INFO] [1774333464.367980364] [lifecycle_manager_navigation]: [34m[1mConfiguring collision_monitor[0m[0m
[collision_monitor-17] [INFO] [1774333464.369299524] [collision_monitor]: Configuring
[collision_monitor-17] [INFO] [1774333464.389444791] [collision_monitor]: [scan]: Creating Scan
[collision_monitor-17] [INFO] [1774333464.397430625] [collision_monitor]: [PolygonStop]: Creating Polygon
[collision_monitor-17] [INFO] [1774333464.397481665] [collision_monitor]: [PolygonStop]: Creating Circle
[collision_monitor-17] [INFO] [1774333464.401332983] [collision_monitor]: [PolygonSlow]: Creating Polygon
[collision_monitor-17] [INFO] [1774333464.405722990] [collision_monitor]: [FootprintApproach]: Creating Polygon
[collision_monitor-17] [INFO] [1774333464.406889030] [collision_monitor]: [FootprintApproach]: Polygon points are not defined. Using dynamic subscription instead.
[collision_monitor-17] [INFO] [1774333464.407915076] [collision_monitor]: [FootprintApproach]: Making footprint subscriber on /local_costmap/published_footprint topic
[lifecycle_manager-19] [INFO] [1774333464.427043338] [lifecycle_manager_navigation]: [34m[1mConfiguring collision_detector[0m[0m
[collision_detector-18] [INFO] [1774333464.427740688] [collision_detector]: Configuring
[collision_detector-18] [INFO] [1774333464.452878522] [collision_monitor]: [scan]: Creating Scan
[collision_detector-18] [INFO] [1774333464.456966956] [collision_monitor]: [PolygonStop]: Creating Polygon
[collision_detector-18] [INFO] [1774333464.457001080] [collision_monitor]: [PolygonStop]: Creating Circle
[collision_detector-18] [INFO] [1774333464.462261972] [collision_monitor]: [PolygonSlow]: Creating Polygon
[lifecycle_manager-19] [INFO] [1774333464.471782209] [lifecycle_manager_navigation]: [34m[1mConfiguring bt_navigator[0m[0m
[bt_navigator-14] [INFO] [1774333464.472861336] [bt_navigator]: Configuring
[bt_navigator-14] [INFO] [1774333464.493755867] [bt_navigator]: Creating navigator id navigate_to_pose of type nav2_bt_navigator::NavigateToPoseNavigator
[planner_server-12] [INFO] [1774333464.519541761] [global_costmap.global_costmap]: StaticLayer: Resizing costmap to 787 X 922 at 0.050000 m/pix
[bt_navigator-14] [INFO] [1774333464.623059241] [bt_navigator]: Creating navigator id navigate_through_poses of type nav2_bt_navigator::NavigateThroughPosesNavigator
[lifecycle_manager-19] [INFO] [1774333464.679105908] [lifecycle_manager_navigation]: [34m[1mConfiguring waypoint_follower[0m[0m
[waypoint_follower-15] [INFO] [1774333464.679413022] [waypoint_follower]: Configuring
[waypoint_follower-15] [INFO] [1774333464.726863418] [waypoint_follower]: Created waypoint_task_executor : wait_at_waypoint of type nav2_waypoint_follower::WaitAtWaypoint
[lifecycle_manager-19] [INFO] [1774333464.729887600] [lifecycle_manager_navigation]: [34m[1mConfiguring keepout_filter_mask_server[0m[0m
[map_server-8] [INFO] [1774333464.730274336] [keepout_filter_mask_server]: Configuring
[map_server-8] [INFO] [1774333464.730450496] [map_io]: Loading yaml file: /home/smr/workspaces/mini_amr/amrROS2_ws/maps/latest_map_keepout.yaml
[map_server-8] [INFO] [1774333464.731216676] [map_io]: resolution: 0.05
[map_server-8] [INFO] [1774333464.731250217] [map_io]: origin[0]: -26.12
[map_server-8] [INFO] [1774333464.731270341] [map_io]: origin[1]: -29.258
[map_server-8] [INFO] [1774333464.731287257] [map_io]: origin[2]: 0
[map_server-8] [INFO] [1774333464.731304757] [map_io]: free_thresh: 0.196
[map_server-8] [INFO] [1774333464.731321964] [map_io]: occupied_thresh: 0.65
[map_server-8] [INFO] [1774333464.731341505] [map_io]: mode: trinary
[map_server-8] [INFO] [1774333464.731359880] [map_io]: negate: 0
[map_server-8] [INFO] [1774333464.731892152] [map_io]: Loading image_file: /home/smr/workspaces/mini_amr/amrROS2_ws/maps/latest_map_keepout.pgm
[map_server-8] [INFO] [1774333464.778116135] [map_io]: Read map /home/smr/workspaces/mini_amr/amrROS2_ws/maps/latest_map_keepout.pgm: 787 X 922 map @ 0.05 m/cell
[lifecycle_manager-19] [INFO] [1774333464.795923486] [lifecycle_manager_navigation]: [34m[1mConfiguring keepout_costmap_filter_info_server[0m[0m
[costmap_filter_info_server-9] [INFO] [1774333464.796333846] [keepout_costmap_filter_info_server]: Configuring
[lifecycle_manager-19] [INFO] [1774333464.805290604] [lifecycle_manager_navigation]: [34m[1mActivating controller_server[0m[0m
[controller_server-10] [INFO] [1774333464.805839209] [controller_server]: Activating
[controller_server-10] [INFO] [1774333464.805888499] [local_costmap.local_costmap]: Activating
[controller_server-10] [INFO] [1774333464.805902498] [local_costmap.local_costmap]: Checking transform
[controller_server-10] [INFO] [1774333464.806064367] [local_costmap.local_costmap]: start
[controller_server-10] [INFO] [1774333464.806728176] [local_costmap.local_costmap]: KeepoutFilter: Subscribing to "/keepout_costmap_filter_info" topic for filter info...
[controller_server-10] [WARN] [1774333464.908838124] [local_costmap.local_costmap]: KeepoutFilter: Filter mask was not received
[controller_server-10] [WARN] [1774333464.959241538] [controller_server]: Parameter controller_server.verbose not found
[controller_server-10] [INFO] [1774333464.959764769] [controller_server]: Optimizer reset
[controller_server-10] [INFO] [1774333464.960065175] [MPPIController]: Activated MPPI Controller: FollowPath
[controller_server-10] [INFO] [1774333464.960095216] [controller_server]: Creating bond (controller_server) to lifecycle manager.
[lifecycle_manager-19] [INFO] [1774333465.065347174] [lifecycle_manager_navigation]: Server controller_server connected with bond.
[lifecycle_manager-19] [INFO] [1774333465.065452462] [lifecycle_manager_navigation]: [34m[1mActivating smoother_server[0m[0m
[smoother_server-11] [INFO] [1774333465.066142520] [smoother_server]: Activating
[smoother_server-11] [INFO] [1774333465.066262390] [smoother_server]: Creating bond (smoother_server) to lifecycle manager.
[lifecycle_manager-19] [INFO] [1774333465.184725784] [lifecycle_manager_navigation]: Server smoother_server connected with bond.
[lifecycle_manager-19] [INFO] [1774333465.184773324] [lifecycle_manager_navigation]: [34m[1mActivating planner_server[0m[0m
[planner_server-12] [INFO] [1774333465.185211975] [planner_server]: Activating
[planner_server-12] [INFO] [1774333465.185328929] [global_costmap.global_costmap]: Activating
[planner_server-12] [INFO] [1774333465.185367136] [global_costmap.global_costmap]: Checking transform
[planner_server-12] [INFO] [1774333465.185684458] [global_costmap.global_costmap]: start
[planner_server-12] [INFO] [1774333465.187763674] [global_costmap.global_costmap]: KeepoutFilter: Subscribing to "/keepout_costmap_filter_info" topic for filter info...
[planner_server-12] [WARN] [1774333465.734321268] [global_costmap.global_costmap]: KeepoutFilter: Filter mask was not received
[planner_server-12] [INFO] [1774333465.792182910] [planner_server]: Activating plugin GridBased of type SmacPlanner2D
[planner_server-12] [INFO] [1774333465.795231591] [planner_server]: Creating bond (planner_server) to lifecycle manager.
[lifecycle_manager-19] [INFO] [1774333465.905725192] [lifecycle_manager_navigation]: Server planner_server connected with bond.
[lifecycle_manager-19] [INFO] [1774333465.905792564] [lifecycle_manager_navigation]: [34m[1mActivating behavior_server[0m[0m
[behavior_server-13] [INFO] [1774333465.906379376] [behavior_server]: Activating
[behavior_server-13] [INFO] [1774333465.906461623] [behavior_server]: Activating wait
[behavior_server-13] [INFO] [1774333465.906531621] [behavior_server]: Creating bond (behavior_server) to lifecycle manager.
[lifecycle_manager-19] [INFO] [1774333466.017758445] [lifecycle_manager_navigation]: Server behavior_server connected with bond.
[lifecycle_manager-19] [INFO] [1774333466.017893481] [lifecycle_manager_navigation]: [34m[1mActivating velocity_smoother[0m[0m
[velocity_smoother-16] [INFO] [1774333466.018993608] [velocity_smoother]: Activating
[velocity_smoother-16] [INFO] [1774333466.019117853] [velocity_smoother]: Creating bond (velocity_smoother) to lifecycle manager.
[lifecycle_manager-19] [INFO] [1774333466.125288528] [lifecycle_manager_navigation]: Server velocity_smoother connected with bond.
[lifecycle_manager-19] [INFO] [1774333466.125348901] [lifecycle_manager_navigation]: [34m[1mActivating collision_monitor[0m[0m
[collision_monitor-17] [INFO] [1774333466.125702388] [collision_monitor]: Activating
[collision_monitor-17] [INFO] [1774333466.125747887] [collision_monitor]: Creating bond (collision_monitor) to lifecycle manager.
[lifecycle_manager-19] [INFO] [1774333466.232300339] [lifecycle_manager_navigation]: Server collision_monitor connected with bond.
[lifecycle_manager-19] [INFO] [1774333466.232353712] [lifecycle_manager_navigation]: [34m[1mActivating collision_detector[0m[0m
[collision_detector-18] [INFO] [1774333466.232851569] [collision_detector]: Activating
[collision_detector-18] [INFO] [1774333466.232937024] [collision_detector]: Creating bond (collision_detector) to lifecycle manager.
[lifecycle_manager-19] [INFO] [1774333466.379707387] [lifecycle_manager_navigation]: Server collision_detector connected with bond.
[lifecycle_manager-19] [INFO] [1774333466.379759594] [lifecycle_manager_navigation]: [34m[1mActivating bt_navigator[0m[0m
[bt_navigator-14] [INFO] [1774333466.380137580] [bt_navigator]: Activating
[bt_navigator-14] [INFO] [1774333466.519932405] [bt_navigator]: Creating bond (bt_navigator) to lifecycle manager.
[lifecycle_manager-19] [INFO] [1774333466.628472785] [lifecycle_manager_navigation]: Server bt_navigator connected with bond.
[lifecycle_manager-19] [INFO] [1774333466.628523533] [lifecycle_manager_navigation]: [34m[1mActivating waypoint_follower[0m[0m
[waypoint_follower-15] [INFO] [1774333466.629076513] [waypoint_follower]: Activating
[waypoint_follower-15] [INFO] [1774333466.629124636] [waypoint_follower]: Creating bond (waypoint_follower) to lifecycle manager.
[lifecycle_manager-19] [INFO] [1774333466.735112443] [lifecycle_manager_navigation]: Server waypoint_follower connected with bond.
[lifecycle_manager-19] [INFO] [1774333466.735188274] [lifecycle_manager_navigation]: [34m[1mActivating keepout_filter_mask_server[0m[0m
[map_server-8] [INFO] [1774333466.736181946] [keepout_filter_mask_server]: Activating
[map_server-8] [INFO] [1774333466.738009462] [keepout_filter_mask_server]: Creating bond (keepout_filter_mask_server) to lifecycle manager.
[lifecycle_manager-19] [INFO] [1774333466.854099943] [lifecycle_manager_navigation]: Server keepout_filter_mask_server connected with bond.
[lifecycle_manager-19] [INFO] [1774333466.854219522] [lifecycle_manager_navigation]: [34m[1mActivating keepout_costmap_filter_info_server[0m[0m
[costmap_filter_info_server-9] [INFO] [1774333466.855221069] [keepout_costmap_filter_info_server]: Activating
[costmap_filter_info_server-9] [INFO] [1774333466.855349981] [keepout_costmap_filter_info_server]: Creating bond (keepout_costmap_filter_info_server) to lifecycle manager.
[planner_server-12] [INFO] [1774333466.855543348] [global_costmap.global_costmap]: KeepoutFilter: Received filter info from /keepout_costmap_filter_info topic.
[planner_server-12] [INFO] [1774333466.855590597] [global_costmap.global_costmap]: KeepoutFilter: Subscribing to "/keepout_filter_mask" topic for filter mask...
[controller_server-10] [INFO] [1774333466.855540140] [local_costmap.local_costmap]: KeepoutFilter: Received filter info from /keepout_costmap_filter_info topic.
[controller_server-10] [INFO] [1774333466.855651553] [local_costmap.local_costmap]: KeepoutFilter: Subscribing to "/keepout_filter_mask" topic for filter mask...
[controller_server-10] [INFO] [1774333466.882496450] [local_costmap.local_costmap]: KeepoutFilter: Received filter mask from /keepout_filter_mask topic.
[planner_server-12] [INFO] [1774333466.899276297] [global_costmap.global_costmap]: KeepoutFilter: Received filter mask from /keepout_filter_mask topic.
[lifecycle_manager-19] [INFO] [1774333466.963242884] [lifecycle_manager_navigation]: Server keepout_costmap_filter_info_server connected with bond.
[lifecycle_manager-19] [INFO] [1774333466.963292466] [lifecycle_manager_navigation]: [34m[1mManaged nodes are active[0m[0m
[lifecycle_manager-19] [INFO] [1774333466.963306757] [lifecycle_manager_navigation]: [34m[1mCreating bond timer...[0m[0m
[INFO] [delivery_robot_main_controller-20]: process started with pid [21598]
[INFO] [robot_sound-21]: process started with pid [21599]
[INFO] [call_robot_button-22]: process started with pid [21600]
[INFO] [rpc_run_node-23]: process started with pid [21601]
[INFO] [dock_coordinates-24]: process started with pid [21602]
[INFO] [autodock_action_server-25]: process started with pid [21603]
[INFO] [battery_manager_node-26]: process started with pid [21604]
[dock_coordinates-24] [INFO] [1774333468.212427596] [dock_coordinates]: begin dock_coordinates
[dock_coordinates-24] [INFO] [1774333468.213138070] [dock coordinates]: max_alignment_error: 0.010000
[dock_coordinates-24] [INFO] [1774333468.213180944] [dock coordinates]: minimum_point_cloud: 5
[dock_coordinates-24] [INFO] [1774333468.213196402] [dock coordinates]: point_cloud_split_dist: 0.050000
[dock_coordinates-24] [INFO] [1774333468.213213318] [dock coordinates]: max_dock_width: 0.380000
[dock_coordinates-24] [INFO] [1774333468.213228776] [dock coordinates]: min_dock_width: 0.310000
[dock_coordinates-24] [INFO] [1774333468.213244233] [dock coordinates]: range_limit: 1.200000
[robot_sound-21] [0m[INFO] [1774333469.345366084] [robot_sound_node]: ✅ robot_sound_node started using .wav files[0m
[robot_sound-21] [0m[INFO] [1774333469.348136233] [robot_sound_node]: Sound volume set to 100% (API).[0m
[rpc_run_node-23] [0m[INFO] [1774333469.679787362] [rpc_run_node]: RPC run node started; RPC bridge configured.[0m
[rpc_run_node-23] 2026-03-24 13:24:29,684 [INFO] RPCServer listening on localhost:6000
[battery_manager_node-26] [INFO] [1774333469.738051199] [battery_manager]: SOC limits from API: target=1.00, resume=0.95
[battery_manager_node-26] [INFO] [1774333469.739848092] [battery_manager]: IR state: IDLE -> READY (10)
[autodock_action_server-25] [INFO] [1774333469.989034641] [autodock_action_server]: auto_dock_init_start
[autodock_action_server-25] [INFO] [1774333470.074687313] [autodock_action_server]: auto_dock_init_complete
[autodock_action_server-25] [INFO] [1774333470.113726058] [charge_status]: IR Charge State: READY (10)
[battery_manager_node-26] [INFO] [1774333470.206627549] [battery_manager]: Charger READY; starting charge
[battery_manager_node-26] [INFO] [1774333470.309768501] [battery_manager]: State change: IDLE_ON_DOCK -> CHARGING
[delivery_robot_main_controller-20] [0m[INFO] [1774333470.449561285] [main_controller_node]: Delivery Robot Main Controller Node started.[0m
[delivery_robot_main_controller-20] [0m[INFO] [1774333470.475098396] [main_controller_node]: Initial state: STANDBY[0m
[delivery_robot_main_controller-20] [0m[INFO] [1774333470.479746227] [main_controller_node]: setting_batteryLowToCharge: 40[0m
[delivery_robot_main_controller-20] [33m[WARN] [1774333470.497851068] [rcl.logging_rosout]: Publisher already registered for node name: 'main_controller_node'. If this is due to multiple nodes with the same name then all logs for the logger named 'main_controller_node' will go out over the existing publisher. As soon as any node with that name is destructed it will unregister the publisher, preventing any further logs for that name from being published on the rosout topic.[0m
[delivery_robot_main_controller-20] [33m[WARN] [1774333470.541147116] [main_controller_node]: slam_toolbox_msgs not available; initial pose service calls will be skipped.[0m
[battery_manager_node-26] [INFO] [1774333470.701723309] [battery_manager]: State change: CHARGING -> IDLE_ON_DOCK
[battery_manager_node-26] [INFO] [1774333470.702619860] [battery_manager]: Charger READY; starting charge
[battery_manager_node-26] [INFO] [1774333470.806069384] [battery_manager]: State change: IDLE_ON_DOCK -> CHARGING
[battery_manager_node-26] [INFO] [1774333471.203094632] [battery_manager]: State change: CHARGING -> IDLE_ON_DOCK
[battery_manager_node-26] [INFO] [1774333471.206460926] [battery_manager]: Charger READY; starting charge
[autodock_action_server-25] [INFO] [1774333471.252434960] [charge_status]: IR Charge State: CHARGING (11)
[battery_manager_node-26] [INFO] [1774333471.308431171] [battery_manager]: State change: IDLE_ON_DOCK -> CHARGING
[battery_manager_node-26] [INFO] [1774333471.309610628] [battery_manager]: IR state: READY -> CHARGING (11)
[delivery_robot_main_controller-20] [0m[INFO] [1774333471.685326319] [main_controller_node]: Waiting for Nav2 system...[0m
[INFO] [bash-27]: process started with pid [21706]
[bash-27]   File "/home/smr/workspaces/mini_amr/amrROS2_UI/ICEAMR/main.py", line 74
[bash-27]     self.setWindowFlags(Qt.FramelessWindowHint)
[bash-27] TabError: inconsistent use of tabs and spaces in indentation
[ERROR] [bash-27]: process has died [pid 21706, exit code 1, cmd '/bin/bash -c cd /home/smr/workspaces/mini_amr/amrROS2_UI/ICEAMR && source ../env/bin/activate && python main.py'].
[INFO] [battery_manager_node-26]: sending signal 'SIGINT' to process[battery_manager_node-26]
[INFO] [autodock_action_server-25]: sending signal 'SIGINT' to process[autodock_action_server-25]
[INFO] [dock_coordinates-24]: sending signal 'SIGINT' to process[dock_coordinates-24]
[INFO] [rpc_run_node-23]: sending signal 'SIGINT' to process[rpc_run_node-23]
[INFO] [call_robot_button-22]: sending signal 'SIGINT' to process[call_robot_button-22]
[INFO] [robot_sound-21]: sending signal 'SIGINT' to process[robot_sound-21]
[INFO] [delivery_robot_main_controller-20]: sending signal 'SIGINT' to process[delivery_robot_main_controller-20]
[INFO] [lifecycle_manager-19]: sending signal 'SIGINT' to process[lifecycle_manager-19]
[INFO] [dock_coordinates-24]: process has finished cleanly [pid 21602]
[INFO] [collision_detector-18]: sending signal 'SIGINT' to process[collision_detector-18]
[INFO] [collision_monitor-17]: sending signal 'SIGINT' to process[collision_monitor-17]
[INFO] [velocity_smoother-16]: sending signal 'SIGINT' to process[velocity_smoother-16]
[INFO] [waypoint_follower-15]: sending signal 'SIGINT' to process[waypoint_follower-15]
[INFO] [bt_navigator-14]: sending signal 'SIGINT' to process[bt_navigator-14]
[INFO] [behavior_server-13]: sending signal 'SIGINT' to process[behavior_server-13]
[INFO] [planner_server-12]: sending signal 'SIGINT' to process[planner_server-12]
[INFO] [smoother_server-11]: sending signal 'SIGINT' to process[smoother_server-11]
[INFO] [controller_server-10]: sending signal 'SIGINT' to process[controller_server-10]
[INFO] [costmap_filter_info_server-9]: sending signal 'SIGINT' to process[costmap_filter_info_server-9]
[INFO] [map_server-8]: sending signal 'SIGINT' to process[map_server-8]
[INFO] [localization_slam_toolbox_node-7]: sending signal 'SIGINT' to process[localization_slam_toolbox_node-7]
[INFO] [robot_hardware-6]: sending signal 'SIGINT' to process[robot_hardware-6]
[INFO] [ekf_node-5]: sending signal 'SIGINT' to process[ekf_node-5]
[INFO] [scan_to_scan_filter_chain-4]: sending signal 'SIGINT' to process[scan_to_scan_filter_chain-4]
[INFO] [rplidar_node-3]: sending signal 'SIGINT' to process[rplidar_node-3]
[INFO] [joint_state_publisher-2]: sending signal 'SIGINT' to process[joint_state_publisher-2]
[INFO] [robot_state_publisher-1]: sending signal 'SIGINT' to process[robot_state_publisher-1]
[battery_manager_node-26] Traceback (most recent call last):
[battery_manager_node-26]   File "/home/smr/workspaces/mini_amr/amrROS2_ws/install/battery_management/lib/battery_management/battery_manager_node", line 33, in <module>
[battery_manager_node-26]     sys.exit(load_entry_point('battery-management==0.0.0', 'console_scripts', 'battery_manager_node')())
[battery_manager_node-26]              ^^^^^^^^^^^^^^^^^^^^^^^^^^^^^^^^^^^^^^^^^^^^^^^^^^^^^^^^^^^^^^^^^^^^^^^^^^^^^^^^^^^^^^^^^^
[battery_manager_node-26]   File "/home/smr/workspaces/mini_amr/amrROS2_ws/install/battery_management/lib/python3.12/site-packages/battery_management/battery_manager_node.py", line 311, in main
[battery_manager_node-26]     rclpy.spin(node)
[battery_manager_node-26]   File "/opt/ros/jazzy/lib/python3.12/site-packages/rclpy/__init__.py", line 247, in spin
[battery_manager_node-26]     executor.spin_once()
[battery_manager_node-26]   File "/opt/ros/jazzy/lib/python3.12/site-packages/rclpy/executors.py", line 845, in spin_once
[battery_manager_node-26]     self._spin_once_impl(timeout_sec)
[battery_manager_node-26]   File "/opt/ros/jazzy/lib/python3.12/site-packages/rclpy/executors.py", line 829, in _spin_once_impl
[battery_manager_node-26]     handler, entity, node = self.wait_for_ready_callbacks(
[battery_manager_node-26]                             ^^^^^^^^^^^^^^^^^^^^^^^^^^^^^^
[battery_manager_node-26]   File "/opt/ros/jazzy/lib/python3.12/site-packages/rclpy/executors.py", line 799, in wait_for_ready_callbacks
[battery_manager_node-26]     return next(self._cb_iter)
[battery_manager_node-26]            ^^^^^^^^^^^^^^^^^^^
[battery_manager_node-26]   File "/opt/ros/jazzy/lib/python3.12/site-packages/rclpy/executors.py", line 703, in _wait_for_ready_callbacks
[battery_manager_node-26]     wait_set.wait(timeout_nsec)
[battery_manager_node-26] KeyboardInterrupt
[dock_coordinates-24] [INFO] [1774333473.428007349] [rclcpp]: signal_handler(signum=2)
[rpc_run_node-23] [0m[INFO] [1774333473.433783597] [rpc_run_node]: RPC run node stopped by user.[0m
[rpc_run_node-23] Failed to publish log message to rosout: publisher's context is invalid, at ./src/rcl/publisher.c:423
[rpc_run_node-23] 2026-03-24 13:24:33,435 [INFO] RPCServer stopped.
[delivery_robot_main_controller-20] Traceback (most recent call last):
[delivery_robot_main_controller-20]   File "/home/smr/workspaces/mini_amr/amrROS2_ws/install/delivery_robot_main_controller/lib/delivery_robot_main_controller/delivery_robot_main_controller", line 33, in <module>
[delivery_robot_main_controller-20]     sys.exit(load_entry_point('delivery-robot-main-controller==0.0.1', 'console_scripts', 'delivery_robot_main_controller')())
[delivery_robot_main_controller-20]              ^^^^^^^^^^^^^^^^^^^^^^^^^^^^^^^^^^^^^^^^^^^^^^^^^^^^^^^^^^^^^^^^^^^^^^^^^^^^^^^^^^^^^^^^^^^^^^^^^^^^^^^^^^^^^^^^
[delivery_robot_main_controller-20]   File "/home/smr/workspaces/mini_amr/amrROS2_ws/install/delivery_robot_main_controller/lib/python3.12/site-packages/delivery_robot_main_controller/main_controller_node.py", line 1735, in main
[delivery_robot_main_controller-20]     node = DeliveryRobotMainController()
[delivery_robot_main_controller-20]            ^^^^^^^^^^^^^^^^^^^^^^^^^^^^^
[delivery_robot_main_controller-20]   File "/home/smr/workspaces/mini_amr/amrROS2_ws/install/delivery_robot_main_controller/lib/python3.12/site-packages/delivery_robot_main_controller/main_controller_node.py", line 180, in __init__
[delivery_robot_main_controller-20]     self.navigator.waitUntilNav2Active()
[delivery_robot_main_controller-20]   File "/home/smr/workspaces/mini_amr/amrROS2_ws/install/delivery_robot_main_controller/lib/python3.12/site-packages/delivery_robot_main_controller/robot_navigator.py", line 258, in waitUntilNav2Active
[delivery_robot_main_controller-20]     self._waitForNodeToActivate(node_name)
[delivery_robot_main_controller-20]   File "/home/smr/workspaces/mini_amr/amrROS2_ws/install/delivery_robot_main_controller/lib/python3.12/site-packages/delivery_robot_main_controller/robot_navigator.py", line 430, in _waitForNodeToActivate
[delivery_robot_main_controller-20]     time.sleep(2)
[delivery_robot_main_controller-20] KeyboardInterrupt
[robot_sound-21] [0m[INFO] [1774333473.447235357] [robot_sound_node]: 🔚 robot_sound_node stopped by user.[0m
[robot_sound-21] Failed to publish log message to rosout: publisher's context is invalid, at ./src/rcl/publisher.c:423
[call_robot_button-22] [0m[INFO] [1774333473.483208505] [call_robot_button_node]: CallRobotButton interrupted by user.[0m
[call_robot_button-22] Failed to publish log message to rosout: publisher's context is invalid, at ./src/rcl/publisher.c:423
[collision_detector-18] [INFO] [1774333473.481062792] [rclcpp]: signal_handler(signum=2)
[collision_detector-18] [INFO] [1774333473.481401696] [collision_detector]: Running Nav2 LifecycleNode rcl preshutdown (collision_detector)
[collision_detector-18] [INFO] [1774333473.481614897] [collision_detector]: Deactivating
[lifecycle_manager-19] [INFO] [1774333473.484581039] [rclcpp]: signal_handler(signum=2)
[lifecycle_manager-19] [INFO] [1774333473.484755449] [lifecycle_manager_navigation]: Running Nav2 LifecycleManager rcl preshutdown (lifecycle_manager_navigation)
[collision_detector-18] [INFO] [1774333473.485913907] [collision_detector]: Destroying bond (collision_detector) to lifecycle manager.
[lifecycle_manager-19] [INFO] [1774333473.489816556] [lifecycle_manager_navigation]: [34m[1mTerminating bond timer...[0m[0m
[collision_monitor-17] [INFO] [1774333473.506972640] [rclcpp]: signal_handler(signum=2)
[collision_monitor-17] [INFO] [1774333473.507441623] [collision_monitor]: Running Nav2 LifecycleNode rcl preshutdown (collision_monitor)
[collision_monitor-17] [INFO] [1774333473.507801235] [collision_monitor]: Deactivating
[collision_monitor-17] [INFO] [1774333473.507825442] [collision_monitor]: Destroying bond (collision_monitor) to lifecycle manager.
[velocity_smoother-16] [INFO] [1774333473.507507829] [rclcpp]: signal_handler(signum=2)
[velocity_smoother-16] [INFO] [1774333473.507680197] [velocity_smoother]: Running Nav2 LifecycleNode rcl preshutdown (velocity_smoother)
[velocity_smoother-16] [INFO] [1774333473.507771486] [velocity_smoother]: Deactivating
[velocity_smoother-16] [INFO] [1774333473.507796860] [velocity_smoother]: Destroying bond (velocity_smoother) to lifecycle manager.
[collision_detector-18] [INFO] [1774333473.517174185] [collision_detector]: Cleaning up
[collision_detector-18] [INFO] [1774333473.517279765] [collision_monitor]: [PolygonStop]: Destroying Circle
[collision_detector-18] [INFO] [1774333473.517299014] [collision_monitor]: [PolygonStop]: Destroying Polygon
[collision_detector-18] [INFO] [1774333473.517321471] [collision_monitor]: [PolygonSlow]: Destroying Polygon
[collision_detector-18] [INFO] [1774333473.517342471] [collision_monitor]: [scan]: Destroying Scan
[collision_monitor-17] [INFO] [1774333473.518191481] [collision_monitor]: Cleaning up
[collision_monitor-17] [INFO] [1774333473.518244854] [collision_monitor]: [PolygonStop]: Destroying Circle
[collision_monitor-17] [INFO] [1774333473.518259146] [collision_monitor]: [PolygonStop]: Destroying Polygon
[collision_monitor-17] [INFO] [1774333473.518272270] [collision_monitor]: [PolygonSlow]: Destroying Polygon
[collision_monitor-17] [INFO] [1774333473.518283645] [collision_monitor]: [FootprintApproach]: Destroying Polygon
[collision_monitor-17] [INFO] [1774333473.518297352] [collision_monitor]: [scan]: Destroying Scan
[collision_monitor-17] [INFO] [1774333473.528350153] [collision_monitor]: Destroying bond (collision_monitor) to lifecycle manager.
[velocity_smoother-16] [INFO] [1774333473.518191773] [velocity_smoother]: Cleaning up
[velocity_smoother-16] [INFO] [1774333473.518249813] [velocity_smoother]: Destroying bond (velocity_smoother) to lifecycle manager.
[waypoint_follower-15] [INFO] [1774333473.529091543] [rclcpp]: signal_handler(signum=2)
[waypoint_follower-15] [INFO] [1774333473.529260412] [waypoint_follower]: Running Nav2 LifecycleNode rcl preshutdown (waypoint_follower)
[waypoint_follower-15] [INFO] [1774333473.529357241] [waypoint_follower]: Deactivating
[waypoint_follower-15] [INFO] [1774333473.529389323] [waypoint_follower]: Destroying bond (waypoint_follower) to lifecycle manager.
[collision_detector-18] [INFO] [1774333473.540019311] [collision_detector]: Destroying bond (collision_detector) to lifecycle manager.
[bt_navigator-14] [INFO] [1774333473.544695141] [rclcpp]: signal_handler(signum=2)
[bt_navigator-14] [INFO] [1774333473.544855260] [bt_navigator]: Running Nav2 LifecycleNode rcl preshutdown (bt_navigator)
[bt_navigator-14] [INFO] [1774333473.544952090] [bt_navigator]: Deactivating
[bt_navigator-14] [INFO] [1774333473.544984464] [bt_navigator]: Destroying bond (bt_navigator) to lifecycle manager.
[waypoint_follower-15] [INFO] [1774333473.549789497] [waypoint_follower]: Cleaning up
[bt_navigator-14] [INFO] [1774333473.556966277] [bt_navigator]: Cleaning up
[behavior_server-13] [INFO] [1774333473.608153372] [rclcpp]: signal_handler(signum=2)
[behavior_server-13] [INFO] [1774333473.608293950] [behavior_server]: Running Nav2 LifecycleNode rcl preshutdown (behavior_server)
[behavior_server-13] [INFO] [1774333473.608380863] [behavior_server]: Deactivating
[behavior_server-13] [INFO] [1774333473.608400987] [behavior_server]: Destroying bond (behavior_server) to lifecycle manager.
[behavior_server-13] [INFO] [1774333473.648807599] [behavior_server]: Cleaning up
[velocity_smoother-16] [INFO] [1774333473.611765532] [velocity_smoother]: Destroying
[collision_detector-18] [INFO] [1774333473.626650781] [collision_detector]: Destroying
[collision_monitor-17] [INFO] [1774333473.648422905] [collision_monitor]: Destroying
[behavior_server-13] [INFO] [1774333473.664346450] [behavior_server]: Destroying bond (behavior_server) to lifecycle manager.
[waypoint_follower-15] [INFO] [1774333473.678728593] [waypoint_follower]: Destroying bond (waypoint_follower) to lifecycle manager.
[waypoint_follower-15] [INFO] [1774333473.711485650] [waypoint_follower]: Destroying
[planner_server-12] [INFO] [1774333473.683264719] [rclcpp]: signal_handler(signum=2)
[planner_server-12] [INFO] [1774333473.683395964] [planner_server]: Running Nav2 LifecycleNode rcl preshutdown (planner_server)
[planner_server-12] [INFO] [1774333473.683475878] [planner_server]: Deactivating
[planner_server-12] [INFO] [1774333473.683506210] [global_costmap.global_costmap]: Deactivating
[planner_server-12] [INFO] [1774333473.686004828] [planner_server]: Deactivating plugin GridBased of type SmacPlanner2D
[planner_server-12] [INFO] [1774333473.686065492] [planner_server]: Destroying bond (planner_server) to lifecycle manager.
[behavior_server-13] [INFO] [1774333473.739421632] [behavior_server]: Destroying
[smoother_server-11] [INFO] [1774333473.751880012] [rclcpp]: signal_handler(signum=2)
[smoother_server-11] [INFO] [1774333473.752016507] [smoother_server]: Running Nav2 LifecycleNode rcl preshutdown (smoother_server)
[smoother_server-11] [INFO] [1774333473.752099629] [smoother_server]: Deactivating
[smoother_server-11] [INFO] [1774333473.752125003] [smoother_server]: Destroying bond (smoother_server) to lifecycle manager.
[planner_server-12] [INFO] [1774333473.766475064] [planner_server]: Cleaning up
[controller_server-10] [INFO] [1774333473.791397948] [rclcpp]: signal_handler(signum=2)
[controller_server-10] [INFO] [1774333473.791542317] [controller_server]: Running Nav2 LifecycleNode rcl preshutdown (controller_server)
[controller_server-10] [INFO] [1774333473.791639147] [controller_server]: Deactivating
[controller_server-10] [INFO] [1774333473.791673271] [MPPIController]: Deactivated MPPI Controller: FollowPath
[controller_server-10] [INFO] [1774333473.791692229] [local_costmap.local_costmap]: Deactivating
[smoother_server-11] [INFO] [1774333473.802609206] [smoother_server]: Cleaning up
[controller_server-10] [INFO] [1774333473.806458482] [controller_server]: Destroying bond (controller_server) to lifecycle manager.
[controller_server-10] [INFO] [1774333473.836887249] [controller_server]: Cleaning up
[controller_server-10] [INFO] [1774333473.837034827] [MPPIController]: Cleaned up MPPI Controller: FollowPath
[controller_server-10] [INFO] [1774333473.837136615] [local_costmap.local_costmap]: Cleaning up
[costmap_filter_info_server-9] [INFO] [1774333473.832952517] [rclcpp]: signal_handler(signum=2)
[costmap_filter_info_server-9] [INFO] [1774333473.833220549] [keepout_costmap_filter_info_server]: Running Nav2 LifecycleNode rcl preshutdown (keepout_costmap_filter_info_server)
[costmap_filter_info_server-9] [INFO] [1774333473.833407209] [keepout_costmap_filter_info_server]: Deactivating
[costmap_filter_info_server-9] [INFO] [1774333473.833459416] [keepout_costmap_filter_info_server]: Destroying bond (keepout_costmap_filter_info_server) to lifecycle manager.
[costmap_filter_info_server-9] [INFO] [1774333473.844188275] [keepout_costmap_filter_info_server]: Cleaning up
[costmap_filter_info_server-9] [INFO] [1774333473.844347811] [keepout_costmap_filter_info_server]: Destroying bond (keepout_costmap_filter_info_server) to lifecycle manager.
[smoother_server-11] [INFO] [1774333473.842661747] [smoother_server]: Destroying bond (smoother_server) to lifecycle manager.
[smoother_server-11] [INFO] [1774333473.897964400] [smoother_server]: Destroying
[planner_server-12] [INFO] [1774333473.924248442] [global_costmap.global_costmap]: Cleaning up
[map_server-8] [INFO] [1774333473.929951193] [rclcpp]: signal_handler(signum=2)
[map_server-8] [INFO] [1774333473.930138436] [keepout_filter_mask_server]: Running Nav2 LifecycleNode rcl preshutdown (keepout_filter_mask_server)
[map_server-8] [INFO] [1774333473.930240224] [keepout_filter_mask_server]: Deactivating
[map_server-8] [INFO] [1774333473.930256849] [keepout_filter_mask_server]: Destroying bond (keepout_filter_mask_server) to lifecycle manager.
[map_server-8] [INFO] [1774333473.940595764] [keepout_filter_mask_server]: Cleaning up
[map_server-8] [INFO] [1774333473.940665178] [keepout_filter_mask_server]: Destroying bond (keepout_filter_mask_server) to lifecycle manager.
[costmap_filter_info_server-9] [INFO] [1774333473.985242763] [keepout_costmap_filter_info_server]: Destroying
[localization_slam_toolbox_node-7] [INFO] [1774333473.995858459] [rclcpp]: signal_handler(signum=2)
[localization_slam_toolbox_node-7] Unregistering sensor: Custom Described Lidar
[map_server-8] [INFO] [1774333474.060861009] [keepout_filter_mask_server]: Destroying
[planner_server-12] [INFO] [1774333474.062377912] [planner_server]: Cleaning up plugin GridBased of type SmacPlanner2D
[planner_server-12] [INFO] [1774333474.063096552] [planner_server]: Destroying plugin GridBased of type SmacPlanner2D
[robot_hardware-6] [INFO] [1774333474.063203882] [rclcpp]: signal_handler(signum=2)
[ekf_node-5] [INFO] [1774333474.091808923] [rclcpp]: signal_handler(signum=2)
[scan_to_scan_filter_chain-4] [INFO] [1774333474.120700662] [rclcpp]: signal_handler(signum=2)
[lifecycle_manager-19] [INFO] [1774333474.156223202] [lifecycle_manager_navigation]: Destroying lifecycle_manager_navigation
[controller_server-10] [INFO] [1774333474.178121613] [controller_server]: Destroying bond (controller_server) to lifecycle manager.
[robot_state_publisher-1] [INFO] [1774333474.196099875] [rclcpp]: signal_handler(signum=2)
[controller_server-10] [INFO] [1774333474.233129693] [local_costmap.local_costmap]: Destroying
[autodock_action_server-25] Traceback (most recent call last):
[autodock_action_server-25]   File "/home/smr/workspaces/mini_amr/amrROS2_ws/install/action_autodock/lib/python3.12/site-packages/action_autodock/autodock_action_server.py", line 1409, in main
[autodock_action_server-25]     executor.spin()
[autodock_action_server-25]   File "/opt/ros/jazzy/lib/python3.12/site-packages/rclpy/executors.py", line 312, in spin
[autodock_action_server-25]     self.spin_once()
[autodock_action_server-25]   File "/opt/ros/jazzy/lib/python3.12/site-packages/rclpy/executors.py", line 917, in spin_once
[autodock_action_server-25]     self._spin_once_impl(timeout_sec)
[autodock_action_server-25]   File "/opt/ros/jazzy/lib/python3.12/site-packages/rclpy/executors.py", line 896, in _spin_once_impl
[autodock_action_server-25]     handler, entity, node = self.wait_for_ready_callbacks(
[autodock_action_server-25]                             ^^^^^^^^^^^^^^^^^^^^^^^^^^^^^^
[autodock_action_server-25]   File "/opt/ros/jazzy/lib/python3.12/site-packages/rclpy/executors.py", line 799, in wait_for_ready_callbacks
[autodock_action_server-25]     return next(self._cb_iter)
[autodock_action_server-25]            ^^^^^^^^^^^^^^^^^^^
[autodock_action_server-25]   File "/opt/ros/jazzy/lib/python3.12/site-packages/rclpy/executors.py", line 703, in _wait_for_ready_callbacks
[autodock_action_server-25]     wait_set.wait(timeout_nsec)
[autodock_action_server-25] KeyboardInterrupt
[autodock_action_server-25] 
[autodock_action_server-25] During handling of the above exception, another exception occurred:
[autodock_action_server-25] 
[autodock_action_server-25] Traceback (most recent call last):
[autodock_action_server-25]   File "/home/smr/workspaces/mini_amr/amrROS2_ws/install/action_autodock/lib/action_autodock/autodock_action_server", line 33, in <module>
[autodock_action_server-25]     sys.exit(load_entry_point('action-autodock==0.0.0', 'console_scripts', 'autodock_action_server')())
[autodock_action_server-25]              ^^^^^^^^^^^^^^^^^^^^^^^^^^^^^^^^^^^^^^^^^^^^^^^^^^^^^^^^^^^^^^^^^^^^^^^^^^^^^^^^^^^^^^^^^
[autodock_action_server-25]   File "/home/smr/workspaces/mini_amr/amrROS2_ws/install/action_autodock/lib/python3.12/site-packages/action_autodock/autodock_action_server.py", line 1420, in main
[autodock_action_server-25]     rclpy.shutdown()   
[autodock_action_server-25]     ^^^^^^^^^^^^^^^^
[autodock_action_server-25]   File "/opt/ros/jazzy/lib/python3.12/site-packages/rclpy/__init__.py", line 134, in shutdown
[autodock_action_server-25]     _shutdown(context=context)
[autodock_action_server-25]   File "/opt/ros/jazzy/lib/python3.12/site-packages/rclpy/utilities.py", line 82, in shutdown
[autodock_action_server-25]     context.shutdown()
[autodock_action_server-25]   File "/opt/ros/jazzy/lib/python3.12/site-packages/rclpy/context.py", line 129, in shutdown
[autodock_action_server-25]     self.__context.shutdown()
[autodock_action_server-25] rclpy._rclpy_pybind11.RCLError: failed to shutdown: rcl_shutdown already called on the given context, at ./src/rcl/init.c:333
[planner_server-12] [INFO] [1774333474.323929219] [planner_server]: Destroying bond (planner_server) to lifecycle manager.
[planner_server-12] [INFO] [1774333474.350847030] [global_costmap.global_costmap]: Destroying
[rplidar_node-3] [INFO] [1774333474.368655548] [rplidar_node]: Stop motor
[planner_server-12] [INFO] [1774333474.474084250] [planner_server]: Destroying
[controller_server-10] [INFO] [1774333474.484154550] [controller_server]: Destroying
[bt_navigator-14] [INFO] [1774333474.521293156] [bt_navigator]: Completed Cleaning up
[bt_navigator-14] [INFO] [1774333474.521916425] [bt_navigator]: Destroying bond (bt_navigator) to lifecycle manager.
[bt_navigator-14] [INFO] [1774333474.576168241] [bt_navigator]: Destroying
[rpc_run_node-23] Traceback (most recent call last):
[rpc_run_node-23]   File "/home/smr/workspaces/mini_amr/amrROS2_ws/install/delivery_robot_main_controller/lib/delivery_robot_main_controller/rpc_run_node", line 33, in <module>
[rpc_run_node-23]     sys.exit(load_entry_point('delivery-robot-main-controller==0.0.1', 'console_scripts', 'rpc_run_node')())
[rpc_run_node-23]              ^^^^^^^^^^^^^^^^^^^^^^^^^^^^^^^^^^^^^^^^^^^^^^^^^^^^^^^^^^^^^^^^^^^^^^^^^^^^^^^^^^^^^^^^^^^^^^
[rpc_run_node-23]   File "/home/smr/workspaces/mini_amr/amrROS2_ws/install/delivery_robot_main_controller/lib/python3.12/site-packages/delivery_robot_main_controller/rpc_run_node.py", line 57, in main
[rpc_run_node-23]     rclpy.shutdown()
[rpc_run_node-23]   File "/opt/ros/jazzy/lib/python3.12/site-packages/rclpy/__init__.py", line 134, in shutdown
[rpc_run_node-23]     _shutdown(context=context)
[rpc_run_node-23]   File "/opt/ros/jazzy/lib/python3.12/site-packages/rclpy/utilities.py", line 82, in shutdown
[rpc_run_node-23]     context.shutdown()
[rpc_run_node-23]   File "/opt/ros/jazzy/lib/python3.12/site-packages/rclpy/context.py", line 129, in shutdown
[rpc_run_node-23]     self.__context.shutdown()
[rpc_run_node-23] rclpy._rclpy_pybind11.RCLError: failed to shutdown: rcl_shutdown already called on the given context, at ./src/rcl/init.c:333
[robot_sound-21] Traceback (most recent call last):
[robot_sound-21]   File "/home/smr/workspaces/mini_amr/amrROS2_ws/install/delivery_robot_main_controller/lib/delivery_robot_main_controller/robot_sound", line 33, in <module>
[robot_sound-21]     sys.exit(load_entry_point('delivery-robot-main-controller==0.0.1', 'console_scripts', 'robot_sound')())
[robot_sound-21]              ^^^^^^^^^^^^^^^^^^^^^^^^^^^^^^^^^^^^^^^^^^^^^^^^^^^^^^^^^^^^^^^^^^^^^^^^^^^^^^^^^^^^^^^^^^^^^
[robot_sound-21]   File "/home/smr/workspaces/mini_amr/amrROS2_ws/install/delivery_robot_main_controller/lib/python3.12/site-packages/delivery_robot_main_controller/robot_sound.py", line 147, in main
[robot_sound-21]     rclpy.shutdown()
[robot_sound-21]   File "/opt/ros/jazzy/lib/python3.12/site-packages/rclpy/__init__.py", line 134, in shutdown
[robot_sound-21]     _shutdown(context=context)
[robot_sound-21]   File "/opt/ros/jazzy/lib/python3.12/site-packages/rclpy/utilities.py", line 82, in shutdown
[robot_sound-21]     context.shutdown()
[robot_sound-21]   File "/opt/ros/jazzy/lib/python3.12/site-packages/rclpy/context.py", line 129, in shutdown
[robot_sound-21]     self.__context.shutdown()
[robot_sound-21] rclpy._rclpy_pybind11.RCLError: failed to shutdown: rcl_shutdown already called on the given context, at ./src/rcl/init.c:333
[ERROR] [rpc_run_node-23]: process has died [pid 21601, exit code 1, cmd '/home/smr/workspaces/mini_amr/amrROS2_ws/install/delivery_robot_main_controller/lib/delivery_robot_main_controller/rpc_run_node --ros-args -r __node:=rpc_run_node -r __ns:=/ -r /tf:=tf -r /tf_static:=tf_static'].
[call_robot_button-22] Traceback (most recent call last):
[call_robot_button-22]   File "/home/smr/workspaces/mini_amr/amrROS2_ws/install/delivery_robot_main_controller/lib/delivery_robot_main_controller/call_robot_button", line 33, in <module>
[call_robot_button-22]     sys.exit(load_entry_point('delivery-robot-main-controller==0.0.1', 'console_scripts', 'call_robot_button')())
[call_robot_button-22]              ^^^^^^^^^^^^^^^^^^^^^^^^^^^^^^^^^^^^^^^^^^^^^^^^^^^^^^^^^^^^^^^^^^^^^^^^^^^^^^^^^^^^^^^^^^^^^^^^^^^
[call_robot_button-22]   File "/home/smr/workspaces/mini_amr/amrROS2_ws/install/delivery_robot_main_controller/lib/python3.12/site-packages/delivery_robot_main_controller/call_button.py", line 251, in main
[call_robot_button-22]     rclpy.shutdown()
[call_robot_button-22]   File "/opt/ros/jazzy/lib/python3.12/site-packages/rclpy/__init__.py", line 134, in shutdown
[call_robot_button-22]     _shutdown(context=context)
[call_robot_button-22]   File "/opt/ros/jazzy/lib/python3.12/site-packages/rclpy/utilities.py", line 82, in shutdown
[call_robot_button-22]     context.shutdown()
[call_robot_button-22]   File "/opt/ros/jazzy/lib/python3.12/site-packages/rclpy/context.py", line 129, in shutdown
[call_robot_button-22]     self.__context.shutdown()
[call_robot_button-22] rclpy._rclpy_pybind11.RCLError: failed to shutdown: rcl_shutdown already called on the given context, at ./src/rcl/init.c:333
[ERROR] [robot_sound-21]: process has died [pid 21599, exit code 1, cmd '/home/smr/workspaces/mini_amr/amrROS2_ws/install/delivery_robot_main_controller/lib/delivery_robot_main_controller/robot_sound --ros-args -r __node:=robot_sound_node -r __ns:=/ -r /tf:=tf -r /tf_static:=tf_static'].
[INFO] [behavior_server-13]: process has finished cleanly [pid 21347]
[INFO] [waypoint_follower-15]: process has finished cleanly [pid 21362]
[ERROR] [call_robot_button-22]: process has died [pid 21600, exit code 1, cmd '/home/smr/workspaces/mini_amr/amrROS2_ws/install/delivery_robot_main_controller/lib/delivery_robot_main_controller/call_robot_button --ros-args -r __node:=call_robot_button_node -r __ns:=/ -r /tf:=tf -r /tf_static:=tf_static'].
[INFO] [velocity_smoother-16]: process has finished cleanly [pid 21363]
[INFO] [collision_detector-18]: process has finished cleanly [pid 21374]
[INFO] [collision_monitor-17]: process has finished cleanly [pid 21371]
[INFO] [smoother_server-11]: process has finished cleanly [pid 21343]
[ERROR] [battery_manager_node-26]: process has died [pid 21604, exit code -2, cmd '/home/smr/workspaces/mini_amr/amrROS2_ws/install/battery_management/lib/battery_management/battery_manager_node --ros-args -r __node:=battery_manager -r __ns:=/ --params-file /home/smr/workspaces/mini_amr/amrROS2_ws/install/battery_management/share/battery_management/config/battery_manager.yaml -r /tf:=tf -r /tf_static:=tf_static'].
[INFO] [map_server-8]: process has finished cleanly [pid 21332]
[INFO] [costmap_filter_info_server-9]: process has finished cleanly [pid 21335]
[INFO] [robot_hardware-6]: process has finished cleanly [pid 21330]
[INFO] [lifecycle_manager-19]: process has finished cleanly [pid 21383]
[INFO] [joint_state_publisher-2]: process has finished cleanly [pid 21326]
[INFO] [planner_server-12]: process has finished cleanly [pid 21346]
[INFO] [controller_server-10]: process has finished cleanly [pid 21336]
[INFO] [bt_navigator-14]: process has finished cleanly [pid 21361]
[ERROR] [delivery_robot_main_controller-20]: process has died [pid 21598, exit code -2, cmd '/home/smr/workspaces/mini_amr/amrROS2_ws/install/delivery_robot_main_controller/lib/delivery_robot_main_controller/delivery_robot_main_controller --ros-args -r __node:=main_controller_node -r __ns:=/ --params-file /tmp/launch_params_j9kuwcyk -r /tf:=tf -r /tf_static:=tf_static'].
[ERROR] [autodock_action_server-25]: process has died [pid 21603, exit code 1, cmd '/home/smr/workspaces/mini_amr/amrROS2_ws/install/action_autodock/lib/action_autodock/autodock_action_server --ros-args -r __ns:=/ --params-file /home/smr/workspaces/mini_amr/amrROS2_ws/install/action_autodock/share/action_autodock/config/auto_dock_config.yaml --params-file /tmp/launch_params_m0m7feqx -r /tf:=tf -r /tf_static:=tf_static'].
[INFO] [ekf_node-5]: process has finished cleanly [pid 21329]
[INFO] [robot_state_publisher-1]: process has finished cleanly [pid 21325]
[INFO] [scan_to_scan_filter_chain-4]: process has finished cleanly [pid 21328]
[INFO] [rplidar_node-3]: process has finished cleanly [pid 21327]
[INFO] [localization_slam_toolbox_node-7]: process has finished cleanly [pid 21331]
