[INFO] [launch]: All log files can be found below /home/smr/.ros/log/2026-03-24-13-07-03-263275-two-17796
[INFO] [launch]: Default logging verbosity is set to INFO
[INFO] [robot_state_publisher-1]: process started with pid [17812]
[INFO] [joint_state_publisher-2]: process started with pid [17813]
[INFO] [rplidar_node-3]: process started with pid [17814]
[INFO] [scan_to_scan_filter_chain-4]: process started with pid [17815]
[INFO] [ekf_node-5]: process started with pid [17816]
[INFO] [robot_hardware-6]: process started with pid [17817]
[INFO] [localization_slam_toolbox_node-7]: process started with pid [17818]
[INFO] [map_server-8]: process started with pid [17819]
[INFO] [costmap_filter_info_server-9]: process started with pid [17820]
[INFO] [controller_server-10]: process started with pid [17821]
[INFO] [smoother_server-11]: process started with pid [17826]
[INFO] [planner_server-12]: process started with pid [17835]
[INFO] [behavior_server-13]: process started with pid [17838]
[INFO] [bt_navigator-14]: process started with pid [17839]
[INFO] [waypoint_follower-15]: process started with pid [17870]
[INFO] [velocity_smoother-16]: process started with pid [17880]
[INFO] [collision_monitor-17]: process started with pid [17891]
[INFO] [collision_detector-18]: process started with pid [17892]
[INFO] [lifecycle_manager-19]: process started with pid [17893]
[robot_hardware-6] Serial port opened at port /dev/teensy with baudrate 460800
[robot_hardware-6] Created receive data thread
[rplidar_node-3] [INFO] [1774332424.304616222] [rplidar_node]: RPLidar running on ROS2 package rplidar_ros. RPLIDAR SDK Version:2.1.0
[rplidar_node-3] [INFO] [1774332424.324489376] [rplidar_node]: RPLidar S/N: CEDCEDF9C7E29BCEA7E39EF25E0F4304
[rplidar_node-3] [INFO] [1774332424.324538374] [rplidar_node]: Firmware Ver: 1.02
[rplidar_node-3] [INFO] [1774332424.324548874] [rplidar_node]: Hardware Rev: 18
[rplidar_node-3] [INFO] [1774332424.326892622] [rplidar_node]: RPLidar health status : 0
[rplidar_node-3] [INFO] [1774332424.326939578] [rplidar_node]: RPLidar health status : OK.
[rplidar_node-3] [INFO] [1774332424.327440060] [rplidar_node]: Start
[robot_state_publisher-1] [INFO] [1774332424.392667192] [robot_state_publisher]: Robot initialized
[localization_slam_toolbox_node-7] [INFO] [1774332424.400690651] [slam_toolbox]: Node using stack size 40000000
[costmap_filter_info_server-9] [INFO] [1774332424.442489634] [costmap_filter_info_server]: This is costmap filter info publisher
[controller_server-10] [INFO] [1774332424.458095275] [controller_server]: 
[controller_server-10] 	controller_server lifecycle node launched. 
[controller_server-10] 	Waiting on external lifecycle transitions to activate
[controller_server-10] 	See https://design.ros2.org/articles/node_lifecycle.html for more information.
[costmap_filter_info_server-9] [INFO] [1774332424.465541547] [keepout_costmap_filter_info_server]: 
[costmap_filter_info_server-9] 	keepout_costmap_filter_info_server lifecycle node launched. 
[costmap_filter_info_server-9] 	Waiting on external lifecycle transitions to activate
[costmap_filter_info_server-9] 	See https://design.ros2.org/articles/node_lifecycle.html for more information.
[controller_server-10] [INFO] [1774332424.469604899] [controller_server]: Creating controller server
[controller_server-10] [INFO] [1774332424.475602515] [local_costmap.local_costmap]: 
[controller_server-10] 	local_costmap lifecycle node launched. 
[controller_server-10] 	Waiting on external lifecycle transitions to activate
[controller_server-10] 	See https://design.ros2.org/articles/node_lifecycle.html for more information.
[controller_server-10] [INFO] [1774332424.477855558] [local_costmap.local_costmap]: Creating Costmap
[rplidar_node-3] [INFO] [1774332424.480904822] [rplidar_node]: current scan mode: Sensitivity, sample rate: 32 Khz, max_distance: 30.0 m, scan frequency:10.0 Hz, 
[smoother_server-11] [INFO] [1774332424.487175720] [smoother_server]: 
[smoother_server-11] 	smoother_server lifecycle node launched. 
[smoother_server-11] 	Waiting on external lifecycle transitions to activate
[smoother_server-11] 	See https://design.ros2.org/articles/node_lifecycle.html for more information.
[waypoint_follower-15] [INFO] [1774332424.495823031] [waypoint_follower]: 
[waypoint_follower-15] 	waypoint_follower lifecycle node launched. 
[waypoint_follower-15] 	Waiting on external lifecycle transitions to activate
[waypoint_follower-15] 	See https://design.ros2.org/articles/node_lifecycle.html for more information.
[waypoint_follower-15] [INFO] [1774332424.500453071] [waypoint_follower]: Creating
[smoother_server-11] [INFO] [1774332424.502513038] [smoother_server]: Creating smoother server
[map_server-8] [INFO] [1774332424.506430854] [keepout_filter_mask_server]: 
[map_server-8] 	keepout_filter_mask_server lifecycle node launched. 
[map_server-8] 	Waiting on external lifecycle transitions to activate
[map_server-8] 	See https://design.ros2.org/articles/node_lifecycle.html for more information.
[map_server-8] [INFO] [1774332424.506612556] [keepout_filter_mask_server]: Creating
[lifecycle_manager-19] [INFO] [1774332424.524229166] [lifecycle_manager_navigation]: Creating
[lifecycle_manager-19] [INFO] [1774332424.533436457] [lifecycle_manager_navigation]: [34m[1mCreating and initializing lifecycle service clients[0m[0m
[planner_server-12] [INFO] [1774332424.594018674] [planner_server]: 
[planner_server-12] 	planner_server lifecycle node launched. 
[planner_server-12] 	Waiting on external lifecycle transitions to activate
[planner_server-12] 	See https://design.ros2.org/articles/node_lifecycle.html for more information.
[planner_server-12] [INFO] [1774332424.598512511] [planner_server]: Creating
[localization_slam_toolbox_node-7] [INFO] [1774332424.611188176] [slam_toolbox]: Configuring
[planner_server-12] [INFO] [1774332424.623382900] [global_costmap.global_costmap]: 
[planner_server-12] 	global_costmap lifecycle node launched. 
[planner_server-12] 	Waiting on external lifecycle transitions to activate
[planner_server-12] 	See https://design.ros2.org/articles/node_lifecycle.html for more information.
[planner_server-12] [INFO] [1774332424.632590190] [global_costmap.global_costmap]: Creating Costmap
[velocity_smoother-16] [INFO] [1774332424.661712633] [velocity_smoother]: 
[velocity_smoother-16] 	velocity_smoother lifecycle node launched. 
[velocity_smoother-16] 	Waiting on external lifecycle transitions to activate
[velocity_smoother-16] 	See https://design.ros2.org/articles/node_lifecycle.html for more information.
[localization_slam_toolbox_node-7] [INFO] [1774332424.758448538] [slam_toolbox]: Using solver plugin solver_plugins::CeresSolver
[localization_slam_toolbox_node-7] [INFO] [1774332424.759327006] [slam_toolbox]: CeresSolver: Using SCHUR_JACOBI preconditioner.
[behavior_server-13] [INFO] [1774332424.828030095] [behavior_server]: 
[behavior_server-13] 	behavior_server lifecycle node launched. 
[behavior_server-13] 	Waiting on external lifecycle transitions to activate
[behavior_server-13] 	See https://design.ros2.org/articles/node_lifecycle.html for more information.
[bt_navigator-14] [INFO] [1774332424.830903199] [bt_navigator]: 
[bt_navigator-14] 	bt_navigator lifecycle node launched. 
[bt_navigator-14] 	Waiting on external lifecycle transitions to activate
[bt_navigator-14] 	See https://design.ros2.org/articles/node_lifecycle.html for more information.
[bt_navigator-14] [INFO] [1774332424.844952856] [bt_navigator]: Creating
[collision_monitor-17] [INFO] [1774332424.881952929] [collision_monitor]: 
[collision_monitor-17] 	collision_monitor lifecycle node launched. 
[collision_monitor-17] 	Waiting on external lifecycle transitions to activate
[collision_monitor-17] 	See https://design.ros2.org/articles/node_lifecycle.html for more information.
[collision_detector-18] [INFO] [1774332424.948556095] [collision_detector]: 
[collision_detector-18] 	collision_detector lifecycle node launched. 
[collision_detector-18] 	Waiting on external lifecycle transitions to activate
[collision_detector-18] 	See https://design.ros2.org/articles/node_lifecycle.html for more information.
[lifecycle_manager-19] [INFO] [1774332425.137030961] [lifecycle_manager_navigation]: [34m[1mStarting managed nodes bringup...[0m[0m
[lifecycle_manager-19] [INFO] [1774332425.137287618] [lifecycle_manager_navigation]: [34m[1mConfiguring controller_server[0m[0m
[controller_server-10] [INFO] [1774332425.138131379] [controller_server]: Configuring controller interface
[controller_server-10] [INFO] [1774332425.138201085] [controller_server]: getting progress checker plugins..
[controller_server-10] [INFO] [1774332425.139094719] [controller_server]: getting goal checker plugins..
[controller_server-10] [INFO] [1774332425.140587998] [controller_server]: Controller frequency set to 10.0000Hz
[controller_server-10] [INFO] [1774332425.140763283] [local_costmap.local_costmap]: Configuring
[controller_server-10] [INFO] [1774332425.161374035] [local_costmap.local_costmap]: Using plugin "obstacle_layer"
[controller_server-10] [INFO] [1774332425.171290342] [local_costmap.local_costmap]: Subscribed to Topics: scan
[controller_server-10] [INFO] [1774332425.184827559] [local_costmap.local_costmap]: Initialized plugin "obstacle_layer"
[controller_server-10] [INFO] [1774332425.184884140] [local_costmap.local_costmap]: Using plugin "denoise_layer"
[controller_server-10] [INFO] [1774332425.188291266] [local_costmap.local_costmap]: Initialized plugin "denoise_layer"
[controller_server-10] [INFO] [1774332425.188351056] [local_costmap.local_costmap]: Using plugin "inflation_layer"
[controller_server-10] [INFO] [1774332425.192170584] [local_costmap.local_costmap]: Initialized plugin "inflation_layer"
[controller_server-10] [INFO] [1774332425.192221040] [local_costmap.local_costmap]: Using costmap filter "keepout_filter"
[controller_server-10] [INFO] [1774332425.198710096] [local_costmap.local_costmap]: Initialized costmap filter "keepout_filter"
[controller_server-10] [INFO] [1774332425.198767261] [local_costmap.local_costmap]: Using costmap filter "inflation_layer"
[controller_server-10] [INFO] [1774332425.198876632] [local_costmap.local_costmap]: Initialized costmap filter "inflation_layer"
[controller_server-10] [INFO] [1774332425.255201254] [controller_server]: Created progress_checker : progress_checker of type nav2_controller::SimpleProgressChecker
[controller_server-10] [INFO] [1774332425.257003688] [controller_server]: Controller Server has progress_checker  progress checkers available.
[controller_server-10] [INFO] [1774332425.260886797] [controller_server]: Created goal checker : goal_checker of type nav2_controller::SimpleGoalChecker
[controller_server-10] [INFO] [1774332425.263187381] [controller_server]: Controller Server has goal_checker  goal checkers available.
[controller_server-10] [INFO] [1774332425.265546003] [controller_server]: Created controller : FollowPath of type nav2_mppi_controller::MPPIController
[rplidar_node-3] [INFO] [1774332425.270160586] [rplidar_node]: set lidar scan frequency to 10.0 Hz(600.0 Rpm) 
[controller_server-10] [INFO] [1774332425.272007644] [controller_server]: Controller period is equal to model dt. Control sequence shifting is ON
[controller_server-10] [INFO] [1774332425.275484184] [controller_server]: ConstraintCritic instantiated with 1 power and 4.000000 weight.
[controller_server-10] [INFO] [1774332425.275541057] [controller_server]: Critic loaded : mppi::critics::ConstraintCritic
[controller_server-10] [INFO] [1774332425.278110255] [controller_server]: InflationCostCritic instantiated with 1 power and 300.000000 / 0.015000 weights. Critic will collision check based on footprint cost.
[controller_server-10] [INFO] [1774332425.278164795] [controller_server]: Critic loaded : mppi::critics::CostCritic
[controller_server-10] [INFO] [1774332425.279175967] [controller_server]: GoalCritic instantiated with 1 power and 5.000000 weight.
[controller_server-10] [INFO] [1774332425.279218549] [controller_server]: Critic loaded : mppi::critics::GoalCritic
[controller_server-10] [INFO] [1774332425.280442337] [controller_server]: GoalAngleCritic instantiated with 1 power, 3.000000 weight, and 0.500000 angular threshold.
[controller_server-10] [INFO] [1774332425.280511752] [controller_server]: Critic loaded : mppi::critics::GoalAngleCritic
[controller_server-10] [INFO] [1774332425.282563844] [controller_server]: ReferenceTrajectoryCritic instantiated with 1 power and 2.000000 weight
[controller_server-10] [INFO] [1774332425.282608759] [controller_server]: Critic loaded : mppi::critics::PathAlignCritic
[controller_server-10] [INFO] [1774332425.283838089] [controller_server]: Critic loaded : mppi::critics::PathFollowCritic
[controller_server-10] [INFO] [1774332425.296018230] [controller_server]: PathAngleCritic instantiated with 1 power and 1.500000 weight. Mode set to: Forward Preference
[controller_server-10] [INFO] [1774332425.296074228] [controller_server]: Critic loaded : mppi::critics::PathAngleCritic
[controller_server-10] [INFO] [1774332425.299151200] [controller_server]: PreferForwardCritic instantiated with 1 power and 10.000000 weight.
[controller_server-10] [INFO] [1774332425.299204865] [controller_server]: Critic loaded : mppi::critics::PreferForwardCritic
[controller_server-10] [INFO] [1774332425.300845138] [controller_server]: Optimizer reset
[controller_server-10] [INFO] [1774332425.309077131] [MPPIController]: Configured MPPI Controller: FollowPath
[controller_server-10] [INFO] [1774332425.309113297] [controller_server]: Controller Server has FollowPath  controllers available.
[lifecycle_manager-19] [INFO] [1774332425.322943044] [lifecycle_manager_navigation]: [34m[1mConfiguring smoother_server[0m[0m
[smoother_server-11] [INFO] [1774332425.324104711] [smoother_server]: Configuring smoother server
[smoother_server-11] [INFO] [1774332425.393157495] [smoother_server]: Created smoother : simple_smoother of type nav2_smoother::SimpleSmoother
[smoother_server-11] [INFO] [1774332425.400219072] [smoother_server]: Smoother Server has simple_smoother  smoothers available.
[lifecycle_manager-19] [INFO] [1774332425.424287699] [lifecycle_manager_navigation]: [34m[1mConfiguring planner_server[0m[0m
[planner_server-12] [INFO] [1774332425.424814721] [planner_server]: Configuring
[planner_server-12] [INFO] [1774332425.424920009] [global_costmap.global_costmap]: Configuring
[localization_slam_toolbox_node-7] Load From File /home/smr/workspaces/mini_amr/amrROS2_ws/maps/latest_map.posegraph 
[localization_slam_toolbox_node-7] Mapper <- Module
[localization_slam_toolbox_node-7] Mapper <- m_pSequentialScanMatcher
[localization_slam_toolbox_node-7] Mapper <- m_pGraph
[localization_slam_toolbox_node-7] MapperGraph <- Graph; Graph <- m_Edges; Graph <- m_Vertices
[localization_slam_toolbox_node-7] MapperGraph <- m_pMapper; MapperGraph <- m_pLoopScanMatcher; MapperGraph <- m_pTraversal
[localization_slam_toolbox_node-7] Mapper <- m_pMapperSensorManager
[localization_slam_toolbox_node-7] MapperSensorManager <- m_ScanManagers; MapperSensorManager <- m_Scans
[localization_slam_toolbox_node-7] Mapper <- m_Listeners
[localization_slam_toolbox_node-7] **Finished serializing Mapper**
[localization_slam_toolbox_node-7] Load From File
[localization_slam_toolbox_node-7] **Serializing Dataset**
[localization_slam_toolbox_node-7] Dataset <- m_SensorNameLookup
[localization_slam_toolbox_node-7] Dataset <- m_Data
[localization_slam_toolbox_node-7] Dataset <- m_Lasers
[localization_slam_toolbox_node-7] Dataset <- m_pDatasetInfo
[localization_slam_toolbox_node-7] **Finished serializing Dataset**
[localization_slam_toolbox_node-7] Registering sensor: [Custom Described Lidar]
[localization_slam_toolbox_node-7] WARNING: Logging before InitGoogleLogging() is written to STDERR
[localization_slam_toolbox_node-7] W20260324 13:07:05.451411 17818 preprocessor.cc:67] Specified options.num_threads: 50 exceeds maximum available from the threading model Ceres was compiled with: 8.  Bounding to maximum number available.
[planner_server-12] [INFO] [1774332425.453764795] [global_costmap.global_costmap]: Using plugin "static_layer"
[INFO] [launch.user]: [LifecycleLaunch] Slamtoolbox node is activating.
[joint_state_publisher-2] [INFO] [1774332425.458784780] [joint_state_publisher]: Waiting for robot_description to be published on the robot_description topic...
[localization_slam_toolbox_node-7] [INFO] [1774332425.466570830] [slam_toolbox]: Activating
[scan_to_scan_filter_chain-4] [WARN] [1774332425.467078603] [scan_to_scan_filter_chain]: diagnostic_updater: No HW_ID was set. This is probably a bug. Please report it. For devices that do not have a HW_ID, set this value to 'none'. This warning only occurs once all diagnostics are OK. It is okay to wait until the device is open before calling setHardwareID.
[planner_server-12] [INFO] [1774332425.499722793] [global_costmap.global_costmap]: Subscribing to the map topic (/map) with transient local durability
[planner_server-12] [INFO] [1774332425.507428055] [global_costmap.global_costmap]: Initialized plugin "static_layer"
[planner_server-12] [INFO] [1774332425.507551426] [global_costmap.global_costmap]: Using plugin "obstacle_layer"
[planner_server-12] [INFO] [1774332425.513700703] [global_costmap.global_costmap]: Subscribed to Topics: scan
[planner_server-12] [INFO] [1774332425.525528231] [global_costmap.global_costmap]: Initialized plugin "obstacle_layer"
[planner_server-12] [INFO] [1774332425.526349827] [global_costmap.global_costmap]: Using plugin "inflation_layer"
[planner_server-12] [INFO] [1774332425.529499712] [global_costmap.global_costmap]: Initialized plugin "inflation_layer"
[planner_server-12] [INFO] [1774332425.529549002] [global_costmap.global_costmap]: Using costmap filter "keepout_filter"
[planner_server-12] [INFO] [1774332425.536822613] [global_costmap.global_costmap]: Initialized costmap filter "keepout_filter"
[planner_server-12] [INFO] [1774332425.536880653] [global_costmap.global_costmap]: Using costmap filter "inflation_layer2"
[planner_server-12] [INFO] [1774332425.539801005] [global_costmap.global_costmap]: Initialized costmap filter "inflation_layer2"
[localization_slam_toolbox_node-7] Registering sensor: [Custom Described Lidar]
[planner_server-12] [INFO] [1774332425.597056593] [planner_server]: Created global planner plugin GridBased of type nav2_smac_planner::SmacPlanner2D
[planner_server-12] [INFO] [1774332425.597761817] [planner_server]: Configuring GridBased of type SmacPlanner2D
[planner_server-12] [ERROR] [1774332425.603927427] [planner_server]: Inflation layer either not found or inflation is not set sufficiently for optimized non-circular collision checking capabilities. It is HIGHLY recommended to set the inflation radius to be at MINIMUM half of the robot's largest cross-section. See github.com/ros-planning/navigation2/tree/main/nav2_smac_planner#potential-fields for full instructions. This will substantially impact run-time performance.
[planner_server-12] [INFO] [1774332425.609131738] [planner_server]: Configured plugin GridBased of type SmacPlanner2D with tolerance 0.12, maximum iterations 1000000, max on approach iterations 1000, and not allowing unknown traversal.
[planner_server-12] [INFO] [1774332425.609203777] [planner_server]: Planner Server has GridBased  planners available.
[lifecycle_manager-19] [INFO] [1774332425.648156780] [lifecycle_manager_navigation]: [34m[1mConfiguring behavior_server[0m[0m
[behavior_server-13] [INFO] [1774332425.648519016] [behavior_server]: Configuring
[behavior_server-13] [INFO] [1774332425.662084232] [behavior_server]: Creating behavior plugin wait of type nav2_behaviors::Wait
[behavior_server-13] [INFO] [1774332425.695537476] [behavior_server]: Configuring wait
[lifecycle_manager-19] [INFO] [1774332425.705455533] [lifecycle_manager_navigation]: [34m[1mConfiguring velocity_smoother[0m[0m
[velocity_smoother-16] [INFO] [1774332425.705797062] [velocity_smoother]: Configuring velocity smoother
[lifecycle_manager-19] [INFO] [1774332425.712826848] [lifecycle_manager_navigation]: [34m[1mConfiguring collision_monitor[0m[0m
[collision_monitor-17] [INFO] [1774332425.713201918] [collision_monitor]: Configuring
[collision_monitor-17] [INFO] [1774332425.720234330] [collision_monitor]: [scan]: Creating Scan
[collision_monitor-17] [INFO] [1774332425.725540429] [collision_monitor]: [PolygonStop]: Creating Polygon
[collision_monitor-17] [INFO] [1774332425.725592052] [collision_monitor]: [PolygonStop]: Creating Circle
[collision_monitor-17] [INFO] [1774332425.730360337] [collision_monitor]: [PolygonSlow]: Creating Polygon
[collision_monitor-17] [INFO] [1774332425.735839096] [collision_monitor]: [FootprintApproach]: Creating Polygon
[collision_monitor-17] [INFO] [1774332425.736337245] [collision_monitor]: [FootprintApproach]: Polygon points are not defined. Using dynamic subscription instead.
[collision_monitor-17] [INFO] [1774332425.741204110] [collision_monitor]: [FootprintApproach]: Making footprint subscriber on /local_costmap/published_footprint topic
[lifecycle_manager-19] [INFO] [1774332425.756492138] [lifecycle_manager_navigation]: [34m[1mConfiguring collision_detector[0m[0m
[collision_detector-18] [INFO] [1774332425.757164697] [collision_detector]: Configuring
[collision_detector-18] [INFO] [1774332425.812637975] [collision_monitor]: [scan]: Creating Scan
[planner_server-12] [INFO] [1774332425.820426359] [global_costmap.global_costmap]: StaticLayer: Resizing costmap to 787 X 922 at 0.050000 m/pix
[collision_detector-18] [INFO] [1774332425.823869359] [collision_monitor]: [PolygonStop]: Creating Polygon
[collision_detector-18] [INFO] [1774332425.823965897] [collision_monitor]: [PolygonStop]: Creating Circle
[collision_detector-18] [INFO] [1774332425.835066911] [collision_monitor]: [PolygonSlow]: Creating Polygon
[lifecycle_manager-19] [INFO] [1774332425.848288556] [lifecycle_manager_navigation]: [34m[1mConfiguring bt_navigator[0m[0m
[bt_navigator-14] [INFO] [1774332425.848835702] [bt_navigator]: Configuring
[bt_navigator-14] [INFO] [1774332425.876411785] [bt_navigator]: Creating navigator id navigate_to_pose of type nav2_bt_navigator::NavigateToPoseNavigator
[bt_navigator-14] [INFO] [1774332426.020657590] [bt_navigator]: Creating navigator id navigate_through_poses of type nav2_bt_navigator::NavigateThroughPosesNavigator
[lifecycle_manager-19] [INFO] [1774332426.074821332] [lifecycle_manager_navigation]: [34m[1mConfiguring waypoint_follower[0m[0m
[waypoint_follower-15] [INFO] [1774332426.075800129] [waypoint_follower]: Configuring
[waypoint_follower-15] [INFO] [1774332426.143151101] [waypoint_follower]: Created waypoint_task_executor : wait_at_waypoint of type nav2_waypoint_follower::WaitAtWaypoint
[lifecycle_manager-19] [INFO] [1774332426.145771339] [lifecycle_manager_navigation]: [34m[1mConfiguring keepout_filter_mask_server[0m[0m
[map_server-8] [INFO] [1774332426.146074953] [keepout_filter_mask_server]: Configuring
[map_server-8] [INFO] [1774332426.146154575] [map_io]: Loading yaml file: /home/smr/workspaces/mini_amr/amrROS2_ws/maps/latest_map_keepout.yaml
[map_server-8] [INFO] [1774332426.146466356] [map_io]: resolution: 0.05
[map_server-8] [INFO] [1774332426.146479772] [map_io]: origin[0]: -26.12
[map_server-8] [INFO] [1774332426.146485313] [map_io]: origin[1]: -29.258
[map_server-8] [INFO] [1774332426.146489980] [map_io]: origin[2]: 0
[map_server-8] [INFO] [1774332426.146494646] [map_io]: free_thresh: 0.196
[map_server-8] [INFO] [1774332426.146499313] [map_io]: occupied_thresh: 0.65
[map_server-8] [INFO] [1774332426.146505437] [map_io]: mode: trinary
[map_server-8] [INFO] [1774332426.146510979] [map_io]: negate: 0
[map_server-8] [INFO] [1774332426.146728846] [map_io]: Loading image_file: /home/smr/workspaces/mini_amr/amrROS2_ws/maps/latest_map_keepout.pgm
[map_server-8] [INFO] [1774332426.159461967] [map_io]: Read map /home/smr/workspaces/mini_amr/amrROS2_ws/maps/latest_map_keepout.pgm: 787 X 922 map @ 0.05 m/cell
[lifecycle_manager-19] [INFO] [1774332426.174077437] [lifecycle_manager_navigation]: [34m[1mConfiguring keepout_costmap_filter_info_server[0m[0m
[costmap_filter_info_server-9] [INFO] [1774332426.174839242] [keepout_costmap_filter_info_server]: Configuring
[lifecycle_manager-19] [INFO] [1774332426.204649410] [lifecycle_manager_navigation]: [34m[1mActivating controller_server[0m[0m
[controller_server-10] [INFO] [1774332426.205115768] [controller_server]: Activating
[controller_server-10] [INFO] [1774332426.205163308] [local_costmap.local_costmap]: Activating
[controller_server-10] [INFO] [1774332426.205178474] [local_costmap.local_costmap]: Checking transform
[controller_server-10] [INFO] [1774332426.205335968] [local_costmap.local_costmap]: start
[controller_server-10] [INFO] [1774332426.206003861] [local_costmap.local_costmap]: KeepoutFilter: Subscribing to "/keepout_costmap_filter_info" topic for filter info...
[controller_server-10] [WARN] [1774332426.308478682] [local_costmap.local_costmap]: KeepoutFilter: Filter mask was not received
[controller_server-10] [WARN] [1774332426.358658402] [controller_server]: Parameter controller_server.verbose not found
[controller_server-10] [INFO] [1774332426.359297712] [controller_server]: Optimizer reset
[controller_server-10] [INFO] [1774332426.359779236] [MPPIController]: Activated MPPI Controller: FollowPath
[controller_server-10] [INFO] [1774332426.359850692] [controller_server]: Creating bond (controller_server) to lifecycle manager.
[lifecycle_manager-19] [INFO] [1774332426.476528290] [lifecycle_manager_navigation]: Server controller_server connected with bond.
[lifecycle_manager-19] [INFO] [1774332426.476623078] [lifecycle_manager_navigation]: [34m[1mActivating smoother_server[0m[0m
[smoother_server-11] [INFO] [1774332426.477436507] [smoother_server]: Activating
[smoother_server-11] [INFO] [1774332426.477482297] [smoother_server]: Creating bond (smoother_server) to lifecycle manager.
[lifecycle_manager-19] [INFO] [1774332426.584900980] [lifecycle_manager_navigation]: Server smoother_server connected with bond.
[lifecycle_manager-19] [INFO] [1774332426.584952603] [lifecycle_manager_navigation]: [34m[1mActivating planner_server[0m[0m
[planner_server-12] [INFO] [1774332426.585281883] [planner_server]: Activating
[planner_server-12] [INFO] [1774332426.585333798] [global_costmap.global_costmap]: Activating
[planner_server-12] [INFO] [1774332426.585351006] [global_costmap.global_costmap]: Checking transform
[planner_server-12] [INFO] [1774332426.585504417] [global_costmap.global_costmap]: start
[planner_server-12] [INFO] [1774332426.586168809] [global_costmap.global_costmap]: KeepoutFilter: Subscribing to "/keepout_costmap_filter_info" topic for filter info...
[planner_server-12] [WARN] [1774332427.101823172] [global_costmap.global_costmap]: KeepoutFilter: Filter mask was not received
[planner_server-12] [INFO] [1774332427.138584963] [planner_server]: Activating plugin GridBased of type SmacPlanner2D
[planner_server-12] [INFO] [1774332427.140021077] [planner_server]: Creating bond (planner_server) to lifecycle manager.
[lifecycle_manager-19] [INFO] [1774332427.257834967] [lifecycle_manager_navigation]: Server planner_server connected with bond.
[lifecycle_manager-19] [INFO] [1774332427.257928005] [lifecycle_manager_navigation]: [34m[1mActivating behavior_server[0m[0m
[behavior_server-13] [INFO] [1774332427.258729476] [behavior_server]: Activating
[behavior_server-13] [INFO] [1774332427.258797723] [behavior_server]: Activating wait
[behavior_server-13] [INFO] [1774332427.258856930] [behavior_server]: Creating bond (behavior_server) to lifecycle manager.
[lifecycle_manager-19] [INFO] [1774332427.367996676] [lifecycle_manager_navigation]: Server behavior_server connected with bond.
[lifecycle_manager-19] [INFO] [1774332427.368052965] [lifecycle_manager_navigation]: [34m[1mActivating velocity_smoother[0m[0m
[velocity_smoother-16] [INFO] [1774332427.368465950] [velocity_smoother]: Activating
[velocity_smoother-16] [INFO] [1774332427.368622570] [velocity_smoother]: Creating bond (velocity_smoother) to lifecycle manager.
[lifecycle_manager-19] [INFO] [1774332427.477330665] [lifecycle_manager_navigation]: Server velocity_smoother connected with bond.
[lifecycle_manager-19] [INFO] [1774332427.477382580] [lifecycle_manager_navigation]: [34m[1mActivating collision_monitor[0m[0m
[collision_monitor-17] [INFO] [1774332427.477924768] [collision_monitor]: Activating
[collision_monitor-17] [INFO] [1774332427.478019265] [collision_monitor]: Creating bond (collision_monitor) to lifecycle manager.
[lifecycle_manager-19] [INFO] [1774332427.587684283] [lifecycle_manager_navigation]: Server collision_monitor connected with bond.
[lifecycle_manager-19] [INFO] [1774332427.587739115] [lifecycle_manager_navigation]: [34m[1mActivating collision_detector[0m[0m
[collision_detector-18] [INFO] [1774332427.588095810] [collision_detector]: Activating
[collision_detector-18] [INFO] [1774332427.588178349] [collision_detector]: Creating bond (collision_detector) to lifecycle manager.
[lifecycle_manager-19] [INFO] [1774332427.707970833] [lifecycle_manager_navigation]: Server collision_detector connected with bond.
[lifecycle_manager-19] [INFO] [1774332427.708027123] [lifecycle_manager_navigation]: [34m[1mActivating bt_navigator[0m[0m
[bt_navigator-14] [INFO] [1774332427.708369819] [bt_navigator]: Activating
[bt_navigator-14] [INFO] [1774332427.822951576] [bt_navigator]: Creating bond (bt_navigator) to lifecycle manager.
[lifecycle_manager-19] [INFO] [1774332427.928813399] [lifecycle_manager_navigation]: Server bt_navigator connected with bond.
[lifecycle_manager-19] [INFO] [1774332427.928866189] [lifecycle_manager_navigation]: [34m[1mActivating waypoint_follower[0m[0m
[waypoint_follower-15] [INFO] [1774332427.929218801] [waypoint_follower]: Activating
[waypoint_follower-15] [INFO] [1774332427.929266341] [waypoint_follower]: Creating bond (waypoint_follower) to lifecycle manager.
[lifecycle_manager-19] [INFO] [1774332428.037077594] [lifecycle_manager_navigation]: Server waypoint_follower connected with bond.
[lifecycle_manager-19] [INFO] [1774332428.037222547] [lifecycle_manager_navigation]: [34m[1mActivating keepout_filter_mask_server[0m[0m
[map_server-8] [INFO] [1774332428.038392088] [keepout_filter_mask_server]: Activating
[map_server-8] [INFO] [1774332428.039302930] [keepout_filter_mask_server]: Creating bond (keepout_filter_mask_server) to lifecycle manager.
[lifecycle_manager-19] [INFO] [1774332428.151173160] [lifecycle_manager_navigation]: Server keepout_filter_mask_server connected with bond.
[lifecycle_manager-19] [INFO] [1774332428.151269990] [lifecycle_manager_navigation]: [34m[1mActivating keepout_costmap_filter_info_server[0m[0m
[costmap_filter_info_server-9] [INFO] [1774332428.152187248] [keepout_costmap_filter_info_server]: Activating
[costmap_filter_info_server-9] [INFO] [1774332428.152318202] [keepout_costmap_filter_info_server]: Creating bond (keepout_costmap_filter_info_server) to lifecycle manager.
[planner_server-12] [INFO] [1774332428.152415906] [global_costmap.global_costmap]: KeepoutFilter: Received filter info from /keepout_costmap_filter_info topic.
[planner_server-12] [INFO] [1774332428.152460821] [global_costmap.global_costmap]: KeepoutFilter: Subscribing to "/keepout_filter_mask" topic for filter mask...
[controller_server-10] [INFO] [1774332428.152511861] [local_costmap.local_costmap]: KeepoutFilter: Received filter info from /keepout_costmap_filter_info topic.
[controller_server-10] [INFO] [1774332428.152601691] [local_costmap.local_costmap]: KeepoutFilter: Subscribing to "/keepout_filter_mask" topic for filter mask...
[planner_server-12] [INFO] [1774332428.164204353] [global_costmap.global_costmap]: KeepoutFilter: Received filter mask from /keepout_filter_mask topic.
[controller_server-10] [INFO] [1774332428.181523766] [local_costmap.local_costmap]: KeepoutFilter: Received filter mask from /keepout_filter_mask topic.
[lifecycle_manager-19] [INFO] [1774332428.264335718] [lifecycle_manager_navigation]: Server keepout_costmap_filter_info_server connected with bond.
[lifecycle_manager-19] [INFO] [1774332428.264386758] [lifecycle_manager_navigation]: [34m[1mManaged nodes are active[0m[0m
[lifecycle_manager-19] [INFO] [1774332428.264401341] [lifecycle_manager_navigation]: [34m[1mCreating bond timer...[0m[0m
[INFO] [delivery_robot_main_controller-20]: process started with pid [18096]
[INFO] [robot_sound-21]: process started with pid [18097]
[INFO] [call_robot_button-22]: process started with pid [18098]
[INFO] [rpc_run_node-23]: process started with pid [18099]
[INFO] [dock_coordinates-24]: process started with pid [18100]
[INFO] [autodock_action_server-25]: process started with pid [18101]
[INFO] [battery_manager_node-26]: process started with pid [18102]
[dock_coordinates-24] [INFO] [1774332429.487832967] [dock_coordinates]: begin dock_coordinates
[dock_coordinates-24] [INFO] [1774332429.489447283] [dock coordinates]: max_alignment_error: 0.010000
[dock_coordinates-24] [INFO] [1774332429.490391666] [dock coordinates]: minimum_point_cloud: 5
[dock_coordinates-24] [INFO] [1774332429.491278884] [dock coordinates]: point_cloud_split_dist: 0.050000
[dock_coordinates-24] [INFO] [1774332429.492279847] [dock coordinates]: max_dock_width: 0.380000
[dock_coordinates-24] [INFO] [1774332429.493155690] [dock coordinates]: min_dock_width: 0.310000
[dock_coordinates-24] [INFO] [1774332429.494310940] [dock coordinates]: range_limit: 1.200000
[battery_manager_node-26] [INFO] [1774332431.196887130] [battery_manager]: SOC limits from API: target=1.00, resume=0.95
[robot_sound-21] [0m[INFO] [1774332431.321645934] [robot_sound_node]: Obstacle sound alarm is enabled.[0m
[robot_sound-21] [0m[INFO] [1774332431.323153212] [robot_sound_node]: ✅ robot_sound_node started using .wav files[0m
[robot_sound-21] [0m[INFO] [1774332431.324806027] [robot_sound_node]: Obstacle sound alarm disabled (API).[0m
[robot_sound-21] [0m[INFO] [1774332431.325429296] [robot_sound_node]: Sound volume set to 0% (API).[0m
[robot_sound-21] [33m[WARN] [1774332431.327534178] [robot_sound_node]: Map not available yet; skipping obstacle classification.[0m
[rpc_run_node-23] [0m[INFO] [1774332431.355352627] [rpc_run_node]: RPC run node started; RPC bridge configured.[0m
[rpc_run_node-23] 2026-03-24 13:07:11,356 [INFO] RPCServer listening on localhost:6000
[robot_sound-21] [0m[INFO] [1774332431.440297751] [robot_sound_node]: Received map (width=787, height=922, resolution=0.050 m/cell)[0m
[battery_manager_node-26] [INFO] [1774332431.585877299] [battery_manager]: State change: IDLE_ON_DOCK -> UNKNOWN
[delivery_robot_main_controller-20] [0m[INFO] [1774332431.867715068] [main_controller_node]: Delivery Robot Main Controller Node started.[0m
[delivery_robot_main_controller-20] [0m[INFO] [1774332431.878513342] [main_controller_node]: Initial state: STANDBY[0m
[delivery_robot_main_controller-20] [0m[INFO] [1774332431.885736205] [main_controller_node]: setting_batteryLowToCharge: 40[0m
[autodock_action_server-25] [INFO] [1774332431.887319606] [autodock_action_server]: auto_dock_init_start
[delivery_robot_main_controller-20] [33m[WARN] [1774332431.933527262] [rcl.logging_rosout]: Publisher already registered for node name: 'main_controller_node'. If this is due to multiple nodes with the same name then all logs for the logger named 'main_controller_node' will go out over the existing publisher. As soon as any node with that name is destructed it will unregister the publisher, preventing any further logs for that name from being published on the rosout topic.[0m
[autodock_action_server-25] [INFO] [1774332431.976174963] [autodock_action_server]: auto_dock_init_complete
[delivery_robot_main_controller-20] [33m[WARN] [1774332432.045879600] [main_controller_node]: slam_toolbox_msgs not available; initial pose service calls will be skipped.[0m
[delivery_robot_main_controller-20] [0m[INFO] [1774332433.237806828] [main_controller_node]: Waiting for Nav2 system...[0m
[INFO] [bash-27]: process started with pid [18214]
[delivery_robot_main_controller-20] [0m[INFO] [1774332435.255197172] [main_controller_node]: Waiting for localization pose to be received from slam_toolbox/pose[0m
[delivery_robot_main_controller-20] [0m[INFO] [1774332435.262322038] [main_controller_node]: Acquired localization pose from TF map->base_link[0m
[bash-27] Traceback (most recent call last):
[bash-27]   File "/home/smr/workspaces/mini_amr/amrROS2_UI/ICEAMR/main.py", line 30, in <module>
[bash-27]     from password_dialog import PasswordDialog
[bash-27]   File "/home/smr/workspaces/mini_amr/amrROS2_UI/ICEAMR/password_dialog.py", line 35
[bash-27]     self.setWindowFlags(Qt.FramelessWindowHint | Qt.WindowStaysOnTopHint)
[bash-27] TabError: inconsistent use of tabs and spaces in indentation
[ERROR] [bash-27]: process has died [pid 18214, exit code 1, cmd '/bin/bash -c cd /home/smr/workspaces/mini_amr/amrROS2_UI/ICEAMR && source ../env/bin/activate && python main.py'].
[INFO] [battery_manager_node-26]: sending signal 'SIGINT' to process[battery_manager_node-26]
[INFO] [autodock_action_server-25]: sending signal 'SIGINT' to process[autodock_action_server-25]
[INFO] [dock_coordinates-24]: sending signal 'SIGINT' to process[dock_coordinates-24]
[INFO] [rpc_run_node-23]: sending signal 'SIGINT' to process[rpc_run_node-23]
[INFO] [call_robot_button-22]: sending signal 'SIGINT' to process[call_robot_button-22]
[INFO] [robot_sound-21]: sending signal 'SIGINT' to process[robot_sound-21]
[INFO] [dock_coordinates-24]: process has finished cleanly [pid 18100]
[INFO] [delivery_robot_main_controller-20]: sending signal 'SIGINT' to process[delivery_robot_main_controller-20]
[INFO] [lifecycle_manager-19]: sending signal 'SIGINT' to process[lifecycle_manager-19]
[INFO] [collision_detector-18]: sending signal 'SIGINT' to process[collision_detector-18]
[INFO] [collision_monitor-17]: sending signal 'SIGINT' to process[collision_monitor-17]
[INFO] [velocity_smoother-16]: sending signal 'SIGINT' to process[velocity_smoother-16]
[INFO] [waypoint_follower-15]: sending signal 'SIGINT' to process[waypoint_follower-15]
[INFO] [bt_navigator-14]: sending signal 'SIGINT' to process[bt_navigator-14]
[INFO] [behavior_server-13]: sending signal 'SIGINT' to process[behavior_server-13]
[INFO] [planner_server-12]: sending signal 'SIGINT' to process[planner_server-12]
[INFO] [smoother_server-11]: sending signal 'SIGINT' to process[smoother_server-11]
[INFO] [controller_server-10]: sending signal 'SIGINT' to process[controller_server-10]
[INFO] [costmap_filter_info_server-9]: sending signal 'SIGINT' to process[costmap_filter_info_server-9]
[INFO] [map_server-8]: sending signal 'SIGINT' to process[map_server-8]
[INFO] [localization_slam_toolbox_node-7]: sending signal 'SIGINT' to process[localization_slam_toolbox_node-7]
[INFO] [robot_hardware-6]: sending signal 'SIGINT' to process[robot_hardware-6]
[INFO] [ekf_node-5]: sending signal 'SIGINT' to process[ekf_node-5]
[INFO] [scan_to_scan_filter_chain-4]: sending signal 'SIGINT' to process[scan_to_scan_filter_chain-4]
[INFO] [rplidar_node-3]: sending signal 'SIGINT' to process[rplidar_node-3]
[INFO] [joint_state_publisher-2]: sending signal 'SIGINT' to process[joint_state_publisher-2]
[INFO] [robot_state_publisher-1]: sending signal 'SIGINT' to process[robot_state_publisher-1]
[battery_manager_node-26] Traceback (most recent call last):
[battery_manager_node-26]   File "/home/smr/workspaces/mini_amr/amrROS2_ws/install/battery_management/lib/battery_management/battery_manager_node", line 33, in <module>
[battery_manager_node-26]     sys.exit(load_entry_point('battery-management==0.0.0', 'console_scripts', 'battery_manager_node')())
[battery_manager_node-26]              ^^^^^^^^^^^^^^^^^^^^^^^^^^^^^^^^^^^^^^^^^^^^^^^^^^^^^^^^^^^^^^^^^^^^^^^^^^^^^^^^^^^^^^^^^^
[battery_manager_node-26]   File "/home/smr/workspaces/mini_amr/amrROS2_ws/install/battery_management/lib/python3.12/site-packages/battery_management/battery_manager_node.py", line 311, in main
[battery_manager_node-26]     rclpy.spin(node)
[battery_manager_node-26]   File "/opt/ros/jazzy/lib/python3.12/site-packages/rclpy/__init__.py", line 247, in spin
[battery_manager_node-26]     executor.spin_once()
[battery_manager_node-26]   File "/opt/ros/jazzy/lib/python3.12/site-packages/rclpy/executors.py", line 845, in spin_once
[battery_manager_node-26]     self._spin_once_impl(timeout_sec)
[battery_manager_node-26]   File "/opt/ros/jazzy/lib/python3.12/site-packages/rclpy/executors.py", line 829, in _spin_once_impl
[battery_manager_node-26]     handler, entity, node = self.wait_for_ready_callbacks(
[battery_manager_node-26]                             ^^^^^^^^^^^^^^^^^^^^^^^^^^^^^^
[battery_manager_node-26]   File "/opt/ros/jazzy/lib/python3.12/site-packages/rclpy/executors.py", line 799, in wait_for_ready_callbacks
[battery_manager_node-26]     return next(self._cb_iter)
[battery_manager_node-26]            ^^^^^^^^^^^^^^^^^^^
[battery_manager_node-26]   File "/opt/ros/jazzy/lib/python3.12/site-packages/rclpy/executors.py", line 703, in _wait_for_ready_callbacks
[battery_manager_node-26]     wait_set.wait(timeout_nsec)
[battery_manager_node-26] KeyboardInterrupt
[dock_coordinates-24] [INFO] [1774332436.785978890] [rclcpp]: signal_handler(signum=2)
[rpc_run_node-23] [0m[INFO] [1774332436.794983479] [rpc_run_node]: RPC run node stopped by user.[0m
[rpc_run_node-23] Failed to publish log message to rosout: publisher's context is invalid, at ./src/rcl/publisher.c:423
[rpc_run_node-23] 2026-03-24 13:07:16,797 [INFO] RPCServer stopped.
[robot_sound-21] [0m[INFO] [1774332436.816061756] [robot_sound_node]: 🔚 robot_sound_node stopped by user.[0m
[robot_sound-21] Failed to publish log message to rosout: publisher's context is invalid, at ./src/rcl/publisher.c:423
[delivery_robot_main_controller-20] Traceback (most recent call last):
[delivery_robot_main_controller-20]   File "/home/smr/workspaces/mini_amr/amrROS2_ws/install/delivery_robot_main_controller/lib/delivery_robot_main_controller/delivery_robot_main_controller", line 33, in <module>
[delivery_robot_main_controller-20]     sys.exit(load_entry_point('delivery-robot-main-controller==0.0.1', 'console_scripts', 'delivery_robot_main_controller')())
[delivery_robot_main_controller-20]              ^^^^^^^^^^^^^^^^^^^^^^^^^^^^^^^^^^^^^^^^^^^^^^^^^^^^^^^^^^^^^^^^^^^^^^^^^^^^^^^^^^^^^^^^^^^^^^^^^^^^^^^^^^^^^^^^
[delivery_robot_main_controller-20]   File "/home/smr/workspaces/mini_amr/amrROS2_ws/install/delivery_robot_main_controller/lib/python3.12/site-packages/delivery_robot_main_controller/main_controller_node.py", line 1701, in main
[delivery_robot_main_controller-20]     node = DeliveryRobotMainController()
[delivery_robot_main_controller-20]            ^^^^^^^^^^^^^^^^^^^^^^^^^^^^^
[delivery_robot_main_controller-20]   File "/home/smr/workspaces/mini_amr/amrROS2_ws/install/delivery_robot_main_controller/lib/python3.12/site-packages/delivery_robot_main_controller/main_controller_node.py", line 170, in __init__
[delivery_robot_main_controller-20]     self.navigator.waitUntilNav2Active()
[delivery_robot_main_controller-20]   File "/home/smr/workspaces/mini_amr/amrROS2_ws/install/delivery_robot_main_controller/lib/python3.12/site-packages/delivery_robot_main_controller/robot_navigator.py", line 260, in waitUntilNav2Active
[delivery_robot_main_controller-20]     self._waitForNodeToActivate('bt_navigator')
[delivery_robot_main_controller-20]   File "/home/smr/workspaces/mini_amr/amrROS2_ws/install/delivery_robot_main_controller/lib/python3.12/site-packages/delivery_robot_main_controller/robot_navigator.py", line 430, in _waitForNodeToActivate
[delivery_robot_main_controller-20]     time.sleep(2)
[delivery_robot_main_controller-20] KeyboardInterrupt
[lifecycle_manager-19] [INFO] [1774332436.830062414] [rclcpp]: signal_handler(signum=2)
[lifecycle_manager-19] [INFO] [1774332436.830219034] [lifecycle_manager_navigation]: Running Nav2 LifecycleManager rcl preshutdown (lifecycle_manager_navigation)
[lifecycle_manager-19] [INFO] [1774332436.830277365] [lifecycle_manager_navigation]: [34m[1mTerminating bond timer...[0m[0m
[collision_detector-18] [INFO] [1774332436.845229989] [rclcpp]: signal_handler(signum=2)
[collision_detector-18] [INFO] [1774332436.845438814] [collision_detector]: Running Nav2 LifecycleNode rcl preshutdown (collision_detector)
[collision_detector-18] [INFO] [1774332436.845525145] [collision_detector]: Deactivating
[collision_detector-18] [INFO] [1774332436.845546144] [collision_detector]: Destroying bond (collision_detector) to lifecycle manager.
[collision_detector-18] [INFO] [1774332436.855970807] [collision_detector]: Cleaning up
[collision_detector-18] [INFO] [1774332436.856020680] [collision_monitor]: [PolygonStop]: Destroying Circle
[collision_detector-18] [INFO] [1774332436.856028263] [collision_monitor]: [PolygonStop]: Destroying Polygon
[collision_detector-18] [INFO] [1774332436.856037013] [collision_monitor]: [PolygonSlow]: Destroying Polygon
[collision_detector-18] [INFO] [1774332436.856044013] [collision_monitor]: [scan]: Destroying Scan
[collision_detector-18] [INFO] [1774332436.861710307] [collision_detector]: Destroying bond (collision_detector) to lifecycle manager.
[collision_monitor-17] [INFO] [1774332436.870322328] [rclcpp]: signal_handler(signum=2)
[collision_monitor-17] [INFO] [1774332436.870470197] [collision_monitor]: Running Nav2 LifecycleNode rcl preshutdown (collision_monitor)
[collision_monitor-17] [INFO] [1774332436.870553903] [collision_monitor]: Deactivating
[collision_monitor-17] [INFO] [1774332436.870573443] [collision_monitor]: Destroying bond (collision_monitor) to lifecycle manager.
[velocity_smoother-16] [INFO] [1774332436.882837290] [rclcpp]: signal_handler(signum=2)
[velocity_smoother-16] [INFO] [1774332436.883017825] [velocity_smoother]: Running Nav2 LifecycleNode rcl preshutdown (velocity_smoother)
[velocity_smoother-16] [INFO] [1774332436.883099489] [velocity_smoother]: Deactivating
[velocity_smoother-16] [INFO] [1774332436.883126321] [velocity_smoother]: Destroying bond (velocity_smoother) to lifecycle manager.
[waypoint_follower-15] [INFO] [1774332436.889686541] [rclcpp]: signal_handler(signum=2)
[waypoint_follower-15] [INFO] [1774332436.890042945] [waypoint_follower]: Running Nav2 LifecycleNode rcl preshutdown (waypoint_follower)
[waypoint_follower-15] [INFO] [1774332436.890245354] [waypoint_follower]: Deactivating
[waypoint_follower-15] [INFO] [1774332436.890323810] [waypoint_follower]: Destroying bond (waypoint_follower) to lifecycle manager.
[bt_navigator-14] [INFO] [1774332436.895568078] [rclcpp]: signal_handler(signum=2)
[bt_navigator-14] [INFO] [1774332436.895755904] [bt_navigator]: Running Nav2 LifecycleNode rcl preshutdown (bt_navigator)
[bt_navigator-14] [INFO] [1774332436.895850109] [bt_navigator]: Deactivating
[bt_navigator-14] [INFO] [1774332436.895881316] [bt_navigator]: Destroying bond (bt_navigator) to lifecycle manager.
[behavior_server-13] [INFO] [1774332436.900334613] [rclcpp]: signal_handler(signum=2)
[behavior_server-13] [INFO] [1774332436.900453317] [behavior_server]: Running Nav2 LifecycleNode rcl preshutdown (behavior_server)
[behavior_server-13] [INFO] [1774332436.900567646] [behavior_server]: Deactivating
[behavior_server-13] [INFO] [1774332436.900591854] [behavior_server]: Destroying bond (behavior_server) to lifecycle manager.
[planner_server-12] [INFO] [1774332436.906532013] [rclcpp]: signal_handler(signum=2)
[planner_server-12] [INFO] [1774332436.907522185] [planner_server]: Running Nav2 LifecycleNode rcl preshutdown (planner_server)
[planner_server-12] [INFO] [1774332436.907728970] [planner_server]: Deactivating
[planner_server-12] [INFO] [1774332436.907819675] [global_costmap.global_costmap]: Deactivating
[smoother_server-11] [INFO] [1774332436.912048104] [rclcpp]: signal_handler(signum=2)
[smoother_server-11] [INFO] [1774332436.912327511] [smoother_server]: Running Nav2 LifecycleNode rcl preshutdown (smoother_server)
[smoother_server-11] [INFO] [1774332436.912430174] [smoother_server]: Deactivating
[smoother_server-11] [INFO] [1774332436.912452923] [smoother_server]: Destroying bond (smoother_server) to lifecycle manager.
[controller_server-10] [INFO] [1774332436.919614538] [rclcpp]: signal_handler(signum=2)
[controller_server-10] [INFO] [1774332436.919739950] [controller_server]: Running Nav2 LifecycleNode rcl preshutdown (controller_server)
[controller_server-10] [INFO] [1774332436.919834738] [controller_server]: Deactivating
[controller_server-10] [INFO] [1774332436.919865654] [MPPIController]: Deactivated MPPI Controller: FollowPath
[controller_server-10] [INFO] [1774332436.919884320] [local_costmap.local_costmap]: Deactivating
[costmap_filter_info_server-9] [INFO] [1774332436.931114537] [rclcpp]: signal_handler(signum=2)
[costmap_filter_info_server-9] [INFO] [1774332436.931269698] [keepout_costmap_filter_info_server]: Running Nav2 LifecycleNode rcl preshutdown (keepout_costmap_filter_info_server)
[call_robot_button-22] [0m[INFO] [1774332436.939442485] [call_robot_button_node]: CallRobotButton interrupted by user.[0m
[call_robot_button-22] Failed to publish log message to rosout: publisher's context is invalid, at ./src/rcl/publisher.c:423
[costmap_filter_info_server-9] [INFO] [1774332436.932242663] [keepout_costmap_filter_info_server]: Deactivating
[costmap_filter_info_server-9] [INFO] [1774332436.932294869] [keepout_costmap_filter_info_server]: Destroying bond (keepout_costmap_filter_info_server) to lifecycle manager.
[map_server-8] [INFO] [1774332436.938820383] [rclcpp]: signal_handler(signum=2)
[map_server-8] [INFO] [1774332436.938980210] [keepout_filter_mask_server]: Running Nav2 LifecycleNode rcl preshutdown (keepout_filter_mask_server)
[map_server-8] [INFO] [1774332436.939065957] [keepout_filter_mask_server]: Deactivating
[map_server-8] [INFO] [1774332436.939081706] [keepout_filter_mask_server]: Destroying bond (keepout_filter_mask_server) to lifecycle manager.
[collision_monitor-17] [INFO] [1774332436.941160339] [collision_monitor]: Cleaning up
[collision_monitor-17] [INFO] [1774332436.941211962] [collision_monitor]: [PolygonStop]: Destroying Circle
[collision_monitor-17] [INFO] [1774332436.941228295] [collision_monitor]: [PolygonStop]: Destroying Polygon
[collision_monitor-17] [INFO] [1774332436.941241420] [collision_monitor]: [PolygonSlow]: Destroying Polygon
[collision_monitor-17] [INFO] [1774332436.941254252] [collision_monitor]: [FootprintApproach]: Destroying Polygon
[collision_monitor-17] [INFO] [1774332436.941268835] [collision_monitor]: [scan]: Destroying Scan
[velocity_smoother-16] [INFO] [1774332436.943523337] [velocity_smoother]: Cleaning up
[velocity_smoother-16] [INFO] [1774332436.943583710] [velocity_smoother]: Destroying bond (velocity_smoother) to lifecycle manager.
[localization_slam_toolbox_node-7] [INFO] [1774332436.947921510] [rclcpp]: signal_handler(signum=2)
[waypoint_follower-15] [INFO] [1774332436.951291888] [waypoint_follower]: Cleaning up
[robot_hardware-6] [INFO] [1774332436.954320445] [rclcpp]: signal_handler(signum=2)
[bt_navigator-14] [INFO] [1774332436.956305164] [bt_navigator]: Cleaning up
[collision_monitor-17] [INFO] [1774332436.962545146] [collision_monitor]: Destroying bond (collision_monitor) to lifecycle manager.
[smoother_server-11] [INFO] [1774332436.962875884] [smoother_server]: Cleaning up
[behavior_server-13] [INFO] [1774332436.970993839] [behavior_server]: Cleaning up
[behavior_server-13] [INFO] [1774332436.974305011] [behavior_server]: Destroying bond (behavior_server) to lifecycle manager.
[costmap_filter_info_server-9] [INFO] [1774332436.972900104] [keepout_costmap_filter_info_server]: Cleaning up
[costmap_filter_info_server-9] [INFO] [1774332436.973036015] [keepout_costmap_filter_info_server]: Destroying bond (keepout_costmap_filter_info_server) to lifecycle manager.
[localization_slam_toolbox_node-7] Unregistering sensor: Custom Described Lidar
[ekf_node-5] [INFO] [1774332437.006023484] [rclcpp]: signal_handler(signum=2)
[controller_server-10] [INFO] [1774332437.007234149] [controller_server]: Destroying bond (controller_server) to lifecycle manager.
[scan_to_scan_filter_chain-4] [INFO] [1774332437.020597830] [rclcpp]: signal_handler(signum=2)
[map_server-8] [INFO] [1774332437.039469437] [keepout_filter_mask_server]: Cleaning up
[map_server-8] [INFO] [1774332437.039530976] [keepout_filter_mask_server]: Destroying bond (keepout_filter_mask_server) to lifecycle manager.
[robot_state_publisher-1] [INFO] [1774332437.041884349] [rclcpp]: signal_handler(signum=2)
[collision_detector-18] [INFO] [1774332437.064112626] [collision_detector]: Destroying
[controller_server-10] [INFO] [1774332437.107891953] [controller_server]: Cleaning up
[controller_server-10] [INFO] [1774332437.108019990] [MPPIController]: Cleaned up MPPI Controller: FollowPath
[controller_server-10] [INFO] [1774332437.108153860] [local_costmap.local_costmap]: Cleaning up
[costmap_filter_info_server-9] [INFO] [1774332437.107950576] [keepout_costmap_filter_info_server]: Destroying
[planner_server-12] [INFO] [1774332437.148397732] [planner_server]: Deactivating plugin GridBased of type SmacPlanner2D
[planner_server-12] [INFO] [1774332437.148569809] [planner_server]: Destroying bond (planner_server) to lifecycle manager.
[smoother_server-11] [INFO] [1774332437.152274717] [smoother_server]: Destroying bond (smoother_server) to lifecycle manager.
[velocity_smoother-16] [INFO] [1774332437.156047288] [velocity_smoother]: Destroying
[smoother_server-11] [INFO] [1774332437.161707457] [smoother_server]: Destroying
[rplidar_node-3] [INFO] [1774332437.196834516] [rplidar_node]: Stop motor
[collision_monitor-17] [INFO] [1774332437.247631671] [collision_monitor]: Destroying
[map_server-8] [INFO] [1774332437.251121920] [keepout_filter_mask_server]: Destroying
[waypoint_follower-15] [INFO] [1774332437.272106575] [waypoint_follower]: Destroying bond (waypoint_follower) to lifecycle manager.
[behavior_server-13] [INFO] [1774332437.277655331] [behavior_server]: Destroying
[waypoint_follower-15] [INFO] [1774332437.309871662] [waypoint_follower]: Destroying
[planner_server-12] [INFO] [1774332437.356072318] [planner_server]: Cleaning up
[planner_server-12] [INFO] [1774332437.387314225] [global_costmap.global_costmap]: Cleaning up
[planner_server-12] [INFO] [1774332437.413461193] [planner_server]: Cleaning up plugin GridBased of type SmacPlanner2D
[planner_server-12] [INFO] [1774332437.415030011] [planner_server]: Destroying plugin GridBased of type SmacPlanner2D
[controller_server-10] [INFO] [1774332437.430218584] [controller_server]: Destroying bond (controller_server) to lifecycle manager.
[controller_server-10] [INFO] [1774332437.451502478] [local_costmap.local_costmap]: Destroying
[controller_server-10] [INFO] [1774332437.575101658] [controller_server]: Destroying
[planner_server-12] [INFO] [1774332437.598183028] [planner_server]: Destroying bond (planner_server) to lifecycle manager.
[lifecycle_manager-19] [INFO] [1774332437.609498409] [lifecycle_manager_navigation]: Destroying lifecycle_manager_navigation
[planner_server-12] [INFO] [1774332437.612546215] [global_costmap.global_costmap]: Destroying
[planner_server-12] [INFO] [1774332437.715102117] [planner_server]: Destroying
[bt_navigator-14] [INFO] [1774332437.741796231] [bt_navigator]: Completed Cleaning up
[bt_navigator-14] [INFO] [1774332437.741883436] [bt_navigator]: Destroying bond (bt_navigator) to lifecycle manager.
[bt_navigator-14] [INFO] [1774332437.801226407] [bt_navigator]: Destroying
[autodock_action_server-25] Traceback (most recent call last):
[autodock_action_server-25]   File "/home/smr/workspaces/mini_amr/amrROS2_ws/install/action_autodock/lib/python3.12/site-packages/action_autodock/autodock_action_server.py", line 1409, in main
[autodock_action_server-25]     executor.spin()
[autodock_action_server-25]   File "/opt/ros/jazzy/lib/python3.12/site-packages/rclpy/executors.py", line 312, in spin
[autodock_action_server-25]     self.spin_once()
[autodock_action_server-25]   File "/opt/ros/jazzy/lib/python3.12/site-packages/rclpy/executors.py", line 917, in spin_once
[autodock_action_server-25]     self._spin_once_impl(timeout_sec)
[autodock_action_server-25]   File "/opt/ros/jazzy/lib/python3.12/site-packages/rclpy/executors.py", line 896, in _spin_once_impl
[autodock_action_server-25]     handler, entity, node = self.wait_for_ready_callbacks(
[autodock_action_server-25]                             ^^^^^^^^^^^^^^^^^^^^^^^^^^^^^^
[autodock_action_server-25]   File "/opt/ros/jazzy/lib/python3.12/site-packages/rclpy/executors.py", line 799, in wait_for_ready_callbacks
[autodock_action_server-25]     return next(self._cb_iter)
[autodock_action_server-25]            ^^^^^^^^^^^^^^^^^^^
[autodock_action_server-25]   File "/opt/ros/jazzy/lib/python3.12/site-packages/rclpy/executors.py", line 703, in _wait_for_ready_callbacks
[autodock_action_server-25]     wait_set.wait(timeout_nsec)
[autodock_action_server-25] KeyboardInterrupt
[autodock_action_server-25] 
[autodock_action_server-25] During handling of the above exception, another exception occurred:
[autodock_action_server-25] 
[autodock_action_server-25] Traceback (most recent call last):
[autodock_action_server-25]   File "/home/smr/workspaces/mini_amr/amrROS2_ws/install/action_autodock/lib/action_autodock/autodock_action_server", line 33, in <module>
[autodock_action_server-25]     sys.exit(load_entry_point('action-autodock==0.0.0', 'console_scripts', 'autodock_action_server')())
[autodock_action_server-25]              ^^^^^^^^^^^^^^^^^^^^^^^^^^^^^^^^^^^^^^^^^^^^^^^^^^^^^^^^^^^^^^^^^^^^^^^^^^^^^^^^^^^^^^^^^
[autodock_action_server-25]   File "/home/smr/workspaces/mini_amr/amrROS2_ws/install/action_autodock/lib/python3.12/site-packages/action_autodock/autodock_action_server.py", line 1420, in main
[autodock_action_server-25]     rclpy.shutdown()   
[autodock_action_server-25]     ^^^^^^^^^^^^^^^^
[autodock_action_server-25]   File "/opt/ros/jazzy/lib/python3.12/site-packages/rclpy/__init__.py", line 134, in shutdown
[autodock_action_server-25]     _shutdown(context=context)
[autodock_action_server-25]   File "/opt/ros/jazzy/lib/python3.12/site-packages/rclpy/utilities.py", line 82, in shutdown
[autodock_action_server-25]     context.shutdown()
[autodock_action_server-25]   File "/opt/ros/jazzy/lib/python3.12/site-packages/rclpy/context.py", line 129, in shutdown
[autodock_action_server-25]     self.__context.shutdown()
[autodock_action_server-25] rclpy._rclpy_pybind11.RCLError: failed to shutdown: rcl_shutdown already called on the given context, at ./src/rcl/init.c:333
[robot_sound-21] Traceback (most recent call last):
[robot_sound-21]   File "/home/smr/workspaces/mini_amr/amrROS2_ws/install/delivery_robot_main_controller/lib/delivery_robot_main_controller/robot_sound", line 33, in <module>
[robot_sound-21]     sys.exit(load_entry_point('delivery-robot-main-controller==0.0.1', 'console_scripts', 'robot_sound')())
[robot_sound-21]              ^^^^^^^^^^^^^^^^^^^^^^^^^^^^^^^^^^^^^^^^^^^^^^^^^^^^^^^^^^^^^^^^^^^^^^^^^^^^^^^^^^^^^^^^^^^^^
[robot_sound-21]   File "/home/smr/workspaces/mini_amr/amrROS2_ws/install/delivery_robot_main_controller/lib/python3.12/site-packages/delivery_robot_main_controller/robot_sound.py", line 369, in main
[robot_sound-21]     rclpy.shutdown()
[robot_sound-21]   File "/opt/ros/jazzy/lib/python3.12/site-packages/rclpy/__init__.py", line 134, in shutdown
[robot_sound-21]     _shutdown(context=context)
[robot_sound-21]   File "/opt/ros/jazzy/lib/python3.12/site-packages/rclpy/utilities.py", line 82, in shutdown
[robot_sound-21]     context.shutdown()
[robot_sound-21]   File "/opt/ros/jazzy/lib/python3.12/site-packages/rclpy/context.py", line 129, in shutdown
[robot_sound-21]     self.__context.shutdown()
[robot_sound-21] rclpy._rclpy_pybind11.RCLError: failed to shutdown: rcl_shutdown already called on the given context, at ./src/rcl/init.c:333
[rpc_run_node-23] Traceback (most recent call last):
[rpc_run_node-23]   File "/home/smr/workspaces/mini_amr/amrROS2_ws/install/delivery_robot_main_controller/lib/delivery_robot_main_controller/rpc_run_node", line 33, in <module>
[rpc_run_node-23]     sys.exit(load_entry_point('delivery-robot-main-controller==0.0.1', 'console_scripts', 'rpc_run_node')())
[rpc_run_node-23]              ^^^^^^^^^^^^^^^^^^^^^^^^^^^^^^^^^^^^^^^^^^^^^^^^^^^^^^^^^^^^^^^^^^^^^^^^^^^^^^^^^^^^^^^^^^^^^^
[rpc_run_node-23]   File "/home/smr/workspaces/mini_amr/amrROS2_ws/install/delivery_robot_main_controller/lib/python3.12/site-packages/delivery_robot_main_controller/rpc_run_node.py", line 57, in main
[rpc_run_node-23]     rclpy.shutdown()
[rpc_run_node-23]   File "/opt/ros/jazzy/lib/python3.12/site-packages/rclpy/__init__.py", line 134, in shutdown
[rpc_run_node-23]     _shutdown(context=context)
[rpc_run_node-23]   File "/opt/ros/jazzy/lib/python3.12/site-packages/rclpy/utilities.py", line 82, in shutdown
[rpc_run_node-23]     context.shutdown()
[rpc_run_node-23]   File "/opt/ros/jazzy/lib/python3.12/site-packages/rclpy/context.py", line 129, in shutdown
[rpc_run_node-23]     self.__context.shutdown()
[rpc_run_node-23] rclpy._rclpy_pybind11.RCLError: failed to shutdown: rcl_shutdown already called on the given context, at ./src/rcl/init.c:333
[ERROR] [robot_sound-21]: process has died [pid 18097, exit code 1, cmd '/home/smr/workspaces/mini_amr/amrROS2_ws/install/delivery_robot_main_controller/lib/delivery_robot_main_controller/robot_sound --ros-args -r __node:=robot_sound_node -r __ns:=/ -r /tf:=tf -r /tf_static:=tf_static'].
[INFO] [smoother_server-11]: process has finished cleanly [pid 17826]
[INFO] [costmap_filter_info_server-9]: process has finished cleanly [pid 17820]
[ERROR] [rpc_run_node-23]: process has died [pid 18099, exit code 1, cmd '/home/smr/workspaces/mini_amr/amrROS2_ws/install/delivery_robot_main_controller/lib/delivery_robot_main_controller/rpc_run_node --ros-args -r __node:=rpc_run_node -r __ns:=/ -r /tf:=tf -r /tf_static:=tf_static'].
[INFO] [robot_hardware-6]: process has finished cleanly [pid 17817]
[INFO] [collision_detector-18]: process has finished cleanly [pid 17892]
[INFO] [joint_state_publisher-2]: process has finished cleanly [pid 17813]
[INFO] [waypoint_follower-15]: process has finished cleanly [pid 17870]
[INFO] [map_server-8]: process has finished cleanly [pid 17819]
[INFO] [velocity_smoother-16]: process has finished cleanly [pid 17880]
[call_robot_button-22] Traceback (most recent call last):
[call_robot_button-22]   File "/home/smr/workspaces/mini_amr/amrROS2_ws/install/delivery_robot_main_controller/lib/delivery_robot_main_controller/call_robot_button", line 33, in <module>
[call_robot_button-22]     sys.exit(load_entry_point('delivery-robot-main-controller==0.0.1', 'console_scripts', 'call_robot_button')())
[call_robot_button-22]              ^^^^^^^^^^^^^^^^^^^^^^^^^^^^^^^^^^^^^^^^^^^^^^^^^^^^^^^^^^^^^^^^^^^^^^^^^^^^^^^^^^^^^^^^^^^^^^^^^^^
[call_robot_button-22]   File "/home/smr/workspaces/mini_amr/amrROS2_ws/install/delivery_robot_main_controller/lib/python3.12/site-packages/delivery_robot_main_controller/call_button.py", line 251, in main
[call_robot_button-22]     rclpy.shutdown()
[call_robot_button-22]   File "/opt/ros/jazzy/lib/python3.12/site-packages/rclpy/__init__.py", line 134, in shutdown
[call_robot_button-22]     _shutdown(context=context)
[call_robot_button-22]   File "/opt/ros/jazzy/lib/python3.12/site-packages/rclpy/utilities.py", line 82, in shutdown
[call_robot_button-22]     context.shutdown()
[call_robot_button-22]   File "/opt/ros/jazzy/lib/python3.12/site-packages/rclpy/context.py", line 129, in shutdown
[call_robot_button-22]     self.__context.shutdown()
[call_robot_button-22] rclpy._rclpy_pybind11.RCLError: failed to shutdown: rcl_shutdown already called on the given context, at ./src/rcl/init.c:333
[INFO] [collision_monitor-17]: process has finished cleanly [pid 17891]
[ERROR] [battery_manager_node-26]: process has died [pid 18102, exit code -2, cmd '/home/smr/workspaces/mini_amr/amrROS2_ws/install/battery_management/lib/battery_management/battery_manager_node --ros-args -r __node:=battery_manager -r __ns:=/ --params-file /home/smr/workspaces/mini_amr/amrROS2_ws/install/battery_management/share/battery_management/config/battery_manager.yaml -r /tf:=tf -r /tf_static:=tf_static'].
[ERROR] [call_robot_button-22]: process has died [pid 18098, exit code 1, cmd '/home/smr/workspaces/mini_amr/amrROS2_ws/install/delivery_robot_main_controller/lib/delivery_robot_main_controller/call_robot_button --ros-args -r __node:=call_robot_button_node -r __ns:=/ -r /tf:=tf -r /tf_static:=tf_static'].
[INFO] [lifecycle_manager-19]: process has finished cleanly [pid 17893]
[INFO] [controller_server-10]: process has finished cleanly [pid 17821]
[INFO] [behavior_server-13]: process has finished cleanly [pid 17838]
[INFO] [planner_server-12]: process has finished cleanly [pid 17835]
[INFO] [bt_navigator-14]: process has finished cleanly [pid 17839]
[ERROR] [delivery_robot_main_controller-20]: process has died [pid 18096, exit code -2, cmd '/home/smr/workspaces/mini_amr/amrROS2_ws/install/delivery_robot_main_controller/lib/delivery_robot_main_controller/delivery_robot_main_controller --ros-args -r __node:=main_controller_node -r __ns:=/ --params-file /tmp/launch_params_sgfgrkkg -r /tf:=tf -r /tf_static:=tf_static'].
[INFO] [robot_state_publisher-1]: process has finished cleanly [pid 17812]
[INFO] [ekf_node-5]: process has finished cleanly [pid 17816]
[ERROR] [autodock_action_server-25]: process has died [pid 18101, exit code 1, cmd '/home/smr/workspaces/mini_amr/amrROS2_ws/install/action_autodock/lib/action_autodock/autodock_action_server --ros-args -r __ns:=/ --params-file /home/smr/workspaces/mini_amr/amrROS2_ws/install/action_autodock/share/action_autodock/config/auto_dock_config.yaml --params-file /tmp/launch_params_yyhkt12p -r /tf:=tf -r /tf_static:=tf_static'].
[INFO] [rplidar_node-3]: process has finished cleanly [pid 17814]
[INFO] [scan_to_scan_filter_chain-4]: process has finished cleanly [pid 17815]
[INFO] [localization_slam_toolbox_node-7]: process has finished cleanly [pid 17818]
