[INFO] [launch]: All log files can be found below /home/smr/.ros/log/2026-03-24-15-06-20-751526-two-25753
[INFO] [launch]: Default logging verbosity is set to INFO
[INFO] [robot_state_publisher-1]: process started with pid [25769]
[INFO] [joint_state_publisher-2]: process started with pid [25770]
[INFO] [rplidar_node-3]: process started with pid [25771]
[INFO] [scan_to_scan_filter_chain-4]: process started with pid [25772]
[INFO] [ekf_node-5]: process started with pid [25773]
[INFO] [robot_hardware-6]: process started with pid [25774]
[INFO] [localization_slam_toolbox_node-7]: process started with pid [25775]
[INFO] [map_server-8]: process started with pid [25776]
[INFO] [costmap_filter_info_server-9]: process started with pid [25777]
[INFO] [controller_server-10]: process started with pid [25778]
[INFO] [smoother_server-11]: process started with pid [25796]
[INFO] [planner_server-12]: process started with pid [25799]
[INFO] [behavior_server-13]: process started with pid [25806]
[INFO] [bt_navigator-14]: process started with pid [25811]
[INFO] [waypoint_follower-15]: process started with pid [25825]
[INFO] [velocity_smoother-16]: process started with pid [25836]
[INFO] [collision_monitor-17]: process started with pid [25838]
[INFO] [collision_detector-18]: process started with pid [25843]
[INFO] [lifecycle_manager-19]: process started with pid [25846]
[robot_hardware-6] Serial port opened at port /dev/teensy with baudrate 460800
[robot_hardware-6] Created receive data thread
[localization_slam_toolbox_node-7] [INFO] [1774339581.825857782] [slam_toolbox]: Node using stack size 40000000
[robot_state_publisher-1] [INFO] [1774339581.919816944] [robot_state_publisher]: Robot initialized
[localization_slam_toolbox_node-7] [INFO] [1774339581.943367617] [slam_toolbox]: Configuring
[costmap_filter_info_server-9] [INFO] [1774339581.953095818] [costmap_filter_info_server]: This is costmap filter info publisher
[localization_slam_toolbox_node-7] [INFO] [1774339581.978325266] [slam_toolbox]: Using solver plugin solver_plugins::CeresSolver
[rplidar_node-3] [INFO] [1774339581.989433584] [rplidar_node]: RPLidar running on ROS2 package rplidar_ros. RPLIDAR SDK Version:2.1.0
[localization_slam_toolbox_node-7] [INFO] [1774339582.048815417] [slam_toolbox]: CeresSolver: Using SCHUR_JACOBI preconditioner.
[map_server-8] [INFO] [1774339582.129386090] [keepout_filter_mask_server]: 
[map_server-8] 	keepout_filter_mask_server lifecycle node launched. 
[map_server-8] 	Waiting on external lifecycle transitions to activate
[map_server-8] 	See https://design.ros2.org/articles/node_lifecycle.html for more information.
[map_server-8] [INFO] [1774339582.130481260] [keepout_filter_mask_server]: Creating
[costmap_filter_info_server-9] [INFO] [1774339582.251833961] [keepout_costmap_filter_info_server]: 
[costmap_filter_info_server-9] 	keepout_costmap_filter_info_server lifecycle node launched. 
[costmap_filter_info_server-9] 	Waiting on external lifecycle transitions to activate
[costmap_filter_info_server-9] 	See https://design.ros2.org/articles/node_lifecycle.html for more information.
[bt_navigator-14] [INFO] [1774339582.368779733] [bt_navigator]: 
[planner_server-12] [INFO] [1774339582.387290583] [planner_server]: 
[planner_server-12] 	planner_server lifecycle node launched. 
[planner_server-12] 	Waiting on external lifecycle transitions to activate
[planner_server-12] 	See https://design.ros2.org/articles/node_lifecycle.html for more information.
[smoother_server-11] [INFO] [1774339582.397507308] [smoother_server]: 
[smoother_server-11] 	smoother_server lifecycle node launched. 
[smoother_server-11] 	Waiting on external lifecycle transitions to activate
[smoother_server-11] 	See https://design.ros2.org/articles/node_lifecycle.html for more information.
[bt_navigator-14] 	bt_navigator lifecycle node launched. 
[bt_navigator-14] 	Waiting on external lifecycle transitions to activate
[bt_navigator-14] 	See https://design.ros2.org/articles/node_lifecycle.html for more information.
[planner_server-12] [INFO] [1774339582.409769128] [planner_server]: Creating
[bt_navigator-14] [INFO] [1774339582.427098478] [bt_navigator]: Creating
[smoother_server-11] [INFO] [1774339582.433654040] [smoother_server]: Creating smoother server
[controller_server-10] [INFO] [1774339582.466694047] [controller_server]: 
[controller_server-10] 	controller_server lifecycle node launched. 
[controller_server-10] 	Waiting on external lifecycle transitions to activate
[controller_server-10] 	See https://design.ros2.org/articles/node_lifecycle.html for more information.
[rplidar_node-3] [INFO] [1774339582.490653332] [rplidar_node]: RPLidar S/N: CEDCEDF9C7E29BCEA7E39EF25E0F4304
[rplidar_node-3] [INFO] [1774339582.490774661] [rplidar_node]: Firmware Ver: 1.02
[rplidar_node-3] [INFO] [1774339582.490809951] [rplidar_node]: Hardware Rev: 18
[rplidar_node-3] [INFO] [1774339582.495084176] [rplidar_node]: RPLidar health status : 0
[rplidar_node-3] [INFO] [1774339582.495186547] [rplidar_node]: RPLidar health status : OK.
[rplidar_node-3] [INFO] [1774339582.499886299] [rplidar_node]: Start
[controller_server-10] [INFO] [1774339582.538961553] [controller_server]: Creating controller server
[collision_monitor-17] [INFO] [1774339582.550261490] [collision_monitor]: 
[collision_monitor-17] 	collision_monitor lifecycle node launched. 
[collision_monitor-17] 	Waiting on external lifecycle transitions to activate
[collision_monitor-17] 	See https://design.ros2.org/articles/node_lifecycle.html for more information.
[planner_server-12] [INFO] [1774339582.574928041] [global_costmap.global_costmap]: 
[planner_server-12] 	global_costmap lifecycle node launched. 
[planner_server-12] 	Waiting on external lifecycle transitions to activate
[planner_server-12] 	See https://design.ros2.org/articles/node_lifecycle.html for more information.
[planner_server-12] [INFO] [1774339582.579459507] [global_costmap.global_costmap]: Creating Costmap
[rplidar_node-3] [INFO] [1774339582.627731564] [rplidar_node]: current scan mode: Sensitivity, sample rate: 32 Khz, max_distance: 30.0 m, scan frequency:10.0 Hz, 
[collision_detector-18] [INFO] [1774339582.735591071] [collision_detector]: 
[collision_detector-18] 	collision_detector lifecycle node launched. 
[collision_detector-18] 	Waiting on external lifecycle transitions to activate
[collision_detector-18] 	See https://design.ros2.org/articles/node_lifecycle.html for more information.
[velocity_smoother-16] [INFO] [1774339582.768661994] [velocity_smoother]: 
[velocity_smoother-16] 	velocity_smoother lifecycle node launched. 
[velocity_smoother-16] 	Waiting on external lifecycle transitions to activate
[velocity_smoother-16] 	See https://design.ros2.org/articles/node_lifecycle.html for more information.
[controller_server-10] [INFO] [1774339582.780415748] [local_costmap.local_costmap]: 
[controller_server-10] 	local_costmap lifecycle node launched. 
[controller_server-10] 	Waiting on external lifecycle transitions to activate
[controller_server-10] 	See https://design.ros2.org/articles/node_lifecycle.html for more information.
[scan_to_scan_filter_chain-4] [WARN] [1774339582.800383714] [scan_to_scan_filter_chain]: diagnostic_updater: No HW_ID was set. This is probably a bug. Please report it. For devices that do not have a HW_ID, set this value to 'none'. This warning only occurs once all diagnostics are OK. It is okay to wait until the device is open before calling setHardwareID.
[controller_server-10] [INFO] [1774339582.805394080] [local_costmap.local_costmap]: Creating Costmap
[lifecycle_manager-19] [INFO] [1774339582.913055553] [lifecycle_manager_navigation]: Creating
[lifecycle_manager-19] [INFO] [1774339582.922691881] [lifecycle_manager_navigation]: [34m[1mCreating and initializing lifecycle service clients[0m[0m
[behavior_server-13] [INFO] [1774339582.953279933] [behavior_server]: 
[behavior_server-13] 	behavior_server lifecycle node launched. 
[behavior_server-13] 	Waiting on external lifecycle transitions to activate
[behavior_server-13] 	See https://design.ros2.org/articles/node_lifecycle.html for more information.
[rplidar_node-3] [INFO] [1774339583.296974874] [rplidar_node]: set lidar scan frequency to 10.0 Hz(600.0 Rpm) 
[waypoint_follower-15] [INFO] [1774339583.365831750] [waypoint_follower]: 
[waypoint_follower-15] 	waypoint_follower lifecycle node launched. 
[waypoint_follower-15] 	Waiting on external lifecycle transitions to activate
[waypoint_follower-15] 	See https://design.ros2.org/articles/node_lifecycle.html for more information.
[waypoint_follower-15] [INFO] [1774339583.376169220] [waypoint_follower]: Creating
[velocity_smoother-16] [WARN] [1774339583.573499005] [velocity_smoother.rclcpp]: failed to send response to /velocity_smoother/list_parameters (timeout): error not set, at ./src/rcl/service.c:400
[lifecycle_manager-19] [INFO] [1774339583.752134196] [lifecycle_manager_navigation]: [34m[1mStarting managed nodes bringup...[0m[0m
[lifecycle_manager-19] [INFO] [1774339583.752300731] [lifecycle_manager_navigation]: [34m[1mConfiguring controller_server[0m[0m
[controller_server-10] [INFO] [1774339583.752957250] [controller_server]: Configuring controller interface
[controller_server-10] [INFO] [1774339583.753095204] [controller_server]: getting progress checker plugins..
[controller_server-10] [INFO] [1774339583.754330369] [controller_server]: getting goal checker plugins..
[controller_server-10] [INFO] [1774339583.754775145] [controller_server]: Controller frequency set to 10.0000Hz
[controller_server-10] [INFO] [1774339583.754854767] [local_costmap.local_costmap]: Configuring
[controller_server-10] [INFO] [1774339583.785082331] [local_costmap.local_costmap]: Using plugin "obstacle_layer"
[controller_server-10] [INFO] [1774339583.800494916] [local_costmap.local_costmap]: Subscribed to Topics: scan
[controller_server-10] [INFO] [1774339583.828680302] [local_costmap.local_costmap]: Initialized plugin "obstacle_layer"
[controller_server-10] [INFO] [1774339583.828782381] [local_costmap.local_costmap]: Using plugin "denoise_layer"
[controller_server-10] [INFO] [1774339583.831458912] [local_costmap.local_costmap]: Initialized plugin "denoise_layer"
[controller_server-10] [INFO] [1774339583.831536493] [local_costmap.local_costmap]: Using plugin "inflation_layer"
[controller_server-10] [INFO] [1774339583.835474147] [local_costmap.local_costmap]: Initialized plugin "inflation_layer"
[controller_server-10] [INFO] [1774339583.835567477] [local_costmap.local_costmap]: Using costmap filter "keepout_filter"
[controller_server-10] [INFO] [1774339583.841473228] [local_costmap.local_costmap]: Initialized costmap filter "keepout_filter"
[controller_server-10] [INFO] [1774339583.841793466] [local_costmap.local_costmap]: Using costmap filter "inflation_layer"
[controller_server-10] [INFO] [1774339583.841969919] [local_costmap.local_costmap]: Initialized costmap filter "inflation_layer"
[controller_server-10] [INFO] [1774339583.900470074] [controller_server]: Created progress_checker : progress_checker of type nav2_controller::SimpleProgressChecker
[controller_server-10] [INFO] [1774339583.903115690] [controller_server]: Controller Server has progress_checker  progress checkers available.
[controller_server-10] [INFO] [1774339583.905419776] [controller_server]: Created goal checker : goal_checker of type nav2_controller::SimpleGoalChecker
[controller_server-10] [INFO] [1774339583.907391373] [controller_server]: Controller Server has goal_checker  goal checkers available.
[controller_server-10] [INFO] [1774339583.910449391] [controller_server]: Created controller : FollowPath of type nav2_mppi_controller::MPPIController
[controller_server-10] [INFO] [1774339583.921650165] [controller_server]: Controller period is equal to model dt. Control sequence shifting is ON
[controller_server-10] [INFO] [1774339583.926111633] [controller_server]: ConstraintCritic instantiated with 1 power and 4.000000 weight.
[controller_server-10] [INFO] [1774339583.926201755] [controller_server]: Critic loaded : mppi::critics::ConstraintCritic
[controller_server-10] [INFO] [1774339583.931155831] [controller_server]: InflationCostCritic instantiated with 1 power and 300.000000 / 0.015000 weights. Critic will collision check based on footprint cost.
[controller_server-10] [INFO] [1774339583.931263452] [controller_server]: Critic loaded : mppi::critics::CostCritic
[controller_server-10] [INFO] [1774339583.933234175] [controller_server]: GoalCritic instantiated with 1 power and 5.000000 weight.
[controller_server-10] [INFO] [1774339583.933307672] [controller_server]: Critic loaded : mppi::critics::GoalCritic
[controller_server-10] [INFO] [1774339583.935411682] [controller_server]: GoalAngleCritic instantiated with 1 power, 3.000000 weight, and 0.500000 angular threshold.
[controller_server-10] [INFO] [1774339583.935484013] [controller_server]: Critic loaded : mppi::critics::GoalAngleCritic
[controller_server-10] [INFO] [1774339583.941028401] [controller_server]: ReferenceTrajectoryCritic instantiated with 1 power and 2.000000 weight
[controller_server-10] [INFO] [1774339583.941223811] [controller_server]: Critic loaded : mppi::critics::PathAlignCritic
[controller_server-10] [INFO] [1774339583.943653309] [controller_server]: Critic loaded : mppi::critics::PathFollowCritic
[controller_server-10] [INFO] [1774339583.947215601] [controller_server]: PathAngleCritic instantiated with 1 power and 1.500000 weight. Mode set to: Forward Preference
[controller_server-10] [INFO] [1774339583.947296098] [controller_server]: Critic loaded : mppi::critics::PathAngleCritic
[controller_server-10] [INFO] [1774339583.949488480] [controller_server]: PreferForwardCritic instantiated with 1 power and 10.000000 weight.
[controller_server-10] [INFO] [1774339583.949580060] [controller_server]: Critic loaded : mppi::critics::PreferForwardCritic
[controller_server-10] [INFO] [1774339583.951204878] [controller_server]: Optimizer reset
[controller_server-10] [INFO] [1774339583.970423287] [MPPIController]: Configured MPPI Controller: FollowPath
[controller_server-10] [INFO] [1774339583.970461785] [controller_server]: Controller Server has FollowPath  controllers available.
[lifecycle_manager-19] [INFO] [1774339584.020109877] [lifecycle_manager_navigation]: [34m[1mConfiguring smoother_server[0m[0m
[smoother_server-11] [INFO] [1774339584.022063100] [smoother_server]: Configuring smoother server
[localization_slam_toolbox_node-7] Load From File /home/smr/workspaces/mini_amr/amrROS2_ws/maps/latest_map.posegraph 
[localization_slam_toolbox_node-7] Mapper <- Module
[localization_slam_toolbox_node-7] Mapper <- m_pSequentialScanMatcher
[localization_slam_toolbox_node-7] Mapper <- m_pGraph
[localization_slam_toolbox_node-7] MapperGraph <- Graph; Graph <- m_Edges; Graph <- m_Vertices
[localization_slam_toolbox_node-7] MapperGraph <- m_pMapper; MapperGraph <- m_pLoopScanMatcher; MapperGraph <- m_pTraversal
[localization_slam_toolbox_node-7] Mapper <- m_pMapperSensorManager
[localization_slam_toolbox_node-7] MapperSensorManager <- m_ScanManagers; MapperSensorManager <- m_Scans
[localization_slam_toolbox_node-7] Mapper <- m_Listeners
[localization_slam_toolbox_node-7] **Finished serializing Mapper**
[localization_slam_toolbox_node-7] Load From File
[localization_slam_toolbox_node-7] **Serializing Dataset**
[localization_slam_toolbox_node-7] Dataset <- m_SensorNameLookup
[localization_slam_toolbox_node-7] Dataset <- m_Data
[localization_slam_toolbox_node-7] Dataset <- m_Lasers
[localization_slam_toolbox_node-7] Dataset <- m_pDatasetInfo
[localization_slam_toolbox_node-7] **Finished serializing Dataset**
[localization_slam_toolbox_node-7] Registering sensor: [Custom Described Lidar]
[localization_slam_toolbox_node-7] WARNING: Logging before InitGoogleLogging() is written to STDERR
[localization_slam_toolbox_node-7] W20260324 15:06:24.050813 25775 preprocessor.cc:67] Specified options.num_threads: 50 exceeds maximum available from the threading model Ceres was compiled with: 8.  Bounding to maximum number available.
[smoother_server-11] [INFO] [1774339584.053725031] [smoother_server]: Created smoother : simple_smoother of type nav2_smoother::SimpleSmoother
[smoother_server-11] [INFO] [1774339584.059675697] [smoother_server]: Smoother Server has simple_smoother  smoothers available.
[INFO] [launch.user]: [LifecycleLaunch] Slamtoolbox node is activating.
[localization_slam_toolbox_node-7] [INFO] [1774339584.074735668] [slam_toolbox]: Activating
[lifecycle_manager-19] [INFO] [1774339584.132916460] [lifecycle_manager_navigation]: [34m[1mConfiguring planner_server[0m[0m
[planner_server-12] [INFO] [1774339584.133619061] [planner_server]: Configuring
[planner_server-12] [INFO] [1774339584.133832553] [global_costmap.global_costmap]: Configuring
[planner_server-12] [INFO] [1774339584.176052155] [global_costmap.global_costmap]: Using plugin "static_layer"
[localization_slam_toolbox_node-7] Registering sensor: [Custom Described Lidar]
[planner_server-12] [INFO] [1774339584.190221700] [global_costmap.global_costmap]: Subscribing to the map topic (/map) with transient local durability
[planner_server-12] [INFO] [1774339584.194080898] [global_costmap.global_costmap]: Initialized plugin "static_layer"
[planner_server-12] [INFO] [1774339584.194167228] [global_costmap.global_costmap]: Using plugin "obstacle_layer"
[planner_server-12] [INFO] [1774339584.199240008] [global_costmap.global_costmap]: Subscribed to Topics: scan
[planner_server-12] [INFO] [1774339584.210389159] [global_costmap.global_costmap]: Initialized plugin "obstacle_layer"
[planner_server-12] [INFO] [1774339584.210476364] [global_costmap.global_costmap]: Using plugin "inflation_layer"
[planner_server-12] [INFO] [1774339584.220961413] [global_costmap.global_costmap]: Initialized plugin "inflation_layer"
[planner_server-12] [INFO] [1774339584.221046868] [global_costmap.global_costmap]: Using costmap filter "keepout_filter"
[planner_server-12] [INFO] [1774339584.233773588] [global_costmap.global_costmap]: Initialized costmap filter "keepout_filter"
[planner_server-12] [INFO] [1774339584.233848836] [global_costmap.global_costmap]: Using costmap filter "inflation_layer2"
[planner_server-12] [INFO] [1774339584.245391431] [global_costmap.global_costmap]: Initialized costmap filter "inflation_layer2"
[joint_state_publisher-2] [INFO] [1774339584.327780290] [joint_state_publisher]: Waiting for robot_description to be published on the robot_description topic...
[planner_server-12] [INFO] [1774339584.352675500] [planner_server]: Created global planner plugin GridBased of type nav2_smac_planner::SmacPlanner2D
[planner_server-12] [INFO] [1774339584.352830369] [planner_server]: Configuring GridBased of type SmacPlanner2D
[planner_server-12] [ERROR] [1774339584.358938238] [planner_server]: Inflation layer either not found or inflation is not set sufficiently for optimized non-circular collision checking capabilities. It is HIGHLY recommended to set the inflation radius to be at MINIMUM half of the robot's largest cross-section. See github.com/ros-planning/navigation2/tree/main/nav2_smac_planner#potential-fields for full instructions. This will substantially impact run-time performance.
[planner_server-12] [INFO] [1774339584.363226463] [planner_server]: Configured plugin GridBased of type SmacPlanner2D with tolerance 0.12, maximum iterations 1000000, max on approach iterations 1000, and not allowing unknown traversal.
[planner_server-12] [INFO] [1774339584.363343417] [planner_server]: Planner Server has GridBased  planners available.
[lifecycle_manager-19] [INFO] [1774339584.398753133] [lifecycle_manager_navigation]: [34m[1mConfiguring behavior_server[0m[0m
[behavior_server-13] [INFO] [1774339584.399526314] [behavior_server]: Configuring
[behavior_server-13] [INFO] [1774339584.429527845] [behavior_server]: Creating behavior plugin wait of type nav2_behaviors::Wait
[behavior_server-13] [INFO] [1774339584.445995642] [behavior_server]: Configuring wait
[lifecycle_manager-19] [INFO] [1774339584.468318734] [lifecycle_manager_navigation]: [34m[1mConfiguring velocity_smoother[0m[0m
[velocity_smoother-16] [INFO] [1774339584.468875798] [velocity_smoother]: Configuring velocity smoother
[lifecycle_manager-19] [INFO] [1774339584.477434164] [lifecycle_manager_navigation]: [34m[1mConfiguring collision_monitor[0m[0m
[collision_monitor-17] [INFO] [1774339584.478950194] [collision_monitor]: Configuring
[collision_monitor-17] [INFO] [1774339584.518228441] [collision_monitor]: [scan]: Creating Scan
[collision_monitor-17] [INFO] [1774339584.531727759] [collision_monitor]: [PolygonStop]: Creating Polygon
[collision_monitor-17] [INFO] [1774339584.531928710] [collision_monitor]: [PolygonStop]: Creating Circle
[collision_monitor-17] [INFO] [1774339584.543994245] [collision_monitor]: [PolygonSlow]: Creating Polygon
[collision_monitor-17] [INFO] [1774339584.563984086] [collision_monitor]: [FootprintApproach]: Creating Polygon
[collision_monitor-17] [INFO] [1774339584.565000217] [collision_monitor]: [FootprintApproach]: Polygon points are not defined. Using dynamic subscription instead.
[collision_monitor-17] [INFO] [1774339584.573264593] [collision_monitor]: [FootprintApproach]: Making footprint subscriber on /local_costmap/published_footprint topic
[planner_server-12] [INFO] [1774339584.583806807] [global_costmap.global_costmap]: StaticLayer: Resizing costmap to 787 X 922 at 0.050000 m/pix
[lifecycle_manager-19] [INFO] [1774339584.605254929] [lifecycle_manager_navigation]: [34m[1mConfiguring collision_detector[0m[0m
[collision_detector-18] [INFO] [1774339584.606324433] [collision_detector]: Configuring
[collision_detector-18] [INFO] [1774339584.676084861] [collision_monitor]: [scan]: Creating Scan
[collision_detector-18] [INFO] [1774339584.690711431] [collision_monitor]: [PolygonStop]: Creating Polygon
[collision_detector-18] [INFO] [1774339584.692975268] [collision_monitor]: [PolygonStop]: Creating Circle
[collision_detector-18] [INFO] [1774339584.705038178] [collision_monitor]: [PolygonSlow]: Creating Polygon
[lifecycle_manager-19] [INFO] [1774339584.715958087] [lifecycle_manager_navigation]: [34m[1mConfiguring bt_navigator[0m[0m
[bt_navigator-14] [INFO] [1774339584.716873596] [bt_navigator]: Configuring
[bt_navigator-14] [INFO] [1774339584.743972562] [bt_navigator]: Creating navigator id navigate_to_pose of type nav2_bt_navigator::NavigateToPoseNavigator
[bt_navigator-14] [INFO] [1774339584.923737922] [bt_navigator]: Creating navigator id navigate_through_poses of type nav2_bt_navigator::NavigateThroughPosesNavigator
[lifecycle_manager-19] [INFO] [1774339585.016085681] [lifecycle_manager_navigation]: [34m[1mConfiguring waypoint_follower[0m[0m
[waypoint_follower-15] [INFO] [1774339585.017260765] [waypoint_follower]: Configuring
[waypoint_follower-15] [INFO] [1774339585.071581484] [waypoint_follower]: Created waypoint_task_executor : wait_at_waypoint of type nav2_waypoint_follower::WaitAtWaypoint
[lifecycle_manager-19] [INFO] [1774339585.075446515] [lifecycle_manager_navigation]: [34m[1mConfiguring keepout_filter_mask_server[0m[0m
[map_server-8] [INFO] [1774339585.075934748] [keepout_filter_mask_server]: Configuring
[map_server-8] [INFO] [1774339585.076065410] [map_io]: Loading yaml file: /home/smr/workspaces/mini_amr/amrROS2_ws/maps/latest_map_keepout.yaml
[map_server-8] [INFO] [1774339585.076364066] [map_io]: resolution: 0.05
[map_server-8] [INFO] [1774339585.076378066] [map_io]: origin[0]: -26.12
[map_server-8] [INFO] [1774339585.076383316] [map_io]: origin[1]: -29.258
[map_server-8] [INFO] [1774339585.076387691] [map_io]: origin[2]: 0
[map_server-8] [INFO] [1774339585.076392357] [map_io]: free_thresh: 0.196
[map_server-8] [INFO] [1774339585.076397024] [map_io]: occupied_thresh: 0.65
[map_server-8] [INFO] [1774339585.076403148] [map_io]: mode: trinary
[map_server-8] [INFO] [1774339585.076408107] [map_io]: negate: 0
[map_server-8] [INFO] [1774339585.076624516] [map_io]: Loading image_file: /home/smr/workspaces/mini_amr/amrROS2_ws/maps/latest_map_keepout.pgm
[map_server-8] [INFO] [1774339585.089511355] [map_io]: Read map /home/smr/workspaces/mini_amr/amrROS2_ws/maps/latest_map_keepout.pgm: 787 X 922 map @ 0.05 m/cell
[lifecycle_manager-19] [INFO] [1774339585.108460857] [lifecycle_manager_navigation]: [34m[1mConfiguring keepout_costmap_filter_info_server[0m[0m
[costmap_filter_info_server-9] [INFO] [1774339585.109322702] [keepout_costmap_filter_info_server]: Configuring
[lifecycle_manager-19] [INFO] [1774339585.138332017] [lifecycle_manager_navigation]: [34m[1mActivating controller_server[0m[0m
[controller_server-10] [INFO] [1774339585.139071366] [controller_server]: Activating
[controller_server-10] [INFO] [1774339585.139363606] [local_costmap.local_costmap]: Activating
[controller_server-10] [INFO] [1774339585.139470644] [local_costmap.local_costmap]: Checking transform
[controller_server-10] [INFO] [1774339585.139875171] [local_costmap.local_costmap]: start
[controller_server-10] [INFO] [1774339585.143639873] [local_costmap.local_costmap]: KeepoutFilter: Subscribing to "/keepout_costmap_filter_info" topic for filter info...
[controller_server-10] [WARN] [1774339585.243235586] [local_costmap.local_costmap]: KeepoutFilter: Filter mask was not received
[controller_server-10] [WARN] [1774339585.248896346] [controller_server]: Parameter controller_server.verbose not found
[controller_server-10] [INFO] [1774339585.249473243] [controller_server]: Optimizer reset
[controller_server-10] [INFO] [1774339585.250523497] [MPPIController]: Activated MPPI Controller: FollowPath
[controller_server-10] [INFO] [1774339585.250574829] [controller_server]: Creating bond (controller_server) to lifecycle manager.
[lifecycle_manager-19] [INFO] [1774339585.355901592] [lifecycle_manager_navigation]: Server controller_server connected with bond.
[lifecycle_manager-19] [INFO] [1774339585.356068711] [lifecycle_manager_navigation]: [34m[1mActivating smoother_server[0m[0m
[smoother_server-11] [INFO] [1774339585.357581533] [smoother_server]: Activating
[smoother_server-11] [INFO] [1774339585.357669030] [smoother_server]: Creating bond (smoother_server) to lifecycle manager.
[lifecycle_manager-19] [INFO] [1774339585.468585971] [lifecycle_manager_navigation]: Server smoother_server connected with bond.
[lifecycle_manager-19] [INFO] [1774339585.468678426] [lifecycle_manager_navigation]: [34m[1mActivating planner_server[0m[0m
[planner_server-12] [INFO] [1774339585.469369652] [planner_server]: Activating
[planner_server-12] [INFO] [1774339585.469447525] [global_costmap.global_costmap]: Activating
[planner_server-12] [INFO] [1774339585.469487481] [global_costmap.global_costmap]: Checking transform
[planner_server-12] [INFO] [1774339585.469665975] [global_costmap.global_costmap]: start
[planner_server-12] [INFO] [1774339585.471181422] [global_costmap.global_costmap]: KeepoutFilter: Subscribing to "/keepout_costmap_filter_info" topic for filter info...
[planner_server-12] [WARN] [1774339586.014873346] [global_costmap.global_costmap]: KeepoutFilter: Filter mask was not received
[planner_server-12] [INFO] [1774339586.072593321] [planner_server]: Activating plugin GridBased of type SmacPlanner2D
[planner_server-12] [INFO] [1774339586.074315552] [planner_server]: Creating bond (planner_server) to lifecycle manager.
[lifecycle_manager-19] [INFO] [1774339586.182733873] [lifecycle_manager_navigation]: Server planner_server connected with bond.
[lifecycle_manager-19] [INFO] [1774339586.182822245] [lifecycle_manager_navigation]: [34m[1mActivating behavior_server[0m[0m
[behavior_server-13] [INFO] [1774339586.184112824] [behavior_server]: Activating
[behavior_server-13] [INFO] [1774339586.184235028] [behavior_server]: Activating wait
[behavior_server-13] [INFO] [1774339586.184310567] [behavior_server]: Creating bond (behavior_server) to lifecycle manager.
[lifecycle_manager-19] [INFO] [1774339586.301836152] [lifecycle_manager_navigation]: Server behavior_server connected with bond.
[lifecycle_manager-19] [INFO] [1774339586.302558585] [lifecycle_manager_navigation]: [34m[1mActivating velocity_smoother[0m[0m
[velocity_smoother-16] [INFO] [1774339586.303562467] [velocity_smoother]: Activating
[velocity_smoother-16] [INFO] [1774339586.303739210] [velocity_smoother]: Creating bond (velocity_smoother) to lifecycle manager.
[lifecycle_manager-19] [INFO] [1774339586.413805390] [lifecycle_manager_navigation]: Server velocity_smoother connected with bond.
[lifecycle_manager-19] [INFO] [1774339586.414266207] [lifecycle_manager_navigation]: [34m[1mActivating collision_monitor[0m[0m
[collision_monitor-17] [INFO] [1774339586.415197466] [collision_monitor]: Activating
[collision_monitor-17] [INFO] [1774339586.415363419] [collision_monitor]: Creating bond (collision_monitor) to lifecycle manager.
[lifecycle_manager-19] [INFO] [1774339586.529887276] [lifecycle_manager_navigation]: Server collision_monitor connected with bond.
[lifecycle_manager-19] [INFO] [1774339586.530611167] [lifecycle_manager_navigation]: [34m[1mActivating collision_detector[0m[0m
[collision_detector-18] [INFO] [1774339586.531371224] [collision_detector]: Activating
[collision_detector-18] [INFO] [1774339586.531631965] [collision_detector]: Creating bond (collision_detector) to lifecycle manager.
[lifecycle_manager-19] [INFO] [1774339586.655794483] [lifecycle_manager_navigation]: Server collision_detector connected with bond.
[lifecycle_manager-19] [INFO] [1774339586.655882272] [lifecycle_manager_navigation]: [34m[1mActivating bt_navigator[0m[0m
[bt_navigator-14] [INFO] [1774339586.656497375] [bt_navigator]: Activating
[bt_navigator-14] [INFO] [1774339586.841240435] [bt_navigator]: Creating bond (bt_navigator) to lifecycle manager.
[INFO] [delivery_robot_main_controller-20]: process started with pid [26087]
[INFO] [robot_sound-21]: process started with pid [26088]
[INFO] [call_robot_button-22]: process started with pid [26089]
[INFO] [rpc_run_node-23]: process started with pid [26090]
[INFO] [dock_coordinates-24]: process started with pid [26091]
[INFO] [autodock_action_server-25]: process started with pid [26092]
[INFO] [battery_manager_node-26]: process started with pid [26093]
[lifecycle_manager-19] [INFO] [1774339586.949078359] [lifecycle_manager_navigation]: Server bt_navigator connected with bond.
[lifecycle_manager-19] [INFO] [1774339586.950101490] [lifecycle_manager_navigation]: [34m[1mActivating waypoint_follower[0m[0m
[waypoint_follower-15] [INFO] [1774339586.955994408] [waypoint_follower]: Activating
[waypoint_follower-15] [INFO] [1774339586.956568680] [waypoint_follower]: Creating bond (waypoint_follower) to lifecycle manager.
[dock_coordinates-24] [INFO] [1774339587.015838517] [dock_coordinates]: begin dock_coordinates
[dock_coordinates-24] [INFO] [1774339587.017015059] [dock coordinates]: max_alignment_error: 0.010000
[dock_coordinates-24] [INFO] [1774339587.017074265] [dock coordinates]: minimum_point_cloud: 5
[dock_coordinates-24] [INFO] [1774339587.017089723] [dock coordinates]: point_cloud_split_dist: 0.050000
[dock_coordinates-24] [INFO] [1774339587.017106348] [dock coordinates]: max_dock_width: 0.380000
[dock_coordinates-24] [INFO] [1774339587.017121805] [dock coordinates]: min_dock_width: 0.310000
[dock_coordinates-24] [INFO] [1774339587.017137555] [dock coordinates]: range_limit: 1.200000
[lifecycle_manager-19] [INFO] [1774339587.081502922] [lifecycle_manager_navigation]: Server waypoint_follower connected with bond.
[lifecycle_manager-19] [INFO] [1774339587.081775037] [lifecycle_manager_navigation]: [34m[1mActivating keepout_filter_mask_server[0m[0m
[map_server-8] [INFO] [1774339587.082566884] [keepout_filter_mask_server]: Activating
[map_server-8] [INFO] [1774339587.090940049] [keepout_filter_mask_server]: Creating bond (keepout_filter_mask_server) to lifecycle manager.
[lifecycle_manager-19] [INFO] [1774339587.207917611] [lifecycle_manager_navigation]: Server keepout_filter_mask_server connected with bond.
[lifecycle_manager-19] [INFO] [1774339587.208610878] [lifecycle_manager_navigation]: [34m[1mActivating keepout_costmap_filter_info_server[0m[0m
[costmap_filter_info_server-9] [INFO] [1774339587.210174449] [keepout_costmap_filter_info_server]: Activating
[costmap_filter_info_server-9] [INFO] [1774339587.210489729] [keepout_costmap_filter_info_server]: Creating bond (keepout_costmap_filter_info_server) to lifecycle manager.
[controller_server-10] [INFO] [1774339587.210993420] [local_costmap.local_costmap]: KeepoutFilter: Received filter info from /keepout_costmap_filter_info topic.
[controller_server-10] [INFO] [1774339587.211178622] [local_costmap.local_costmap]: KeepoutFilter: Subscribing to "/keepout_filter_mask" topic for filter mask...
[planner_server-12] [INFO] [1774339587.212706901] [global_costmap.global_costmap]: KeepoutFilter: Received filter info from /keepout_costmap_filter_info topic.
[planner_server-12] [INFO] [1774339587.212858854] [global_costmap.global_costmap]: KeepoutFilter: Subscribing to "/keepout_filter_mask" topic for filter mask...
[controller_server-10] [INFO] [1774339587.271419675] [local_costmap.local_costmap]: KeepoutFilter: Received filter mask from /keepout_filter_mask topic.
[lifecycle_manager-19] [INFO] [1774339587.347206016] [lifecycle_manager_navigation]: Server keepout_costmap_filter_info_server connected with bond.
[lifecycle_manager-19] [INFO] [1774339587.349102074] [lifecycle_manager_navigation]: [34m[1mManaged nodes are active[0m[0m
[lifecycle_manager-19] [INFO] [1774339587.349928920] [lifecycle_manager_navigation]: [34m[1mCreating bond timer...[0m[0m
[planner_server-12] [INFO] [1774339587.467472004] [global_costmap.global_costmap]: KeepoutFilter: Received filter mask from /keepout_filter_mask topic.
[robot_sound-21] [0m[INFO] [1774339589.264346875] [robot_sound_node]: Sound volume set to 100% (API).[0m
[robot_sound-21] [0m[INFO] [1774339589.279759459] [robot_sound_node]: ✅ robot_sound_node started using .wav files[0m
[rpc_run_node-23] [0m[INFO] [1774339589.331179363] [rpc_run_node]: RPC run node started; RPC bridge configured.[0m
[rpc_run_node-23] 2026-03-24 15:06:29,350 [INFO] RPCServer listening on localhost:6000
[battery_manager_node-26] [INFO] [1774339589.538628460] [battery_manager]: SOC limits from API: target=1.00, resume=0.95
[battery_manager_node-26] [INFO] [1774339589.543291754] [battery_manager]: IR state: IDLE -> READY (10)
[battery_manager_node-26] [INFO] [1774339589.925286435] [battery_manager]: Charger READY; starting charge
[battery_manager_node-26] [INFO] [1774339590.042264289] [battery_manager]: State change: IDLE_ON_DOCK -> CHARGING
[autodock_action_server-25] [INFO] [1774339590.256563520] [autodock_action_server]: auto_dock_init_start
[delivery_robot_main_controller-20] [0m[INFO] [1774339590.295399907] [main_controller_node]: Delivery Robot Main Controller Node started.[0m
[autodock_action_server-25] [INFO] [1774339590.321003842] [autodock_action_server]: auto_dock_init_complete
[delivery_robot_main_controller-20] [0m[INFO] [1774339590.325284775] [main_controller_node]: Initial state: STANDBY[0m
[delivery_robot_main_controller-20] [0m[INFO] [1774339590.337346519] [main_controller_node]: setting_batteryLowToCharge: 40[0m
[battery_manager_node-26] [INFO] [1774339590.427476815] [battery_manager]: State change: CHARGING -> IDLE_ON_DOCK
[battery_manager_node-26] [INFO] [1774339590.433898214] [battery_manager]: Charger READY; starting charge
[delivery_robot_main_controller-20] [33m[WARN] [1774339590.440242034] [rcl.logging_rosout]: Publisher already registered for node name: 'main_controller_node'. If this is due to multiple nodes with the same name then all logs for the logger named 'main_controller_node' will go out over the existing publisher. As soon as any node with that name is destructed it will unregister the publisher, preventing any further logs for that name from being published on the rosout topic.[0m
[battery_manager_node-26] [INFO] [1774339590.568737983] [battery_manager]: State change: IDLE_ON_DOCK -> CHARGING
[autodock_action_server-25] [INFO] [1774339590.601413420] [charge_status]: IR Charge State: READY (10)
[delivery_robot_main_controller-20] [33m[WARN] [1774339590.627743288] [main_controller_node]: slam_toolbox_msgs not available; initial pose service calls will be skipped.[0m
[battery_manager_node-26] [INFO] [1774339590.927174699] [battery_manager]: State change: CHARGING -> IDLE_ON_DOCK
[battery_manager_node-26] [INFO] [1774339590.938700378] [battery_manager]: Charger READY; starting charge
[battery_manager_node-26] [INFO] [1774339591.043230044] [battery_manager]: State change: IDLE_ON_DOCK -> CHARGING
[battery_manager_node-26] [INFO] [1774339591.424793072] [battery_manager]: State change: CHARGING -> IDLE_ON_DOCK
[battery_manager_node-26] [INFO] [1774339591.425764580] [battery_manager]: Charger READY; starting charge
[call_robot_button-22] 2026-03-24 15:06:31 mosquitto_pub -u smr -P smrbot25 -m "Production1,blink" -t "Rsp" -r
[call_robot_button-22] [0m[INFO] [1774339591.485419987] [call_robot_button_node]: call_switch notified: station=Production1 status=blink.[0m
[battery_manager_node-26] [INFO] [1774339591.529217159] [battery_manager]: State change: IDLE_ON_DOCK -> CHARGING
[battery_manager_node-26] [INFO] [1774339591.545141600] [battery_manager]: IR state: READY -> CHARGING (11)
[autodock_action_server-25] [INFO] [1774339591.547356147] [charge_status]: IR Charge State: CHARGING (11)
[INFO] [bash-27]: process started with pid [26214]
[delivery_robot_main_controller-20] [0m[INFO] [1774339591.975651286] [main_controller_node]: Waiting for Nav2 system...[0m
[delivery_robot_main_controller-20] [0m[INFO] [1774339594.006453283] [main_controller_node]: Waiting for localization pose to be received from slam_toolbox/pose[0m
[delivery_robot_main_controller-20] [0m[INFO] [1774339594.010590429] [main_controller_node]: Acquired localization pose from TF map->base_link[0m
[delivery_robot_main_controller-20] [0m[INFO] [1774339596.123925363] [main_controller_node]: Nav2 is ready for use![0m
[delivery_robot_main_controller-20] [0m[INFO] [1774339596.183431150] [main_controller_node]: Robot is in STANDBY mode.[0m
[delivery_robot_main_controller-20] [0m[INFO] [1774339596.222672357] [main_controller_node]: Dock State change: IDLE -> DOCKED[0m
[delivery_robot_main_controller-20] [33m[WARN] [1774339596.263510382] [main_controller_node]: Robot status id missing; refreshing before battery status.[0m
[delivery_robot_main_controller-20] [0m[INFO] [1774339597.134037755] [main_controller_node]: Current state: STANDBY, dock_state DOCKED, charge_state CHARGING[0m
[delivery_robot_main_controller-20] [0m[INFO] [1774339598.132492640] [main_controller_node]: Current state: STANDBY, dock_state DOCKED, charge_state CHARGING[0m
[delivery_robot_main_controller-20] [0m[INFO] [1774339598.220336641] [main_controller_node]: 1 pending queues [0m
[delivery_robot_main_controller-20] [0m[INFO] [1774339599.132493011] [main_controller_node]: Current state: STANDBY, dock_state DOCKED, charge_state CHARGING[0m
[delivery_robot_main_controller-20] [0m[INFO] [1774339600.156686285] [main_controller_node]: Current state: STANDBY, dock_state DOCKED, charge_state CHARGING[0m
[delivery_robot_main_controller-20] [0m[INFO] [1774339600.251522165] [main_controller_node]: State change: STANDBY -> DOCK[0m
[delivery_robot_main_controller-20] [0m[INFO] [1774339600.281807478] [main_controller_node]: Robot is UNDOCKING.[0m
[delivery_robot_main_controller-20] [0m[INFO] [1774339600.293450111] [main_controller_node]: Dock State change: DOCKED -> UNDOCKING[0m
[delivery_robot_main_controller-20] [0m[INFO] [1774339600.305546562] [main_controller_node]: Sending autodock UNDOCK goal...[0m
[delivery_robot_main_controller-20] [0m[INFO] [1774339600.306410448] [main_controller_node]: Undock goal sent (future created)[0m
[autodock_action_server-25] [INFO] [1774339600.315839992] [autodock_action_server]: Executing goal...
[autodock_action_server-25] [INFO] [1774339600.323314855] [autodock_action_server]: Published request_stop_charge: (True)
[battery_manager_node-26] [INFO] [1774339600.327664619] [battery_manager]: request_stop_charge received: False -> True
[delivery_robot_main_controller-20] [0m[INFO] [1774339600.332784939] [main_controller_node]: Undock goal response callback triggered[0m
[battery_manager_node-26] [WARN] [1774339600.427444660] [battery_manager]: Request stop charge for undock
[battery_manager_node-26] [INFO] [1774339600.533162242] [battery_manager]: State change: CHARGING -> COOLDOWN
[battery_manager_node-26] [INFO] [1774339600.893330522] [battery_manager]: IR state: CHARGING -> READY (10)
[autodock_action_server-25] [INFO] [1774339600.903451875] [charge_status]: IR Charge State: READY (10)
[battery_manager_node-26] [INFO] [1774339600.924788293] [battery_manager]: State change: COOLDOWN -> IDLE_ON_DOCK
[delivery_robot_main_controller-20] [0m[INFO] [1774339601.152805876] [main_controller_node]: Current state: DOCK, dock_state UNDOCKING, charge_state NOT_CHARGE[0m
[autodock_action_server-25] [INFO] [1774339601.325479317] [autodock_action_server]: Confirm: Robot stop charge (after 1 attempt(s)) ✅
[autodock_action_server-25] [INFO] [1774339601.326068755] [autodock_action_server]: Stop charging successfully
[delivery_robot_main_controller-20] [0m[INFO] [1774339602.143484908] [main_controller_node]: Current state: DOCK, dock_state UNDOCKING, charge_state NOT_CHARGE[0m
[delivery_robot_main_controller-20] [0m[INFO] [1774339602.391477165] [main_controller_node]: Received feedback undock: 1[0m
[delivery_robot_main_controller-20] [0m[INFO] [1774339603.135843588] [main_controller_node]: Current state: DOCK, dock_state UNDOCKING, charge_state NOT_CHARGE[0m
[autodock_action_server-25] [INFO] [1774339603.621340128] [charge_status]: IR Charge State: IDLE (0)
[battery_manager_node-26] [INFO] [1774339603.623690004] [battery_manager]: IR state: READY -> IDLE (0)
[battery_manager_node-26] [INFO] [1774339603.924946595] [battery_manager]: State change: IDLE_ON_DOCK -> UNKNOWN
[delivery_robot_main_controller-20] [0m[INFO] [1774339604.135681488] [main_controller_node]: Current state: DOCK, dock_state UNDOCKING, charge_state NOT_CHARGE[0m
[delivery_robot_main_controller-20] [0m[INFO] [1774339605.172121396] [main_controller_node]: Current state: DOCK, dock_state UNDOCKING, charge_state NOT_CHARGE[0m
[delivery_robot_main_controller-20] [0m[INFO] [1774339606.145299857] [main_controller_node]: Current state: DOCK, dock_state UNDOCKING, charge_state NOT_CHARGE[0m
[delivery_robot_main_controller-20] [0m[INFO] [1774339607.143522564] [main_controller_node]: Current state: DOCK, dock_state UNDOCKING, charge_state NOT_CHARGE[0m
[delivery_robot_main_controller-20] [0m[INFO] [1774339608.141631234] [main_controller_node]: Current state: DOCK, dock_state UNDOCKING, charge_state NOT_CHARGE[0m
[autodock_action_server-25] [INFO] [1774339608.637101257] [autodock_action_server]: Published request_stop_charge: (False)
[autodock_action_server-25] [INFO] [1774339608.639443841] [autodock_action_server]: finish undocking
[battery_manager_node-26] [INFO] [1774339608.641467062] [battery_manager]: request_stop_charge received: True -> False
[delivery_robot_main_controller-20] [0m[INFO] [1774339608.661926468] [main_controller_node]: Undock successful. Proceeding to STANDBY.[0m
[delivery_robot_main_controller-20] [0m[INFO] [1774339608.664507919] [main_controller_node]: Dock State change: UNDOCKING -> IDLE[0m
[delivery_robot_main_controller-20] [0m[INFO] [1774339608.676095429] [main_controller_node]: State change: DOCK -> STANDBY[0m
[delivery_robot_main_controller-20] [0m[INFO] [1774339608.699819347] [main_controller_node]: Robot is in STANDBY mode.[0m
[delivery_robot_main_controller-20] [0m[INFO] [1774339609.166431133] [main_controller_node]: Current state: STANDBY, dock_state IDLE, charge_state NOT_CHARGE[0m
[delivery_robot_main_controller-20] [0m[INFO] [1774339610.155355541] [main_controller_node]: Current state: STANDBY, dock_state IDLE, charge_state NOT_CHARGE[0m
[delivery_robot_main_controller-20] [0m[INFO] [1774339610.250626572] [main_controller_node]: 1 pending queues [0m
[delivery_robot_main_controller-20] [0m[INFO] [1774339610.252879909] [main_controller_node]: Queue action: Request[0m
[delivery_robot_main_controller-20] [0m[INFO] [1774339610.290528088] [main_controller_node]: AGV start_pos: x=0.60, y=0.07[0m
[delivery_robot_main_controller-20] [0m[INFO] [1774339610.293088539] [main_controller_node]: AGV goal_pos: x=3.40, y=-0.73[0m
[delivery_robot_main_controller-20] [0m[INFO] [1774339610.295616617] [main_controller_node]: Path source: building YAML (/home/smr/workspaces/mini_amr/amrROS2_ws/maps/map_000.building.yaml)[0m
[delivery_robot_main_controller-20] Graph before shortest_path: Graph with 11 nodes and 10 edges
[delivery_robot_main_controller-20] [0m[INFO] [1774339610.326435952] [main_controller_node]: Computed AGV path waypoints:[0m
[delivery_robot_main_controller-20] [0m[INFO] [1774339610.327224883] [main_controller_node]:   Waypoint 0: x=0.60, y=0.07[0m
[delivery_robot_main_controller-20] [0m[INFO] [1774339610.327894234] [main_controller_node]:   Waypoint 1: x=0.94, y=-0.33[0m
[delivery_robot_main_controller-20] [0m[INFO] [1774339610.328807702] [main_controller_node]:   Waypoint 2: x=1.29, y=-0.72[0m
[delivery_robot_main_controller-20] [0m[INFO] [1774339610.331243617] [main_controller_node]:   Waypoint 3: x=1.64, y=-1.11[0m
[delivery_robot_main_controller-20] [0m[INFO] [1774339610.334232803] [main_controller_node]:   Waypoint 4: x=1.99, y=-1.51[0m
[delivery_robot_main_controller-20] [0m[INFO] [1774339610.334952028] [main_controller_node]:   Waypoint 5: x=2.46, y=-1.25[0m
[delivery_robot_main_controller-20] [0m[INFO] [1774339610.335651420] [main_controller_node]:   Waypoint 6: x=2.93, y=-0.99[0m
[delivery_robot_main_controller-20] [0m[INFO] [1774339610.336307647] [main_controller_node]:   Waypoint 7: x=3.40, y=-0.73[0m
[delivery_robot_main_controller-20] [0m[INFO] [1774339610.341159644] [main_controller_node]: Navigating with 8 goals....[0m
[bt_navigator-14] [INFO] [1774339610.342894124] [bt_navigator]: Begin navigating from current location through 8 poses to (3.40, -0.73)
[controller_server-10] [INFO] [1774339610.343463729] [local_costmap.local_costmap]: Received request to clear entirely the local_costmap
[delivery_robot_main_controller-20] [0m[INFO] [1774339610.349062949] [main_controller_node]: State change: STANDBY -> MOVE[0m
[controller_server-10] [INFO] [1774339610.364472908] [local_costmap.local_costmap]: KeepoutFilter: Subscribing to "/keepout_costmap_filter_info" topic for filter info...
[delivery_robot_main_controller-20] [0m[INFO] [1774339610.373727750] [main_controller_node]: Robot is MOVING.[0m
[planner_server-12] [INFO] [1774339610.374526597] [global_costmap.global_costmap]: Received request to clear entirely the global_costmap
[controller_server-10] [INFO] [1774339610.377540575] [local_costmap.local_costmap]: KeepoutFilter: Received filter info from /keepout_costmap_filter_info topic.
[controller_server-10] [INFO] [1774339610.377672112] [local_costmap.local_costmap]: KeepoutFilter: Subscribing to "/keepout_filter_mask" topic for filter mask...
[planner_server-12] [INFO] [1774339610.394711555] [global_costmap.global_costmap]: KeepoutFilter: Subscribing to "/keepout_costmap_filter_info" topic for filter info...
[controller_server-10] [WARN] [1774339610.400468270] [local_costmap.local_costmap]: KeepoutFilter: New filter mask arrived from /keepout_filter_mask topic. Updating old filter mask.
[planner_server-12] [INFO] [1774339610.406041824] [global_costmap.global_costmap]: KeepoutFilter: Received filter info from /keepout_costmap_filter_info topic.
[planner_server-12] [INFO] [1774339610.406117655] [global_costmap.global_costmap]: KeepoutFilter: Subscribing to "/keepout_filter_mask" topic for filter mask...
[planner_server-12] [WARN] [1774339610.442664538] [global_costmap.global_costmap]: KeepoutFilter: New filter mask arrived from /keepout_filter_mask topic. Updating old filter mask.
[planner_server-12] [WARN] [1774339610.642407776] [planner_server]: Planner loop missed its desired rate of 5.0000 Hz. Current loop rate is 4.2235 Hz
[controller_server-10] [INFO] [1774339610.660743924] [controller_server]: Received a goal, begin computing control effort.
[controller_server-10] [WARN] [1774339610.661124828] [controller_server]: No goal checker was specified in parameter 'current_goal_checker'. Server will use only plugin loaded goal_checker . This warning will appear once.
[controller_server-10] [WARN] [1774339610.661385277] [controller_server]: No progress checker was specified in parameter 'current_progress_checker'. Server will use only plugin loaded progress_checker . This warning will appear once.
[controller_server-10] [INFO] [1774339610.862698501] [controller_server]: Passing new path to controller.
[controller_server-10] [INFO] [1774339610.966343571] [controller_server]: Passing new path to controller.
[controller_server-10] [INFO] [1774339611.162763384] [controller_server]: Passing new path to controller.
[controller_server-10] [INFO] [1774339611.362805862] [controller_server]: Passing new path to controller.
[controller_server-10] [INFO] [1774339611.462675731] [controller_server]: Passing new path to controller.
[controller_server-10] [INFO] [1774339611.662684084] [controller_server]: Passing new path to controller.
[controller_server-10] [INFO] [1774339611.762674116] [controller_server]: Passing new path to controller.
[controller_server-10] [INFO] [1774339611.962719218] [controller_server]: Passing new path to controller.
[controller_server-10] [INFO] [1774339612.162710656] [controller_server]: Passing new path to controller.
[controller_server-10] [INFO] [1774339612.262712937] [controller_server]: Passing new path to controller.
[controller_server-10] [INFO] [1774339612.462692417] [controller_server]: Passing new path to controller.
[controller_server-10] [INFO] [1774339612.562684781] [controller_server]: Passing new path to controller.
[controller_server-10] [INFO] [1774339612.662691437] [controller_server]: Passing new path to controller.
[controller_server-10] [INFO] [1774339612.762672719] [controller_server]: Passing new path to controller.
[controller_server-10] [INFO] [1774339612.962774986] [controller_server]: Passing new path to controller.
[controller_server-10] [INFO] [1774339613.168717965] [controller_server]: Passing new path to controller.
[controller_server-10] [INFO] [1774339613.362675031] [controller_server]: Passing new path to controller.
[controller_server-10] [INFO] [1774339613.462694228] [controller_server]: Passing new path to controller.
[controller_server-10] [INFO] [1774339613.662677207] [controller_server]: Passing new path to controller.
[controller_server-10] [INFO] [1774339613.762678030] [controller_server]: Passing new path to controller.
[controller_server-10] [INFO] [1774339613.962679092] [controller_server]: Passing new path to controller.
[controller_server-10] [INFO] [1774339614.162676071] [controller_server]: Passing new path to controller.
[controller_server-10] [INFO] [1774339614.262677478] [controller_server]: Passing new path to controller.
[controller_server-10] [INFO] [1774339614.362673342] [controller_server]: Passing new path to controller.
[controller_server-10] [WARN] [1774339614.590889831] [controller_server]: Control loop missed its desired rate of 10.0000 Hz. Current loop rate is 7.8263 Hz.
[controller_server-10] [INFO] [1774339614.590993369] [controller_server]: Passing new path to controller.
[controller_server-10] [INFO] [1774339614.662676394] [controller_server]: Passing new path to controller.
[controller_server-10] [INFO] [1774339614.762677508] [controller_server]: Passing new path to controller.
[controller_server-10] [INFO] [1774339614.962682070] [controller_server]: Passing new path to controller.
[controller_server-10] [INFO] [1774339615.162911791] [controller_server]: Passing new path to controller.
[controller_server-10] [INFO] [1774339615.262706121] [controller_server]: Passing new path to controller.
[controller_server-10] [INFO] [1774339615.362708111] [controller_server]: Passing new path to controller.
[controller_server-10] [INFO] [1774339615.562713839] [controller_server]: Passing new path to controller.
[controller_server-10] [INFO] [1774339615.662713204] [controller_server]: Passing new path to controller.
[controller_server-10] [INFO] [1774339615.762789566] [controller_server]: Passing new path to controller.
[controller_server-10] [INFO] [1774339615.862698808] [controller_server]: Passing new path to controller.
[controller_server-10] [INFO] [1774339616.062973444] [controller_server]: Passing new path to controller.
[controller_server-10] [INFO] [1774339616.162699818] [controller_server]: Passing new path to controller.
[controller_server-10] [INFO] [1774339616.262710558] [controller_server]: Passing new path to controller.
[controller_server-10] [INFO] [1774339616.462676329] [controller_server]: Passing new path to controller.
[controller_server-10] [INFO] [1774339616.562696693] [controller_server]: Passing new path to controller.
[controller_server-10] [INFO] [1774339616.662684975] [controller_server]: Passing new path to controller.
[controller_server-10] [INFO] [1774339616.762687256] [controller_server]: Passing new path to controller.
[controller_server-10] [INFO] [1774339616.962957809] [controller_server]: Passing new path to controller.
[controller_server-10] [INFO] [1774339617.162676839] [controller_server]: Passing new path to controller.
[controller_server-10] [INFO] [1774339617.262674745] [controller_server]: Passing new path to controller.
[controller_server-10] [INFO] [1774339617.462675516] [controller_server]: Passing new path to controller.
[controller_server-10] [INFO] [1774339617.662675120] [controller_server]: Passing new path to controller.
[controller_server-10] [INFO] [1774339617.762693734] [controller_server]: Passing new path to controller.
[controller_server-10] [INFO] [1774339617.962675838] [controller_server]: Passing new path to controller.
[controller_server-10] [INFO] [1774339618.162686525] [controller_server]: Passing new path to controller.
[controller_server-10] [INFO] [1774339618.262710389] [controller_server]: Passing new path to controller.
[controller_server-10] [INFO] [1774339618.362703628] [controller_server]: Passing new path to controller.
[controller_server-10] [WARN] [1774339618.701854264] [controller_server]: Control loop missed its desired rate of 10.0000 Hz. Current loop rate is 4.1814 Hz.
[controller_server-10] [INFO] [1774339618.702282124] [controller_server]: Passing new path to controller.
[controller_server-10] [INFO] [1774339618.809783767] [controller_server]: Passing new path to controller.
[collision_monitor-17] [INFO] [1774339618.886640777] [collision_monitor]: Robot to approach for 1.500000 seconds away from collision
[controller_server-10] [INFO] [1774339618.913857572] [controller_server]: Passing new path to controller.
[collision_monitor-17] [INFO] [1774339618.984382429] [collision_monitor]: Robot to continue normal operation
[planner_server-12] [WARN] [1774339619.114949721] [planner_server]: GridBased plugin failed to plan from (2.59, -0.86) to (3.40, -0.73): "no valid path found"
[planner_server-12] [WARN] [1774339619.115064342] [planner_server]: [compute_path_through_poses] [ActionServer] Aborting handle.
[planner_server-12] [INFO] [1774339619.130271308] [global_costmap.global_costmap]: Received request to clear entirely the global_costmap
[planner_server-12] [INFO] [1774339619.136996030] [global_costmap.global_costmap]: KeepoutFilter: Subscribing to "/keepout_costmap_filter_info" topic for filter info...
[planner_server-12] [INFO] [1774339619.142442422] [global_costmap.global_costmap]: KeepoutFilter: Received filter info from /keepout_costmap_filter_info topic.
[planner_server-12] [INFO] [1774339619.142522044] [global_costmap.global_costmap]: KeepoutFilter: Subscribing to "/keepout_filter_mask" topic for filter mask...
[planner_server-12] [WARN] [1774339619.160209548] [global_costmap.global_costmap]: KeepoutFilter: New filter mask arrived from /keepout_filter_mask topic. Updating old filter mask.
[planner_server-12] [WARN] [1774339619.619458468] [planner_server]: GridBased plugin failed to plan from (2.64, -0.82) to (3.40, -0.73): "no valid path found"
[planner_server-12] [WARN] [1774339619.619613921] [planner_server]: [compute_path_through_poses] [ActionServer] Aborting handle.
[controller_server-10] [INFO] [1774339619.663008606] [controller_server]: Cancellation was successful. Stopping the robot.
[controller_server-10] [INFO] [1774339619.663091728] [controller_server]: [follow_path] [ActionServer] Client requested to cancel the goal. Cancelling.
[controller_server-10] [INFO] [1774339619.664014237] [controller_server]: Optimizer reset
[controller_server-10] [INFO] [1774339619.664031153] [local_costmap.local_costmap]: Received request to clear entirely the local_costmap
[controller_server-10] [INFO] [1774339619.673027879] [local_costmap.local_costmap]: KeepoutFilter: Subscribing to "/keepout_costmap_filter_info" topic for filter info...
[planner_server-12] [INFO] [1774339619.681953441] [global_costmap.global_costmap]: Received request to clear entirely the global_costmap
[controller_server-10] [INFO] [1774339619.683195897] [local_costmap.local_costmap]: KeepoutFilter: Received filter info from /keepout_costmap_filter_info topic.
[controller_server-10] [INFO] [1774339619.683363600] [local_costmap.local_costmap]: KeepoutFilter: Subscribing to "/keepout_filter_mask" topic for filter mask...
[planner_server-12] [INFO] [1774339619.689181270] [global_costmap.global_costmap]: KeepoutFilter: Subscribing to "/keepout_costmap_filter_info" topic for filter info...
[controller_server-10] [INFO] [1774339619.705914183] [local_costmap.local_costmap]: Received request to clear entirely the local_costmap
[planner_server-12] [INFO] [1774339619.713606913] [global_costmap.global_costmap]: KeepoutFilter: Received filter info from /keepout_costmap_filter_info topic.
[planner_server-12] [INFO] [1774339619.714405468] [global_costmap.global_costmap]: KeepoutFilter: Subscribing to "/keepout_filter_mask" topic for filter mask...
[controller_server-10] [INFO] [1774339619.722409104] [local_costmap.local_costmap]: KeepoutFilter: Subscribing to "/keepout_costmap_filter_info" topic for filter info...
[planner_server-12] [INFO] [1774339619.743333994] [global_costmap.global_costmap]: Received request to clear entirely the global_costmap
[planner_server-12] [INFO] [1774339619.752306513] [global_costmap.global_costmap]: KeepoutFilter: Subscribing to "/keepout_costmap_filter_info" topic for filter info...
[planner_server-12] [INFO] [1774339619.763582825] [global_costmap.global_costmap]: KeepoutFilter: Received filter info from /keepout_costmap_filter_info topic.
[planner_server-12] [INFO] [1774339619.763733612] [global_costmap.global_costmap]: KeepoutFilter: Subscribing to "/keepout_filter_mask" topic for filter mask...
[planner_server-12] [WARN] [1774339619.782187589] [global_costmap.global_costmap]: KeepoutFilter: New filter mask arrived from /keepout_filter_mask topic. Updating old filter mask.
[controller_server-10] [INFO] [1774339619.859538082] [local_costmap.local_costmap]: KeepoutFilter: Received filter info from /keepout_costmap_filter_info topic.
[controller_server-10] [INFO] [1774339619.859635787] [local_costmap.local_costmap]: KeepoutFilter: Subscribing to "/keepout_filter_mask" topic for filter mask...
[controller_server-10] [WARN] [1774339619.892621254] [local_costmap.local_costmap]: KeepoutFilter: New filter mask arrived from /keepout_filter_mask topic. Updating old filter mask.
[planner_server-12] [WARN] [1774339620.127599505] [planner_server]: GridBased plugin failed to plan from (2.69, -0.80) to (3.40, -0.73): "no valid path found"
[planner_server-12] [WARN] [1774339620.130127291] [planner_server]: [compute_path_through_poses] [ActionServer] Aborting handle.
[planner_server-12] [INFO] [1774339620.147582636] [global_costmap.global_costmap]: Received request to clear entirely the global_costmap
[planner_server-12] [INFO] [1774339620.153703338] [global_costmap.global_costmap]: KeepoutFilter: Subscribing to "/keepout_costmap_filter_info" topic for filter info...
[planner_server-12] [INFO] [1774339620.162455364] [global_costmap.global_costmap]: KeepoutFilter: Received filter info from /keepout_costmap_filter_info topic.
[planner_server-12] [INFO] [1774339620.162628900] [global_costmap.global_costmap]: KeepoutFilter: Subscribing to "/keepout_filter_mask" topic for filter mask...
[planner_server-12] [WARN] [1774339620.197753667] [global_costmap.global_costmap]: KeepoutFilter: New filter mask arrived from /keepout_filter_mask topic. Updating old filter mask.
[planner_server-12] [WARN] [1774339620.672378130] [planner_server]: GridBased plugin failed to plan from (2.69, -0.80) to (3.40, -0.73): "no valid path found"
[planner_server-12] [WARN] [1774339620.672499459] [planner_server]: [compute_path_through_poses] [ActionServer] Aborting handle.
[behavior_server-13] [INFO] [1774339620.688688432] [behavior_server]: Running wait
[delivery_robot_main_controller-20] [0m[INFO] [1774339624.516911500] [main_controller_node]: Canceling current goal.[0m
[behavior_server-13] [INFO] [1774339624.589132340] [behavior_server]: Canceling wait
[behavior_server-13] [INFO] [1774339624.589593448] [behavior_server]: [wait] [ActionServer] Client requested to cancel the goal. Cancelling.
[bt_navigator-14] [INFO] [1774339624.592588468] [bt_navigator]: [navigate_through_poses] [ActionServer] Client requested to cancel the goal. Cancelling.
[bt_navigator-14] [INFO] [1774339624.596015723] [bt_navigator]: Goal canceled
[delivery_robot_main_controller-20] [0m[INFO] [1774339624.659697446] [main_controller_node]: Goal was canceled![0m
[delivery_robot_main_controller-20] [0m[INFO] [1774339624.661174394] [main_controller_node]: State change: MOVE -> PAUSED[0m
[delivery_robot_main_controller-20] [0m[INFO] [1774339624.668336017] [main_controller_node]: Robot is PAUSED. Awaiting user to switch to STANDBY.[0m
[delivery_robot_main_controller-20] [0m[INFO] [1774339624.670890928] [main_controller_node]: Robot is PAUSED. Awaiting user to switch to STANDBY.[0m
[delivery_robot_main_controller-20] [0m[INFO] [1774339624.697398706] [main_controller_node]: Current state: PAUSED, dock_state IDLE, charge_state NOT_CHARGE[0m
[delivery_robot_main_controller-20] [0m[INFO] [1774339625.131168811] [main_controller_node]: Current state: PAUSED, dock_state IDLE, charge_state NOT_CHARGE[0m
[delivery_robot_main_controller-20] [0m[INFO] [1774339626.183364290] [main_controller_node]: Current state: PAUSED, dock_state IDLE, charge_state NOT_CHARGE[0m
[delivery_robot_main_controller-20] [0m[INFO] [1774339627.140718057] [main_controller_node]: Current state: PAUSED, dock_state IDLE, charge_state NOT_CHARGE[0m
[delivery_robot_main_controller-20] [0m[INFO] [1774339628.144610857] [main_controller_node]: Current state: PAUSED, dock_state IDLE, charge_state NOT_CHARGE[0m
[delivery_robot_main_controller-20] [0m[INFO] [1774339629.131841617] [main_controller_node]: Current state: PAUSED, dock_state IDLE, charge_state NOT_CHARGE[0m
[delivery_robot_main_controller-20] [0m[INFO] [1774339630.133690196] [main_controller_node]: Current state: PAUSED, dock_state IDLE, charge_state NOT_CHARGE[0m
[delivery_robot_main_controller-20] [0m[INFO] [1774339631.141809681] [main_controller_node]: Current state: PAUSED, dock_state IDLE, charge_state NOT_CHARGE[0m
[delivery_robot_main_controller-20] [0m[INFO] [1774339632.236320716] [main_controller_node]: Current state: PAUSED, dock_state IDLE, charge_state NOT_CHARGE[0m
[delivery_robot_main_controller-20] [0m[INFO] [1774339632.682535802] [main_controller_node]: Pause cleared to STANDBY via API/GUI.[0m
[delivery_robot_main_controller-20] [0m[INFO] [1774339632.690687891] [main_controller_node]: Pre-resume: waiting 3 seconds before wiggle...[0m
[bash-27] 4
[bash-27] queue action->Request :  current state-> STANDBY : previous state-> 
[bash-27] queue action->Request :  current state-> DOCK : previous state-> STANDBY
[bash-27] queue action->Request :  current state-> STANDBY : previous state-> DOCK
[bash-27] queue action->Request :  current state-> MOVE : previous state-> STANDBY
[bash-27] queue action->Request :  current state-> PAUSED : previous state-> MOVE
[bash-27] Dialog rejected!
[bash-27] queue action->Request :  current state-> STANDBY : previous state-> PAUSED
[delivery_robot_main_controller-20] [0m[INFO] [1774339633.192324406] [main_controller_node]: Current state: PAUSED, dock_state IDLE, charge_state NOT_CHARGE[0m
[INFO] [bash-27]: process has finished cleanly [pid 26214]
[INFO] [battery_manager_node-26]: sending signal 'SIGINT' to process[battery_manager_node-26]
[INFO] [autodock_action_server-25]: sending signal 'SIGINT' to process[autodock_action_server-25]
[INFO] [dock_coordinates-24]: sending signal 'SIGINT' to process[dock_coordinates-24]
[INFO] [rpc_run_node-23]: sending signal 'SIGINT' to process[rpc_run_node-23]
[INFO] [call_robot_button-22]: sending signal 'SIGINT' to process[call_robot_button-22]
[INFO] [robot_sound-21]: sending signal 'SIGINT' to process[robot_sound-21]
[INFO] [delivery_robot_main_controller-20]: sending signal 'SIGINT' to process[delivery_robot_main_controller-20]
[INFO] [lifecycle_manager-19]: sending signal 'SIGINT' to process[lifecycle_manager-19]
[INFO] [dock_coordinates-24]: process has finished cleanly [pid 26091]
[INFO] [collision_detector-18]: sending signal 'SIGINT' to process[collision_detector-18]
[INFO] [collision_monitor-17]: sending signal 'SIGINT' to process[collision_monitor-17]
[INFO] [velocity_smoother-16]: sending signal 'SIGINT' to process[velocity_smoother-16]
[INFO] [waypoint_follower-15]: sending signal 'SIGINT' to process[waypoint_follower-15]
[INFO] [bt_navigator-14]: sending signal 'SIGINT' to process[bt_navigator-14]
[INFO] [behavior_server-13]: sending signal 'SIGINT' to process[behavior_server-13]
[INFO] [planner_server-12]: sending signal 'SIGINT' to process[planner_server-12]
[INFO] [smoother_server-11]: sending signal 'SIGINT' to process[smoother_server-11]
[INFO] [controller_server-10]: sending signal 'SIGINT' to process[controller_server-10]
[INFO] [costmap_filter_info_server-9]: sending signal 'SIGINT' to process[costmap_filter_info_server-9]
[INFO] [map_server-8]: sending signal 'SIGINT' to process[map_server-8]
[INFO] [localization_slam_toolbox_node-7]: sending signal 'SIGINT' to process[localization_slam_toolbox_node-7]
[INFO] [robot_hardware-6]: sending signal 'SIGINT' to process[robot_hardware-6]
[INFO] [ekf_node-5]: sending signal 'SIGINT' to process[ekf_node-5]
[INFO] [scan_to_scan_filter_chain-4]: sending signal 'SIGINT' to process[scan_to_scan_filter_chain-4]
[INFO] [rplidar_node-3]: sending signal 'SIGINT' to process[rplidar_node-3]
[INFO] [joint_state_publisher-2]: sending signal 'SIGINT' to process[joint_state_publisher-2]
[INFO] [robot_state_publisher-1]: sending signal 'SIGINT' to process[robot_state_publisher-1]
[delivery_robot_main_controller-20] [0m[INFO] [1774339634.133791647] [main_controller_node]: Current state: PAUSED, dock_state IDLE, charge_state NOT_CHARGE[0m
[battery_manager_node-26] Traceback (most recent call last):
[battery_manager_node-26]   File "/home/smr/workspaces/mini_amr/amrROS2_ws/install/battery_management/lib/battery_management/battery_manager_node", line 33, in <module>
[battery_manager_node-26]     sys.exit(load_entry_point('battery-management==0.0.0', 'console_scripts', 'battery_manager_node')())
[battery_manager_node-26]              ^^^^^^^^^^^^^^^^^^^^^^^^^^^^^^^^^^^^^^^^^^^^^^^^^^^^^^^^^^^^^^^^^^^^^^^^^^^^^^^^^^^^^^^^^^
[battery_manager_node-26]   File "/home/smr/workspaces/mini_amr/amrROS2_ws/install/battery_management/lib/python3.12/site-packages/battery_management/battery_manager_node.py", line 311, in main
[battery_manager_node-26]     rclpy.spin(node)
[battery_manager_node-26]   File "/opt/ros/jazzy/lib/python3.12/site-packages/rclpy/__init__.py", line 247, in spin
[battery_manager_node-26]     executor.spin_once()
[battery_manager_node-26]   File "/opt/ros/jazzy/lib/python3.12/site-packages/rclpy/executors.py", line 845, in spin_once
[battery_manager_node-26]     self._spin_once_impl(timeout_sec)
[battery_manager_node-26]   File "/opt/ros/jazzy/lib/python3.12/site-packages/rclpy/executors.py", line 829, in _spin_once_impl
[battery_manager_node-26]     handler, entity, node = self.wait_for_ready_callbacks(
[battery_manager_node-26]                             ^^^^^^^^^^^^^^^^^^^^^^^^^^^^^^
[battery_manager_node-26]   File "/opt/ros/jazzy/lib/python3.12/site-packages/rclpy/executors.py", line 799, in wait_for_ready_callbacks
[battery_manager_node-26]     return next(self._cb_iter)
[battery_manager_node-26]            ^^^^^^^^^^^^^^^^^^^
[battery_manager_node-26]   File "/opt/ros/jazzy/lib/python3.12/site-packages/rclpy/executors.py", line 703, in _wait_for_ready_callbacks
[battery_manager_node-26]     wait_set.wait(timeout_nsec)
[battery_manager_node-26] KeyboardInterrupt
[dock_coordinates-24] [INFO] [1774339634.544690930] [rclcpp]: signal_handler(signum=2)
[rpc_run_node-23] [0m[INFO] [1774339634.559395956] [rpc_run_node]: RPC run node stopped by user.[0m
[rpc_run_node-23] Failed to publish log message to rosout: publisher's context is invalid, at ./src/rcl/publisher.c:423
[call_robot_button-22] [0m[INFO] [1774339634.567304512] [call_robot_button_node]: CallRobotButton interrupted by user.[0m
[call_robot_button-22] Failed to publish log message to rosout: publisher's context is invalid, at ./src/rcl/publisher.c:423
[rpc_run_node-23] 2026-03-24 15:07:14,587 [INFO] RPCServer stopped.
[robot_sound-21] [0m[INFO] [1774339634.591824651] [robot_sound_node]: 🔚 robot_sound_node stopped by user.[0m
[robot_sound-21] Failed to publish log message to rosout: publisher's context is invalid, at ./src/rcl/publisher.c:423
[delivery_robot_main_controller-20] [0m[INFO] [1774339634.606841165] [main_controller_node]: Node stopped by user.[0m
[delivery_robot_main_controller-20] Failed to publish log message to rosout: publisher's context is invalid, at ./src/rcl/publisher.c:423
[lifecycle_manager-19] [INFO] [1774339634.682862288] [rclcpp]: signal_handler(signum=2)
[lifecycle_manager-19] [INFO] [1774339634.683102613] [lifecycle_manager_navigation]: Running Nav2 LifecycleManager rcl preshutdown (lifecycle_manager_navigation)
[lifecycle_manager-19] [INFO] [1774339634.683360146] [lifecycle_manager_navigation]: [34m[1mTerminating bond timer...[0m[0m
[collision_detector-18] [INFO] [1774339634.775996644] [rclcpp]: signal_handler(signum=2)
[collision_detector-18] [INFO] [1774339634.776208095] [collision_detector]: Running Nav2 LifecycleNode rcl preshutdown (collision_detector)
[collision_detector-18] [INFO] [1774339634.777405928] [collision_detector]: Deactivating
[collision_detector-18] [INFO] [1774339634.777621462] [collision_detector]: Destroying bond (collision_detector) to lifecycle manager.
[collision_monitor-17] [INFO] [1774339634.792718182] [rclcpp]: signal_handler(signum=2)
[collision_monitor-17] [INFO] [1774339634.792859343] [collision_monitor]: Running Nav2 LifecycleNode rcl preshutdown (collision_monitor)
[collision_monitor-17] [INFO] [1774339634.792986506] [collision_monitor]: Deactivating
[collision_monitor-17] [INFO] [1774339634.793028504] [collision_monitor]: Destroying bond (collision_monitor) to lifecycle manager.
[velocity_smoother-16] [INFO] [1774339634.801495290] [rclcpp]: signal_handler(signum=2)
[velocity_smoother-16] [INFO] [1774339634.801672909] [velocity_smoother]: Running Nav2 LifecycleNode rcl preshutdown (velocity_smoother)
[velocity_smoother-16] [INFO] [1774339634.801810862] [velocity_smoother]: Deactivating
[velocity_smoother-16] [INFO] [1774339634.801863652] [velocity_smoother]: Destroying bond (velocity_smoother) to lifecycle manager.
[collision_detector-18] [INFO] [1774339634.821619584] [collision_detector]: Cleaning up
[collision_detector-18] [INFO] [1774339634.821703872] [collision_monitor]: [PolygonStop]: Destroying Circle
[collision_detector-18] [INFO] [1774339634.821712914] [collision_monitor]: [PolygonStop]: Destroying Polygon
[collision_detector-18] [INFO] [1774339634.821721663] [collision_monitor]: [PolygonSlow]: Destroying Polygon
[collision_detector-18] [INFO] [1774339634.821728663] [collision_monitor]: [scan]: Destroying Scan
[waypoint_follower-15] [INFO] [1774339634.825108670] [rclcpp]: signal_handler(signum=2)
[waypoint_follower-15] [INFO] [1774339634.825286580] [waypoint_follower]: Running Nav2 LifecycleNode rcl preshutdown (waypoint_follower)
[waypoint_follower-15] [INFO] [1774339634.840913240] [waypoint_follower]: Deactivating
[waypoint_follower-15] [INFO] [1774339634.841008611] [waypoint_follower]: Destroying bond (waypoint_follower) to lifecycle manager.
[bt_navigator-14] [INFO] [1774339634.845058553] [rclcpp]: signal_handler(signum=2)
[bt_navigator-14] [INFO] [1774339634.845142841] [bt_navigator]: Running Nav2 LifecycleNode rcl preshutdown (bt_navigator)
[bt_navigator-14] [INFO] [1774339634.845281378] [bt_navigator]: Deactivating
[bt_navigator-14] [INFO] [1774339634.845364792] [bt_navigator]: Destroying bond (bt_navigator) to lifecycle manager.
[collision_detector-18] [INFO] [1774339634.850351825] [collision_detector]: Destroying bond (collision_detector) to lifecycle manager.
[behavior_server-13] [INFO] [1774339634.869310660] [rclcpp]: signal_handler(signum=2)
[behavior_server-13] [INFO] [1774339634.869384157] [behavior_server]: Running Nav2 LifecycleNode rcl preshutdown (behavior_server)
[behavior_server-13] [INFO] [1774339634.869614274] [behavior_server]: Deactivating
[behavior_server-13] [INFO] [1774339634.869673480] [behavior_server]: Destroying bond (behavior_server) to lifecycle manager.
[velocity_smoother-16] [INFO] [1774339634.882255247] [velocity_smoother]: Cleaning up
[velocity_smoother-16] [INFO] [1774339634.882355285] [velocity_smoother]: Destroying bond (velocity_smoother) to lifecycle manager.
[collision_monitor-17] [INFO] [1774339634.887443231] [collision_monitor]: Cleaning up
[collision_monitor-17] [INFO] [1774339634.887617350] [collision_monitor]: [PolygonStop]: Destroying Circle
[collision_monitor-17] [INFO] [1774339634.887716513] [collision_monitor]: [PolygonStop]: Destroying Polygon
[collision_monitor-17] [INFO] [1774339634.887807219] [collision_monitor]: [PolygonSlow]: Destroying Polygon
[collision_monitor-17] [INFO] [1774339634.887893840] [collision_monitor]: [FootprintApproach]: Destroying Polygon
[collision_monitor-17] [INFO] [1774339634.887987462] [collision_monitor]: [scan]: Destroying Scan
[planner_server-12] [INFO] [1774339634.900967632] [rclcpp]: signal_handler(signum=2)
[planner_server-12] [INFO] [1774339634.901049879] [planner_server]: Running Nav2 LifecycleNode rcl preshutdown (planner_server)
[planner_server-12] [INFO] [1774339634.901181999] [planner_server]: Deactivating
[planner_server-12] [INFO] [1774339634.901251122] [global_costmap.global_costmap]: Deactivating
[collision_monitor-17] [INFO] [1774339634.915046471] [collision_monitor]: Destroying bond (collision_monitor) to lifecycle manager.
[smoother_server-11] [INFO] [1774339634.919279572] [rclcpp]: signal_handler(signum=2)
[smoother_server-11] [INFO] [1774339634.919401776] [smoother_server]: Running Nav2 LifecycleNode rcl preshutdown (smoother_server)
[smoother_server-11] [INFO] [1774339634.919552854] [smoother_server]: Deactivating
[smoother_server-11] [INFO] [1774339634.919594561] [smoother_server]: Destroying bond (smoother_server) to lifecycle manager.
[controller_server-10] [INFO] [1774339634.928326463] [rclcpp]: signal_handler(signum=2)
[controller_server-10] [INFO] [1774339634.928414251] [controller_server]: Running Nav2 LifecycleNode rcl preshutdown (controller_server)
[controller_server-10] [INFO] [1774339634.928585162] [controller_server]: Deactivating
[controller_server-10] [INFO] [1774339634.928645243] [MPPIController]: Deactivated MPPI Controller: FollowPath
[controller_server-10] [INFO] [1774339634.928667701] [local_costmap.local_costmap]: Deactivating
[controller_server-10] [INFO] [1774339634.941588081] [controller_server]: Destroying bond (controller_server) to lifecycle manager.
[waypoint_follower-15] [INFO] [1774339634.941523624] [waypoint_follower]: Cleaning up
[bt_navigator-14] [INFO] [1774339634.946455243] [bt_navigator]: Cleaning up
[costmap_filter_info_server-9] [INFO] [1774339634.967468214] [rclcpp]: signal_handler(signum=2)
[costmap_filter_info_server-9] [INFO] [1774339634.967880324] [keepout_costmap_filter_info_server]: Running Nav2 LifecycleNode rcl preshutdown (keepout_costmap_filter_info_server)
[costmap_filter_info_server-9] [INFO] [1774339634.969175279] [keepout_costmap_filter_info_server]: Deactivating
[costmap_filter_info_server-9] [INFO] [1774339634.969347356] [keepout_costmap_filter_info_server]: Destroying bond (keepout_costmap_filter_info_server) to lifecycle manager.
[planner_server-12] [INFO] [1774339634.970565313] [planner_server]: Deactivating plugin GridBased of type SmacPlanner2D
[planner_server-12] [INFO] [1774339634.970667393] [planner_server]: Destroying bond (planner_server) to lifecycle manager.
[behavior_server-13] [INFO] [1774339634.971705690] [behavior_server]: Cleaning up
[behavior_server-13] [INFO] [1774339634.978356915] [behavior_server]: Destroying bond (behavior_server) to lifecycle manager.
[collision_detector-18] [INFO] [1774339634.987901371] [collision_detector]: Destroying
[map_server-8] [INFO] [1774339634.991665781] [rclcpp]: signal_handler(signum=2)
[map_server-8] [INFO] [1774339634.991867024] [keepout_filter_mask_server]: Running Nav2 LifecycleNode rcl preshutdown (keepout_filter_mask_server)
[map_server-8] [INFO] [1774339634.992657121] [keepout_filter_mask_server]: Deactivating
[map_server-8] [INFO] [1774339634.992719244] [keepout_filter_mask_server]: Destroying bond (keepout_filter_mask_server) to lifecycle manager.
[waypoint_follower-15] [INFO] [1774339635.007612096] [waypoint_follower]: Destroying bond (waypoint_follower) to lifecycle manager.
[localization_slam_toolbox_node-7] [INFO] [1774339635.019577884] [rclcpp]: signal_handler(signum=2)
[smoother_server-11] [INFO] [1774339635.020773092] [smoother_server]: Cleaning up
[controller_server-10] [INFO] [1774339635.045763382] [controller_server]: Cleaning up
[controller_server-10] [INFO] [1774339635.046109870] [MPPIController]: Cleaned up MPPI Controller: FollowPath
[controller_server-10] [INFO] [1774339635.046455774] [local_costmap.local_costmap]: Cleaning up
[localization_slam_toolbox_node-7] Unregistering sensor: Custom Described Lidar
[planner_server-12] [INFO] [1774339635.071179490] [planner_server]: Cleaning up
[costmap_filter_info_server-9] [INFO] [1774339635.071868965] [keepout_costmap_filter_info_server]: Cleaning up
[costmap_filter_info_server-9] [INFO] [1774339635.072389280] [keepout_costmap_filter_info_server]: Destroying bond (keepout_costmap_filter_info_server) to lifecycle manager.
[velocity_smoother-16] [INFO] [1774339635.081453962] [velocity_smoother]: Destroying
[map_server-8] [INFO] [1774339635.095057401] [keepout_filter_mask_server]: Cleaning up
[map_server-8] [INFO] [1774339635.115937960] [keepout_filter_mask_server]: Destroying bond (keepout_filter_mask_server) to lifecycle manager.
[collision_monitor-17] [INFO] [1774339635.099126008] [collision_monitor]: Destroying
[waypoint_follower-15] [INFO] [1774339635.155242455] [waypoint_follower]: Destroying
[smoother_server-11] [INFO] [1774339635.192002831] [smoother_server]: Destroying bond (smoother_server) to lifecycle manager.
[smoother_server-11] [INFO] [1774339635.211421316] [smoother_server]: Destroying
[costmap_filter_info_server-9] [INFO] [1774339635.274694428] [keepout_costmap_filter_info_server]: Destroying
[map_server-8] [INFO] [1774339635.280767299] [keepout_filter_mask_server]: Destroying
[robot_hardware-6] [INFO] [1774339635.288727769] [rclcpp]: signal_handler(signum=2)
[ekf_node-5] [INFO] [1774339635.369472560] [rclcpp]: signal_handler(signum=2)
[planner_server-12] [INFO] [1774339635.388046407] [global_costmap.global_costmap]: Cleaning up
[scan_to_scan_filter_chain-4] [INFO] [1774339635.401049618] [rclcpp]: signal_handler(signum=2)
[planner_server-12] [INFO] [1774339635.467931395] [planner_server]: Cleaning up plugin GridBased of type SmacPlanner2D
[planner_server-12] [INFO] [1774339635.473649902] [planner_server]: Destroying plugin GridBased of type SmacPlanner2D
[behavior_server-13] [INFO] [1774339635.488867660] [behavior_server]: Destroying
[robot_state_publisher-1] [INFO] [1774339635.497965299] [rclcpp]: signal_handler(signum=2)
[controller_server-10] [INFO] [1774339635.559671633] [controller_server]: Destroying bond (controller_server) to lifecycle manager.
[rplidar_node-3] [INFO] [1774339635.587595111] [rplidar_node]: Stop motor
[controller_server-10] [INFO] [1774339635.603619590] [local_costmap.local_costmap]: Destroying
[delivery_robot_main_controller-20] [0m[INFO] [1774339635.709678700] [main_controller_node]: Pre-resume wiggle: หมุนตามเข็ม 0.5 rad[0m
[delivery_robot_main_controller-20] Failed to publish log message to rosout: publisher's context is invalid, at ./src/rcl/publisher.c:423
[delivery_robot_main_controller-20] [31m[ERROR] [1774339635.711751502] [main_controller_node]: Pre-resume wiggle failed with exception: cannot use Destroyable because destruction was requested[0m
[delivery_robot_main_controller-20] Failed to publish log message to rosout: publisher's context is invalid, at ./src/rcl/publisher.c:423
[delivery_robot_main_controller-20] [0m[INFO] [1774339635.713044707] [main_controller_node]: State change: PAUSED -> STANDBY[0m
[delivery_robot_main_controller-20] Failed to publish log message to rosout: publisher's context is invalid, at ./src/rcl/publisher.c:423
[delivery_robot_main_controller-20] [0m[INFO] [1774339635.725894214] [main_controller_node]: Robot is in STANDBY mode.[0m
[delivery_robot_main_controller-20] Failed to publish log message to rosout: publisher's context is invalid, at ./src/rcl/publisher.c:423
[delivery_robot_main_controller-20] Traceback (most recent call last):
[delivery_robot_main_controller-20]   File "/home/smr/workspaces/mini_amr/amrROS2_ws/install/delivery_robot_main_controller/lib/delivery_robot_main_controller/delivery_robot_main_controller", line 33, in <module>
[delivery_robot_main_controller-20]     sys.exit(load_entry_point('delivery-robot-main-controller==0.0.1', 'console_scripts', 'delivery_robot_main_controller')())
[delivery_robot_main_controller-20]              ^^^^^^^^^^^^^^^^^^^^^^^^^^^^^^^^^^^^^^^^^^^^^^^^^^^^^^^^^^^^^^^^^^^^^^^^^^^^^^^^^^^^^^^^^^^^^^^^^^^^^^^^^^^^^^^^
[delivery_robot_main_controller-20]   File "/home/smr/workspaces/mini_amr/amrROS2_ws/install/delivery_robot_main_controller/lib/python3.12/site-packages/delivery_robot_main_controller/main_controller_node.py", line 1752, in main
[delivery_robot_main_controller-20]     rclpy.shutdown()
[delivery_robot_main_controller-20]   File "/opt/ros/jazzy/lib/python3.12/site-packages/rclpy/__init__.py", line 134, in shutdown
[delivery_robot_main_controller-20]     _shutdown(context=context)
[controller_server-10] [INFO] [1774339635.849486542] [controller_server]: Destroying
[delivery_robot_main_controller-20]   File "/opt/ros/jazzy/lib/python3.12/site-packages/rclpy/utilities.py", line 82, in shutdown
[delivery_robot_main_controller-20]     context.shutdown()
[delivery_robot_main_controller-20]   File "/opt/ros/jazzy/lib/python3.12/site-packages/rclpy/context.py", line 129, in shutdown
[delivery_robot_main_controller-20]     self.__context.shutdown()
[delivery_robot_main_controller-20] rclpy._rclpy_pybind11.RCLError: failed to shutdown: rcl_shutdown already called on the given context, at ./src/rcl/init.c:333
[lifecycle_manager-19] [INFO] [1774339635.959390559] [lifecycle_manager_navigation]: Destroying lifecycle_manager_navigation
[robot_sound-21] Traceback (most recent call last):
[robot_sound-21]   File "/home/smr/workspaces/mini_amr/amrROS2_ws/install/delivery_robot_main_controller/lib/delivery_robot_main_controller/robot_sound", line 33, in <module>
[robot_sound-21]     sys.exit(load_entry_point('delivery-robot-main-controller==0.0.1', 'console_scripts', 'robot_sound')())
[robot_sound-21]              ^^^^^^^^^^^^^^^^^^^^^^^^^^^^^^^^^^^^^^^^^^^^^^^^^^^^^^^^^^^^^^^^^^^^^^^^^^^^^^^^^^^^^^^^^^^^^
[robot_sound-21]   File "/home/smr/workspaces/mini_amr/amrROS2_ws/install/delivery_robot_main_controller/lib/python3.12/site-packages/delivery_robot_main_controller/robot_sound.py", line 147, in main
[robot_sound-21]     rclpy.shutdown()
[robot_sound-21]   File "/opt/ros/jazzy/lib/python3.12/site-packages/rclpy/__init__.py", line 134, in shutdown
[robot_sound-21]     _shutdown(context=context)
[robot_sound-21]   File "/opt/ros/jazzy/lib/python3.12/site-packages/rclpy/utilities.py", line 82, in shutdown
[robot_sound-21]     context.shutdown()
[robot_sound-21]   File "/opt/ros/jazzy/lib/python3.12/site-packages/rclpy/context.py", line 129, in shutdown
[robot_sound-21]     self.__context.shutdown()
[robot_sound-21] rclpy._rclpy_pybind11.RCLError: failed to shutdown: rcl_shutdown already called on the given context, at ./src/rcl/init.c:333
[planner_server-12] [INFO] [1774339636.060947077] [planner_server]: Destroying bond (planner_server) to lifecycle manager.
[planner_server-12] [INFO] [1774339636.141608162] [global_costmap.global_costmap]: Destroying
[call_robot_button-22] Traceback (most recent call last):
[call_robot_button-22]   File "/home/smr/workspaces/mini_amr/amrROS2_ws/install/delivery_robot_main_controller/lib/delivery_robot_main_controller/call_robot_button", line 33, in <module>
[call_robot_button-22]     sys.exit(load_entry_point('delivery-robot-main-controller==0.0.1', 'console_scripts', 'call_robot_button')())
[call_robot_button-22]              ^^^^^^^^^^^^^^^^^^^^^^^^^^^^^^^^^^^^^^^^^^^^^^^^^^^^^^^^^^^^^^^^^^^^^^^^^^^^^^^^^^^^^^^^^^^^^^^^^^^
[call_robot_button-22]   File "/home/smr/workspaces/mini_amr/amrROS2_ws/install/delivery_robot_main_controller/lib/python3.12/site-packages/delivery_robot_main_controller/call_button.py", line 251, in main
[call_robot_button-22]     rclpy.shutdown()
[call_robot_button-22]   File "/opt/ros/jazzy/lib/python3.12/site-packages/rclpy/__init__.py", line 134, in shutdown
[call_robot_button-22]     _shutdown(context=context)
[call_robot_button-22]   File "/opt/ros/jazzy/lib/python3.12/site-packages/rclpy/utilities.py", line 82, in shutdown
[call_robot_button-22]     context.shutdown()
[call_robot_button-22]   File "/opt/ros/jazzy/lib/python3.12/site-packages/rclpy/context.py", line 129, in shutdown
[call_robot_button-22]     self.__context.shutdown()
[call_robot_button-22] rclpy._rclpy_pybind11.RCLError: failed to shutdown: rcl_shutdown already called on the given context, at ./src/rcl/init.c:333
[rpc_run_node-23] Traceback (most recent call last):
[rpc_run_node-23]   File "/home/smr/workspaces/mini_amr/amrROS2_ws/install/delivery_robot_main_controller/lib/delivery_robot_main_controller/rpc_run_node", line 33, in <module>
[rpc_run_node-23]     sys.exit(load_entry_point('delivery-robot-main-controller==0.0.1', 'console_scripts', 'rpc_run_node')())
[rpc_run_node-23]              ^^^^^^^^^^^^^^^^^^^^^^^^^^^^^^^^^^^^^^^^^^^^^^^^^^^^^^^^^^^^^^^^^^^^^^^^^^^^^^^^^^^^^^^^^^^^^^
[rpc_run_node-23]   File "/home/smr/workspaces/mini_amr/amrROS2_ws/install/delivery_robot_main_controller/lib/python3.12/site-packages/delivery_robot_main_controller/rpc_run_node.py", line 57, in main
[rpc_run_node-23]     rclpy.shutdown()
[rpc_run_node-23]   File "/opt/ros/jazzy/lib/python3.12/site-packages/rclpy/__init__.py", line 134, in shutdown
[rpc_run_node-23]     _shutdown(context=context)
[rpc_run_node-23]   File "/opt/ros/jazzy/lib/python3.12/site-packages/rclpy/utilities.py", line 82, in shutdown
[rpc_run_node-23]     context.shutdown()
[rpc_run_node-23]   File "/opt/ros/jazzy/lib/python3.12/site-packages/rclpy/context.py", line 129, in shutdown
[rpc_run_node-23]     self.__context.shutdown()
[rpc_run_node-23] rclpy._rclpy_pybind11.RCLError: failed to shutdown: rcl_shutdown already called on the given context, at ./src/rcl/init.c:333
[autodock_action_server-25] Traceback (most recent call last):
[autodock_action_server-25]   File "/home/smr/workspaces/mini_amr/amrROS2_ws/install/action_autodock/lib/python3.12/site-packages/action_autodock/autodock_action_server.py", line 1409, in main
[autodock_action_server-25]     executor.spin()
[autodock_action_server-25]   File "/opt/ros/jazzy/lib/python3.12/site-packages/rclpy/executors.py", line 312, in spin
[autodock_action_server-25]     self.spin_once()
[autodock_action_server-25]   File "/opt/ros/jazzy/lib/python3.12/site-packages/rclpy/executors.py", line 917, in spin_once
[autodock_action_server-25]     self._spin_once_impl(timeout_sec)
[autodock_action_server-25]   File "/opt/ros/jazzy/lib/python3.12/site-packages/rclpy/executors.py", line 896, in _spin_once_impl
[autodock_action_server-25]     handler, entity, node = self.wait_for_ready_callbacks(
[autodock_action_server-25]                             ^^^^^^^^^^^^^^^^^^^^^^^^^^^^^^
[autodock_action_server-25]   File "/opt/ros/jazzy/lib/python3.12/site-packages/rclpy/executors.py", line 799, in wait_for_ready_callbacks
[autodock_action_server-25]     return next(self._cb_iter)
[autodock_action_server-25]            ^^^^^^^^^^^^^^^^^^^
[autodock_action_server-25]   File "/opt/ros/jazzy/lib/python3.12/site-packages/rclpy/executors.py", line 703, in _wait_for_ready_callbacks
[autodock_action_server-25]     wait_set.wait(timeout_nsec)
[autodock_action_server-25] KeyboardInterrupt
[autodock_action_server-25] 
[autodock_action_server-25] During handling of the above exception, another exception occurred:
[autodock_action_server-25] 
[autodock_action_server-25] Traceback (most recent call last):
[autodock_action_server-25]   File "/home/smr/workspaces/mini_amr/amrROS2_ws/install/action_autodock/lib/action_autodock/autodock_action_server", line 33, in <module>
[autodock_action_server-25]     sys.exit(load_entry_point('action-autodock==0.0.0', 'console_scripts', 'autodock_action_server')())
[autodock_action_server-25]              ^^^^^^^^^^^^^^^^^^^^^^^^^^^^^^^^^^^^^^^^^^^^^^^^^^^^^^^^^^^^^^^^^^^^^^^^^^^^^^^^^^^^^^^^^
[autodock_action_server-25]   File "/home/smr/workspaces/mini_amr/amrROS2_ws/install/action_autodock/lib/python3.12/site-packages/action_autodock/autodock_action_server.py", line 1420, in main
[autodock_action_server-25]     rclpy.shutdown()   
[autodock_action_server-25]     ^^^^^^^^^^^^^^^^
[autodock_action_server-25]   File "/opt/ros/jazzy/lib/python3.12/site-packages/rclpy/__init__.py", line 134, in shutdown
[autodock_action_server-25]     _shutdown(context=context)
[autodock_action_server-25]   File "/opt/ros/jazzy/lib/python3.12/site-packages/rclpy/utilities.py", line 82, in shutdown
[autodock_action_server-25]     context.shutdown()
[autodock_action_server-25]   File "/opt/ros/jazzy/lib/python3.12/site-packages/rclpy/context.py", line 129, in shutdown
[autodock_action_server-25]     self.__context.shutdown()
[autodock_action_server-25] rclpy._rclpy_pybind11.RCLError: failed to shutdown: rcl_shutdown already called on the given context, at ./src/rcl/init.c:333
[ERROR] [robot_sound-21]: process has died [pid 26088, exit code 1, cmd '/home/smr/workspaces/mini_amr/amrROS2_ws/install/delivery_robot_main_controller/lib/delivery_robot_main_controller/robot_sound --ros-args -r __node:=robot_sound_node -r __ns:=/ -r /tf:=tf -r /tf_static:=tf_static'].
[ERROR] [call_robot_button-22]: process has died [pid 26089, exit code 1, cmd '/home/smr/workspaces/mini_amr/amrROS2_ws/install/delivery_robot_main_controller/lib/delivery_robot_main_controller/call_robot_button --ros-args -r __node:=call_robot_button_node -r __ns:=/ -r /tf:=tf -r /tf_static:=tf_static'].
[ERROR] [rpc_run_node-23]: process has died [pid 26090, exit code 1, cmd '/home/smr/workspaces/mini_amr/amrROS2_ws/install/delivery_robot_main_controller/lib/delivery_robot_main_controller/rpc_run_node --ros-args -r __node:=rpc_run_node -r __ns:=/ -r /tf:=tf -r /tf_static:=tf_static'].
[bt_navigator-14] [INFO] [1774339636.428460133] [bt_navigator]: Completed Cleaning up
[bt_navigator-14] [INFO] [1774339636.428621128] [bt_navigator]: Destroying bond (bt_navigator) to lifecycle manager.
[planner_server-12] [INFO] [1774339636.430735054] [planner_server]: Destroying
[bt_navigator-14] [INFO] [1774339636.504955490] [bt_navigator]: Destroying
[ERROR] [battery_manager_node-26]: process has died [pid 26093, exit code -2, cmd '/home/smr/workspaces/mini_amr/amrROS2_ws/install/battery_management/lib/battery_management/battery_manager_node --ros-args -r __node:=battery_manager -r __ns:=/ --params-file /home/smr/workspaces/mini_amr/amrROS2_ws/install/battery_management/share/battery_management/config/battery_manager.yaml -r /tf:=tf -r /tf_static:=tf_static'].
[INFO] [collision_monitor-17]: process has finished cleanly [pid 25838]
[INFO] [waypoint_follower-15]: process has finished cleanly [pid 25825]
[INFO] [map_server-8]: process has finished cleanly [pid 25776]
[INFO] [velocity_smoother-16]: process has finished cleanly [pid 25836]
[INFO] [costmap_filter_info_server-9]: process has finished cleanly [pid 25777]
[INFO] [joint_state_publisher-2]: process has finished cleanly [pid 25770]
[INFO] [collision_detector-18]: process has finished cleanly [pid 25843]
[INFO] [behavior_server-13]: process has finished cleanly [pid 25806]
[INFO] [smoother_server-11]: process has finished cleanly [pid 25796]
[INFO] [robot_hardware-6]: process has finished cleanly [pid 25774]
[INFO] [lifecycle_manager-19]: process has finished cleanly [pid 25846]
[INFO] [controller_server-10]: process has finished cleanly [pid 25778]
[INFO] [robot_state_publisher-1]: process has finished cleanly [pid 25769]
[INFO] [rplidar_node-3]: process has finished cleanly [pid 25771]
[INFO] [bt_navigator-14]: process has finished cleanly [pid 25811]
[INFO] [scan_to_scan_filter_chain-4]: process has finished cleanly [pid 25772]
[INFO] [ekf_node-5]: process has finished cleanly [pid 25773]
[INFO] [planner_server-12]: process has finished cleanly [pid 25799]
[INFO] [localization_slam_toolbox_node-7]: process has finished cleanly [pid 25775]
[ERROR] [autodock_action_server-25]: process has died [pid 26092, exit code 1, cmd '/home/smr/workspaces/mini_amr/amrROS2_ws/install/action_autodock/lib/action_autodock/autodock_action_server --ros-args -r __ns:=/ --params-file /home/smr/workspaces/mini_amr/amrROS2_ws/install/action_autodock/share/action_autodock/config/auto_dock_config.yaml --params-file /tmp/launch_params_u7u5ysju -r /tf:=tf -r /tf_static:=tf_static'].
[ERROR] [delivery_robot_main_controller-20]: process has died [pid 26087, exit code 1, cmd '/home/smr/workspaces/mini_amr/amrROS2_ws/install/delivery_robot_main_controller/lib/delivery_robot_main_controller/delivery_robot_main_controller --ros-args -r __node:=main_controller_node -r __ns:=/ --params-file /tmp/launch_params_kxdh0ehb -r /tf:=tf -r /tf_static:=tf_static'].
