[INFO] [launch]: All log files can be found below /home/smr/.ros/log/2026-03-24-13-30-16-775051-two-4736
[INFO] [launch]: Default logging verbosity is set to INFO
[INFO] [robot_state_publisher-1]: process started with pid [4767]
[INFO] [joint_state_publisher-2]: process started with pid [4768]
[INFO] [rplidar_node-3]: process started with pid [4769]
[INFO] [scan_to_scan_filter_chain-4]: process started with pid [4770]
[INFO] [ekf_node-5]: process started with pid [4771]
[INFO] [robot_hardware-6]: process started with pid [4772]
[INFO] [localization_slam_toolbox_node-7]: process started with pid [4773]
[INFO] [map_server-8]: process started with pid [4774]
[INFO] [costmap_filter_info_server-9]: process started with pid [4775]
[INFO] [controller_server-10]: process started with pid [4778]
[INFO] [smoother_server-11]: process started with pid [4779]
[INFO] [planner_server-12]: process started with pid [4781]
[INFO] [behavior_server-13]: process started with pid [4783]
[INFO] [bt_navigator-14]: process started with pid [4784]
[INFO] [waypoint_follower-15]: process started with pid [4785]
[INFO] [velocity_smoother-16]: process started with pid [4788]
[INFO] [collision_monitor-17]: process started with pid [4793]
[INFO] [collision_detector-18]: process started with pid [4796]
[INFO] [lifecycle_manager-19]: process started with pid [4799]
[robot_hardware-6] Serial port opened at port /dev/teensy with baudrate 460800
[robot_hardware-6] Created receive data thread
[rplidar_node-3] [INFO] [1774333817.981034342] [rplidar_node]: RPLidar running on ROS2 package rplidar_ros. RPLIDAR SDK Version:2.1.0
[rplidar_node-3] [INFO] [1774333817.986086116] [rplidar_node]: RPLidar S/N: CEDCEDF9C7E29BCEA7E39EF25E0F4304
[rplidar_node-3] [INFO] [1774333817.986142697] [rplidar_node]: Firmware Ver: 1.02
[rplidar_node-3] [INFO] [1774333817.986154072] [rplidar_node]: Hardware Rev: 18
[rplidar_node-3] [INFO] [1774333817.986453603] [rplidar_node]: RPLidar health status : 0
[rplidar_node-3] [INFO] [1774333817.986481893] [rplidar_node]: RPLidar health status : OK.
[rplidar_node-3] [INFO] [1774333817.986827214] [rplidar_node]: Start
[costmap_filter_info_server-9] [INFO] [1774333818.100240295] [costmap_filter_info_server]: This is costmap filter info publisher
[robot_state_publisher-1] [INFO] [1774333818.118700373] [robot_state_publisher]: Robot initialized
[velocity_smoother-16] [INFO] [1774333818.132983937] [velocity_smoother]: 
[velocity_smoother-16] 	velocity_smoother lifecycle node launched. 
[velocity_smoother-16] 	Waiting on external lifecycle transitions to activate
[velocity_smoother-16] 	See https://design.ros2.org/articles/node_lifecycle.html for more information.
[rplidar_node-3] [INFO] [1774333818.136207320] [rplidar_node]: current scan mode: Sensitivity, sample rate: 32 Khz, max_distance: 30.0 m, scan frequency:10.0 Hz, 
[behavior_server-13] [INFO] [1774333818.139605113] [behavior_server]: 
[behavior_server-13] 	behavior_server lifecycle node launched. 
[collision_detector-18] [INFO] [1774333818.140748988] [collision_detector]: 
[collision_detector-18] 	collision_detector lifecycle node launched. 
[collision_detector-18] 	Waiting on external lifecycle transitions to activate
[collision_detector-18] 	See https://design.ros2.org/articles/node_lifecycle.html for more information.
[behavior_server-13] 	Waiting on external lifecycle transitions to activate
[behavior_server-13] 	See https://design.ros2.org/articles/node_lifecycle.html for more information.
[controller_server-10] [INFO] [1774333818.193785766] [controller_server]: 
[controller_server-10] 	controller_server lifecycle node launched. 
[controller_server-10] 	Waiting on external lifecycle transitions to activate
[controller_server-10] 	See https://design.ros2.org/articles/node_lifecycle.html for more information.
[costmap_filter_info_server-9] [INFO] [1774333818.210189961] [keepout_costmap_filter_info_server]: 
[costmap_filter_info_server-9] 	keepout_costmap_filter_info_server lifecycle node launched. 
[costmap_filter_info_server-9] 	Waiting on external lifecycle transitions to activate
[costmap_filter_info_server-9] 	See https://design.ros2.org/articles/node_lifecycle.html for more information.
[map_server-8] [INFO] [1774333818.235118679] [keepout_filter_mask_server]: 
[map_server-8] 	keepout_filter_mask_server lifecycle node launched. 
[map_server-8] 	Waiting on external lifecycle transitions to activate
[map_server-8] 	See https://design.ros2.org/articles/node_lifecycle.html for more information.
[map_server-8] [INFO] [1774333818.235310588] [keepout_filter_mask_server]: Creating
[bt_navigator-14] [INFO] [1774333818.244077478] [bt_navigator]: 
[bt_navigator-14] 	bt_navigator lifecycle node launched. 
[bt_navigator-14] 	Waiting on external lifecycle transitions to activate
[bt_navigator-14] 	See https://design.ros2.org/articles/node_lifecycle.html for more information.
[bt_navigator-14] [INFO] [1774333818.265480365] [bt_navigator]: Creating
[controller_server-10] [INFO] [1774333818.321387622] [controller_server]: Creating controller server
[collision_monitor-17] [INFO] [1774333818.341207401] [collision_monitor]: 
[collision_monitor-17] 	collision_monitor lifecycle node launched. 
[smoother_server-11] [INFO] [1774333818.342097827] [smoother_server]: 
[smoother_server-11] 	smoother_server lifecycle node launched. 
[smoother_server-11] 	Waiting on external lifecycle transitions to activate
[smoother_server-11] 	See https://design.ros2.org/articles/node_lifecycle.html for more information.
[collision_monitor-17] 	Waiting on external lifecycle transitions to activate
[collision_monitor-17] 	See https://design.ros2.org/articles/node_lifecycle.html for more information.
[lifecycle_manager-19] [INFO] [1774333818.347477131] [lifecycle_manager_navigation]: Creating
[waypoint_follower-15] [INFO] [1774333818.351499068] [waypoint_follower]: 
[waypoint_follower-15] 	waypoint_follower lifecycle node launched. 
[waypoint_follower-15] 	Waiting on external lifecycle transitions to activate
[waypoint_follower-15] 	See https://design.ros2.org/articles/node_lifecycle.html for more information.
[smoother_server-11] [INFO] [1774333818.378307801] [smoother_server]: Creating smoother server
[waypoint_follower-15] [INFO] [1774333818.381703552] [waypoint_follower]: Creating
[lifecycle_manager-19] [INFO] [1774333818.429078120] [lifecycle_manager_navigation]: [34m[1mCreating and initializing lifecycle service clients[0m[0m
[controller_server-10] [INFO] [1774333818.454992344] [local_costmap.local_costmap]: 
[controller_server-10] 	local_costmap lifecycle node launched. 
[controller_server-10] 	Waiting on external lifecycle transitions to activate
[controller_server-10] 	See https://design.ros2.org/articles/node_lifecycle.html for more information.
[localization_slam_toolbox_node-7] [INFO] [1774333818.471591948] [slam_toolbox]: Node using stack size 40000000
[controller_server-10] [INFO] [1774333818.490572341] [local_costmap.local_costmap]: Creating Costmap
[localization_slam_toolbox_node-7] [INFO] [1774333818.503285045] [slam_toolbox]: Configuring
[planner_server-12] [INFO] [1774333818.504815656] [planner_server]: 
[planner_server-12] 	planner_server lifecycle node launched. 
[planner_server-12] 	Waiting on external lifecycle transitions to activate
[planner_server-12] 	See https://design.ros2.org/articles/node_lifecycle.html for more information.
[planner_server-12] [INFO] [1774333818.519097761] [planner_server]: Creating
[planner_server-12] [INFO] [1774333818.675298243] [global_costmap.global_costmap]: 
[planner_server-12] 	global_costmap lifecycle node launched. 
[planner_server-12] 	Waiting on external lifecycle transitions to activate
[planner_server-12] 	See https://design.ros2.org/articles/node_lifecycle.html for more information.
[planner_server-12] [INFO] [1774333818.685699281] [global_costmap.global_costmap]: Creating Costmap
[localization_slam_toolbox_node-7] [INFO] [1774333818.698662810] [slam_toolbox]: Using solver plugin solver_plugins::CeresSolver
[localization_slam_toolbox_node-7] [INFO] [1774333818.703486801] [slam_toolbox]: CeresSolver: Using SCHUR_JACOBI preconditioner.
[lifecycle_manager-19] [INFO] [1774333818.809555107] [lifecycle_manager_navigation]: [34m[1mStarting managed nodes bringup...[0m[0m
[lifecycle_manager-19] [INFO] [1774333818.809698311] [lifecycle_manager_navigation]: [34m[1mConfiguring controller_server[0m[0m
[controller_server-10] [INFO] [1774333818.810583487] [controller_server]: Configuring controller interface
[controller_server-10] [INFO] [1774333818.810622569] [controller_server]: getting progress checker plugins..
[controller_server-10] [INFO] [1774333818.811179340] [controller_server]: getting goal checker plugins..
[controller_server-10] [INFO] [1774333818.812455044] [controller_server]: Controller frequency set to 10.0000Hz
[controller_server-10] [INFO] [1774333818.812560623] [local_costmap.local_costmap]: Configuring
[controller_server-10] [INFO] [1774333818.829766580] [local_costmap.local_costmap]: Using plugin "obstacle_layer"
[controller_server-10] [INFO] [1774333818.885801583] [local_costmap.local_costmap]: Subscribed to Topics: scan
[controller_server-10] [INFO] [1774333818.915927320] [local_costmap.local_costmap]: Initialized plugin "obstacle_layer"
[controller_server-10] [INFO] [1774333818.916064981] [local_costmap.local_costmap]: Using plugin "denoise_layer"
[rplidar_node-3] [INFO] [1774333818.919160035] [rplidar_node]: set lidar scan frequency to 10.0 Hz(600.0 Rpm) 
[controller_server-10] [INFO] [1774333818.920755686] [local_costmap.local_costmap]: Initialized plugin "denoise_layer"
[controller_server-10] [INFO] [1774333818.921000968] [local_costmap.local_costmap]: Using plugin "inflation_layer"
[controller_server-10] [INFO] [1774333818.926505976] [local_costmap.local_costmap]: Initialized plugin "inflation_layer"
[controller_server-10] [INFO] [1774333818.926619722] [local_costmap.local_costmap]: Using costmap filter "keepout_filter"
[controller_server-10] [INFO] [1774333818.950574309] [local_costmap.local_costmap]: Initialized costmap filter "keepout_filter"
[controller_server-10] [INFO] [1774333818.950682513] [local_costmap.local_costmap]: Using costmap filter "inflation_layer"
[controller_server-10] [INFO] [1774333818.950993710] [local_costmap.local_costmap]: Initialized costmap filter "inflation_layer"
[controller_server-10] [INFO] [1774333819.035613048] [controller_server]: Created progress_checker : progress_checker of type nav2_controller::SimpleProgressChecker
[controller_server-10] [INFO] [1774333819.036945332] [controller_server]: Controller Server has progress_checker  progress checkers available.
[controller_server-10] [INFO] [1774333819.038981675] [controller_server]: Created goal checker : goal_checker of type nav2_controller::SimpleGoalChecker
[controller_server-10] [INFO] [1774333819.040710904] [controller_server]: Controller Server has goal_checker  goal checkers available.
[controller_server-10] [INFO] [1774333819.049471960] [controller_server]: Created controller : FollowPath of type nav2_mppi_controller::MPPIController
[scan_to_scan_filter_chain-4] [WARN] [1774333819.065442170] [scan_to_scan_filter_chain]: diagnostic_updater: No HW_ID was set. This is probably a bug. Please report it. For devices that do not have a HW_ID, set this value to 'none'. This warning only occurs once all diagnostics are OK. It is okay to wait until the device is open before calling setHardwareID.
[controller_server-10] [INFO] [1774333819.073135474] [controller_server]: Controller period is equal to model dt. Control sequence shifting is ON
[controller_server-10] [INFO] [1774333819.087353123] [controller_server]: ConstraintCritic instantiated with 1 power and 4.000000 weight.
[controller_server-10] [INFO] [1774333819.087443536] [controller_server]: Critic loaded : mppi::critics::ConstraintCritic
[controller_server-10] [INFO] [1774333819.092810591] [controller_server]: InflationCostCritic instantiated with 1 power and 300.000000 / 0.015000 weights. Critic will collision check based on footprint cost.
[controller_server-10] [INFO] [1774333819.092872422] [controller_server]: Critic loaded : mppi::critics::CostCritic
[controller_server-10] [INFO] [1774333819.094797060] [controller_server]: GoalCritic instantiated with 1 power and 5.000000 weight.
[controller_server-10] [INFO] [1774333819.094845475] [controller_server]: Critic loaded : mppi::critics::GoalCritic
[controller_server-10] [INFO] [1774333819.096677075] [controller_server]: GoalAngleCritic instantiated with 1 power, 3.000000 weight, and 0.500000 angular threshold.
[controller_server-10] [INFO] [1774333819.096768947] [controller_server]: Critic loaded : mppi::critics::GoalAngleCritic
[controller_server-10] [INFO] [1774333819.103460995] [controller_server]: ReferenceTrajectoryCritic instantiated with 1 power and 2.000000 weight
[controller_server-10] [INFO] [1774333819.103522826] [controller_server]: Critic loaded : mppi::critics::PathAlignCritic
[controller_server-10] [INFO] [1774333819.106968159] [controller_server]: Critic loaded : mppi::critics::PathFollowCritic
[controller_server-10] [INFO] [1774333819.110983680] [controller_server]: PathAngleCritic instantiated with 1 power and 1.500000 weight. Mode set to: Forward Preference
[controller_server-10] [INFO] [1774333819.111042886] [controller_server]: Critic loaded : mppi::critics::PathAngleCritic
[controller_server-10] [INFO] [1774333819.111594407] [controller_server]: PreferForwardCritic instantiated with 1 power and 10.000000 weight.
[controller_server-10] [INFO] [1774333819.111634073] [controller_server]: Critic loaded : mppi::critics::PreferForwardCritic
[controller_server-10] [INFO] [1774333819.112873319] [controller_server]: Optimizer reset
[controller_server-10] [INFO] [1774333819.123939042] [MPPIController]: Configured MPPI Controller: FollowPath
[controller_server-10] [INFO] [1774333819.124012539] [controller_server]: Controller Server has FollowPath  controllers available.
[lifecycle_manager-19] [INFO] [1774333819.143642741] [lifecycle_manager_navigation]: [34m[1mConfiguring smoother_server[0m[0m
[smoother_server-11] [INFO] [1774333819.144459961] [smoother_server]: Configuring smoother server
[joint_state_publisher-2] [INFO] [1774333819.148015540] [joint_state_publisher]: Waiting for robot_description to be published on the robot_description topic...
[smoother_server-11] [INFO] [1774333819.216434551] [smoother_server]: Created smoother : simple_smoother of type nav2_smoother::SimpleSmoother
[smoother_server-11] [INFO] [1774333819.222195341] [smoother_server]: Smoother Server has simple_smoother  smoothers available.
[lifecycle_manager-19] [INFO] [1774333819.241973121] [lifecycle_manager_navigation]: [34m[1mConfiguring planner_server[0m[0m
[planner_server-12] [INFO] [1774333819.242612140] [planner_server]: Configuring
[planner_server-12] [INFO] [1774333819.242804049] [global_costmap.global_costmap]: Configuring
[planner_server-12] [INFO] [1774333819.270954108] [global_costmap.global_costmap]: Using plugin "static_layer"
[planner_server-12] [INFO] [1774333819.295679542] [global_costmap.global_costmap]: Subscribing to the map topic (/map) with transient local durability
[planner_server-12] [INFO] [1774333819.300948308] [global_costmap.global_costmap]: Initialized plugin "static_layer"
[planner_server-12] [INFO] [1774333819.301053304] [global_costmap.global_costmap]: Using plugin "obstacle_layer"
[planner_server-12] [INFO] [1774333819.306207742] [global_costmap.global_costmap]: Subscribed to Topics: scan
[planner_server-12] [INFO] [1774333819.326969861] [global_costmap.global_costmap]: Initialized plugin "obstacle_layer"
[planner_server-12] [INFO] [1774333819.327098482] [global_costmap.global_costmap]: Using plugin "inflation_layer"
[planner_server-12] [INFO] [1774333819.330491317] [global_costmap.global_costmap]: Initialized plugin "inflation_layer"
[planner_server-12] [INFO] [1774333819.330543523] [global_costmap.global_costmap]: Using costmap filter "keepout_filter"
[planner_server-12] [INFO] [1774333819.338219619] [global_costmap.global_costmap]: Initialized costmap filter "keepout_filter"
[planner_server-12] [INFO] [1774333819.338280283] [global_costmap.global_costmap]: Using costmap filter "inflation_layer2"
[planner_server-12] [INFO] [1774333819.343189146] [global_costmap.global_costmap]: Initialized costmap filter "inflation_layer2"
[planner_server-12] [INFO] [1774333819.423082197] [planner_server]: Created global planner plugin GridBased of type nav2_smac_planner::SmacPlanner2D
[planner_server-12] [INFO] [1774333819.423163861] [planner_server]: Configuring GridBased of type SmacPlanner2D
[planner_server-12] [ERROR] [1774333819.427793609] [planner_server]: Inflation layer either not found or inflation is not set sufficiently for optimized non-circular collision checking capabilities. It is HIGHLY recommended to set the inflation radius to be at MINIMUM half of the robot's largest cross-section. See github.com/ros-planning/navigation2/tree/main/nav2_smac_planner#potential-fields for full instructions. This will substantially impact run-time performance.
[localization_slam_toolbox_node-7] Load From File /home/smr/workspaces/mini_amr/amrROS2_ws/maps/latest_map.posegraph 
[localization_slam_toolbox_node-7] Mapper <- Module
[localization_slam_toolbox_node-7] Mapper <- m_pSequentialScanMatcher
[localization_slam_toolbox_node-7] Mapper <- m_pGraph
[localization_slam_toolbox_node-7] MapperGraph <- Graph; Graph <- m_Edges; Graph <- m_Vertices
[localization_slam_toolbox_node-7] MapperGraph <- m_pMapper; MapperGraph <- m_pLoopScanMatcher; MapperGraph <- m_pTraversal
[localization_slam_toolbox_node-7] Mapper <- m_pMapperSensorManager
[localization_slam_toolbox_node-7] MapperSensorManager <- m_ScanManagers; MapperSensorManager <- m_Scans
[localization_slam_toolbox_node-7] Mapper <- m_Listeners
[localization_slam_toolbox_node-7] **Finished serializing Mapper**
[localization_slam_toolbox_node-7] Load From File
[localization_slam_toolbox_node-7] **Serializing Dataset**
[localization_slam_toolbox_node-7] Dataset <- m_SensorNameLookup
[localization_slam_toolbox_node-7] Dataset <- m_Data
[localization_slam_toolbox_node-7] Dataset <- m_Lasers
[localization_slam_toolbox_node-7] Dataset <- m_pDatasetInfo
[localization_slam_toolbox_node-7] **Finished serializing Dataset**
[localization_slam_toolbox_node-7] Registering sensor: [Custom Described Lidar]
[planner_server-12] [INFO] [1774333819.432059662] [planner_server]: Configured plugin GridBased of type SmacPlanner2D with tolerance 0.12, maximum iterations 1000000, max on approach iterations 1000, and not allowing unknown traversal.
[planner_server-12] [INFO] [1774333819.432125285] [planner_server]: Planner Server has GridBased  planners available.
[localization_slam_toolbox_node-7] WARNING: Logging before InitGoogleLogging() is written to STDERR
[localization_slam_toolbox_node-7] W20260324 13:30:19.435516  4773 preprocessor.cc:67] Specified options.num_threads: 50 exceeds maximum available from the threading model Ceres was compiled with: 8.  Bounding to maximum number available.
[lifecycle_manager-19] [INFO] [1774333819.450204168] [lifecycle_manager_navigation]: [34m[1mConfiguring behavior_server[0m[0m
[behavior_server-13] [INFO] [1774333819.450793022] [behavior_server]: Configuring
[INFO] [launch.user]: [LifecycleLaunch] Slamtoolbox node is activating.
[behavior_server-13] [INFO] [1774333819.463020702] [behavior_server]: Creating behavior plugin wait of type nav2_behaviors::Wait
[localization_slam_toolbox_node-7] [INFO] [1774333819.469518216] [slam_toolbox]: Activating
[localization_slam_toolbox_node-7] Registering sensor: [Custom Described Lidar]
[behavior_server-13] [INFO] [1774333819.508982196] [behavior_server]: Configuring wait
[lifecycle_manager-19] [INFO] [1774333819.532186352] [lifecycle_manager_navigation]: [34m[1mConfiguring velocity_smoother[0m[0m
[velocity_smoother-16] [INFO] [1774333819.532796204] [velocity_smoother]: Configuring velocity smoother
[lifecycle_manager-19] [INFO] [1774333819.550339024] [lifecycle_manager_navigation]: [34m[1mConfiguring collision_monitor[0m[0m
[collision_monitor-17] [INFO] [1774333819.550885004] [collision_monitor]: Configuring
[collision_monitor-17] [INFO] [1774333819.566882631] [collision_monitor]: [scan]: Creating Scan
[collision_monitor-17] [INFO] [1774333819.571962987] [collision_monitor]: [PolygonStop]: Creating Polygon
[collision_monitor-17] [INFO] [1774333819.572019569] [collision_monitor]: [PolygonStop]: Creating Circle
[collision_monitor-17] [INFO] [1774333819.578591163] [collision_monitor]: [PolygonSlow]: Creating Polygon
[collision_monitor-17] [INFO] [1774333819.583275159] [collision_monitor]: [FootprintApproach]: Creating Polygon
[collision_monitor-17] [INFO] [1774333819.583841847] [collision_monitor]: [FootprintApproach]: Polygon points are not defined. Using dynamic subscription instead.
[collision_monitor-17] [INFO] [1774333819.588299810] [collision_monitor]: [FootprintApproach]: Making footprint subscriber on /local_costmap/published_footprint topic
[lifecycle_manager-19] [INFO] [1774333819.604501303] [lifecycle_manager_navigation]: [34m[1mConfiguring collision_detector[0m[0m
[collision_detector-18] [INFO] [1774333819.604948120] [collision_detector]: Configuring
[collision_detector-18] [INFO] [1774333819.631543069] [collision_monitor]: [scan]: Creating Scan
[collision_detector-18] [INFO] [1774333819.637333025] [collision_monitor]: [PolygonStop]: Creating Polygon
[collision_detector-18] [INFO] [1774333819.637366857] [collision_monitor]: [PolygonStop]: Creating Circle
[collision_detector-18] [INFO] [1774333819.654290783] [collision_monitor]: [PolygonSlow]: Creating Polygon
[lifecycle_manager-19] [INFO] [1774333819.666591085] [lifecycle_manager_navigation]: [34m[1mConfiguring bt_navigator[0m[0m
[bt_navigator-14] [INFO] [1774333819.667243228] [bt_navigator]: Configuring
[bt_navigator-14] [INFO] [1774333819.689046852] [bt_navigator]: Creating navigator id navigate_to_pose of type nav2_bt_navigator::NavigateToPoseNavigator
[planner_server-12] [INFO] [1774333819.805090962] [global_costmap.global_costmap]: StaticLayer: Resizing costmap to 787 X 922 at 0.050000 m/pix
[bt_navigator-14] [INFO] [1774333819.983575133] [bt_navigator]: Creating navigator id navigate_through_poses of type nav2_bt_navigator::NavigateThroughPosesNavigator
[lifecycle_manager-19] [INFO] [1774333820.031333520] [lifecycle_manager_navigation]: [34m[1mConfiguring waypoint_follower[0m[0m
[waypoint_follower-15] [INFO] [1774333820.031802795] [waypoint_follower]: Configuring
[waypoint_follower-15] [INFO] [1774333820.087828464] [waypoint_follower]: Created waypoint_task_executor : wait_at_waypoint of type nav2_waypoint_follower::WaitAtWaypoint
[lifecycle_manager-19] [INFO] [1774333820.091069638] [lifecycle_manager_navigation]: [34m[1mConfiguring keepout_filter_mask_server[0m[0m
[map_server-8] [INFO] [1774333820.091724698] [keepout_filter_mask_server]: Configuring
[map_server-8] [INFO] [1774333820.091885983] [map_io]: Loading yaml file: /home/smr/workspaces/mini_amr/amrROS2_ws/maps/latest_map_keepout.yaml
[map_server-8] [INFO] [1774333820.093258225] [map_io]: resolution: 0.05
[map_server-8] [INFO] [1774333820.093308973] [map_io]: origin[0]: -26.12
[map_server-8] [INFO] [1774333820.093330556] [map_io]: origin[1]: -29.258
[map_server-8] [INFO] [1774333820.093348055] [map_io]: origin[2]: 0
[map_server-8] [INFO] [1774333820.093365846] [map_io]: free_thresh: 0.196
[map_server-8] [INFO] [1774333820.093383054] [map_io]: occupied_thresh: 0.65
[map_server-8] [INFO] [1774333820.093402887] [map_io]: mode: trinary
[map_server-8] [INFO] [1774333820.093421261] [map_io]: negate: 0
[map_server-8] [INFO] [1774333820.101043109] [map_io]: Loading image_file: /home/smr/workspaces/mini_amr/amrROS2_ws/maps/latest_map_keepout.pgm
[map_server-8] [INFO] [1774333820.148589753] [map_io]: Read map /home/smr/workspaces/mini_amr/amrROS2_ws/maps/latest_map_keepout.pgm: 787 X 922 map @ 0.05 m/cell
[lifecycle_manager-19] [INFO] [1774333820.161770274] [lifecycle_manager_navigation]: [34m[1mConfiguring keepout_costmap_filter_info_server[0m[0m
[costmap_filter_info_server-9] [INFO] [1774333820.162485706] [keepout_costmap_filter_info_server]: Configuring
[lifecycle_manager-19] [INFO] [1774333820.191849054] [lifecycle_manager_navigation]: [34m[1mActivating controller_server[0m[0m
[controller_server-10] [INFO] [1774333820.192332328] [controller_server]: Activating
[controller_server-10] [INFO] [1774333820.192382201] [local_costmap.local_costmap]: Activating
[controller_server-10] [INFO] [1774333820.192396784] [local_costmap.local_costmap]: Checking transform
[controller_server-10] [INFO] [1774333820.192546404] [local_costmap.local_costmap]: start
[controller_server-10] [INFO] [1774333820.193202338] [local_costmap.local_costmap]: KeepoutFilter: Subscribing to "/keepout_costmap_filter_info" topic for filter info...
[controller_server-10] [WARN] [1774333820.294294701] [local_costmap.local_costmap]: KeepoutFilter: Filter mask was not received
[controller_server-10] [WARN] [1774333820.297521000] [controller_server]: Parameter controller_server.verbose not found
[controller_server-10] [INFO] [1774333820.298033148] [controller_server]: Optimizer reset
[controller_server-10] [INFO] [1774333820.298917741] [MPPIController]: Activated MPPI Controller: FollowPath
[controller_server-10] [INFO] [1774333820.298963823] [controller_server]: Creating bond (controller_server) to lifecycle manager.
[lifecycle_manager-19] [INFO] [1774333820.409563006] [lifecycle_manager_navigation]: Server controller_server connected with bond.
[lifecycle_manager-19] [INFO] [1774333820.409663336] [lifecycle_manager_navigation]: [34m[1mActivating smoother_server[0m[0m
[smoother_server-11] [INFO] [1774333820.410416392] [smoother_server]: Activating
[smoother_server-11] [INFO] [1774333820.410518471] [smoother_server]: Creating bond (smoother_server) to lifecycle manager.
[lifecycle_manager-19] [INFO] [1774333820.520912621] [lifecycle_manager_navigation]: Server smoother_server connected with bond.
[lifecycle_manager-19] [INFO] [1774333820.520970952] [lifecycle_manager_navigation]: [34m[1mActivating planner_server[0m[0m
[planner_server-12] [INFO] [1774333820.521368479] [planner_server]: Activating
[planner_server-12] [INFO] [1774333820.521423019] [global_costmap.global_costmap]: Activating
[planner_server-12] [INFO] [1774333820.521437893] [global_costmap.global_costmap]: Checking transform
[planner_server-12] [INFO] [1774333820.521588971] [global_costmap.global_costmap]: start
[planner_server-12] [INFO] [1774333820.522250155] [global_costmap.global_costmap]: KeepoutFilter: Subscribing to "/keepout_costmap_filter_info" topic for filter info...
[planner_server-12] [WARN] [1774333821.067208907] [global_costmap.global_costmap]: KeepoutFilter: Filter mask was not received
[planner_server-12] [INFO] [1774333821.123633562] [planner_server]: Activating plugin GridBased of type SmacPlanner2D
[planner_server-12] [INFO] [1774333821.124999095] [planner_server]: Creating bond (planner_server) to lifecycle manager.
[lifecycle_manager-19] [INFO] [1774333821.227432201] [lifecycle_manager_navigation]: Server planner_server connected with bond.
[lifecycle_manager-19] [INFO] [1774333821.227500157] [lifecycle_manager_navigation]: [34m[1mActivating behavior_server[0m[0m
[behavior_server-13] [INFO] [1774333821.228142967] [behavior_server]: Activating
[behavior_server-13] [INFO] [1774333821.228192840] [behavior_server]: Activating wait
[behavior_server-13] [INFO] [1774333821.228219964] [behavior_server]: Creating bond (behavior_server) to lifecycle manager.
[lifecycle_manager-19] [INFO] [1774333821.340576667] [lifecycle_manager_navigation]: Server behavior_server connected with bond.
[lifecycle_manager-19] [INFO] [1774333821.340632082] [lifecycle_manager_navigation]: [34m[1mActivating velocity_smoother[0m[0m
[velocity_smoother-16] [INFO] [1774333821.341057316] [velocity_smoother]: Activating
[velocity_smoother-16] [INFO] [1774333821.341218019] [velocity_smoother]: Creating bond (velocity_smoother) to lifecycle manager.
[lifecycle_manager-19] [INFO] [1774333821.449460913] [lifecycle_manager_navigation]: Server velocity_smoother connected with bond.
[lifecycle_manager-19] [INFO] [1774333821.449518369] [lifecycle_manager_navigation]: [34m[1mActivating collision_monitor[0m[0m
[collision_monitor-17] [INFO] [1774333821.450006310] [collision_monitor]: Activating
[collision_monitor-17] [INFO] [1774333821.450055308] [collision_monitor]: Creating bond (collision_monitor) to lifecycle manager.
[lifecycle_manager-19] [INFO] [1774333821.558517819] [lifecycle_manager_navigation]: Server collision_monitor connected with bond.
[lifecycle_manager-19] [INFO] [1774333821.559079257] [lifecycle_manager_navigation]: [34m[1mActivating collision_detector[0m[0m
[collision_detector-18] [INFO] [1774333821.560821319] [collision_detector]: Activating
[collision_detector-18] [INFO] [1774333821.561017020] [collision_detector]: Creating bond (collision_detector) to lifecycle manager.
[lifecycle_manager-19] [INFO] [1774333821.716171332] [lifecycle_manager_navigation]: Server collision_detector connected with bond.
[lifecycle_manager-19] [INFO] [1774333821.716241621] [lifecycle_manager_navigation]: [34m[1mActivating bt_navigator[0m[0m
[bt_navigator-14] [INFO] [1774333821.716870140] [bt_navigator]: Activating
[bt_navigator-14] [INFO] [1774333821.846585336] [bt_navigator]: Creating bond (bt_navigator) to lifecycle manager.
[lifecycle_manager-19] [INFO] [1774333821.953382200] [lifecycle_manager_navigation]: Server bt_navigator connected with bond.
[lifecycle_manager-19] [INFO] [1774333821.953434114] [lifecycle_manager_navigation]: [34m[1mActivating waypoint_follower[0m[0m
[waypoint_follower-15] [INFO] [1774333821.953949179] [waypoint_follower]: Activating
[waypoint_follower-15] [INFO] [1774333821.954058258] [waypoint_follower]: Creating bond (waypoint_follower) to lifecycle manager.
[lifecycle_manager-19] [INFO] [1774333822.063639562] [lifecycle_manager_navigation]: Server waypoint_follower connected with bond.
[lifecycle_manager-19] [INFO] [1774333822.063697602] [lifecycle_manager_navigation]: [34m[1mActivating keepout_filter_mask_server[0m[0m
[map_server-8] [INFO] [1774333822.064202458] [keepout_filter_mask_server]: Activating
[map_server-8] [INFO] [1774333822.066001393] [keepout_filter_mask_server]: Creating bond (keepout_filter_mask_server) to lifecycle manager.
[lifecycle_manager-19] [INFO] [1774333822.177290051] [lifecycle_manager_navigation]: Server keepout_filter_mask_server connected with bond.
[lifecycle_manager-19] [INFO] [1774333822.177387756] [lifecycle_manager_navigation]: [34m[1mActivating keepout_costmap_filter_info_server[0m[0m
[costmap_filter_info_server-9] [INFO] [1774333822.178367137] [keepout_costmap_filter_info_server]: Activating
[costmap_filter_info_server-9] [INFO] [1774333822.178558463] [keepout_costmap_filter_info_server]: Creating bond (keepout_costmap_filter_info_server) to lifecycle manager.
[planner_server-12] [INFO] [1774333822.179155192] [global_costmap.global_costmap]: KeepoutFilter: Received filter info from /keepout_costmap_filter_info topic.
[planner_server-12] [INFO] [1774333822.179210023] [global_costmap.global_costmap]: KeepoutFilter: Subscribing to "/keepout_filter_mask" topic for filter mask...
[controller_server-10] [INFO] [1774333822.179180566] [local_costmap.local_costmap]: KeepoutFilter: Received filter info from /keepout_costmap_filter_info topic.
[controller_server-10] [INFO] [1774333822.179263979] [local_costmap.local_costmap]: KeepoutFilter: Subscribing to "/keepout_filter_mask" topic for filter mask...
[planner_server-12] [INFO] [1774333822.215236254] [global_costmap.global_costmap]: KeepoutFilter: Received filter mask from /keepout_filter_mask topic.
[controller_server-10] [INFO] [1774333822.215308293] [local_costmap.local_costmap]: KeepoutFilter: Received filter mask from /keepout_filter_mask topic.
[lifecycle_manager-19] [INFO] [1774333822.294736152] [lifecycle_manager_navigation]: Server keepout_costmap_filter_info_server connected with bond.
[lifecycle_manager-19] [INFO] [1774333822.294787775] [lifecycle_manager_navigation]: [34m[1mManaged nodes are active[0m[0m
[lifecycle_manager-19] [INFO] [1774333822.294803816] [lifecycle_manager_navigation]: [34m[1mCreating bond timer...[0m[0m
[INFO] [delivery_robot_main_controller-20]: process started with pid [5039]
[INFO] [robot_sound-21]: process started with pid [5040]
[INFO] [call_robot_button-22]: process started with pid [5041]
[INFO] [rpc_run_node-23]: process started with pid [5042]
[INFO] [dock_coordinates-24]: process started with pid [5043]
[INFO] [autodock_action_server-25]: process started with pid [5044]
[INFO] [battery_manager_node-26]: process started with pid [5045]
[dock_coordinates-24] [INFO] [1774333823.190168358] [dock_coordinates]: begin dock_coordinates
[dock_coordinates-24] [INFO] [1774333823.198377018] [dock coordinates]: max_alignment_error: 0.010000
[dock_coordinates-24] [INFO] [1774333823.198431849] [dock coordinates]: minimum_point_cloud: 5
[dock_coordinates-24] [INFO] [1774333823.198437682] [dock coordinates]: point_cloud_split_dist: 0.050000
[dock_coordinates-24] [INFO] [1774333823.198442640] [dock coordinates]: max_dock_width: 0.380000
[dock_coordinates-24] [INFO] [1774333823.198447015] [dock coordinates]: min_dock_width: 0.310000
[dock_coordinates-24] [INFO] [1774333823.198451682] [dock coordinates]: range_limit: 1.200000
[robot_sound-21] [0m[INFO] [1774333824.248185980] [robot_sound_node]: Sound volume set to 100% (API).[0m
[robot_sound-21] [0m[INFO] [1774333824.251094083] [robot_sound_node]: ✅ robot_sound_node started using .wav files[0m
[rpc_run_node-23] [0m[INFO] [1774333824.394141461] [rpc_run_node]: RPC run node started; RPC bridge configured.[0m
[rpc_run_node-23] 2026-03-24 13:30:24,395 [INFO] RPCServer listening on localhost:6000
[battery_manager_node-26] [INFO] [1774333824.677447692] [battery_manager]: SOC limits from API: target=1.00, resume=0.95
[battery_manager_node-26] [INFO] [1774333824.841456099] [battery_manager]: IR state: IDLE -> CHARGING (11)
[battery_manager_node-26] [INFO] [1774333825.107078349] [battery_manager]: State change: IDLE_ON_DOCK -> CHARGING
[autodock_action_server-25] [INFO] [1774333825.147927113] [autodock_action_server]: auto_dock_init_start
[autodock_action_server-25] [INFO] [1774333825.217578078] [autodock_action_server]: auto_dock_init_complete
[autodock_action_server-25] [INFO] [1774333825.278628690] [charge_status]: IR Charge State: CHARGING (11)
[delivery_robot_main_controller-20] [0m[INFO] [1774333825.518198180] [main_controller_node]: Delivery Robot Main Controller Node started.[0m
[delivery_robot_main_controller-20] [0m[INFO] [1774333825.566327553] [main_controller_node]: Initial state: STANDBY[0m
[delivery_robot_main_controller-20] [0m[INFO] [1774333825.575771960] [main_controller_node]: setting_batteryLowToCharge: 40[0m
[delivery_robot_main_controller-20] [33m[WARN] [1774333825.597295301] [rcl.logging_rosout]: Publisher already registered for node name: 'main_controller_node'. If this is due to multiple nodes with the same name then all logs for the logger named 'main_controller_node' will go out over the existing publisher. As soon as any node with that name is destructed it will unregister the publisher, preventing any further logs for that name from being published on the rosout topic.[0m
[delivery_robot_main_controller-20] [33m[WARN] [1774333825.642829228] [main_controller_node]: slam_toolbox_msgs not available; initial pose service calls will be skipped.[0m
[delivery_robot_main_controller-20] [0m[INFO] [1774333826.794400195] [main_controller_node]: Waiting for Nav2 system...[0m
[INFO] [bash-27]: process started with pid [5166]
[bash-27]   File "/home/smr/workspaces/mini_amr/amrROS2_UI/ICEAMR/main.py", line 422
[bash-27]     QTimer.singleShort(500, self.release_top_level)
[bash-27] TabError: inconsistent use of tabs and spaces in indentation
[ERROR] [bash-27]: process has died [pid 5166, exit code 1, cmd '/bin/bash -c cd /home/smr/workspaces/mini_amr/amrROS2_UI/ICEAMR && source ../env/bin/activate && python main.py'].
[INFO] [battery_manager_node-26]: sending signal 'SIGINT' to process[battery_manager_node-26]
[INFO] [autodock_action_server-25]: sending signal 'SIGINT' to process[autodock_action_server-25]
[INFO] [dock_coordinates-24]: sending signal 'SIGINT' to process[dock_coordinates-24]
[INFO] [rpc_run_node-23]: sending signal 'SIGINT' to process[rpc_run_node-23]
[INFO] [call_robot_button-22]: sending signal 'SIGINT' to process[call_robot_button-22]
[INFO] [robot_sound-21]: sending signal 'SIGINT' to process[robot_sound-21]
[INFO] [delivery_robot_main_controller-20]: sending signal 'SIGINT' to process[delivery_robot_main_controller-20]
[INFO] [lifecycle_manager-19]: sending signal 'SIGINT' to process[lifecycle_manager-19]
[INFO] [dock_coordinates-24]: process has finished cleanly [pid 5043]
[INFO] [collision_detector-18]: sending signal 'SIGINT' to process[collision_detector-18]
[INFO] [collision_monitor-17]: sending signal 'SIGINT' to process[collision_monitor-17]
[INFO] [velocity_smoother-16]: sending signal 'SIGINT' to process[velocity_smoother-16]
[INFO] [waypoint_follower-15]: sending signal 'SIGINT' to process[waypoint_follower-15]
[INFO] [bt_navigator-14]: sending signal 'SIGINT' to process[bt_navigator-14]
[INFO] [behavior_server-13]: sending signal 'SIGINT' to process[behavior_server-13]
[INFO] [planner_server-12]: sending signal 'SIGINT' to process[planner_server-12]
[INFO] [smoother_server-11]: sending signal 'SIGINT' to process[smoother_server-11]
[INFO] [controller_server-10]: sending signal 'SIGINT' to process[controller_server-10]
[INFO] [costmap_filter_info_server-9]: sending signal 'SIGINT' to process[costmap_filter_info_server-9]
[INFO] [map_server-8]: sending signal 'SIGINT' to process[map_server-8]
[INFO] [localization_slam_toolbox_node-7]: sending signal 'SIGINT' to process[localization_slam_toolbox_node-7]
[INFO] [robot_hardware-6]: sending signal 'SIGINT' to process[robot_hardware-6]
[INFO] [ekf_node-5]: sending signal 'SIGINT' to process[ekf_node-5]
[INFO] [scan_to_scan_filter_chain-4]: sending signal 'SIGINT' to process[scan_to_scan_filter_chain-4]
[INFO] [rplidar_node-3]: sending signal 'SIGINT' to process[rplidar_node-3]
[INFO] [joint_state_publisher-2]: sending signal 'SIGINT' to process[joint_state_publisher-2]
[INFO] [robot_state_publisher-1]: sending signal 'SIGINT' to process[robot_state_publisher-1]
[battery_manager_node-26] Traceback (most recent call last):
[battery_manager_node-26]   File "/home/smr/workspaces/mini_amr/amrROS2_ws/install/battery_management/lib/battery_management/battery_manager_node", line 33, in <module>
[battery_manager_node-26]     sys.exit(load_entry_point('battery-management==0.0.0', 'console_scripts', 'battery_manager_node')())
[battery_manager_node-26]              ^^^^^^^^^^^^^^^^^^^^^^^^^^^^^^^^^^^^^^^^^^^^^^^^^^^^^^^^^^^^^^^^^^^^^^^^^^^^^^^^^^^^^^^^^^
[battery_manager_node-26]   File "/home/smr/workspaces/mini_amr/amrROS2_ws/install/battery_management/lib/python3.12/site-packages/battery_management/battery_manager_node.py", line 311, in main
[battery_manager_node-26]     rclpy.spin(node)
[battery_manager_node-26]   File "/opt/ros/jazzy/lib/python3.12/site-packages/rclpy/__init__.py", line 247, in spin
[battery_manager_node-26]     executor.spin_once()
[battery_manager_node-26]   File "/opt/ros/jazzy/lib/python3.12/site-packages/rclpy/executors.py", line 845, in spin_once
[battery_manager_node-26]     self._spin_once_impl(timeout_sec)
[battery_manager_node-26]   File "/opt/ros/jazzy/lib/python3.12/site-packages/rclpy/executors.py", line 829, in _spin_once_impl
[battery_manager_node-26]     handler, entity, node = self.wait_for_ready_callbacks(
[battery_manager_node-26]                             ^^^^^^^^^^^^^^^^^^^^^^^^^^^^^^
[battery_manager_node-26]   File "/opt/ros/jazzy/lib/python3.12/site-packages/rclpy/executors.py", line 799, in wait_for_ready_callbacks
[battery_manager_node-26]     return next(self._cb_iter)
[battery_manager_node-26]            ^^^^^^^^^^^^^^^^^^^
[battery_manager_node-26]   File "/opt/ros/jazzy/lib/python3.12/site-packages/rclpy/executors.py", line 703, in _wait_for_ready_callbacks
[battery_manager_node-26]     wait_set.wait(timeout_nsec)
[battery_manager_node-26] KeyboardInterrupt
[dock_coordinates-24] [INFO] [1774333828.777271120] [rclcpp]: signal_handler(signum=2)
[rpc_run_node-23] [0m[INFO] [1774333828.787025265] [rpc_run_node]: RPC run node stopped by user.[0m
[rpc_run_node-23] Failed to publish log message to rosout: publisher's context is invalid, at ./src/rcl/publisher.c:423
[rpc_run_node-23] 2026-03-24 13:30:28,790 [INFO] RPCServer stopped.
[robot_sound-21] [0m[INFO] [1774333828.806069530] [robot_sound_node]: 🔚 robot_sound_node stopped by user.[0m
[robot_sound-21] Failed to publish log message to rosout: publisher's context is invalid, at ./src/rcl/publisher.c:423
[delivery_robot_main_controller-20] Traceback (most recent call last):
[delivery_robot_main_controller-20]   File "/home/smr/workspaces/mini_amr/amrROS2_ws/install/delivery_robot_main_controller/lib/delivery_robot_main_controller/delivery_robot_main_controller", line 33, in <module>
[delivery_robot_main_controller-20]     sys.exit(load_entry_point('delivery-robot-main-controller==0.0.1', 'console_scripts', 'delivery_robot_main_controller')())
[delivery_robot_main_controller-20]              ^^^^^^^^^^^^^^^^^^^^^^^^^^^^^^^^^^^^^^^^^^^^^^^^^^^^^^^^^^^^^^^^^^^^^^^^^^^^^^^^^^^^^^^^^^^^^^^^^^^^^^^^^^^^^^^^
[delivery_robot_main_controller-20]   File "/home/smr/workspaces/mini_amr/amrROS2_ws/install/delivery_robot_main_controller/lib/python3.12/site-packages/delivery_robot_main_controller/main_controller_node.py", line 1739, in main
[delivery_robot_main_controller-20]     node = DeliveryRobotMainController()
[delivery_robot_main_controller-20]            ^^^^^^^^^^^^^^^^^^^^^^^^^^^^^
[delivery_robot_main_controller-20]   File "/home/smr/workspaces/mini_amr/amrROS2_ws/install/delivery_robot_main_controller/lib/python3.12/site-packages/delivery_robot_main_controller/main_controller_node.py", line 180, in __init__
[delivery_robot_main_controller-20]     self.navigator.waitUntilNav2Active()
[delivery_robot_main_controller-20]   File "/home/smr/workspaces/mini_amr/amrROS2_ws/install/delivery_robot_main_controller/lib/python3.12/site-packages/delivery_robot_main_controller/robot_navigator.py", line 258, in waitUntilNav2Active
[delivery_robot_main_controller-20]     self._waitForNodeToActivate(node_name)
[delivery_robot_main_controller-20]   File "/home/smr/workspaces/mini_amr/amrROS2_ws/install/delivery_robot_main_controller/lib/python3.12/site-packages/delivery_robot_main_controller/robot_navigator.py", line 430, in _waitForNodeToActivate
[delivery_robot_main_controller-20]     time.sleep(2)
[delivery_robot_main_controller-20] KeyboardInterrupt
[lifecycle_manager-19] [INFO] [1774333828.814413810] [rclcpp]: signal_handler(signum=2)
[lifecycle_manager-19] [INFO] [1774333828.815149075] [lifecycle_manager_navigation]: Running Nav2 LifecycleManager rcl preshutdown (lifecycle_manager_navigation)
[lifecycle_manager-19] [INFO] [1774333828.815217614] [lifecycle_manager_navigation]: [34m[1mTerminating bond timer...[0m[0m
[collision_detector-18] [INFO] [1774333828.820926489] [rclcpp]: signal_handler(signum=2)
[collision_detector-18] [INFO] [1774333828.821076984] [collision_detector]: Running Nav2 LifecycleNode rcl preshutdown (collision_detector)
[collision_detector-18] [INFO] [1774333828.821175564] [collision_detector]: Deactivating
[collision_detector-18] [INFO] [1774333828.821195104] [collision_detector]: Destroying bond (collision_detector) to lifecycle manager.
[velocity_smoother-16] [INFO] [1774333828.831225448] [rclcpp]: signal_handler(signum=2)
[velocity_smoother-16] [INFO] [1774333828.831452065] [velocity_smoother]: Running Nav2 LifecycleNode rcl preshutdown (velocity_smoother)
[velocity_smoother-16] [INFO] [1774333828.831539853] [velocity_smoother]: Deactivating
[velocity_smoother-16] [INFO] [1774333828.831681015] [velocity_smoother]: Destroying bond (velocity_smoother) to lifecycle manager.
[collision_monitor-17] [INFO] [1774333828.832615772] [rclcpp]: signal_handler(signum=2)
[collision_monitor-17] [INFO] [1774333828.832984717] [collision_monitor]: Running Nav2 LifecycleNode rcl preshutdown (collision_monitor)
[collision_monitor-17] [INFO] [1774333828.833069589] [collision_monitor]: Deactivating
[collision_monitor-17] [INFO] [1774333828.833089422] [collision_monitor]: Destroying bond (collision_monitor) to lifecycle manager.
[waypoint_follower-15] [INFO] [1774333828.835600289] [rclcpp]: signal_handler(signum=2)
[waypoint_follower-15] [INFO] [1774333828.836216849] [waypoint_follower]: Running Nav2 LifecycleNode rcl preshutdown (waypoint_follower)
[waypoint_follower-15] [INFO] [1774333828.836448133] [waypoint_follower]: Deactivating
[waypoint_follower-15] [INFO] [1774333828.836559837] [waypoint_follower]: Destroying bond (waypoint_follower) to lifecycle manager.
[bt_navigator-14] [INFO] [1774333828.841882852] [rclcpp]: signal_handler(signum=2)
[bt_navigator-14] [INFO] [1774333828.842010305] [bt_navigator]: Running Nav2 LifecycleNode rcl preshutdown (bt_navigator)
[bt_navigator-14] [INFO] [1774333828.842096344] [bt_navigator]: Deactivating
[bt_navigator-14] [INFO] [1774333828.842124343] [bt_navigator]: Destroying bond (bt_navigator) to lifecycle manager.
[behavior_server-13] [INFO] [1774333828.846984208] [rclcpp]: signal_handler(signum=2)
[behavior_server-13] [INFO] [1774333828.847123036] [behavior_server]: Running Nav2 LifecycleNode rcl preshutdown (behavior_server)
[behavior_server-13] [INFO] [1774333828.847212866] [behavior_server]: Deactivating
[behavior_server-13] [INFO] [1774333828.847232699] [behavior_server]: Destroying bond (behavior_server) to lifecycle manager.
[planner_server-12] [INFO] [1774333828.852249474] [rclcpp]: signal_handler(signum=2)
[planner_server-12] [INFO] [1774333828.852390344] [planner_server]: Running Nav2 LifecycleNode rcl preshutdown (planner_server)
[planner_server-12] [INFO] [1774333828.852479008] [planner_server]: Deactivating
[planner_server-12] [INFO] [1774333828.852511673] [global_costmap.global_costmap]: Deactivating
[smoother_server-11] [INFO] [1774333828.857345289] [rclcpp]: signal_handler(signum=2)
[smoother_server-11] [INFO] [1774333828.857474784] [smoother_server]: Running Nav2 LifecycleNode rcl preshutdown (smoother_server)
[smoother_server-11] [INFO] [1774333828.857576864] [smoother_server]: Deactivating
[smoother_server-11] [INFO] [1774333828.857606321] [smoother_server]: Destroying bond (smoother_server) to lifecycle manager.
[waypoint_follower-15] [INFO] [1774333828.857632570] [waypoint_follower]: Cleaning up
[bt_navigator-14] [INFO] [1774333828.862550183] [bt_navigator]: Cleaning up
[behavior_server-13] [INFO] [1774333828.867664663] [behavior_server]: Cleaning up
[behavior_server-13] [INFO] [1774333828.884256685] [behavior_server]: Destroying bond (behavior_server) to lifecycle manager.
[velocity_smoother-16] [INFO] [1774333828.872099294] [velocity_smoother]: Cleaning up
[velocity_smoother-16] [INFO] [1774333828.872159666] [velocity_smoother]: Destroying bond (velocity_smoother) to lifecycle manager.
[smoother_server-11] [INFO] [1774333828.878037119] [smoother_server]: Cleaning up
[controller_server-10] [INFO] [1774333828.878809133] [rclcpp]: signal_handler(signum=2)
[controller_server-10] [INFO] [1774333828.879918592] [controller_server]: Running Nav2 LifecycleNode rcl preshutdown (controller_server)
[controller_server-10] [INFO] [1774333828.880155417] [controller_server]: Deactivating
[controller_server-10] [INFO] [1774333828.880278204] [MPPIController]: Deactivated MPPI Controller: FollowPath
[controller_server-10] [INFO] [1774333828.880336536] [local_costmap.local_costmap]: Deactivating
[controller_server-10] [INFO] [1774333828.892981867] [controller_server]: Destroying bond (controller_server) to lifecycle manager.
[costmap_filter_info_server-9] [INFO] [1774333828.915788787] [rclcpp]: signal_handler(signum=2)
[costmap_filter_info_server-9] [INFO] [1774333828.916027945] [keepout_costmap_filter_info_server]: Running Nav2 LifecycleNode rcl preshutdown (keepout_costmap_filter_info_server)
[costmap_filter_info_server-9] [INFO] [1774333828.916121275] [keepout_costmap_filter_info_server]: Deactivating
[costmap_filter_info_server-9] [INFO] [1774333828.916137316] [keepout_costmap_filter_info_server]: Destroying bond (keepout_costmap_filter_info_server) to lifecycle manager.
[collision_detector-18] [INFO] [1774333828.945917732] [collision_detector]: Cleaning up
[collision_detector-18] [INFO] [1774333828.945974605] [collision_monitor]: [PolygonStop]: Destroying Circle
[collision_detector-18] [INFO] [1774333828.945981605] [collision_monitor]: [PolygonStop]: Destroying Polygon
[collision_detector-18] [INFO] [1774333828.945990646] [collision_monitor]: [PolygonSlow]: Destroying Polygon
[collision_detector-18] [INFO] [1774333828.945997646] [collision_monitor]: [scan]: Destroying Scan
[collision_detector-18] [INFO] [1774333828.948869583] [collision_detector]: Destroying bond (collision_detector) to lifecycle manager.
[call_robot_button-22] [0m[INFO] [1774333828.965569517] [call_robot_button_node]: CallRobotButton interrupted by user.[0m
[call_robot_button-22] Failed to publish log message to rosout: publisher's context is invalid, at ./src/rcl/publisher.c:423
[waypoint_follower-15] [INFO] [1774333828.962854783] [waypoint_follower]: Destroying bond (waypoint_follower) to lifecycle manager.
[costmap_filter_info_server-9] [INFO] [1774333828.966531107] [keepout_costmap_filter_info_server]: Cleaning up
[costmap_filter_info_server-9] [INFO] [1774333828.966594397] [keepout_costmap_filter_info_server]: Destroying bond (keepout_costmap_filter_info_server) to lifecycle manager.
[collision_monitor-17] [INFO] [1774333828.968457204] [collision_monitor]: Cleaning up
[collision_monitor-17] [INFO] [1774333828.968512035] [collision_monitor]: [PolygonStop]: Destroying Circle
[collision_monitor-17] [INFO] [1774333828.968526910] [collision_monitor]: [PolygonStop]: Destroying Polygon
[collision_monitor-17] [INFO] [1774333828.968538576] [collision_monitor]: [PolygonSlow]: Destroying Polygon
[collision_monitor-17] [INFO] [1774333828.968548492] [collision_monitor]: [FootprintApproach]: Destroying Polygon
[collision_monitor-17] [INFO] [1774333828.968562783] [collision_monitor]: [scan]: Destroying Scan
[collision_monitor-17] [INFO] [1774333828.970928989] [collision_monitor]: Destroying bond (collision_monitor) to lifecycle manager.
[controller_server-10] [INFO] [1774333828.973431106] [controller_server]: Cleaning up
[controller_server-10] [INFO] [1774333828.973566435] [MPPIController]: Cleaned up MPPI Controller: FollowPath
[controller_server-10] [INFO] [1774333828.973710513] [local_costmap.local_costmap]: Cleaning up
[map_server-8] [INFO] [1774333828.982092999] [rclcpp]: signal_handler(signum=2)
[map_server-8] [INFO] [1774333828.982380864] [keepout_filter_mask_server]: Running Nav2 LifecycleNode rcl preshutdown (keepout_filter_mask_server)
[map_server-8] [INFO] [1774333828.982600481] [keepout_filter_mask_server]: Deactivating
[map_server-8] [INFO] [1774333828.982656770] [keepout_filter_mask_server]: Destroying bond (keepout_filter_mask_server) to lifecycle manager.
[localization_slam_toolbox_node-7] [INFO] [1774333828.986465215] [rclcpp]: signal_handler(signum=2)
[localization_slam_toolbox_node-7] Unregistering sensor: Custom Described Lidar
[waypoint_follower-15] [INFO] [1774333829.011337352] [waypoint_follower]: Destroying
[planner_server-12] [INFO] [1774333829.021937883] [planner_server]: Deactivating plugin GridBased of type SmacPlanner2D
[planner_server-12] [INFO] [1774333829.021996214] [planner_server]: Destroying bond (planner_server) to lifecycle manager.
[map_server-8] [INFO] [1774333829.028850423] [keepout_filter_mask_server]: Cleaning up
[map_server-8] [INFO] [1774333829.028989834] [keepout_filter_mask_server]: Destroying bond (keepout_filter_mask_server) to lifecycle manager.
[robot_hardware-6] [INFO] [1774333829.028799966] [rclcpp]: signal_handler(signum=2)
[controller_server-10] [INFO] [1774333829.060272571] [controller_server]: Destroying bond (controller_server) to lifecycle manager.
[planner_server-12] [INFO] [1774333829.082514553] [planner_server]: Cleaning up
[scan_to_scan_filter_chain-4] [INFO] [1774333829.094109339] [rclcpp]: signal_handler(signum=2)
[ekf_node-5] [INFO] [1774333829.100802554] [rclcpp]: signal_handler(signum=2)
[velocity_smoother-16] [INFO] [1774333829.109815893] [velocity_smoother]: Destroying
[costmap_filter_info_server-9] [INFO] [1774333829.113789998] [keepout_costmap_filter_info_server]: Destroying
[robot_state_publisher-1] [INFO] [1774333829.120638666] [rclcpp]: signal_handler(signum=2)
[controller_server-10] [INFO] [1774333829.132661020] [local_costmap.local_costmap]: Destroying
[smoother_server-11] [INFO] [1774333829.175709745] [smoother_server]: Destroying bond (smoother_server) to lifecycle manager.
[map_server-8] [INFO] [1774333829.180859224] [keepout_filter_mask_server]: Destroying
[behavior_server-13] [INFO] [1774333829.183758285] [behavior_server]: Destroying
[smoother_server-11] [INFO] [1774333829.187660352] [smoother_server]: Destroying
[collision_detector-18] [INFO] [1774333829.243051961] [collision_detector]: Destroying
[collision_monitor-17] [INFO] [1774333829.250326738] [collision_monitor]: Destroying
[planner_server-12] [INFO] [1774333829.258934383] [global_costmap.global_costmap]: Cleaning up
[controller_server-10] [INFO] [1774333829.278939072] [controller_server]: Destroying
[rplidar_node-3] [INFO] [1774333829.293770365] [rplidar_node]: Stop motor
[planner_server-12] [INFO] [1774333829.319524470] [planner_server]: Cleaning up plugin GridBased of type SmacPlanner2D
[planner_server-12] [INFO] [1774333829.322831266] [planner_server]: Destroying plugin GridBased of type SmacPlanner2D
[planner_server-12] [INFO] [1774333829.484679668] [planner_server]: Destroying bond (planner_server) to lifecycle manager.
[planner_server-12] [INFO] [1774333829.518500979] [global_costmap.global_costmap]: Destroying
[lifecycle_manager-19] [INFO] [1774333829.622725727] [lifecycle_manager_navigation]: Destroying lifecycle_manager_navigation
[planner_server-12] [INFO] [1774333829.673440632] [planner_server]: Destroying
[bt_navigator-14] [INFO] [1774333829.711858150] [bt_navigator]: Completed Cleaning up
[bt_navigator-14] [INFO] [1774333829.712071934] [bt_navigator]: Destroying bond (bt_navigator) to lifecycle manager.
[bt_navigator-14] [INFO] [1774333829.717294328] [bt_navigator]: Destroying
[autodock_action_server-25] Traceback (most recent call last):
[autodock_action_server-25]   File "/home/smr/workspaces/mini_amr/amrROS2_ws/install/action_autodock/lib/python3.12/site-packages/action_autodock/autodock_action_server.py", line 1409, in main
[autodock_action_server-25]     executor.spin()
[autodock_action_server-25]   File "/opt/ros/jazzy/lib/python3.12/site-packages/rclpy/executors.py", line 312, in spin
[autodock_action_server-25]     self.spin_once()
[autodock_action_server-25]   File "/opt/ros/jazzy/lib/python3.12/site-packages/rclpy/executors.py", line 917, in spin_once
[autodock_action_server-25]     self._spin_once_impl(timeout_sec)
[autodock_action_server-25]   File "/opt/ros/jazzy/lib/python3.12/site-packages/rclpy/executors.py", line 896, in _spin_once_impl
[autodock_action_server-25]     handler, entity, node = self.wait_for_ready_callbacks(
[autodock_action_server-25]                             ^^^^^^^^^^^^^^^^^^^^^^^^^^^^^^
[autodock_action_server-25]   File "/opt/ros/jazzy/lib/python3.12/site-packages/rclpy/executors.py", line 799, in wait_for_ready_callbacks
[autodock_action_server-25]     return next(self._cb_iter)
[autodock_action_server-25]            ^^^^^^^^^^^^^^^^^^^
[autodock_action_server-25]   File "/opt/ros/jazzy/lib/python3.12/site-packages/rclpy/executors.py", line 703, in _wait_for_ready_callbacks
[autodock_action_server-25]     wait_set.wait(timeout_nsec)
[autodock_action_server-25] KeyboardInterrupt
[autodock_action_server-25] 
[autodock_action_server-25] During handling of the above exception, another exception occurred:
[autodock_action_server-25] 
[autodock_action_server-25] Traceback (most recent call last):
[autodock_action_server-25]   File "/home/smr/workspaces/mini_amr/amrROS2_ws/install/action_autodock/lib/action_autodock/autodock_action_server", line 33, in <module>
[autodock_action_server-25]     sys.exit(load_entry_point('action-autodock==0.0.0', 'console_scripts', 'autodock_action_server')())
[autodock_action_server-25]              ^^^^^^^^^^^^^^^^^^^^^^^^^^^^^^^^^^^^^^^^^^^^^^^^^^^^^^^^^^^^^^^^^^^^^^^^^^^^^^^^^^^^^^^^^
[autodock_action_server-25]   File "/home/smr/workspaces/mini_amr/amrROS2_ws/install/action_autodock/lib/python3.12/site-packages/action_autodock/autodock_action_server.py", line 1420, in main
[autodock_action_server-25]     rclpy.shutdown()   
[autodock_action_server-25]     ^^^^^^^^^^^^^^^^
[autodock_action_server-25]   File "/opt/ros/jazzy/lib/python3.12/site-packages/rclpy/__init__.py", line 134, in shutdown
[autodock_action_server-25]     _shutdown(context=context)
[autodock_action_server-25]   File "/opt/ros/jazzy/lib/python3.12/site-packages/rclpy/utilities.py", line 82, in shutdown
[autodock_action_server-25]     context.shutdown()
[autodock_action_server-25]   File "/opt/ros/jazzy/lib/python3.12/site-packages/rclpy/context.py", line 129, in shutdown
[autodock_action_server-25]     self.__context.shutdown()
[autodock_action_server-25] rclpy._rclpy_pybind11.RCLError: failed to shutdown: rcl_shutdown already called on the given context, at ./src/rcl/init.c:333
[rpc_run_node-23] Traceback (most recent call last):
[rpc_run_node-23]   File "/home/smr/workspaces/mini_amr/amrROS2_ws/install/delivery_robot_main_controller/lib/delivery_robot_main_controller/rpc_run_node", line 33, in <module>
[rpc_run_node-23]     sys.exit(load_entry_point('delivery-robot-main-controller==0.0.1', 'console_scripts', 'rpc_run_node')())
[rpc_run_node-23]              ^^^^^^^^^^^^^^^^^^^^^^^^^^^^^^^^^^^^^^^^^^^^^^^^^^^^^^^^^^^^^^^^^^^^^^^^^^^^^^^^^^^^^^^^^^^^^^
[rpc_run_node-23]   File "/home/smr/workspaces/mini_amr/amrROS2_ws/install/delivery_robot_main_controller/lib/python3.12/site-packages/delivery_robot_main_controller/rpc_run_node.py", line 57, in main
[rpc_run_node-23]     rclpy.shutdown()
[rpc_run_node-23]   File "/opt/ros/jazzy/lib/python3.12/site-packages/rclpy/__init__.py", line 134, in shutdown
[rpc_run_node-23]     _shutdown(context=context)
[rpc_run_node-23]   File "/opt/ros/jazzy/lib/python3.12/site-packages/rclpy/utilities.py", line 82, in shutdown
[rpc_run_node-23]     context.shutdown()
[rpc_run_node-23]   File "/opt/ros/jazzy/lib/python3.12/site-packages/rclpy/context.py", line 129, in shutdown
[rpc_run_node-23]     self.__context.shutdown()
[rpc_run_node-23] rclpy._rclpy_pybind11.RCLError: failed to shutdown: rcl_shutdown already called on the given context, at ./src/rcl/init.c:333
[robot_sound-21] Traceback (most recent call last):
[robot_sound-21]   File "/home/smr/workspaces/mini_amr/amrROS2_ws/install/delivery_robot_main_controller/lib/delivery_robot_main_controller/robot_sound", line 33, in <module>
[robot_sound-21]     sys.exit(load_entry_point('delivery-robot-main-controller==0.0.1', 'console_scripts', 'robot_sound')())
[robot_sound-21]              ^^^^^^^^^^^^^^^^^^^^^^^^^^^^^^^^^^^^^^^^^^^^^^^^^^^^^^^^^^^^^^^^^^^^^^^^^^^^^^^^^^^^^^^^^^^^^
[robot_sound-21]   File "/home/smr/workspaces/mini_amr/amrROS2_ws/install/delivery_robot_main_controller/lib/python3.12/site-packages/delivery_robot_main_controller/robot_sound.py", line 147, in main
[robot_sound-21]     rclpy.shutdown()
[robot_sound-21]   File "/opt/ros/jazzy/lib/python3.12/site-packages/rclpy/__init__.py", line 134, in shutdown
[robot_sound-21]     _shutdown(context=context)
[robot_sound-21]   File "/opt/ros/jazzy/lib/python3.12/site-packages/rclpy/utilities.py", line 82, in shutdown
[robot_sound-21]     context.shutdown()
[robot_sound-21]   File "/opt/ros/jazzy/lib/python3.12/site-packages/rclpy/context.py", line 129, in shutdown
[robot_sound-21]     self.__context.shutdown()
[robot_sound-21] rclpy._rclpy_pybind11.RCLError: failed to shutdown: rcl_shutdown already called on the given context, at ./src/rcl/init.c:333
[ERROR] [rpc_run_node-23]: process has died [pid 5042, exit code 1, cmd '/home/smr/workspaces/mini_amr/amrROS2_ws/install/delivery_robot_main_controller/lib/delivery_robot_main_controller/rpc_run_node --ros-args -r __node:=rpc_run_node -r __ns:=/ -r /tf:=tf -r /tf_static:=tf_static'].
[ERROR] [battery_manager_node-26]: process has died [pid 5045, exit code -2, cmd '/home/smr/workspaces/mini_amr/amrROS2_ws/install/battery_management/lib/battery_management/battery_manager_node --ros-args -r __node:=battery_manager -r __ns:=/ --params-file /home/smr/workspaces/mini_amr/amrROS2_ws/install/battery_management/share/battery_management/config/battery_manager.yaml -r /tf:=tf -r /tf_static:=tf_static'].
[INFO] [costmap_filter_info_server-9]: process has finished cleanly [pid 4775]
[ERROR] [robot_sound-21]: process has died [pid 5040, exit code 1, cmd '/home/smr/workspaces/mini_amr/amrROS2_ws/install/delivery_robot_main_controller/lib/delivery_robot_main_controller/robot_sound --ros-args -r __node:=robot_sound_node -r __ns:=/ -r /tf:=tf -r /tf_static:=tf_static'].
[call_robot_button-22] Traceback (most recent call last):
[call_robot_button-22]   File "/home/smr/workspaces/mini_amr/amrROS2_ws/install/delivery_robot_main_controller/lib/delivery_robot_main_controller/call_robot_button", line 33, in <module>
[call_robot_button-22]     sys.exit(load_entry_point('delivery-robot-main-controller==0.0.1', 'console_scripts', 'call_robot_button')())
[call_robot_button-22]              ^^^^^^^^^^^^^^^^^^^^^^^^^^^^^^^^^^^^^^^^^^^^^^^^^^^^^^^^^^^^^^^^^^^^^^^^^^^^^^^^^^^^^^^^^^^^^^^^^^^
[call_robot_button-22]   File "/home/smr/workspaces/mini_amr/amrROS2_ws/install/delivery_robot_main_controller/lib/python3.12/site-packages/delivery_robot_main_controller/call_button.py", line 251, in main
[call_robot_button-22]     rclpy.shutdown()
[call_robot_button-22]   File "/opt/ros/jazzy/lib/python3.12/site-packages/rclpy/__init__.py", line 134, in shutdown
[call_robot_button-22]     _shutdown(context=context)
[call_robot_button-22]   File "/opt/ros/jazzy/lib/python3.12/site-packages/rclpy/utilities.py", line 82, in shutdown
[call_robot_button-22]     context.shutdown()
[call_robot_button-22]   File "/opt/ros/jazzy/lib/python3.12/site-packages/rclpy/context.py", line 129, in shutdown
[call_robot_button-22]     self.__context.shutdown()
[call_robot_button-22] rclpy._rclpy_pybind11.RCLError: failed to shutdown: rcl_shutdown already called on the given context, at ./src/rcl/init.c:333
[INFO] [joint_state_publisher-2]: process has finished cleanly [pid 4768]
[INFO] [velocity_smoother-16]: process has finished cleanly [pid 4788]
[INFO] [smoother_server-11]: process has finished cleanly [pid 4779]
[INFO] [robot_hardware-6]: process has finished cleanly [pid 4772]
[ERROR] [call_robot_button-22]: process has died [pid 5041, exit code 1, cmd '/home/smr/workspaces/mini_amr/amrROS2_ws/install/delivery_robot_main_controller/lib/delivery_robot_main_controller/call_robot_button --ros-args -r __node:=call_robot_button_node -r __ns:=/ -r /tf:=tf -r /tf_static:=tf_static'].
[INFO] [waypoint_follower-15]: process has finished cleanly [pid 4785]
[INFO] [controller_server-10]: process has finished cleanly [pid 4778]
[INFO] [behavior_server-13]: process has finished cleanly [pid 4783]
[INFO] [collision_detector-18]: process has finished cleanly [pid 4796]
[INFO] [map_server-8]: process has finished cleanly [pid 4774]
[INFO] [collision_monitor-17]: process has finished cleanly [pid 4793]
[INFO] [lifecycle_manager-19]: process has finished cleanly [pid 4799]
[INFO] [planner_server-12]: process has finished cleanly [pid 4781]
[INFO] [bt_navigator-14]: process has finished cleanly [pid 4784]
[ERROR] [delivery_robot_main_controller-20]: process has died [pid 5039, exit code -2, cmd '/home/smr/workspaces/mini_amr/amrROS2_ws/install/delivery_robot_main_controller/lib/delivery_robot_main_controller/delivery_robot_main_controller --ros-args -r __node:=main_controller_node -r __ns:=/ --params-file /tmp/launch_params_cqx4q0ff -r /tf:=tf -r /tf_static:=tf_static'].
[ERROR] [autodock_action_server-25]: process has died [pid 5044, exit code 1, cmd '/home/smr/workspaces/mini_amr/amrROS2_ws/install/action_autodock/lib/action_autodock/autodock_action_server --ros-args -r __ns:=/ --params-file /home/smr/workspaces/mini_amr/amrROS2_ws/install/action_autodock/share/action_autodock/config/auto_dock_config.yaml --params-file /tmp/launch_params_78lfx30b -r /tf:=tf -r /tf_static:=tf_static'].
[INFO] [robot_state_publisher-1]: process has finished cleanly [pid 4767]
[INFO] [rplidar_node-3]: process has finished cleanly [pid 4769]
[INFO] [scan_to_scan_filter_chain-4]: process has finished cleanly [pid 4770]
[INFO] [ekf_node-5]: process has finished cleanly [pid 4771]
[INFO] [localization_slam_toolbox_node-7]: process has finished cleanly [pid 4773]
