[INFO] [launch]: All log files can be found below /home/smr/.ros/log/2026-03-24-12-59-54-855012-two-14437
[INFO] [launch]: Default logging verbosity is set to INFO
[INFO] [robot_state_publisher-1]: process started with pid [14452]
[INFO] [joint_state_publisher-2]: process started with pid [14453]
[INFO] [rplidar_node-3]: process started with pid [14454]
[INFO] [scan_to_scan_filter_chain-4]: process started with pid [14455]
[INFO] [ekf_node-5]: process started with pid [14456]
[INFO] [robot_hardware-6]: process started with pid [14457]
[INFO] [localization_slam_toolbox_node-7]: process started with pid [14458]
[INFO] [map_server-8]: process started with pid [14459]
[INFO] [costmap_filter_info_server-9]: process started with pid [14460]
[INFO] [controller_server-10]: process started with pid [14465]
[INFO] [smoother_server-11]: process started with pid [14466]
[INFO] [planner_server-12]: process started with pid [14477]
[INFO] [behavior_server-13]: process started with pid [14478]
[INFO] [bt_navigator-14]: process started with pid [14482]
[INFO] [waypoint_follower-15]: process started with pid [14491]
[INFO] [velocity_smoother-16]: process started with pid [14498]
[INFO] [collision_monitor-17]: process started with pid [14500]
[INFO] [collision_detector-18]: process started with pid [14503]
[INFO] [lifecycle_manager-19]: process started with pid [14506]
[robot_hardware-6] Serial port opened at port /dev/teensy with baudrate 460800
[robot_hardware-6] Created receive data thread
[rplidar_node-3] [INFO] [1774331995.888671510] [rplidar_node]: RPLidar running on ROS2 package rplidar_ros. RPLIDAR SDK Version:2.1.0
[rplidar_node-3] [INFO] [1774331995.898663355] [rplidar_node]: RPLidar S/N: CEDCEDF9C7E29BCEA7E39EF25E0F4304
[rplidar_node-3] [INFO] [1774331995.898728978] [rplidar_node]: Firmware Ver: 1.02
[rplidar_node-3] [INFO] [1774331995.898740644] [rplidar_node]: Hardware Rev: 18
[rplidar_node-3] [INFO] [1774331995.900664408] [rplidar_node]: RPLidar health status : 0
[rplidar_node-3] [INFO] [1774331995.900725072] [rplidar_node]: RPLidar health status : OK.
[rplidar_node-3] [INFO] [1774331995.902024691] [rplidar_node]: Start
[rplidar_node-3] [INFO] [1774331996.042174474] [rplidar_node]: current scan mode: Sensitivity, sample rate: 32 Khz, max_distance: 30.0 m, scan frequency:10.0 Hz, 
[robot_state_publisher-1] [INFO] [1774331996.046759307] [robot_state_publisher]: Robot initialized
[map_server-8] [INFO] [1774331996.080319588] [keepout_filter_mask_server]: 
[map_server-8] 	keepout_filter_mask_server lifecycle node launched. 
[map_server-8] 	Waiting on external lifecycle transitions to activate
[map_server-8] 	See https://design.ros2.org/articles/node_lifecycle.html for more information.
[map_server-8] [INFO] [1774331996.085991132] [keepout_filter_mask_server]: Creating
[controller_server-10] [INFO] [1774331996.089149184] [controller_server]: 
[controller_server-10] 	controller_server lifecycle node launched. 
[controller_server-10] 	Waiting on external lifecycle transitions to activate
[controller_server-10] 	See https://design.ros2.org/articles/node_lifecycle.html for more information.
[bt_navigator-14] [INFO] [1774331996.099394770] [bt_navigator]: 
[bt_navigator-14] 	bt_navigator lifecycle node launched. 
[controller_server-10] [INFO] [1774331996.100515313] [controller_server]: Creating controller server
[bt_navigator-14] 	Waiting on external lifecycle transitions to activate
[bt_navigator-14] 	See https://design.ros2.org/articles/node_lifecycle.html for more information.
[bt_navigator-14] [INFO] [1774331996.106191231] [bt_navigator]: Creating
[controller_server-10] [INFO] [1774331996.117811392] [local_costmap.local_costmap]: 
[controller_server-10] 	local_costmap lifecycle node launched. 
[controller_server-10] 	Waiting on external lifecycle transitions to activate
[controller_server-10] 	See https://design.ros2.org/articles/node_lifecycle.html for more information.
[controller_server-10] [INFO] [1774331996.130214650] [local_costmap.local_costmap]: Creating Costmap
[localization_slam_toolbox_node-7] [INFO] [1774331996.150653032] [slam_toolbox]: Node using stack size 40000000
[smoother_server-11] [INFO] [1774331996.184908329] [smoother_server]: 
[smoother_server-11] 	smoother_server lifecycle node launched. 
[waypoint_follower-15] [INFO] [1774331996.190486835] [waypoint_follower]: 
[waypoint_follower-15] 	waypoint_follower lifecycle node launched. 
[waypoint_follower-15] 	Waiting on external lifecycle transitions to activate
[waypoint_follower-15] 	See https://design.ros2.org/articles/node_lifecycle.html for more information.
[waypoint_follower-15] [INFO] [1774331996.191534464] [waypoint_follower]: Creating
[smoother_server-11] 	Waiting on external lifecycle transitions to activate
[smoother_server-11] 	See https://design.ros2.org/articles/node_lifecycle.html for more information.
[smoother_server-11] [INFO] [1774331996.199434260] [smoother_server]: Creating smoother server
[localization_slam_toolbox_node-7] [INFO] [1774331996.225585893] [slam_toolbox]: Configuring
[costmap_filter_info_server-9] [INFO] [1774331996.250006547] [costmap_filter_info_server]: This is costmap filter info publisher
[localization_slam_toolbox_node-7] [INFO] [1774331996.253280678] [slam_toolbox]: Using solver plugin solver_plugins::CeresSolver
[localization_slam_toolbox_node-7] [INFO] [1774331996.264180449] [slam_toolbox]: CeresSolver: Using SCHUR_JACOBI preconditioner.
[behavior_server-13] [INFO] [1774331996.310468309] [behavior_server]: 
[behavior_server-13] 	behavior_server lifecycle node launched. 
[behavior_server-13] 	Waiting on external lifecycle transitions to activate
[behavior_server-13] 	See https://design.ros2.org/articles/node_lifecycle.html for more information.
[costmap_filter_info_server-9] [INFO] [1774331996.317522594] [keepout_costmap_filter_info_server]: 
[costmap_filter_info_server-9] 	keepout_costmap_filter_info_server lifecycle node launched. 
[costmap_filter_info_server-9] 	Waiting on external lifecycle transitions to activate
[costmap_filter_info_server-9] 	See https://design.ros2.org/articles/node_lifecycle.html for more information.
[velocity_smoother-16] [INFO] [1774331996.347715705] [velocity_smoother]: 
[velocity_smoother-16] 	velocity_smoother lifecycle node launched. 
[velocity_smoother-16] 	Waiting on external lifecycle transitions to activate
[velocity_smoother-16] 	See https://design.ros2.org/articles/node_lifecycle.html for more information.
[lifecycle_manager-19] [INFO] [1774331996.377514789] [lifecycle_manager_navigation]: Creating
[planner_server-12] [INFO] [1774331996.425688206] [planner_server]: 
[planner_server-12] 	planner_server lifecycle node launched. 
[planner_server-12] 	Waiting on external lifecycle transitions to activate
[planner_server-12] 	See https://design.ros2.org/articles/node_lifecycle.html for more information.
[lifecycle_manager-19] [INFO] [1774331996.435407644] [lifecycle_manager_navigation]: [34m[1mCreating and initializing lifecycle service clients[0m[0m
[planner_server-12] [INFO] [1774331996.437501443] [planner_server]: Creating
[collision_monitor-17] [INFO] [1774331996.450316811] [collision_monitor]: 
[collision_monitor-17] 	collision_monitor lifecycle node launched. 
[collision_monitor-17] 	Waiting on external lifecycle transitions to activate
[collision_monitor-17] 	See https://design.ros2.org/articles/node_lifecycle.html for more information.
[planner_server-12] [INFO] [1774331996.484065793] [global_costmap.global_costmap]: 
[planner_server-12] 	global_costmap lifecycle node launched. 
[planner_server-12] 	Waiting on external lifecycle transitions to activate
[planner_server-12] 	See https://design.ros2.org/articles/node_lifecycle.html for more information.
[planner_server-12] [INFO] [1774331996.487859363] [global_costmap.global_costmap]: Creating Costmap
[collision_detector-18] [INFO] [1774331996.501651779] [collision_detector]: 
[collision_detector-18] 	collision_detector lifecycle node launched. 
[collision_detector-18] 	Waiting on external lifecycle transitions to activate
[collision_detector-18] 	See https://design.ros2.org/articles/node_lifecycle.html for more information.
[lifecycle_manager-19] [INFO] [1774331996.766380701] [lifecycle_manager_navigation]: [34m[1mStarting managed nodes bringup...[0m[0m
[lifecycle_manager-19] [INFO] [1774331996.766452157] [lifecycle_manager_navigation]: [34m[1mConfiguring controller_server[0m[0m
[controller_server-10] [INFO] [1774331996.766926973] [controller_server]: Configuring controller interface
[controller_server-10] [INFO] [1774331996.766995512] [controller_server]: getting progress checker plugins..
[controller_server-10] [INFO] [1774331996.767887397] [controller_server]: getting goal checker plugins..
[controller_server-10] [INFO] [1774331996.769217057] [controller_server]: Controller frequency set to 10.0000Hz
[controller_server-10] [INFO] [1774331996.769390884] [local_costmap.local_costmap]: Configuring
[controller_server-10] [INFO] [1774331996.797990094] [local_costmap.local_costmap]: Using plugin "obstacle_layer"
[rplidar_node-3] [INFO] [1774331996.801187812] [rplidar_node]: set lidar scan frequency to 10.0 Hz(600.0 Rpm) 
[controller_server-10] [INFO] [1774331996.807188344] [local_costmap.local_costmap]: Subscribed to Topics: scan
[controller_server-10] [INFO] [1774331996.821460825] [local_costmap.local_costmap]: Initialized plugin "obstacle_layer"
[controller_server-10] [INFO] [1774331996.821530239] [local_costmap.local_costmap]: Using plugin "denoise_layer"
[controller_server-10] [INFO] [1774331996.825133650] [local_costmap.local_costmap]: Initialized plugin "denoise_layer"
[controller_server-10] [INFO] [1774331996.825186148] [local_costmap.local_costmap]: Using plugin "inflation_layer"
[controller_server-10] [INFO] [1774331996.828338367] [local_costmap.local_costmap]: Initialized plugin "inflation_layer"
[controller_server-10] [INFO] [1774331996.828389990] [local_costmap.local_costmap]: Using costmap filter "keepout_filter"
[controller_server-10] [INFO] [1774331996.835339279] [local_costmap.local_costmap]: Initialized costmap filter "keepout_filter"
[controller_server-10] [INFO] [1774331996.835452733] [local_costmap.local_costmap]: Using costmap filter "inflation_layer"
[controller_server-10] [INFO] [1774331996.835566771] [local_costmap.local_costmap]: Initialized costmap filter "inflation_layer"
[controller_server-10] [INFO] [1774331996.874354403] [controller_server]: Created progress_checker : progress_checker of type nav2_controller::SimpleProgressChecker
[controller_server-10] [INFO] [1774331996.876501575] [controller_server]: Controller Server has progress_checker  progress checkers available.
[controller_server-10] [INFO] [1774331996.877393459] [controller_server]: Created goal checker : goal_checker of type nav2_controller::SimpleGoalChecker
[controller_server-10] [INFO] [1774331996.880859500] [controller_server]: Controller Server has goal_checker  goal checkers available.
[controller_server-10] [INFO] [1774331996.884803273] [controller_server]: Created controller : FollowPath of type nav2_mppi_controller::MPPIController
[controller_server-10] [INFO] [1774331996.895939285] [controller_server]: Controller period is equal to model dt. Control sequence shifting is ON
[controller_server-10] [INFO] [1774331996.900027720] [controller_server]: ConstraintCritic instantiated with 1 power and 4.000000 weight.
[controller_server-10] [INFO] [1774331996.900093634] [controller_server]: Critic loaded : mppi::critics::ConstraintCritic
[controller_server-10] [INFO] [1774331996.904600596] [controller_server]: InflationCostCritic instantiated with 1 power and 300.000000 / 0.015000 weights. Critic will collision check based on footprint cost.
[controller_server-10] [INFO] [1774331996.904660968] [controller_server]: Critic loaded : mppi::critics::CostCritic
[controller_server-10] [INFO] [1774331996.906513568] [controller_server]: GoalCritic instantiated with 1 power and 5.000000 weight.
[controller_server-10] [INFO] [1774331996.906561399] [controller_server]: Critic loaded : mppi::critics::GoalCritic
[controller_server-10] [INFO] [1774331996.907928683] [controller_server]: GoalAngleCritic instantiated with 1 power, 3.000000 weight, and 0.500000 angular threshold.
[controller_server-10] [INFO] [1774331996.907976515] [controller_server]: Critic loaded : mppi::critics::GoalAngleCritic
[controller_server-10] [INFO] [1774331996.909287800] [controller_server]: ReferenceTrajectoryCritic instantiated with 1 power and 2.000000 weight
[controller_server-10] [INFO] [1774331996.909329507] [controller_server]: Critic loaded : mppi::critics::PathAlignCritic
[controller_server-10] [INFO] [1774331996.910143228] [controller_server]: Critic loaded : mppi::critics::PathFollowCritic
[controller_server-10] [INFO] [1774331996.911434681] [controller_server]: PathAngleCritic instantiated with 1 power and 1.500000 weight. Mode set to: Forward Preference
[controller_server-10] [INFO] [1774331996.911480471] [controller_server]: Critic loaded : mppi::critics::PathAngleCritic
[controller_server-10] [INFO] [1774331996.912134655] [controller_server]: PreferForwardCritic instantiated with 1 power and 10.000000 weight.
[controller_server-10] [INFO] [1774331996.912170237] [controller_server]: Critic loaded : mppi::critics::PreferForwardCritic
[controller_server-10] [INFO] [1774331996.913454399] [controller_server]: Optimizer reset
[controller_server-10] [INFO] [1774331996.935640968] [MPPIController]: Configured MPPI Controller: FollowPath
[controller_server-10] [INFO] [1774331996.935752380] [controller_server]: Controller Server has FollowPath  controllers available.
[scan_to_scan_filter_chain-4] [WARN] [1774331996.945845139] [scan_to_scan_filter_chain]: diagnostic_updater: No HW_ID was set. This is probably a bug. Please report it. For devices that do not have a HW_ID, set this value to 'none'. This warning only occurs once all diagnostics are OK. It is okay to wait until the device is open before calling setHardwareID.
[lifecycle_manager-19] [INFO] [1774331996.953461445] [lifecycle_manager_navigation]: [34m[1mConfiguring smoother_server[0m[0m
[smoother_server-11] [INFO] [1774331996.954432952] [smoother_server]: Configuring smoother server
[smoother_server-11] [INFO] [1774331996.975484103] [smoother_server]: Created smoother : simple_smoother of type nav2_smoother::SimpleSmoother
[smoother_server-11] [INFO] [1774331996.982171777] [smoother_server]: Smoother Server has simple_smoother  smoothers available.
[lifecycle_manager-19] [INFO] [1774331996.996622460] [lifecycle_manager_navigation]: [34m[1mConfiguring planner_server[0m[0m
[planner_server-12] [INFO] [1774331996.997157941] [planner_server]: Configuring
[planner_server-12] [INFO] [1774331996.997229105] [global_costmap.global_costmap]: Configuring
[planner_server-12] [INFO] [1774331997.013204566] [global_costmap.global_costmap]: Using plugin "static_layer"
[planner_server-12] [INFO] [1774331997.028198605] [global_costmap.global_costmap]: Subscribing to the map topic (/map) with transient local durability
[planner_server-12] [INFO] [1774331997.041301545] [global_costmap.global_costmap]: Initialized plugin "static_layer"
[planner_server-12] [INFO] [1774331997.041357252] [global_costmap.global_costmap]: Using plugin "obstacle_layer"
[planner_server-12] [INFO] [1774331997.049694824] [global_costmap.global_costmap]: Subscribed to Topics: scan
[planner_server-12] [INFO] [1774331997.067959202] [global_costmap.global_costmap]: Initialized plugin "obstacle_layer"
[planner_server-12] [INFO] [1774331997.068020158] [global_costmap.global_costmap]: Using plugin "inflation_layer"
[planner_server-12] [INFO] [1774331997.072534410] [global_costmap.global_costmap]: Initialized plugin "inflation_layer"
[planner_server-12] [INFO] [1774331997.072593033] [global_costmap.global_costmap]: Using costmap filter "keepout_filter"
[planner_server-12] [INFO] [1774331997.078415947] [global_costmap.global_costmap]: Initialized costmap filter "keepout_filter"
[planner_server-12] [INFO] [1774331997.078458820] [global_costmap.global_costmap]: Using costmap filter "inflation_layer2"
[planner_server-12] [INFO] [1774331997.079033674] [global_costmap.global_costmap]: Initialized costmap filter "inflation_layer2"
[localization_slam_toolbox_node-7] Load From File /home/smr/workspaces/mini_amr/amrROS2_ws/maps/latest_map.posegraph 
[localization_slam_toolbox_node-7] Mapper <- Module
[localization_slam_toolbox_node-7] Mapper <- m_pSequentialScanMatcher
[localization_slam_toolbox_node-7] Mapper <- m_pGraph
[localization_slam_toolbox_node-7] MapperGraph <- Graph; Graph <- m_Edges; Graph <- m_Vertices
[localization_slam_toolbox_node-7] MapperGraph <- m_pMapper; MapperGraph <- m_pLoopScanMatcher; MapperGraph <- m_pTraversal
[localization_slam_toolbox_node-7] Mapper <- m_pMapperSensorManager
[localization_slam_toolbox_node-7] MapperSensorManager <- m_ScanManagers; MapperSensorManager <- m_Scans
[localization_slam_toolbox_node-7] Mapper <- m_Listeners
[localization_slam_toolbox_node-7] **Finished serializing Mapper**
[localization_slam_toolbox_node-7] Load From File
[localization_slam_toolbox_node-7] **Serializing Dataset**
[localization_slam_toolbox_node-7] Dataset <- m_SensorNameLookup
[localization_slam_toolbox_node-7] Dataset <- m_Data
[localization_slam_toolbox_node-7] Dataset <- m_Lasers
[localization_slam_toolbox_node-7] Dataset <- m_pDatasetInfo
[localization_slam_toolbox_node-7] **Finished serializing Dataset**
[localization_slam_toolbox_node-7] Registering sensor: [Custom Described Lidar]
[localization_slam_toolbox_node-7] WARNING: Logging before InitGoogleLogging() is written to STDERR
[localization_slam_toolbox_node-7] W20260324 12:59:57.106524 14458 preprocessor.cc:67] Specified options.num_threads: 50 exceeds maximum available from the threading model Ceres was compiled with: 8.  Bounding to maximum number available.
[INFO] [launch.user]: [LifecycleLaunch] Slamtoolbox node is activating.
[joint_state_publisher-2] [INFO] [1774331997.124605518] [joint_state_publisher]: Waiting for robot_description to be published on the robot_description topic...
[localization_slam_toolbox_node-7] [INFO] [1774331997.126361871] [slam_toolbox]: Activating
[planner_server-12] [INFO] [1774331997.161910663] [planner_server]: Created global planner plugin GridBased of type nav2_smac_planner::SmacPlanner2D
[planner_server-12] [INFO] [1774331997.161971619] [planner_server]: Configuring GridBased of type SmacPlanner2D
[planner_server-12] [ERROR] [1774331997.165873977] [planner_server]: Inflation layer either not found or inflation is not set sufficiently for optimized non-circular collision checking capabilities. It is HIGHLY recommended to set the inflation radius to be at MINIMUM half of the robot's largest cross-section. See github.com/ros-planning/navigation2/tree/main/nav2_smac_planner#potential-fields for full instructions. This will substantially impact run-time performance.
[planner_server-12] [INFO] [1774331997.168836036] [planner_server]: Configured plugin GridBased of type SmacPlanner2D with tolerance 0.12, maximum iterations 1000000, max on approach iterations 1000, and not allowing unknown traversal.
[planner_server-12] [INFO] [1774331997.168982739] [planner_server]: Planner Server has GridBased  planners available.
[localization_slam_toolbox_node-7] Registering sensor: [Custom Described Lidar]
[lifecycle_manager-19] [INFO] [1774331997.200958161] [lifecycle_manager_navigation]: [34m[1mConfiguring behavior_server[0m[0m
[behavior_server-13] [INFO] [1774331997.204300831] [behavior_server]: Configuring
[behavior_server-13] [INFO] [1774331997.215007817] [behavior_server]: Creating behavior plugin wait of type nav2_behaviors::Wait
[behavior_server-13] [INFO] [1774331997.226023083] [behavior_server]: Configuring wait
[lifecycle_manager-19] [INFO] [1774331997.249120494] [lifecycle_manager_navigation]: [34m[1mConfiguring velocity_smoother[0m[0m
[velocity_smoother-16] [INFO] [1774331997.249494105] [velocity_smoother]: Configuring velocity smoother
[lifecycle_manager-19] [INFO] [1774331997.257526022] [lifecycle_manager_navigation]: [34m[1mConfiguring collision_monitor[0m[0m
[collision_monitor-17] [INFO] [1774331997.258356950] [collision_monitor]: Configuring
[collision_monitor-17] [INFO] [1774331997.283232005] [collision_monitor]: [scan]: Creating Scan
[collision_monitor-17] [INFO] [1774331997.294980786] [collision_monitor]: [PolygonStop]: Creating Polygon
[collision_monitor-17] [INFO] [1774331997.295077616] [collision_monitor]: [PolygonStop]: Creating Circle
[collision_monitor-17] [INFO] [1774331997.302172441] [collision_monitor]: [PolygonSlow]: Creating Polygon
[collision_monitor-17] [INFO] [1774331997.309056400] [collision_monitor]: [FootprintApproach]: Creating Polygon
[collision_monitor-17] [INFO] [1774331997.309903952] [collision_monitor]: [FootprintApproach]: Polygon points are not defined. Using dynamic subscription instead.
[collision_monitor-17] [INFO] [1774331997.317720626] [collision_monitor]: [FootprintApproach]: Making footprint subscriber on /local_costmap/published_footprint topic
[lifecycle_manager-19] [INFO] [1774331997.336723769] [lifecycle_manager_navigation]: [34m[1mConfiguring collision_detector[0m[0m
[collision_detector-18] [INFO] [1774331997.337138504] [collision_detector]: Configuring
[collision_detector-18] [INFO] [1774331997.360293955] [collision_monitor]: [scan]: Creating Scan
[collision_detector-18] [INFO] [1774331997.365206318] [collision_monitor]: [PolygonStop]: Creating Polygon
[collision_detector-18] [INFO] [1774331997.365240150] [collision_monitor]: [PolygonStop]: Creating Circle
[collision_detector-18] [INFO] [1774331997.376285165] [collision_monitor]: [PolygonSlow]: Creating Polygon
[lifecycle_manager-19] [INFO] [1774331997.384723359] [lifecycle_manager_navigation]: [34m[1mConfiguring bt_navigator[0m[0m
[bt_navigator-14] [INFO] [1774331997.385076262] [bt_navigator]: Configuring
[bt_navigator-14] [INFO] [1774331997.400719236] [bt_navigator]: Creating navigator id navigate_to_pose of type nav2_bt_navigator::NavigateToPoseNavigator
[planner_server-12] [INFO] [1774331997.512680167] [global_costmap.global_costmap]: StaticLayer: Resizing costmap to 787 X 922 at 0.050000 m/pix
[bt_navigator-14] [INFO] [1774331997.520214227] [bt_navigator]: Creating navigator id navigate_through_poses of type nav2_bt_navigator::NavigateThroughPosesNavigator
[lifecycle_manager-19] [INFO] [1774331997.570764640] [lifecycle_manager_navigation]: [34m[1mConfiguring waypoint_follower[0m[0m
[waypoint_follower-15] [INFO] [1774331997.571267747] [waypoint_follower]: Configuring
[waypoint_follower-15] [INFO] [1774331997.649796435] [waypoint_follower]: Created waypoint_task_executor : wait_at_waypoint of type nav2_waypoint_follower::WaitAtWaypoint
[lifecycle_manager-19] [INFO] [1774331997.652976070] [lifecycle_manager_navigation]: [34m[1mConfiguring keepout_filter_mask_server[0m[0m
[map_server-8] [INFO] [1774331997.653456427] [keepout_filter_mask_server]: Configuring
[map_server-8] [INFO] [1774331997.653535758] [map_io]: Loading yaml file: /home/smr/workspaces/mini_amr/amrROS2_ws/maps/latest_map_keepout.yaml
[map_server-8] [INFO] [1774331997.653853080] [map_io]: resolution: 0.05
[map_server-8] [INFO] [1774331997.653867662] [map_io]: origin[0]: -26.12
[map_server-8] [INFO] [1774331997.653873204] [map_io]: origin[1]: -29.258
[map_server-8] [INFO] [1774331997.653877579] [map_io]: origin[2]: 0
[map_server-8] [INFO] [1774331997.653882245] [map_io]: free_thresh: 0.196
[map_server-8] [INFO] [1774331997.653886620] [map_io]: occupied_thresh: 0.65
[map_server-8] [INFO] [1774331997.653892453] [map_io]: mode: trinary
[map_server-8] [INFO] [1774331997.653897411] [map_io]: negate: 0
[map_server-8] [INFO] [1774331997.654112362] [map_io]: Loading image_file: /home/smr/workspaces/mini_amr/amrROS2_ws/maps/latest_map_keepout.pgm
[map_server-8] [INFO] [1774331997.666962728] [map_io]: Read map /home/smr/workspaces/mini_amr/amrROS2_ws/maps/latest_map_keepout.pgm: 787 X 922 map @ 0.05 m/cell
[lifecycle_manager-19] [INFO] [1774331997.684008567] [lifecycle_manager_navigation]: [34m[1mConfiguring keepout_costmap_filter_info_server[0m[0m
[costmap_filter_info_server-9] [INFO] [1774331997.684684918] [keepout_costmap_filter_info_server]: Configuring
[lifecycle_manager-19] [INFO] [1774331997.694955878] [lifecycle_manager_navigation]: [34m[1mActivating controller_server[0m[0m
[controller_server-10] [INFO] [1774331997.695264158] [controller_server]: Activating
[controller_server-10] [INFO] [1774331997.695313156] [local_costmap.local_costmap]: Activating
[controller_server-10] [INFO] [1774331997.695329489] [local_costmap.local_costmap]: Checking transform
[controller_server-10] [INFO] [1774331997.695479109] [local_costmap.local_costmap]: start
[controller_server-10] [INFO] [1774331997.696112294] [local_costmap.local_costmap]: KeepoutFilter: Subscribing to "/keepout_costmap_filter_info" topic for filter info...
[controller_server-10] [WARN] [1774331997.798361370] [local_costmap.local_costmap]: KeepoutFilter: Filter mask was not received
[controller_server-10] [WARN] [1774331997.848439009] [controller_server]: Parameter controller_server.verbose not found
[controller_server-10] [INFO] [1774331997.848985281] [controller_server]: Optimizer reset
[controller_server-10] [INFO] [1774331997.849268187] [MPPIController]: Activated MPPI Controller: FollowPath
[controller_server-10] [INFO] [1774331997.849298811] [controller_server]: Creating bond (controller_server) to lifecycle manager.
[lifecycle_manager-19] [INFO] [1774331997.957624250] [lifecycle_manager_navigation]: Server controller_server connected with bond.
[lifecycle_manager-19] [INFO] [1774331997.957863117] [lifecycle_manager_navigation]: [34m[1mActivating smoother_server[0m[0m
[smoother_server-11] [INFO] [1774331997.959386728] [smoother_server]: Activating
[smoother_server-11] [INFO] [1774331997.959478891] [smoother_server]: Creating bond (smoother_server) to lifecycle manager.
[lifecycle_manager-19] [INFO] [1774331998.070343488] [lifecycle_manager_navigation]: Server smoother_server connected with bond.
[lifecycle_manager-19] [INFO] [1774331998.070451401] [lifecycle_manager_navigation]: [34m[1mActivating planner_server[0m[0m
[planner_server-12] [INFO] [1774331998.071191624] [planner_server]: Activating
[planner_server-12] [INFO] [1774331998.071261329] [global_costmap.global_costmap]: Activating
[planner_server-12] [INFO] [1774331998.071279412] [global_costmap.global_costmap]: Checking transform
[planner_server-12] [INFO] [1774331998.071465780] [global_costmap.global_costmap]: start
[planner_server-12] [INFO] [1774331998.073171093] [global_costmap.global_costmap]: KeepoutFilter: Subscribing to "/keepout_costmap_filter_info" topic for filter info...
[planner_server-12] [WARN] [1774331998.618625982] [global_costmap.global_costmap]: KeepoutFilter: Filter mask was not received
[planner_server-12] [INFO] [1774331998.675865236] [planner_server]: Activating plugin GridBased of type SmacPlanner2D
[planner_server-12] [INFO] [1774331998.677062192] [planner_server]: Creating bond (planner_server) to lifecycle manager.
[lifecycle_manager-19] [INFO] [1774331998.786505257] [lifecycle_manager_navigation]: Server planner_server connected with bond.
[lifecycle_manager-19] [INFO] [1774331998.786572338] [lifecycle_manager_navigation]: [34m[1mActivating behavior_server[0m[0m
[behavior_server-13] [INFO] [1774331998.787330352] [behavior_server]: Activating
[behavior_server-13] [INFO] [1774331998.787416683] [behavior_server]: Activating wait
[behavior_server-13] [INFO] [1774331998.787489305] [behavior_server]: Creating bond (behavior_server) to lifecycle manager.
[lifecycle_manager-19] [INFO] [1774331998.902553749] [lifecycle_manager_navigation]: Server behavior_server connected with bond.
[lifecycle_manager-19] [INFO] [1774331998.902605664] [lifecycle_manager_navigation]: [34m[1mActivating velocity_smoother[0m[0m
[velocity_smoother-16] [INFO] [1774331998.903019524] [velocity_smoother]: Activating
[velocity_smoother-16] [INFO] [1774331998.903099146] [velocity_smoother]: Creating bond (velocity_smoother) to lifecycle manager.
[lifecycle_manager-19] [INFO] [1774331999.009148501] [lifecycle_manager_navigation]: Server velocity_smoother connected with bond.
[lifecycle_manager-19] [INFO] [1774331999.009202749] [lifecycle_manager_navigation]: [34m[1mActivating collision_monitor[0m[0m
[collision_monitor-17] [INFO] [1774331999.009569652] [collision_monitor]: Activating
[collision_monitor-17] [INFO] [1774331999.009619525] [collision_monitor]: Creating bond (collision_monitor) to lifecycle manager.
[lifecycle_manager-19] [INFO] [1774331999.116188903] [lifecycle_manager_navigation]: Server collision_monitor connected with bond.
[lifecycle_manager-19] [INFO] [1774331999.116238485] [lifecycle_manager_navigation]: [34m[1mActivating collision_detector[0m[0m
[collision_detector-18] [INFO] [1774331999.116690843] [collision_detector]: Activating
[collision_detector-18] [INFO] [1774331999.116772215] [collision_detector]: Creating bond (collision_detector) to lifecycle manager.
[lifecycle_manager-19] [INFO] [1774331999.263800706] [lifecycle_manager_navigation]: Server collision_detector connected with bond.
[lifecycle_manager-19] [INFO] [1774331999.263940993] [lifecycle_manager_navigation]: [34m[1mActivating bt_navigator[0m[0m
[bt_navigator-14] [INFO] [1774331999.264841044] [bt_navigator]: Activating
[bt_navigator-14] [INFO] [1774331999.402355422] [bt_navigator]: Creating bond (bt_navigator) to lifecycle manager.
[lifecycle_manager-19] [INFO] [1774331999.507961168] [lifecycle_manager_navigation]: Server bt_navigator connected with bond.
[lifecycle_manager-19] [INFO] [1774331999.508016291] [lifecycle_manager_navigation]: [34m[1mActivating waypoint_follower[0m[0m
[waypoint_follower-15] [INFO] [1774331999.508535730] [waypoint_follower]: Activating
[waypoint_follower-15] [INFO] [1774331999.508587645] [waypoint_follower]: Creating bond (waypoint_follower) to lifecycle manager.
[lifecycle_manager-19] [INFO] [1774331999.614063604] [lifecycle_manager_navigation]: Server waypoint_follower connected with bond.
[lifecycle_manager-19] [INFO] [1774331999.614119311] [lifecycle_manager_navigation]: [34m[1mActivating keepout_filter_mask_server[0m[0m
[map_server-8] [INFO] [1774331999.614613084] [keepout_filter_mask_server]: Activating
[map_server-8] [INFO] [1774331999.615355641] [keepout_filter_mask_server]: Creating bond (keepout_filter_mask_server) to lifecycle manager.
[lifecycle_manager-19] [INFO] [1774331999.724536799] [lifecycle_manager_navigation]: Server keepout_filter_mask_server connected with bond.
[lifecycle_manager-19] [INFO] [1774331999.724646170] [lifecycle_manager_navigation]: [34m[1mActivating keepout_costmap_filter_info_server[0m[0m
[costmap_filter_info_server-9] [INFO] [1774331999.725609218] [keepout_costmap_filter_info_server]: Activating
[costmap_filter_info_server-9] [INFO] [1774331999.725895624] [keepout_costmap_filter_info_server]: Creating bond (keepout_costmap_filter_info_server) to lifecycle manager.
[planner_server-12] [INFO] [1774331999.726028036] [global_costmap.global_costmap]: KeepoutFilter: Received filter info from /keepout_costmap_filter_info topic.
[planner_server-12] [INFO] [1774331999.726066243] [global_costmap.global_costmap]: KeepoutFilter: Subscribing to "/keepout_filter_mask" topic for filter mask...
[controller_server-10] [INFO] [1774331999.726032411] [local_costmap.local_costmap]: KeepoutFilter: Received filter info from /keepout_costmap_filter_info topic.
[controller_server-10] [INFO] [1774331999.726166573] [local_costmap.local_costmap]: KeepoutFilter: Subscribing to "/keepout_filter_mask" topic for filter mask...
[planner_server-12] [INFO] [1774331999.743212703] [global_costmap.global_costmap]: KeepoutFilter: Received filter mask from /keepout_filter_mask topic.
[controller_server-10] [INFO] [1774331999.743923469] [local_costmap.local_costmap]: KeepoutFilter: Received filter mask from /keepout_filter_mask topic.
[lifecycle_manager-19] [INFO] [1774331999.835215319] [lifecycle_manager_navigation]: Server keepout_costmap_filter_info_server connected with bond.
[lifecycle_manager-19] [INFO] [1774331999.835290858] [lifecycle_manager_navigation]: [34m[1mManaged nodes are active[0m[0m
[lifecycle_manager-19] [INFO] [1774331999.835306899] [lifecycle_manager_navigation]: [34m[1mCreating bond timer...[0m[0m
[INFO] [delivery_robot_main_controller-20]: process started with pid [14726]
[INFO] [robot_sound-21]: process started with pid [14727]
[INFO] [call_robot_button-22]: process started with pid [14728]
[INFO] [rpc_run_node-23]: process started with pid [14729]
[INFO] [dock_coordinates-24]: process started with pid [14730]
[INFO] [autodock_action_server-25]: process started with pid [14731]
[INFO] [battery_manager_node-26]: process started with pid [14732]
[dock_coordinates-24] [INFO] [1774332001.221301746] [dock_coordinates]: begin dock_coordinates
[dock_coordinates-24] [INFO] [1774332001.263524504] [dock coordinates]: max_alignment_error: 0.010000
[dock_coordinates-24] [INFO] [1774332001.263618417] [dock coordinates]: minimum_point_cloud: 5
[dock_coordinates-24] [INFO] [1774332001.263635333] [dock coordinates]: point_cloud_split_dist: 0.050000
[dock_coordinates-24] [INFO] [1774332001.263652541] [dock coordinates]: max_dock_width: 0.380000
[dock_coordinates-24] [INFO] [1774332001.263668873] [dock coordinates]: min_dock_width: 0.310000
[dock_coordinates-24] [INFO] [1774332001.263684915] [dock coordinates]: range_limit: 1.200000
[rpc_run_node-23] [0m[INFO] [1774332002.404978862] [rpc_run_node]: RPC run node started; RPC bridge configured.[0m
[rpc_run_node-23] 2026-03-24 13:00:02,419 [INFO] RPCServer listening on localhost:6000
[battery_manager_node-26] [INFO] [1774332002.714547863] [battery_manager]: SOC limits from API: target=1.00, resume=0.95
[robot_sound-21] [0m[INFO] [1774332002.739227508] [robot_sound_node]: Obstacle sound alarm disabled (API).[0m
[robot_sound-21] [0m[INFO] [1774332002.739850777] [robot_sound_node]: Sound volume set to 0% (API).[0m
[robot_sound-21] [0m[INFO] [1774332002.744145705] [robot_sound_node]: Obstacle sound alarm is enabled.[0m
[robot_sound-21] [0m[INFO] [1774332002.744922968] [robot_sound_node]: ✅ robot_sound_node started using .wav files[0m
[robot_sound-21] [33m[WARN] [1774332002.746421789] [robot_sound_node]: Map not available yet; skipping obstacle classification.[0m
[robot_sound-21] [0m[INFO] [1774332002.747049724] [robot_sound_node]: Obstacle detected but sound alarm disabled.[0m
[robot_sound-21] [0m[INFO] [1774332002.890881956] [robot_sound_node]: Received map (width=787, height=922, resolution=0.050 m/cell)[0m
[autodock_action_server-25] [INFO] [1774332003.049407529] [autodock_action_server]: auto_dock_init_start
[autodock_action_server-25] [INFO] [1774332003.125280398] [autodock_action_server]: auto_dock_init_complete
[battery_manager_node-26] [INFO] [1774332003.183171502] [battery_manager]: State change: IDLE_ON_DOCK -> UNKNOWN
[delivery_robot_main_controller-20] [0m[INFO] [1774332003.561130352] [main_controller_node]: Delivery Robot Main Controller Node started.[0m
[delivery_robot_main_controller-20] [0m[INFO] [1774332003.566888518] [main_controller_node]: Initial state: STANDBY[0m
[delivery_robot_main_controller-20] [0m[INFO] [1774332003.573396240] [main_controller_node]: setting_batteryLowToCharge: 40[0m
[delivery_robot_main_controller-20] [33m[WARN] [1774332003.598788401] [rcl.logging_rosout]: Publisher already registered for node name: 'main_controller_node'. If this is due to multiple nodes with the same name then all logs for the logger named 'main_controller_node' will go out over the existing publisher. As soon as any node with that name is destructed it will unregister the publisher, preventing any further logs for that name from being published on the rosout topic.[0m
[delivery_robot_main_controller-20] [33m[WARN] [1774332003.647895408] [main_controller_node]: slam_toolbox_msgs not available; initial pose service calls will be skipped.[0m
[delivery_robot_main_controller-20] [0m[INFO] [1774332004.808540444] [main_controller_node]: Waiting for Nav2 system...[0m
[INFO] [bash-27]: process started with pid [14844]
[bash-27]   File "/home/smr/workspaces/mini_amr/amrROS2_UI/ICEAMR/main.py", line 74
[bash-27]     self.setWindowFlag(Qt.WindowStaysOnTopHint, True)
[bash-27] TabError: inconsistent use of tabs and spaces in indentation
[ERROR] [bash-27]: process has died [pid 14844, exit code 1, cmd '/bin/bash -c cd /home/smr/workspaces/mini_amr/amrROS2_UI/ICEAMR && source ../env/bin/activate && python main.py'].
[INFO] [battery_manager_node-26]: sending signal 'SIGINT' to process[battery_manager_node-26]
[INFO] [autodock_action_server-25]: sending signal 'SIGINT' to process[autodock_action_server-25]
[INFO] [dock_coordinates-24]: sending signal 'SIGINT' to process[dock_coordinates-24]
[INFO] [rpc_run_node-23]: sending signal 'SIGINT' to process[rpc_run_node-23]
[INFO] [call_robot_button-22]: sending signal 'SIGINT' to process[call_robot_button-22]
[INFO] [robot_sound-21]: sending signal 'SIGINT' to process[robot_sound-21]
[INFO] [dock_coordinates-24]: process has finished cleanly [pid 14730]
[INFO] [delivery_robot_main_controller-20]: sending signal 'SIGINT' to process[delivery_robot_main_controller-20]
[INFO] [lifecycle_manager-19]: sending signal 'SIGINT' to process[lifecycle_manager-19]
[INFO] [collision_detector-18]: sending signal 'SIGINT' to process[collision_detector-18]
[INFO] [collision_monitor-17]: sending signal 'SIGINT' to process[collision_monitor-17]
[INFO] [velocity_smoother-16]: sending signal 'SIGINT' to process[velocity_smoother-16]
[INFO] [waypoint_follower-15]: sending signal 'SIGINT' to process[waypoint_follower-15]
[INFO] [bt_navigator-14]: sending signal 'SIGINT' to process[bt_navigator-14]
[INFO] [behavior_server-13]: sending signal 'SIGINT' to process[behavior_server-13]
[INFO] [planner_server-12]: sending signal 'SIGINT' to process[planner_server-12]
[INFO] [smoother_server-11]: sending signal 'SIGINT' to process[smoother_server-11]
[INFO] [controller_server-10]: sending signal 'SIGINT' to process[controller_server-10]
[INFO] [costmap_filter_info_server-9]: sending signal 'SIGINT' to process[costmap_filter_info_server-9]
[INFO] [map_server-8]: sending signal 'SIGINT' to process[map_server-8]
[INFO] [localization_slam_toolbox_node-7]: sending signal 'SIGINT' to process[localization_slam_toolbox_node-7]
[INFO] [robot_hardware-6]: sending signal 'SIGINT' to process[robot_hardware-6]
[INFO] [ekf_node-5]: sending signal 'SIGINT' to process[ekf_node-5]
[INFO] [scan_to_scan_filter_chain-4]: sending signal 'SIGINT' to process[scan_to_scan_filter_chain-4]
[INFO] [rplidar_node-3]: sending signal 'SIGINT' to process[rplidar_node-3]
[INFO] [joint_state_publisher-2]: sending signal 'SIGINT' to process[joint_state_publisher-2]
[INFO] [robot_state_publisher-1]: sending signal 'SIGINT' to process[robot_state_publisher-1]
[battery_manager_node-26] Traceback (most recent call last):
[battery_manager_node-26]   File "/home/smr/workspaces/mini_amr/amrROS2_ws/install/battery_management/lib/battery_management/battery_manager_node", line 33, in <module>
[battery_manager_node-26]     sys.exit(load_entry_point('battery-management==0.0.0', 'console_scripts', 'battery_manager_node')())
[battery_manager_node-26]              ^^^^^^^^^^^^^^^^^^^^^^^^^^^^^^^^^^^^^^^^^^^^^^^^^^^^^^^^^^^^^^^^^^^^^^^^^^^^^^^^^^^^^^^^^^
[battery_manager_node-26]   File "/home/smr/workspaces/mini_amr/amrROS2_ws/install/battery_management/lib/python3.12/site-packages/battery_management/battery_manager_node.py", line 311, in main
[battery_manager_node-26]     rclpy.spin(node)
[battery_manager_node-26]   File "/opt/ros/jazzy/lib/python3.12/site-packages/rclpy/__init__.py", line 247, in spin
[battery_manager_node-26]     executor.spin_once()
[battery_manager_node-26]   File "/opt/ros/jazzy/lib/python3.12/site-packages/rclpy/executors.py", line 845, in spin_once
[battery_manager_node-26]     self._spin_once_impl(timeout_sec)
[battery_manager_node-26]   File "/opt/ros/jazzy/lib/python3.12/site-packages/rclpy/executors.py", line 829, in _spin_once_impl
[battery_manager_node-26]     handler, entity, node = self.wait_for_ready_callbacks(
[battery_manager_node-26]                             ^^^^^^^^^^^^^^^^^^^^^^^^^^^^^^
[battery_manager_node-26]   File "/opt/ros/jazzy/lib/python3.12/site-packages/rclpy/executors.py", line 799, in wait_for_ready_callbacks
[battery_manager_node-26]     return next(self._cb_iter)
[battery_manager_node-26]            ^^^^^^^^^^^^^^^^^^^
[battery_manager_node-26]   File "/opt/ros/jazzy/lib/python3.12/site-packages/rclpy/executors.py", line 703, in _wait_for_ready_callbacks
[battery_manager_node-26]     wait_set.wait(timeout_nsec)
[battery_manager_node-26] KeyboardInterrupt
[dock_coordinates-24] [INFO] [1774332006.453652460] [rclcpp]: signal_handler(signum=2)
[rpc_run_node-23] [0m[INFO] [1774332006.460913237] [rpc_run_node]: RPC run node stopped by user.[0m
[rpc_run_node-23] Failed to publish log message to rosout: publisher's context is invalid, at ./src/rcl/publisher.c:423
[rpc_run_node-23] 2026-03-24 13:00:06,465 [INFO] RPCServer stopped.
[robot_sound-21] [0m[INFO] [1774332006.475161220] [robot_sound_node]: 🔚 robot_sound_node stopped by user.[0m
[robot_sound-21] Failed to publish log message to rosout: publisher's context is invalid, at ./src/rcl/publisher.c:423
[delivery_robot_main_controller-20] Traceback (most recent call last):
[delivery_robot_main_controller-20]   File "/home/smr/workspaces/mini_amr/amrROS2_ws/install/delivery_robot_main_controller/lib/delivery_robot_main_controller/delivery_robot_main_controller", line 33, in <module>
[delivery_robot_main_controller-20]     sys.exit(load_entry_point('delivery-robot-main-controller==0.0.1', 'console_scripts', 'delivery_robot_main_controller')())
[delivery_robot_main_controller-20]              ^^^^^^^^^^^^^^^^^^^^^^^^^^^^^^^^^^^^^^^^^^^^^^^^^^^^^^^^^^^^^^^^^^^^^^^^^^^^^^^^^^^^^^^^^^^^^^^^^^^^^^^^^^^^^^^^
[delivery_robot_main_controller-20]   File "/home/smr/workspaces/mini_amr/amrROS2_ws/install/delivery_robot_main_controller/lib/python3.12/site-packages/delivery_robot_main_controller/main_controller_node.py", line 1701, in main
[delivery_robot_main_controller-20]     node = DeliveryRobotMainController()
[delivery_robot_main_controller-20]            ^^^^^^^^^^^^^^^^^^^^^^^^^^^^^
[delivery_robot_main_controller-20]   File "/home/smr/workspaces/mini_amr/amrROS2_ws/install/delivery_robot_main_controller/lib/python3.12/site-packages/delivery_robot_main_controller/main_controller_node.py", line 170, in __init__
[delivery_robot_main_controller-20]     self.navigator.waitUntilNav2Active()
[delivery_robot_main_controller-20]   File "/home/smr/workspaces/mini_amr/amrROS2_ws/install/delivery_robot_main_controller/lib/python3.12/site-packages/delivery_robot_main_controller/robot_navigator.py", line 258, in waitUntilNav2Active
[delivery_robot_main_controller-20]     self._waitForNodeToActivate(node_name)
[delivery_robot_main_controller-20]   File "/home/smr/workspaces/mini_amr/amrROS2_ws/install/delivery_robot_main_controller/lib/python3.12/site-packages/delivery_robot_main_controller/robot_navigator.py", line 430, in _waitForNodeToActivate
[delivery_robot_main_controller-20]     time.sleep(2)
[delivery_robot_main_controller-20] KeyboardInterrupt
[lifecycle_manager-19] [INFO] [1774332006.493373683] [rclcpp]: signal_handler(signum=2)
[lifecycle_manager-19] [INFO] [1774332006.501184232] [lifecycle_manager_navigation]: Running Nav2 LifecycleManager rcl preshutdown (lifecycle_manager_navigation)
[lifecycle_manager-19] [INFO] [1774332006.501261813] [lifecycle_manager_navigation]: [34m[1mTerminating bond timer...[0m[0m
[collision_detector-18] [INFO] [1774332006.506392627] [rclcpp]: signal_handler(signum=2)
[collision_detector-18] [INFO] [1774332006.507783243] [collision_detector]: Running Nav2 LifecycleNode rcl preshutdown (collision_detector)
[collision_detector-18] [INFO] [1774332006.507984777] [collision_detector]: Deactivating
[collision_detector-18] [INFO] [1774332006.508043108] [collision_detector]: Destroying bond (collision_detector) to lifecycle manager.
[velocity_smoother-16] [INFO] [1774332006.515658832] [rclcpp]: signal_handler(signum=2)
[velocity_smoother-16] [INFO] [1774332006.515852199] [velocity_smoother]: Running Nav2 LifecycleNode rcl preshutdown (velocity_smoother)
[velocity_smoother-16] [INFO] [1774332006.515936488] [velocity_smoother]: Deactivating
[velocity_smoother-16] [INFO] [1774332006.515961279] [velocity_smoother]: Destroying bond (velocity_smoother) to lifecycle manager.
[waypoint_follower-15] [INFO] [1774332006.522438085] [rclcpp]: signal_handler(signum=2)
[waypoint_follower-15] [INFO] [1774332006.525864752] [waypoint_follower]: Running Nav2 LifecycleNode rcl preshutdown (waypoint_follower)
[waypoint_follower-15] [INFO] [1774332006.526128409] [waypoint_follower]: Deactivating
[waypoint_follower-15] [INFO] [1774332006.526221739] [waypoint_follower]: Destroying bond (waypoint_follower) to lifecycle manager.
[collision_monitor-17] [INFO] [1774332006.526336652] [rclcpp]: signal_handler(signum=2)
[collision_monitor-17] [INFO] [1774332006.526457689] [collision_monitor]: Running Nav2 LifecycleNode rcl preshutdown (collision_monitor)
[collision_monitor-17] [INFO] [1774332006.526540811] [collision_monitor]: Deactivating
[collision_monitor-17] [INFO] [1774332006.526560352] [collision_monitor]: Destroying bond (collision_monitor) to lifecycle manager.
[bt_navigator-14] [INFO] [1774332006.528133837] [rclcpp]: signal_handler(signum=2)
[bt_navigator-14] [INFO] [1774332006.528373870] [bt_navigator]: Running Nav2 LifecycleNode rcl preshutdown (bt_navigator)
[bt_navigator-14] [INFO] [1774332006.528583279] [bt_navigator]: Deactivating
[bt_navigator-14] [INFO] [1774332006.528662609] [bt_navigator]: Destroying bond (bt_navigator) to lifecycle manager.
[behavior_server-13] [INFO] [1774332006.533038325] [rclcpp]: signal_handler(signum=2)
[behavior_server-13] [INFO] [1774332006.533237818] [behavior_server]: Running Nav2 LifecycleNode rcl preshutdown (behavior_server)
[behavior_server-13] [INFO] [1774332006.533431769] [behavior_server]: Deactivating
[behavior_server-13] [INFO] [1774332006.533491850] [behavior_server]: Destroying bond (behavior_server) to lifecycle manager.
[collision_detector-18] [INFO] [1774332006.539093980] [collision_detector]: Cleaning up
[collision_detector-18] [INFO] [1774332006.539197518] [collision_monitor]: [PolygonStop]: Destroying Circle
[collision_detector-18] [INFO] [1774332006.539217351] [collision_monitor]: [PolygonStop]: Destroying Polygon
[collision_detector-18] [INFO] [1774332006.539239808] [collision_monitor]: [PolygonSlow]: Destroying Polygon
[collision_detector-18] [INFO] [1774332006.539259932] [collision_monitor]: [scan]: Destroying Scan
[planner_server-12] [INFO] [1774332006.540235230] [rclcpp]: signal_handler(signum=2)
[planner_server-12] [INFO] [1774332006.540344601] [planner_server]: Running Nav2 LifecycleNode rcl preshutdown (planner_server)
[planner_server-12] [INFO] [1774332006.540423932] [planner_server]: Deactivating
[planner_server-12] [INFO] [1774332006.540458347] [global_costmap.global_costmap]: Deactivating
[smoother_server-11] [INFO] [1774332006.548730005] [rclcpp]: signal_handler(signum=2)
[smoother_server-11] [INFO] [1774332006.549079700] [smoother_server]: Running Nav2 LifecycleNode rcl preshutdown (smoother_server)
[smoother_server-11] [INFO] [1774332006.549179447] [smoother_server]: Deactivating
[smoother_server-11] [INFO] [1774332006.549202779] [smoother_server]: Destroying bond (smoother_server) to lifecycle manager.
[collision_detector-18] [INFO] [1774332006.550957966] [collision_detector]: Destroying bond (collision_detector) to lifecycle manager.
[velocity_smoother-16] [INFO] [1774332006.556368186] [velocity_smoother]: Cleaning up
[velocity_smoother-16] [INFO] [1774332006.556432933] [velocity_smoother]: Destroying bond (velocity_smoother) to lifecycle manager.
[collision_monitor-17] [INFO] [1774332006.556968997] [collision_monitor]: Cleaning up
[collision_monitor-17] [INFO] [1774332006.557026453] [collision_monitor]: [PolygonStop]: Destroying Circle
[collision_monitor-17] [INFO] [1774332006.557042203] [collision_monitor]: [PolygonStop]: Destroying Polygon
[collision_monitor-17] [INFO] [1774332006.557055327] [collision_monitor]: [PolygonSlow]: Destroying Polygon
[collision_monitor-17] [INFO] [1774332006.557067285] [collision_monitor]: [FootprintApproach]: Destroying Polygon
[collision_monitor-17] [INFO] [1774332006.557081576] [collision_monitor]: [scan]: Destroying Scan
[collision_monitor-17] [INFO] [1774332006.561049849] [collision_monitor]: Destroying bond (collision_monitor) to lifecycle manager.
[waypoint_follower-15] [INFO] [1774332006.557242571] [waypoint_follower]: Cleaning up
[bt_navigator-14] [INFO] [1774332006.560123841] [bt_navigator]: Cleaning up
[costmap_filter_info_server-9] [INFO] [1774332006.565385900] [rclcpp]: signal_handler(signum=2)
[costmap_filter_info_server-9] [INFO] [1774332006.565640515] [keepout_costmap_filter_info_server]: Running Nav2 LifecycleNode rcl preshutdown (keepout_costmap_filter_info_server)
[costmap_filter_info_server-9] [INFO] [1774332006.565730929] [keepout_costmap_filter_info_server]: Deactivating
[costmap_filter_info_server-9] [INFO] [1774332006.565748720] [keepout_costmap_filter_info_server]: Destroying bond (keepout_costmap_filter_info_server) to lifecycle manager.
[planner_server-12] [INFO] [1774332006.571851915] [planner_server]: Deactivating plugin GridBased of type SmacPlanner2D
[planner_server-12] [INFO] [1774332006.571915787] [planner_server]: Destroying bond (planner_server) to lifecycle manager.
[map_server-8] [INFO] [1774332006.572382729] [rclcpp]: signal_handler(signum=2)
[map_server-8] [INFO] [1774332006.572686343] [keepout_filter_mask_server]: Running Nav2 LifecycleNode rcl preshutdown (keepout_filter_mask_server)
[map_server-8] [INFO] [1774332006.572867169] [keepout_filter_mask_server]: Deactivating
[map_server-8] [INFO] [1774332006.572916751] [keepout_filter_mask_server]: Destroying bond (keepout_filter_mask_server) to lifecycle manager.
[controller_server-10] [INFO] [1774332006.577709827] [rclcpp]: signal_handler(signum=2)
[controller_server-10] [INFO] [1774332006.577838739] [controller_server]: Running Nav2 LifecycleNode rcl preshutdown (controller_server)
[controller_server-10] [INFO] [1774332006.577926819] [controller_server]: Deactivating
[controller_server-10] [INFO] [1774332006.577960359] [MPPIController]: Deactivated MPPI Controller: FollowPath
[controller_server-10] [INFO] [1774332006.577978734] [local_costmap.local_costmap]: Deactivating
[controller_server-10] [INFO] [1774332006.596338192] [controller_server]: Destroying bond (controller_server) to lifecycle manager.
[localization_slam_toolbox_node-7] [INFO] [1774332006.588036785] [rclcpp]: signal_handler(signum=2)
[localization_slam_toolbox_node-7] Unregistering sensor: Custom Described Lidar
[behavior_server-13] [INFO] [1774332006.604507478] [behavior_server]: Cleaning up
[behavior_server-13] [INFO] [1774332006.614233333] [behavior_server]: Destroying bond (behavior_server) to lifecycle manager.
[smoother_server-11] [INFO] [1774332006.629597483] [smoother_server]: Cleaning up
[costmap_filter_info_server-9] [INFO] [1774332006.667055164] [keepout_costmap_filter_info_server]: Cleaning up
[costmap_filter_info_server-9] [INFO] [1774332006.667121661] [keepout_costmap_filter_info_server]: Destroying bond (keepout_costmap_filter_info_server) to lifecycle manager.
[map_server-8] [INFO] [1774332006.673759754] [keepout_filter_mask_server]: Cleaning up
[map_server-8] [INFO] [1774332006.673916664] [keepout_filter_mask_server]: Destroying bond (keepout_filter_mask_server) to lifecycle manager.
[waypoint_follower-15] [INFO] [1774332006.689879293] [waypoint_follower]: Destroying bond (waypoint_follower) to lifecycle manager.
[controller_server-10] [INFO] [1774332006.696967994] [controller_server]: Cleaning up
[controller_server-10] [INFO] [1774332006.697276274] [MPPIController]: Cleaned up MPPI Controller: FollowPath
[controller_server-10] [INFO] [1774332006.697549847] [local_costmap.local_costmap]: Cleaning up
[robot_hardware-6] [INFO] [1774332006.702272051] [rclcpp]: signal_handler(signum=2)
[velocity_smoother-16] [INFO] [1774332006.722188660] [velocity_smoother]: Destroying
[call_robot_button-22] [0m[INFO] [1774332006.813922661] [call_robot_button_node]: CallRobotButton interrupted by user.[0m
[call_robot_button-22] Failed to publish log message to rosout: publisher's context is invalid, at ./src/rcl/publisher.c:423
[behavior_server-13] [INFO] [1774332006.735712169] [behavior_server]: Destroying
[smoother_server-11] [INFO] [1774332006.750905117] [smoother_server]: Destroying bond (smoother_server) to lifecycle manager.
[smoother_server-11] [INFO] [1774332006.783981832] [smoother_server]: Destroying
[waypoint_follower-15] [INFO] [1774332006.783376646] [waypoint_follower]: Destroying
[collision_monitor-17] [INFO] [1774332006.793393282] [collision_monitor]: Destroying
[ekf_node-5] [INFO] [1774332006.819447502] [rclcpp]: signal_handler(signum=2)
[map_server-8] [INFO] [1774332006.852355931] [keepout_filter_mask_server]: Destroying
[planner_server-12] [INFO] [1774332006.867033231] [planner_server]: Cleaning up
[costmap_filter_info_server-9] [INFO] [1774332006.877144655] [keepout_costmap_filter_info_server]: Destroying
[collision_detector-18] [INFO] [1774332006.956909382] [collision_detector]: Destroying
[controller_server-10] [INFO] [1774332006.960908861] [controller_server]: Destroying bond (controller_server) to lifecycle manager.
[controller_server-10] [INFO] [1774332007.016854620] [local_costmap.local_costmap]: Destroying
[planner_server-12] [INFO] [1774332007.018386398] [global_costmap.global_costmap]: Cleaning up
[scan_to_scan_filter_chain-4] [INFO] [1774332007.048418223] [rclcpp]: signal_handler(signum=2)
[robot_state_publisher-1] [INFO] [1774332007.071818373] [rclcpp]: signal_handler(signum=2)
[lifecycle_manager-19] [INFO] [1774332007.188477884] [lifecycle_manager_navigation]: Destroying lifecycle_manager_navigation
[rplidar_node-3] [INFO] [1774332007.243253811] [rplidar_node]: Stop motor
[planner_server-12] [INFO] [1774332007.255442701] [planner_server]: Cleaning up plugin GridBased of type SmacPlanner2D
[planner_server-12] [INFO] [1774332007.257066059] [planner_server]: Destroying plugin GridBased of type SmacPlanner2D
[controller_server-10] [INFO] [1774332007.332182954] [controller_server]: Destroying
[autodock_action_server-25] Traceback (most recent call last):
[autodock_action_server-25]   File "/home/smr/workspaces/mini_amr/amrROS2_ws/install/action_autodock/lib/python3.12/site-packages/action_autodock/autodock_action_server.py", line 1409, in main
[autodock_action_server-25]     executor.spin()
[autodock_action_server-25]   File "/opt/ros/jazzy/lib/python3.12/site-packages/rclpy/executors.py", line 312, in spin
[autodock_action_server-25]     self.spin_once()
[planner_server-12] [INFO] [1774332007.361674633] [planner_server]: Destroying bond (planner_server) to lifecycle manager.
[autodock_action_server-25]   File "/opt/ros/jazzy/lib/python3.12/site-packages/rclpy/executors.py", line 917, in spin_once
[autodock_action_server-25]     self._spin_once_impl(timeout_sec)
[autodock_action_server-25]   File "/opt/ros/jazzy/lib/python3.12/site-packages/rclpy/executors.py", line 896, in _spin_once_impl
[autodock_action_server-25]     handler, entity, node = self.wait_for_ready_callbacks(
[autodock_action_server-25]                             ^^^^^^^^^^^^^^^^^^^^^^^^^^^^^^
[autodock_action_server-25]   File "/opt/ros/jazzy/lib/python3.12/site-packages/rclpy/executors.py", line 799, in wait_for_ready_callbacks
[autodock_action_server-25]     return next(self._cb_iter)
[autodock_action_server-25]            ^^^^^^^^^^^^^^^^^^^
[autodock_action_server-25]   File "/opt/ros/jazzy/lib/python3.12/site-packages/rclpy/executors.py", line 703, in _wait_for_ready_callbacks
[autodock_action_server-25]     wait_set.wait(timeout_nsec)
[autodock_action_server-25] KeyboardInterrupt
[autodock_action_server-25] 
[autodock_action_server-25] During handling of the above exception, another exception occurred:
[autodock_action_server-25] 
[autodock_action_server-25] Traceback (most recent call last):
[autodock_action_server-25]   File "/home/smr/workspaces/mini_amr/amrROS2_ws/install/action_autodock/lib/action_autodock/autodock_action_server", line 33, in <module>
[autodock_action_server-25]     sys.exit(load_entry_point('action-autodock==0.0.0', 'console_scripts', 'autodock_action_server')())
[autodock_action_server-25]              ^^^^^^^^^^^^^^^^^^^^^^^^^^^^^^^^^^^^^^^^^^^^^^^^^^^^^^^^^^^^^^^^^^^^^^^^^^^^^^^^^^^^^^^^^
[autodock_action_server-25]   File "/home/smr/workspaces/mini_amr/amrROS2_ws/install/action_autodock/lib/python3.12/site-packages/action_autodock/autodock_action_server.py", line 1420, in main
[autodock_action_server-25]     rclpy.shutdown()   
[autodock_action_server-25]     ^^^^^^^^^^^^^^^^
[autodock_action_server-25]   File "/opt/ros/jazzy/lib/python3.12/site-packages/rclpy/__init__.py", line 134, in shutdown
[autodock_action_server-25]     _shutdown(context=context)
[autodock_action_server-25]   File "/opt/ros/jazzy/lib/python3.12/site-packages/rclpy/utilities.py", line 82, in shutdown
[autodock_action_server-25]     context.shutdown()
[autodock_action_server-25]   File "/opt/ros/jazzy/lib/python3.12/site-packages/rclpy/context.py", line 129, in shutdown
[autodock_action_server-25]     self.__context.shutdown()
[autodock_action_server-25] rclpy._rclpy_pybind11.RCLError: failed to shutdown: rcl_shutdown already called on the given context, at ./src/rcl/init.c:333
[planner_server-12] [INFO] [1774332007.379822348] [global_costmap.global_costmap]: Destroying
[planner_server-12] [INFO] [1774332007.501343183] [planner_server]: Destroying
[bt_navigator-14] [INFO] [1774332007.531729079] [bt_navigator]: Completed Cleaning up
[bt_navigator-14] [INFO] [1774332007.533166943] [bt_navigator]: Destroying bond (bt_navigator) to lifecycle manager.
[bt_navigator-14] [INFO] [1774332007.589759012] [bt_navigator]: Destroying
[rpc_run_node-23] Traceback (most recent call last):
[rpc_run_node-23]   File "/home/smr/workspaces/mini_amr/amrROS2_ws/install/delivery_robot_main_controller/lib/delivery_robot_main_controller/rpc_run_node", line 33, in <module>
[rpc_run_node-23]     sys.exit(load_entry_point('delivery-robot-main-controller==0.0.1', 'console_scripts', 'rpc_run_node')())
[rpc_run_node-23]              ^^^^^^^^^^^^^^^^^^^^^^^^^^^^^^^^^^^^^^^^^^^^^^^^^^^^^^^^^^^^^^^^^^^^^^^^^^^^^^^^^^^^^^^^^^^^^^
[rpc_run_node-23]   File "/home/smr/workspaces/mini_amr/amrROS2_ws/install/delivery_robot_main_controller/lib/python3.12/site-packages/delivery_robot_main_controller/rpc_run_node.py", line 57, in main
[rpc_run_node-23]     rclpy.shutdown()
[rpc_run_node-23]   File "/opt/ros/jazzy/lib/python3.12/site-packages/rclpy/__init__.py", line 134, in shutdown
[rpc_run_node-23]     _shutdown(context=context)
[rpc_run_node-23]   File "/opt/ros/jazzy/lib/python3.12/site-packages/rclpy/utilities.py", line 82, in shutdown
[rpc_run_node-23]     context.shutdown()
[rpc_run_node-23]   File "/opt/ros/jazzy/lib/python3.12/site-packages/rclpy/context.py", line 129, in shutdown
[rpc_run_node-23]     self.__context.shutdown()
[rpc_run_node-23] rclpy._rclpy_pybind11.RCLError: failed to shutdown: rcl_shutdown already called on the given context, at ./src/rcl/init.c:333
[ERROR] [rpc_run_node-23]: process has died [pid 14729, exit code 1, cmd '/home/smr/workspaces/mini_amr/amrROS2_ws/install/delivery_robot_main_controller/lib/delivery_robot_main_controller/rpc_run_node --ros-args -r __node:=rpc_run_node -r __ns:=/ -r /tf:=tf -r /tf_static:=tf_static'].
[INFO] [smoother_server-11]: process has finished cleanly [pid 14466]
[robot_sound-21] Traceback (most recent call last):
[robot_sound-21]   File "/home/smr/workspaces/mini_amr/amrROS2_ws/install/delivery_robot_main_controller/lib/delivery_robot_main_controller/robot_sound", line 33, in <module>
[robot_sound-21]     sys.exit(load_entry_point('delivery-robot-main-controller==0.0.1', 'console_scripts', 'robot_sound')())
[robot_sound-21]              ^^^^^^^^^^^^^^^^^^^^^^^^^^^^^^^^^^^^^^^^^^^^^^^^^^^^^^^^^^^^^^^^^^^^^^^^^^^^^^^^^^^^^^^^^^^^^
[robot_sound-21]   File "/home/smr/workspaces/mini_amr/amrROS2_ws/install/delivery_robot_main_controller/lib/python3.12/site-packages/delivery_robot_main_controller/robot_sound.py", line 369, in main
[robot_sound-21]     rclpy.shutdown()
[robot_sound-21]   File "/opt/ros/jazzy/lib/python3.12/site-packages/rclpy/__init__.py", line 134, in shutdown
[robot_sound-21]     _shutdown(context=context)
[robot_sound-21]   File "/opt/ros/jazzy/lib/python3.12/site-packages/rclpy/utilities.py", line 82, in shutdown
[robot_sound-21]     context.shutdown()
[robot_sound-21]   File "/opt/ros/jazzy/lib/python3.12/site-packages/rclpy/context.py", line 129, in shutdown
[robot_sound-21]     self.__context.shutdown()
[robot_sound-21] rclpy._rclpy_pybind11.RCLError: failed to shutdown: rcl_shutdown already called on the given context, at ./src/rcl/init.c:333
[INFO] [costmap_filter_info_server-9]: process has finished cleanly [pid 14460]
[ERROR] [battery_manager_node-26]: process has died [pid 14732, exit code -2, cmd '/home/smr/workspaces/mini_amr/amrROS2_ws/install/battery_management/lib/battery_management/battery_manager_node --ros-args -r __node:=battery_manager -r __ns:=/ --params-file /home/smr/workspaces/mini_amr/amrROS2_ws/install/battery_management/share/battery_management/config/battery_manager.yaml -r /tf:=tf -r /tf_static:=tf_static'].
[INFO] [waypoint_follower-15]: process has finished cleanly [pid 14491]
[INFO] [velocity_smoother-16]: process has finished cleanly [pid 14498]
[ERROR] [robot_sound-21]: process has died [pid 14727, exit code 1, cmd '/home/smr/workspaces/mini_amr/amrROS2_ws/install/delivery_robot_main_controller/lib/delivery_robot_main_controller/robot_sound --ros-args -r __node:=robot_sound_node -r __ns:=/ -r /tf:=tf -r /tf_static:=tf_static'].
[INFO] [behavior_server-13]: process has finished cleanly [pid 14478]
[call_robot_button-22] Traceback (most recent call last):
[call_robot_button-22]   File "/home/smr/workspaces/mini_amr/amrROS2_ws/install/delivery_robot_main_controller/lib/delivery_robot_main_controller/call_robot_button", line 33, in <module>
[call_robot_button-22]     sys.exit(load_entry_point('delivery-robot-main-controller==0.0.1', 'console_scripts', 'call_robot_button')())
[call_robot_button-22]              ^^^^^^^^^^^^^^^^^^^^^^^^^^^^^^^^^^^^^^^^^^^^^^^^^^^^^^^^^^^^^^^^^^^^^^^^^^^^^^^^^^^^^^^^^^^^^^^^^^^
[call_robot_button-22]   File "/home/smr/workspaces/mini_amr/amrROS2_ws/install/delivery_robot_main_controller/lib/python3.12/site-packages/delivery_robot_main_controller/call_button.py", line 251, in main
[call_robot_button-22]     rclpy.shutdown()
[call_robot_button-22]   File "/opt/ros/jazzy/lib/python3.12/site-packages/rclpy/__init__.py", line 134, in shutdown
[call_robot_button-22]     _shutdown(context=context)
[call_robot_button-22]   File "/opt/ros/jazzy/lib/python3.12/site-packages/rclpy/utilities.py", line 82, in shutdown
[call_robot_button-22]     context.shutdown()
[call_robot_button-22]   File "/opt/ros/jazzy/lib/python3.12/site-packages/rclpy/context.py", line 129, in shutdown
[call_robot_button-22]     self.__context.shutdown()
[call_robot_button-22] rclpy._rclpy_pybind11.RCLError: failed to shutdown: rcl_shutdown already called on the given context, at ./src/rcl/init.c:333
[INFO] [robot_hardware-6]: process has finished cleanly [pid 14457]
[INFO] [collision_monitor-17]: process has finished cleanly [pid 14500]
[INFO] [map_server-8]: process has finished cleanly [pid 14459]
[INFO] [collision_detector-18]: process has finished cleanly [pid 14503]
[ERROR] [call_robot_button-22]: process has died [pid 14728, exit code 1, cmd '/home/smr/workspaces/mini_amr/amrROS2_ws/install/delivery_robot_main_controller/lib/delivery_robot_main_controller/call_robot_button --ros-args -r __node:=call_robot_button_node -r __ns:=/ -r /tf:=tf -r /tf_static:=tf_static'].
[INFO] [lifecycle_manager-19]: process has finished cleanly [pid 14506]
[INFO] [joint_state_publisher-2]: process has finished cleanly [pid 14453]
[INFO] [controller_server-10]: process has finished cleanly [pid 14465]
[INFO] [planner_server-12]: process has finished cleanly [pid 14477]
[INFO] [bt_navigator-14]: process has finished cleanly [pid 14482]
[ERROR] [autodock_action_server-25]: process has died [pid 14731, exit code 1, cmd '/home/smr/workspaces/mini_amr/amrROS2_ws/install/action_autodock/lib/action_autodock/autodock_action_server --ros-args -r __ns:=/ --params-file /home/smr/workspaces/mini_amr/amrROS2_ws/install/action_autodock/share/action_autodock/config/auto_dock_config.yaml --params-file /tmp/launch_params_y0hzb313 -r /tf:=tf -r /tf_static:=tf_static'].
[ERROR] [delivery_robot_main_controller-20]: process has died [pid 14726, exit code -2, cmd '/home/smr/workspaces/mini_amr/amrROS2_ws/install/delivery_robot_main_controller/lib/delivery_robot_main_controller/delivery_robot_main_controller --ros-args -r __node:=main_controller_node -r __ns:=/ --params-file /tmp/launch_params_s3q7jz8k -r /tf:=tf -r /tf_static:=tf_static'].
[INFO] [ekf_node-5]: process has finished cleanly [pid 14456]
[INFO] [localization_slam_toolbox_node-7]: process has finished cleanly [pid 14458]
[INFO] [robot_state_publisher-1]: process has finished cleanly [pid 14452]
[INFO] [rplidar_node-3]: process has finished cleanly [pid 14454]
[INFO] [scan_to_scan_filter_chain-4]: process has finished cleanly [pid 14455]
