[0.081s] Invoking command in '/home/smr/workspaces/mini_amr/amrROS2_ws/build/custom_interface': CMAKE_PREFIX_PATH=${CMAKE_PREFIX_PATH}:/opt/ros/jazzy DEBUGINFOD_URLS=https://debuginfod.ubuntu.com /usr/bin/cmake --build /home/smr/workspaces/mini_amr/amrROS2_ws/build/custom_interface -- -j8 -l8
[0.835s] [  2%] Built target custom_interface__rosidl_generator_type_description
[0.835s] [  2%] Built target ament_cmake_python_copy_custom_interface
[0.837s] [  4%] Built target custom_interface__cpp
[0.837s] [ 22%] Built target custom_interface__rosidl_generator_c
[0.838s] [ 31%] Built target custom_interface__rosidl_typesupport_cpp
[0.838s] [ 43%] Built target custom_interface__rosidl_typesupport_c
[0.838s] [ 50%] Built target custom_interface__rosidl_typesupport_introspection_c
[0.838s] [ 59%] Built target custom_interface__rosidl_typesupport_fastrtps_c
[0.839s] [ 68%] Built target custom_interface__rosidl_typesupport_introspection_cpp
[0.839s] [ 77%] Built target custom_interface__rosidl_typesupport_fastrtps_cpp
[0.839s] [ 77%] Built target custom_interface
[0.839s] running egg_info
[0.839s] [ 79%] Built target custom_interface__py
[0.839s] writing custom_interface.egg-info/PKG-INFO
[0.839s] writing dependency_links to custom_interface.egg-info/dependency_links.txt
[0.839s] writing top-level names to custom_interface.egg-info/top_level.txt
[0.839s] [ 86%] Built target custom_interface__rosidl_generator_py
[0.839s] reading manifest file 'custom_interface.egg-info/SOURCES.txt'
[0.840s] writing manifest file 'custom_interface.egg-info/SOURCES.txt'
[0.840s] [ 90%] Built target custom_interface_s__rosidl_typesupport_introspection_c
[0.855s] [ 95%] Built target custom_interface_s__rosidl_typesupport_fastrtps_c
[0.863s] [100%] Built target custom_interface_s__rosidl_typesupport_c
[0.884s] [100%] Built target ament_cmake_python_build_custom_interface_egg
[0.974s] Invoked command in '/home/smr/workspaces/mini_amr/amrROS2_ws/build/custom_interface' returned '0': CMAKE_PREFIX_PATH=${CMAKE_PREFIX_PATH}:/opt/ros/jazzy DEBUGINFOD_URLS=https://debuginfod.ubuntu.com /usr/bin/cmake --build /home/smr/workspaces/mini_amr/amrROS2_ws/build/custom_interface -- -j8 -l8
[0.978s] Invoking command in '/home/smr/workspaces/mini_amr/amrROS2_ws/build/custom_interface': CMAKE_PREFIX_PATH=${CMAKE_PREFIX_PATH}:/opt/ros/jazzy DEBUGINFOD_URLS=https://debuginfod.ubuntu.com /usr/bin/cmake --install /home/smr/workspaces/mini_amr/amrROS2_ws/build/custom_interface
[1.014s] -- Install configuration: ""
[1.014s] -- Up-to-date: /home/smr/workspaces/mini_amr/amrROS2_ws/install/custom_interface/share/ament_index/resource_index/rosidl_interfaces/custom_interface
[1.016s] -- Up-to-date: /home/smr/workspaces/mini_amr/amrROS2_ws/install/custom_interface/share/custom_interface/action/Autodock.json
[1.016s] -- Up-to-date: /home/smr/workspaces/mini_amr/amrROS2_ws/install/custom_interface/share/custom_interface/msg/Initdock.json
[1.017s] -- Up-to-date: /home/smr/workspaces/mini_amr/amrROS2_ws/install/custom_interface/include/custom_interface/custom_interface
[1.018s] -- Up-to-date: /home/smr/workspaces/mini_amr/amrROS2_ws/install/custom_interface/include/custom_interface/custom_interface/action
[1.019s] -- Up-to-date: /home/smr/workspaces/mini_amr/amrROS2_ws/install/custom_interface/include/custom_interface/custom_interface/action/detail
[1.019s] -- Up-to-date: /home/smr/workspaces/mini_amr/amrROS2_ws/install/custom_interface/include/custom_interface/custom_interface/action/detail/autodock__type_support.h
[1.020s] -- Installing: /home/smr/workspaces/mini_amr/amrROS2_ws/install/custom_interface/include/custom_interface/custom_interface/action/detail/autodock__type_support.c
[1.021s] -- Up-to-date: /home/smr/workspaces/mini_amr/amrROS2_ws/install/custom_interface/include/custom_interface/custom_interface/action/detail/autodock__struct.h
[1.021s] -- Up-to-date: /home/smr/workspaces/mini_amr/amrROS2_ws/install/custom_interface/include/custom_interface/custom_interface/action/detail/autodock__description.c
[1.022s] -- Up-to-date: /home/smr/workspaces/mini_amr/amrROS2_ws/install/custom_interface/include/custom_interface/custom_interface/action/detail/autodock__functions.c
[1.023s] -- Up-to-date: /home/smr/workspaces/mini_amr/amrROS2_ws/install/custom_interface/include/custom_interface/custom_interface/action/detail/autodock__functions.h
[1.023s] -- Up-to-date: /home/smr/workspaces/mini_amr/amrROS2_ws/install/custom_interface/include/custom_interface/custom_interface/action/autodock.h
[1.023s] -- Up-to-date: /home/smr/workspaces/mini_amr/amrROS2_ws/install/custom_interface/include/custom_interface/custom_interface/msg
[1.023s] -- Up-to-date: /home/smr/workspaces/mini_amr/amrROS2_ws/install/custom_interface/include/custom_interface/custom_interface/msg/rosidl_generator_c__visibility_control.h
[1.023s] -- Up-to-date: /home/smr/workspaces/mini_amr/amrROS2_ws/install/custom_interface/include/custom_interface/custom_interface/msg/initdock.h
[1.023s] -- Up-to-date: /home/smr/workspaces/mini_amr/amrROS2_ws/install/custom_interface/include/custom_interface/custom_interface/msg/detail
[1.024s] -- Installing: /home/smr/workspaces/mini_amr/amrROS2_ws/install/custom_interface/include/custom_interface/custom_interface/msg/detail/initdock__type_support.c
[1.024s] -- Up-to-date: /home/smr/workspaces/mini_amr/amrROS2_ws/install/custom_interface/include/custom_interface/custom_interface/msg/detail/initdock__struct.h
[1.024s] -- Up-to-date: /home/smr/workspaces/mini_amr/amrROS2_ws/install/custom_interface/include/custom_interface/custom_interface/msg/detail/initdock__type_support.h
[1.024s] -- Up-to-date: /home/smr/workspaces/mini_amr/amrROS2_ws/install/custom_interface/include/custom_interface/custom_interface/msg/detail/initdock__functions.c
[1.024s] -- Up-to-date: /home/smr/workspaces/mini_amr/amrROS2_ws/install/custom_interface/include/custom_interface/custom_interface/msg/detail/initdock__functions.h
[1.024s] -- Up-to-date: /home/smr/workspaces/mini_amr/amrROS2_ws/install/custom_interface/include/custom_interface/custom_interface/msg/detail/initdock__description.c
[1.024s] -- Up-to-date: /home/smr/workspaces/mini_amr/amrROS2_ws/install/custom_interface/share/custom_interface/environment/library_path.sh
[1.024s] -- Up-to-date: /home/smr/workspaces/mini_amr/amrROS2_ws/install/custom_interface/share/custom_interface/environment/library_path.dsv
[1.024s] -- Up-to-date: /home/smr/workspaces/mini_amr/amrROS2_ws/install/custom_interface/lib/libcustom_interface__rosidl_generator_c.so
[1.025s] -- Up-to-date: /home/smr/workspaces/mini_amr/amrROS2_ws/install/custom_interface/include/custom_interface/custom_interface
[1.025s] -- Up-to-date: /home/smr/workspaces/mini_amr/amrROS2_ws/install/custom_interface/include/custom_interface/custom_interface/action
[1.025s] -- Up-to-date: /home/smr/workspaces/mini_amr/amrROS2_ws/install/custom_interface/include/custom_interface/custom_interface/action/detail
[1.025s] -- Up-to-date: /home/smr/workspaces/mini_amr/amrROS2_ws/install/custom_interface/include/custom_interface/custom_interface/action/detail/autodock__rosidl_typesupport_fastrtps_c.h
[1.025s] -- Up-to-date: /home/smr/workspaces/mini_amr/amrROS2_ws/install/custom_interface/include/custom_interface/custom_interface/msg
[1.025s] -- Up-to-date: /home/smr/workspaces/mini_amr/amrROS2_ws/install/custom_interface/include/custom_interface/custom_interface/msg/rosidl_typesupport_fastrtps_c__visibility_control.h
[1.025s] -- Up-to-date: /home/smr/workspaces/mini_amr/amrROS2_ws/install/custom_interface/include/custom_interface/custom_interface/msg/detail
[1.025s] -- Up-to-date: /home/smr/workspaces/mini_amr/amrROS2_ws/install/custom_interface/include/custom_interface/custom_interface/msg/detail/initdock__rosidl_typesupport_fastrtps_c.h
[1.025s] -- Up-to-date: /home/smr/workspaces/mini_amr/amrROS2_ws/install/custom_interface/lib/libcustom_interface__rosidl_typesupport_fastrtps_c.so
[1.026s] -- Up-to-date: /home/smr/workspaces/mini_amr/amrROS2_ws/install/custom_interface/include/custom_interface/custom_interface
[1.026s] -- Up-to-date: /home/smr/workspaces/mini_amr/amrROS2_ws/install/custom_interface/include/custom_interface/custom_interface/action
[1.026s] -- Up-to-date: /home/smr/workspaces/mini_amr/amrROS2_ws/install/custom_interface/include/custom_interface/custom_interface/action/detail
[1.026s] -- Up-to-date: /home/smr/workspaces/mini_amr/amrROS2_ws/install/custom_interface/include/custom_interface/custom_interface/action/detail/autodock__rosidl_typesupport_introspection_c.h
[1.026s] -- Installing: /home/smr/workspaces/mini_amr/amrROS2_ws/install/custom_interface/include/custom_interface/custom_interface/action/detail/autodock__type_support.c
[1.026s] -- Up-to-date: /home/smr/workspaces/mini_amr/amrROS2_ws/install/custom_interface/include/custom_interface/custom_interface/msg
[1.026s] -- Up-to-date: /home/smr/workspaces/mini_amr/amrROS2_ws/install/custom_interface/include/custom_interface/custom_interface/msg/detail
[1.026s] -- Installing: /home/smr/workspaces/mini_amr/amrROS2_ws/install/custom_interface/include/custom_interface/custom_interface/msg/detail/initdock__type_support.c
[1.027s] -- Up-to-date: /home/smr/workspaces/mini_amr/amrROS2_ws/install/custom_interface/include/custom_interface/custom_interface/msg/detail/initdock__rosidl_typesupport_introspection_c.h
[1.028s] -- Up-to-date: /home/smr/workspaces/mini_amr/amrROS2_ws/install/custom_interface/include/custom_interface/custom_interface/msg/rosidl_typesupport_introspection_c__visibility_control.h
[1.029s] -- Up-to-date: /home/smr/workspaces/mini_amr/amrROS2_ws/install/custom_interface/lib/libcustom_interface__rosidl_typesupport_introspection_c.so
[1.030s] -- Up-to-date: /home/smr/workspaces/mini_amr/amrROS2_ws/install/custom_interface/lib/libcustom_interface__rosidl_typesupport_c.so
[1.030s] -- Up-to-date: /home/smr/workspaces/mini_amr/amrROS2_ws/install/custom_interface/include/custom_interface/custom_interface
[1.031s] -- Up-to-date: /home/smr/workspaces/mini_amr/amrROS2_ws/install/custom_interface/include/custom_interface/custom_interface/action
[1.032s] -- Up-to-date: /home/smr/workspaces/mini_amr/amrROS2_ws/install/custom_interface/include/custom_interface/custom_interface/action/detail
[1.032s] -- Up-to-date: /home/smr/workspaces/mini_amr/amrROS2_ws/install/custom_interface/include/custom_interface/custom_interface/action/detail/autodock__traits.hpp
[1.033s] -- Up-to-date: /home/smr/workspaces/mini_amr/amrROS2_ws/install/custom_interface/include/custom_interface/custom_interface/action/detail/autodock__struct.hpp
[1.034s] -- Up-to-date: /home/smr/workspaces/mini_amr/amrROS2_ws/install/custom_interface/include/custom_interface/custom_interface/action/detail/autodock__builder.hpp
[1.034s] -- Up-to-date: /home/smr/workspaces/mini_amr/amrROS2_ws/install/custom_interface/include/custom_interface/custom_interface/action/detail/autodock__type_support.hpp
[1.035s] -- Up-to-date: /home/smr/workspaces/mini_amr/amrROS2_ws/install/custom_interface/include/custom_interface/custom_interface/action/autodock.hpp
[1.036s] -- Up-to-date: /home/smr/workspaces/mini_amr/amrROS2_ws/install/custom_interface/include/custom_interface/custom_interface/msg
[1.036s] -- Up-to-date: /home/smr/workspaces/mini_amr/amrROS2_ws/install/custom_interface/include/custom_interface/custom_interface/msg/initdock.hpp
[1.037s] -- Up-to-date: /home/smr/workspaces/mini_amr/amrROS2_ws/install/custom_interface/include/custom_interface/custom_interface/msg/detail
[1.037s] -- Up-to-date: /home/smr/workspaces/mini_amr/amrROS2_ws/install/custom_interface/include/custom_interface/custom_interface/msg/detail/initdock__struct.hpp
[1.037s] -- Up-to-date: /home/smr/workspaces/mini_amr/amrROS2_ws/install/custom_interface/include/custom_interface/custom_interface/msg/detail/initdock__type_support.hpp
[1.038s] -- Up-to-date: /home/smr/workspaces/mini_amr/amrROS2_ws/install/custom_interface/include/custom_interface/custom_interface/msg/detail/initdock__builder.hpp
[1.039s] -- Up-to-date: /home/smr/workspaces/mini_amr/amrROS2_ws/install/custom_interface/include/custom_interface/custom_interface/msg/detail/initdock__traits.hpp
[1.039s] -- Up-to-date: /home/smr/workspaces/mini_amr/amrROS2_ws/install/custom_interface/include/custom_interface/custom_interface/msg/rosidl_generator_cpp__visibility_control.hpp
[1.040s] -- Up-to-date: /home/smr/workspaces/mini_amr/amrROS2_ws/install/custom_interface/include/custom_interface/custom_interface
[1.040s] -- Up-to-date: /home/smr/workspaces/mini_amr/amrROS2_ws/install/custom_interface/include/custom_interface/custom_interface/action
[1.041s] -- Up-to-date: /home/smr/workspaces/mini_amr/amrROS2_ws/install/custom_interface/include/custom_interface/custom_interface/action/detail
[1.041s] -- Up-to-date: /home/smr/workspaces/mini_amr/amrROS2_ws/install/custom_interface/include/custom_interface/custom_interface/action/detail/autodock__rosidl_typesupport_fastrtps_cpp.hpp
[1.042s] -- Up-to-date: /home/smr/workspaces/mini_amr/amrROS2_ws/install/custom_interface/include/custom_interface/custom_interface/action/detail/dds_fastrtps
[1.042s] -- Up-to-date: /home/smr/workspaces/mini_amr/amrROS2_ws/install/custom_interface/include/custom_interface/custom_interface/msg
[1.043s] -- Up-to-date: /home/smr/workspaces/mini_amr/amrROS2_ws/install/custom_interface/include/custom_interface/custom_interface/msg/rosidl_typesupport_fastrtps_cpp__visibility_control.h
[1.043s] -- Up-to-date: /home/smr/workspaces/mini_amr/amrROS2_ws/install/custom_interface/include/custom_interface/custom_interface/msg/detail
[1.044s] -- Up-to-date: /home/smr/workspaces/mini_amr/amrROS2_ws/install/custom_interface/include/custom_interface/custom_interface/msg/detail/dds_fastrtps
[1.044s] -- Up-to-date: /home/smr/workspaces/mini_amr/amrROS2_ws/install/custom_interface/include/custom_interface/custom_interface/msg/detail/initdock__rosidl_typesupport_fastrtps_cpp.hpp
[1.045s] -- Up-to-date: /home/smr/workspaces/mini_amr/amrROS2_ws/install/custom_interface/lib/libcustom_interface__rosidl_typesupport_fastrtps_cpp.so
[1.045s] -- Up-to-date: /home/smr/workspaces/mini_amr/amrROS2_ws/install/custom_interface/include/custom_interface/custom_interface
[1.046s] -- Up-to-date: /home/smr/workspaces/mini_amr/amrROS2_ws/install/custom_interface/include/custom_interface/custom_interface/action
[1.046s] -- Up-to-date: /home/smr/workspaces/mini_amr/amrROS2_ws/install/custom_interface/include/custom_interface/custom_interface/action/detail
[1.047s] -- Up-to-date: /home/smr/workspaces/mini_amr/amrROS2_ws/install/custom_interface/include/custom_interface/custom_interface/action/detail/autodock__type_support.cpp
[1.047s] -- Up-to-date: /home/smr/workspaces/mini_amr/amrROS2_ws/install/custom_interface/include/custom_interface/custom_interface/action/detail/autodock__rosidl_typesupport_introspection_cpp.hpp
[1.048s] -- Up-to-date: /home/smr/workspaces/mini_amr/amrROS2_ws/install/custom_interface/include/custom_interface/custom_interface/msg
[1.048s] -- Up-to-date: /home/smr/workspaces/mini_amr/amrROS2_ws/install/custom_interface/include/custom_interface/custom_interface/msg/detail
[1.049s] -- Up-to-date: /home/smr/workspaces/mini_amr/amrROS2_ws/install/custom_interface/include/custom_interface/custom_interface/msg/detail/initdock__type_support.cpp
[1.049s] -- Up-to-date: /home/smr/workspaces/mini_amr/amrROS2_ws/install/custom_interface/include/custom_interface/custom_interface/msg/detail/initdock__rosidl_typesupport_introspection_cpp.hpp
[1.050s] -- Up-to-date: /home/smr/workspaces/mini_amr/amrROS2_ws/install/custom_interface/lib/libcustom_interface__rosidl_typesupport_introspection_cpp.so
[1.051s] -- Up-to-date: /home/smr/workspaces/mini_amr/amrROS2_ws/install/custom_interface/lib/libcustom_interface__rosidl_typesupport_cpp.so
[1.051s] -- Up-to-date: /home/smr/workspaces/mini_amr/amrROS2_ws/install/custom_interface/share/custom_interface/environment/pythonpath.sh
[1.051s] -- Up-to-date: /home/smr/workspaces/mini_amr/amrROS2_ws/install/custom_interface/share/custom_interface/environment/pythonpath.dsv
[1.051s] -- Up-to-date: /home/smr/workspaces/mini_amr/amrROS2_ws/install/custom_interface/lib/python3.12/site-packages/custom_interface-0.0.0-py3.12.egg-info
[1.051s] -- Installing: /home/smr/workspaces/mini_amr/amrROS2_ws/install/custom_interface/lib/python3.12/site-packages/custom_interface-0.0.0-py3.12.egg-info/top_level.txt
[1.051s] -- Installing: /home/smr/workspaces/mini_amr/amrROS2_ws/install/custom_interface/lib/python3.12/site-packages/custom_interface-0.0.0-py3.12.egg-info/SOURCES.txt
[1.052s] -- Installing: /home/smr/workspaces/mini_amr/amrROS2_ws/install/custom_interface/lib/python3.12/site-packages/custom_interface-0.0.0-py3.12.egg-info/dependency_links.txt
[1.052s] -- Installing: /home/smr/workspaces/mini_amr/amrROS2_ws/install/custom_interface/lib/python3.12/site-packages/custom_interface-0.0.0-py3.12.egg-info/PKG-INFO
[1.052s] -- Up-to-date: /home/smr/workspaces/mini_amr/amrROS2_ws/install/custom_interface/lib/python3.12/site-packages/custom_interface
[1.052s] -- Up-to-date: /home/smr/workspaces/mini_amr/amrROS2_ws/install/custom_interface/lib/python3.12/site-packages/custom_interface/_custom_interface_s.ep.rosidl_typesupport_introspection_c.c
[1.052s] -- Up-to-date: /home/smr/workspaces/mini_amr/amrROS2_ws/install/custom_interface/lib/python3.12/site-packages/custom_interface/_custom_interface_s.ep.rosidl_typesupport_fastrtps_c.c
[1.052s] -- Up-to-date: /home/smr/workspaces/mini_amr/amrROS2_ws/install/custom_interface/lib/python3.12/site-packages/custom_interface/custom_interface_s__rosidl_typesupport_c.so
[1.052s] -- Up-to-date: /home/smr/workspaces/mini_amr/amrROS2_ws/install/custom_interface/lib/python3.12/site-packages/custom_interface/action
[1.052s] -- Up-to-date: /home/smr/workspaces/mini_amr/amrROS2_ws/install/custom_interface/lib/python3.12/site-packages/custom_interface/action/_autodock_s.c
[1.053s] -- Up-to-date: /home/smr/workspaces/mini_amr/amrROS2_ws/install/custom_interface/lib/python3.12/site-packages/custom_interface/action/__init__.py
[1.053s] -- Up-to-date: /home/smr/workspaces/mini_amr/amrROS2_ws/install/custom_interface/lib/python3.12/site-packages/custom_interface/action/_autodock.py
[1.053s] -- Up-to-date: /home/smr/workspaces/mini_amr/amrROS2_ws/install/custom_interface/lib/python3.12/site-packages/custom_interface/msg
[1.053s] -- Up-to-date: /home/smr/workspaces/mini_amr/amrROS2_ws/install/custom_interface/lib/python3.12/site-packages/custom_interface/msg/__init__.py
[1.053s] -- Up-to-date: /home/smr/workspaces/mini_amr/amrROS2_ws/install/custom_interface/lib/python3.12/site-packages/custom_interface/msg/_initdock_s.c
[1.053s] -- Up-to-date: /home/smr/workspaces/mini_amr/amrROS2_ws/install/custom_interface/lib/python3.12/site-packages/custom_interface/msg/_initdock.py
[1.053s] -- Up-to-date: /home/smr/workspaces/mini_amr/amrROS2_ws/install/custom_interface/lib/python3.12/site-packages/custom_interface/custom_interface_s__rosidl_typesupport_fastrtps_c.so
[1.053s] -- Up-to-date: /home/smr/workspaces/mini_amr/amrROS2_ws/install/custom_interface/lib/python3.12/site-packages/custom_interface/__init__.py
[1.053s] -- Up-to-date: /home/smr/workspaces/mini_amr/amrROS2_ws/install/custom_interface/lib/python3.12/site-packages/custom_interface/custom_interface_s__rosidl_typesupport_introspection_c.so
[1.053s] -- Up-to-date: /home/smr/workspaces/mini_amr/amrROS2_ws/install/custom_interface/lib/python3.12/site-packages/custom_interface/_custom_interface_s.ep.rosidl_typesupport_c.c
[1.108s] Listing '/home/smr/workspaces/mini_amr/amrROS2_ws/install/custom_interface/lib/python3.12/site-packages/custom_interface'...
[1.108s] Listing '/home/smr/workspaces/mini_amr/amrROS2_ws/install/custom_interface/lib/python3.12/site-packages/custom_interface/action'...
[1.108s] Listing '/home/smr/workspaces/mini_amr/amrROS2_ws/install/custom_interface/lib/python3.12/site-packages/custom_interface/msg'...
[1.127s] -- Up-to-date: /home/smr/workspaces/mini_amr/amrROS2_ws/install/custom_interface/lib/python3.12/site-packages/custom_interface/custom_interface_s__rosidl_typesupport_fastrtps_c.so
[1.127s] -- Up-to-date: /home/smr/workspaces/mini_amr/amrROS2_ws/install/custom_interface/lib/python3.12/site-packages/custom_interface/custom_interface_s__rosidl_typesupport_introspection_c.so
[1.128s] -- Up-to-date: /home/smr/workspaces/mini_amr/amrROS2_ws/install/custom_interface/lib/python3.12/site-packages/custom_interface/custom_interface_s__rosidl_typesupport_c.so
[1.129s] -- Up-to-date: /home/smr/workspaces/mini_amr/amrROS2_ws/install/custom_interface/lib/libcustom_interface__rosidl_generator_py.so
[1.129s] -- Up-to-date: /home/smr/workspaces/mini_amr/amrROS2_ws/install/custom_interface/share/custom_interface/action/Autodock.idl
[1.129s] -- Up-to-date: /home/smr/workspaces/mini_amr/amrROS2_ws/install/custom_interface/share/custom_interface/msg/Initdock.idl
[1.130s] -- Up-to-date: /home/smr/workspaces/mini_amr/amrROS2_ws/install/custom_interface/share/custom_interface/action/Autodock.action
[1.130s] -- Up-to-date: /home/smr/workspaces/mini_amr/amrROS2_ws/install/custom_interface/share/custom_interface/msg/Initdock.msg
[1.131s] -- Up-to-date: /home/smr/workspaces/mini_amr/amrROS2_ws/install/custom_interface/share/ament_index/resource_index/package_run_dependencies/custom_interface
[1.131s] -- Up-to-date: /home/smr/workspaces/mini_amr/amrROS2_ws/install/custom_interface/share/ament_index/resource_index/parent_prefix_path/custom_interface
[1.131s] -- Up-to-date: /home/smr/workspaces/mini_amr/amrROS2_ws/install/custom_interface/share/custom_interface/environment/ament_prefix_path.sh
[1.132s] -- Up-to-date: /home/smr/workspaces/mini_amr/amrROS2_ws/install/custom_interface/share/custom_interface/environment/ament_prefix_path.dsv
[1.132s] -- Up-to-date: /home/smr/workspaces/mini_amr/amrROS2_ws/install/custom_interface/share/custom_interface/environment/path.sh
[1.132s] -- Up-to-date: /home/smr/workspaces/mini_amr/amrROS2_ws/install/custom_interface/share/custom_interface/environment/path.dsv
[1.132s] -- Up-to-date: /home/smr/workspaces/mini_amr/amrROS2_ws/install/custom_interface/share/custom_interface/local_setup.bash
[1.133s] -- Up-to-date: /home/smr/workspaces/mini_amr/amrROS2_ws/install/custom_interface/share/custom_interface/local_setup.sh
[1.133s] -- Up-to-date: /home/smr/workspaces/mini_amr/amrROS2_ws/install/custom_interface/share/custom_interface/local_setup.zsh
[1.133s] -- Up-to-date: /home/smr/workspaces/mini_amr/amrROS2_ws/install/custom_interface/share/custom_interface/local_setup.dsv
[1.133s] -- Installing: /home/smr/workspaces/mini_amr/amrROS2_ws/install/custom_interface/share/custom_interface/package.dsv
[1.136s] -- Up-to-date: /home/smr/workspaces/mini_amr/amrROS2_ws/install/custom_interface/share/ament_index/resource_index/packages/custom_interface
[1.139s] -- Up-to-date: /home/smr/workspaces/mini_amr/amrROS2_ws/install/custom_interface/share/custom_interface/cmake/export_custom_interface__rosidl_generator_cExport.cmake
[1.140s] -- Up-to-date: /home/smr/workspaces/mini_amr/amrROS2_ws/install/custom_interface/share/custom_interface/cmake/export_custom_interface__rosidl_generator_cExport-noconfig.cmake
[1.140s] -- Up-to-date: /home/smr/workspaces/mini_amr/amrROS2_ws/install/custom_interface/share/custom_interface/cmake/export_custom_interface__rosidl_typesupport_fastrtps_cExport.cmake
[1.141s] -- Up-to-date: /home/smr/workspaces/mini_amr/amrROS2_ws/install/custom_interface/share/custom_interface/cmake/export_custom_interface__rosidl_typesupport_fastrtps_cExport-noconfig.cmake
[1.143s] -- Up-to-date: /home/smr/workspaces/mini_amr/amrROS2_ws/install/custom_interface/share/custom_interface/cmake/custom_interface__rosidl_typesupport_introspection_cExport.cmake
[1.144s] -- Up-to-date: /home/smr/workspaces/mini_amr/amrROS2_ws/install/custom_interface/share/custom_interface/cmake/custom_interface__rosidl_typesupport_introspection_cExport-noconfig.cmake
[1.145s] -- Up-to-date: /home/smr/workspaces/mini_amr/amrROS2_ws/install/custom_interface/share/custom_interface/cmake/custom_interface__rosidl_typesupport_cExport.cmake
[1.145s] -- Up-to-date: /home/smr/workspaces/mini_amr/amrROS2_ws/install/custom_interface/share/custom_interface/cmake/custom_interface__rosidl_typesupport_cExport-noconfig.cmake
[1.146s] -- Up-to-date: /home/smr/workspaces/mini_amr/amrROS2_ws/install/custom_interface/share/custom_interface/cmake/export_custom_interface__rosidl_generator_cppExport.cmake
[1.147s] -- Up-to-date: /home/smr/workspaces/mini_amr/amrROS2_ws/install/custom_interface/share/custom_interface/cmake/export_custom_interface__rosidl_typesupport_fastrtps_cppExport.cmake
[1.147s] -- Up-to-date: /home/smr/workspaces/mini_amr/amrROS2_ws/install/custom_interface/share/custom_interface/cmake/export_custom_interface__rosidl_typesupport_fastrtps_cppExport-noconfig.cmake
[1.147s] -- Up-to-date: /home/smr/workspaces/mini_amr/amrROS2_ws/install/custom_interface/share/custom_interface/cmake/custom_interface__rosidl_typesupport_introspection_cppExport.cmake
[1.147s] -- Up-to-date: /home/smr/workspaces/mini_amr/amrROS2_ws/install/custom_interface/share/custom_interface/cmake/custom_interface__rosidl_typesupport_introspection_cppExport-noconfig.cmake
[1.147s] -- Up-to-date: /home/smr/workspaces/mini_amr/amrROS2_ws/install/custom_interface/share/custom_interface/cmake/custom_interface__rosidl_typesupport_cppExport.cmake
[1.147s] -- Up-to-date: /home/smr/workspaces/mini_amr/amrROS2_ws/install/custom_interface/share/custom_interface/cmake/custom_interface__rosidl_typesupport_cppExport-noconfig.cmake
[1.147s] -- Up-to-date: /home/smr/workspaces/mini_amr/amrROS2_ws/install/custom_interface/share/custom_interface/cmake/export_custom_interface__rosidl_generator_pyExport.cmake
[1.148s] -- Up-to-date: /home/smr/workspaces/mini_amr/amrROS2_ws/install/custom_interface/share/custom_interface/cmake/export_custom_interface__rosidl_generator_pyExport-noconfig.cmake
[1.148s] -- Up-to-date: /home/smr/workspaces/mini_amr/amrROS2_ws/install/custom_interface/share/custom_interface/cmake/rosidl_cmake-extras.cmake
[1.148s] -- Up-to-date: /home/smr/workspaces/mini_amr/amrROS2_ws/install/custom_interface/share/custom_interface/cmake/ament_cmake_export_dependencies-extras.cmake
[1.148s] -- Up-to-date: /home/smr/workspaces/mini_amr/amrROS2_ws/install/custom_interface/share/custom_interface/cmake/ament_cmake_export_include_directories-extras.cmake
[1.148s] -- Up-to-date: /home/smr/workspaces/mini_amr/amrROS2_ws/install/custom_interface/share/custom_interface/cmake/ament_cmake_export_libraries-extras.cmake
[1.148s] -- Up-to-date: /home/smr/workspaces/mini_amr/amrROS2_ws/install/custom_interface/share/custom_interface/cmake/ament_cmake_export_targets-extras.cmake
[1.148s] -- Up-to-date: /home/smr/workspaces/mini_amr/amrROS2_ws/install/custom_interface/share/custom_interface/cmake/rosidl_cmake_export_typesupport_targets-extras.cmake
[1.149s] -- Up-to-date: /home/smr/workspaces/mini_amr/amrROS2_ws/install/custom_interface/share/custom_interface/cmake/rosidl_cmake_export_typesupport_libraries-extras.cmake
[1.149s] -- Up-to-date: /home/smr/workspaces/mini_amr/amrROS2_ws/install/custom_interface/share/custom_interface/cmake/custom_interfaceConfig.cmake
[1.149s] -- Up-to-date: /home/smr/workspaces/mini_amr/amrROS2_ws/install/custom_interface/share/custom_interface/cmake/custom_interfaceConfig-version.cmake
[1.149s] -- Up-to-date: /home/smr/workspaces/mini_amr/amrROS2_ws/install/custom_interface/share/custom_interface/package.xml
[1.174s] Invoked command in '/home/smr/workspaces/mini_amr/amrROS2_ws/build/custom_interface' returned '0': CMAKE_PREFIX_PATH=${CMAKE_PREFIX_PATH}:/opt/ros/jazzy DEBUGINFOD_URLS=https://debuginfod.ubuntu.com /usr/bin/cmake --install /home/smr/workspaces/mini_amr/amrROS2_ws/build/custom_interface
