[1.373s] Invoking command in '/home/smr/workspaces/mini_amr/amrROS2_ws/src/wis_pkg': DEBUGINFOD_URLS=https://debuginfod.ubuntu.com PYTHONPATH=/home/smr/workspaces/mini_amr/amrROS2_ws/build/wis_pkg/prefix_override:/usr/lib/python3/dist-packages/colcon_core/task/python/colcon_distutils_commands:/home/smr/workspaces/mini_amr/amrROS2_ws/install/wis_pkg/lib/python3.12/site-packages:${PYTHONPATH} /usr/bin/python3 -W ignore:setup.py install is deprecated -W ignore:easy_install command is deprecated setup.py egg_info --egg-base ../../build/wis_pkg build --build-base /home/smr/workspaces/mini_amr/amrROS2_ws/build/wis_pkg/build install --record /home/smr/workspaces/mini_amr/amrROS2_ws/build/wis_pkg/install.log --single-version-externally-managed install_data
[1.776s] running egg_info
[1.776s] creating ../../build/wis_pkg/wis_pkg.egg-info
[1.804s] writing ../../build/wis_pkg/wis_pkg.egg-info/PKG-INFO
[1.804s] writing dependency_links to ../../build/wis_pkg/wis_pkg.egg-info/dependency_links.txt
[1.804s] writing entry points to ../../build/wis_pkg/wis_pkg.egg-info/entry_points.txt
[1.805s] writing requirements to ../../build/wis_pkg/wis_pkg.egg-info/requires.txt
[1.805s] writing top-level names to ../../build/wis_pkg/wis_pkg.egg-info/top_level.txt
[1.805s] writing manifest file '../../build/wis_pkg/wis_pkg.egg-info/SOURCES.txt'
[1.868s] reading manifest file '../../build/wis_pkg/wis_pkg.egg-info/SOURCES.txt'
[1.869s] writing manifest file '../../build/wis_pkg/wis_pkg.egg-info/SOURCES.txt'
[1.870s] running build
[1.870s] running build_py
[1.870s] creating /home/smr/workspaces/mini_amr/amrROS2_ws/build/wis_pkg/build
[1.870s] creating /home/smr/workspaces/mini_amr/amrROS2_ws/build/wis_pkg/build/lib
[1.870s] creating /home/smr/workspaces/mini_amr/amrROS2_ws/build/wis_pkg/build/lib/wis_pkg
[1.870s] copying wis_pkg/map_nav_subscriber_node.py -> /home/smr/workspaces/mini_amr/amrROS2_ws/build/wis_pkg/build/lib/wis_pkg
[1.871s] copying wis_pkg/map_scan_subscriber_node.py -> /home/smr/workspaces/mini_amr/amrROS2_ws/build/wis_pkg/build/lib/wis_pkg
[1.871s] copying wis_pkg/map_info_publisher_node.py -> /home/smr/workspaces/mini_amr/amrROS2_ws/build/wis_pkg/build/lib/wis_pkg
[1.871s] copying wis_pkg/__init__.py -> /home/smr/workspaces/mini_amr/amrROS2_ws/build/wis_pkg/build/lib/wis_pkg
[1.871s] copying wis_pkg/map_load_subscriber_node.py -> /home/smr/workspaces/mini_amr/amrROS2_ws/build/wis_pkg/build/lib/wis_pkg
[1.871s] copying wis_pkg/map_save_subscriber_node.py -> /home/smr/workspaces/mini_amr/amrROS2_ws/build/wis_pkg/build/lib/wis_pkg
[1.871s] copying wis_pkg/map_name_publisher_node.py -> /home/smr/workspaces/mini_amr/amrROS2_ws/build/wis_pkg/build/lib/wis_pkg
[1.872s] running install
[1.882s] running install_lib
[1.913s] creating /home/smr/workspaces/mini_amr/amrROS2_ws/install/wis_pkg/lib/python3.12/site-packages/wis_pkg
[1.913s] copying /home/smr/workspaces/mini_amr/amrROS2_ws/build/wis_pkg/build/lib/wis_pkg/map_nav_subscriber_node.py -> /home/smr/workspaces/mini_amr/amrROS2_ws/install/wis_pkg/lib/python3.12/site-packages/wis_pkg
[1.914s] copying /home/smr/workspaces/mini_amr/amrROS2_ws/build/wis_pkg/build/lib/wis_pkg/map_scan_subscriber_node.py -> /home/smr/workspaces/mini_amr/amrROS2_ws/install/wis_pkg/lib/python3.12/site-packages/wis_pkg
[1.915s] copying /home/smr/workspaces/mini_amr/amrROS2_ws/build/wis_pkg/build/lib/wis_pkg/map_info_publisher_node.py -> /home/smr/workspaces/mini_amr/amrROS2_ws/install/wis_pkg/lib/python3.12/site-packages/wis_pkg
[1.915s] copying /home/smr/workspaces/mini_amr/amrROS2_ws/build/wis_pkg/build/lib/wis_pkg/__init__.py -> /home/smr/workspaces/mini_amr/amrROS2_ws/install/wis_pkg/lib/python3.12/site-packages/wis_pkg
[1.915s] copying /home/smr/workspaces/mini_amr/amrROS2_ws/build/wis_pkg/build/lib/wis_pkg/map_load_subscriber_node.py -> /home/smr/workspaces/mini_amr/amrROS2_ws/install/wis_pkg/lib/python3.12/site-packages/wis_pkg
[1.915s] copying /home/smr/workspaces/mini_amr/amrROS2_ws/build/wis_pkg/build/lib/wis_pkg/map_save_subscriber_node.py -> /home/smr/workspaces/mini_amr/amrROS2_ws/install/wis_pkg/lib/python3.12/site-packages/wis_pkg
[1.915s] copying /home/smr/workspaces/mini_amr/amrROS2_ws/build/wis_pkg/build/lib/wis_pkg/map_name_publisher_node.py -> /home/smr/workspaces/mini_amr/amrROS2_ws/install/wis_pkg/lib/python3.12/site-packages/wis_pkg
[1.917s] byte-compiling /home/smr/workspaces/mini_amr/amrROS2_ws/install/wis_pkg/lib/python3.12/site-packages/wis_pkg/map_nav_subscriber_node.py to map_nav_subscriber_node.cpython-312.pyc
[1.920s] byte-compiling /home/smr/workspaces/mini_amr/amrROS2_ws/install/wis_pkg/lib/python3.12/site-packages/wis_pkg/map_scan_subscriber_node.py to map_scan_subscriber_node.cpython-312.pyc
[1.922s] byte-compiling /home/smr/workspaces/mini_amr/amrROS2_ws/install/wis_pkg/lib/python3.12/site-packages/wis_pkg/map_info_publisher_node.py to map_info_publisher_node.cpython-312.pyc
[1.923s] byte-compiling /home/smr/workspaces/mini_amr/amrROS2_ws/install/wis_pkg/lib/python3.12/site-packages/wis_pkg/__init__.py to __init__.cpython-312.pyc
[1.924s] byte-compiling /home/smr/workspaces/mini_amr/amrROS2_ws/install/wis_pkg/lib/python3.12/site-packages/wis_pkg/map_load_subscriber_node.py to map_load_subscriber_node.cpython-312.pyc
[1.925s] byte-compiling /home/smr/workspaces/mini_amr/amrROS2_ws/install/wis_pkg/lib/python3.12/site-packages/wis_pkg/map_save_subscriber_node.py to map_save_subscriber_node.cpython-312.pyc
[1.927s] byte-compiling /home/smr/workspaces/mini_amr/amrROS2_ws/install/wis_pkg/lib/python3.12/site-packages/wis_pkg/map_name_publisher_node.py to map_name_publisher_node.cpython-312.pyc
[1.928s] running install_data
[1.929s] creating /home/smr/workspaces/mini_amr/amrROS2_ws/install/wis_pkg/share/ament_index
[1.929s] creating /home/smr/workspaces/mini_amr/amrROS2_ws/install/wis_pkg/share/ament_index/resource_index
[1.930s] creating /home/smr/workspaces/mini_amr/amrROS2_ws/install/wis_pkg/share/ament_index/resource_index/packages
[1.930s] copying resource/wis_pkg -> /home/smr/workspaces/mini_amr/amrROS2_ws/install/wis_pkg/share/ament_index/resource_index/packages
[1.931s] copying package.xml -> /home/smr/workspaces/mini_amr/amrROS2_ws/install/wis_pkg/share/wis_pkg
[1.931s] copying launch/wis.launch.py -> /home/smr/workspaces/mini_amr/amrROS2_ws/install/wis_pkg/share/wis_pkg
[1.931s] running install_egg_info
[1.963s] Copying ../../build/wis_pkg/wis_pkg.egg-info to /home/smr/workspaces/mini_amr/amrROS2_ws/install/wis_pkg/lib/python3.12/site-packages/wis_pkg-0.0.0-py3.12.egg-info
[1.964s] running install_scripts
[2.169s] Installing map_info script to /home/smr/workspaces/mini_amr/amrROS2_ws/install/wis_pkg/lib/wis_pkg
[2.169s] Installing map_load script to /home/smr/workspaces/mini_amr/amrROS2_ws/install/wis_pkg/lib/wis_pkg
[2.169s] Installing map_name script to /home/smr/workspaces/mini_amr/amrROS2_ws/install/wis_pkg/lib/wis_pkg
[2.169s] Installing map_nav script to /home/smr/workspaces/mini_amr/amrROS2_ws/install/wis_pkg/lib/wis_pkg
[2.170s] Installing map_save script to /home/smr/workspaces/mini_amr/amrROS2_ws/install/wis_pkg/lib/wis_pkg
[2.170s] Installing map_scan script to /home/smr/workspaces/mini_amr/amrROS2_ws/install/wis_pkg/lib/wis_pkg
[2.170s] writing list of installed files to '/home/smr/workspaces/mini_amr/amrROS2_ws/build/wis_pkg/install.log'
[2.244s] Invoked command in '/home/smr/workspaces/mini_amr/amrROS2_ws/src/wis_pkg' returned '0': DEBUGINFOD_URLS=https://debuginfod.ubuntu.com PYTHONPATH=/home/smr/workspaces/mini_amr/amrROS2_ws/build/wis_pkg/prefix_override:/usr/lib/python3/dist-packages/colcon_core/task/python/colcon_distutils_commands:/home/smr/workspaces/mini_amr/amrROS2_ws/install/wis_pkg/lib/python3.12/site-packages:${PYTHONPATH} /usr/bin/python3 -W ignore:setup.py install is deprecated -W ignore:easy_install command is deprecated setup.py egg_info --egg-base ../../build/wis_pkg build --build-base /home/smr/workspaces/mini_amr/amrROS2_ws/build/wis_pkg/build install --record /home/smr/workspaces/mini_amr/amrROS2_ws/build/wis_pkg/install.log --single-version-externally-managed install_data
