[0.657s] Invoking command in '/home/smr/workspaces/mini_amr/amrROS2_ws/build/robot_hardware_interface': DEBUGINFOD_URLS=https://debuginfod.ubuntu.com /usr/bin/cmake /home/smr/workspaces/mini_amr/amrROS2_ws/src/robot_hardware_interface -DCMAKE_INSTALL_PREFIX=/home/smr/workspaces/mini_amr/amrROS2_ws/install/robot_hardware_interface
[0.771s] -- The C compiler identification is GNU 13.3.0
[0.905s] -- The CXX compiler identification is GNU 13.3.0
[0.936s] -- Detecting C compiler ABI info
[1.201s] -- Detecting C compiler ABI info - done
[1.222s] -- Check for working C compiler: /usr/bin/cc - skipped
[1.223s] -- Detecting C compile features
[1.224s] -- Detecting C compile features - done
[1.236s] -- Detecting CXX compiler ABI info
[1.480s] -- Detecting CXX compiler ABI info - done
[1.526s] -- Check for working CXX compiler: /usr/bin/c++ - skipped
[1.527s] -- Detecting CXX compile features
[1.528s] -- Detecting CXX compile features - done
[1.543s] [31mCMake Error at CMakeLists.txt:9 (find_package):
[1.544s]   By not providing "Findament_cmake.cmake" in CMAKE_MODULE_PATH this project
[1.544s]   has asked CMake to find a package configuration file provided by
[1.545s]   "ament_cmake", but CMake did not find one.
[1.545s] 
[1.546s]   Could not find a package configuration file provided by "ament_cmake" with
[1.546s]   any of the following names:
[1.547s] 
[1.547s]     ament_cmakeConfig.cmake
[1.547s]     ament_cmake-config.cmake
[1.548s] 
[1.548s]   Add the installation prefix of "ament_cmake" to CMAKE_PREFIX_PATH or set
[1.549s]   "ament_cmake_DIR" to a directory containing one of the above files.  If
[1.549s]   "ament_cmake" provides a separate development package or SDK, be sure it
[1.549s]   has been installed.
[1.550s] 
[1.550s] [0m
[1.551s] -- Configuring incomplete, errors occurred!
