[2.185s] Invoking command in '/home/smr/workspaces/mini_amr/amrROS2_ws/src/python_pkg': DEBUGINFOD_URLS=https://debuginfod.ubuntu.com PYTHONPATH=/home/smr/workspaces/mini_amr/amrROS2_ws/build/python_pkg/prefix_override:/usr/lib/python3/dist-packages/colcon_core/task/python/colcon_distutils_commands:/home/smr/workspaces/mini_amr/amrROS2_ws/install/python_pkg/lib/python3.12/site-packages:${PYTHONPATH} /usr/bin/python3 -W ignore:setup.py install is deprecated -W ignore:easy_install command is deprecated setup.py egg_info --egg-base ../../build/python_pkg build --build-base /home/smr/workspaces/mini_amr/amrROS2_ws/build/python_pkg/build install --record /home/smr/workspaces/mini_amr/amrROS2_ws/build/python_pkg/install.log --single-version-externally-managed install_data
[2.571s] running egg_info
[2.598s] writing ../../build/python_pkg/python_pkg.egg-info/PKG-INFO
[2.599s] writing dependency_links to ../../build/python_pkg/python_pkg.egg-info/dependency_links.txt
[2.600s] writing entry points to ../../build/python_pkg/python_pkg.egg-info/entry_points.txt
[2.600s] writing requirements to ../../build/python_pkg/python_pkg.egg-info/requires.txt
[2.601s] writing top-level names to ../../build/python_pkg/python_pkg.egg-info/top_level.txt
[2.655s] reading manifest file '../../build/python_pkg/python_pkg.egg-info/SOURCES.txt'
[2.656s] adding license file 'LICENSE'
[2.657s] writing manifest file '../../build/python_pkg/python_pkg.egg-info/SOURCES.txt'
[2.657s] running build
[2.658s] running build_py
[2.660s] running install
[2.669s] running install_lib
[2.698s] running install_data
[2.699s] running install_egg_info
[2.728s] removing '/home/smr/workspaces/mini_amr/amrROS2_ws/install/python_pkg/lib/python3.12/site-packages/python_pkg-0.0.0-py3.12.egg-info' (and everything under it)
[2.729s] Copying ../../build/python_pkg/python_pkg.egg-info to /home/smr/workspaces/mini_amr/amrROS2_ws/install/python_pkg/lib/python3.12/site-packages/python_pkg-0.0.0-py3.12.egg-info
[2.731s] running install_scripts
[2.925s] Installing cmd_vel_pub script to /home/smr/workspaces/mini_amr/amrROS2_ws/install/python_pkg/lib/python_pkg
[2.925s] Installing ip_publisher script to /home/smr/workspaces/mini_amr/amrROS2_ws/install/python_pkg/lib/python_pkg
[2.926s] writing list of installed files to '/home/smr/workspaces/mini_amr/amrROS2_ws/build/python_pkg/install.log'
[3.006s] Invoked command in '/home/smr/workspaces/mini_amr/amrROS2_ws/src/python_pkg' returned '0': DEBUGINFOD_URLS=https://debuginfod.ubuntu.com PYTHONPATH=/home/smr/workspaces/mini_amr/amrROS2_ws/build/python_pkg/prefix_override:/usr/lib/python3/dist-packages/colcon_core/task/python/colcon_distutils_commands:/home/smr/workspaces/mini_amr/amrROS2_ws/install/python_pkg/lib/python3.12/site-packages:${PYTHONPATH} /usr/bin/python3 -W ignore:setup.py install is deprecated -W ignore:easy_install command is deprecated setup.py egg_info --egg-base ../../build/python_pkg build --build-base /home/smr/workspaces/mini_amr/amrROS2_ws/build/python_pkg/build install --record /home/smr/workspaces/mini_amr/amrROS2_ws/build/python_pkg/install.log --single-version-externally-managed install_data
