[0.092s] Invoking command in '/home/smr/workspaces/mini_amr/amrROS2_ws/build/dock_lidar': CMAKE_PREFIX_PATH=/home/smr/workspaces/mini_amr/amrROS2_ws/install/custom_interface:/home/smr/workspaces/mini_amr/amrROS2_ws/install/sllidar_ros2:/home/smr/workspaces/mini_amr/amrROS2_ws/install/robot_hardware_interface:/home/smr/workspaces/mini_amr/amrROS2_ws/install/navigation:/home/smr/workspaces/mini_amr/amrROS2_ws/install/dock_lidar:/home/smr/workspaces/mini_amr/amrROS2_ws/install/description:/home/smr/workspaces/mini_amr/amrROS2_ws/install/bringup:/opt/ros/jazzy/opt/gz_sim_vendor:/opt/ros/jazzy/opt/gz_sensors_vendor:/opt/ros/jazzy/opt/gz_physics_vendor:/opt/ros/jazzy/opt/sdformat_vendor:/opt/ros/jazzy/opt/gz_gui_vendor:/opt/ros/jazzy/opt/gz_transport_vendor:/opt/ros/jazzy/opt/gz_rendering_vendor:/opt/ros/jazzy/opt/gz_plugin_vendor:/opt/ros/jazzy/opt/gz_fuel_tools_vendor:/opt/ros/jazzy/opt/gz_msgs_vendor:/opt/ros/jazzy/opt/gz_common_vendor:/opt/ros/jazzy/opt/gz_math_vendor:/opt/ros/jazzy/opt/gz_utils_vendor:/opt/ros/jazzy/opt/gz_tools_vendor:/opt/ros/jazzy/opt/gz_ogre_next_vendor:/opt/ros/jazzy/opt/gz_dartsim_vendor:/opt/ros/jazzy/opt/gz_cmake_vendor:/home/smr/workspaces/mini_amr/amrROS2_ws/install/python_pkg:/home/smr/workspaces/mini_amr/amrROS2_ws/install/action_autodock:/opt/ros/jazzy DEBUGINFOD_URLS=https://debuginfod.ubuntu.com PYTHONPATH=/home/smr/workspaces/mini_amr/amrROS2_ws/install/custom_interface/lib/python3.12/site-packages:/home/smr/workspaces/mini_amr/amrROS2_ws/install/python_pkg/lib/python3.12/site-packages:/home/smr/workspaces/mini_amr/amrROS2_ws/install/action_autodock/lib/python3.12/site-packages:/opt/ros/jazzy/lib/python3.12/site-packages /usr/bin/cmake --build /home/smr/workspaces/mini_amr/amrROS2_ws/build/dock_lidar -- -j8 -l8
[0.312s] -- Found ament_cmake: 2.5.4 (/opt/ros/jazzy/share/ament_cmake/cmake)
[0.872s] -- Found geometry_msgs: 5.3.6 (/opt/ros/jazzy/share/geometry_msgs/cmake)
[0.953s] -- Found rosidl_generator_c: 4.6.5 (/opt/ros/jazzy/share/rosidl_generator_c/cmake)
[0.976s] -- Found rosidl_generator_cpp: 4.6.5 (/opt/ros/jazzy/share/rosidl_generator_cpp/cmake)
[1.008s] -- Using all available rosidl_typesupport_c: rosidl_typesupport_fastrtps_c;rosidl_typesupport_introspection_c
[1.038s] -- Using all available rosidl_typesupport_cpp: rosidl_typesupport_fastrtps_cpp;rosidl_typesupport_introspection_cpp
[1.125s] -- Found tf2: 0.36.10 (/opt/ros/jazzy/share/tf2/cmake)
[1.133s] -- Found tf2_ros: 0.36.10 (/opt/ros/jazzy/share/tf2_ros/cmake)
[1.313s] -- Found rmw_implementation_cmake: 7.3.2 (/opt/ros/jazzy/share/rmw_implementation_cmake/cmake)
[1.318s] -- Found rmw_cyclonedds_cpp: 2.2.3 (/opt/ros/jazzy/share/rmw_cyclonedds_cpp/cmake)
[1.376s] -- Using RMW implementation 'rmw_cyclonedds_cpp' as default
[1.642s] -- Found tf2_geometry_msgs: 0.36.10 (/opt/ros/jazzy/share/tf2_geometry_msgs/cmake)
[1.652s] -- Found eigen3_cmake_module: 0.3.0 (/opt/ros/jazzy/share/eigen3_cmake_module/cmake)
[1.654s] -- Ensuring Eigen3 include directory is part of orocos-kdl CMake target
[1.658s] -- Found angles: 1.16.0 (/opt/ros/jazzy/share/angles/cmake)
[1.662s] -- Found sensor_msgs: 5.3.6 (/opt/ros/jazzy/share/sensor_msgs/cmake)
[1.706s] -- Found rclpy: 7.1.4 (/opt/ros/jazzy/share/rclpy/cmake)
[1.707s] -- Found nav_msgs: 5.3.6 (/opt/ros/jazzy/share/nav_msgs/cmake)
[1.750s] -- Found nav2_msgs: 1.3.6 (/opt/ros/jazzy/share/nav2_msgs/cmake)
[1.888s] -- Found custom_interface: 0.0.0 (/home/smr/workspaces/mini_amr/amrROS2_ws/install/custom_interface/share/custom_interface/cmake)
[1.969s] -- Found ament_lint_auto: 0.17.2 (/opt/ros/jazzy/share/ament_lint_auto/cmake)
[2.205s] -- Added test 'cppcheck' to perform static code analysis on C / C++ code
[2.206s] -- Configured cppcheck include dirs: $<BUILD_INTERFACE:/home/smr/workspaces/mini_amr/amrROS2_ws/src/autodock/dock_lidar/include>
[2.206s] -- Configured cppcheck exclude dirs and/or files: 
[2.207s] -- Added test 'flake8' to check Python code syntax and style conventions
[2.207s] -- Configured 'flake8' exclude dirs and/or files: 
[2.208s] -- Added test 'lint_cmake' to check CMake code style
[2.208s] -- Added test 'pep257' to check Python code against some of the docstring style conventions in PEP 257
[2.210s] -- Added test 'uncrustify' to check C / C++ code style
[2.211s] -- Configured uncrustify additional arguments: 
[2.211s] -- Added test 'xmllint' to check XML markup files
[2.215s] -- Configuring done (1.9s)
[2.264s] -- Generating done (0.0s)
[2.277s] -- Build files have been written to: /home/smr/workspaces/mini_amr/amrROS2_ws/build/dock_lidar
[2.609s] [ 14%] [32mBuilding CXX object CMakeFiles/dock_coordinates.dir/src/dock_coordinates.cpp.o[0m
[2.610s] [ 28%] [32mBuilding CXX object CMakeFiles/dock_coordinates.dir/src/laser_processor.cpp.o[0m
[2.615s] [ 42%] [32mBuilding CXX object CMakeFiles/dock_coordinates.dir/src/icp_2d.cpp.o[0m
[2.619s] [ 57%] [32mBuilding CXX object CMakeFiles/dock_coordinates.dir/src/tf2listener.cpp.o[0m
[2.633s] [ 71%] [32mBuilding CXX object CMakeFiles/dock_coordinates.dir/src/linear_pose_filter_2d.cpp.o[0m
[2.634s] [ 85%] [32mBuilding CXX object CMakeFiles/dock_coordinates.dir/src/perception.cpp.o[0m
[81.653s] [100%] [32m[1mLinking CXX executable dock_coordinates[0m
[84.018s] [100%] Built target dock_coordinates
[84.132s] Invoked command in '/home/smr/workspaces/mini_amr/amrROS2_ws/build/dock_lidar' returned '0': CMAKE_PREFIX_PATH=/home/smr/workspaces/mini_amr/amrROS2_ws/install/custom_interface:/home/smr/workspaces/mini_amr/amrROS2_ws/install/sllidar_ros2:/home/smr/workspaces/mini_amr/amrROS2_ws/install/robot_hardware_interface:/home/smr/workspaces/mini_amr/amrROS2_ws/install/navigation:/home/smr/workspaces/mini_amr/amrROS2_ws/install/dock_lidar:/home/smr/workspaces/mini_amr/amrROS2_ws/install/description:/home/smr/workspaces/mini_amr/amrROS2_ws/install/bringup:/opt/ros/jazzy/opt/gz_sim_vendor:/opt/ros/jazzy/opt/gz_sensors_vendor:/opt/ros/jazzy/opt/gz_physics_vendor:/opt/ros/jazzy/opt/sdformat_vendor:/opt/ros/jazzy/opt/gz_gui_vendor:/opt/ros/jazzy/opt/gz_transport_vendor:/opt/ros/jazzy/opt/gz_rendering_vendor:/opt/ros/jazzy/opt/gz_plugin_vendor:/opt/ros/jazzy/opt/gz_fuel_tools_vendor:/opt/ros/jazzy/opt/gz_msgs_vendor:/opt/ros/jazzy/opt/gz_common_vendor:/opt/ros/jazzy/opt/gz_math_vendor:/opt/ros/jazzy/opt/gz_utils_vendor:/opt/ros/jazzy/opt/gz_tools_vendor:/opt/ros/jazzy/opt/gz_ogre_next_vendor:/opt/ros/jazzy/opt/gz_dartsim_vendor:/opt/ros/jazzy/opt/gz_cmake_vendor:/home/smr/workspaces/mini_amr/amrROS2_ws/install/python_pkg:/home/smr/workspaces/mini_amr/amrROS2_ws/install/action_autodock:/opt/ros/jazzy DEBUGINFOD_URLS=https://debuginfod.ubuntu.com PYTHONPATH=/home/smr/workspaces/mini_amr/amrROS2_ws/install/custom_interface/lib/python3.12/site-packages:/home/smr/workspaces/mini_amr/amrROS2_ws/install/python_pkg/lib/python3.12/site-packages:/home/smr/workspaces/mini_amr/amrROS2_ws/install/action_autodock/lib/python3.12/site-packages:/opt/ros/jazzy/lib/python3.12/site-packages /usr/bin/cmake --build /home/smr/workspaces/mini_amr/amrROS2_ws/build/dock_lidar -- -j8 -l8
[84.173s] Invoking command in '/home/smr/workspaces/mini_amr/amrROS2_ws/build/dock_lidar': CMAKE_PREFIX_PATH=/home/smr/workspaces/mini_amr/amrROS2_ws/install/custom_interface:/home/smr/workspaces/mini_amr/amrROS2_ws/install/sllidar_ros2:/home/smr/workspaces/mini_amr/amrROS2_ws/install/robot_hardware_interface:/home/smr/workspaces/mini_amr/amrROS2_ws/install/navigation:/home/smr/workspaces/mini_amr/amrROS2_ws/install/dock_lidar:/home/smr/workspaces/mini_amr/amrROS2_ws/install/description:/home/smr/workspaces/mini_amr/amrROS2_ws/install/bringup:/opt/ros/jazzy/opt/gz_sim_vendor:/opt/ros/jazzy/opt/gz_sensors_vendor:/opt/ros/jazzy/opt/gz_physics_vendor:/opt/ros/jazzy/opt/sdformat_vendor:/opt/ros/jazzy/opt/gz_gui_vendor:/opt/ros/jazzy/opt/gz_transport_vendor:/opt/ros/jazzy/opt/gz_rendering_vendor:/opt/ros/jazzy/opt/gz_plugin_vendor:/opt/ros/jazzy/opt/gz_fuel_tools_vendor:/opt/ros/jazzy/opt/gz_msgs_vendor:/opt/ros/jazzy/opt/gz_common_vendor:/opt/ros/jazzy/opt/gz_math_vendor:/opt/ros/jazzy/opt/gz_utils_vendor:/opt/ros/jazzy/opt/gz_tools_vendor:/opt/ros/jazzy/opt/gz_ogre_next_vendor:/opt/ros/jazzy/opt/gz_dartsim_vendor:/opt/ros/jazzy/opt/gz_cmake_vendor:/home/smr/workspaces/mini_amr/amrROS2_ws/install/python_pkg:/home/smr/workspaces/mini_amr/amrROS2_ws/install/action_autodock:/opt/ros/jazzy DEBUGINFOD_URLS=https://debuginfod.ubuntu.com PYTHONPATH=/home/smr/workspaces/mini_amr/amrROS2_ws/install/custom_interface/lib/python3.12/site-packages:/home/smr/workspaces/mini_amr/amrROS2_ws/install/python_pkg/lib/python3.12/site-packages:/home/smr/workspaces/mini_amr/amrROS2_ws/install/action_autodock/lib/python3.12/site-packages:/opt/ros/jazzy/lib/python3.12/site-packages /usr/bin/cmake --install /home/smr/workspaces/mini_amr/amrROS2_ws/build/dock_lidar
[84.202s] -- Install configuration: ""
[84.202s] -- Up-to-date: /home/smr/workspaces/mini_amr/amrROS2_ws/install/dock_lidar/include
[84.202s] -- Up-to-date: /home/smr/workspaces/mini_amr/amrROS2_ws/install/dock_lidar/include/.DS_Store
[84.202s] -- Up-to-date: /home/smr/workspaces/mini_amr/amrROS2_ws/install/dock_lidar/include/dock_lidar
[84.203s] -- Up-to-date: /home/smr/workspaces/mini_amr/amrROS2_ws/install/dock_lidar/include/dock_lidar/dock_candidate.h
[84.203s] -- Up-to-date: /home/smr/workspaces/mini_amr/amrROS2_ws/install/dock_lidar/include/dock_lidar/linear_pose_filter_2d.h
[84.203s] -- Up-to-date: /home/smr/workspaces/mini_amr/amrROS2_ws/install/dock_lidar/include/dock_lidar/tf2listener.h
[84.203s] -- Up-to-date: /home/smr/workspaces/mini_amr/amrROS2_ws/install/dock_lidar/include/dock_lidar/icp_2d.h
[84.203s] -- Up-to-date: /home/smr/workspaces/mini_amr/amrROS2_ws/install/dock_lidar/include/dock_lidar/laser_processor.h
[84.203s] -- Up-to-date: /home/smr/workspaces/mini_amr/amrROS2_ws/install/dock_lidar/include/dock_lidar/perception.h
[84.203s] -- Up-to-date: /home/smr/workspaces/mini_amr/amrROS2_ws/install/dock_lidar/share/dock_lidar/config
[84.204s] -- Up-to-date: /home/smr/workspaces/mini_amr/amrROS2_ws/install/dock_lidar/share/dock_lidar/config/dock_config.yaml
[84.206s] -- Installing: /home/smr/workspaces/mini_amr/amrROS2_ws/install/dock_lidar/lib/dock_lidar/dock_coordinates
[84.243s] -- Set non-toolchain portion of runtime path of "/home/smr/workspaces/mini_amr/amrROS2_ws/install/dock_lidar/lib/dock_lidar/dock_coordinates" to ""
[84.244s] -- Up-to-date: /home/smr/workspaces/mini_amr/amrROS2_ws/install/dock_lidar/share/dock_lidar/launch
[84.244s] -- Up-to-date: /home/smr/workspaces/mini_amr/amrROS2_ws/install/dock_lidar/share/dock_lidar/launch/dock_lidar_launch.py
[84.247s] -- Up-to-date: /home/smr/workspaces/mini_amr/amrROS2_ws/install/dock_lidar/share/ament_index/resource_index/package_run_dependencies/dock_lidar
[84.247s] -- Installing: /home/smr/workspaces/mini_amr/amrROS2_ws/install/dock_lidar/share/ament_index/resource_index/parent_prefix_path/dock_lidar
[84.255s] -- Installing: /home/smr/workspaces/mini_amr/amrROS2_ws/install/dock_lidar/share/dock_lidar/environment/ament_prefix_path.sh
[84.256s] -- Up-to-date: /home/smr/workspaces/mini_amr/amrROS2_ws/install/dock_lidar/share/dock_lidar/environment/ament_prefix_path.dsv
[84.256s] -- Installing: /home/smr/workspaces/mini_amr/amrROS2_ws/install/dock_lidar/share/dock_lidar/environment/path.sh
[84.257s] -- Up-to-date: /home/smr/workspaces/mini_amr/amrROS2_ws/install/dock_lidar/share/dock_lidar/environment/path.dsv
[84.258s] -- Up-to-date: /home/smr/workspaces/mini_amr/amrROS2_ws/install/dock_lidar/share/dock_lidar/local_setup.bash
[84.258s] -- Up-to-date: /home/smr/workspaces/mini_amr/amrROS2_ws/install/dock_lidar/share/dock_lidar/local_setup.sh
[84.259s] -- Up-to-date: /home/smr/workspaces/mini_amr/amrROS2_ws/install/dock_lidar/share/dock_lidar/local_setup.zsh
[84.259s] -- Up-to-date: /home/smr/workspaces/mini_amr/amrROS2_ws/install/dock_lidar/share/dock_lidar/local_setup.dsv
[84.260s] -- Installing: /home/smr/workspaces/mini_amr/amrROS2_ws/install/dock_lidar/share/dock_lidar/package.dsv
[84.261s] -- Up-to-date: /home/smr/workspaces/mini_amr/amrROS2_ws/install/dock_lidar/share/ament_index/resource_index/packages/dock_lidar
[84.261s] -- Up-to-date: /home/smr/workspaces/mini_amr/amrROS2_ws/install/dock_lidar/share/dock_lidar/cmake/dock_lidarConfig.cmake
[84.262s] -- Up-to-date: /home/smr/workspaces/mini_amr/amrROS2_ws/install/dock_lidar/share/dock_lidar/cmake/dock_lidarConfig-version.cmake
[84.262s] -- Up-to-date: /home/smr/workspaces/mini_amr/amrROS2_ws/install/dock_lidar/share/dock_lidar/package.xml
[84.268s] Invoked command in '/home/smr/workspaces/mini_amr/amrROS2_ws/build/dock_lidar' returned '0': CMAKE_PREFIX_PATH=/home/smr/workspaces/mini_amr/amrROS2_ws/install/custom_interface:/home/smr/workspaces/mini_amr/amrROS2_ws/install/sllidar_ros2:/home/smr/workspaces/mini_amr/amrROS2_ws/install/robot_hardware_interface:/home/smr/workspaces/mini_amr/amrROS2_ws/install/navigation:/home/smr/workspaces/mini_amr/amrROS2_ws/install/dock_lidar:/home/smr/workspaces/mini_amr/amrROS2_ws/install/description:/home/smr/workspaces/mini_amr/amrROS2_ws/install/bringup:/opt/ros/jazzy/opt/gz_sim_vendor:/opt/ros/jazzy/opt/gz_sensors_vendor:/opt/ros/jazzy/opt/gz_physics_vendor:/opt/ros/jazzy/opt/sdformat_vendor:/opt/ros/jazzy/opt/gz_gui_vendor:/opt/ros/jazzy/opt/gz_transport_vendor:/opt/ros/jazzy/opt/gz_rendering_vendor:/opt/ros/jazzy/opt/gz_plugin_vendor:/opt/ros/jazzy/opt/gz_fuel_tools_vendor:/opt/ros/jazzy/opt/gz_msgs_vendor:/opt/ros/jazzy/opt/gz_common_vendor:/opt/ros/jazzy/opt/gz_math_vendor:/opt/ros/jazzy/opt/gz_utils_vendor:/opt/ros/jazzy/opt/gz_tools_vendor:/opt/ros/jazzy/opt/gz_ogre_next_vendor:/opt/ros/jazzy/opt/gz_dartsim_vendor:/opt/ros/jazzy/opt/gz_cmake_vendor:/home/smr/workspaces/mini_amr/amrROS2_ws/install/python_pkg:/home/smr/workspaces/mini_amr/amrROS2_ws/install/action_autodock:/opt/ros/jazzy DEBUGINFOD_URLS=https://debuginfod.ubuntu.com PYTHONPATH=/home/smr/workspaces/mini_amr/amrROS2_ws/install/custom_interface/lib/python3.12/site-packages:/home/smr/workspaces/mini_amr/amrROS2_ws/install/python_pkg/lib/python3.12/site-packages:/home/smr/workspaces/mini_amr/amrROS2_ws/install/action_autodock/lib/python3.12/site-packages:/opt/ros/jazzy/lib/python3.12/site-packages /usr/bin/cmake --install /home/smr/workspaces/mini_amr/amrROS2_ws/build/dock_lidar
