[2.344s] Invoking command in '/home/smr/workspaces/mini_amr/amrROS2_ws/src/robot_data_tool': DEBUGINFOD_URLS=https://debuginfod.ubuntu.com PYTHONPATH=/home/smr/workspaces/mini_amr/amrROS2_ws/build/robot_data_tool/prefix_override:/usr/lib/python3/dist-packages/colcon_core/task/python/colcon_distutils_commands:/home/smr/workspaces/mini_amr/amrROS2_ws/install/robot_data_tool/lib/python3.12/site-packages:${PYTHONPATH} /usr/bin/python3 -W ignore:setup.py install is deprecated -W ignore:easy_install command is deprecated setup.py egg_info --egg-base ../../build/robot_data_tool build --build-base /home/smr/workspaces/mini_amr/amrROS2_ws/build/robot_data_tool/build install --record /home/smr/workspaces/mini_amr/amrROS2_ws/build/robot_data_tool/install.log --single-version-externally-managed install_data
[2.766s] running egg_info
[2.795s] writing ../../build/robot_data_tool/robot_data_tool.egg-info/PKG-INFO
[2.796s] writing dependency_links to ../../build/robot_data_tool/robot_data_tool.egg-info/dependency_links.txt
[2.797s] writing entry points to ../../build/robot_data_tool/robot_data_tool.egg-info/entry_points.txt
[2.798s] writing requirements to ../../build/robot_data_tool/robot_data_tool.egg-info/requires.txt
[2.798s] writing top-level names to ../../build/robot_data_tool/robot_data_tool.egg-info/top_level.txt
[2.860s] reading manifest file '../../build/robot_data_tool/robot_data_tool.egg-info/SOURCES.txt'
[2.861s] writing manifest file '../../build/robot_data_tool/robot_data_tool.egg-info/SOURCES.txt'
[2.862s] running build
[2.862s] running build_py
[2.863s] running install
[2.877s] running install_lib
[2.909s] running install_data
[2.909s] running install_egg_info
[2.941s] removing '/home/smr/workspaces/mini_amr/amrROS2_ws/install/robot_data_tool/lib/python3.12/site-packages/robot_data_tool-0.0.0-py3.12.egg-info' (and everything under it)
[2.942s] Copying ../../build/robot_data_tool/robot_data_tool.egg-info to /home/smr/workspaces/mini_amr/amrROS2_ws/install/robot_data_tool/lib/python3.12/site-packages/robot_data_tool-0.0.0-py3.12.egg-info
[2.944s] running install_scripts
[3.160s] Installing absolute_origin_laser script to /home/smr/workspaces/mini_amr/amrROS2_ws/install/robot_data_tool/lib/robot_data_tool
[3.160s] Installing map_pose_provider script to /home/smr/workspaces/mini_amr/amrROS2_ws/install/robot_data_tool/lib/robot_data_tool
[3.161s] Installing publish_robot_pose script to /home/smr/workspaces/mini_amr/amrROS2_ws/install/robot_data_tool/lib/robot_data_tool
[3.162s] Installing robot_detail script to /home/smr/workspaces/mini_amr/amrROS2_ws/install/robot_data_tool/lib/robot_data_tool
[3.162s] writing list of installed files to '/home/smr/workspaces/mini_amr/amrROS2_ws/build/robot_data_tool/install.log'
[3.254s] Invoked command in '/home/smr/workspaces/mini_amr/amrROS2_ws/src/robot_data_tool' returned '0': DEBUGINFOD_URLS=https://debuginfod.ubuntu.com PYTHONPATH=/home/smr/workspaces/mini_amr/amrROS2_ws/build/robot_data_tool/prefix_override:/usr/lib/python3/dist-packages/colcon_core/task/python/colcon_distutils_commands:/home/smr/workspaces/mini_amr/amrROS2_ws/install/robot_data_tool/lib/python3.12/site-packages:${PYTHONPATH} /usr/bin/python3 -W ignore:setup.py install is deprecated -W ignore:easy_install command is deprecated setup.py egg_info --egg-base ../../build/robot_data_tool build --build-base /home/smr/workspaces/mini_amr/amrROS2_ws/build/robot_data_tool/build install --record /home/smr/workspaces/mini_amr/amrROS2_ws/build/robot_data_tool/install.log --single-version-externally-managed install_data
