[1.642s] Invoking command in '/home/smr/workspaces/mini_amr/amrROS2_ws/src/wis_pkg': DEBUGINFOD_URLS=https://debuginfod.ubuntu.com PYTHONPATH=/home/smr/workspaces/mini_amr/amrROS2_ws/build/wis_pkg/prefix_override:/usr/lib/python3/dist-packages/colcon_core/task/python/colcon_distutils_commands:/home/smr/workspaces/mini_amr/amrROS2_ws/install/wis_pkg/lib/python3.12/site-packages:${PYTHONPATH} /usr/bin/python3 -W ignore:setup.py install is deprecated -W ignore:easy_install command is deprecated setup.py egg_info --egg-base ../../build/wis_pkg build --build-base /home/smr/workspaces/mini_amr/amrROS2_ws/build/wis_pkg/build install --record /home/smr/workspaces/mini_amr/amrROS2_ws/build/wis_pkg/install.log --single-version-externally-managed install_data
[2.090s] running egg_info
[2.121s] writing ../../build/wis_pkg/wis_pkg.egg-info/PKG-INFO
[2.121s] writing dependency_links to ../../build/wis_pkg/wis_pkg.egg-info/dependency_links.txt
[2.122s] writing entry points to ../../build/wis_pkg/wis_pkg.egg-info/entry_points.txt
[2.122s] writing requirements to ../../build/wis_pkg/wis_pkg.egg-info/requires.txt
[2.123s] writing top-level names to ../../build/wis_pkg/wis_pkg.egg-info/top_level.txt
[2.182s] reading manifest file '../../build/wis_pkg/wis_pkg.egg-info/SOURCES.txt'
[2.184s] writing manifest file '../../build/wis_pkg/wis_pkg.egg-info/SOURCES.txt'
[2.185s] running build
[2.186s] running build_py
[2.186s] copying wis_pkg/map_load_subscriber_node.py -> /home/smr/workspaces/mini_amr/amrROS2_ws/build/wis_pkg/build/lib/wis_pkg
[2.187s] running install
[2.197s] running install_lib
[2.228s] copying /home/smr/workspaces/mini_amr/amrROS2_ws/build/wis_pkg/build/lib/wis_pkg/map_load_subscriber_node.py -> /home/smr/workspaces/mini_amr/amrROS2_ws/install/wis_pkg/lib/python3.12/site-packages/wis_pkg
[2.231s] byte-compiling /home/smr/workspaces/mini_amr/amrROS2_ws/install/wis_pkg/lib/python3.12/site-packages/wis_pkg/map_load_subscriber_node.py to map_load_subscriber_node.cpython-312.pyc
[2.233s] running install_data
[2.233s] running install_egg_info
[2.266s] removing '/home/smr/workspaces/mini_amr/amrROS2_ws/install/wis_pkg/lib/python3.12/site-packages/wis_pkg-0.0.0-py3.12.egg-info' (and everything under it)
[2.267s] Copying ../../build/wis_pkg/wis_pkg.egg-info to /home/smr/workspaces/mini_amr/amrROS2_ws/install/wis_pkg/lib/python3.12/site-packages/wis_pkg-0.0.0-py3.12.egg-info
[2.268s] running install_scripts
[2.480s] Installing map_info script to /home/smr/workspaces/mini_amr/amrROS2_ws/install/wis_pkg/lib/wis_pkg
[2.481s] Installing map_load script to /home/smr/workspaces/mini_amr/amrROS2_ws/install/wis_pkg/lib/wis_pkg
[2.482s] Installing map_name script to /home/smr/workspaces/mini_amr/amrROS2_ws/install/wis_pkg/lib/wis_pkg
[2.482s] Installing map_nav script to /home/smr/workspaces/mini_amr/amrROS2_ws/install/wis_pkg/lib/wis_pkg
[2.483s] Installing map_save script to /home/smr/workspaces/mini_amr/amrROS2_ws/install/wis_pkg/lib/wis_pkg
[2.483s] Installing map_scan script to /home/smr/workspaces/mini_amr/amrROS2_ws/install/wis_pkg/lib/wis_pkg
[2.484s] writing list of installed files to '/home/smr/workspaces/mini_amr/amrROS2_ws/build/wis_pkg/install.log'
[2.562s] Invoked command in '/home/smr/workspaces/mini_amr/amrROS2_ws/src/wis_pkg' returned '0': DEBUGINFOD_URLS=https://debuginfod.ubuntu.com PYTHONPATH=/home/smr/workspaces/mini_amr/amrROS2_ws/build/wis_pkg/prefix_override:/usr/lib/python3/dist-packages/colcon_core/task/python/colcon_distutils_commands:/home/smr/workspaces/mini_amr/amrROS2_ws/install/wis_pkg/lib/python3.12/site-packages:${PYTHONPATH} /usr/bin/python3 -W ignore:setup.py install is deprecated -W ignore:easy_install command is deprecated setup.py egg_info --egg-base ../../build/wis_pkg build --build-base /home/smr/workspaces/mini_amr/amrROS2_ws/build/wis_pkg/build install --record /home/smr/workspaces/mini_amr/amrROS2_ws/build/wis_pkg/install.log --single-version-externally-managed install_data
