[1.413s] Invoking command in '/home/smr/workspaces/mini_amr/amrROS2_ws/src/wis_pkg': DEBUGINFOD_URLS=https://debuginfod.ubuntu.com PYTHONPATH=/home/smr/workspaces/mini_amr/amrROS2_ws/build/wis_pkg/prefix_override:/usr/lib/python3/dist-packages/colcon_core/task/python/colcon_distutils_commands:/home/smr/workspaces/mini_amr/amrROS2_ws/install/wis_pkg/lib/python3.12/site-packages:${PYTHONPATH} /usr/bin/python3 -W ignore:setup.py install is deprecated -W ignore:easy_install command is deprecated setup.py egg_info --egg-base ../../build/wis_pkg build --build-base /home/smr/workspaces/mini_amr/amrROS2_ws/build/wis_pkg/build install --record /home/smr/workspaces/mini_amr/amrROS2_ws/build/wis_pkg/install.log --single-version-externally-managed install_data
[1.831s] running egg_info
[1.861s] writing ../../build/wis_pkg/wis_pkg.egg-info/PKG-INFO
[1.861s] writing dependency_links to ../../build/wis_pkg/wis_pkg.egg-info/dependency_links.txt
[1.862s] writing entry points to ../../build/wis_pkg/wis_pkg.egg-info/entry_points.txt
[1.862s] writing requirements to ../../build/wis_pkg/wis_pkg.egg-info/requires.txt
[1.863s] writing top-level names to ../../build/wis_pkg/wis_pkg.egg-info/top_level.txt
[1.923s] reading manifest file '../../build/wis_pkg/wis_pkg.egg-info/SOURCES.txt'
[1.924s] writing manifest file '../../build/wis_pkg/wis_pkg.egg-info/SOURCES.txt'
[1.925s] running build
[1.925s] running build_py
[1.926s] running install
[1.937s] running install_lib
[1.968s] running install_data
[1.968s] copying launch/wis.launch.py -> /home/smr/workspaces/mini_amr/amrROS2_ws/install/wis_pkg/share/wis_pkg
[1.969s] running install_egg_info
[2.004s] removing '/home/smr/workspaces/mini_amr/amrROS2_ws/install/wis_pkg/lib/python3.12/site-packages/wis_pkg-0.0.0-py3.12.egg-info' (and everything under it)
[2.004s] Copying ../../build/wis_pkg/wis_pkg.egg-info to /home/smr/workspaces/mini_amr/amrROS2_ws/install/wis_pkg/lib/python3.12/site-packages/wis_pkg-0.0.0-py3.12.egg-info
[2.006s] running install_scripts
[2.209s] Installing map_info script to /home/smr/workspaces/mini_amr/amrROS2_ws/install/wis_pkg/lib/wis_pkg
[2.209s] Installing map_load script to /home/smr/workspaces/mini_amr/amrROS2_ws/install/wis_pkg/lib/wis_pkg
[2.209s] Installing map_name script to /home/smr/workspaces/mini_amr/amrROS2_ws/install/wis_pkg/lib/wis_pkg
[2.209s] Installing map_nav script to /home/smr/workspaces/mini_amr/amrROS2_ws/install/wis_pkg/lib/wis_pkg
[2.210s] Installing map_save script to /home/smr/workspaces/mini_amr/amrROS2_ws/install/wis_pkg/lib/wis_pkg
[2.210s] Installing map_scan script to /home/smr/workspaces/mini_amr/amrROS2_ws/install/wis_pkg/lib/wis_pkg
[2.210s] writing list of installed files to '/home/smr/workspaces/mini_amr/amrROS2_ws/build/wis_pkg/install.log'
[2.301s] Invoked command in '/home/smr/workspaces/mini_amr/amrROS2_ws/src/wis_pkg' returned '0': DEBUGINFOD_URLS=https://debuginfod.ubuntu.com PYTHONPATH=/home/smr/workspaces/mini_amr/amrROS2_ws/build/wis_pkg/prefix_override:/usr/lib/python3/dist-packages/colcon_core/task/python/colcon_distutils_commands:/home/smr/workspaces/mini_amr/amrROS2_ws/install/wis_pkg/lib/python3.12/site-packages:${PYTHONPATH} /usr/bin/python3 -W ignore:setup.py install is deprecated -W ignore:easy_install command is deprecated setup.py egg_info --egg-base ../../build/wis_pkg build --build-base /home/smr/workspaces/mini_amr/amrROS2_ws/build/wis_pkg/build install --record /home/smr/workspaces/mini_amr/amrROS2_ws/build/wis_pkg/install.log --single-version-externally-managed install_data
