[0.281s] DEBUG:colcon:Command line arguments: ['/usr/bin/colcon', 'build', '--packages-select', 'robot_data_tool']
[0.281s] DEBUG:colcon:Parsed command line arguments: Namespace(log_base=None, log_level=None, verb_name='build', build_base='build', install_base='install', merge_install=False, symlink_install=False, test_result_base=None, continue_on_error=False, executor='parallel', parallel_workers=8, event_handlers=None, ignore_user_meta=False, metas=['./colcon.meta'], base_paths=['.'], packages_ignore=None, packages_ignore_regex=None, paths=None, packages_up_to=None, packages_up_to_regex=None, packages_above=None, packages_above_and_dependencies=None, packages_above_depth=None, packages_select_by_dep=None, packages_skip_by_dep=None, packages_skip_up_to=None, packages_select_build_failed=False, packages_skip_build_finished=False, packages_select_test_failures=False, packages_skip_test_passed=False, packages_select=['robot_data_tool'], packages_skip=None, packages_select_regex=None, packages_skip_regex=None, packages_start=None, packages_end=None, cmake_args=None, cmake_target=None, cmake_target_skip_unavailable=False, cmake_clean_cache=False, cmake_clean_first=False, cmake_force_configure=False, ament_cmake_args=None, catkin_cmake_args=None, catkin_skip_building_tests=False, verb_parser=<colcon_defaults.argument_parser.defaults.DefaultArgumentsDecorator object at 0xffff88c92060>, verb_extension=<colcon_core.verb.build.BuildVerb object at 0xffff88c91d30>, main=<bound method BuildVerb.main of <colcon_core.verb.build.BuildVerb object at 0xffff88c91d30>>)
[0.410s] Level 1:colcon.colcon_core.package_discovery:discover_packages(colcon_meta) check parameters
[0.410s] Level 1:colcon.colcon_core.package_discovery:discover_packages(recursive) check parameters
[0.410s] Level 1:colcon.colcon_core.package_discovery:discover_packages(ignore) check parameters
[0.411s] Level 1:colcon.colcon_core.package_discovery:discover_packages(path) check parameters
[0.411s] Level 1:colcon.colcon_core.package_discovery:discover_packages(colcon_meta) discover
[0.411s] Level 1:colcon.colcon_core.package_discovery:discover_packages(recursive) discover
[0.411s] INFO:colcon.colcon_core.package_discovery:Crawling recursively for packages in '/home/smr/workspaces/mini_amr/amrROS2_ws'
[0.411s] Level 1:colcon.colcon_core.package_identification:_identify(.) by extensions ['ignore', 'ignore_ament_install']
[0.411s] Level 1:colcon.colcon_core.package_identification:_identify(.) by extension 'ignore'
[0.411s] Level 1:colcon.colcon_core.package_identification:_identify(.) by extension 'ignore_ament_install'
[0.411s] Level 1:colcon.colcon_core.package_identification:_identify(.) by extensions ['colcon_pkg']
[0.411s] Level 1:colcon.colcon_core.package_identification:_identify(.) by extension 'colcon_pkg'
[0.411s] Level 1:colcon.colcon_core.package_identification:_identify(.) by extensions ['colcon_meta']
[0.411s] Level 1:colcon.colcon_core.package_identification:_identify(.) by extension 'colcon_meta'
[0.411s] Level 1:colcon.colcon_core.package_identification:_identify(.) by extensions ['ros']
[0.411s] Level 1:colcon.colcon_core.package_identification:_identify(.) by extension 'ros'
[0.456s] Level 1:colcon.colcon_core.package_identification:_identify(.) by extensions ['cmake', 'python']
[0.456s] Level 1:colcon.colcon_core.package_identification:_identify(.) by extension 'cmake'
[0.456s] Level 1:colcon.colcon_core.package_identification:_identify(.) by extension 'python'
[0.456s] Level 1:colcon.colcon_core.package_identification:_identify(.) by extensions ['python_setup_py']
[0.456s] Level 1:colcon.colcon_core.package_identification:_identify(.) by extension 'python_setup_py'
[0.457s] Level 1:colcon.colcon_core.package_identification:_identify(build) by extensions ['ignore', 'ignore_ament_install']
[0.457s] Level 1:colcon.colcon_core.package_identification:_identify(build) by extension 'ignore'
[0.457s] Level 1:colcon.colcon_core.package_identification:_identify(build) ignored
[0.457s] Level 1:colcon.colcon_core.package_identification:_identify(install) by extensions ['ignore', 'ignore_ament_install']
[0.457s] Level 1:colcon.colcon_core.package_identification:_identify(install) by extension 'ignore'
[0.457s] Level 1:colcon.colcon_core.package_identification:_identify(install) ignored
[0.458s] Level 1:colcon.colcon_core.package_identification:_identify(log) by extensions ['ignore', 'ignore_ament_install']
[0.458s] Level 1:colcon.colcon_core.package_identification:_identify(log) by extension 'ignore'
[0.458s] Level 1:colcon.colcon_core.package_identification:_identify(log) ignored
[0.458s] Level 1:colcon.colcon_core.package_identification:_identify(maps) by extensions ['ignore', 'ignore_ament_install']
[0.458s] Level 1:colcon.colcon_core.package_identification:_identify(maps) by extension 'ignore'
[0.458s] Level 1:colcon.colcon_core.package_identification:_identify(maps) by extension 'ignore_ament_install'
[0.458s] Level 1:colcon.colcon_core.package_identification:_identify(maps) by extensions ['colcon_pkg']
[0.458s] Level 1:colcon.colcon_core.package_identification:_identify(maps) by extension 'colcon_pkg'
[0.458s] Level 1:colcon.colcon_core.package_identification:_identify(maps) by extensions ['colcon_meta']
[0.458s] Level 1:colcon.colcon_core.package_identification:_identify(maps) by extension 'colcon_meta'
[0.458s] Level 1:colcon.colcon_core.package_identification:_identify(maps) by extensions ['ros']
[0.458s] Level 1:colcon.colcon_core.package_identification:_identify(maps) by extension 'ros'
[0.459s] Level 1:colcon.colcon_core.package_identification:_identify(maps) by extensions ['cmake', 'python']
[0.459s] Level 1:colcon.colcon_core.package_identification:_identify(maps) by extension 'cmake'
[0.459s] Level 1:colcon.colcon_core.package_identification:_identify(maps) by extension 'python'
[0.459s] Level 1:colcon.colcon_core.package_identification:_identify(maps) by extensions ['python_setup_py']
[0.459s] Level 1:colcon.colcon_core.package_identification:_identify(maps) by extension 'python_setup_py'
[0.459s] Level 1:colcon.colcon_core.package_identification:_identify(src) by extensions ['ignore', 'ignore_ament_install']
[0.459s] Level 1:colcon.colcon_core.package_identification:_identify(src) by extension 'ignore'
[0.459s] Level 1:colcon.colcon_core.package_identification:_identify(src) by extension 'ignore_ament_install'
[0.459s] Level 1:colcon.colcon_core.package_identification:_identify(src) by extensions ['colcon_pkg']
[0.459s] Level 1:colcon.colcon_core.package_identification:_identify(src) by extension 'colcon_pkg'
[0.459s] Level 1:colcon.colcon_core.package_identification:_identify(src) by extensions ['colcon_meta']
[0.459s] Level 1:colcon.colcon_core.package_identification:_identify(src) by extension 'colcon_meta'
[0.459s] Level 1:colcon.colcon_core.package_identification:_identify(src) by extensions ['ros']
[0.459s] Level 1:colcon.colcon_core.package_identification:_identify(src) by extension 'ros'
[0.459s] Level 1:colcon.colcon_core.package_identification:_identify(src) by extensions ['cmake', 'python']
[0.459s] Level 1:colcon.colcon_core.package_identification:_identify(src) by extension 'cmake'
[0.460s] Level 1:colcon.colcon_core.package_identification:_identify(src) by extension 'python'
[0.460s] Level 1:colcon.colcon_core.package_identification:_identify(src) by extensions ['python_setup_py']
[0.460s] Level 1:colcon.colcon_core.package_identification:_identify(src) by extension 'python_setup_py'
[0.460s] Level 1:colcon.colcon_core.package_identification:_identify(src/autodock) by extensions ['ignore', 'ignore_ament_install']
[0.460s] Level 1:colcon.colcon_core.package_identification:_identify(src/autodock) by extension 'ignore'
[0.461s] Level 1:colcon.colcon_core.package_identification:_identify(src/autodock) by extension 'ignore_ament_install'
[0.461s] Level 1:colcon.colcon_core.package_identification:_identify(src/autodock) by extensions ['colcon_pkg']
[0.461s] Level 1:colcon.colcon_core.package_identification:_identify(src/autodock) by extension 'colcon_pkg'
[0.461s] Level 1:colcon.colcon_core.package_identification:_identify(src/autodock) by extensions ['colcon_meta']
[0.461s] Level 1:colcon.colcon_core.package_identification:_identify(src/autodock) by extension 'colcon_meta'
[0.461s] Level 1:colcon.colcon_core.package_identification:_identify(src/autodock) by extensions ['ros']
[0.461s] Level 1:colcon.colcon_core.package_identification:_identify(src/autodock) by extension 'ros'
[0.461s] Level 1:colcon.colcon_core.package_identification:_identify(src/autodock) by extensions ['cmake', 'python']
[0.461s] Level 1:colcon.colcon_core.package_identification:_identify(src/autodock) by extension 'cmake'
[0.462s] Level 1:colcon.colcon_core.package_identification:_identify(src/autodock) by extension 'python'
[0.462s] Level 1:colcon.colcon_core.package_identification:_identify(src/autodock) by extensions ['python_setup_py']
[0.462s] Level 1:colcon.colcon_core.package_identification:_identify(src/autodock) by extension 'python_setup_py'
[0.462s] Level 1:colcon.colcon_core.package_identification:_identify(src/autodock/action_autodock) by extensions ['ignore', 'ignore_ament_install']
[0.463s] Level 1:colcon.colcon_core.package_identification:_identify(src/autodock/action_autodock) by extension 'ignore'
[0.463s] Level 1:colcon.colcon_core.package_identification:_identify(src/autodock/action_autodock) by extension 'ignore_ament_install'
[0.463s] Level 1:colcon.colcon_core.package_identification:_identify(src/autodock/action_autodock) by extensions ['colcon_pkg']
[0.463s] Level 1:colcon.colcon_core.package_identification:_identify(src/autodock/action_autodock) by extension 'colcon_pkg'
[0.463s] Level 1:colcon.colcon_core.package_identification:_identify(src/autodock/action_autodock) by extensions ['colcon_meta']
[0.463s] Level 1:colcon.colcon_core.package_identification:_identify(src/autodock/action_autodock) by extension 'colcon_meta'
[0.463s] Level 1:colcon.colcon_core.package_identification:_identify(src/autodock/action_autodock) by extensions ['ros']
[0.463s] Level 1:colcon.colcon_core.package_identification:_identify(src/autodock/action_autodock) by extension 'ros'
[0.469s] DEBUG:colcon.colcon_core.package_identification:Package 'src/autodock/action_autodock' with type 'ros.ament_python' and name 'action_autodock'
[0.470s] Level 1:colcon.colcon_core.package_identification:_identify(src/autodock/custom_interface) by extensions ['ignore', 'ignore_ament_install']
[0.470s] Level 1:colcon.colcon_core.package_identification:_identify(src/autodock/custom_interface) by extension 'ignore'
[0.470s] Level 1:colcon.colcon_core.package_identification:_identify(src/autodock/custom_interface) by extension 'ignore_ament_install'
[0.470s] Level 1:colcon.colcon_core.package_identification:_identify(src/autodock/custom_interface) by extensions ['colcon_pkg']
[0.470s] Level 1:colcon.colcon_core.package_identification:_identify(src/autodock/custom_interface) by extension 'colcon_pkg'
[0.470s] Level 1:colcon.colcon_core.package_identification:_identify(src/autodock/custom_interface) by extensions ['colcon_meta']
[0.471s] Level 1:colcon.colcon_core.package_identification:_identify(src/autodock/custom_interface) by extension 'colcon_meta'
[0.471s] Level 1:colcon.colcon_core.package_identification:_identify(src/autodock/custom_interface) by extensions ['ros']
[0.471s] Level 1:colcon.colcon_core.package_identification:_identify(src/autodock/custom_interface) by extension 'ros'
[0.472s] DEBUG:colcon.colcon_core.package_identification:Package 'src/autodock/custom_interface' with type 'ros.ament_cmake' and name 'custom_interface'
[0.473s] Level 1:colcon.colcon_core.package_identification:_identify(src/autodock/dock_lidar) by extensions ['ignore', 'ignore_ament_install']
[0.473s] Level 1:colcon.colcon_core.package_identification:_identify(src/autodock/dock_lidar) by extension 'ignore'
[0.473s] Level 1:colcon.colcon_core.package_identification:_identify(src/autodock/dock_lidar) by extension 'ignore_ament_install'
[0.473s] Level 1:colcon.colcon_core.package_identification:_identify(src/autodock/dock_lidar) by extensions ['colcon_pkg']
[0.473s] Level 1:colcon.colcon_core.package_identification:_identify(src/autodock/dock_lidar) by extension 'colcon_pkg'
[0.473s] Level 1:colcon.colcon_core.package_identification:_identify(src/autodock/dock_lidar) by extensions ['colcon_meta']
[0.473s] Level 1:colcon.colcon_core.package_identification:_identify(src/autodock/dock_lidar) by extension 'colcon_meta'
[0.473s] Level 1:colcon.colcon_core.package_identification:_identify(src/autodock/dock_lidar) by extensions ['ros']
[0.473s] Level 1:colcon.colcon_core.package_identification:_identify(src/autodock/dock_lidar) by extension 'ros'
[0.476s] DEBUG:colcon.colcon_core.package_identification:Package 'src/autodock/dock_lidar' with type 'ros.ament_cmake' and name 'dock_lidar'
[0.477s] Level 1:colcon.colcon_core.package_identification:_identify(src/bringup) by extensions ['ignore', 'ignore_ament_install']
[0.477s] Level 1:colcon.colcon_core.package_identification:_identify(src/bringup) by extension 'ignore'
[0.477s] Level 1:colcon.colcon_core.package_identification:_identify(src/bringup) by extension 'ignore_ament_install'
[0.477s] Level 1:colcon.colcon_core.package_identification:_identify(src/bringup) by extensions ['colcon_pkg']
[0.477s] Level 1:colcon.colcon_core.package_identification:_identify(src/bringup) by extension 'colcon_pkg'
[0.477s] Level 1:colcon.colcon_core.package_identification:_identify(src/bringup) by extensions ['colcon_meta']
[0.477s] Level 1:colcon.colcon_core.package_identification:_identify(src/bringup) by extension 'colcon_meta'
[0.477s] Level 1:colcon.colcon_core.package_identification:_identify(src/bringup) by extensions ['ros']
[0.477s] Level 1:colcon.colcon_core.package_identification:_identify(src/bringup) by extension 'ros'
[0.479s] DEBUG:colcon.colcon_core.package_identification:Package 'src/bringup' with type 'ros.ament_cmake' and name 'bringup'
[0.479s] Level 1:colcon.colcon_core.package_identification:_identify(src/description) by extensions ['ignore', 'ignore_ament_install']
[0.479s] Level 1:colcon.colcon_core.package_identification:_identify(src/description) by extension 'ignore'
[0.479s] Level 1:colcon.colcon_core.package_identification:_identify(src/description) by extension 'ignore_ament_install'
[0.480s] Level 1:colcon.colcon_core.package_identification:_identify(src/description) by extensions ['colcon_pkg']
[0.480s] Level 1:colcon.colcon_core.package_identification:_identify(src/description) by extension 'colcon_pkg'
[0.480s] Level 1:colcon.colcon_core.package_identification:_identify(src/description) by extensions ['colcon_meta']
[0.480s] Level 1:colcon.colcon_core.package_identification:_identify(src/description) by extension 'colcon_meta'
[0.480s] Level 1:colcon.colcon_core.package_identification:_identify(src/description) by extensions ['ros']
[0.480s] Level 1:colcon.colcon_core.package_identification:_identify(src/description) by extension 'ros'
[0.481s] DEBUG:colcon.colcon_core.package_identification:Package 'src/description' with type 'ros.ament_cmake' and name 'description'
[0.481s] Level 1:colcon.colcon_core.package_identification:_identify(src/navigation) by extensions ['ignore', 'ignore_ament_install']
[0.481s] Level 1:colcon.colcon_core.package_identification:_identify(src/navigation) by extension 'ignore'
[0.481s] Level 1:colcon.colcon_core.package_identification:_identify(src/navigation) by extension 'ignore_ament_install'
[0.482s] Level 1:colcon.colcon_core.package_identification:_identify(src/navigation) by extensions ['colcon_pkg']
[0.482s] Level 1:colcon.colcon_core.package_identification:_identify(src/navigation) by extension 'colcon_pkg'
[0.482s] Level 1:colcon.colcon_core.package_identification:_identify(src/navigation) by extensions ['colcon_meta']
[0.482s] Level 1:colcon.colcon_core.package_identification:_identify(src/navigation) by extension 'colcon_meta'
[0.482s] Level 1:colcon.colcon_core.package_identification:_identify(src/navigation) by extensions ['ros']
[0.482s] Level 1:colcon.colcon_core.package_identification:_identify(src/navigation) by extension 'ros'
[0.483s] DEBUG:colcon.colcon_core.package_identification:Package 'src/navigation' with type 'ros.ament_cmake' and name 'navigation'
[0.483s] Level 1:colcon.colcon_core.package_identification:_identify(src/python_pkg) by extensions ['ignore', 'ignore_ament_install']
[0.483s] Level 1:colcon.colcon_core.package_identification:_identify(src/python_pkg) by extension 'ignore'
[0.484s] Level 1:colcon.colcon_core.package_identification:_identify(src/python_pkg) by extension 'ignore_ament_install'
[0.484s] Level 1:colcon.colcon_core.package_identification:_identify(src/python_pkg) by extensions ['colcon_pkg']
[0.484s] Level 1:colcon.colcon_core.package_identification:_identify(src/python_pkg) by extension 'colcon_pkg'
[0.484s] Level 1:colcon.colcon_core.package_identification:_identify(src/python_pkg) by extensions ['colcon_meta']
[0.484s] Level 1:colcon.colcon_core.package_identification:_identify(src/python_pkg) by extension 'colcon_meta'
[0.484s] Level 1:colcon.colcon_core.package_identification:_identify(src/python_pkg) by extensions ['ros']
[0.484s] Level 1:colcon.colcon_core.package_identification:_identify(src/python_pkg) by extension 'ros'
[0.485s] DEBUG:colcon.colcon_core.package_identification:Package 'src/python_pkg' with type 'ros.ament_python' and name 'python_pkg'
[0.485s] Level 1:colcon.colcon_core.package_identification:_identify(src/robot_data_tool) by extensions ['ignore', 'ignore_ament_install']
[0.486s] Level 1:colcon.colcon_core.package_identification:_identify(src/robot_data_tool) by extension 'ignore'
[0.486s] Level 1:colcon.colcon_core.package_identification:_identify(src/robot_data_tool) by extension 'ignore_ament_install'
[0.486s] Level 1:colcon.colcon_core.package_identification:_identify(src/robot_data_tool) by extensions ['colcon_pkg']
[0.486s] Level 1:colcon.colcon_core.package_identification:_identify(src/robot_data_tool) by extension 'colcon_pkg'
[0.486s] Level 1:colcon.colcon_core.package_identification:_identify(src/robot_data_tool) by extensions ['colcon_meta']
[0.486s] Level 1:colcon.colcon_core.package_identification:_identify(src/robot_data_tool) by extension 'colcon_meta'
[0.486s] Level 1:colcon.colcon_core.package_identification:_identify(src/robot_data_tool) by extensions ['ros']
[0.486s] Level 1:colcon.colcon_core.package_identification:_identify(src/robot_data_tool) by extension 'ros'
[0.487s] DEBUG:colcon.colcon_core.package_identification:Package 'src/robot_data_tool' with type 'ros.ament_python' and name 'robot_data_tool'
[0.488s] Level 1:colcon.colcon_core.package_identification:_identify(src/robot_hardware_interface) by extensions ['ignore', 'ignore_ament_install']
[0.488s] Level 1:colcon.colcon_core.package_identification:_identify(src/robot_hardware_interface) by extension 'ignore'
[0.488s] Level 1:colcon.colcon_core.package_identification:_identify(src/robot_hardware_interface) by extension 'ignore_ament_install'
[0.488s] Level 1:colcon.colcon_core.package_identification:_identify(src/robot_hardware_interface) by extensions ['colcon_pkg']
[0.488s] Level 1:colcon.colcon_core.package_identification:_identify(src/robot_hardware_interface) by extension 'colcon_pkg'
[0.488s] Level 1:colcon.colcon_core.package_identification:_identify(src/robot_hardware_interface) by extensions ['colcon_meta']
[0.488s] Level 1:colcon.colcon_core.package_identification:_identify(src/robot_hardware_interface) by extension 'colcon_meta'
[0.488s] Level 1:colcon.colcon_core.package_identification:_identify(src/robot_hardware_interface) by extensions ['ros']
[0.488s] Level 1:colcon.colcon_core.package_identification:_identify(src/robot_hardware_interface) by extension 'ros'
[0.492s] DEBUG:colcon.colcon_core.package_identification:Package 'src/robot_hardware_interface' with type 'ros.ament_cmake' and name 'robot_hardware_interface'
[0.493s] Level 1:colcon.colcon_core.package_identification:_identify(src/sllidar_ros2) by extensions ['ignore', 'ignore_ament_install']
[0.493s] Level 1:colcon.colcon_core.package_identification:_identify(src/sllidar_ros2) by extension 'ignore'
[0.494s] Level 1:colcon.colcon_core.package_identification:_identify(src/sllidar_ros2) by extension 'ignore_ament_install'
[0.494s] Level 1:colcon.colcon_core.package_identification:_identify(src/sllidar_ros2) by extensions ['colcon_pkg']
[0.494s] Level 1:colcon.colcon_core.package_identification:_identify(src/sllidar_ros2) by extension 'colcon_pkg'
[0.494s] Level 1:colcon.colcon_core.package_identification:_identify(src/sllidar_ros2) by extensions ['colcon_meta']
[0.494s] Level 1:colcon.colcon_core.package_identification:_identify(src/sllidar_ros2) by extension 'colcon_meta'
[0.494s] Level 1:colcon.colcon_core.package_identification:_identify(src/sllidar_ros2) by extensions ['ros']
[0.494s] Level 1:colcon.colcon_core.package_identification:_identify(src/sllidar_ros2) by extension 'ros'
[0.496s] DEBUG:colcon.colcon_core.package_identification:Package 'src/sllidar_ros2' with type 'ros.ament_cmake' and name 'sllidar_ros2'
[0.496s] Level 1:colcon.colcon_core.package_identification:_identify(src/src) by extensions ['ignore', 'ignore_ament_install']
[0.496s] Level 1:colcon.colcon_core.package_identification:_identify(src/src) by extension 'ignore'
[0.496s] Level 1:colcon.colcon_core.package_identification:_identify(src/src) by extension 'ignore_ament_install'
[0.496s] Level 1:colcon.colcon_core.package_identification:_identify(src/src) by extensions ['colcon_pkg']
[0.496s] Level 1:colcon.colcon_core.package_identification:_identify(src/src) by extension 'colcon_pkg'
[0.496s] Level 1:colcon.colcon_core.package_identification:_identify(src/src) by extensions ['colcon_meta']
[0.496s] Level 1:colcon.colcon_core.package_identification:_identify(src/src) by extension 'colcon_meta'
[0.497s] Level 1:colcon.colcon_core.package_identification:_identify(src/src) by extensions ['ros']
[0.497s] Level 1:colcon.colcon_core.package_identification:_identify(src/src) by extension 'ros'
[0.497s] Level 1:colcon.colcon_core.package_identification:_identify(src/src) by extensions ['cmake', 'python']
[0.497s] Level 1:colcon.colcon_core.package_identification:_identify(src/src) by extension 'cmake'
[0.497s] Level 1:colcon.colcon_core.package_identification:_identify(src/src) by extension 'python'
[0.497s] Level 1:colcon.colcon_core.package_identification:_identify(src/src) by extensions ['python_setup_py']
[0.497s] Level 1:colcon.colcon_core.package_identification:_identify(src/src) by extension 'python_setup_py'
[0.497s] Level 1:colcon.colcon_core.package_identification:_identify(src/src/micro_ros_setup) by extensions ['ignore', 'ignore_ament_install']
[0.497s] Level 1:colcon.colcon_core.package_identification:_identify(src/src/micro_ros_setup) by extension 'ignore'
[0.497s] Level 1:colcon.colcon_core.package_identification:_identify(src/src/micro_ros_setup) by extension 'ignore_ament_install'
[0.498s] Level 1:colcon.colcon_core.package_identification:_identify(src/src/micro_ros_setup) by extensions ['colcon_pkg']
[0.498s] Level 1:colcon.colcon_core.package_identification:_identify(src/src/micro_ros_setup) by extension 'colcon_pkg'
[0.498s] Level 1:colcon.colcon_core.package_identification:_identify(src/src/micro_ros_setup) by extensions ['colcon_meta']
[0.498s] Level 1:colcon.colcon_core.package_identification:_identify(src/src/micro_ros_setup) by extension 'colcon_meta'
[0.498s] Level 1:colcon.colcon_core.package_identification:_identify(src/src/micro_ros_setup) by extensions ['ros']
[0.498s] Level 1:colcon.colcon_core.package_identification:_identify(src/src/micro_ros_setup) by extension 'ros'
[0.498s] Level 1:colcon.colcon_core.package_identification:_identify(src/src/micro_ros_setup) by extensions ['cmake', 'python']
[0.498s] Level 1:colcon.colcon_core.package_identification:_identify(src/src/micro_ros_setup) by extension 'cmake'
[0.498s] Level 1:colcon.colcon_core.package_identification:_identify(src/src/micro_ros_setup) by extension 'python'
[0.498s] Level 1:colcon.colcon_core.package_identification:_identify(src/src/micro_ros_setup) by extensions ['python_setup_py']
[0.498s] Level 1:colcon.colcon_core.package_identification:_identify(src/src/micro_ros_setup) by extension 'python_setup_py'
[0.498s] Level 1:colcon.colcon_core.package_identification:_identify(src/wis_pkg) by extensions ['ignore', 'ignore_ament_install']
[0.498s] Level 1:colcon.colcon_core.package_identification:_identify(src/wis_pkg) by extension 'ignore'
[0.498s] Level 1:colcon.colcon_core.package_identification:_identify(src/wis_pkg) by extension 'ignore_ament_install'
[0.498s] Level 1:colcon.colcon_core.package_identification:_identify(src/wis_pkg) by extensions ['colcon_pkg']
[0.498s] Level 1:colcon.colcon_core.package_identification:_identify(src/wis_pkg) by extension 'colcon_pkg'
[0.499s] Level 1:colcon.colcon_core.package_identification:_identify(src/wis_pkg) by extensions ['colcon_meta']
[0.499s] Level 1:colcon.colcon_core.package_identification:_identify(src/wis_pkg) by extension 'colcon_meta'
[0.499s] Level 1:colcon.colcon_core.package_identification:_identify(src/wis_pkg) by extensions ['ros']
[0.499s] Level 1:colcon.colcon_core.package_identification:_identify(src/wis_pkg) by extension 'ros'
[0.500s] DEBUG:colcon.colcon_core.package_identification:Package 'src/wis_pkg' with type 'ros.ament_python' and name 'wis_pkg'
[0.500s] Level 1:colcon.colcon_core.package_discovery:discover_packages(recursive) using defaults
[0.500s] Level 1:colcon.colcon_core.package_discovery:discover_packages(ignore) discover
[0.500s] Level 1:colcon.colcon_core.package_discovery:discover_packages(ignore) using defaults
[0.500s] Level 1:colcon.colcon_core.package_discovery:discover_packages(path) discover
[0.500s] Level 1:colcon.colcon_core.package_discovery:discover_packages(path) using defaults
[0.549s] INFO:colcon.colcon_core.package_selection:Skipping not selected package 'action_autodock' in 'src/autodock/action_autodock'
[0.549s] INFO:colcon.colcon_core.package_selection:Skipping not selected package 'bringup' in 'src/bringup'
[0.549s] INFO:colcon.colcon_core.package_selection:Skipping not selected package 'custom_interface' in 'src/autodock/custom_interface'
[0.549s] INFO:colcon.colcon_core.package_selection:Skipping not selected package 'description' in 'src/description'
[0.549s] INFO:colcon.colcon_core.package_selection:Skipping not selected package 'navigation' in 'src/navigation'
[0.549s] INFO:colcon.colcon_core.package_selection:Skipping not selected package 'python_pkg' in 'src/python_pkg'
[0.549s] INFO:colcon.colcon_core.package_selection:Skipping not selected package 'robot_hardware_interface' in 'src/robot_hardware_interface'
[0.549s] INFO:colcon.colcon_core.package_selection:Skipping not selected package 'sllidar_ros2' in 'src/sllidar_ros2'
[0.549s] INFO:colcon.colcon_core.package_selection:Skipping not selected package 'wis_pkg' in 'src/wis_pkg'
[0.549s] INFO:colcon.colcon_core.package_selection:Skipping not selected package 'dock_lidar' in 'src/autodock/dock_lidar'
[0.550s] Level 5:colcon.colcon_core.verb:set package 'robot_data_tool' build argument 'cmake_args' from command line to 'None'
[0.550s] Level 5:colcon.colcon_core.verb:set package 'robot_data_tool' build argument 'cmake_target' from command line to 'None'
[0.550s] Level 5:colcon.colcon_core.verb:set package 'robot_data_tool' build argument 'cmake_target_skip_unavailable' from command line to 'False'
[0.550s] Level 5:colcon.colcon_core.verb:set package 'robot_data_tool' build argument 'cmake_clean_cache' from command line to 'False'
[0.550s] Level 5:colcon.colcon_core.verb:set package 'robot_data_tool' build argument 'cmake_clean_first' from command line to 'False'
[0.550s] Level 5:colcon.colcon_core.verb:set package 'robot_data_tool' build argument 'cmake_force_configure' from command line to 'False'
[0.550s] Level 5:colcon.colcon_core.verb:set package 'robot_data_tool' build argument 'ament_cmake_args' from command line to 'None'
[0.550s] Level 5:colcon.colcon_core.verb:set package 'robot_data_tool' build argument 'catkin_cmake_args' from command line to 'None'
[0.550s] Level 5:colcon.colcon_core.verb:set package 'robot_data_tool' build argument 'catkin_skip_building_tests' from command line to 'False'
[0.550s] DEBUG:colcon.colcon_core.verb:Building package 'robot_data_tool' with the following arguments: {'ament_cmake_args': None, 'build_base': '/home/smr/workspaces/mini_amr/amrROS2_ws/build/robot_data_tool', 'catkin_cmake_args': None, 'catkin_skip_building_tests': False, 'cmake_args': None, 'cmake_clean_cache': False, 'cmake_clean_first': False, 'cmake_force_configure': False, 'cmake_target': None, 'cmake_target_skip_unavailable': False, 'install_base': '/home/smr/workspaces/mini_amr/amrROS2_ws/install/robot_data_tool', 'merge_install': False, 'path': '/home/smr/workspaces/mini_amr/amrROS2_ws/src/robot_data_tool', 'symlink_install': False, 'test_result_base': None}
[0.551s] INFO:colcon.colcon_core.executor:Executing jobs using 'parallel' executor
[0.554s] DEBUG:colcon.colcon_parallel_executor.executor.parallel:run_until_complete
[0.555s] INFO:colcon.colcon_ros.task.ament_python.build:Building ROS package in '/home/smr/workspaces/mini_amr/amrROS2_ws/src/robot_data_tool' with build type 'ament_python'
[0.555s] Level 1:colcon.colcon_core.shell:create_environment_hook('robot_data_tool', 'ament_prefix_path')
[0.563s] INFO:colcon.colcon_core.plugin_system:Skipping extension 'colcon_core.shell.bat': Not used on non-Windows systems
[0.564s] INFO:colcon.colcon_core.shell:Creating environment descriptor '/home/smr/workspaces/mini_amr/amrROS2_ws/install/robot_data_tool/share/robot_data_tool/hook/ament_prefix_path.dsv'
[0.565s] INFO:colcon.colcon_core.shell:Creating environment hook '/home/smr/workspaces/mini_amr/amrROS2_ws/install/robot_data_tool/share/robot_data_tool/hook/ament_prefix_path.sh'
[0.566s] DEBUG:colcon.colcon_core.shell:Skip shell extension 'dsv' for command environment
[1.015s] INFO:colcon.colcon_core.task.python.build:Building Python package in '/home/smr/workspaces/mini_amr/amrROS2_ws/src/robot_data_tool'
[1.015s] DEBUG:colcon.colcon_core.shell:Skip shell extension 'dsv' for command environment
[2.518s] DEBUG:colcon.colcon_core.event_handler.log_command:Invoking command in '/home/smr/workspaces/mini_amr/amrROS2_ws/src/robot_data_tool': DEBUGINFOD_URLS=https://debuginfod.ubuntu.com PYTHONPATH=/home/smr/workspaces/mini_amr/amrROS2_ws/build/robot_data_tool/prefix_override:/usr/lib/python3/dist-packages/colcon_core/task/python/colcon_distutils_commands:/home/smr/workspaces/mini_amr/amrROS2_ws/install/robot_data_tool/lib/python3.12/site-packages:${PYTHONPATH} /usr/bin/python3 -W ignore:setup.py install is deprecated -W ignore:easy_install command is deprecated setup.py egg_info --egg-base ../../build/robot_data_tool build --build-base /home/smr/workspaces/mini_amr/amrROS2_ws/build/robot_data_tool/build install --record /home/smr/workspaces/mini_amr/amrROS2_ws/build/robot_data_tool/install.log --single-version-externally-managed install_data
[3.541s] DEBUG:colcon.colcon_core.event_handler.log_command:Invoked command in '/home/smr/workspaces/mini_amr/amrROS2_ws/src/robot_data_tool' returned '0': DEBUGINFOD_URLS=https://debuginfod.ubuntu.com PYTHONPATH=/home/smr/workspaces/mini_amr/amrROS2_ws/build/robot_data_tool/prefix_override:/usr/lib/python3/dist-packages/colcon_core/task/python/colcon_distutils_commands:/home/smr/workspaces/mini_amr/amrROS2_ws/install/robot_data_tool/lib/python3.12/site-packages:${PYTHONPATH} /usr/bin/python3 -W ignore:setup.py install is deprecated -W ignore:easy_install command is deprecated setup.py egg_info --egg-base ../../build/robot_data_tool build --build-base /home/smr/workspaces/mini_amr/amrROS2_ws/build/robot_data_tool/build install --record /home/smr/workspaces/mini_amr/amrROS2_ws/build/robot_data_tool/install.log --single-version-externally-managed install_data
[3.559s] Level 1:colcon.colcon_core.environment:checking '/home/smr/workspaces/mini_amr/amrROS2_ws/install/robot_data_tool' for CMake module files
[3.563s] Level 1:colcon.colcon_core.environment:checking '/home/smr/workspaces/mini_amr/amrROS2_ws/install/robot_data_tool' for CMake config files
[3.566s] Level 1:colcon.colcon_core.environment:checking '/home/smr/workspaces/mini_amr/amrROS2_ws/install/robot_data_tool/lib'
[3.567s] Level 1:colcon.colcon_core.environment:checking '/home/smr/workspaces/mini_amr/amrROS2_ws/install/robot_data_tool/bin'
[3.568s] Level 1:colcon.colcon_core.environment:checking '/home/smr/workspaces/mini_amr/amrROS2_ws/install/robot_data_tool/lib/pkgconfig/robot_data_tool.pc'
[3.570s] Level 1:colcon.colcon_core.environment:checking '/home/smr/workspaces/mini_amr/amrROS2_ws/install/robot_data_tool/lib/python3.12/site-packages'
[3.570s] Level 1:colcon.colcon_core.shell:create_environment_hook('robot_data_tool', 'pythonpath')
[3.571s] INFO:colcon.colcon_core.shell:Creating environment descriptor '/home/smr/workspaces/mini_amr/amrROS2_ws/install/robot_data_tool/share/robot_data_tool/hook/pythonpath.dsv'
[3.573s] INFO:colcon.colcon_core.shell:Creating environment hook '/home/smr/workspaces/mini_amr/amrROS2_ws/install/robot_data_tool/share/robot_data_tool/hook/pythonpath.sh'
[3.575s] Level 1:colcon.colcon_core.environment:checking '/home/smr/workspaces/mini_amr/amrROS2_ws/install/robot_data_tool/bin'
[3.575s] Level 1:colcon.colcon_core.environment:create_environment_scripts_only(robot_data_tool)
[3.576s] INFO:colcon.colcon_core.shell:Creating package descriptor '/home/smr/workspaces/mini_amr/amrROS2_ws/install/robot_data_tool/share/robot_data_tool/package.dsv'
[3.580s] INFO:colcon.colcon_core.shell:Creating package script '/home/smr/workspaces/mini_amr/amrROS2_ws/install/robot_data_tool/share/robot_data_tool/package.sh'
[3.584s] INFO:colcon.colcon_core.shell:Creating package script '/home/smr/workspaces/mini_amr/amrROS2_ws/install/robot_data_tool/share/robot_data_tool/package.bash'
[3.596s] INFO:colcon.colcon_core.shell:Creating package script '/home/smr/workspaces/mini_amr/amrROS2_ws/install/robot_data_tool/share/robot_data_tool/package.zsh'
[3.600s] Level 1:colcon.colcon_core.environment:create_file_with_runtime_dependencies(/home/smr/workspaces/mini_amr/amrROS2_ws/install/robot_data_tool/share/colcon-core/packages/robot_data_tool)
[3.603s] DEBUG:colcon.colcon_parallel_executor.executor.parallel:closing loop
[3.603s] DEBUG:colcon.colcon_parallel_executor.executor.parallel:loop closed
[3.603s] DEBUG:colcon.colcon_parallel_executor.executor.parallel:run_until_complete finished with '0'
[3.603s] DEBUG:colcon.colcon_core.event_reactor:joining thread
[3.619s] INFO:colcon.colcon_core.plugin_system:Skipping extension 'colcon_notification.desktop_notification.terminal_notifier': Not used on non-Darwin systems
[3.620s] INFO:colcon.colcon_core.plugin_system:Skipping extension 'colcon_notification.desktop_notification.win32': Not used on non-Windows systems
[3.620s] INFO:colcon.colcon_notification.desktop_notification:Sending desktop notification using 'notify2'
[3.691s] DEBUG:colcon.colcon_core.event_reactor:joined thread
[3.692s] INFO:colcon.colcon_core.shell:Creating prefix script '/home/smr/workspaces/mini_amr/amrROS2_ws/install/local_setup.sh'
[3.693s] INFO:colcon.colcon_core.shell:Creating prefix util module '/home/smr/workspaces/mini_amr/amrROS2_ws/install/_local_setup_util_sh.py'
[3.696s] INFO:colcon.colcon_core.shell:Creating prefix chain script '/home/smr/workspaces/mini_amr/amrROS2_ws/install/setup.sh'
[3.699s] INFO:colcon.colcon_core.shell:Creating prefix script '/home/smr/workspaces/mini_amr/amrROS2_ws/install/local_setup.bash'
[3.701s] INFO:colcon.colcon_core.shell:Creating prefix chain script '/home/smr/workspaces/mini_amr/amrROS2_ws/install/setup.bash'
[3.704s] INFO:colcon.colcon_core.shell:Creating prefix script '/home/smr/workspaces/mini_amr/amrROS2_ws/install/local_setup.zsh'
[3.705s] INFO:colcon.colcon_core.shell:Creating prefix chain script '/home/smr/workspaces/mini_amr/amrROS2_ws/install/setup.zsh'
