[0.344s] Invoking command in '/home/smr/workspaces/mini_amr/amrROS2_ws/build/navigation': DEBUGINFOD_URLS=https://debuginfod.ubuntu.com /usr/bin/cmake /home/smr/workspaces/mini_amr/amrROS2_ws/src/navigation -DCMAKE_INSTALL_PREFIX=/home/smr/workspaces/mini_amr/amrROS2_ws/install/navigation
[0.469s] -- The C compiler identification is GNU 13.3.0
[0.693s] -- The CXX compiler identification is GNU 13.3.0
[0.738s] -- Detecting C compiler ABI info
[0.991s] -- Detecting C compiler ABI info - done
[1.036s] -- Check for working C compiler: /usr/bin/cc - skipped
[1.036s] -- Detecting C compile features
[1.037s] -- Detecting C compile features - done
[1.054s] -- Detecting CXX compiler ABI info
[1.267s] -- Detecting CXX compiler ABI info - done
[1.283s] -- Check for working CXX compiler: /usr/bin/c++ - skipped
[1.283s] -- Detecting CXX compile features
[1.284s] -- Detecting CXX compile features - done
[1.302s] [31mCMake Error at CMakeLists.txt:9 (find_package):
[1.303s]   By not providing "Findament_cmake.cmake" in CMAKE_MODULE_PATH this project
[1.304s]   has asked CMake to find a package configuration file provided by
[1.304s]   "ament_cmake", but CMake did not find one.
[1.305s] 
[1.305s]   Could not find a package configuration file provided by "ament_cmake" with
[1.305s]   any of the following names:
[1.306s] 
[1.306s]     ament_cmakeConfig.cmake
[1.307s]     ament_cmake-config.cmake
[1.307s] 
[1.308s]   Add the installation prefix of "ament_cmake" to CMAKE_PREFIX_PATH or set
[1.308s]   "ament_cmake_DIR" to a directory containing one of the above files.  If
[1.309s]   "ament_cmake" provides a separate development package or SDK, be sure it
[1.309s]   has been installed.
[1.309s] 
[1.314s] [0m
[1.318s] -- Configuring incomplete, errors occurred!
