-- Found ament_cmake: 2.5.3 (/opt/ros/jazzy/share/ament_cmake/cmake)
-- Found geometry_msgs: 5.3.6 (/opt/ros/jazzy/share/geometry_msgs/cmake)
-- Found rosidl_generator_c: 4.6.5 (/opt/ros/jazzy/share/rosidl_generator_c/cmake)
-- Found rosidl_generator_cpp: 4.6.5 (/opt/ros/jazzy/share/rosidl_generator_cpp/cmake)
-- Using all available rosidl_typesupport_c: rosidl_typesupport_fastrtps_c;rosidl_typesupport_introspection_c
-- Using all available rosidl_typesupport_cpp: rosidl_typesupport_fastrtps_cpp;rosidl_typesupport_introspection_cpp
-- Found tf2: 0.36.9 (/opt/ros/jazzy/share/tf2/cmake)
-- Found tf2_ros: 0.36.9 (/opt/ros/jazzy/share/tf2_ros/cmake)
-- Found rmw_implementation_cmake: 7.3.2 (/opt/ros/jazzy/share/rmw_implementation_cmake/cmake)
-- Found rmw_cyclonedds_cpp: 2.2.3 (/opt/ros/jazzy/share/rmw_cyclonedds_cpp/cmake)
-- Using RMW implementation 'rmw_cyclonedds_cpp' as default
-- Found tf2_geometry_msgs: 0.36.9 (/opt/ros/jazzy/share/tf2_geometry_msgs/cmake)
-- Found eigen3_cmake_module: 0.3.0 (/opt/ros/jazzy/share/eigen3_cmake_module/cmake)
-- Ensuring Eigen3 include directory is part of orocos-kdl CMake target
-- Found angles: 1.16.0 (/opt/ros/jazzy/share/angles/cmake)
-- Found sensor_msgs: 5.3.6 (/opt/ros/jazzy/share/sensor_msgs/cmake)
-- Found rclpy: 7.1.4 (/opt/ros/jazzy/share/rclpy/cmake)
-- Found nav_msgs: 5.3.6 (/opt/ros/jazzy/share/nav_msgs/cmake)
-- Found nav2_msgs: 1.3.5 (/opt/ros/jazzy/share/nav2_msgs/cmake)
-- Found custom_interface: 0.0.0 (/home/smr/workspaces/mini_amr/amrROS2_ws/install/custom_interface/share/custom_interface/cmake)
-- Found ament_lint_auto: 0.17.2 (/opt/ros/jazzy/share/ament_lint_auto/cmake)
-- Added test 'cppcheck' to perform static code analysis on C / C++ code
-- Configured cppcheck include dirs: $<BUILD_INTERFACE:/home/smr/workspaces/mini_amr/amrROS2_ws/src/autodock/dock_lidar/include>
-- Configured cppcheck exclude dirs and/or files: 
-- Added test 'flake8' to check Python code syntax and style conventions
-- Configured 'flake8' exclude dirs and/or files: 
-- Added test 'lint_cmake' to check CMake code style
-- Added test 'pep257' to check Python code against some of the docstring style conventions in PEP 257
-- Added test 'uncrustify' to check C / C++ code style
-- Configured uncrustify additional arguments: 
-- Added test 'xmllint' to check XML markup files
-- Configuring done (1.5s)
-- Generating done (0.0s)
-- Build files have been written to: /home/smr/workspaces/mini_amr/amrROS2_ws/build/dock_lidar
[ 14%] [32mBuilding CXX object CMakeFiles/dock_coordinates.dir/src/dock_coordinates.cpp.o[0m
[ 28%] [32mBuilding CXX object CMakeFiles/dock_coordinates.dir/src/laser_processor.cpp.o[0m
[ 42%] [32mBuilding CXX object CMakeFiles/dock_coordinates.dir/src/tf2listener.cpp.o[0m
[ 85%] [32mBuilding CXX object CMakeFiles/dock_coordinates.dir/src/perception.cpp.o[0m
[ 85%] [32mBuilding CXX object CMakeFiles/dock_coordinates.dir/src/icp_2d.cpp.o[0m
[ 85%] [32mBuilding CXX object CMakeFiles/dock_coordinates.dir/src/linear_pose_filter_2d.cpp.o[0m
[100%] [32m[1mLinking CXX executable dock_coordinates[0m
[100%] Built target dock_coordinates
-- Install configuration: ""
-- Installing: /home/smr/workspaces/mini_amr/amrROS2_ws/install/dock_lidar/include
-- Installing: /home/smr/workspaces/mini_amr/amrROS2_ws/install/dock_lidar/include/.DS_Store
-- Installing: /home/smr/workspaces/mini_amr/amrROS2_ws/install/dock_lidar/include/dock_lidar
-- Installing: /home/smr/workspaces/mini_amr/amrROS2_ws/install/dock_lidar/include/dock_lidar/dock_candidate.h
-- Installing: /home/smr/workspaces/mini_amr/amrROS2_ws/install/dock_lidar/include/dock_lidar/linear_pose_filter_2d.h
-- Installing: /home/smr/workspaces/mini_amr/amrROS2_ws/install/dock_lidar/include/dock_lidar/tf2listener.h
-- Installing: /home/smr/workspaces/mini_amr/amrROS2_ws/install/dock_lidar/include/dock_lidar/icp_2d.h
-- Installing: /home/smr/workspaces/mini_amr/amrROS2_ws/install/dock_lidar/include/dock_lidar/laser_processor.h
-- Installing: /home/smr/workspaces/mini_amr/amrROS2_ws/install/dock_lidar/include/dock_lidar/perception.h
-- Installing: /home/smr/workspaces/mini_amr/amrROS2_ws/install/dock_lidar/share/dock_lidar/config
-- Installing: /home/smr/workspaces/mini_amr/amrROS2_ws/install/dock_lidar/share/dock_lidar/config/dock_config.yaml
-- Installing: /home/smr/workspaces/mini_amr/amrROS2_ws/install/dock_lidar/lib/dock_lidar/dock_coordinates
-- Set non-toolchain portion of runtime path of "/home/smr/workspaces/mini_amr/amrROS2_ws/install/dock_lidar/lib/dock_lidar/dock_coordinates" to ""
-- Installing: /home/smr/workspaces/mini_amr/amrROS2_ws/install/dock_lidar/share/dock_lidar/launch
-- Installing: /home/smr/workspaces/mini_amr/amrROS2_ws/install/dock_lidar/share/dock_lidar/launch/dock_lidar_launch.py
-- Installing: /home/smr/workspaces/mini_amr/amrROS2_ws/install/dock_lidar/share/ament_index/resource_index/package_run_dependencies/dock_lidar
-- Installing: /home/smr/workspaces/mini_amr/amrROS2_ws/install/dock_lidar/share/ament_index/resource_index/parent_prefix_path/dock_lidar
-- Installing: /home/smr/workspaces/mini_amr/amrROS2_ws/install/dock_lidar/share/dock_lidar/environment/ament_prefix_path.sh
-- Installing: /home/smr/workspaces/mini_amr/amrROS2_ws/install/dock_lidar/share/dock_lidar/environment/ament_prefix_path.dsv
-- Installing: /home/smr/workspaces/mini_amr/amrROS2_ws/install/dock_lidar/share/dock_lidar/environment/path.sh
-- Installing: /home/smr/workspaces/mini_amr/amrROS2_ws/install/dock_lidar/share/dock_lidar/environment/path.dsv
-- Installing: /home/smr/workspaces/mini_amr/amrROS2_ws/install/dock_lidar/share/dock_lidar/local_setup.bash
-- Installing: /home/smr/workspaces/mini_amr/amrROS2_ws/install/dock_lidar/share/dock_lidar/local_setup.sh
-- Installing: /home/smr/workspaces/mini_amr/amrROS2_ws/install/dock_lidar/share/dock_lidar/local_setup.zsh
-- Installing: /home/smr/workspaces/mini_amr/amrROS2_ws/install/dock_lidar/share/dock_lidar/local_setup.dsv
-- Installing: /home/smr/workspaces/mini_amr/amrROS2_ws/install/dock_lidar/share/dock_lidar/package.dsv
-- Installing: /home/smr/workspaces/mini_amr/amrROS2_ws/install/dock_lidar/share/ament_index/resource_index/packages/dock_lidar
-- Installing: /home/smr/workspaces/mini_amr/amrROS2_ws/install/dock_lidar/share/dock_lidar/cmake/dock_lidarConfig.cmake
-- Installing: /home/smr/workspaces/mini_amr/amrROS2_ws/install/dock_lidar/share/dock_lidar/cmake/dock_lidarConfig-version.cmake
-- Installing: /home/smr/workspaces/mini_amr/amrROS2_ws/install/dock_lidar/share/dock_lidar/package.xml
