[0.865s] Invoking command in '/home/smr/workspaces/mini_amr/amrROS2_ws/build/robot_hardware_interface': CMAKE_PREFIX_PATH=${CMAKE_PREFIX_PATH}:/home/smr/workspaces/mini_amr/amrROS2_ws/install/python_pkg:/home/smr/workspaces/mini_amr/amrROS2_ws/install/action_autodock:/opt/ros/jazzy DEBUGINFOD_URLS=https://debuginfod.ubuntu.com /usr/bin/cmake --build /home/smr/workspaces/mini_amr/amrROS2_ws/build/robot_hardware_interface -- -j8 -l8
[1.114s] [ 33%] [32mBuilding CXX object CMakeFiles/robot_hardware.dir/src/robot_hardware_interface.cpp.o[0m
[2.252s] [01m[K/home/smr/workspaces/mini_amr/amrROS2_ws/src/robot_hardware_interface/src/robot_hardware_interface.cpp:[m[K In member function ‘[01m[Kvoid HardwareInterface::[01;32m[KReceiveData[m[K()[m[K’:
[2.253s] [01m[K/home/smr/workspaces/mini_amr/amrROS2_ws/src/robot_hardware_interface/src/robot_hardware_interface.cpp:211:17:[m[K [01;35m[Kwarning: [m[Kunused variable ‘[01m[Kdata_len[m[K’ [[01;35m[K]8;;https://gcc.gnu.org/onlinedocs/gcc/Warning-Options.html#index-Wunused-variable-Wunused-variable]8;;[m[K]
[2.253s]   211 |         uint8_t [01;35m[Kdata_len[m[K;
[2.254s]       |                 [01;35m[K^~~~~~~~[m[K
[2.254s] [01m[K/home/smr/workspaces/mini_amr/amrROS2_ws/src/robot_hardware_interface/src/robot_hardware_interface.cpp:214:17:[m[K [01;35m[Kwarning: [m[Kunused variable ‘[01m[Kcheck_sum[m[K’ [[01;35m[K]8;;https://gcc.gnu.org/onlinedocs/gcc/Warning-Options.html#index-Wunused-variable-Wunused-variable]8;;[m[K]
[2.255s]   214 |         uint8_t [01;35m[Kcheck_sum[m[K;
[2.255s]       |                 [01;35m[K^~~~~~~~~[m[K
[2.756s] [ 66%] [32m[1mLinking CXX executable robot_hardware[0m
[4.332s] [100%] Built target robot_hardware
[4.373s] Invoked command in '/home/smr/workspaces/mini_amr/amrROS2_ws/build/robot_hardware_interface' returned '0': CMAKE_PREFIX_PATH=${CMAKE_PREFIX_PATH}:/home/smr/workspaces/mini_amr/amrROS2_ws/install/python_pkg:/home/smr/workspaces/mini_amr/amrROS2_ws/install/action_autodock:/opt/ros/jazzy DEBUGINFOD_URLS=https://debuginfod.ubuntu.com /usr/bin/cmake --build /home/smr/workspaces/mini_amr/amrROS2_ws/build/robot_hardware_interface -- -j8 -l8
[4.377s] Invoking command in '/home/smr/workspaces/mini_amr/amrROS2_ws/build/robot_hardware_interface': CMAKE_PREFIX_PATH=${CMAKE_PREFIX_PATH}:/home/smr/workspaces/mini_amr/amrROS2_ws/install/python_pkg:/home/smr/workspaces/mini_amr/amrROS2_ws/install/action_autodock:/opt/ros/jazzy DEBUGINFOD_URLS=https://debuginfod.ubuntu.com /usr/bin/cmake --install /home/smr/workspaces/mini_amr/amrROS2_ws/build/robot_hardware_interface
[4.408s] -- Install configuration: ""
[4.409s] -- Installing: /home/smr/workspaces/mini_amr/amrROS2_ws/install/robot_hardware_interface/lib/robot_hardware_interface/robot_hardware
[4.425s] -- Set non-toolchain portion of runtime path of "/home/smr/workspaces/mini_amr/amrROS2_ws/install/robot_hardware_interface/lib/robot_hardware_interface/robot_hardware" to ""
[4.426s] -- Up-to-date: /home/smr/workspaces/mini_amr/amrROS2_ws/install/robot_hardware_interface/share/ament_index/resource_index/package_run_dependencies/robot_hardware_interface
[4.426s] -- Up-to-date: /home/smr/workspaces/mini_amr/amrROS2_ws/install/robot_hardware_interface/share/ament_index/resource_index/parent_prefix_path/robot_hardware_interface
[4.427s] -- Up-to-date: /home/smr/workspaces/mini_amr/amrROS2_ws/install/robot_hardware_interface/share/robot_hardware_interface/environment/ament_prefix_path.sh
[4.427s] -- Up-to-date: /home/smr/workspaces/mini_amr/amrROS2_ws/install/robot_hardware_interface/share/robot_hardware_interface/environment/ament_prefix_path.dsv
[4.427s] -- Up-to-date: /home/smr/workspaces/mini_amr/amrROS2_ws/install/robot_hardware_interface/share/robot_hardware_interface/environment/path.sh
[4.428s] -- Up-to-date: /home/smr/workspaces/mini_amr/amrROS2_ws/install/robot_hardware_interface/share/robot_hardware_interface/environment/path.dsv
[4.428s] -- Up-to-date: /home/smr/workspaces/mini_amr/amrROS2_ws/install/robot_hardware_interface/share/robot_hardware_interface/local_setup.bash
[4.429s] -- Up-to-date: /home/smr/workspaces/mini_amr/amrROS2_ws/install/robot_hardware_interface/share/robot_hardware_interface/local_setup.sh
[4.430s] -- Up-to-date: /home/smr/workspaces/mini_amr/amrROS2_ws/install/robot_hardware_interface/share/robot_hardware_interface/local_setup.zsh
[4.431s] -- Up-to-date: /home/smr/workspaces/mini_amr/amrROS2_ws/install/robot_hardware_interface/share/robot_hardware_interface/local_setup.dsv
[4.431s] -- Installing: /home/smr/workspaces/mini_amr/amrROS2_ws/install/robot_hardware_interface/share/robot_hardware_interface/package.dsv
[4.432s] -- Up-to-date: /home/smr/workspaces/mini_amr/amrROS2_ws/install/robot_hardware_interface/share/ament_index/resource_index/packages/robot_hardware_interface
[4.433s] -- Up-to-date: /home/smr/workspaces/mini_amr/amrROS2_ws/install/robot_hardware_interface/share/robot_hardware_interface/cmake/robot_hardware_interfaceConfig.cmake
[4.434s] -- Up-to-date: /home/smr/workspaces/mini_amr/amrROS2_ws/install/robot_hardware_interface/share/robot_hardware_interface/cmake/robot_hardware_interfaceConfig-version.cmake
[4.441s] -- Up-to-date: /home/smr/workspaces/mini_amr/amrROS2_ws/install/robot_hardware_interface/share/robot_hardware_interface/package.xml
[4.442s] Invoked command in '/home/smr/workspaces/mini_amr/amrROS2_ws/build/robot_hardware_interface' returned '0': CMAKE_PREFIX_PATH=${CMAKE_PREFIX_PATH}:/home/smr/workspaces/mini_amr/amrROS2_ws/install/python_pkg:/home/smr/workspaces/mini_amr/amrROS2_ws/install/action_autodock:/opt/ros/jazzy DEBUGINFOD_URLS=https://debuginfod.ubuntu.com /usr/bin/cmake --install /home/smr/workspaces/mini_amr/amrROS2_ws/build/robot_hardware_interface
