[5.641s] Invoking command in '/home/smr/workspaces/mini_amr/amrROS2_ws/src/robot_data_tool': DEBUGINFOD_URLS=https://debuginfod.ubuntu.com PYTHONPATH=/home/smr/workspaces/mini_amr/amrROS2_ws/build/robot_data_tool/prefix_override:/usr/lib/python3/dist-packages/colcon_core/task/python/colcon_distutils_commands:/home/smr/workspaces/mini_amr/amrROS2_ws/install/robot_data_tool/lib/python3.12/site-packages:${PYTHONPATH} /usr/bin/python3 -W ignore:setup.py install is deprecated -W ignore:easy_install command is deprecated setup.py egg_info --egg-base ../../build/robot_data_tool build --build-base /home/smr/workspaces/mini_amr/amrROS2_ws/build/robot_data_tool/build install --record /home/smr/workspaces/mini_amr/amrROS2_ws/build/robot_data_tool/install.log --single-version-externally-managed install_data
[7.443s] running egg_info
[7.800s] writing ../../build/robot_data_tool/robot_data_tool.egg-info/PKG-INFO
[7.806s] writing dependency_links to ../../build/robot_data_tool/robot_data_tool.egg-info/dependency_links.txt
[7.810s] writing entry points to ../../build/robot_data_tool/robot_data_tool.egg-info/entry_points.txt
[7.814s] writing requirements to ../../build/robot_data_tool/robot_data_tool.egg-info/requires.txt
[7.815s] writing top-level names to ../../build/robot_data_tool/robot_data_tool.egg-info/top_level.txt
[8.230s] reading manifest file '../../build/robot_data_tool/robot_data_tool.egg-info/SOURCES.txt'
[8.237s] writing manifest file '../../build/robot_data_tool/robot_data_tool.egg-info/SOURCES.txt'
[8.239s] running build
[8.240s] running build_py
[8.256s] copying robot_data_tool/publish_robot_pose.py -> /home/smr/workspaces/mini_amr/amrROS2_ws/build/robot_data_tool/build/lib/robot_data_tool
[8.260s] running install
[8.367s] running install_lib
[8.654s] copying /home/smr/workspaces/mini_amr/amrROS2_ws/build/robot_data_tool/build/lib/robot_data_tool/publish_robot_pose.py -> /home/smr/workspaces/mini_amr/amrROS2_ws/install/robot_data_tool/lib/python3.12/site-packages/robot_data_tool
[8.660s] byte-compiling /home/smr/workspaces/mini_amr/amrROS2_ws/install/robot_data_tool/lib/python3.12/site-packages/robot_data_tool/publish_robot_pose.py to publish_robot_pose.cpython-312.pyc
[8.665s] running install_data
[8.667s] running install_egg_info
[8.883s] removing '/home/smr/workspaces/mini_amr/amrROS2_ws/install/robot_data_tool/lib/python3.12/site-packages/robot_data_tool-0.0.0-py3.12.egg-info' (and everything under it)
[8.885s] Copying ../../build/robot_data_tool/robot_data_tool.egg-info to /home/smr/workspaces/mini_amr/amrROS2_ws/install/robot_data_tool/lib/python3.12/site-packages/robot_data_tool-0.0.0-py3.12.egg-info
[8.891s] running install_scripts
[9.689s] Installing absolute_origin_laser script to /home/smr/workspaces/mini_amr/amrROS2_ws/install/robot_data_tool/lib/robot_data_tool
[9.690s] Installing map_pose_provider script to /home/smr/workspaces/mini_amr/amrROS2_ws/install/robot_data_tool/lib/robot_data_tool
[9.691s] Installing publish_robot_pose script to /home/smr/workspaces/mini_amr/amrROS2_ws/install/robot_data_tool/lib/robot_data_tool
[9.691s] Installing robot_detail script to /home/smr/workspaces/mini_amr/amrROS2_ws/install/robot_data_tool/lib/robot_data_tool
[9.692s] writing list of installed files to '/home/smr/workspaces/mini_amr/amrROS2_ws/build/robot_data_tool/install.log'
[9.874s] Invoked command in '/home/smr/workspaces/mini_amr/amrROS2_ws/src/robot_data_tool' returned '0': DEBUGINFOD_URLS=https://debuginfod.ubuntu.com PYTHONPATH=/home/smr/workspaces/mini_amr/amrROS2_ws/build/robot_data_tool/prefix_override:/usr/lib/python3/dist-packages/colcon_core/task/python/colcon_distutils_commands:/home/smr/workspaces/mini_amr/amrROS2_ws/install/robot_data_tool/lib/python3.12/site-packages:${PYTHONPATH} /usr/bin/python3 -W ignore:setup.py install is deprecated -W ignore:easy_install command is deprecated setup.py egg_info --egg-base ../../build/robot_data_tool build --build-base /home/smr/workspaces/mini_amr/amrROS2_ws/build/robot_data_tool/build install --record /home/smr/workspaces/mini_amr/amrROS2_ws/build/robot_data_tool/install.log --single-version-externally-managed install_data
