[2.388s] Invoking command in '/home/smr/workspaces/mini_amr/amrROS2_ws/src/python_pkg': DEBUGINFOD_URLS=https://debuginfod.ubuntu.com PYTHONPATH=/home/smr/workspaces/mini_amr/amrROS2_ws/build/python_pkg/prefix_override:/usr/lib/python3/dist-packages/colcon_core/task/python/colcon_distutils_commands:/home/smr/workspaces/mini_amr/amrROS2_ws/install/python_pkg/lib/python3.12/site-packages:${PYTHONPATH} /usr/bin/python3 -W ignore:setup.py install is deprecated -W ignore:easy_install command is deprecated setup.py egg_info --egg-base ../../build/python_pkg build --build-base /home/smr/workspaces/mini_amr/amrROS2_ws/build/python_pkg/build install --record /home/smr/workspaces/mini_amr/amrROS2_ws/build/python_pkg/install.log --single-version-externally-managed install_data
[2.802s] running egg_info
[2.831s] writing ../../build/python_pkg/python_pkg.egg-info/PKG-INFO
[2.832s] writing dependency_links to ../../build/python_pkg/python_pkg.egg-info/dependency_links.txt
[2.832s] writing entry points to ../../build/python_pkg/python_pkg.egg-info/entry_points.txt
[2.833s] writing requirements to ../../build/python_pkg/python_pkg.egg-info/requires.txt
[2.833s] writing top-level names to ../../build/python_pkg/python_pkg.egg-info/top_level.txt
[2.892s] reading manifest file '../../build/python_pkg/python_pkg.egg-info/SOURCES.txt'
[2.893s] adding license file 'LICENSE'
[2.894s] writing manifest file '../../build/python_pkg/python_pkg.egg-info/SOURCES.txt'
[2.894s] running build
[2.895s] running build_py
[2.895s] running install
[2.906s] running install_lib
[2.937s] running install_data
[2.938s] running install_egg_info
[2.971s] removing '/home/smr/workspaces/mini_amr/amrROS2_ws/install/python_pkg/lib/python3.12/site-packages/python_pkg-0.0.0-py3.12.egg-info' (and everything under it)
[2.972s] Copying ../../build/python_pkg/python_pkg.egg-info to /home/smr/workspaces/mini_amr/amrROS2_ws/install/python_pkg/lib/python3.12/site-packages/python_pkg-0.0.0-py3.12.egg-info
[2.973s] running install_scripts
[3.186s] Installing cmd_vel_pub script to /home/smr/workspaces/mini_amr/amrROS2_ws/install/python_pkg/lib/python_pkg
[3.188s] Installing ip_publisher script to /home/smr/workspaces/mini_amr/amrROS2_ws/install/python_pkg/lib/python_pkg
[3.189s] writing list of installed files to '/home/smr/workspaces/mini_amr/amrROS2_ws/build/python_pkg/install.log'
[3.286s] Invoked command in '/home/smr/workspaces/mini_amr/amrROS2_ws/src/python_pkg' returned '0': DEBUGINFOD_URLS=https://debuginfod.ubuntu.com PYTHONPATH=/home/smr/workspaces/mini_amr/amrROS2_ws/build/python_pkg/prefix_override:/usr/lib/python3/dist-packages/colcon_core/task/python/colcon_distutils_commands:/home/smr/workspaces/mini_amr/amrROS2_ws/install/python_pkg/lib/python3.12/site-packages:${PYTHONPATH} /usr/bin/python3 -W ignore:setup.py install is deprecated -W ignore:easy_install command is deprecated setup.py egg_info --egg-base ../../build/python_pkg build --build-base /home/smr/workspaces/mini_amr/amrROS2_ws/build/python_pkg/build install --record /home/smr/workspaces/mini_amr/amrROS2_ws/build/python_pkg/install.log --single-version-externally-managed install_data
