[INFO] [launch]: All log files can be found below /home/smr/.ros/log/2026-03-26-13-18-19-251481-two-68084
[INFO] [launch]: Default logging verbosity is set to INFO
[INFO] [robot_state_publisher-1]: process started with pid [68099]
[INFO] [joint_state_publisher-2]: process started with pid [68100]
[INFO] [rplidar_node-3]: process started with pid [68101]
[INFO] [scan_to_scan_filter_chain-4]: process started with pid [68102]
[INFO] [ekf_node-5]: process started with pid [68103]
[INFO] [robot_hardware-6]: process started with pid [68104]
[INFO] [localization_slam_toolbox_node-7]: process started with pid [68105]
[INFO] [map_server-8]: process started with pid [68106]
[INFO] [costmap_filter_info_server-9]: process started with pid [68107]
[INFO] [controller_server-10]: process started with pid [68112]
[INFO] [smoother_server-11]: process started with pid [68113]
[INFO] [planner_server-12]: process started with pid [68114]
[INFO] [behavior_server-13]: process started with pid [68117]
[INFO] [bt_navigator-14]: process started with pid [68120]
[INFO] [waypoint_follower-15]: process started with pid [68130]
[INFO] [velocity_smoother-16]: process started with pid [68131]
[INFO] [collision_monitor-17]: process started with pid [68132]
[INFO] [collision_detector-18]: process started with pid [68135]
[INFO] [lifecycle_manager-19]: process started with pid [68138]
[rplidar_node-3] [INFO] [1774505900.397611751] [rplidar_node]: RPLidar running on ROS2 package rplidar_ros. RPLIDAR SDK Version:2.1.0
[rplidar_node-3] [INFO] [1774505900.410771269] [rplidar_node]: RPLidar S/N: CEDCEDF9C7E29BCEA7E39EF25E0F4304
[rplidar_node-3] [INFO] [1774505900.410826975] [rplidar_node]: Firmware Ver: 1.02
[rplidar_node-3] [INFO] [1774505900.410837766] [rplidar_node]: Hardware Rev: 18
[rplidar_node-3] [INFO] [1774505900.411918643] [rplidar_node]: RPLidar health status : 0
[rplidar_node-3] [INFO] [1774505900.411969100] [rplidar_node]: RPLidar health status : OK.
[rplidar_node-3] [INFO] [1774505900.412694448] [rplidar_node]: Start
[robot_hardware-6] Serial port opened at port /dev/teensy with baudrate 460800
[robot_hardware-6] Created receive data thread
[controller_server-10] [INFO] [1774505900.500102581] [controller_server]: 
[controller_server-10] 	controller_server lifecycle node launched. 
[controller_server-10] 	Waiting on external lifecycle transitions to activate
[controller_server-10] 	See https://design.ros2.org/articles/node_lifecycle.html for more information.
[controller_server-10] [INFO] [1774505900.523679759] [controller_server]: Creating controller server
[behavior_server-13] [INFO] [1774505900.535381289] [behavior_server]: 
[behavior_server-13] 	behavior_server lifecycle node launched. 
[behavior_server-13] 	Waiting on external lifecycle transitions to activate
[behavior_server-13] 	See https://design.ros2.org/articles/node_lifecycle.html for more information.
[rplidar_node-3] [INFO] [1774505900.554534921] [rplidar_node]: current scan mode: Sensitivity, sample rate: 32 Khz, max_distance: 30.0 m, scan frequency:10.0 Hz, 
[controller_server-10] [INFO] [1774505900.564446266] [local_costmap.local_costmap]: 
[controller_server-10] 	local_costmap lifecycle node launched. 
[controller_server-10] 	Waiting on external lifecycle transitions to activate
[controller_server-10] 	See https://design.ros2.org/articles/node_lifecycle.html for more information.
[controller_server-10] [INFO] [1774505900.565472312] [local_costmap.local_costmap]: Creating Costmap
[map_server-8] [INFO] [1774505900.590751303] [keepout_filter_mask_server]: 
[map_server-8] 	keepout_filter_mask_server lifecycle node launched. 
[map_server-8] 	Waiting on external lifecycle transitions to activate
[map_server-8] 	See https://design.ros2.org/articles/node_lifecycle.html for more information.
[map_server-8] [INFO] [1774505900.592922974] [keepout_filter_mask_server]: Creating
[velocity_smoother-16] [INFO] [1774505900.629997991] [velocity_smoother]: 
[velocity_smoother-16] 	velocity_smoother lifecycle node launched. 
[velocity_smoother-16] 	Waiting on external lifecycle transitions to activate
[velocity_smoother-16] 	See https://design.ros2.org/articles/node_lifecycle.html for more information.
[smoother_server-11] [INFO] [1774505900.641433239] [smoother_server]: 
[smoother_server-11] 	smoother_server lifecycle node launched. 
[smoother_server-11] 	Waiting on external lifecycle transitions to activate
[smoother_server-11] 	See https://design.ros2.org/articles/node_lifecycle.html for more information.
[smoother_server-11] [INFO] [1774505900.653503130] [smoother_server]: Creating smoother server
[lifecycle_manager-19] [INFO] [1774505900.689773469] [lifecycle_manager_navigation]: Creating
[lifecycle_manager-19] [INFO] [1774505900.698183077] [lifecycle_manager_navigation]: [34m[1mCreating and initializing lifecycle service clients[0m[0m
[robot_state_publisher-1] [INFO] [1774505900.701263256] [robot_state_publisher]: Robot initialized
[costmap_filter_info_server-9] [INFO] [1774505900.716026299] [costmap_filter_info_server]: This is costmap filter info publisher
[costmap_filter_info_server-9] [INFO] [1774505900.733023718] [keepout_costmap_filter_info_server]: 
[costmap_filter_info_server-9] 	keepout_costmap_filter_info_server lifecycle node launched. 
[costmap_filter_info_server-9] 	Waiting on external lifecycle transitions to activate
[costmap_filter_info_server-9] 	See https://design.ros2.org/articles/node_lifecycle.html for more information.
[localization_slam_toolbox_node-7] [INFO] [1774505900.901098355] [slam_toolbox]: Node using stack size 40000000
[bt_navigator-14] [INFO] [1774505900.928087909] [bt_navigator]: 
[bt_navigator-14] 	bt_navigator lifecycle node launched. 
[bt_navigator-14] 	Waiting on external lifecycle transitions to activate
[bt_navigator-14] 	See https://design.ros2.org/articles/node_lifecycle.html for more information.
[bt_navigator-14] [INFO] [1774505900.987092540] [bt_navigator]: Creating
[waypoint_follower-15] [INFO] [1774505901.067834583] [waypoint_follower]: 
[waypoint_follower-15] 	waypoint_follower lifecycle node launched. 
[waypoint_follower-15] 	Waiting on external lifecycle transitions to activate
[waypoint_follower-15] 	See https://design.ros2.org/articles/node_lifecycle.html for more information.
[waypoint_follower-15] [INFO] [1774505901.071973473] [waypoint_follower]: Creating
[collision_monitor-17] [INFO] [1774505901.172635037] [collision_monitor]: 
[collision_monitor-17] 	collision_monitor lifecycle node launched. 
[localization_slam_toolbox_node-7] [INFO] [1774505901.177821555] [slam_toolbox]: Configuring
[collision_monitor-17] 	Waiting on external lifecycle transitions to activate
[collision_monitor-17] 	See https://design.ros2.org/articles/node_lifecycle.html for more information.
[planner_server-12] [INFO] [1774505901.317753140] [planner_server]: 
[planner_server-12] 	planner_server lifecycle node launched. 
[planner_server-12] 	Waiting on external lifecycle transitions to activate
[planner_server-12] 	See https://design.ros2.org/articles/node_lifecycle.html for more information.
[planner_server-12] [INFO] [1774505901.331666297] [planner_server]: Creating
[planner_server-12] [INFO] [1774505901.347700085] [global_costmap.global_costmap]: 
[planner_server-12] 	global_costmap lifecycle node launched. 
[planner_server-12] 	Waiting on external lifecycle transitions to activate
[planner_server-12] 	See https://design.ros2.org/articles/node_lifecycle.html for more information.
[planner_server-12] [INFO] [1774505901.350454775] [global_costmap.global_costmap]: Creating Costmap
[rplidar_node-3] [INFO] [1774505901.356121068] [rplidar_node]: set lidar scan frequency to 10.0 Hz(600.0 Rpm) 
[scan_to_scan_filter_chain-4] [WARN] [1774505901.397737169] [scan_to_scan_filter_chain]: diagnostic_updater: No HW_ID was set. This is probably a bug. Please report it. For devices that do not have a HW_ID, set this value to 'none'. This warning only occurs once all diagnostics are OK. It is okay to wait until the device is open before calling setHardwareID.
[localization_slam_toolbox_node-7] [INFO] [1774505901.414300021] [slam_toolbox]: Using solver plugin solver_plugins::CeresSolver
[collision_detector-18] [INFO] [1774505901.481243528] [collision_detector]: 
[collision_detector-18] 	collision_detector lifecycle node launched. 
[collision_detector-18] 	Waiting on external lifecycle transitions to activate
[collision_detector-18] 	See https://design.ros2.org/articles/node_lifecycle.html for more information.
[localization_slam_toolbox_node-7] [INFO] [1774505901.517845771] [slam_toolbox]: CeresSolver: Using SCHUR_JACOBI preconditioner.
[joint_state_publisher-2] [INFO] [1774505902.202793147] [joint_state_publisher]: Waiting for robot_description to be published on the robot_description topic...
[lifecycle_manager-19] [INFO] [1774505902.279967363] [lifecycle_manager_navigation]: [34m[1mStarting managed nodes bringup...[0m[0m
[lifecycle_manager-19] [INFO] [1774505902.280151690] [lifecycle_manager_navigation]: [34m[1mConfiguring controller_server[0m[0m
[controller_server-10] [INFO] [1774505902.281403185] [controller_server]: Configuring controller interface
[controller_server-10] [INFO] [1774505902.281483683] [controller_server]: getting progress checker plugins..
[controller_server-10] [INFO] [1774505902.281799838] [controller_server]: getting goal checker plugins..
[controller_server-10] [INFO] [1774505902.282809842] [controller_server]: Controller frequency set to 10.0000Hz
[controller_server-10] [INFO] [1774505902.282913380] [local_costmap.local_costmap]: Configuring
[controller_server-10] [INFO] [1774505902.300259620] [local_costmap.local_costmap]: Using plugin "obstacle_layer"
[controller_server-10] [INFO] [1774505902.314371687] [local_costmap.local_costmap]: Subscribed to Topics: scan
[controller_server-10] [INFO] [1774505902.331598931] [local_costmap.local_costmap]: Initialized plugin "obstacle_layer"
[controller_server-10] [INFO] [1774505902.331688177] [local_costmap.local_costmap]: Using plugin "denoise_layer"
[controller_server-10] [INFO] [1774505902.336115224] [local_costmap.local_costmap]: Initialized plugin "denoise_layer"
[controller_server-10] [INFO] [1774505902.336198637] [local_costmap.local_costmap]: Using plugin "inflation_layer"
[controller_server-10] [INFO] [1774505902.342058298] [local_costmap.local_costmap]: Initialized plugin "inflation_layer"
[controller_server-10] [INFO] [1774505902.342136753] [local_costmap.local_costmap]: Using costmap filter "keepout_filter"
[controller_server-10] [INFO] [1774505902.349069416] [local_costmap.local_costmap]: Initialized costmap filter "keepout_filter"
[controller_server-10] [INFO] [1774505902.349141455] [local_costmap.local_costmap]: Using costmap filter "inflation_layer"
[controller_server-10] [INFO] [1774505902.349283491] [local_costmap.local_costmap]: Initialized costmap filter "inflation_layer"
[controller_server-10] [INFO] [1774505902.401205840] [controller_server]: Created progress_checker : progress_checker of type nav2_controller::SimpleProgressChecker
[controller_server-10] [INFO] [1774505902.403234308] [controller_server]: Controller Server has progress_checker  progress checkers available.
[controller_server-10] [INFO] [1774505902.405188694] [controller_server]: Created goal checker : goal_checker of type nav2_controller::SimpleGoalChecker
[controller_server-10] [INFO] [1774505902.407785891] [controller_server]: Controller Server has goal_checker  goal checkers available.
[controller_server-10] [INFO] [1774505902.411137893] [controller_server]: Created controller : FollowPath of type nav2_mppi_controller::MPPIController
[controller_server-10] [INFO] [1774505902.425328415] [controller_server]: Controller period is equal to model dt. Control sequence shifting is ON
[controller_server-10] [INFO] [1774505902.434978437] [controller_server]: ConstraintCritic instantiated with 1 power and 4.000000 weight.
[controller_server-10] [INFO] [1774505902.435079058] [controller_server]: Critic loaded : mppi::critics::ConstraintCritic
[controller_server-10] [INFO] [1774505902.444038147] [controller_server]: InflationCostCritic instantiated with 1 power and 300.000000 / 0.015000 weights. Critic will collision check based on footprint cost.
[controller_server-10] [INFO] [1774505902.445052526] [controller_server]: Critic loaded : mppi::critics::CostCritic
[controller_server-10] [INFO] [1774505902.448872636] [controller_server]: GoalCritic instantiated with 1 power and 5.000000 weight.
[controller_server-10] [INFO] [1774505902.449062504] [controller_server]: Critic loaded : mppi::critics::GoalCritic
[controller_server-10] [INFO] [1774505902.450433871] [controller_server]: GoalAngleCritic instantiated with 1 power, 3.000000 weight, and 0.500000 angular threshold.
[controller_server-10] [INFO] [1774505902.450500368] [controller_server]: Critic loaded : mppi::critics::GoalAngleCritic
[controller_server-10] [INFO] [1774505902.454084529] [controller_server]: ReferenceTrajectoryCritic instantiated with 1 power and 2.000000 weight
[controller_server-10] [INFO] [1774505902.454157151] [controller_server]: Critic loaded : mppi::critics::PathAlignCritic
[controller_server-10] [INFO] [1774505902.454978454] [controller_server]: Critic loaded : mppi::critics::PathFollowCritic
[controller_server-10] [INFO] [1774505902.456566230] [controller_server]: PathAngleCritic instantiated with 1 power and 1.500000 weight. Mode set to: Forward Preference
[controller_server-10] [INFO] [1774505902.456627186] [controller_server]: Critic loaded : mppi::critics::PathAngleCritic
[controller_server-10] [INFO] [1774505902.457345534] [controller_server]: PreferForwardCritic instantiated with 1 power and 10.000000 weight.
[controller_server-10] [INFO] [1774505902.457402116] [controller_server]: Critic loaded : mppi::critics::PreferForwardCritic
[controller_server-10] [INFO] [1774505902.461454967] [controller_server]: Optimizer reset
[controller_server-10] [INFO] [1774505902.466542323] [MPPIController]: Configured MPPI Controller: FollowPath
[controller_server-10] [INFO] [1774505902.466574988] [controller_server]: Controller Server has FollowPath  controllers available.
[lifecycle_manager-19] [INFO] [1774505902.526041894] [lifecycle_manager_navigation]: [34m[1mConfiguring smoother_server[0m[0m
[smoother_server-11] [INFO] [1774505902.527942616] [smoother_server]: Configuring smoother server
[smoother_server-11] [INFO] [1774505902.597240370] [smoother_server]: Created smoother : simple_smoother of type nav2_smoother::SimpleSmoother
[smoother_server-11] [INFO] [1774505902.619515596] [smoother_server]: Smoother Server has simple_smoother  smoothers available.
[lifecycle_manager-19] [INFO] [1774505902.679757723] [lifecycle_manager_navigation]: [34m[1mConfiguring planner_server[0m[0m
[planner_server-12] [INFO] [1774505902.680336369] [planner_server]: Configuring
[planner_server-12] [INFO] [1774505902.680475489] [global_costmap.global_costmap]: Configuring
[planner_server-12] [INFO] [1774505902.722317331] [global_costmap.global_costmap]: Using plugin "static_layer"
[planner_server-12] [INFO] [1774505902.753528605] [global_costmap.global_costmap]: Subscribing to the map topic (/map) with transient local durability
[planner_server-12] [INFO] [1774505902.764532786] [global_costmap.global_costmap]: Initialized plugin "static_layer"
[planner_server-12] [INFO] [1774505902.764646240] [global_costmap.global_costmap]: Using plugin "obstacle_layer"
[planner_server-12] [INFO] [1774505902.783428302] [global_costmap.global_costmap]: Subscribed to Topics: scan
[planner_server-12] [INFO] [1774505902.832842993] [global_costmap.global_costmap]: Initialized plugin "obstacle_layer"
[planner_server-12] [INFO] [1774505902.832934573] [global_costmap.global_costmap]: Using plugin "inflation_layer"
[planner_server-12] [INFO] [1774505902.837540696] [global_costmap.global_costmap]: Initialized plugin "inflation_layer"
[planner_server-12] [INFO] [1774505902.837627901] [global_costmap.global_costmap]: Using costmap filter "keepout_filter"
[planner_server-12] [INFO] [1774505902.845380700] [global_costmap.global_costmap]: Initialized costmap filter "keepout_filter"
[planner_server-12] [INFO] [1774505902.845470822] [global_costmap.global_costmap]: Using costmap filter "inflation_layer2"
[planner_server-12] [INFO] [1774505902.850864999] [global_costmap.global_costmap]: Initialized costmap filter "inflation_layer2"
[planner_server-12] [INFO] [1774505902.939119226] [planner_server]: Created global planner plugin GridBased of type nav2_smac_planner::SmacPlanner2D
[planner_server-12] [INFO] [1774505902.939247263] [planner_server]: Configuring GridBased of type SmacPlanner2D
[planner_server-12] [ERROR] [1774505902.949249022] [planner_server]: Inflation layer either not found or inflation is not set sufficiently for optimized non-circular collision checking capabilities. It is HIGHLY recommended to set the inflation radius to be at MINIMUM half of the robot's largest cross-section. See github.com/ros-planning/navigation2/tree/main/nav2_smac_planner#potential-fields for full instructions. This will substantially impact run-time performance.
[planner_server-12] [INFO] [1774505902.956556462] [planner_server]: Configured plugin GridBased of type SmacPlanner2D with tolerance 0.12, maximum iterations 1000000, max on approach iterations 1000, and not allowing unknown traversal.
[planner_server-12] [INFO] [1774505902.956658834] [planner_server]: Planner Server has GridBased  planners available.
[lifecycle_manager-19] [INFO] [1774505902.989681583] [lifecycle_manager_navigation]: [34m[1mConfiguring behavior_server[0m[0m
[behavior_server-13] [INFO] [1774505902.991503849] [behavior_server]: Configuring
[behavior_server-13] [INFO] [1774505902.999664092] [behavior_server]: Creating behavior plugin wait of type nav2_behaviors::Wait
[localization_slam_toolbox_node-7] Load From File /home/smr/workspaces/mini_amr/amrROS2_ws/maps/latest_map.posegraph 
[localization_slam_toolbox_node-7] Mapper <- Module
[localization_slam_toolbox_node-7] Mapper <- m_pSequentialScanMatcher
[localization_slam_toolbox_node-7] Mapper <- m_pGraph
[localization_slam_toolbox_node-7] MapperGraph <- Graph; Graph <- m_Edges; Graph <- m_Vertices
[localization_slam_toolbox_node-7] MapperGraph <- m_pMapper; MapperGraph <- m_pLoopScanMatcher; MapperGraph <- m_pTraversal
[localization_slam_toolbox_node-7] Mapper <- m_pMapperSensorManager
[localization_slam_toolbox_node-7] MapperSensorManager <- m_ScanManagers; MapperSensorManager <- m_Scans
[localization_slam_toolbox_node-7] Mapper <- m_Listeners
[localization_slam_toolbox_node-7] **Finished serializing Mapper**
[localization_slam_toolbox_node-7] Load From File
[localization_slam_toolbox_node-7] **Serializing Dataset**
[localization_slam_toolbox_node-7] Dataset <- m_SensorNameLookup
[localization_slam_toolbox_node-7] Dataset <- m_Data
[localization_slam_toolbox_node-7] Dataset <- m_Lasers
[localization_slam_toolbox_node-7] Dataset <- m_pDatasetInfo
[localization_slam_toolbox_node-7] **Finished serializing Dataset**
[localization_slam_toolbox_node-7] Registering sensor: [Custom Described Lidar]
[localization_slam_toolbox_node-7] WARNING: Logging before InitGoogleLogging() is written to STDERR
[localization_slam_toolbox_node-7] W20260326 13:18:23.001221 68105 preprocessor.cc:67] Specified options.num_threads: 50 exceeds maximum available from the threading model Ceres was compiled with: 8.  Bounding to maximum number available.
[INFO] [launch.user]: [LifecycleLaunch] Slamtoolbox node is activating.
[behavior_server-13] [INFO] [1774505903.014364137] [behavior_server]: Configuring wait
[localization_slam_toolbox_node-7] [INFO] [1774505903.025722680] [slam_toolbox]: Activating
[lifecycle_manager-19] [INFO] [1774505903.036136548] [lifecycle_manager_navigation]: [34m[1mConfiguring velocity_smoother[0m[0m
[velocity_smoother-16] [INFO] [1774505903.037008600] [velocity_smoother]: Configuring velocity smoother
[lifecycle_manager-19] [INFO] [1774505903.072344764] [lifecycle_manager_navigation]: [34m[1mConfiguring collision_monitor[0m[0m
[collision_monitor-17] [INFO] [1774505903.074260944] [collision_monitor]: Configuring
[collision_monitor-17] [INFO] [1774505903.099418314] [collision_monitor]: [scan]: Creating Scan
[localization_slam_toolbox_node-7] Registering sensor: [Custom Described Lidar]
[collision_monitor-17] [INFO] [1774505903.107896754] [collision_monitor]: [PolygonStop]: Creating Polygon
[collision_monitor-17] [INFO] [1774505903.107973168] [collision_monitor]: [PolygonStop]: Creating Circle
[collision_monitor-17] [INFO] [1774505903.111242048] [collision_monitor]: [PolygonSlow]: Creating Polygon
[collision_monitor-17] [INFO] [1774505903.112567333] [collision_monitor]: [FootprintApproach]: Creating Polygon
[collision_monitor-17] [INFO] [1774505903.112718119] [collision_monitor]: [FootprintApproach]: Polygon points are not defined. Using dynamic subscription instead.
[collision_monitor-17] [INFO] [1774505903.113606211] [collision_monitor]: [FootprintApproach]: Making footprint subscriber on /local_costmap/published_footprint topic
[lifecycle_manager-19] [INFO] [1774505903.138206519] [lifecycle_manager_navigation]: [34m[1mConfiguring collision_detector[0m[0m
[collision_detector-18] [INFO] [1774505903.138782248] [collision_detector]: Configuring
[collision_detector-18] [INFO] [1774505903.167622067] [collision_monitor]: [scan]: Creating Scan
[collision_detector-18] [INFO] [1774505903.174942632] [collision_monitor]: [PolygonStop]: Creating Polygon
[collision_detector-18] [INFO] [1774505903.174977922] [collision_monitor]: [PolygonStop]: Creating Circle
[collision_detector-18] [INFO] [1774505903.189785297] [collision_monitor]: [PolygonSlow]: Creating Polygon
[lifecycle_manager-19] [INFO] [1774505903.207053664] [lifecycle_manager_navigation]: [34m[1mConfiguring bt_navigator[0m[0m
[bt_navigator-14] [INFO] [1774505903.208287953] [bt_navigator]: Configuring
[bt_navigator-14] [INFO] [1774505903.223831467] [bt_navigator]: Creating navigator id navigate_to_pose of type nav2_bt_navigator::NavigateToPoseNavigator
[bt_navigator-14] [INFO] [1774505903.443944823] [bt_navigator]: Creating navigator id navigate_through_poses of type nav2_bt_navigator::NavigateThroughPosesNavigator
[planner_server-12] [INFO] [1774505903.447569232] [global_costmap.global_costmap]: StaticLayer: Resizing costmap to 787 X 922 at 0.050000 m/pix
[lifecycle_manager-19] [INFO] [1774505903.570332195] [lifecycle_manager_navigation]: [34m[1mConfiguring waypoint_follower[0m[0m
[waypoint_follower-15] [INFO] [1774505903.571670896] [waypoint_follower]: Configuring
[waypoint_follower-15] [INFO] [1774505903.647772984] [waypoint_follower]: Created waypoint_task_executor : wait_at_waypoint of type nav2_waypoint_follower::WaitAtWaypoint
[lifecycle_manager-19] [INFO] [1774505903.652487020] [lifecycle_manager_navigation]: [34m[1mConfiguring keepout_filter_mask_server[0m[0m
[map_server-8] [INFO] [1774505903.653345655] [keepout_filter_mask_server]: Configuring
[map_server-8] [INFO] [1774505903.653476317] [map_io]: Loading yaml file: /home/smr/workspaces/mini_amr/amrROS2_ws/maps/latest_map_keepout.yaml
[map_server-8] [INFO] [1774505903.653777598] [map_io]: resolution: 0.05
[map_server-8] [INFO] [1774505903.653791014] [map_io]: origin[0]: -26.12
[map_server-8] [INFO] [1774505903.653796264] [map_io]: origin[1]: -29.258
[map_server-8] [INFO] [1774505903.653800639] [map_io]: origin[2]: 0
[map_server-8] [INFO] [1774505903.653805305] [map_io]: free_thresh: 0.196
[map_server-8] [INFO] [1774505903.653809680] [map_io]: occupied_thresh: 0.65
[map_server-8] [INFO] [1774505903.653815805] [map_io]: mode: trinary
[map_server-8] [INFO] [1774505903.653821054] [map_io]: negate: 0
[map_server-8] [INFO] [1774505903.655627863] [map_io]: Loading image_file: /home/smr/workspaces/mini_amr/amrROS2_ws/maps/latest_map_keepout.pgm
[map_server-8] [INFO] [1774505903.673199845] [map_io]: Read map /home/smr/workspaces/mini_amr/amrROS2_ws/maps/latest_map_keepout.pgm: 787 X 922 map @ 0.05 m/cell
[lifecycle_manager-19] [INFO] [1774505903.701326857] [lifecycle_manager_navigation]: [34m[1mConfiguring keepout_costmap_filter_info_server[0m[0m
[costmap_filter_info_server-9] [INFO] [1774505903.702381776] [keepout_costmap_filter_info_server]: Configuring
[lifecycle_manager-19] [INFO] [1774505903.713588074] [lifecycle_manager_navigation]: [34m[1mActivating controller_server[0m[0m
[controller_server-10] [INFO] [1774505903.714682659] [controller_server]: Activating
[controller_server-10] [INFO] [1774505903.714819737] [local_costmap.local_costmap]: Activating
[controller_server-10] [INFO] [1774505903.714901401] [local_costmap.local_costmap]: Checking transform
[controller_server-10] [INFO] [1774505903.715088353] [local_costmap.local_costmap]: start
[controller_server-10] [INFO] [1774505903.715835867] [local_costmap.local_costmap]: KeepoutFilter: Subscribing to "/keepout_costmap_filter_info" topic for filter info...
[controller_server-10] [WARN] [1774505903.818052832] [local_costmap.local_costmap]: KeepoutFilter: Filter mask was not received
[controller_server-10] [WARN] [1774505903.820306750] [controller_server]: Parameter controller_server.verbose not found
[controller_server-10] [INFO] [1774505903.821732364] [controller_server]: Optimizer reset
[controller_server-10] [INFO] [1774505903.822173640] [MPPIController]: Activated MPPI Controller: FollowPath
[controller_server-10] [INFO] [1774505903.822209513] [controller_server]: Creating bond (controller_server) to lifecycle manager.
[lifecycle_manager-19] [INFO] [1774505903.931438180] [lifecycle_manager_navigation]: Server controller_server connected with bond.
[lifecycle_manager-19] [INFO] [1774505903.931594216] [lifecycle_manager_navigation]: [34m[1mActivating smoother_server[0m[0m
[smoother_server-11] [INFO] [1774505903.932833754] [smoother_server]: Activating
[smoother_server-11] [INFO] [1774505903.932923584] [smoother_server]: Creating bond (smoother_server) to lifecycle manager.
[lifecycle_manager-19] [INFO] [1774505904.041402987] [lifecycle_manager_navigation]: Server smoother_server connected with bond.
[lifecycle_manager-19] [INFO] [1774505904.041593438] [lifecycle_manager_navigation]: [34m[1mActivating planner_server[0m[0m
[planner_server-12] [INFO] [1774505904.043566491] [planner_server]: Activating
[planner_server-12] [INFO] [1774505904.043874480] [global_costmap.global_costmap]: Activating
[planner_server-12] [INFO] [1774505904.044041890] [global_costmap.global_costmap]: Checking transform
[planner_server-12] [INFO] [1774505904.044435042] [global_costmap.global_costmap]: start
[planner_server-12] [INFO] [1774505904.047715006] [global_costmap.global_costmap]: KeepoutFilter: Subscribing to "/keepout_costmap_filter_info" topic for filter info...
[planner_server-12] [WARN] [1774505904.583886622] [global_costmap.global_costmap]: KeepoutFilter: Filter mask was not received
[planner_server-12] [INFO] [1774505904.602496315] [planner_server]: Activating plugin GridBased of type SmacPlanner2D
[planner_server-12] [INFO] [1774505904.604324123] [planner_server]: Creating bond (planner_server) to lifecycle manager.
[lifecycle_manager-19] [INFO] [1774505904.724346395] [lifecycle_manager_navigation]: Server planner_server connected with bond.
[lifecycle_manager-19] [INFO] [1774505904.724554637] [lifecycle_manager_navigation]: [34m[1mActivating behavior_server[0m[0m
[behavior_server-13] [INFO] [1774505904.725373024] [behavior_server]: Activating
[behavior_server-13] [INFO] [1774505904.725438938] [behavior_server]: Activating wait
[behavior_server-13] [INFO] [1774505904.725477437] [behavior_server]: Creating bond (behavior_server) to lifecycle manager.
[lifecycle_manager-19] [INFO] [1774505904.836799027] [lifecycle_manager_navigation]: Server behavior_server connected with bond.
[lifecycle_manager-19] [INFO] [1774505904.837236803] [lifecycle_manager_navigation]: [34m[1mActivating velocity_smoother[0m[0m
[velocity_smoother-16] [INFO] [1774505904.838070064] [velocity_smoother]: Activating
[velocity_smoother-16] [INFO] [1774505904.838205684] [velocity_smoother]: Creating bond (velocity_smoother) to lifecycle manager.
[lifecycle_manager-19] [INFO] [1774505904.949921885] [lifecycle_manager_navigation]: Server velocity_smoother connected with bond.
[lifecycle_manager-19] [INFO] [1774505904.949999465] [lifecycle_manager_navigation]: [34m[1mActivating collision_monitor[0m[0m
[collision_monitor-17] [INFO] [1774505904.950539029] [collision_monitor]: Activating
[collision_monitor-17] [INFO] [1774505904.950621859] [collision_monitor]: Creating bond (collision_monitor) to lifecycle manager.
[lifecycle_manager-19] [INFO] [1774505905.059017557] [lifecycle_manager_navigation]: Server collision_monitor connected with bond.
[lifecycle_manager-19] [INFO] [1774505905.059193425] [lifecycle_manager_navigation]: [34m[1mActivating collision_detector[0m[0m
[collision_detector-18] [INFO] [1774505905.061472717] [collision_detector]: Activating
[collision_detector-18] [INFO] [1774505905.061725582] [collision_detector]: Creating bond (collision_detector) to lifecycle manager.
[lifecycle_manager-19] [INFO] [1774505905.192683204] [lifecycle_manager_navigation]: Server collision_detector connected with bond.
[lifecycle_manager-19] [INFO] [1774505905.192833115] [lifecycle_manager_navigation]: [34m[1mActivating bt_navigator[0m[0m
[bt_navigator-14] [INFO] [1774505905.194172691] [bt_navigator]: Activating
[INFO] [delivery_robot_main_controller-20]: process started with pid [68424]
[INFO] [robot_sound-21]: process started with pid [68425]
[INFO] [call_robot_button-22]: process started with pid [68427]
[INFO] [rpc_run_node-23]: process started with pid [68428]
[INFO] [dock_coordinates-24]: process started with pid [68429]
[INFO] [autodock_action_server-25]: process started with pid [68430]
[INFO] [battery_manager_node-26]: process started with pid [68432]
[localization_slam_toolbox_node-7] [INFO] [1774505905.826225629] [slam_toolbox]: Message Filter dropping message: frame 'laser' at time 1774505905.798 for reason 'discarding message because the queue is full'
[controller_server-10] [WARN] [1774505905.917781401] [local_costmap.local_costmap]: KeepoutFilter: Filter mask was not received
[bt_navigator-14] [INFO] [1774505906.110031987] [bt_navigator]: Creating bond (bt_navigator) to lifecycle manager.
[dock_coordinates-24] [INFO] [1774505906.127956872] [dock_coordinates]: begin dock_coordinates
[dock_coordinates-24] [INFO] [1774505906.132509622] [dock coordinates]: max_alignment_error: 0.010000
[dock_coordinates-24] [INFO] [1774505906.134018650] [dock coordinates]: minimum_point_cloud: 5
[dock_coordinates-24] [INFO] [1774505906.135586009] [dock coordinates]: point_cloud_split_dist: 0.050000
[dock_coordinates-24] [INFO] [1774505906.136828755] [dock coordinates]: max_dock_width: 0.380000
[dock_coordinates-24] [INFO] [1774505906.138010254] [dock coordinates]: min_dock_width: 0.310000
[dock_coordinates-24] [INFO] [1774505906.138998384] [dock coordinates]: range_limit: 1.200000
[lifecycle_manager-19] [INFO] [1774505906.271127587] [lifecycle_manager_navigation]: Server bt_navigator connected with bond.
[lifecycle_manager-19] [INFO] [1774505906.275129399] [lifecycle_manager_navigation]: [34m[1mActivating waypoint_follower[0m[0m
[waypoint_follower-15] [INFO] [1774505906.277947379] [waypoint_follower]: Activating
[waypoint_follower-15] [INFO] [1774505906.278885928] [waypoint_follower]: Creating bond (waypoint_follower) to lifecycle manager.
[lifecycle_manager-19] [INFO] [1774505906.506734002] [lifecycle_manager_navigation]: Server waypoint_follower connected with bond.
[lifecycle_manager-19] [INFO] [1774505906.506970826] [lifecycle_manager_navigation]: [34m[1mActivating keepout_filter_mask_server[0m[0m
[map_server-8] [INFO] [1774505906.514275350] [keepout_filter_mask_server]: Activating
[map_server-8] [INFO] [1774505906.515744713] [keepout_filter_mask_server]: Creating bond (keepout_filter_mask_server) to lifecycle manager.
[lifecycle_manager-19] [INFO] [1774505906.632592893] [lifecycle_manager_navigation]: Server keepout_filter_mask_server connected with bond.
[lifecycle_manager-19] [INFO] [1774505906.634209834] [lifecycle_manager_navigation]: [34m[1mActivating keepout_costmap_filter_info_server[0m[0m
[costmap_filter_info_server-9] [INFO] [1774505906.636009643] [keepout_costmap_filter_info_server]: Activating
[costmap_filter_info_server-9] [INFO] [1774505906.636340381] [keepout_costmap_filter_info_server]: Creating bond (keepout_costmap_filter_info_server) to lifecycle manager.
[planner_server-12] [INFO] [1774505906.636655077] [global_costmap.global_costmap]: KeepoutFilter: Received filter info from /keepout_costmap_filter_info topic.
[planner_server-12] [INFO] [1774505906.636840279] [global_costmap.global_costmap]: KeepoutFilter: Subscribing to "/keepout_filter_mask" topic for filter mask...
[controller_server-10] [INFO] [1774505906.637295262] [local_costmap.local_costmap]: KeepoutFilter: Received filter info from /keepout_costmap_filter_info topic.
[controller_server-10] [INFO] [1774505906.637418633] [local_costmap.local_costmap]: KeepoutFilter: Subscribing to "/keepout_filter_mask" topic for filter mask...
[planner_server-12] [INFO] [1774505906.704202312] [global_costmap.global_costmap]: KeepoutFilter: Received filter mask from /keepout_filter_mask topic.
[controller_server-10] [INFO] [1774505906.716844724] [local_costmap.local_costmap]: KeepoutFilter: Received filter mask from /keepout_filter_mask topic.
[lifecycle_manager-19] [INFO] [1774505906.762852290] [lifecycle_manager_navigation]: Server keepout_costmap_filter_info_server connected with bond.
[lifecycle_manager-19] [INFO] [1774505906.763262941] [lifecycle_manager_navigation]: [34m[1mManaged nodes are active[0m[0m
[lifecycle_manager-19] [INFO] [1774505906.763453976] [lifecycle_manager_navigation]: [34m[1mCreating bond timer...[0m[0m
[ekf_node-5] [ERROR] [1774505907.467794142] [ekf_filter_node]: Failed to meet update rate! Took 0.03353373099999999718seconds. Try decreasing the rate, limiting sensor output frequency, or limiting the number of sensors.
[ekf_node-5] [ERROR] [1774505907.561138932] [ekf_filter_node]: Failed to meet update rate! Took 0.025353363000000000288seconds. Try decreasing the rate, limiting sensor output frequency, or limiting the number of sensors.
[rpc_run_node-23] [0m[INFO] [1774505907.883262470] [rpc_run_node]: RPC run node started; RPC bridge configured.[0m
[rpc_run_node-23] 2026-03-26 13:18:27,888 [INFO] RPCServer listening on localhost:6000
[robot_sound-21] [0m[INFO] [1774505908.451179965] [robot_sound_node]: Sound volume set to 100% (API).[0m
[robot_sound-21] [0m[INFO] [1774505908.452164304] [robot_sound_node]: ✅ robot_sound_node started using .wav files[0m
[delivery_robot_main_controller-20] [0m[INFO] [1774505908.833689417] [main_controller_node]: Delivery Robot Main Controller Node started.[0m
[delivery_robot_main_controller-20] [0m[INFO] [1774505908.873510084] [main_controller_node]: Initial state: STANDBY[0m
[battery_manager_node-26] [INFO] [1774505908.876824462] [battery_manager]: SOC limits from API: target=1.00, resume=0.95
[battery_manager_node-26] [INFO] [1774505908.879470074] [battery_manager]: IR state: IDLE -> CHARGING (11)
[delivery_robot_main_controller-20] [0m[INFO] [1774505908.893182572] [main_controller_node]: setting_batteryLowToCharge: 40[0m
[delivery_robot_main_controller-20] [33m[WARN] [1774505908.976338651] [rcl.logging_rosout]: Publisher already registered for node name: 'main_controller_node'. If this is due to multiple nodes with the same name then all logs for the logger named 'main_controller_node' will go out over the existing publisher. As soon as any node with that name is destructed it will unregister the publisher, preventing any further logs for that name from being published on the rosout topic.[0m
[delivery_robot_main_controller-20] [33m[WARN] [1774505909.101877304] [main_controller_node]: slam_toolbox_msgs not available; initial pose service calls will be skipped.[0m
[battery_manager_node-26] [INFO] [1774505909.327239302] [battery_manager]: State change: IDLE_ON_DOCK -> CHARGING
[autodock_action_server-25] [INFO] [1774505909.505629228] [autodock_action_server]: auto_dock_init_start
[autodock_action_server-25] [INFO] [1774505909.584572629] [autodock_action_server]: auto_dock_init_complete
[autodock_action_server-25] [INFO] [1774505909.664185089] [charge_status]: IR Charge State: CHARGING (11)
[call_robot_button-22] 2026-03-26 13:18:30 mosquitto_pub -u smr -P smrbot25 -m "Production1,blink" -t "Rsp" -r
[call_robot_button-22] [0m[INFO] [1774505910.226903524] [call_robot_button_node]: call_switch notified: station=Production1 status=blink.[0m
[INFO] [bash-27]: process started with pid [68564]
[delivery_robot_main_controller-20] [0m[INFO] [1774505910.492472633] [main_controller_node]: Waiting for Nav2 system...[0m
[delivery_robot_main_controller-20] [0m[INFO] [1774505912.521201344] [main_controller_node]: Waiting for localization pose to be received from slam_toolbox/pose[0m
[delivery_robot_main_controller-20] [0m[INFO] [1774505912.522030230] [main_controller_node]: Acquired localization pose from TF map->base_link[0m
[delivery_robot_main_controller-20] [0m[INFO] [1774505914.533368078] [main_controller_node]: Nav2 is ready for use![0m
[delivery_robot_main_controller-20] [0m[INFO] [1774505914.604381061] [main_controller_node]: 1 pending queues [0m
[delivery_robot_main_controller-20] [0m[INFO] [1774505914.620903372] [main_controller_node]: Startup cleanup: removed 1 Request queue(s).[0m
[delivery_robot_main_controller-20] [0m[INFO] [1774505914.621436519] [main_controller_node]: Robot is in STANDBY mode.[0m
[delivery_robot_main_controller-20] [0m[INFO] [1774505914.661572175] [main_controller_node]: Dock State change: IDLE -> DOCKED[0m
[delivery_robot_main_controller-20] [33m[WARN] [1774505914.692891653] [main_controller_node]: Robot status id missing; refreshing before battery status.[0m
[delivery_robot_main_controller-20] [0m[INFO] [1774505915.542097348] [main_controller_node]: Current state: STANDBY, dock_state DOCKED, charge_state CHARGING[0m
[call_robot_button-22] 2026-03-26 13:18:36 mosquitto_pub -u smr -P smrbot25 -m "Production1,false" -t "Rsp" -r
[call_robot_button-22] [0m[INFO] [1774505916.147112901] [call_robot_button_node]: call_switch notified: station=Production1 status=false.[0m
[delivery_robot_main_controller-20] [0m[INFO] [1774505916.656933691] [main_controller_node]: Current state: STANDBY, dock_state DOCKED, charge_state CHARGING[0m
[delivery_robot_main_controller-20] [0m[INFO] [1774505916.764832698] [main_controller_node]: Startup: costmap not yet available, will retry.[0m
[delivery_robot_main_controller-20] [0m[INFO] [1774505917.540250887] [main_controller_node]: Current state: STANDBY, dock_state DOCKED, charge_state CHARGING[0m
[delivery_robot_main_controller-20] [0m[INFO] [1774505918.545012760] [main_controller_node]: Current state: STANDBY, dock_state DOCKED, charge_state CHARGING[0m
[delivery_robot_main_controller-20] [0m[INFO] [1774505918.641239695] [main_controller_node]: Startup: costmap not yet available, will retry.[0m
[delivery_robot_main_controller-20] [0m[INFO] [1774505919.562002603] [main_controller_node]: Current state: STANDBY, dock_state DOCKED, charge_state CHARGING[0m
[delivery_robot_main_controller-20] [0m[INFO] [1774505920.670118609] [main_controller_node]: Current state: STANDBY, dock_state DOCKED, charge_state CHARGING[0m
[delivery_robot_main_controller-20] [0m[INFO] [1774505920.720445016] [main_controller_node]: Startup: costmap not yet available, will retry.[0m
[delivery_robot_main_controller-20] [0m[INFO] [1774505921.637515851] [main_controller_node]: Current state: STANDBY, dock_state DOCKED, charge_state CHARGING[0m
[delivery_robot_main_controller-20] [0m[INFO] [1774505922.544917414] [main_controller_node]: Current state: STANDBY, dock_state DOCKED, charge_state CHARGING[0m
[delivery_robot_main_controller-20] [0m[INFO] [1774505922.634451719] [main_controller_node]: Startup: costmap not yet available, will retry.[0m
[delivery_robot_main_controller-20] [0m[INFO] [1774505923.558821828] [main_controller_node]: Current state: STANDBY, dock_state DOCKED, charge_state CHARGING[0m
[call_robot_button-22] 2026-03-26 13:18:44 mosquitto_pub -u smr -P smrbot25 -m "Packing,true" -t "Rsp" -r
[call_robot_button-22] [0m[INFO] [1774505924.204300567] [call_robot_button_node]: call_switch notified: station=Packing status=true.[0m
[delivery_robot_main_controller-20] [0m[INFO] [1774505924.538879565] [main_controller_node]: Current state: STANDBY, dock_state DOCKED, charge_state CHARGING[0m
[delivery_robot_main_controller-20] [0m[INFO] [1774505924.600861712] [main_controller_node]: Startup: costmap not yet available, will retry.[0m
[delivery_robot_main_controller-20] [0m[INFO] [1774505925.538712744] [main_controller_node]: Current state: STANDBY, dock_state DOCKED, charge_state CHARGING[0m
[delivery_robot_main_controller-20] [0m[INFO] [1774505926.540798091] [main_controller_node]: Current state: STANDBY, dock_state DOCKED, charge_state CHARGING[0m
[delivery_robot_main_controller-20] [0m[INFO] [1774505926.620151268] [main_controller_node]: Startup: costmap not yet available, will retry.[0m
[delivery_robot_main_controller-20] [0m[INFO] [1774505927.574541237] [main_controller_node]: Current state: STANDBY, dock_state DOCKED, charge_state CHARGING[0m
[delivery_robot_main_controller-20] [0m[INFO] [1774505928.548712772] [main_controller_node]: Current state: STANDBY, dock_state DOCKED, charge_state CHARGING[0m
[delivery_robot_main_controller-20] [0m[INFO] [1774505928.644822170] [main_controller_node]: Startup: costmap not yet available, will retry.[0m
[delivery_robot_main_controller-20] [0m[INFO] [1774505929.562461150] [main_controller_node]: Current state: STANDBY, dock_state DOCKED, charge_state CHARGING[0m
[delivery_robot_main_controller-20] [0m[INFO] [1774505930.539377752] [main_controller_node]: Current state: STANDBY, dock_state DOCKED, charge_state CHARGING[0m
[delivery_robot_main_controller-20] [0m[INFO] [1774505930.599640295] [main_controller_node]: Startup: costmap not yet available, will retry.[0m
[delivery_robot_main_controller-20] [0m[INFO] [1774505931.540759333] [main_controller_node]: Current state: STANDBY, dock_state DOCKED, charge_state CHARGING[0m
[delivery_robot_main_controller-20] [0m[INFO] [1774505932.602601783] [main_controller_node]: Current state: STANDBY, dock_state DOCKED, charge_state CHARGING[0m
[delivery_robot_main_controller-20] [0m[INFO] [1774505932.662763122] [main_controller_node]: Startup: costmap not yet available, will retry.[0m
[delivery_robot_main_controller-20] [0m[INFO] [1774505933.541225412] [main_controller_node]: Current state: STANDBY, dock_state DOCKED, charge_state CHARGING[0m
[delivery_robot_main_controller-20] [0m[INFO] [1774505934.579011201] [main_controller_node]: Current state: STANDBY, dock_state DOCKED, charge_state CHARGING[0m
[delivery_robot_main_controller-20] [0m[INFO] [1774505934.642171930] [main_controller_node]: Startup: costmap not yet available, will retry.[0m
[delivery_robot_main_controller-20] [0m[INFO] [1774505935.543537673] [main_controller_node]: Current state: STANDBY, dock_state DOCKED, charge_state CHARGING[0m
[delivery_robot_main_controller-20] [0m[INFO] [1774505936.543398268] [main_controller_node]: Current state: STANDBY, dock_state DOCKED, charge_state CHARGING[0m
[delivery_robot_main_controller-20] [0m[INFO] [1774505936.607699955] [main_controller_node]: Startup: costmap not yet available, will retry.[0m
[delivery_robot_main_controller-20] [0m[INFO] [1774505937.615567965] [main_controller_node]: Current state: STANDBY, dock_state DOCKED, charge_state CHARGING[0m
[delivery_robot_main_controller-20] [0m[INFO] [1774505938.546250677] [main_controller_node]: Current state: STANDBY, dock_state DOCKED, charge_state CHARGING[0m
[delivery_robot_main_controller-20] [0m[INFO] [1774505938.669778070] [main_controller_node]: Startup: costmap not yet available, will retry.[0m
[delivery_robot_main_controller-20] [0m[INFO] [1774505939.602632160] [main_controller_node]: Current state: STANDBY, dock_state DOCKED, charge_state CHARGING[0m
[delivery_robot_main_controller-20] [0m[INFO] [1774505940.539077119] [main_controller_node]: Current state: STANDBY, dock_state DOCKED, charge_state CHARGING[0m
[delivery_robot_main_controller-20] [0m[INFO] [1774505940.585399964] [main_controller_node]: Startup: costmap not yet available, will retry.[0m
[delivery_robot_main_controller-20] [0m[INFO] [1774505941.538996628] [main_controller_node]: Current state: STANDBY, dock_state DOCKED, charge_state CHARGING[0m
[delivery_robot_main_controller-20] [0m[INFO] [1774505942.560872584] [main_controller_node]: Current state: STANDBY, dock_state DOCKED, charge_state CHARGING[0m
[delivery_robot_main_controller-20] [0m[INFO] [1774505942.625717334] [main_controller_node]: Startup: costmap not yet available, will retry.[0m
[delivery_robot_main_controller-20] [0m[INFO] [1774505943.617050491] [main_controller_node]: Current state: STANDBY, dock_state DOCKED, charge_state CHARGING[0m
[delivery_robot_main_controller-20] [0m[INFO] [1774505944.616349648] [main_controller_node]: Current state: STANDBY, dock_state DOCKED, charge_state CHARGING[0m
[delivery_robot_main_controller-20] [0m[INFO] [1774505944.675180744] [main_controller_node]: Startup: costmap not yet available, will retry.[0m
[delivery_robot_main_controller-20] [0m[INFO] [1774505945.552955601] [main_controller_node]: Current state: STANDBY, dock_state DOCKED, charge_state CHARGING[0m
[delivery_robot_main_controller-20] [0m[INFO] [1774505946.542643527] [main_controller_node]: Current state: STANDBY, dock_state DOCKED, charge_state CHARGING[0m
[delivery_robot_main_controller-20] [0m[INFO] [1774505946.624426782] [main_controller_node]: Startup: costmap not yet available, will retry.[0m
[delivery_robot_main_controller-20] [0m[INFO] [1774505947.541456785] [main_controller_node]: Current state: STANDBY, dock_state DOCKED, charge_state CHARGING[0m
[delivery_robot_main_controller-20] [0m[INFO] [1774505948.632993898] [main_controller_node]: Current state: STANDBY, dock_state DOCKED, charge_state CHARGING[0m
[delivery_robot_main_controller-20] [0m[INFO] [1774505948.709118735] [main_controller_node]: Startup: costmap not yet available, will retry.[0m
[delivery_robot_main_controller-20] [0m[INFO] [1774505949.543246691] [main_controller_node]: Current state: STANDBY, dock_state DOCKED, charge_state CHARGING[0m
[delivery_robot_main_controller-20] [0m[INFO] [1774505950.568782345] [main_controller_node]: Current state: STANDBY, dock_state DOCKED, charge_state CHARGING[0m
[delivery_robot_main_controller-20] [0m[INFO] [1774505950.657775628] [main_controller_node]: Startup: costmap not yet available, will retry.[0m
[delivery_robot_main_controller-20] [0m[INFO] [1774505951.544275083] [main_controller_node]: Current state: STANDBY, dock_state DOCKED, charge_state CHARGING[0m
[delivery_robot_main_controller-20] [0m[INFO] [1774505952.543165046] [main_controller_node]: Current state: STANDBY, dock_state DOCKED, charge_state CHARGING[0m
[delivery_robot_main_controller-20] [0m[INFO] [1774505952.603928363] [main_controller_node]: Startup: costmap not yet available, will retry.[0m
[delivery_robot_main_controller-20] [0m[INFO] [1774505953.578014443] [main_controller_node]: Current state: STANDBY, dock_state DOCKED, charge_state CHARGING[0m
[delivery_robot_main_controller-20] [0m[INFO] [1774505954.610296101] [main_controller_node]: Current state: STANDBY, dock_state DOCKED, charge_state CHARGING[0m
[delivery_robot_main_controller-20] [0m[INFO] [1774505954.675701998] [main_controller_node]: Startup: costmap not yet available, will retry.[0m
[delivery_robot_main_controller-20] [0m[INFO] [1774505955.543263062] [main_controller_node]: Current state: STANDBY, dock_state DOCKED, charge_state CHARGING[0m
[delivery_robot_main_controller-20] [0m[INFO] [1774505956.545288911] [main_controller_node]: Current state: STANDBY, dock_state DOCKED, charge_state CHARGING[0m
[delivery_robot_main_controller-20] [0m[INFO] [1774505956.621786485] [main_controller_node]: Startup: costmap not yet available, will retry.[0m
[delivery_robot_main_controller-20] [0m[INFO] [1774505957.586457618] [main_controller_node]: Current state: STANDBY, dock_state DOCKED, charge_state CHARGING[0m
[delivery_robot_main_controller-20] [0m[INFO] [1774505958.545072223] [main_controller_node]: Current state: STANDBY, dock_state DOCKED, charge_state CHARGING[0m
[delivery_robot_main_controller-20] [0m[INFO] [1774505958.634104296] [main_controller_node]: Startup: costmap not yet available, will retry.[0m
[delivery_robot_main_controller-20] [0m[INFO] [1774505959.591280163] [main_controller_node]: Current state: STANDBY, dock_state DOCKED, charge_state CHARGING[0m
[delivery_robot_main_controller-20] [0m[INFO] [1774505960.550421207] [main_controller_node]: Current state: STANDBY, dock_state DOCKED, charge_state CHARGING[0m
[delivery_robot_main_controller-20] [0m[INFO] [1774505960.616407499] [main_controller_node]: Startup: costmap not yet available, will retry.[0m
[delivery_robot_main_controller-20] [0m[INFO] [1774505961.543113773] [main_controller_node]: Current state: STANDBY, dock_state DOCKED, charge_state CHARGING[0m
[delivery_robot_main_controller-20] [0m[INFO] [1774505962.602763261] [main_controller_node]: Current state: STANDBY, dock_state DOCKED, charge_state CHARGING[0m
[delivery_robot_main_controller-20] [0m[INFO] [1774505962.664570998] [main_controller_node]: Startup: costmap not yet available, will retry.[0m
[delivery_robot_main_controller-20] [0m[INFO] [1774505963.611209917] [main_controller_node]: Current state: STANDBY, dock_state DOCKED, charge_state CHARGING[0m
[delivery_robot_main_controller-20] [0m[INFO] [1774505964.621897074] [main_controller_node]: Current state: STANDBY, dock_state DOCKED, charge_state CHARGING[0m
[delivery_robot_main_controller-20] [0m[INFO] [1774505964.714912293] [main_controller_node]: Startup: costmap not yet available, will retry.[0m
[delivery_robot_main_controller-20] [0m[INFO] [1774505965.561267050] [main_controller_node]: Current state: STANDBY, dock_state DOCKED, charge_state CHARGING[0m
[delivery_robot_main_controller-20] [0m[INFO] [1774505966.539699388] [main_controller_node]: Current state: STANDBY, dock_state DOCKED, charge_state CHARGING[0m
[delivery_robot_main_controller-20] [0m[INFO] [1774505966.623491861] [main_controller_node]: Startup: costmap not yet available, will retry.[0m
[delivery_robot_main_controller-20] [0m[INFO] [1774505967.543943864] [main_controller_node]: Current state: STANDBY, dock_state DOCKED, charge_state CHARGING[0m
[delivery_robot_main_controller-20] [0m[INFO] [1774505968.592990200] [main_controller_node]: Current state: STANDBY, dock_state DOCKED, charge_state CHARGING[0m
[delivery_robot_main_controller-20] [0m[INFO] [1774505968.690769619] [main_controller_node]: Startup: costmap not yet available, will retry.[0m
[delivery_robot_main_controller-20] [0m[INFO] [1774505969.583258812] [main_controller_node]: Current state: STANDBY, dock_state DOCKED, charge_state CHARGING[0m
[delivery_robot_main_controller-20] [0m[INFO] [1774505970.607557846] [main_controller_node]: Current state: STANDBY, dock_state DOCKED, charge_state CHARGING[0m
[delivery_robot_main_controller-20] [0m[INFO] [1774505970.679725786] [main_controller_node]: Startup: costmap not yet available, will retry.[0m
[delivery_robot_main_controller-20] [0m[INFO] [1774505971.556135985] [main_controller_node]: Current state: STANDBY, dock_state DOCKED, charge_state CHARGING[0m
[delivery_robot_main_controller-20] [0m[INFO] [1774505972.547130238] [main_controller_node]: Current state: STANDBY, dock_state DOCKED, charge_state CHARGING[0m
[delivery_robot_main_controller-20] [0m[INFO] [1774505972.624980512] [main_controller_node]: Startup: costmap not yet available, will retry.[0m
[delivery_robot_main_controller-20] [0m[INFO] [1774505973.566041802] [main_controller_node]: Current state: STANDBY, dock_state DOCKED, charge_state CHARGING[0m
[delivery_robot_main_controller-20] [0m[INFO] [1774505974.551924492] [main_controller_node]: Current state: STANDBY, dock_state DOCKED, charge_state CHARGING[0m
[delivery_robot_main_controller-20] [0m[INFO] [1774505974.635103904] [main_controller_node]: Startup: costmap not yet available, will retry.[0m
[delivery_robot_main_controller-20] [0m[INFO] [1774505975.560873087] [main_controller_node]: Current state: STANDBY, dock_state DOCKED, charge_state CHARGING[0m
[delivery_robot_main_controller-20] [0m[INFO] [1774505976.566754628] [main_controller_node]: Current state: STANDBY, dock_state DOCKED, charge_state CHARGING[0m
[delivery_robot_main_controller-20] [0m[INFO] [1774505976.646145721] [main_controller_node]: Startup: costmap not yet available, will retry.[0m
[delivery_robot_main_controller-20] [0m[INFO] [1774505977.538373007] [main_controller_node]: Current state: STANDBY, dock_state DOCKED, charge_state CHARGING[0m
[delivery_robot_main_controller-20] [0m[INFO] [1774505978.544153052] [main_controller_node]: Current state: STANDBY, dock_state DOCKED, charge_state CHARGING[0m
[delivery_robot_main_controller-20] [0m[INFO] [1774505978.639650264] [main_controller_node]: Startup: costmap not yet available, will retry.[0m
[delivery_robot_main_controller-20] [0m[INFO] [1774505979.573575023] [main_controller_node]: Current state: STANDBY, dock_state DOCKED, charge_state CHARGING[0m
[delivery_robot_main_controller-20] [0m[INFO] [1774505980.566495955] [main_controller_node]: Current state: STANDBY, dock_state DOCKED, charge_state CHARGING[0m
[delivery_robot_main_controller-20] [0m[INFO] [1774505980.642414008] [main_controller_node]: Startup: costmap not yet available, will retry.[0m
[delivery_robot_main_controller-20] [0m[INFO] [1774505981.557700784] [main_controller_node]: Current state: STANDBY, dock_state DOCKED, charge_state CHARGING[0m
[delivery_robot_main_controller-20] [0m[INFO] [1774505982.540353384] [main_controller_node]: Current state: STANDBY, dock_state DOCKED, charge_state CHARGING[0m
[delivery_robot_main_controller-20] [0m[INFO] [1774505982.610570437] [main_controller_node]: Startup: costmap not yet available, will retry.[0m
[delivery_robot_main_controller-20] [0m[INFO] [1774505983.611940060] [main_controller_node]: Current state: STANDBY, dock_state DOCKED, charge_state CHARGING[0m
[delivery_robot_main_controller-20] [0m[INFO] [1774505984.544085718] [main_controller_node]: Current state: STANDBY, dock_state DOCKED, charge_state CHARGING[0m
[delivery_robot_main_controller-20] [0m[INFO] [1774505984.615366150] [main_controller_node]: Startup: costmap not yet available, will retry.[0m
[delivery_robot_main_controller-20] [0m[INFO] [1774505985.545171268] [main_controller_node]: Current state: STANDBY, dock_state DOCKED, charge_state CHARGING[0m
[delivery_robot_main_controller-20] [0m[INFO] [1774505986.591732986] [main_controller_node]: Current state: STANDBY, dock_state DOCKED, charge_state CHARGING[0m
[delivery_robot_main_controller-20] [0m[INFO] [1774505986.681340497] [main_controller_node]: Startup: costmap not yet available, will retry.[0m
[delivery_robot_main_controller-20] [0m[INFO] [1774505987.564165960] [main_controller_node]: Current state: STANDBY, dock_state DOCKED, charge_state CHARGING[0m
[delivery_robot_main_controller-20] [0m[INFO] [1774505988.553070790] [main_controller_node]: Current state: STANDBY, dock_state DOCKED, charge_state CHARGING[0m
[delivery_robot_main_controller-20] [0m[INFO] [1774505988.746984106] [main_controller_node]: Startup: costmap not yet available, will retry.[0m
[ekf_node-5] [ERROR] [1774505988.959227417] [ekf_filter_node]: Failed to meet update rate! Took 0.026878432000000000712seconds. Try decreasing the rate, limiting sensor output frequency, or limiting the number of sensors.
[delivery_robot_main_controller-20] [0m[INFO] [1774505989.559935795] [main_controller_node]: Current state: STANDBY, dock_state DOCKED, charge_state CHARGING[0m
[delivery_robot_main_controller-20] [0m[INFO] [1774505990.591911797] [main_controller_node]: Current state: STANDBY, dock_state DOCKED, charge_state CHARGING[0m
[delivery_robot_main_controller-20] [0m[INFO] [1774505990.699443318] [main_controller_node]: Startup: costmap not yet available, will retry.[0m
[delivery_robot_main_controller-20] [0m[INFO] [1774505991.545506128] [main_controller_node]: Current state: STANDBY, dock_state DOCKED, charge_state CHARGING[0m
[delivery_robot_main_controller-20] [0m[INFO] [1774505992.652589380] [main_controller_node]: Current state: STANDBY, dock_state DOCKED, charge_state CHARGING[0m
[delivery_robot_main_controller-20] [0m[INFO] [1774505992.773851189] [main_controller_node]: Startup: costmap not yet available, will retry.[0m
[delivery_robot_main_controller-20] [0m[INFO] [1774505993.695624102] [main_controller_node]: Current state: STANDBY, dock_state DOCKED, charge_state CHARGING[0m
[delivery_robot_main_controller-20] [0m[INFO] [1774505994.701406188] [main_controller_node]: Current state: STANDBY, dock_state DOCKED, charge_state CHARGING[0m
[delivery_robot_main_controller-20] [0m[INFO] [1774505994.864354971] [main_controller_node]: Startup: costmap not yet available, will retry.[0m
[delivery_robot_main_controller-20] [0m[INFO] [1774505995.587769731] [main_controller_node]: Current state: STANDBY, dock_state DOCKED, charge_state CHARGING[0m
[call_robot_button-22] 2026-03-26 13:19:56 mosquitto_pub -u smr -P smrbot25 -m "Packing,false" -t "Rsp" -r
[call_robot_button-22] [0m[INFO] [1774505996.201125479] [call_robot_button_node]: call_switch notified: station=Packing status=false.[0m
[delivery_robot_main_controller-20] [0m[INFO] [1774505996.624045617] [main_controller_node]: Current state: STANDBY, dock_state DOCKED, charge_state CHARGING[0m
[delivery_robot_main_controller-20] [0m[INFO] [1774505996.743399705] [main_controller_node]: Startup: costmap not yet available, will retry.[0m
[delivery_robot_main_controller-20] [0m[INFO] [1774505997.701422832] [main_controller_node]: Current state: STANDBY, dock_state DOCKED, charge_state CHARGING[0m
[delivery_robot_main_controller-20] [0m[INFO] [1774505998.587631505] [main_controller_node]: Current state: STANDBY, dock_state DOCKED, charge_state CHARGING[0m
[delivery_robot_main_controller-20] [0m[INFO] [1774505998.789620484] [main_controller_node]: Startup: costmap not yet available, will retry.[0m
[delivery_robot_main_controller-20] [0m[INFO] [1774505999.552775996] [main_controller_node]: Current state: STANDBY, dock_state DOCKED, charge_state CHARGING[0m
[bash-27] 4
[bash-27] queue action->Request :  current state-> STANDBY : previous state-> 
[bash-27] Queue empty: current state-> STANDBY : queue_action-> Request
[bash-27] queue action->Idle :  current state-> LOAD_IN : previous state-> STANDBY
[bash-27] queue action->Idle :  current state-> STANDBY : previous state-> LOAD_IN
[bash-27] Packing
[bash-27] Queue empty: current state-> STANDBY : queue_action-> Request
[delivery_robot_main_controller-20] [0m[INFO] [1774506000.676417142] [main_controller_node]: Current state: STANDBY, dock_state DOCKED, charge_state CHARGING[0m
[delivery_robot_main_controller-20] [0m[INFO] [1774506000.791094526] [main_controller_node]: Startup: costmap not yet available, will retry.[0m
[INFO] [bash-27]: process has finished cleanly [pid 68564]
[INFO] [battery_manager_node-26]: sending signal 'SIGINT' to process[battery_manager_node-26]
[INFO] [autodock_action_server-25]: sending signal 'SIGINT' to process[autodock_action_server-25]
[INFO] [dock_coordinates-24]: sending signal 'SIGINT' to process[dock_coordinates-24]
[INFO] [rpc_run_node-23]: sending signal 'SIGINT' to process[rpc_run_node-23]
[INFO] [dock_coordinates-24]: process has finished cleanly [pid 68429]
[INFO] [call_robot_button-22]: sending signal 'SIGINT' to process[call_robot_button-22]
[INFO] [robot_sound-21]: sending signal 'SIGINT' to process[robot_sound-21]
[INFO] [delivery_robot_main_controller-20]: sending signal 'SIGINT' to process[delivery_robot_main_controller-20]
[INFO] [lifecycle_manager-19]: sending signal 'SIGINT' to process[lifecycle_manager-19]
[INFO] [collision_detector-18]: sending signal 'SIGINT' to process[collision_detector-18]
[INFO] [collision_monitor-17]: sending signal 'SIGINT' to process[collision_monitor-17]
[INFO] [velocity_smoother-16]: sending signal 'SIGINT' to process[velocity_smoother-16]
[INFO] [waypoint_follower-15]: sending signal 'SIGINT' to process[waypoint_follower-15]
[INFO] [bt_navigator-14]: sending signal 'SIGINT' to process[bt_navigator-14]
[INFO] [behavior_server-13]: sending signal 'SIGINT' to process[behavior_server-13]
[INFO] [planner_server-12]: sending signal 'SIGINT' to process[planner_server-12]
[INFO] [smoother_server-11]: sending signal 'SIGINT' to process[smoother_server-11]
[INFO] [controller_server-10]: sending signal 'SIGINT' to process[controller_server-10]
[INFO] [costmap_filter_info_server-9]: sending signal 'SIGINT' to process[costmap_filter_info_server-9]
[INFO] [map_server-8]: sending signal 'SIGINT' to process[map_server-8]
[INFO] [localization_slam_toolbox_node-7]: sending signal 'SIGINT' to process[localization_slam_toolbox_node-7]
[INFO] [robot_hardware-6]: sending signal 'SIGINT' to process[robot_hardware-6]
[INFO] [ekf_node-5]: sending signal 'SIGINT' to process[ekf_node-5]
[INFO] [scan_to_scan_filter_chain-4]: sending signal 'SIGINT' to process[scan_to_scan_filter_chain-4]
[INFO] [rplidar_node-3]: sending signal 'SIGINT' to process[rplidar_node-3]
[INFO] [joint_state_publisher-2]: sending signal 'SIGINT' to process[joint_state_publisher-2]
[INFO] [robot_state_publisher-1]: sending signal 'SIGINT' to process[robot_state_publisher-1]
[battery_manager_node-26] Traceback (most recent call last):
[battery_manager_node-26]   File "/home/smr/workspaces/mini_amr/amrROS2_ws/install/battery_management/lib/battery_management/battery_manager_node", line 33, in <module>
[battery_manager_node-26]     sys.exit(load_entry_point('battery-management==0.0.0', 'console_scripts', 'battery_manager_node')())
[battery_manager_node-26]              ^^^^^^^^^^^^^^^^^^^^^^^^^^^^^^^^^^^^^^^^^^^^^^^^^^^^^^^^^^^^^^^^^^^^^^^^^^^^^^^^^^^^^^^^^^
[battery_manager_node-26]   File "/home/smr/workspaces/mini_amr/amrROS2_ws/install/battery_management/lib/python3.12/site-packages/battery_management/battery_manager_node.py", line 311, in main
[battery_manager_node-26]     rclpy.spin(node)
[battery_manager_node-26]   File "/opt/ros/jazzy/lib/python3.12/site-packages/rclpy/__init__.py", line 247, in spin
[battery_manager_node-26]     executor.spin_once()
[battery_manager_node-26]   File "/opt/ros/jazzy/lib/python3.12/site-packages/rclpy/executors.py", line 845, in spin_once
[battery_manager_node-26]     self._spin_once_impl(timeout_sec)
[battery_manager_node-26]   File "/opt/ros/jazzy/lib/python3.12/site-packages/rclpy/executors.py", line 829, in _spin_once_impl
[battery_manager_node-26]     handler, entity, node = self.wait_for_ready_callbacks(
[battery_manager_node-26]                             ^^^^^^^^^^^^^^^^^^^^^^^^^^^^^^
[battery_manager_node-26]   File "/opt/ros/jazzy/lib/python3.12/site-packages/rclpy/executors.py", line 799, in wait_for_ready_callbacks
[battery_manager_node-26]     return next(self._cb_iter)
[battery_manager_node-26]            ^^^^^^^^^^^^^^^^^^^
[battery_manager_node-26]   File "/opt/ros/jazzy/lib/python3.12/site-packages/rclpy/executors.py", line 703, in _wait_for_ready_callbacks
[battery_manager_node-26]     wait_set.wait(timeout_nsec)
[battery_manager_node-26] KeyboardInterrupt
[delivery_robot_main_controller-20] [0m[INFO] [1774506001.589733781] [main_controller_node]: Current state: STANDBY, dock_state DOCKED, charge_state CHARGING[0m
[dock_coordinates-24] [INFO] [1774506001.619922217] [rclcpp]: signal_handler(signum=2)
[rpc_run_node-23] [0m[INFO] [1774506001.753057342] [rpc_run_node]: RPC run node stopped by user.[0m
[rpc_run_node-23] Failed to publish log message to rosout: publisher's context is invalid, at ./src/rcl/publisher.c:423
[rpc_run_node-23] 2026-03-26 13:20:01,757 [INFO] RPCServer stopped.
[call_robot_button-22] [0m[INFO] [1774506001.851250038] [call_robot_button_node]: CallRobotButton interrupted by user.[0m
[call_robot_button-22] Failed to publish log message to rosout: publisher's context is invalid, at ./src/rcl/publisher.c:423
[robot_sound-21] [0m[INFO] [1774506001.902655864] [robot_sound_node]: 🔚 robot_sound_node stopped by user.[0m
[robot_sound-21] Failed to publish log message to rosout: publisher's context is invalid, at ./src/rcl/publisher.c:423
[lifecycle_manager-19] [INFO] [1774506001.998570143] [rclcpp]: signal_handler(signum=2)
[lifecycle_manager-19] [INFO] [1774506001.998706638] [lifecycle_manager_navigation]: Running Nav2 LifecycleManager rcl preshutdown (lifecycle_manager_navigation)
[lifecycle_manager-19] [INFO] [1774506001.998804926] [lifecycle_manager_navigation]: [34m[1mTerminating bond timer...[0m[0m
[collision_detector-18] [INFO] [1774506002.035260175] [rclcpp]: signal_handler(signum=2)
[collision_detector-18] [INFO] [1774506002.035893068] [collision_detector]: Running Nav2 LifecycleNode rcl preshutdown (collision_detector)
[collision_detector-18] [INFO] [1774506002.037664003] [collision_detector]: Deactivating
[collision_detector-18] [INFO] [1774506002.037713293] [collision_detector]: Destroying bond (collision_detector) to lifecycle manager.
[delivery_robot_main_controller-20] [0m[INFO] [1774506002.057524318] [main_controller_node]: Node stopped by user.[0m
[delivery_robot_main_controller-20] Failed to publish log message to rosout: publisher's context is invalid, at ./src/rcl/publisher.c:423
[collision_monitor-17] [INFO] [1774506002.055656553] [rclcpp]: signal_handler(signum=2)
[collision_monitor-17] [INFO] [1774506002.055912335] [collision_monitor]: Running Nav2 LifecycleNode rcl preshutdown (collision_monitor)
[collision_monitor-17] [INFO] [1774506002.056297613] [collision_monitor]: Deactivating
[collision_monitor-17] [INFO] [1774506002.056481939] [collision_monitor]: Destroying bond (collision_monitor) to lifecycle manager.
[velocity_smoother-16] [INFO] [1774506002.109775363] [rclcpp]: signal_handler(signum=2)
[velocity_smoother-16] [INFO] [1774506002.110078685] [velocity_smoother]: Running Nav2 LifecycleNode rcl preshutdown (velocity_smoother)
[velocity_smoother-16] [INFO] [1774506002.110375882] [velocity_smoother]: Deactivating
[velocity_smoother-16] [INFO] [1774506002.114111995] [velocity_smoother]: Destroying bond (velocity_smoother) to lifecycle manager.
[collision_detector-18] [INFO] [1774506002.130923047] [collision_detector]: Cleaning up
[collision_detector-18] [INFO] [1774506002.131013168] [collision_monitor]: [PolygonStop]: Destroying Circle
[collision_detector-18] [INFO] [1774506002.131023085] [collision_monitor]: [PolygonStop]: Destroying Polygon
[collision_detector-18] [INFO] [1774506002.131032126] [collision_monitor]: [PolygonSlow]: Destroying Polygon
[collision_detector-18] [INFO] [1774506002.131039126] [collision_monitor]: [scan]: Destroying Scan
[collision_detector-18] [INFO] [1774506002.135159641] [collision_detector]: Destroying bond (collision_detector) to lifecycle manager.
[collision_monitor-17] [INFO] [1774506002.140190999] [collision_monitor]: Cleaning up
[collision_monitor-17] [INFO] [1774506002.142221216] [collision_monitor]: [PolygonStop]: Destroying Circle
[collision_monitor-17] [INFO] [1774506002.145301687] [collision_monitor]: [PolygonStop]: Destroying Polygon
[collision_monitor-17] [INFO] [1774506002.152075980] [collision_monitor]: [PolygonSlow]: Destroying Polygon
[collision_monitor-17] [INFO] [1774506002.155727222] [collision_monitor]: [FootprintApproach]: Destroying Polygon
[collision_monitor-17] [INFO] [1774506002.160691498] [collision_monitor]: [scan]: Destroying Scan
[waypoint_follower-15] [INFO] [1774506002.159845987] [rclcpp]: signal_handler(signum=2)
[waypoint_follower-15] [INFO] [1774506002.160020689] [waypoint_follower]: Running Nav2 LifecycleNode rcl preshutdown (waypoint_follower)
[waypoint_follower-15] [INFO] [1774506002.160173809] [waypoint_follower]: Deactivating
[waypoint_follower-15] [INFO] [1774506002.168136309] [waypoint_follower]: Destroying bond (waypoint_follower) to lifecycle manager.
[bt_navigator-14] [INFO] [1774506002.191613157] [rclcpp]: signal_handler(signum=2)
[bt_navigator-14] [INFO] [1774506002.191866898] [bt_navigator]: Running Nav2 LifecycleNode rcl preshutdown (bt_navigator)
[bt_navigator-14] [INFO] [1774506002.192058225] [bt_navigator]: Deactivating
[bt_navigator-14] [INFO] [1774506002.193847242] [bt_navigator]: Destroying bond (bt_navigator) to lifecycle manager.
[velocity_smoother-16] [INFO] [1774506002.215219210] [velocity_smoother]: Cleaning up
[velocity_smoother-16] [INFO] [1774506002.215565697] [velocity_smoother]: Destroying bond (velocity_smoother) to lifecycle manager.
[behavior_server-13] [INFO] [1774506002.230304532] [rclcpp]: signal_handler(signum=2)
[behavior_server-13] [INFO] [1774506002.230546023] [behavior_server]: Running Nav2 LifecycleNode rcl preshutdown (behavior_server)
[behavior_server-13] [INFO] [1774506002.230763891] [behavior_server]: Deactivating
[behavior_server-13] [INFO] [1774506002.231935473] [behavior_server]: Destroying bond (behavior_server) to lifecycle manager.
[collision_monitor-17] [INFO] [1774506002.243334847] [collision_monitor]: Destroying bond (collision_monitor) to lifecycle manager.
[waypoint_follower-15] [INFO] [1774506002.270478395] [waypoint_follower]: Cleaning up
[waypoint_follower-15] [INFO] [1774506002.316215595] [waypoint_follower]: Destroying bond (waypoint_follower) to lifecycle manager.
[planner_server-12] [INFO] [1774506002.279685391] [rclcpp]: signal_handler(signum=2)
[planner_server-12] [INFO] [1774506002.279814011] [planner_server]: Running Nav2 LifecycleNode rcl preshutdown (planner_server)
[planner_server-12] [INFO] [1774506002.280028670] [planner_server]: Deactivating
[planner_server-12] [INFO] [1774506002.280120833] [global_costmap.global_costmap]: Deactivating
[bt_navigator-14] [INFO] [1774506002.294413143] [bt_navigator]: Cleaning up
[collision_detector-18] [INFO] [1774506002.336970418] [collision_detector]: Destroying
[smoother_server-11] [INFO] [1774506002.391028564] [rclcpp]: signal_handler(signum=2)
[smoother_server-11] [INFO] [1774506002.391160392] [smoother_server]: Running Nav2 LifecycleNode rcl preshutdown (smoother_server)
[smoother_server-11] [INFO] [1774506002.391384384] [smoother_server]: Deactivating
[smoother_server-11] [INFO] [1774506002.391468964] [smoother_server]: Destroying bond (smoother_server) to lifecycle manager.
[controller_server-10] [INFO] [1774506002.404268870] [rclcpp]: signal_handler(signum=2)
[controller_server-10] [INFO] [1774506002.404700230] [controller_server]: Running Nav2 LifecycleNode rcl preshutdown (controller_server)
[controller_server-10] [INFO] [1774506002.404992469] [controller_server]: Deactivating
[controller_server-10] [INFO] [1774506002.405182337] [MPPIController]: Deactivated MPPI Controller: FollowPath
[controller_server-10] [INFO] [1774506002.405261667] [local_costmap.local_costmap]: Deactivating
[controller_server-10] [INFO] [1774506002.418651010] [controller_server]: Destroying bond (controller_server) to lifecycle manager.
[map_server-8] [INFO] [1774506002.433055025] [rclcpp]: signal_handler(signum=2)
[map_server-8] [INFO] [1774506002.433252476] [keepout_filter_mask_server]: Running Nav2 LifecycleNode rcl preshutdown (keepout_filter_mask_server)
[map_server-8] [INFO] [1774506002.433660794] [keepout_filter_mask_server]: Deactivating
[map_server-8] [INFO] [1774506002.433761707] [keepout_filter_mask_server]: Destroying bond (keepout_filter_mask_server) to lifecycle manager.
[velocity_smoother-16] [INFO] [1774506002.434042863] [velocity_smoother]: Destroying
[costmap_filter_info_server-9] [INFO] [1774506002.435492394] [rclcpp]: signal_handler(signum=2)
[costmap_filter_info_server-9] [INFO] [1774506002.435800674] [keepout_costmap_filter_info_server]: Running Nav2 LifecycleNode rcl preshutdown (keepout_costmap_filter_info_server)
[costmap_filter_info_server-9] [INFO] [1774506002.436130537] [keepout_costmap_filter_info_server]: Deactivating
[costmap_filter_info_server-9] [INFO] [1774506002.436277532] [keepout_costmap_filter_info_server]: Destroying bond (keepout_costmap_filter_info_server) to lifecycle manager.
[localization_slam_toolbox_node-7] [INFO] [1774506002.461460276] [rclcpp]: signal_handler(signum=2)
[robot_hardware-6] [INFO] [1774506002.468409563] [rclcpp]: signal_handler(signum=2)
[localization_slam_toolbox_node-7] Unregistering sensor: Custom Described Lidar
[scan_to_scan_filter_chain-4] [INFO] [1774506002.488000971] [rclcpp]: signal_handler(signum=2)
[smoother_server-11] [INFO] [1774506002.492134028] [smoother_server]: Cleaning up
[ekf_node-5] [INFO] [1774506002.500761795] [rclcpp]: signal_handler(signum=2)
[behavior_server-13] [INFO] [1774506002.515166101] [behavior_server]: Cleaning up
[behavior_server-13] [INFO] [1774506002.525310771] [behavior_server]: Destroying bond (behavior_server) to lifecycle manager.
[controller_server-10] [INFO] [1774506002.519157705] [controller_server]: Cleaning up
[controller_server-10] [INFO] [1774506002.521147382] [MPPIController]: Cleaned up MPPI Controller: FollowPath
[controller_server-10] [INFO] [1774506002.525577053] [local_costmap.local_costmap]: Cleaning up
[collision_monitor-17] [INFO] [1774506002.514161055] [collision_monitor]: Destroying
[map_server-8] [INFO] [1774506002.535468274] [keepout_filter_mask_server]: Cleaning up
[map_server-8] [INFO] [1774506002.535663392] [keepout_filter_mask_server]: Destroying bond (keepout_filter_mask_server) to lifecycle manager.
[robot_state_publisher-1] [INFO] [1774506002.535581145] [rclcpp]: signal_handler(signum=2)
[costmap_filter_info_server-9] [INFO] [1774506002.537343039] [keepout_costmap_filter_info_server]: Cleaning up
[costmap_filter_info_server-9] [INFO] [1774506002.537720442] [keepout_costmap_filter_info_server]: Destroying bond (keepout_costmap_filter_info_server) to lifecycle manager.
[planner_server-12] [INFO] [1774506002.576125119] [planner_server]: Deactivating plugin GridBased of type SmacPlanner2D
[planner_server-12] [INFO] [1774506002.576220490] [planner_server]: Destroying bond (planner_server) to lifecycle manager.
[rplidar_node-3] [INFO] [1774506002.803075183] [rplidar_node]: Stop motor
[waypoint_follower-15] [INFO] [1774506002.818161381] [waypoint_follower]: Destroying
[smoother_server-11] [INFO] [1774506002.836953651] [smoother_server]: Destroying bond (smoother_server) to lifecycle manager.
[smoother_server-11] [INFO] [1774506002.998244661] [smoother_server]: Destroying
[map_server-8] [INFO] [1774506003.087489352] [keepout_filter_mask_server]: Destroying
[controller_server-10] [INFO] [1774506003.100490209] [controller_server]: Destroying bond (controller_server) to lifecycle manager.
[controller_server-10] [INFO] [1774506003.184034775] [local_costmap.local_costmap]: Destroying
[costmap_filter_info_server-9] [INFO] [1774506003.204009710] [keepout_costmap_filter_info_server]: Destroying
[behavior_server-13] [INFO] [1774506003.231432081] [behavior_server]: Destroying
[planner_server-12] [INFO] [1774506003.235189485] [planner_server]: Cleaning up
[planner_server-12] [INFO] [1774506003.361359865] [global_costmap.global_costmap]: Cleaning up
[planner_server-12] [INFO] [1774506003.410253949] [planner_server]: Cleaning up plugin GridBased of type SmacPlanner2D
[planner_server-12] [INFO] [1774506003.514145312] [planner_server]: Destroying plugin GridBased of type SmacPlanner2D
[call_robot_button-22] Traceback (most recent call last):
[call_robot_button-22]   File "/home/smr/workspaces/mini_amr/amrROS2_ws/install/delivery_robot_main_controller/lib/delivery_robot_main_controller/call_robot_button", line 33, in <module>
[call_robot_button-22]     sys.exit(load_entry_point('delivery-robot-main-controller==0.0.1', 'console_scripts', 'call_robot_button')())
[call_robot_button-22]              ^^^^^^^^^^^^^^^^^^^^^^^^^^^^^^^^^^^^^^^^^^^^^^^^^^^^^^^^^^^^^^^^^^^^^^^^^^^^^^^^^^^^^^^^^^^^^^^^^^^
[autodock_action_server-25] Traceback (most recent call last):
[autodock_action_server-25]   File "/home/smr/workspaces/mini_amr/amrROS2_ws/install/action_autodock/lib/python3.12/site-packages/action_autodock/autodock_action_server.py", line 1409, in main
[call_robot_button-22]   File "/home/smr/workspaces/mini_amr/amrROS2_ws/install/delivery_robot_main_controller/lib/python3.12/site-packages/delivery_robot_main_controller/call_button.py", line 251, in main
[call_robot_button-22]     rclpy.shutdown()
[call_robot_button-22]   File "/opt/ros/jazzy/lib/python3.12/site-packages/rclpy/__init__.py", line 134, in shutdown
[autodock_action_server-25]     executor.spin()
[autodock_action_server-25]   File "/opt/ros/jazzy/lib/python3.12/site-packages/rclpy/executors.py", line 312, in spin
[autodock_action_server-25]     self.spin_once()
[autodock_action_server-25]   File "/opt/ros/jazzy/lib/python3.12/site-packages/rclpy/executors.py", line 917, in spin_once
[autodock_action_server-25]     self._spin_once_impl(timeout_sec)
[autodock_action_server-25]   File "/opt/ros/jazzy/lib/python3.12/site-packages/rclpy/executors.py", line 896, in _spin_once_impl
[autodock_action_server-25]     handler, entity, node = self.wait_for_ready_callbacks(
[autodock_action_server-25]                             ^^^^^^^^^^^^^^^^^^^^^^^^^^^^^^
[autodock_action_server-25]   File "/opt/ros/jazzy/lib/python3.12/site-packages/rclpy/executors.py", line 799, in wait_for_ready_callbacks
[autodock_action_server-25]     return next(self._cb_iter)
[autodock_action_server-25]            ^^^^^^^^^^^^^^^^^^^
[autodock_action_server-25]   File "/opt/ros/jazzy/lib/python3.12/site-packages/rclpy/executors.py", line 703, in _wait_for_ready_callbacks
[autodock_action_server-25]     wait_set.wait(timeout_nsec)
[autodock_action_server-25] KeyboardInterrupt
[autodock_action_server-25] 
[autodock_action_server-25] During handling of the above exception, another exception occurred:
[autodock_action_server-25] 
[autodock_action_server-25] Traceback (most recent call last):
[autodock_action_server-25]   File "/home/smr/workspaces/mini_amr/amrROS2_ws/install/action_autodock/lib/action_autodock/autodock_action_server", line 33, in <module>
[autodock_action_server-25]     sys.exit(load_entry_point('action-autodock==0.0.0', 'console_scripts', 'autodock_action_server')())
[autodock_action_server-25]              ^^^^^^^^^^^^^^^^^^^^^^^^^^^^^^^^^^^^^^^^^^^^^^^^^^^^^^^^^^^^^^^^^^^^^^^^^^^^^^^^^^^^^^^^^
[autodock_action_server-25]   File "/home/smr/workspaces/mini_amr/amrROS2_ws/install/action_autodock/lib/python3.12/site-packages/action_autodock/autodock_action_server.py", line 1420, in main
[autodock_action_server-25]     rclpy.shutdown()   
[autodock_action_server-25]     ^^^^^^^^^^^^^^^^
[autodock_action_server-25]   File "/opt/ros/jazzy/lib/python3.12/site-packages/rclpy/__init__.py", line 134, in shutdown
[autodock_action_server-25]     _shutdown(context=context)
[autodock_action_server-25]   File "/opt/ros/jazzy/lib/python3.12/site-packages/rclpy/utilities.py", line 82, in shutdown
[autodock_action_server-25]     context.shutdown()
[autodock_action_server-25]   File "/opt/ros/jazzy/lib/python3.12/site-packages/rclpy/context.py", line 129, in shutdown
[autodock_action_server-25]     self.__context.shutdown()
[autodock_action_server-25] rclpy._rclpy_pybind11.RCLError: failed to shutdown: rcl_shutdown already called on the given context, at ./src/rcl/init.c:333
[call_robot_button-22]     _shutdown(context=context)
[call_robot_button-22]   File "/opt/ros/jazzy/lib/python3.12/site-packages/rclpy/utilities.py", line 82, in shutdown
[call_robot_button-22]     context.shutdown()
[call_robot_button-22]   File "/opt/ros/jazzy/lib/python3.12/site-packages/rclpy/context.py", line 129, in shutdown
[call_robot_button-22]     self.__context.shutdown()
[call_robot_button-22] rclpy._rclpy_pybind11.RCLError: failed to shutdown: rcl_shutdown already called on the given context, at ./src/rcl/init.c:333
[robot_sound-21] Traceback (most recent call last):
[robot_sound-21]   File "/home/smr/workspaces/mini_amr/amrROS2_ws/install/delivery_robot_main_controller/lib/delivery_robot_main_controller/robot_sound", line 33, in <module>
[robot_sound-21]     sys.exit(load_entry_point('delivery-robot-main-controller==0.0.1', 'console_scripts', 'robot_sound')())
[robot_sound-21]              ^^^^^^^^^^^^^^^^^^^^^^^^^^^^^^^^^^^^^^^^^^^^^^^^^^^^^^^^^^^^^^^^^^^^^^^^^^^^^^^^^^^^^^^^^^^^^
[robot_sound-21]   File "/home/smr/workspaces/mini_amr/amrROS2_ws/install/delivery_robot_main_controller/lib/python3.12/site-packages/delivery_robot_main_controller/robot_sound.py", line 147, in main
[robot_sound-21]     rclpy.shutdown()
[robot_sound-21]   File "/opt/ros/jazzy/lib/python3.12/site-packages/rclpy/__init__.py", line 134, in shutdown
[robot_sound-21]     _shutdown(context=context)
[robot_sound-21]   File "/opt/ros/jazzy/lib/python3.12/site-packages/rclpy/utilities.py", line 82, in shutdown
[robot_sound-21]     context.shutdown()
[robot_sound-21]   File "/opt/ros/jazzy/lib/python3.12/site-packages/rclpy/context.py", line 129, in shutdown
[robot_sound-21]     self.__context.shutdown()
[robot_sound-21] rclpy._rclpy_pybind11.RCLError: failed to shutdown: rcl_shutdown already called on the given context, at ./src/rcl/init.c:333
[lifecycle_manager-19] [INFO] [1774506003.656711424] [lifecycle_manager_navigation]: Destroying lifecycle_manager_navigation
[delivery_robot_main_controller-20] Traceback (most recent call last):
[delivery_robot_main_controller-20]   File "/home/smr/workspaces/mini_amr/amrROS2_ws/install/delivery_robot_main_controller/lib/delivery_robot_main_controller/delivery_robot_main_controller", line 33, in <module>
[controller_server-10] [INFO] [1774506003.760778364] [controller_server]: Destroying
[delivery_robot_main_controller-20]     sys.exit(load_entry_point('delivery-robot-main-controller==0.0.1', 'console_scripts', 'delivery_robot_main_controller')())
[delivery_robot_main_controller-20]              ^^^^^^^^^^^^^^^^^^^^^^^^^^^^^^^^^^^^^^^^^^^^^^^^^^^^^^^^^^^^^^^^^^^^^^^^^^^^^^^^^^^^^^^^^^^^^^^^^^^^^^^^^^^^^^^^
[delivery_robot_main_controller-20]   File "/home/smr/workspaces/mini_amr/amrROS2_ws/install/delivery_robot_main_controller/lib/python3.12/site-packages/delivery_robot_main_controller/main_controller_node.py", line 1834, in main
[delivery_robot_main_controller-20]     rclpy.shutdown()
[delivery_robot_main_controller-20]   File "/opt/ros/jazzy/lib/python3.12/site-packages/rclpy/__init__.py", line 134, in shutdown
[delivery_robot_main_controller-20]     _shutdown(context=context)
[delivery_robot_main_controller-20]   File "/opt/ros/jazzy/lib/python3.12/site-packages/rclpy/utilities.py", line 82, in shutdown
[delivery_robot_main_controller-20]     context.shutdown()
[delivery_robot_main_controller-20]   File "/opt/ros/jazzy/lib/python3.12/site-packages/rclpy/context.py", line 129, in shutdown
[delivery_robot_main_controller-20]     self.__context.shutdown()
[delivery_robot_main_controller-20] rclpy._rclpy_pybind11.RCLError: failed to shutdown: rcl_shutdown already called on the given context, at ./src/rcl/init.c:333
[planner_server-12] [INFO] [1774506003.857677274] [planner_server]: Destroying bond (planner_server) to lifecycle manager.
[planner_server-12] [INFO] [1774506003.881754934] [global_costmap.global_costmap]: Destroying
[planner_server-12] [INFO] [1774506003.970046200] [planner_server]: Destroying
[INFO] [collision_detector-18]: process has finished cleanly [pid 68135]
[INFO] [robot_hardware-6]: process has finished cleanly [pid 68104]
[INFO] [collision_monitor-17]: process has finished cleanly [pid 68132]
[ERROR] [robot_sound-21]: process has died [pid 68425, exit code 1, cmd '/home/smr/workspaces/mini_amr/amrROS2_ws/install/delivery_robot_main_controller/lib/delivery_robot_main_controller/robot_sound --ros-args -r __node:=robot_sound_node -r __ns:=/ -r /tf:=tf -r /tf_static:=tf_static'].
[ERROR] [call_robot_button-22]: process has died [pid 68427, exit code 1, cmd '/home/smr/workspaces/mini_amr/amrROS2_ws/install/delivery_robot_main_controller/lib/delivery_robot_main_controller/call_robot_button --ros-args -r __node:=call_robot_button_node -r __ns:=/ -r /tf:=tf -r /tf_static:=tf_static'].
[rpc_run_node-23] Traceback (most recent call last):
[rpc_run_node-23]   File "/home/smr/workspaces/mini_amr/amrROS2_ws/install/delivery_robot_main_controller/lib/delivery_robot_main_controller/rpc_run_node", line 33, in <module>
[rpc_run_node-23]     sys.exit(load_entry_point('delivery-robot-main-controller==0.0.1', 'console_scripts', 'rpc_run_node')())
[rpc_run_node-23]              ^^^^^^^^^^^^^^^^^^^^^^^^^^^^^^^^^^^^^^^^^^^^^^^^^^^^^^^^^^^^^^^^^^^^^^^^^^^^^^^^^^^^^^^^^^^^^^
[rpc_run_node-23]   File "/home/smr/workspaces/mini_amr/amrROS2_ws/install/delivery_robot_main_controller/lib/python3.12/site-packages/delivery_robot_main_controller/rpc_run_node.py", line 57, in main
[rpc_run_node-23]     rclpy.shutdown()
[rpc_run_node-23]   File "/opt/ros/jazzy/lib/python3.12/site-packages/rclpy/__init__.py", line 134, in shutdown
[rpc_run_node-23]     _shutdown(context=context)
[rpc_run_node-23]   File "/opt/ros/jazzy/lib/python3.12/site-packages/rclpy/utilities.py", line 82, in shutdown
[rpc_run_node-23]     context.shutdown()
[rpc_run_node-23]   File "/opt/ros/jazzy/lib/python3.12/site-packages/rclpy/context.py", line 129, in shutdown
[rpc_run_node-23]     self.__context.shutdown()
[rpc_run_node-23] rclpy._rclpy_pybind11.RCLError: failed to shutdown: rcl_shutdown already called on the given context, at ./src/rcl/init.c:333
[INFO] [map_server-8]: process has finished cleanly [pid 68106]
[ERROR] [battery_manager_node-26]: process has died [pid 68432, exit code -2, cmd '/home/smr/workspaces/mini_amr/amrROS2_ws/install/battery_management/lib/battery_management/battery_manager_node --ros-args -r __node:=battery_manager -r __ns:=/ --params-file /home/smr/workspaces/mini_amr/amrROS2_ws/install/battery_management/share/battery_management/config/battery_manager.yaml -r /tf:=tf -r /tf_static:=tf_static'].
[INFO] [velocity_smoother-16]: process has finished cleanly [pid 68131]
[bt_navigator-14] [INFO] [1774506004.566186954] [bt_navigator]: Completed Cleaning up
[bt_navigator-14] [INFO] [1774506004.566502526] [bt_navigator]: Destroying bond (bt_navigator) to lifecycle manager.
[INFO] [waypoint_follower-15]: process has finished cleanly [pid 68130]
[INFO] [joint_state_publisher-2]: process has finished cleanly [pid 68100]
[INFO] [smoother_server-11]: process has finished cleanly [pid 68113]
[ERROR] [rpc_run_node-23]: process has died [pid 68428, exit code 1, cmd '/home/smr/workspaces/mini_amr/amrROS2_ws/install/delivery_robot_main_controller/lib/delivery_robot_main_controller/rpc_run_node --ros-args -r __node:=rpc_run_node -r __ns:=/ -r /tf:=tf -r /tf_static:=tf_static'].
[INFO] [costmap_filter_info_server-9]: process has finished cleanly [pid 68107]
[bt_navigator-14] [INFO] [1774506004.741369247] [bt_navigator]: Destroying
[INFO] [robot_state_publisher-1]: process has finished cleanly [pid 68099]
[INFO] [behavior_server-13]: process has finished cleanly [pid 68117]
[INFO] [lifecycle_manager-19]: process has finished cleanly [pid 68138]
[INFO] [scan_to_scan_filter_chain-4]: process has finished cleanly [pid 68102]
[INFO] [rplidar_node-3]: process has finished cleanly [pid 68101]
[INFO] [ekf_node-5]: process has finished cleanly [pid 68103]
[INFO] [controller_server-10]: process has finished cleanly [pid 68112]
[INFO] [planner_server-12]: process has finished cleanly [pid 68114]
[INFO] [localization_slam_toolbox_node-7]: process has finished cleanly [pid 68105]
[ERROR] [autodock_action_server-25]: process has died [pid 68430, exit code 1, cmd '/home/smr/workspaces/mini_amr/amrROS2_ws/install/action_autodock/lib/action_autodock/autodock_action_server --ros-args -r __ns:=/ --params-file /home/smr/workspaces/mini_amr/amrROS2_ws/install/action_autodock/share/action_autodock/config/auto_dock_config.yaml --params-file /tmp/launch_params_mkh1vsew -r /tf:=tf -r /tf_static:=tf_static'].
[INFO] [bt_navigator-14]: process has finished cleanly [pid 68120]
[ERROR] [delivery_robot_main_controller-20]: process has died [pid 68424, exit code 1, cmd '/home/smr/workspaces/mini_amr/amrROS2_ws/install/delivery_robot_main_controller/lib/delivery_robot_main_controller/delivery_robot_main_controller --ros-args -r __node:=main_controller_node -r __ns:=/ --params-file /tmp/launch_params_az7gnfdt -r /tf:=tf -r /tf_static:=tf_static'].
