[INFO] [launch]: All log files can be found below /home/smr/.ros/log/2026-03-26-13-41-44-783371-two-74663
[INFO] [launch]: Default logging verbosity is set to INFO
[INFO] [robot_state_publisher-1]: process started with pid [74681]
[INFO] [joint_state_publisher-2]: process started with pid [74682]
[INFO] [rplidar_node-3]: process started with pid [74683]
[INFO] [scan_to_scan_filter_chain-4]: process started with pid [74684]
[INFO] [ekf_node-5]: process started with pid [74685]
[INFO] [robot_hardware-6]: process started with pid [74686]
[INFO] [localization_slam_toolbox_node-7]: process started with pid [74687]
[INFO] [map_server-8]: process started with pid [74688]
[INFO] [costmap_filter_info_server-9]: process started with pid [74689]
[INFO] [controller_server-10]: process started with pid [74690]
[INFO] [smoother_server-11]: process started with pid [74691]
[INFO] [planner_server-12]: process started with pid [74692]
[INFO] [behavior_server-13]: process started with pid [74693]
[INFO] [bt_navigator-14]: process started with pid [74696]
[INFO] [waypoint_follower-15]: process started with pid [74699]
[INFO] [velocity_smoother-16]: process started with pid [74702]
[INFO] [collision_monitor-17]: process started with pid [74714]
[INFO] [collision_detector-18]: process started with pid [74731]
[INFO] [lifecycle_manager-19]: process started with pid [74742]
[localization_slam_toolbox_node-7] [INFO] [1774507306.089969823] [slam_toolbox]: Node using stack size 40000000
[robot_state_publisher-1] [INFO] [1774507306.132828380] [robot_state_publisher]: Robot initialized
[rplidar_node-3] [INFO] [1774507306.152604990] [rplidar_node]: RPLidar running on ROS2 package rplidar_ros. RPLIDAR SDK Version:2.1.0
[smoother_server-11] [INFO] [1774507306.208387991] [smoother_server]: 
[smoother_server-11] 	smoother_server lifecycle node launched. 
[smoother_server-11] 	Waiting on external lifecycle transitions to activate
[smoother_server-11] 	See https://design.ros2.org/articles/node_lifecycle.html for more information.
[smoother_server-11] [INFO] [1774507306.269167934] [smoother_server]: Creating smoother server
[controller_server-10] [INFO] [1774507306.284933982] [controller_server]: 
[controller_server-10] 	controller_server lifecycle node launched. 
[controller_server-10] 	Waiting on external lifecycle transitions to activate
[controller_server-10] 	See https://design.ros2.org/articles/node_lifecycle.html for more information.
[costmap_filter_info_server-9] [INFO] [1774507306.288189446] [costmap_filter_info_server]: This is costmap filter info publisher
[robot_hardware-6] Serial port opened at port /dev/teensy with baudrate 460800
[robot_hardware-6] Created receive data thread
[controller_server-10] [INFO] [1774507306.313134200] [controller_server]: Creating controller server
[localization_slam_toolbox_node-7] [INFO] [1774507306.326706120] [slam_toolbox]: Configuring
[velocity_smoother-16] [INFO] [1774507306.341216881] [velocity_smoother]: 
[velocity_smoother-16] 	velocity_smoother lifecycle node launched. 
[velocity_smoother-16] 	Waiting on external lifecycle transitions to activate
[velocity_smoother-16] 	See https://design.ros2.org/articles/node_lifecycle.html for more information.
[controller_server-10] [INFO] [1774507306.388822722] [local_costmap.local_costmap]: 
[controller_server-10] 	local_costmap lifecycle node launched. 
[controller_server-10] 	Waiting on external lifecycle transitions to activate
[controller_server-10] 	See https://design.ros2.org/articles/node_lifecycle.html for more information.
[costmap_filter_info_server-9] [INFO] [1774507306.429417446] [keepout_costmap_filter_info_server]: 
[costmap_filter_info_server-9] 	keepout_costmap_filter_info_server lifecycle node launched. 
[costmap_filter_info_server-9] 	Waiting on external lifecycle transitions to activate
[behavior_server-13] [INFO] [1774507306.432302215] [behavior_server]: 
[behavior_server-13] 	behavior_server lifecycle node launched. 
[behavior_server-13] 	Waiting on external lifecycle transitions to activate
[behavior_server-13] 	See https://design.ros2.org/articles/node_lifecycle.html for more information.
[costmap_filter_info_server-9] 	See https://design.ros2.org/articles/node_lifecycle.html for more information.
[controller_server-10] [INFO] [1774507306.449687246] [local_costmap.local_costmap]: Creating Costmap
[bt_navigator-14] [INFO] [1774507306.558048239] [bt_navigator]: 
[bt_navigator-14] 	bt_navigator lifecycle node launched. 
[bt_navigator-14] 	Waiting on external lifecycle transitions to activate
[bt_navigator-14] 	See https://design.ros2.org/articles/node_lifecycle.html for more information.
[lifecycle_manager-19] [INFO] [1774507306.583673719] [lifecycle_manager_navigation]: Creating
[rplidar_node-3] [INFO] [1774507306.653580161] [rplidar_node]: RPLidar S/N: CEDCEDF9C7E29BCEA7E39EF25E0F4304
[rplidar_node-3] [INFO] [1774507306.653792195] [rplidar_node]: Firmware Ver: 1.02
[rplidar_node-3] [INFO] [1774507306.653872984] [rplidar_node]: Hardware Rev: 18
[rplidar_node-3] [INFO] [1774507306.660414536] [rplidar_node]: RPLidar health status : 0
[rplidar_node-3] [INFO] [1774507306.660570863] [rplidar_node]: RPLidar health status : OK.
[rplidar_node-3] [INFO] [1774507306.660998140] [rplidar_node]: Start
[bt_navigator-14] [INFO] [1774507306.711073141] [bt_navigator]: Creating
[map_server-8] [INFO] [1774507306.747420186] [keepout_filter_mask_server]: 
[map_server-8] 	keepout_filter_mask_server lifecycle node launched. 
[map_server-8] 	Waiting on external lifecycle transitions to activate
[map_server-8] 	See https://design.ros2.org/articles/node_lifecycle.html for more information.
[map_server-8] [INFO] [1774507306.751880481] [keepout_filter_mask_server]: Creating
[lifecycle_manager-19] [INFO] [1774507306.767270001] [lifecycle_manager_navigation]: [34m[1mCreating and initializing lifecycle service clients[0m[0m
[localization_slam_toolbox_node-7] [INFO] [1774507306.773401777] [slam_toolbox]: Using solver plugin solver_plugins::CeresSolver
[rplidar_node-3] [INFO] [1774507306.790091791] [rplidar_node]: current scan mode: Sensitivity, sample rate: 32 Khz, max_distance: 30.0 m, scan frequency:10.0 Hz, 
[collision_detector-18] [INFO] [1774507306.794673124] [collision_detector]: 
[collision_detector-18] 	collision_detector lifecycle node launched. 
[collision_detector-18] 	Waiting on external lifecycle transitions to activate
[collision_detector-18] 	See https://design.ros2.org/articles/node_lifecycle.html for more information.
[waypoint_follower-15] [INFO] [1774507306.799034548] [waypoint_follower]: 
[waypoint_follower-15] 	waypoint_follower lifecycle node launched. 
[waypoint_follower-15] 	Waiting on external lifecycle transitions to activate
[waypoint_follower-15] 	See https://design.ros2.org/articles/node_lifecycle.html for more information.
[localization_slam_toolbox_node-7] [INFO] [1774507306.842410502] [slam_toolbox]: CeresSolver: Using SCHUR_JACOBI preconditioner.
[waypoint_follower-15] [INFO] [1774507306.859901987] [waypoint_follower]: Creating
[collision_monitor-17] [INFO] [1774507306.970374862] [collision_monitor]: 
[scan_to_scan_filter_chain-4] [WARN] [1774507307.022464331] [scan_to_scan_filter_chain]: diagnostic_updater: No HW_ID was set. This is probably a bug. Please report it. For devices that do not have a HW_ID, set this value to 'none'. This warning only occurs once all diagnostics are OK. It is okay to wait until the device is open before calling setHardwareID.
[collision_monitor-17] 	collision_monitor lifecycle node launched. 
[collision_monitor-17] 	Waiting on external lifecycle transitions to activate
[collision_monitor-17] 	See https://design.ros2.org/articles/node_lifecycle.html for more information.
[planner_server-12] [INFO] [1774507307.080997065] [planner_server]: 
[planner_server-12] 	planner_server lifecycle node launched. 
[planner_server-12] 	Waiting on external lifecycle transitions to activate
[planner_server-12] 	See https://design.ros2.org/articles/node_lifecycle.html for more information.
[planner_server-12] [INFO] [1774507307.136287459] [planner_server]: Creating
[planner_server-12] [INFO] [1774507307.312527302] [global_costmap.global_costmap]: 
[planner_server-12] 	global_costmap lifecycle node launched. 
[planner_server-12] 	Waiting on external lifecycle transitions to activate
[planner_server-12] 	See https://design.ros2.org/articles/node_lifecycle.html for more information.
[planner_server-12] [INFO] [1774507307.355600226] [global_costmap.global_costmap]: Creating Costmap
[rplidar_node-3] [INFO] [1774507307.533921036] [rplidar_node]: set lidar scan frequency to 10.0 Hz(600.0 Rpm) 
[lifecycle_manager-19] [INFO] [1774507307.595675693] [lifecycle_manager_navigation]: [34m[1mStarting managed nodes bringup...[0m[0m
[lifecycle_manager-19] [INFO] [1774507307.595903476] [lifecycle_manager_navigation]: [34m[1mConfiguring controller_server[0m[0m
[controller_server-10] [INFO] [1774507307.596546286] [controller_server]: Configuring controller interface
[controller_server-10] [INFO] [1774507307.596622992] [controller_server]: getting progress checker plugins..
[controller_server-10] [INFO] [1774507307.597416588] [controller_server]: getting goal checker plugins..
[controller_server-10] [INFO] [1774507307.598752080] [controller_server]: Controller frequency set to 10.0000Hz
[controller_server-10] [INFO] [1774507307.598866701] [local_costmap.local_costmap]: Configuring
[controller_server-10] [INFO] [1774507307.631489591] [local_costmap.local_costmap]: Using plugin "obstacle_layer"
[controller_server-10] [INFO] [1774507307.677487825] [local_costmap.local_costmap]: Subscribed to Topics: scan
[controller_server-10] [INFO] [1774507307.716272239] [local_costmap.local_costmap]: Initialized plugin "obstacle_layer"
[controller_server-10] [INFO] [1774507307.717671021] [local_costmap.local_costmap]: Using plugin "denoise_layer"
[controller_server-10] [INFO] [1774507307.722758085] [local_costmap.local_costmap]: Initialized plugin "denoise_layer"
[controller_server-10] [INFO] [1774507307.725219078] [local_costmap.local_costmap]: Using plugin "inflation_layer"
[controller_server-10] [INFO] [1774507307.741382945] [local_costmap.local_costmap]: Initialized plugin "inflation_layer"
[controller_server-10] [INFO] [1774507307.746127605] [local_costmap.local_costmap]: Using costmap filter "keepout_filter"
[controller_server-10] [INFO] [1774507307.782101914] [local_costmap.local_costmap]: Initialized costmap filter "keepout_filter"
[controller_server-10] [INFO] [1774507307.782290324] [local_costmap.local_costmap]: Using costmap filter "inflation_layer"
[controller_server-10] [INFO] [1774507307.782661310] [local_costmap.local_costmap]: Initialized costmap filter "inflation_layer"
[controller_server-10] [INFO] [1774507307.860811992] [controller_server]: Created progress_checker : progress_checker of type nav2_controller::SimpleProgressChecker
[controller_server-10] [INFO] [1774507307.861392680] [controller_server]: Controller Server has progress_checker  progress checkers available.
[controller_server-10] [INFO] [1774507307.869761748] [controller_server]: Created goal checker : goal_checker of type nav2_controller::SimpleGoalChecker
[controller_server-10] [INFO] [1774507307.876193638] [controller_server]: Controller Server has goal_checker  goal checkers available.
[controller_server-10] [INFO] [1774507307.889729101] [controller_server]: Created controller : FollowPath of type nav2_mppi_controller::MPPIController
[controller_server-10] [INFO] [1774507307.917820240] [controller_server]: Controller period is equal to model dt. Control sequence shifting is ON
[controller_server-10] [INFO] [1774507307.936829795] [controller_server]: ConstraintCritic instantiated with 1 power and 4.000000 weight.
[controller_server-10] [INFO] [1774507307.937058453] [controller_server]: Critic loaded : mppi::critics::ConstraintCritic
[controller_server-10] [INFO] [1774507307.948347290] [controller_server]: InflationCostCritic instantiated with 1 power and 300.000000 / 0.015000 weights. Critic will collision check based on footprint cost.
[controller_server-10] [INFO] [1774507307.948525783] [controller_server]: Critic loaded : mppi::critics::CostCritic
[controller_server-10] [INFO] [1774507307.952749254] [controller_server]: GoalCritic instantiated with 1 power and 5.000000 weight.
[controller_server-10] [INFO] [1774507307.953004453] [controller_server]: Critic loaded : mppi::critics::GoalCritic
[controller_server-10] [INFO] [1774507307.957772445] [controller_server]: GoalAngleCritic instantiated with 1 power, 3.000000 weight, and 0.500000 angular threshold.
[controller_server-10] [INFO] [1774507307.957951522] [controller_server]: Critic loaded : mppi::critics::GoalAngleCritic
[controller_server-10] [INFO] [1774507307.966052267] [controller_server]: ReferenceTrajectoryCritic instantiated with 1 power and 2.000000 weight
[controller_server-10] [INFO] [1774507307.966248260] [controller_server]: Critic loaded : mppi::critics::PathAlignCritic
[controller_server-10] [INFO] [1774507307.971806348] [controller_server]: Critic loaded : mppi::critics::PathFollowCritic
[controller_server-10] [INFO] [1774507307.980955888] [controller_server]: PathAngleCritic instantiated with 1 power and 1.500000 weight. Mode set to: Forward Preference
[controller_server-10] [INFO] [1774507307.981153923] [controller_server]: Critic loaded : mppi::critics::PathAngleCritic
[controller_server-10] [INFO] [1774507307.990266131] [controller_server]: PreferForwardCritic instantiated with 1 power and 10.000000 weight.
[controller_server-10] [INFO] [1774507307.990468540] [controller_server]: Critic loaded : mppi::critics::PreferForwardCritic
[controller_server-10] [INFO] [1774507307.995533438] [controller_server]: Optimizer reset
[controller_server-10] [INFO] [1774507308.008124519] [MPPIController]: Configured MPPI Controller: FollowPath
[controller_server-10] [INFO] [1774507308.008167101] [controller_server]: Controller Server has FollowPath  controllers available.
[lifecycle_manager-19] [INFO] [1774507308.043313107] [lifecycle_manager_navigation]: [34m[1mConfiguring smoother_server[0m[0m
[smoother_server-11] [INFO] [1774507308.044290155] [smoother_server]: Configuring smoother server
[smoother_server-11] [INFO] [1774507308.076698969] [smoother_server]: Created smoother : simple_smoother of type nav2_smoother::SimpleSmoother
[smoother_server-11] [INFO] [1774507308.084354939] [smoother_server]: Smoother Server has simple_smoother  smoothers available.
[lifecycle_manager-19] [INFO] [1774507308.107851038] [lifecycle_manager_navigation]: [34m[1mConfiguring planner_server[0m[0m
[planner_server-12] [INFO] [1774507308.109555767] [planner_server]: Configuring
[planner_server-12] [INFO] [1774507308.109662221] [global_costmap.global_costmap]: Configuring
[planner_server-12] [INFO] [1774507308.137893647] [global_costmap.global_costmap]: Using plugin "static_layer"
[planner_server-12] [INFO] [1774507308.165588425] [global_costmap.global_costmap]: Subscribing to the map topic (/map) with transient local durability
[planner_server-12] [INFO] [1774507308.172536546] [global_costmap.global_costmap]: Initialized plugin "static_layer"
[planner_server-12] [INFO] [1774507308.172722914] [global_costmap.global_costmap]: Using plugin "obstacle_layer"
[planner_server-12] [INFO] [1774507308.187767405] [global_costmap.global_costmap]: Subscribed to Topics: scan
[planner_server-12] [INFO] [1774507308.222773125] [global_costmap.global_costmap]: Initialized plugin "obstacle_layer"
[planner_server-12] [INFO] [1774507308.222875496] [global_costmap.global_costmap]: Using plugin "inflation_layer"
[planner_server-12] [INFO] [1774507308.234206623] [global_costmap.global_costmap]: Initialized plugin "inflation_layer"
[planner_server-12] [INFO] [1774507308.234380158] [global_costmap.global_costmap]: Using costmap filter "keepout_filter"
[planner_server-12] [INFO] [1774507308.263387972] [global_costmap.global_costmap]: Initialized costmap filter "keepout_filter"
[planner_server-12] [INFO] [1774507308.263583965] [global_costmap.global_costmap]: Using costmap filter "inflation_layer2"
[planner_server-12] [INFO] [1774507308.275402157] [global_costmap.global_costmap]: Initialized costmap filter "inflation_layer2"
[joint_state_publisher-2] [INFO] [1774507308.476962991] [joint_state_publisher]: Waiting for robot_description to be published on the robot_description topic...
[planner_server-12] [INFO] [1774507308.484753706] [planner_server]: Created global planner plugin GridBased of type nav2_smac_planner::SmacPlanner2D
[planner_server-12] [INFO] [1774507308.485028446] [planner_server]: Configuring GridBased of type SmacPlanner2D
[localization_slam_toolbox_node-7] Load From File /home/smr/workspaces/mini_amr/amrROS2_ws/maps/latest_map.posegraph 
[localization_slam_toolbox_node-7] Mapper <- Module
[localization_slam_toolbox_node-7] Mapper <- m_pSequentialScanMatcher
[localization_slam_toolbox_node-7] Mapper <- m_pGraph
[localization_slam_toolbox_node-7] MapperGraph <- Graph; Graph <- m_Edges; Graph <- m_Vertices
[localization_slam_toolbox_node-7] MapperGraph <- m_pMapper; MapperGraph <- m_pLoopScanMatcher; MapperGraph <- m_pTraversal
[localization_slam_toolbox_node-7] Mapper <- m_pMapperSensorManager
[localization_slam_toolbox_node-7] MapperSensorManager <- m_ScanManagers; MapperSensorManager <- m_Scans
[localization_slam_toolbox_node-7] Mapper <- m_Listeners
[localization_slam_toolbox_node-7] **Finished serializing Mapper**
[localization_slam_toolbox_node-7] Load From File
[localization_slam_toolbox_node-7] **Serializing Dataset**
[localization_slam_toolbox_node-7] Dataset <- m_SensorNameLookup
[localization_slam_toolbox_node-7] Dataset <- m_Data
[localization_slam_toolbox_node-7] Dataset <- m_Lasers
[localization_slam_toolbox_node-7] Dataset <- m_pDatasetInfo
[localization_slam_toolbox_node-7] **Finished serializing Dataset**
[localization_slam_toolbox_node-7] Registering sensor: [Custom Described Lidar]
[localization_slam_toolbox_node-7] WARNING: Logging before InitGoogleLogging() is written to STDERR
[planner_server-12] [ERROR] [1774507308.498639157] [planner_server]: Inflation layer either not found or inflation is not set sufficiently for optimized non-circular collision checking capabilities. It is HIGHLY recommended to set the inflation radius to be at MINIMUM half of the robot's largest cross-section. See github.com/ros-planning/navigation2/tree/main/nav2_smac_planner#potential-fields for full instructions. This will substantially impact run-time performance.
[localization_slam_toolbox_node-7] W20260326 13:41:48.497598 74687 preprocessor.cc:67] Specified options.num_threads: 50 exceeds maximum available from the threading model Ceres was compiled with: 8.  Bounding to maximum number available.
[planner_server-12] [INFO] [1774507308.513460823] [planner_server]: Configured plugin GridBased of type SmacPlanner2D with tolerance 0.12, maximum iterations 1000000, max on approach iterations 1000, and not allowing unknown traversal.
[planner_server-12] [INFO] [1774507308.513729438] [planner_server]: Planner Server has GridBased  planners available.
[INFO] [launch.user]: [LifecycleLaunch] Slamtoolbox node is activating.
[localization_slam_toolbox_node-7] [INFO] [1774507308.531628658] [slam_toolbox]: Activating
[lifecycle_manager-19] [INFO] [1774507308.550893703] [lifecycle_manager_navigation]: [34m[1mConfiguring behavior_server[0m[0m
[behavior_server-13] [INFO] [1774507308.551700132] [behavior_server]: Configuring
[behavior_server-13] [INFO] [1774507308.576557389] [behavior_server]: Creating behavior plugin wait of type nav2_behaviors::Wait
[behavior_server-13] [INFO] [1774507308.598615915] [behavior_server]: Configuring wait
[lifecycle_manager-19] [INFO] [1774507308.614213970] [lifecycle_manager_navigation]: [34m[1mConfiguring velocity_smoother[0m[0m
[velocity_smoother-16] [INFO] [1774507308.614691411] [velocity_smoother]: Configuring velocity smoother
[lifecycle_manager-19] [INFO] [1774507308.625670509] [lifecycle_manager_navigation]: [34m[1mConfiguring collision_monitor[0m[0m
[collision_monitor-17] [INFO] [1774507308.626304569] [collision_monitor]: Configuring
[collision_monitor-17] [INFO] [1774507308.648869119] [collision_monitor]: [scan]: Creating Scan
[collision_monitor-17] [INFO] [1774507308.660761392] [collision_monitor]: [PolygonStop]: Creating Polygon
[collision_monitor-17] [INFO] [1774507308.661488782] [collision_monitor]: [PolygonStop]: Creating Circle
[collision_monitor-17] [INFO] [1774507308.670698112] [collision_monitor]: [PolygonSlow]: Creating Polygon
[collision_monitor-17] [INFO] [1774507308.679433500] [collision_monitor]: [FootprintApproach]: Creating Polygon
[collision_monitor-17] [INFO] [1774507308.680929696] [collision_monitor]: [FootprintApproach]: Polygon points are not defined. Using dynamic subscription instead.
[localization_slam_toolbox_node-7] Registering sensor: [Custom Described Lidar]
[collision_monitor-17] [INFO] [1774507308.688390548] [collision_monitor]: [FootprintApproach]: Making footprint subscriber on /local_costmap/published_footprint topic
[lifecycle_manager-19] [INFO] [1774507308.708315027] [lifecycle_manager_navigation]: [34m[1mConfiguring collision_detector[0m[0m
[collision_detector-18] [INFO] [1774507308.709784390] [collision_detector]: Configuring
[collision_detector-18] [INFO] [1774507308.740195069] [collision_monitor]: [scan]: Creating Scan
[collision_detector-18] [INFO] [1774507308.746389842] [collision_monitor]: [PolygonStop]: Creating Polygon
[collision_detector-18] [INFO] [1774507308.746425424] [collision_monitor]: [PolygonStop]: Creating Circle
[collision_detector-18] [INFO] [1774507308.755293808] [collision_monitor]: [PolygonSlow]: Creating Polygon
[lifecycle_manager-19] [INFO] [1774507308.766939924] [lifecycle_manager_navigation]: [34m[1mConfiguring bt_navigator[0m[0m
[bt_navigator-14] [INFO] [1774507308.768015259] [bt_navigator]: Configuring
[bt_navigator-14] [INFO] [1774507308.783228036] [bt_navigator]: Creating navigator id navigate_to_pose of type nav2_bt_navigator::NavigateToPoseNavigator
[planner_server-12] [INFO] [1774507308.974950438] [global_costmap.global_costmap]: StaticLayer: Resizing costmap to 787 X 922 at 0.050000 m/pix
[bt_navigator-14] [INFO] [1774507309.055631528] [bt_navigator]: Creating navigator id navigate_through_poses of type nav2_bt_navigator::NavigateThroughPosesNavigator
[lifecycle_manager-19] [INFO] [1774507309.149677171] [lifecycle_manager_navigation]: [34m[1mConfiguring waypoint_follower[0m[0m
[waypoint_follower-15] [INFO] [1774507309.151285654] [waypoint_follower]: Configuring
[waypoint_follower-15] [INFO] [1774507309.212807278] [waypoint_follower]: Created waypoint_task_executor : wait_at_waypoint of type nav2_waypoint_follower::WaitAtWaypoint
[lifecycle_manager-19] [INFO] [1774507309.216688052] [lifecycle_manager_navigation]: [34m[1mConfiguring keepout_filter_mask_server[0m[0m
[map_server-8] [INFO] [1774507309.217497689] [keepout_filter_mask_server]: Configuring
[map_server-8] [INFO] [1774507309.217627476] [map_io]: Loading yaml file: /home/smr/workspaces/mini_amr/amrROS2_ws/maps/latest_map_keepout.yaml
[map_server-8] [INFO] [1774507309.218466862] [map_io]: resolution: 0.05
[map_server-8] [INFO] [1774507309.218497194] [map_io]: origin[0]: -26.12
[map_server-8] [INFO] [1774507309.218502736] [map_io]: origin[1]: -29.258
[map_server-8] [INFO] [1774507309.218507111] [map_io]: origin[2]: 0
[map_server-8] [INFO] [1774507309.218511777] [map_io]: free_thresh: 0.196
[map_server-8] [INFO] [1774507309.218516152] [map_io]: occupied_thresh: 0.65
[map_server-8] [INFO] [1774507309.218522569] [map_io]: mode: trinary
[map_server-8] [INFO] [1774507309.218528110] [map_io]: negate: 0
[map_server-8] [INFO] [1774507309.219414161] [map_io]: Loading image_file: /home/smr/workspaces/mini_amr/amrROS2_ws/maps/latest_map_keepout.pgm
[map_server-8] [INFO] [1774507309.245835569] [map_io]: Read map /home/smr/workspaces/mini_amr/amrROS2_ws/maps/latest_map_keepout.pgm: 787 X 922 map @ 0.05 m/cell
[lifecycle_manager-19] [INFO] [1774507309.262772616] [lifecycle_manager_navigation]: [34m[1mConfiguring keepout_costmap_filter_info_server[0m[0m
[costmap_filter_info_server-9] [INFO] [1774507309.264086235] [keepout_costmap_filter_info_server]: Configuring
[lifecycle_manager-19] [INFO] [1774507309.295618623] [lifecycle_manager_navigation]: [34m[1mActivating controller_server[0m[0m
[controller_server-10] [INFO] [1774507309.296186185] [controller_server]: Activating
[controller_server-10] [INFO] [1774507309.296355054] [local_costmap.local_costmap]: Activating
[controller_server-10] [INFO] [1774507309.296446051] [local_costmap.local_costmap]: Checking transform
[controller_server-10] [INFO] [1774507309.296941866] [local_costmap.local_costmap]: start
[controller_server-10] [INFO] [1774507309.300219205] [local_costmap.local_costmap]: KeepoutFilter: Subscribing to "/keepout_costmap_filter_info" topic for filter info...
[controller_server-10] [WARN] [1774507309.397906755] [local_costmap.local_costmap]: KeepoutFilter: Filter mask was not received
[controller_server-10] [WARN] [1774507309.407516529] [controller_server]: Parameter controller_server.verbose not found
[controller_server-10] [INFO] [1774507309.408298167] [controller_server]: Optimizer reset
[controller_server-10] [INFO] [1774507309.408670320] [MPPIController]: Activated MPPI Controller: FollowPath
[controller_server-10] [INFO] [1774507309.408705610] [controller_server]: Creating bond (controller_server) to lifecycle manager.
[lifecycle_manager-19] [INFO] [1774507309.516769115] [lifecycle_manager_navigation]: Server controller_server connected with bond.
[lifecycle_manager-19] [INFO] [1774507309.516856904] [lifecycle_manager_navigation]: [34m[1mActivating smoother_server[0m[0m
[smoother_server-11] [INFO] [1774507309.517634750] [smoother_server]: Activating
[smoother_server-11] [INFO] [1774507309.517841534] [smoother_server]: Creating bond (smoother_server) to lifecycle manager.
[lifecycle_manager-19] [INFO] [1774507309.629018175] [lifecycle_manager_navigation]: Server smoother_server connected with bond.
[lifecycle_manager-19] [INFO] [1774507309.629095464] [lifecycle_manager_navigation]: [34m[1mActivating planner_server[0m[0m
[planner_server-12] [INFO] [1774507309.629740607] [planner_server]: Activating
[planner_server-12] [INFO] [1774507309.629829854] [global_costmap.global_costmap]: Activating
[planner_server-12] [INFO] [1774507309.629866311] [global_costmap.global_costmap]: Checking transform
[planner_server-12] [INFO] [1774507309.630053845] [global_costmap.global_costmap]: start
[planner_server-12] [INFO] [1774507309.630826734] [global_costmap.global_costmap]: KeepoutFilter: Subscribing to "/keepout_costmap_filter_info" topic for filter info...
[planner_server-12] [WARN] [1774507310.143163656] [global_costmap.global_costmap]: KeepoutFilter: Filter mask was not received
[planner_server-12] [INFO] [1774507310.185995089] [planner_server]: Activating plugin GridBased of type SmacPlanner2D
[planner_server-12] [INFO] [1774507310.192518850] [planner_server]: Creating bond (planner_server) to lifecycle manager.
[lifecycle_manager-19] [INFO] [1774507310.311060388] [lifecycle_manager_navigation]: Server planner_server connected with bond.
[lifecycle_manager-19] [INFO] [1774507310.311206799] [lifecycle_manager_navigation]: [34m[1mActivating behavior_server[0m[0m
[behavior_server-13] [INFO] [1774507310.312754034] [behavior_server]: Activating
[behavior_server-13] [INFO] [1774507310.312826073] [behavior_server]: Activating wait
[behavior_server-13] [INFO] [1774507310.312866614] [behavior_server]: Creating bond (behavior_server) to lifecycle manager.
[lifecycle_manager-19] [INFO] [1774507310.422930878] [lifecycle_manager_navigation]: Server behavior_server connected with bond.
[lifecycle_manager-19] [INFO] [1774507310.423016917] [lifecycle_manager_navigation]: [34m[1mActivating velocity_smoother[0m[0m
[velocity_smoother-16] [INFO] [1774507310.423915801] [velocity_smoother]: Activating
[velocity_smoother-16] [INFO] [1774507310.424147084] [velocity_smoother]: Creating bond (velocity_smoother) to lifecycle manager.
[lifecycle_manager-19] [INFO] [1774507310.537846841] [lifecycle_manager_navigation]: Server velocity_smoother connected with bond.
[lifecycle_manager-19] [INFO] [1774507310.537995002] [lifecycle_manager_navigation]: [34m[1mActivating collision_monitor[0m[0m
[collision_monitor-17] [INFO] [1774507310.539809394] [collision_monitor]: Activating
[collision_monitor-17] [INFO] [1774507310.539893682] [collision_monitor]: Creating bond (collision_monitor) to lifecycle manager.
[lifecycle_manager-19] [INFO] [1774507310.648903028] [lifecycle_manager_navigation]: Server collision_monitor connected with bond.
[lifecycle_manager-19] [INFO] [1774507310.649001607] [lifecycle_manager_navigation]: [34m[1mActivating collision_detector[0m[0m
[collision_detector-18] [INFO] [1774507310.650314059] [collision_detector]: Activating
[collision_detector-18] [INFO] [1774507310.650707212] [collision_detector]: Creating bond (collision_detector) to lifecycle manager.
[lifecycle_manager-19] [INFO] [1774507310.782920708] [lifecycle_manager_navigation]: Server collision_detector connected with bond.
[lifecycle_manager-19] [INFO] [1774507310.783004413] [lifecycle_manager_navigation]: [34m[1mActivating bt_navigator[0m[0m
[bt_navigator-14] [INFO] [1774507310.783735011] [bt_navigator]: Activating
[bt_navigator-14] [INFO] [1774507310.954743713] [bt_navigator]: Creating bond (bt_navigator) to lifecycle manager.
[lifecycle_manager-19] [INFO] [1774507311.062315486] [lifecycle_manager_navigation]: Server bt_navigator connected with bond.
[lifecycle_manager-19] [INFO] [1774507311.062396274] [lifecycle_manager_navigation]: [34m[1mActivating waypoint_follower[0m[0m
[waypoint_follower-15] [INFO] [1774507311.063199787] [waypoint_follower]: Activating
[waypoint_follower-15] [INFO] [1774507311.063380905] [waypoint_follower]: Creating bond (waypoint_follower) to lifecycle manager.
[INFO] [delivery_robot_main_controller-20]: process started with pid [74967]
[INFO] [robot_sound-21]: process started with pid [74968]
[INFO] [call_robot_button-22]: process started with pid [74969]
[INFO] [rpc_run_node-23]: process started with pid [74970]
[INFO] [dock_coordinates-24]: process started with pid [74971]
[INFO] [autodock_action_server-25]: process started with pid [74972]
[INFO] [battery_manager_node-26]: process started with pid [74973]
[lifecycle_manager-19] [INFO] [1774507311.174626668] [lifecycle_manager_navigation]: Server waypoint_follower connected with bond.
[lifecycle_manager-19] [INFO] [1774507311.174727289] [lifecycle_manager_navigation]: [34m[1mActivating keepout_filter_mask_server[0m[0m
[map_server-8] [INFO] [1774507311.175826833] [keepout_filter_mask_server]: Activating
[map_server-8] [INFO] [1774507311.176226693] [keepout_filter_mask_server]: Creating bond (keepout_filter_mask_server) to lifecycle manager.
[lifecycle_manager-19] [INFO] [1774507311.303444122] [lifecycle_manager_navigation]: Server keepout_filter_mask_server connected with bond.
[lifecycle_manager-19] [INFO] [1774507311.303550285] [lifecycle_manager_navigation]: [34m[1mActivating keepout_costmap_filter_info_server[0m[0m
[costmap_filter_info_server-9] [INFO] [1774507311.305434966] [keepout_costmap_filter_info_server]: Activating
[costmap_filter_info_server-9] [INFO] [1774507311.305592460] [keepout_costmap_filter_info_server]: Creating bond (keepout_costmap_filter_info_server) to lifecycle manager.
[controller_server-10] [INFO] [1774507311.305898990] [local_costmap.local_costmap]: KeepoutFilter: Received filter info from /keepout_costmap_filter_info topic.
[controller_server-10] [INFO] [1774507311.306196479] [local_costmap.local_costmap]: KeepoutFilter: Subscribing to "/keepout_filter_mask" topic for filter mask...
[planner_server-12] [INFO] [1774507311.309325948] [global_costmap.global_costmap]: KeepoutFilter: Received filter info from /keepout_costmap_filter_info topic.
[planner_server-12] [INFO] [1774507311.310074921] [global_costmap.global_costmap]: KeepoutFilter: Subscribing to "/keepout_filter_mask" topic for filter mask...
[planner_server-12] [INFO] [1774507311.348928166] [global_costmap.global_costmap]: KeepoutFilter: Received filter mask from /keepout_filter_mask topic.
[controller_server-10] [INFO] [1774507311.375127916] [local_costmap.local_costmap]: KeepoutFilter: Received filter mask from /keepout_filter_mask topic.
[dock_coordinates-24] [INFO] [1774507311.407557146] [dock_coordinates]: begin dock_coordinates
[dock_coordinates-24] [INFO] [1774507311.410314753] [dock coordinates]: max_alignment_error: 0.010000
[dock_coordinates-24] [INFO] [1774507311.411741535] [dock coordinates]: minimum_point_cloud: 5
[dock_coordinates-24] [INFO] [1774507311.413029487] [dock coordinates]: point_cloud_split_dist: 0.050000
[dock_coordinates-24] [INFO] [1774507311.413790710] [dock coordinates]: max_dock_width: 0.380000
[dock_coordinates-24] [INFO] [1774507311.413812584] [dock coordinates]: min_dock_width: 0.310000
[dock_coordinates-24] [INFO] [1774507311.413817834] [dock coordinates]: range_limit: 1.200000
[lifecycle_manager-19] [INFO] [1774507311.442691777] [lifecycle_manager_navigation]: Server keepout_costmap_filter_info_server connected with bond.
[lifecycle_manager-19] [INFO] [1774507311.442877854] [lifecycle_manager_navigation]: [34m[1mManaged nodes are active[0m[0m
[lifecycle_manager-19] [INFO] [1774507311.443022223] [lifecycle_manager_navigation]: [34m[1mCreating bond timer...[0m[0m
[robot_sound-21] [0m[INFO] [1774507313.345062343] [robot_sound_node]: ✅ robot_sound_node started using .wav files[0m
[robot_sound-21] [0m[INFO] [1774507313.348831413] [robot_sound_node]: Sound volume set to 100% (API).[0m
[rpc_run_node-23] [0m[INFO] [1774507313.602644169] [rpc_run_node]: RPC run node started; RPC bridge configured.[0m
[rpc_run_node-23] 2026-03-26 13:41:53,604 [INFO] RPCServer listening on localhost:6000
[battery_manager_node-26] [INFO] [1774507313.628701882] [battery_manager]: SOC limits from API: target=1.00, resume=0.95
[battery_manager_node-26] [INFO] [1774507314.091180795] [battery_manager]: State change: IDLE_ON_DOCK -> UNKNOWN
[autodock_action_server-25] [INFO] [1774507314.314428294] [autodock_action_server]: auto_dock_init_start
[autodock_action_server-25] [INFO] [1774507314.503379381] [autodock_action_server]: auto_dock_init_complete
[delivery_robot_main_controller-20] [0m[INFO] [1774507314.680948592] [main_controller_node]: Delivery Robot Main Controller Node started.[0m
[delivery_robot_main_controller-20] [0m[INFO] [1774507314.689026880] [main_controller_node]: Initial state: STANDBY[0m
[delivery_robot_main_controller-20] [0m[INFO] [1774507314.694116860] [main_controller_node]: setting_batteryLowToCharge: 40[0m
[delivery_robot_main_controller-20] [33m[WARN] [1774507314.758515671] [rcl.logging_rosout]: Publisher already registered for node name: 'main_controller_node'. If this is due to multiple nodes with the same name then all logs for the logger named 'main_controller_node' will go out over the existing publisher. As soon as any node with that name is destructed it will unregister the publisher, preventing any further logs for that name from being published on the rosout topic.[0m
[delivery_robot_main_controller-20] [33m[WARN] [1774507314.828142999] [main_controller_node]: slam_toolbox_msgs not available; initial pose service calls will be skipped.[0m
[call_robot_button-22] 2026-03-26 13:41:55 mosquitto_pub -u smr -P smrbot25 -m "Packing,true" -t "Rsp" -r
[call_robot_button-22] [0m[INFO] [1774507315.736988289] [call_robot_button_node]: call_switch notified: station=Packing status=true.[0m
[delivery_robot_main_controller-20] [0m[INFO] [1774507316.051300997] [main_controller_node]: Waiting for Nav2 system...[0m
[INFO] [bash-27]: process started with pid [75123]
[delivery_robot_main_controller-20] [0m[INFO] [1774507318.072041607] [main_controller_node]: Waiting for localization pose to be received from slam_toolbox/pose[0m
[delivery_robot_main_controller-20] [0m[INFO] [1774507318.077712566] [main_controller_node]: Acquired localization pose from TF map->base_link[0m
[delivery_robot_main_controller-20] [0m[INFO] [1774507320.091846293] [main_controller_node]: Nav2 is ready for use![0m
[delivery_robot_main_controller-20] [0m[INFO] [1774507320.180823829] [main_controller_node]: 1 pending queues [0m
[delivery_robot_main_controller-20] [0m[INFO] [1774507320.214179942] [main_controller_node]: Startup cleanup: removed 1 Request queue(s).[0m
[delivery_robot_main_controller-20] [0m[INFO] [1774507320.219606494] [main_controller_node]: Robot is in STANDBY mode.[0m
[delivery_robot_main_controller-20] [33m[WARN] [1774507320.332976971] [main_controller_node]: Robot status id missing; refreshing before battery status.[0m
[delivery_robot_main_controller-20] [0m[INFO] [1774507321.109730385] [main_controller_node]: Current state: STANDBY, dock_state IDLE, charge_state NOT_CHARGE[0m
[call_robot_button-22] 2026-03-26 13:42:01 mosquitto_pub -u smr -P smrbot25 -m "Packing,false" -t "Rsp" -r
[call_robot_button-22] [0m[INFO] [1774507321.622879861] [call_robot_button_node]: call_switch notified: station=Packing status=false.[0m
[delivery_robot_main_controller-20] [0m[INFO] [1774507322.117527847] [main_controller_node]: Current state: STANDBY, dock_state IDLE, charge_state NOT_CHARGE[0m
[delivery_robot_main_controller-20] [0m[INFO] [1774507322.234946509] [main_controller_node]: No pending queue found or unexpected format.[0m
[delivery_robot_main_controller-20] [0m[INFO] [1774507323.103754139] [main_controller_node]: Current state: STANDBY, dock_state IDLE, charge_state NOT_CHARGE[0m
[delivery_robot_main_controller-20] [0m[INFO] [1774507324.101669421] [main_controller_node]: Current state: STANDBY, dock_state IDLE, charge_state NOT_CHARGE[0m
[delivery_robot_main_controller-20] [0m[INFO] [1774507324.186521191] [main_controller_node]: No pending queue found or unexpected format.[0m
[delivery_robot_main_controller-20] [0m[INFO] [1774507325.098971933] [main_controller_node]: Current state: STANDBY, dock_state IDLE, charge_state NOT_CHARGE[0m
[call_robot_button-22] 2026-03-26 13:42:05 mosquitto_pub -u smr -P smrbot25 -m "Production1,true" -t "Rsp" -r
[call_robot_button-22] [0m[INFO] [1774507325.620345233] [call_robot_button_node]: call_switch notified: station=Production1 status=true.[0m
[delivery_robot_main_controller-20] [0m[INFO] [1774507326.104130199] [main_controller_node]: Current state: STANDBY, dock_state IDLE, charge_state NOT_CHARGE[0m
[delivery_robot_main_controller-20] [0m[INFO] [1774507326.176274810] [main_controller_node]: 1 pending queues [0m
[delivery_robot_main_controller-20] [0m[INFO] [1774507326.177405852] [main_controller_node]: Queue action: Request[0m
[delivery_robot_main_controller-20] [0m[INFO] [1774507326.218255190] [main_controller_node]: AGV start_pos: x=0.10, y=0.01[0m
[delivery_robot_main_controller-20] [0m[INFO] [1774507326.218985789] [main_controller_node]: AGV goal_pos: x=3.40, y=-0.73[0m
[delivery_robot_main_controller-20] [0m[INFO] [1774507326.220990049] [main_controller_node]: Path source: building YAML (/home/smr/workspaces/mini_amr/amrROS2_ws/maps/map_000.building.yaml)[0m
[delivery_robot_main_controller-20] Graph before shortest_path: Graph with 11 nodes and 10 edges
[delivery_robot_main_controller-20] [0m[INFO] [1774507326.248087807] [main_controller_node]: Computed AGV path waypoints:[0m
[delivery_robot_main_controller-20] [0m[INFO] [1774507326.248792448] [main_controller_node]:   Waypoint 0: x=0.10, y=0.01[0m
[delivery_robot_main_controller-20] [0m[INFO] [1774507326.249440508] [main_controller_node]:   Waypoint 1: x=0.39, y=0.04[0m
[delivery_robot_main_controller-20] [0m[INFO] [1774507326.250159731] [main_controller_node]:   Waypoint 2: x=0.71, y=-0.27[0m
[delivery_robot_main_controller-20] [0m[INFO] [1774507326.250917454] [main_controller_node]:   Waypoint 3: x=1.03, y=-0.58[0m
[delivery_robot_main_controller-20] [0m[INFO] [1774507326.251582429] [main_controller_node]:   Waypoint 4: x=1.35, y=-0.89[0m
[delivery_robot_main_controller-20] [0m[INFO] [1774507326.252396733] [main_controller_node]:   Waypoint 5: x=1.67, y=-1.20[0m
[delivery_robot_main_controller-20] [0m[INFO] [1774507326.253054417] [main_controller_node]:   Waypoint 6: x=1.99, y=-1.51[0m
[delivery_robot_main_controller-20] [0m[INFO] [1774507326.253760808] [main_controller_node]:   Waypoint 7: x=2.34, y=-1.31[0m
[delivery_robot_main_controller-20] [0m[INFO] [1774507326.254395743] [main_controller_node]:   Waypoint 8: x=2.69, y=-1.12[0m
[delivery_robot_main_controller-20] [0m[INFO] [1774507326.256344297] [main_controller_node]:   Waypoint 9: x=3.04, y=-0.92[0m
[delivery_robot_main_controller-20] [0m[INFO] [1774507326.257064395] [main_controller_node]:   Waypoint 10: x=3.40, y=-0.73[0m
[delivery_robot_main_controller-20] [0m[INFO] [1774507326.257966779] [main_controller_node]: Startup: costmap not yet available, will retry.[0m
[delivery_robot_main_controller-20] [0m[INFO] [1774507327.186509057] [main_controller_node]: Current state: STANDBY, dock_state IDLE, charge_state NOT_CHARGE[0m
[call_robot_button-22] 2026-03-26 13:42:07 mosquitto_pub -u smr -P smrbot25 -m "Production1,blink" -t "Rsp" -r
[call_robot_button-22] [0m[INFO] [1774507327.671515771] [call_robot_button_node]: call_switch notified: station=Production1 status=blink.[0m
[delivery_robot_main_controller-20] [0m[INFO] [1774507328.149036841] [main_controller_node]: Current state: STANDBY, dock_state IDLE, charge_state NOT_CHARGE[0m
[delivery_robot_main_controller-20] [0m[INFO] [1774507328.227618300] [main_controller_node]: 1 pending queues [0m
[delivery_robot_main_controller-20] [0m[INFO] [1774507328.232003056] [main_controller_node]: Queue action: Request[0m
[delivery_robot_main_controller-20] [0m[INFO] [1774507328.265505580] [main_controller_node]: AGV start_pos: x=0.10, y=0.01[0m
[delivery_robot_main_controller-20] [0m[INFO] [1774507328.267658876] [main_controller_node]: AGV goal_pos: x=3.40, y=-0.73[0m
[delivery_robot_main_controller-20] [0m[INFO] [1774507328.272674193] [main_controller_node]: Path source: building YAML (/home/smr/workspaces/mini_amr/amrROS2_ws/maps/map_000.building.yaml)[0m
[delivery_robot_main_controller-20] Graph before shortest_path: Graph with 11 nodes and 10 edges
[delivery_robot_main_controller-20] [0m[INFO] [1774507328.302841923] [main_controller_node]: Computed AGV path waypoints:[0m
[delivery_robot_main_controller-20] [0m[INFO] [1774507328.303527314] [main_controller_node]:   Waypoint 0: x=0.10, y=0.01[0m
[delivery_robot_main_controller-20] [0m[INFO] [1774507328.304191123] [main_controller_node]:   Waypoint 1: x=0.39, y=0.04[0m
[delivery_robot_main_controller-20] [0m[INFO] [1774507328.304964887] [main_controller_node]:   Waypoint 2: x=0.71, y=-0.27[0m
[delivery_robot_main_controller-20] [0m[INFO] [1774507328.305767232] [main_controller_node]:   Waypoint 3: x=1.03, y=-0.58[0m
[delivery_robot_main_controller-20] [0m[INFO] [1774507328.308143062] [main_controller_node]:   Waypoint 4: x=1.35, y=-0.89[0m
[delivery_robot_main_controller-20] [0m[INFO] [1774507328.308834287] [main_controller_node]:   Waypoint 5: x=1.67, y=-1.20[0m
[delivery_robot_main_controller-20] [0m[INFO] [1774507328.309545052] [main_controller_node]:   Waypoint 6: x=1.99, y=-1.51[0m
[delivery_robot_main_controller-20] [0m[INFO] [1774507328.310201570] [main_controller_node]:   Waypoint 7: x=2.34, y=-1.31[0m
[delivery_robot_main_controller-20] [0m[INFO] [1774507328.310941501] [main_controller_node]:   Waypoint 8: x=2.69, y=-1.12[0m
[delivery_robot_main_controller-20] [0m[INFO] [1774507328.311614352] [main_controller_node]:   Waypoint 9: x=3.04, y=-0.92[0m
[delivery_robot_main_controller-20] [0m[INFO] [1774507328.312263286] [main_controller_node]:   Waypoint 10: x=3.40, y=-0.73[0m
[delivery_robot_main_controller-20] [0m[INFO] [1774507328.313260166] [main_controller_node]: Startup: costmap not yet available, will retry.[0m
[delivery_robot_main_controller-20] [0m[INFO] [1774507329.140380238] [main_controller_node]: Current state: STANDBY, dock_state IDLE, charge_state NOT_CHARGE[0m
[delivery_robot_main_controller-20] [0m[INFO] [1774507330.104015732] [main_controller_node]: Current state: STANDBY, dock_state IDLE, charge_state NOT_CHARGE[0m
[delivery_robot_main_controller-20] [0m[INFO] [1774507330.186512089] [main_controller_node]: 1 pending queues [0m
[delivery_robot_main_controller-20] [0m[INFO] [1774507330.190370698] [main_controller_node]: Queue action: Request[0m
[delivery_robot_main_controller-20] [0m[INFO] [1774507330.242790613] [main_controller_node]: AGV start_pos: x=0.10, y=0.01[0m
[delivery_robot_main_controller-20] [0m[INFO] [1774507330.251155599] [main_controller_node]: AGV goal_pos: x=3.40, y=-0.73[0m
[delivery_robot_main_controller-20] [0m[INFO] [1774507330.254405813] [main_controller_node]: Path source: building YAML (/home/smr/workspaces/mini_amr/amrROS2_ws/maps/map_000.building.yaml)[0m
[delivery_robot_main_controller-20] Graph before shortest_path: Graph with 11 nodes and 10 edges
[delivery_robot_main_controller-20] [0m[INFO] [1774507330.288267658] [main_controller_node]: Computed AGV path waypoints:[0m
[delivery_robot_main_controller-20] [0m[INFO] [1774507330.288959174] [main_controller_node]:   Waypoint 0: x=0.10, y=0.01[0m
[delivery_robot_main_controller-20] [0m[INFO] [1774507330.289594984] [main_controller_node]:   Waypoint 1: x=0.39, y=0.04[0m
[delivery_robot_main_controller-20] [0m[INFO] [1774507330.290220878] [main_controller_node]:   Waypoint 2: x=0.71, y=-0.27[0m
[delivery_robot_main_controller-20] [0m[INFO] [1774507330.290857271] [main_controller_node]:   Waypoint 3: x=1.03, y=-0.58[0m
[delivery_robot_main_controller-20] [0m[INFO] [1774507330.291496581] [main_controller_node]:   Waypoint 4: x=1.35, y=-0.89[0m
[delivery_robot_main_controller-20] [0m[INFO] [1774507330.292228346] [main_controller_node]:   Waypoint 5: x=1.67, y=-1.20[0m
[delivery_robot_main_controller-20] [0m[INFO] [1774507330.292862406] [main_controller_node]:   Waypoint 6: x=1.99, y=-1.51[0m
[delivery_robot_main_controller-20] [0m[INFO] [1774507330.293490050] [main_controller_node]:   Waypoint 7: x=2.34, y=-1.31[0m
[delivery_robot_main_controller-20] [0m[INFO] [1774507330.294118860] [main_controller_node]:   Waypoint 8: x=2.69, y=-1.12[0m
[delivery_robot_main_controller-20] [0m[INFO] [1774507330.294735129] [main_controller_node]:   Waypoint 9: x=3.04, y=-0.92[0m
[delivery_robot_main_controller-20] [0m[INFO] [1774507330.295359273] [main_controller_node]:   Waypoint 10: x=3.40, y=-0.73[0m
[delivery_robot_main_controller-20] [0m[INFO] [1774507330.296226366] [main_controller_node]: Startup: costmap not yet available, will retry.[0m
[delivery_robot_main_controller-20] [0m[INFO] [1774507331.150622107] [main_controller_node]: Current state: STANDBY, dock_state IDLE, charge_state NOT_CHARGE[0m
[delivery_robot_main_controller-20] [0m[INFO] [1774507332.157676137] [main_controller_node]: Current state: STANDBY, dock_state IDLE, charge_state NOT_CHARGE[0m
[delivery_robot_main_controller-20] [0m[INFO] [1774507332.229702627] [main_controller_node]: 1 pending queues [0m
[delivery_robot_main_controller-20] [0m[INFO] [1774507332.231071952] [main_controller_node]: Queue action: Request[0m
[delivery_robot_main_controller-20] [0m[INFO] [1774507332.253468799] [main_controller_node]: AGV start_pos: x=0.10, y=0.01[0m
[delivery_robot_main_controller-20] [0m[INFO] [1774507332.254061444] [main_controller_node]: AGV goal_pos: x=3.40, y=-0.73[0m
[delivery_robot_main_controller-20] [0m[INFO] [1774507332.254632507] [main_controller_node]: Path source: building YAML (/home/smr/workspaces/mini_amr/amrROS2_ws/maps/map_000.building.yaml)[0m
[delivery_robot_main_controller-20] Graph before shortest_path: Graph with 11 nodes and 10 edges
[delivery_robot_main_controller-20] [0m[INFO] [1774507332.275682487] [main_controller_node]: Computed AGV path waypoints:[0m
[delivery_robot_main_controller-20] [0m[INFO] [1774507332.276367878] [main_controller_node]:   Waypoint 0: x=0.10, y=0.01[0m
[delivery_robot_main_controller-20] [0m[INFO] [1774507332.277053853] [main_controller_node]:   Waypoint 1: x=0.39, y=0.04[0m
[delivery_robot_main_controller-20] [0m[INFO] [1774507332.277673914] [main_controller_node]:   Waypoint 2: x=0.71, y=-0.27[0m
[delivery_robot_main_controller-20] [0m[INFO] [1774507332.278302433] [main_controller_node]:   Waypoint 3: x=1.03, y=-0.58[0m
[delivery_robot_main_controller-20] [0m[INFO] [1774507332.278959242] [main_controller_node]:   Waypoint 4: x=1.35, y=-0.89[0m
[delivery_robot_main_controller-20] [0m[INFO] [1774507332.279594760] [main_controller_node]:   Waypoint 5: x=1.67, y=-1.20[0m
[delivery_robot_main_controller-20] [0m[INFO] [1774507332.282506654] [main_controller_node]:   Waypoint 6: x=1.99, y=-1.51[0m
[delivery_robot_main_controller-20] [0m[INFO] [1774507332.284830860] [main_controller_node]:   Waypoint 7: x=2.34, y=-1.31[0m
[delivery_robot_main_controller-20] [0m[INFO] [1774507332.285526752] [main_controller_node]:   Waypoint 8: x=2.69, y=-1.12[0m
[delivery_robot_main_controller-20] [0m[INFO] [1774507332.286169270] [main_controller_node]:   Waypoint 9: x=3.04, y=-0.92[0m
[delivery_robot_main_controller-20] [0m[INFO] [1774507332.286801580] [main_controller_node]:   Waypoint 10: x=3.40, y=-0.73[0m
[delivery_robot_main_controller-20] [0m[INFO] [1774507332.287696672] [main_controller_node]: Startup: costmap not yet available, will retry.[0m
[delivery_robot_main_controller-20] [0m[INFO] [1774507333.137411626] [main_controller_node]: Current state: STANDBY, dock_state IDLE, charge_state NOT_CHARGE[0m
[delivery_robot_main_controller-20] [0m[INFO] [1774507334.117483977] [main_controller_node]: Current state: STANDBY, dock_state IDLE, charge_state NOT_CHARGE[0m
[delivery_robot_main_controller-20] [0m[INFO] [1774507334.230629879] [main_controller_node]: 1 pending queues [0m
[delivery_robot_main_controller-20] [0m[INFO] [1774507334.231733213] [main_controller_node]: Queue action: Request[0m
[delivery_robot_main_controller-20] [0m[INFO] [1774507334.267273830] [main_controller_node]: AGV start_pos: x=0.10, y=0.01[0m
[delivery_robot_main_controller-20] [0m[INFO] [1774507334.270549126] [main_controller_node]: AGV goal_pos: x=3.40, y=-0.73[0m
[delivery_robot_main_controller-20] [0m[INFO] [1774507334.272807419] [main_controller_node]: Path source: building YAML (/home/smr/workspaces/mini_amr/amrROS2_ws/maps/map_000.building.yaml)[0m
[delivery_robot_main_controller-20] Graph before shortest_path: Graph with 11 nodes and 10 edges
[delivery_robot_main_controller-20] [0m[INFO] [1774507334.303126226] [main_controller_node]: Computed AGV path waypoints:[0m
[delivery_robot_main_controller-20] [0m[INFO] [1774507334.304163355] [main_controller_node]:   Waypoint 0: x=0.10, y=0.01[0m
[delivery_robot_main_controller-20] [0m[INFO] [1774507334.307219618] [main_controller_node]:   Waypoint 1: x=0.39, y=0.04[0m
[delivery_robot_main_controller-20] [0m[INFO] [1774507334.307961883] [main_controller_node]:   Waypoint 2: x=0.71, y=-0.27[0m
[delivery_robot_main_controller-20] [0m[INFO] [1774507334.308626275] [main_controller_node]:   Waypoint 3: x=1.03, y=-0.58[0m
[delivery_robot_main_controller-20] [0m[INFO] [1774507334.309330041] [main_controller_node]:   Waypoint 4: x=1.35, y=-0.89[0m
[delivery_robot_main_controller-20] [0m[INFO] [1774507334.309973434] [main_controller_node]:   Waypoint 5: x=1.67, y=-1.20[0m
[delivery_robot_main_controller-20] [0m[INFO] [1774507334.310647743] [main_controller_node]:   Waypoint 6: x=1.99, y=-1.51[0m
[delivery_robot_main_controller-20] [0m[INFO] [1774507334.311284719] [main_controller_node]:   Waypoint 7: x=2.34, y=-1.31[0m
[delivery_robot_main_controller-20] [0m[INFO] [1774507334.311911196] [main_controller_node]:   Waypoint 8: x=2.69, y=-1.12[0m
[delivery_robot_main_controller-20] [0m[INFO] [1774507334.312542923] [main_controller_node]:   Waypoint 9: x=3.04, y=-0.92[0m
[delivery_robot_main_controller-20] [0m[INFO] [1774507334.313191566] [main_controller_node]:   Waypoint 10: x=3.40, y=-0.73[0m
[delivery_robot_main_controller-20] [0m[INFO] [1774507334.314166281] [main_controller_node]: Startup: costmap not yet available, will retry.[0m
[delivery_robot_main_controller-20] [0m[INFO] [1774507335.100845624] [main_controller_node]: Current state: STANDBY, dock_state IDLE, charge_state NOT_CHARGE[0m
[delivery_robot_main_controller-20] [0m[INFO] [1774507336.102361982] [main_controller_node]: Current state: STANDBY, dock_state IDLE, charge_state NOT_CHARGE[0m
[delivery_robot_main_controller-20] [0m[INFO] [1774507336.211034172] [main_controller_node]: 1 pending queues [0m
[delivery_robot_main_controller-20] [0m[INFO] [1774507336.218737391] [main_controller_node]: Queue action: Request[0m
[delivery_robot_main_controller-20] [0m[INFO] [1774507336.261841522] [main_controller_node]: AGV start_pos: x=0.10, y=0.01[0m
[delivery_robot_main_controller-20] [0m[INFO] [1774507336.262572995] [main_controller_node]: AGV goal_pos: x=3.40, y=-0.73[0m
[delivery_robot_main_controller-20] [0m[INFO] [1774507336.263302718] [main_controller_node]: Path source: building YAML (/home/smr/workspaces/mini_amr/amrROS2_ws/maps/map_000.building.yaml)[0m
[delivery_robot_main_controller-20] Graph before shortest_path: Graph with 11 nodes and 10 edges
[delivery_robot_main_controller-20] [0m[INFO] [1774507336.290412435] [main_controller_node]: Computed AGV path waypoints:[0m
[delivery_robot_main_controller-20] [0m[INFO] [1774507336.291128742] [main_controller_node]:   Waypoint 0: x=0.10, y=0.01[0m
[delivery_robot_main_controller-20] [0m[INFO] [1774507336.291791093] [main_controller_node]:   Waypoint 1: x=0.39, y=0.04[0m
[delivery_robot_main_controller-20] [0m[INFO] [1774507336.292423986] [main_controller_node]:   Waypoint 2: x=0.71, y=-0.27[0m
[delivery_robot_main_controller-20] [0m[INFO] [1774507336.293116669] [main_controller_node]:   Waypoint 3: x=1.03, y=-0.58[0m
[delivery_robot_main_controller-20] [0m[INFO] [1774507336.293765021] [main_controller_node]:   Waypoint 4: x=1.35, y=-0.89[0m
[delivery_robot_main_controller-20] [0m[INFO] [1774507336.294385956] [main_controller_node]:   Waypoint 5: x=1.67, y=-1.20[0m
[delivery_robot_main_controller-20] [0m[INFO] [1774507336.295002517] [main_controller_node]:   Waypoint 6: x=1.99, y=-1.51[0m
[delivery_robot_main_controller-20] [0m[INFO] [1774507336.295616161] [main_controller_node]:   Waypoint 7: x=2.34, y=-1.31[0m
[delivery_robot_main_controller-20] [0m[INFO] [1774507336.296289595] [main_controller_node]:   Waypoint 8: x=2.69, y=-1.12[0m
[delivery_robot_main_controller-20] [0m[INFO] [1774507336.297029235] [main_controller_node]:   Waypoint 9: x=3.04, y=-0.92[0m
[delivery_robot_main_controller-20] [0m[INFO] [1774507336.297686335] [main_controller_node]:   Waypoint 10: x=3.40, y=-0.73[0m
[delivery_robot_main_controller-20] [0m[INFO] [1774507336.298561012] [main_controller_node]: Startup: costmap not yet available, will retry.[0m
[delivery_robot_main_controller-20] [0m[INFO] [1774507337.128550104] [main_controller_node]: Current state: STANDBY, dock_state IDLE, charge_state NOT_CHARGE[0m
[delivery_robot_main_controller-20] [0m[INFO] [1774507338.178754639] [main_controller_node]: Current state: STANDBY, dock_state IDLE, charge_state NOT_CHARGE[0m
[delivery_robot_main_controller-20] [0m[INFO] [1774507338.265567796] [main_controller_node]: 1 pending queues [0m
[delivery_robot_main_controller-20] [0m[INFO] [1774507338.269787766] [main_controller_node]: Queue action: Request[0m
[delivery_robot_main_controller-20] [0m[INFO] [1774507338.315787750] [main_controller_node]: AGV start_pos: x=0.10, y=0.01[0m
[delivery_robot_main_controller-20] [0m[INFO] [1774507338.316407811] [main_controller_node]: AGV goal_pos: x=3.40, y=-0.73[0m
[delivery_robot_main_controller-20] [0m[INFO] [1774507338.317171949] [main_controller_node]: Path source: building YAML (/home/smr/workspaces/mini_amr/amrROS2_ws/maps/map_000.building.yaml)[0m
[delivery_robot_main_controller-20] Graph before shortest_path: Graph with 11 nodes and 10 edges
[delivery_robot_main_controller-20] [0m[INFO] [1774507338.341880754] [main_controller_node]: Computed AGV path waypoints:[0m
[delivery_robot_main_controller-20] [0m[INFO] [1774507338.342590061] [main_controller_node]:   Waypoint 0: x=0.10, y=0.01[0m
[delivery_robot_main_controller-20] [0m[INFO] [1774507338.343325909] [main_controller_node]:   Waypoint 1: x=0.39, y=0.04[0m
[delivery_robot_main_controller-20] [0m[INFO] [1774507338.344083048] [main_controller_node]:   Waypoint 2: x=0.71, y=-0.27[0m
[delivery_robot_main_controller-20] [0m[INFO] [1774507338.344854770] [main_controller_node]:   Waypoint 3: x=1.03, y=-0.58[0m
[delivery_robot_main_controller-20] [0m[INFO] [1774507338.345522371] [main_controller_node]:   Waypoint 4: x=1.35, y=-0.89[0m
[delivery_robot_main_controller-20] [0m[INFO] [1774507338.346186180] [main_controller_node]:   Waypoint 5: x=1.67, y=-1.20[0m
[delivery_robot_main_controller-20] [0m[INFO] [1774507338.346847947] [main_controller_node]:   Waypoint 6: x=1.99, y=-1.51[0m
[delivery_robot_main_controller-20] [0m[INFO] [1774507338.347540047] [main_controller_node]:   Waypoint 7: x=2.34, y=-1.31[0m
[delivery_robot_main_controller-20] [0m[INFO] [1774507338.348343267] [main_controller_node]:   Waypoint 8: x=2.69, y=-1.12[0m
[delivery_robot_main_controller-20] [0m[INFO] [1774507338.349069199] [main_controller_node]:   Waypoint 9: x=3.04, y=-0.92[0m
[delivery_robot_main_controller-20] [0m[INFO] [1774507338.349777340] [main_controller_node]:   Waypoint 10: x=3.40, y=-0.73[0m
[delivery_robot_main_controller-20] [0m[INFO] [1774507338.350876008] [main_controller_node]: Startup: costmap not yet available, will retry.[0m
[delivery_robot_main_controller-20] [0m[INFO] [1774507339.115291791] [main_controller_node]: Current state: STANDBY, dock_state IDLE, charge_state NOT_CHARGE[0m
[delivery_robot_main_controller-20] [0m[INFO] [1774507340.099913683] [main_controller_node]: Current state: STANDBY, dock_state IDLE, charge_state NOT_CHARGE[0m
[delivery_robot_main_controller-20] [0m[INFO] [1774507340.167837740] [main_controller_node]: 1 pending queues [0m
[delivery_robot_main_controller-20] [0m[INFO] [1774507340.169377100] [main_controller_node]: Queue action: Request[0m
[delivery_robot_main_controller-20] [0m[INFO] [1774507340.196119039] [main_controller_node]: AGV start_pos: x=0.10, y=0.01[0m
[delivery_robot_main_controller-20] [0m[INFO] [1774507340.197852350] [main_controller_node]: AGV goal_pos: x=3.40, y=-0.73[0m
[delivery_robot_main_controller-20] [0m[INFO] [1774507340.198547658] [main_controller_node]: Path source: building YAML (/home/smr/workspaces/mini_amr/amrROS2_ws/maps/map_000.building.yaml)[0m
[delivery_robot_main_controller-20] Graph before shortest_path: Graph with 11 nodes and 10 edges
[delivery_robot_main_controller-20] [0m[INFO] [1774507340.225051022] [main_controller_node]: Computed AGV path waypoints:[0m
[delivery_robot_main_controller-20] [0m[INFO] [1774507340.225868242] [main_controller_node]:   Waypoint 0: x=0.10, y=0.01[0m
[delivery_robot_main_controller-20] [0m[INFO] [1774507340.226559175] [main_controller_node]:   Waypoint 1: x=0.39, y=0.04[0m
[delivery_robot_main_controller-20] [0m[INFO] [1774507340.227252150] [main_controller_node]:   Waypoint 2: x=0.71, y=-0.27[0m
[delivery_robot_main_controller-20] [0m[INFO] [1774507340.227903709] [main_controller_node]:   Waypoint 3: x=1.03, y=-0.58[0m
[delivery_robot_main_controller-20] [0m[INFO] [1774507340.228551769] [main_controller_node]:   Waypoint 4: x=1.35, y=-0.89[0m
[delivery_robot_main_controller-20] [0m[INFO] [1774507340.229202453] [main_controller_node]:   Waypoint 5: x=1.67, y=-1.20[0m
[delivery_robot_main_controller-20] [0m[INFO] [1774507340.229887553] [main_controller_node]:   Waypoint 6: x=1.99, y=-1.51[0m
[delivery_robot_main_controller-20] [0m[INFO] [1774507340.230597444] [main_controller_node]:   Waypoint 7: x=2.34, y=-1.31[0m
[delivery_robot_main_controller-20] [0m[INFO] [1774507340.231244628] [main_controller_node]:   Waypoint 8: x=2.69, y=-1.12[0m
[delivery_robot_main_controller-20] [0m[INFO] [1774507340.233251222] [main_controller_node]:   Waypoint 9: x=3.04, y=-0.92[0m
[delivery_robot_main_controller-20] [0m[INFO] [1774507340.234597506] [main_controller_node]:   Waypoint 10: x=3.40, y=-0.73[0m
[delivery_robot_main_controller-20] [0m[INFO] [1774507340.235547429] [main_controller_node]: Startup: costmap not yet available, will retry.[0m
[delivery_robot_main_controller-20] [0m[INFO] [1774507341.100481284] [main_controller_node]: Current state: STANDBY, dock_state IDLE, charge_state NOT_CHARGE[0m
[delivery_robot_main_controller-20] [0m[INFO] [1774507342.107875677] [main_controller_node]: Current state: STANDBY, dock_state IDLE, charge_state NOT_CHARGE[0m
[delivery_robot_main_controller-20] [0m[INFO] [1774507342.202056648] [main_controller_node]: 1 pending queues [0m
[delivery_robot_main_controller-20] [0m[INFO] [1774507342.206354783] [main_controller_node]: Queue action: Request[0m
[delivery_robot_main_controller-20] [0m[INFO] [1774507342.245795131] [main_controller_node]: AGV start_pos: x=0.10, y=0.01[0m
[delivery_robot_main_controller-20] [0m[INFO] [1774507342.246360361] [main_controller_node]: AGV goal_pos: x=3.40, y=-0.73[0m
[delivery_robot_main_controller-20] [0m[INFO] [1774507342.246945423] [main_controller_node]: Path source: building YAML (/home/smr/workspaces/mini_amr/amrROS2_ws/maps/map_000.building.yaml)[0m
[delivery_robot_main_controller-20] Graph before shortest_path: Graph with 11 nodes and 10 edges
[delivery_robot_main_controller-20] [0m[INFO] [1774507342.268827497] [main_controller_node]: Computed AGV path waypoints:[0m
[delivery_robot_main_controller-20] [0m[INFO] [1774507342.270758843] [main_controller_node]:   Waypoint 0: x=0.10, y=0.01[0m
[delivery_robot_main_controller-20] [0m[INFO] [1774507342.271465526] [main_controller_node]:   Waypoint 1: x=0.39, y=0.04[0m
[delivery_robot_main_controller-20] [0m[INFO] [1774507342.272153250] [main_controller_node]:   Waypoint 2: x=0.71, y=-0.27[0m
[delivery_robot_main_controller-20] [0m[INFO] [1774507342.272810643] [main_controller_node]:   Waypoint 3: x=1.03, y=-0.58[0m
[delivery_robot_main_controller-20] [0m[INFO] [1774507342.273513826] [main_controller_node]:   Waypoint 4: x=1.35, y=-0.89[0m
[delivery_robot_main_controller-20] [0m[INFO] [1774507342.274157510] [main_controller_node]:   Waypoint 5: x=1.67, y=-1.20[0m
[delivery_robot_main_controller-20] [0m[INFO] [1774507342.274791279] [main_controller_node]:   Waypoint 6: x=1.99, y=-1.51[0m
[delivery_robot_main_controller-20] [0m[INFO] [1774507342.275472879] [main_controller_node]:   Waypoint 7: x=2.34, y=-1.31[0m
[delivery_robot_main_controller-20] [0m[INFO] [1774507342.276150979] [main_controller_node]:   Waypoint 8: x=2.69, y=-1.12[0m
[delivery_robot_main_controller-20] [0m[INFO] [1774507342.276905785] [main_controller_node]:   Waypoint 9: x=3.04, y=-0.92[0m
[delivery_robot_main_controller-20] [0m[INFO] [1774507342.277536928] [main_controller_node]:   Waypoint 10: x=3.40, y=-0.73[0m
[delivery_robot_main_controller-20] [0m[INFO] [1774507342.278448645] [main_controller_node]: Startup: costmap not yet available, will retry.[0m
[delivery_robot_main_controller-20] [0m[INFO] [1774507343.191352912] [main_controller_node]: Current state: STANDBY, dock_state IDLE, charge_state NOT_CHARGE[0m
[delivery_robot_main_controller-20] [0m[INFO] [1774507344.129929906] [main_controller_node]: Current state: STANDBY, dock_state IDLE, charge_state NOT_CHARGE[0m
[delivery_robot_main_controller-20] [0m[INFO] [1774507344.241181502] [main_controller_node]: 1 pending queues [0m
[delivery_robot_main_controller-20] [0m[INFO] [1774507344.242753820] [main_controller_node]: Queue action: Request[0m
[delivery_robot_main_controller-20] [0m[INFO] [1774507344.283753361] [main_controller_node]: AGV start_pos: x=0.10, y=0.01[0m
[delivery_robot_main_controller-20] [0m[INFO] [1774507344.285762871] [main_controller_node]: AGV goal_pos: x=3.40, y=-0.73[0m
[delivery_robot_main_controller-20] [0m[INFO] [1774507344.287940666] [main_controller_node]: Path source: building YAML (/home/smr/workspaces/mini_amr/amrROS2_ws/maps/map_000.building.yaml)[0m
[delivery_robot_main_controller-20] Graph before shortest_path: Graph with 11 nodes and 10 edges
[delivery_robot_main_controller-20] [0m[INFO] [1774507344.324410499] [main_controller_node]: Computed AGV path waypoints:[0m
[delivery_robot_main_controller-20] [0m[INFO] [1774507344.326391426] [main_controller_node]:   Waypoint 0: x=0.10, y=0.01[0m
[delivery_robot_main_controller-20] [0m[INFO] [1774507344.327119108] [main_controller_node]:   Waypoint 1: x=0.39, y=0.04[0m
[delivery_robot_main_controller-20] [0m[INFO] [1774507344.328325980] [main_controller_node]:   Waypoint 2: x=0.71, y=-0.27[0m
[delivery_robot_main_controller-20] [0m[INFO] [1774507344.328992706] [main_controller_node]:   Waypoint 3: x=1.03, y=-0.58[0m
[delivery_robot_main_controller-20] [0m[INFO] [1774507344.329693847] [main_controller_node]:   Waypoint 4: x=1.35, y=-0.89[0m
[delivery_robot_main_controller-20] [0m[INFO] [1774507344.330520400] [main_controller_node]:   Waypoint 5: x=1.67, y=-1.20[0m
[delivery_robot_main_controller-20] [0m[INFO] [1774507344.334109810] [main_controller_node]:   Waypoint 6: x=1.99, y=-1.51[0m
[delivery_robot_main_controller-20] [0m[INFO] [1774507344.334803368] [main_controller_node]:   Waypoint 7: x=2.34, y=-1.31[0m
[delivery_robot_main_controller-20] [0m[INFO] [1774507344.335530467] [main_controller_node]:   Waypoint 8: x=2.69, y=-1.12[0m
[delivery_robot_main_controller-20] [0m[INFO] [1774507344.336172110] [main_controller_node]:   Waypoint 9: x=3.04, y=-0.92[0m
[delivery_robot_main_controller-20] [0m[INFO] [1774507344.336800920] [main_controller_node]:   Waypoint 10: x=3.40, y=-0.73[0m
[delivery_robot_main_controller-20] [0m[INFO] [1774507344.337736261] [main_controller_node]: Startup: costmap not yet available, will retry.[0m
[delivery_robot_main_controller-20] [0m[INFO] [1774507345.097148102] [main_controller_node]: Current state: STANDBY, dock_state IDLE, charge_state NOT_CHARGE[0m
[bash-27] 4
[bash-27] queue action->Request :  current state-> STANDBY : previous state-> 
[bash-27] Queue empty: current state-> STANDBY : queue_action-> Request
[bash-27] Production1
[INFO] [bash-27]: process has finished cleanly [pid 75123]
[INFO] [battery_manager_node-26]: sending signal 'SIGINT' to process[battery_manager_node-26]
[INFO] [autodock_action_server-25]: sending signal 'SIGINT' to process[autodock_action_server-25]
[INFO] [dock_coordinates-24]: sending signal 'SIGINT' to process[dock_coordinates-24]
[INFO] [rpc_run_node-23]: sending signal 'SIGINT' to process[rpc_run_node-23]
[INFO] [call_robot_button-22]: sending signal 'SIGINT' to process[call_robot_button-22]
[INFO] [robot_sound-21]: sending signal 'SIGINT' to process[robot_sound-21]
[INFO] [delivery_robot_main_controller-20]: sending signal 'SIGINT' to process[delivery_robot_main_controller-20]
[INFO] [dock_coordinates-24]: process has finished cleanly [pid 74971]
[INFO] [lifecycle_manager-19]: sending signal 'SIGINT' to process[lifecycle_manager-19]
[INFO] [collision_detector-18]: sending signal 'SIGINT' to process[collision_detector-18]
[INFO] [collision_monitor-17]: sending signal 'SIGINT' to process[collision_monitor-17]
[INFO] [velocity_smoother-16]: sending signal 'SIGINT' to process[velocity_smoother-16]
[INFO] [waypoint_follower-15]: sending signal 'SIGINT' to process[waypoint_follower-15]
[INFO] [bt_navigator-14]: sending signal 'SIGINT' to process[bt_navigator-14]
[INFO] [behavior_server-13]: sending signal 'SIGINT' to process[behavior_server-13]
[INFO] [planner_server-12]: sending signal 'SIGINT' to process[planner_server-12]
[INFO] [smoother_server-11]: sending signal 'SIGINT' to process[smoother_server-11]
[INFO] [controller_server-10]: sending signal 'SIGINT' to process[controller_server-10]
[INFO] [costmap_filter_info_server-9]: sending signal 'SIGINT' to process[costmap_filter_info_server-9]
[INFO] [map_server-8]: sending signal 'SIGINT' to process[map_server-8]
[INFO] [localization_slam_toolbox_node-7]: sending signal 'SIGINT' to process[localization_slam_toolbox_node-7]
[INFO] [robot_hardware-6]: sending signal 'SIGINT' to process[robot_hardware-6]
[INFO] [ekf_node-5]: sending signal 'SIGINT' to process[ekf_node-5]
[INFO] [scan_to_scan_filter_chain-4]: sending signal 'SIGINT' to process[scan_to_scan_filter_chain-4]
[INFO] [rplidar_node-3]: sending signal 'SIGINT' to process[rplidar_node-3]
[INFO] [joint_state_publisher-2]: sending signal 'SIGINT' to process[joint_state_publisher-2]
[INFO] [robot_state_publisher-1]: sending signal 'SIGINT' to process[robot_state_publisher-1]
[delivery_robot_main_controller-20] [0m[INFO] [1774507346.099598926] [main_controller_node]: Current state: STANDBY, dock_state IDLE, charge_state NOT_CHARGE[0m
[delivery_robot_main_controller-20] [0m[INFO] [1774507346.172811580] [main_controller_node]: 1 pending queues [0m
[delivery_robot_main_controller-20] [0m[INFO] [1774507346.173803794] [main_controller_node]: Queue action: Request[0m
[delivery_robot_main_controller-20] [0m[INFO] [1774507346.240981503] [main_controller_node]: AGV start_pos: x=0.10, y=0.01[0m
[delivery_robot_main_controller-20] [0m[INFO] [1774507346.245587626] [main_controller_node]: AGV goal_pos: x=3.40, y=-0.73[0m
[delivery_robot_main_controller-20] [0m[INFO] [1774507346.248770176] [main_controller_node]: Path source: building YAML (/home/smr/workspaces/mini_amr/amrROS2_ws/maps/map_000.building.yaml)[0m
[delivery_robot_main_controller-20] [0m[INFO] [1774507346.278737247] [main_controller_node]: Computed AGV path waypoints:[0m
[delivery_robot_main_controller-20] [0m[INFO] [1774507346.283926098] [main_controller_node]:   Waypoint 0: x=0.10, y=0.01[0m
[delivery_robot_main_controller-20] [0m[INFO] [1774507346.284836940] [main_controller_node]:   Waypoint 1: x=0.39, y=0.04[0m
[delivery_robot_main_controller-20] [0m[INFO] [1774507346.285542456] [main_controller_node]:   Waypoint 2: x=0.71, y=-0.27[0m
[delivery_robot_main_controller-20] [0m[INFO] [1774507346.286275388] [main_controller_node]:   Waypoint 3: x=1.03, y=-0.58[0m
[delivery_robot_main_controller-20] [0m[INFO] [1774507346.286947363] [main_controller_node]:   Waypoint 4: x=1.35, y=-0.89[0m
[delivery_robot_main_controller-20] [0m[INFO] [1774507346.287584340] [main_controller_node]:   Waypoint 5: x=1.67, y=-1.20[0m
[delivery_robot_main_controller-20] [0m[INFO] [1774507346.288215483] [main_controller_node]:   Waypoint 6: x=1.99, y=-1.51[0m
[delivery_robot_main_controller-20] [0m[INFO] [1774507346.288843127] [main_controller_node]:   Waypoint 7: x=2.34, y=-1.31[0m
[delivery_robot_main_controller-20] [0m[INFO] [1774507346.289476020] [main_controller_node]:   Waypoint 8: x=2.69, y=-1.12[0m
[delivery_robot_main_controller-20] [0m[INFO] [1774507346.290100456] [main_controller_node]:   Waypoint 9: x=3.04, y=-0.92[0m
[delivery_robot_main_controller-20] [0m[INFO] [1774507346.290753182] [main_controller_node]:   Waypoint 10: x=3.40, y=-0.73[0m
[delivery_robot_main_controller-20] [0m[INFO] [1774507346.291657899] [main_controller_node]: Startup: costmap not yet available, will retry.[0m
[delivery_robot_main_controller-20] Graph before shortest_path: Graph with 11 nodes and 10 edges
[battery_manager_node-26] Traceback (most recent call last):
[battery_manager_node-26]   File "/home/smr/workspaces/mini_amr/amrROS2_ws/install/battery_management/lib/battery_management/battery_manager_node", line 33, in <module>
[battery_manager_node-26]     sys.exit(load_entry_point('battery-management==0.0.0', 'console_scripts', 'battery_manager_node')())
[battery_manager_node-26]              ^^^^^^^^^^^^^^^^^^^^^^^^^^^^^^^^^^^^^^^^^^^^^^^^^^^^^^^^^^^^^^^^^^^^^^^^^^^^^^^^^^^^^^^^^^
[battery_manager_node-26]   File "/home/smr/workspaces/mini_amr/amrROS2_ws/install/battery_management/lib/python3.12/site-packages/battery_management/battery_manager_node.py", line 311, in main
[battery_manager_node-26]     rclpy.spin(node)
[battery_manager_node-26]   File "/opt/ros/jazzy/lib/python3.12/site-packages/rclpy/__init__.py", line 247, in spin
[battery_manager_node-26]     executor.spin_once()
[battery_manager_node-26]   File "/opt/ros/jazzy/lib/python3.12/site-packages/rclpy/executors.py", line 845, in spin_once
[battery_manager_node-26]     self._spin_once_impl(timeout_sec)
[battery_manager_node-26]   File "/opt/ros/jazzy/lib/python3.12/site-packages/rclpy/executors.py", line 829, in _spin_once_impl
[battery_manager_node-26]     handler, entity, node = self.wait_for_ready_callbacks(
[battery_manager_node-26]                             ^^^^^^^^^^^^^^^^^^^^^^^^^^^^^^
[battery_manager_node-26]   File "/opt/ros/jazzy/lib/python3.12/site-packages/rclpy/executors.py", line 799, in wait_for_ready_callbacks
[battery_manager_node-26]     return next(self._cb_iter)
[battery_manager_node-26]            ^^^^^^^^^^^^^^^^^^^
[battery_manager_node-26]   File "/opt/ros/jazzy/lib/python3.12/site-packages/rclpy/executors.py", line 703, in _wait_for_ready_callbacks
[battery_manager_node-26]     wait_set.wait(timeout_nsec)
[battery_manager_node-26] KeyboardInterrupt
[dock_coordinates-24] [INFO] [1774507346.478065454] [rclcpp]: signal_handler(signum=2)
[rpc_run_node-23] [0m[INFO] [1774507346.499358092] [rpc_run_node]: RPC run node stopped by user.[0m
[rpc_run_node-23] Failed to publish log message to rosout: publisher's context is invalid, at ./src/rcl/publisher.c:423
[call_robot_button-22] [0m[INFO] [1774507346.501987662] [call_robot_button_node]: CallRobotButton interrupted by user.[0m
[call_robot_button-22] Failed to publish log message to rosout: publisher's context is invalid, at ./src/rcl/publisher.c:423
[rpc_run_node-23] 2026-03-26 13:42:26,505 [INFO] RPCServer stopped.
[robot_sound-21] [0m[INFO] [1774507346.516583003] [robot_sound_node]: 🔚 robot_sound_node stopped by user.[0m
[robot_sound-21] Failed to publish log message to rosout: publisher's context is invalid, at ./src/rcl/publisher.c:423
[delivery_robot_main_controller-20] [0m[INFO] [1774507346.533785457] [main_controller_node]: Node stopped by user.[0m
[delivery_robot_main_controller-20] Failed to publish log message to rosout: publisher's context is invalid, at ./src/rcl/publisher.c:423
[lifecycle_manager-19] [INFO] [1774507346.557567962] [rclcpp]: signal_handler(signum=2)
[lifecycle_manager-19] [INFO] [1774507346.572701117] [lifecycle_manager_navigation]: Running Nav2 LifecycleManager rcl preshutdown (lifecycle_manager_navigation)
[lifecycle_manager-19] [INFO] [1774507346.572917234] [lifecycle_manager_navigation]: [34m[1mTerminating bond timer...[0m[0m
[collision_detector-18] [INFO] [1774507346.600463851] [rclcpp]: signal_handler(signum=2)
[collision_detector-18] [INFO] [1774507346.600821713] [collision_detector]: Running Nav2 LifecycleNode rcl preshutdown (collision_detector)
[collision_detector-18] [INFO] [1774507346.600961708] [collision_detector]: Deactivating
[collision_detector-18] [INFO] [1774507346.601004873] [collision_detector]: Destroying bond (collision_detector) to lifecycle manager.
[collision_monitor-17] [INFO] [1774507346.606117602] [rclcpp]: signal_handler(signum=2)
[collision_monitor-17] [INFO] [1774507346.606262847] [collision_monitor]: Running Nav2 LifecycleNode rcl preshutdown (collision_monitor)
[collision_monitor-17] [INFO] [1774507346.606430549] [collision_monitor]: Deactivating
[collision_monitor-17] [INFO] [1774507346.606484505] [collision_monitor]: Destroying bond (collision_monitor) to lifecycle manager.
[velocity_smoother-16] [INFO] [1774507346.620244544] [rclcpp]: signal_handler(signum=2)
[velocity_smoother-16] [INFO] [1774507346.620429162] [velocity_smoother]: Running Nav2 LifecycleNode rcl preshutdown (velocity_smoother)
[velocity_smoother-16] [INFO] [1774507346.620542908] [velocity_smoother]: Deactivating
[velocity_smoother-16] [INFO] [1774507346.620584615] [velocity_smoother]: Destroying bond (velocity_smoother) to lifecycle manager.
[waypoint_follower-15] [INFO] [1774507346.628384079] [rclcpp]: signal_handler(signum=2)
[waypoint_follower-15] [INFO] [1774507346.628570447] [waypoint_follower]: Running Nav2 LifecycleNode rcl preshutdown (waypoint_follower)
[waypoint_follower-15] [INFO] [1774507346.628855979] [waypoint_follower]: Deactivating
[waypoint_follower-15] [INFO] [1774507346.629813194] [waypoint_follower]: Destroying bond (waypoint_follower) to lifecycle manager.
[bt_navigator-14] [INFO] [1774507346.642869466] [rclcpp]: signal_handler(signum=2)
[bt_navigator-14] [INFO] [1774507346.643165788] [bt_navigator]: Running Nav2 LifecycleNode rcl preshutdown (bt_navigator)
[bt_navigator-14] [INFO] [1774507346.643493026] [bt_navigator]: Deactivating
[bt_navigator-14] [INFO] [1774507346.646689285] [bt_navigator]: Destroying bond (bt_navigator) to lifecycle manager.
[collision_detector-18] [INFO] [1774507346.644815395] [collision_detector]: Cleaning up
[collision_detector-18] [INFO] [1774507346.644895017] [collision_monitor]: [PolygonStop]: Destroying Circle
[collision_detector-18] [INFO] [1774507346.644903475] [collision_monitor]: [PolygonStop]: Destroying Polygon
[collision_detector-18] [INFO] [1774507346.644912225] [collision_monitor]: [PolygonSlow]: Destroying Polygon
[collision_detector-18] [INFO] [1774507346.644918641] [collision_monitor]: [scan]: Destroying Scan
[collision_monitor-17] [INFO] [1774507346.647691706] [collision_monitor]: Cleaning up
[behavior_server-13] [INFO] [1774507346.650212781] [rclcpp]: signal_handler(signum=2)
[behavior_server-13] [INFO] [1774507346.650414315] [behavior_server]: Running Nav2 LifecycleNode rcl preshutdown (behavior_server)
[behavior_server-13] [INFO] [1774507346.650538852] [behavior_server]: Deactivating
[behavior_server-13] [INFO] [1774507346.651287533] [behavior_server]: Destroying bond (behavior_server) to lifecycle manager.
[collision_detector-18] [INFO] [1774507346.659740307] [collision_detector]: Destroying bond (collision_detector) to lifecycle manager.
[planner_server-12] [INFO] [1774507346.666806840] [rclcpp]: signal_handler(signum=2)
[planner_server-12] [INFO] [1774507346.667036082] [planner_server]: Running Nav2 LifecycleNode rcl preshutdown (planner_server)
[planner_server-12] [INFO] [1774507346.667159744] [planner_server]: Deactivating
[planner_server-12] [INFO] [1774507346.667832303] [global_costmap.global_costmap]: Deactivating
[velocity_smoother-16] [INFO] [1774507346.674944334] [velocity_smoother]: Cleaning up
[velocity_smoother-16] [INFO] [1774507346.675035039] [velocity_smoother]: Destroying bond (velocity_smoother) to lifecycle manager.
[collision_monitor-17] [INFO] [1774507346.682435227] [collision_monitor]: [PolygonStop]: Destroying Circle
[collision_monitor-17] [INFO] [1774507346.685799770] [collision_monitor]: [PolygonStop]: Destroying Polygon
[collision_monitor-17] [INFO] [1774507346.686206339] [collision_monitor]: [PolygonSlow]: Destroying Polygon
[collision_monitor-17] [INFO] [1774507346.686432372] [collision_monitor]: [FootprintApproach]: Destroying Polygon
[controller_server-10] [INFO] [1774507346.686077427] [rclcpp]: signal_handler(signum=2)
[controller_server-10] [INFO] [1774507346.686367041] [controller_server]: Running Nav2 LifecycleNode rcl preshutdown (controller_server)
[controller_server-10] [INFO] [1774507346.686637406] [controller_server]: Deactivating
[controller_server-10] [INFO] [1774507346.686818233] [MPPIController]: Deactivated MPPI Controller: FollowPath
[controller_server-10] [INFO] [1774507346.687370046] [local_costmap.local_costmap]: Deactivating
[collision_monitor-17] [INFO] [1774507346.694991601] [collision_monitor]: [scan]: Destroying Scan
[costmap_filter_info_server-9] [INFO] [1774507346.696096394] [rclcpp]: signal_handler(signum=2)
[costmap_filter_info_server-9] [INFO] [1774507346.696264971] [keepout_costmap_filter_info_server]: Running Nav2 LifecycleNode rcl preshutdown (keepout_costmap_filter_info_server)
[costmap_filter_info_server-9] [INFO] [1774507346.696397091] [keepout_costmap_filter_info_server]: Deactivating
[costmap_filter_info_server-9] [INFO] [1774507346.696431215] [keepout_costmap_filter_info_server]: Destroying bond (keepout_costmap_filter_info_server) to lifecycle manager.
[controller_server-10] [INFO] [1774507346.698484473] [controller_server]: Destroying bond (controller_server) to lifecycle manager.
[smoother_server-11] [INFO] [1774507346.699641472] [rclcpp]: signal_handler(signum=2)
[smoother_server-11] [INFO] [1774507346.699763676] [smoother_server]: Running Nav2 LifecycleNode rcl preshutdown (smoother_server)
[smoother_server-11] [INFO] [1774507346.700623186] [smoother_server]: Deactivating
[smoother_server-11] [INFO] [1774507346.700713016] [smoother_server]: Destroying bond (smoother_server) to lifecycle manager.
[map_server-8] [INFO] [1774507346.709877723] [rclcpp]: signal_handler(signum=2)
[map_server-8] [INFO] [1774507346.710386954] [keepout_filter_mask_server]: Running Nav2 LifecycleNode rcl preshutdown (keepout_filter_mask_server)
[map_server-8] [INFO] [1774507346.710529282] [keepout_filter_mask_server]: Deactivating
[map_server-8] [INFO] [1774507346.710568364] [keepout_filter_mask_server]: Destroying bond (keepout_filter_mask_server) to lifecycle manager.
[localization_slam_toolbox_node-7] [INFO] [1774507346.742331744] [rclcpp]: signal_handler(signum=2)
[bt_navigator-14] [INFO] [1774507346.748600889] [bt_navigator]: Cleaning up
[behavior_server-13] [INFO] [1774507346.753394839] [behavior_server]: Cleaning up
[behavior_server-13] [INFO] [1774507346.772266148] [behavior_server]: Destroying bond (behavior_server) to lifecycle manager.
[behavior_server-13] [INFO] [1774507346.989832772] [behavior_server]: Destroying
[localization_slam_toolbox_node-7] Unregistering sensor: Custom Described Lidar
[costmap_filter_info_server-9] [INFO] [1774507346.796839916] [keepout_costmap_filter_info_server]: Cleaning up
[costmap_filter_info_server-9] [INFO] [1774507346.796945204] [keepout_costmap_filter_info_server]: Destroying bond (keepout_costmap_filter_info_server) to lifecycle manager.
[costmap_filter_info_server-9] [INFO] [1774507347.001872915] [keepout_costmap_filter_info_server]: Destroying
[collision_monitor-17] [INFO] [1774507346.799298576] [collision_monitor]: Destroying bond (collision_monitor) to lifecycle manager.
[collision_monitor-17] [INFO] [1774507346.889158372] [collision_monitor]: Destroying
[controller_server-10] [INFO] [1774507346.800650110] [controller_server]: Cleaning up
[controller_server-10] [INFO] [1774507346.803705790] [MPPIController]: Cleaned up MPPI Controller: FollowPath
[controller_server-10] [INFO] [1774507346.841469700] [local_costmap.local_costmap]: Cleaning up
[velocity_smoother-16] [INFO] [1774507346.828197310] [velocity_smoother]: Destroying
[collision_detector-18] [INFO] [1774507346.908909607] [collision_detector]: Destroying
[waypoint_follower-15] [INFO] [1774507346.964444409] [waypoint_follower]: Cleaning up
[smoother_server-11] [INFO] [1774507346.988387908] [smoother_server]: Cleaning up
[waypoint_follower-15] [INFO] [1774507347.037826516] [waypoint_follower]: Destroying bond (waypoint_follower) to lifecycle manager.
[waypoint_follower-15] [INFO] [1774507347.309138923] [waypoint_follower]: Destroying
[smoother_server-11] [INFO] [1774507347.041954031] [smoother_server]: Destroying bond (smoother_server) to lifecycle manager.
[smoother_server-11] [INFO] [1774507347.153619488] [smoother_server]: Destroying
[map_server-8] [INFO] [1774507347.081197512] [keepout_filter_mask_server]: Cleaning up
[map_server-8] [INFO] [1774507347.081303967] [keepout_filter_mask_server]: Destroying bond (keepout_filter_mask_server) to lifecycle manager.
[map_server-8] [INFO] [1774507347.101386815] [keepout_filter_mask_server]: Destroying
[planner_server-12] [INFO] [1774507347.130449460] [planner_server]: Deactivating plugin GridBased of type SmacPlanner2D
[planner_server-12] [INFO] [1774507347.130542207] [planner_server]: Destroying bond (planner_server) to lifecycle manager.
[planner_server-12] [INFO] [1774507347.144306912] [planner_server]: Cleaning up
[planner_server-12] [INFO] [1774507347.356121496] [global_costmap.global_costmap]: Cleaning up
[robot_hardware-6] [INFO] [1774507347.376298549] [rclcpp]: signal_handler(signum=2)
[controller_server-10] [INFO] [1774507347.385713496] [controller_server]: Destroying bond (controller_server) to lifecycle manager.
[controller_server-10] [INFO] [1774507347.393482920] [local_costmap.local_costmap]: Destroying
[ekf_node-5] [INFO] [1774507347.398317993] [rclcpp]: signal_handler(signum=2)
[scan_to_scan_filter_chain-4] [INFO] [1774507347.412024950] [rclcpp]: signal_handler(signum=2)
[robot_state_publisher-1] [INFO] [1774507347.453774339] [rclcpp]: signal_handler(signum=2)
[planner_server-12] [INFO] [1774507347.506364582] [planner_server]: Cleaning up plugin GridBased of type SmacPlanner2D
[planner_server-12] [INFO] [1774507347.517032192] [planner_server]: Destroying plugin GridBased of type SmacPlanner2D
[lifecycle_manager-19] [INFO] [1774507347.564103720] [lifecycle_manager_navigation]: Destroying lifecycle_manager_navigation
[rplidar_node-3] [INFO] [1774507347.652310409] [rplidar_node]: Stop motor
[planner_server-12] [INFO] [1774507347.709190036] [planner_server]: Destroying bond (planner_server) to lifecycle manager.
[controller_server-10] [INFO] [1774507347.726512944] [controller_server]: Destroying
[planner_server-12] [INFO] [1774507347.734961343] [global_costmap.global_costmap]: Destroying
[planner_server-12] [INFO] [1774507347.885058894] [planner_server]: Destroying
[call_robot_button-22] Traceback (most recent call last):
[call_robot_button-22]   File "/home/smr/workspaces/mini_amr/amrROS2_ws/install/delivery_robot_main_controller/lib/delivery_robot_main_controller/call_robot_button", line 33, in <module>
[call_robot_button-22]     sys.exit(load_entry_point('delivery-robot-main-controller==0.0.1', 'console_scripts', 'call_robot_button')())
[call_robot_button-22]              ^^^^^^^^^^^^^^^^^^^^^^^^^^^^^^^^^^^^^^^^^^^^^^^^^^^^^^^^^^^^^^^^^^^^^^^^^^^^^^^^^^^^^^^^^^^^^^^^^^^
[call_robot_button-22]   File "/home/smr/workspaces/mini_amr/amrROS2_ws/install/delivery_robot_main_controller/lib/python3.12/site-packages/delivery_robot_main_controller/call_button.py", line 251, in main
[call_robot_button-22]     rclpy.shutdown()
[call_robot_button-22]   File "/opt/ros/jazzy/lib/python3.12/site-packages/rclpy/__init__.py", line 134, in shutdown
[call_robot_button-22]     _shutdown(context=context)
[call_robot_button-22]   File "/opt/ros/jazzy/lib/python3.12/site-packages/rclpy/utilities.py", line 82, in shutdown
[call_robot_button-22]     context.shutdown()
[call_robot_button-22]   File "/opt/ros/jazzy/lib/python3.12/site-packages/rclpy/context.py", line 129, in shutdown
[call_robot_button-22]     self.__context.shutdown()
[call_robot_button-22] rclpy._rclpy_pybind11.RCLError: failed to shutdown: rcl_shutdown already called on the given context, at ./src/rcl/init.c:333
[robot_sound-21] Traceback (most recent call last):
[robot_sound-21]   File "/home/smr/workspaces/mini_amr/amrROS2_ws/install/delivery_robot_main_controller/lib/delivery_robot_main_controller/robot_sound", line 33, in <module>
[robot_sound-21]     sys.exit(load_entry_point('delivery-robot-main-controller==0.0.1', 'console_scripts', 'robot_sound')())
[robot_sound-21]              ^^^^^^^^^^^^^^^^^^^^^^^^^^^^^^^^^^^^^^^^^^^^^^^^^^^^^^^^^^^^^^^^^^^^^^^^^^^^^^^^^^^^^^^^^^^^^
[robot_sound-21]   File "/home/smr/workspaces/mini_amr/amrROS2_ws/install/delivery_robot_main_controller/lib/python3.12/site-packages/delivery_robot_main_controller/robot_sound.py", line 147, in main
[autodock_action_server-25] Traceback (most recent call last):
[autodock_action_server-25]   File "/home/smr/workspaces/mini_amr/amrROS2_ws/install/action_autodock/lib/python3.12/site-packages/action_autodock/autodock_action_server.py", line 1409, in main
[robot_sound-21]     rclpy.shutdown()
[robot_sound-21]   File "/opt/ros/jazzy/lib/python3.12/site-packages/rclpy/__init__.py", line 134, in shutdown
[robot_sound-21]     _shutdown(context=context)
[robot_sound-21]   File "/opt/ros/jazzy/lib/python3.12/site-packages/rclpy/utilities.py", line 82, in shutdown
[robot_sound-21]     context.shutdown()
[robot_sound-21]   File "/opt/ros/jazzy/lib/python3.12/site-packages/rclpy/context.py", line 129, in shutdown
[robot_sound-21]     self.__context.shutdown()
[robot_sound-21] rclpy._rclpy_pybind11.RCLError: failed to shutdown: rcl_shutdown already called on the given context, at ./src/rcl/init.c:333
[delivery_robot_main_controller-20] Traceback (most recent call last):
[delivery_robot_main_controller-20]   File "/home/smr/workspaces/mini_amr/amrROS2_ws/install/delivery_robot_main_controller/lib/delivery_robot_main_controller/delivery_robot_main_controller", line 33, in <module>
[delivery_robot_main_controller-20]     sys.exit(load_entry_point('delivery-robot-main-controller==0.0.1', 'console_scripts', 'delivery_robot_main_controller')())
[delivery_robot_main_controller-20]              ^^^^^^^^^^^^^^^^^^^^^^^^^^^^^^^^^^^^^^^^^^^^^^^^^^^^^^^^^^^^^^^^^^^^^^^^^^^^^^^^^^^^^^^^^^^^^^^^^^^^^^^^^^^^^^^^
[delivery_robot_main_controller-20]   File "/home/smr/workspaces/mini_amr/amrROS2_ws/install/delivery_robot_main_controller/lib/python3.12/site-packages/delivery_robot_main_controller/main_controller_node.py", line 1834, in main
[rpc_run_node-23] Traceback (most recent call last):
[rpc_run_node-23]   File "/home/smr/workspaces/mini_amr/amrROS2_ws/install/delivery_robot_main_controller/lib/delivery_robot_main_controller/rpc_run_node", line 33, in <module>
[rpc_run_node-23]     sys.exit(load_entry_point('delivery-robot-main-controller==0.0.1', 'console_scripts', 'rpc_run_node')())
[rpc_run_node-23]              ^^^^^^^^^^^^^^^^^^^^^^^^^^^^^^^^^^^^^^^^^^^^^^^^^^^^^^^^^^^^^^^^^^^^^^^^^^^^^^^^^^^^^^^^^^^^^^
[rpc_run_node-23]   File "/home/smr/workspaces/mini_amr/amrROS2_ws/install/delivery_robot_main_controller/lib/python3.12/site-packages/delivery_robot_main_controller/rpc_run_node.py", line 57, in main
[rpc_run_node-23]     rclpy.shutdown()
[rpc_run_node-23]   File "/opt/ros/jazzy/lib/python3.12/site-packages/rclpy/__init__.py", line 134, in shutdown
[rpc_run_node-23]     _shutdown(context=context)
[rpc_run_node-23]   File "/opt/ros/jazzy/lib/python3.12/site-packages/rclpy/utilities.py", line 82, in shutdown
[rpc_run_node-23]     context.shutdown()
[rpc_run_node-23]   File "/opt/ros/jazzy/lib/python3.12/site-packages/rclpy/context.py", line 129, in shutdown
[rpc_run_node-23]     self.__context.shutdown()
[autodock_action_server-25]     executor.spin()
[autodock_action_server-25]   File "/opt/ros/jazzy/lib/python3.12/site-packages/rclpy/executors.py", line 312, in spin
[autodock_action_server-25]     self.spin_once()
[autodock_action_server-25]   File "/opt/ros/jazzy/lib/python3.12/site-packages/rclpy/executors.py", line 917, in spin_once
[autodock_action_server-25]     self._spin_once_impl(timeout_sec)
[autodock_action_server-25]   File "/opt/ros/jazzy/lib/python3.12/site-packages/rclpy/executors.py", line 896, in _spin_once_impl
[autodock_action_server-25]     handler, entity, node = self.wait_for_ready_callbacks(
[autodock_action_server-25]                             ^^^^^^^^^^^^^^^^^^^^^^^^^^^^^^
[autodock_action_server-25]   File "/opt/ros/jazzy/lib/python3.12/site-packages/rclpy/executors.py", line 799, in wait_for_ready_callbacks
[autodock_action_server-25]     return next(self._cb_iter)
[autodock_action_server-25]            ^^^^^^^^^^^^^^^^^^^
[autodock_action_server-25]   File "/opt/ros/jazzy/lib/python3.12/site-packages/rclpy/executors.py", line 703, in _wait_for_ready_callbacks
[autodock_action_server-25]     wait_set.wait(timeout_nsec)
[autodock_action_server-25] KeyboardInterrupt
[autodock_action_server-25] 
[autodock_action_server-25] During handling of the above exception, another exception occurred:
[autodock_action_server-25] 
[autodock_action_server-25] Traceback (most recent call last):
[autodock_action_server-25]   File "/home/smr/workspaces/mini_amr/amrROS2_ws/install/action_autodock/lib/action_autodock/autodock_action_server", line 33, in <module>
[autodock_action_server-25]     sys.exit(load_entry_point('action-autodock==0.0.0', 'console_scripts', 'autodock_action_server')())
[autodock_action_server-25]              ^^^^^^^^^^^^^^^^^^^^^^^^^^^^^^^^^^^^^^^^^^^^^^^^^^^^^^^^^^^^^^^^^^^^^^^^^^^^^^^^^^^^^^^^^
[autodock_action_server-25]   File "/home/smr/workspaces/mini_amr/amrROS2_ws/install/action_autodock/lib/python3.12/site-packages/action_autodock/autodock_action_server.py", line 1420, in main
[autodock_action_server-25]     rclpy.shutdown()   
[autodock_action_server-25]     ^^^^^^^^^^^^^^^^
[autodock_action_server-25]   File "/opt/ros/jazzy/lib/python3.12/site-packages/rclpy/__init__.py", line 134, in shutdown
[autodock_action_server-25]     _shutdown(context=context)
[autodock_action_server-25]   File "/opt/ros/jazzy/lib/python3.12/site-packages/rclpy/utilities.py", line 82, in shutdown
[rpc_run_node-23] rclpy._rclpy_pybind11.RCLError: failed to shutdown: rcl_shutdown already called on the given context, at ./src/rcl/init.c:333
[delivery_robot_main_controller-20]     rclpy.shutdown()
[delivery_robot_main_controller-20]   File "/opt/ros/jazzy/lib/python3.12/site-packages/rclpy/__init__.py", line 134, in shutdown
[delivery_robot_main_controller-20]     _shutdown(context=context)
[delivery_robot_main_controller-20]   File "/opt/ros/jazzy/lib/python3.12/site-packages/rclpy/utilities.py", line 82, in shutdown
[delivery_robot_main_controller-20]     context.shutdown()
[delivery_robot_main_controller-20]   File "/opt/ros/jazzy/lib/python3.12/site-packages/rclpy/context.py", line 129, in shutdown
[delivery_robot_main_controller-20]     self.__context.shutdown()
[delivery_robot_main_controller-20] rclpy._rclpy_pybind11.RCLError: failed to shutdown: rcl_shutdown already called on the given context, at ./src/rcl/init.c:333
[autodock_action_server-25]     context.shutdown()
[autodock_action_server-25]   File "/opt/ros/jazzy/lib/python3.12/site-packages/rclpy/context.py", line 129, in shutdown
[autodock_action_server-25]     self.__context.shutdown()
[autodock_action_server-25] rclpy._rclpy_pybind11.RCLError: failed to shutdown: rcl_shutdown already called on the given context, at ./src/rcl/init.c:333
[bt_navigator-14] [INFO] [1774507348.075344015] [bt_navigator]: Completed Cleaning up
[bt_navigator-14] [INFO] [1774507348.075464761] [bt_navigator]: Destroying bond (bt_navigator) to lifecycle manager.
[ERROR] [battery_manager_node-26]: process has died [pid 74973, exit code -2, cmd '/home/smr/workspaces/mini_amr/amrROS2_ws/install/battery_management/lib/battery_management/battery_manager_node --ros-args -r __node:=battery_manager -r __ns:=/ --params-file /home/smr/workspaces/mini_amr/amrROS2_ws/install/battery_management/share/battery_management/config/battery_manager.yaml -r /tf:=tf -r /tf_static:=tf_static'].
[INFO] [velocity_smoother-16]: process has finished cleanly [pid 74702]
[bt_navigator-14] [INFO] [1774507348.224510891] [bt_navigator]: Destroying
[ERROR] [call_robot_button-22]: process has died [pid 74969, exit code 1, cmd '/home/smr/workspaces/mini_amr/amrROS2_ws/install/delivery_robot_main_controller/lib/delivery_robot_main_controller/call_robot_button --ros-args -r __node:=call_robot_button_node -r __ns:=/ -r /tf:=tf -r /tf_static:=tf_static'].
[ERROR] [rpc_run_node-23]: process has died [pid 74970, exit code 1, cmd '/home/smr/workspaces/mini_amr/amrROS2_ws/install/delivery_robot_main_controller/lib/delivery_robot_main_controller/rpc_run_node --ros-args -r __node:=rpc_run_node -r __ns:=/ -r /tf:=tf -r /tf_static:=tf_static'].
[ERROR] [robot_sound-21]: process has died [pid 74968, exit code 1, cmd '/home/smr/workspaces/mini_amr/amrROS2_ws/install/delivery_robot_main_controller/lib/delivery_robot_main_controller/robot_sound --ros-args -r __node:=robot_sound_node -r __ns:=/ -r /tf:=tf -r /tf_static:=tf_static'].
[INFO] [behavior_server-13]: process has finished cleanly [pid 74693]
[INFO] [smoother_server-11]: process has finished cleanly [pid 74691]
[INFO] [collision_detector-18]: process has finished cleanly [pid 74731]
[INFO] [map_server-8]: process has finished cleanly [pid 74688]
[INFO] [costmap_filter_info_server-9]: process has finished cleanly [pid 74689]
[INFO] [joint_state_publisher-2]: process has finished cleanly [pid 74682]
[INFO] [waypoint_follower-15]: process has finished cleanly [pid 74699]
[INFO] [lifecycle_manager-19]: process has finished cleanly [pid 74742]
[INFO] [collision_monitor-17]: process has finished cleanly [pid 74714]
[INFO] [robot_hardware-6]: process has finished cleanly [pid 74686]
[INFO] [controller_server-10]: process has finished cleanly [pid 74690]
[INFO] [planner_server-12]: process has finished cleanly [pid 74692]
[INFO] [bt_navigator-14]: process has finished cleanly [pid 74696]
[ERROR] [autodock_action_server-25]: process has died [pid 74972, exit code 1, cmd '/home/smr/workspaces/mini_amr/amrROS2_ws/install/action_autodock/lib/action_autodock/autodock_action_server --ros-args -r __ns:=/ --params-file /home/smr/workspaces/mini_amr/amrROS2_ws/install/action_autodock/share/action_autodock/config/auto_dock_config.yaml --params-file /tmp/launch_params_xakdzvam -r /tf:=tf -r /tf_static:=tf_static'].
[INFO] [localization_slam_toolbox_node-7]: process has finished cleanly [pid 74687]
[INFO] [robot_state_publisher-1]: process has finished cleanly [pid 74681]
[ERROR] [delivery_robot_main_controller-20]: process has died [pid 74967, exit code 1, cmd '/home/smr/workspaces/mini_amr/amrROS2_ws/install/delivery_robot_main_controller/lib/delivery_robot_main_controller/delivery_robot_main_controller --ros-args -r __node:=main_controller_node -r __ns:=/ --params-file /tmp/launch_params_nskiouo8 -r /tf:=tf -r /tf_static:=tf_static'].
[INFO] [scan_to_scan_filter_chain-4]: process has finished cleanly [pid 74684]
[INFO] [rplidar_node-3]: process has finished cleanly [pid 74683]
[INFO] [ekf_node-5]: process has finished cleanly [pid 74685]
