[0.510s] Invoking command in '/home/smr/workspaces/mini_amr/amrROS2_ws/build/description': CMAKE_PREFIX_PATH=${CMAKE_PREFIX_PATH}:/home/smr/workspaces/mini_amr/amrROS2_ws/install/python_pkg:/home/smr/workspaces/mini_amr/amrROS2_ws/install/action_autodock:/opt/ros/jazzy DEBUGINFOD_URLS=https://debuginfod.ubuntu.com /usr/bin/cmake --build /home/smr/workspaces/mini_amr/amrROS2_ws/build/description -- -j8 -l8
[0.980s] -- Found ament_cmake: 2.5.4 (/opt/ros/jazzy/share/ament_cmake/cmake)
[1.176s] -- Found urdf: 2.10.0 (/opt/ros/jazzy/share/urdf/cmake)
[1.375s] -- Found TinyXML2 via Config file: /usr/lib/aarch64-linux-gnu/cmake/tinyxml2
[1.403s] -- Found ament_lint_auto: 0.17.2 (/opt/ros/jazzy/share/ament_lint_auto/cmake)
[1.659s] -- Added test 'cppcheck' to perform static code analysis on C / C++ code
[1.662s] -- Configured cppcheck include dirs: 
[1.662s] -- Configured cppcheck exclude dirs and/or files: 
[1.675s] -- Added test 'flake8' to check Python code syntax and style conventions
[1.677s] -- Configured 'flake8' exclude dirs and/or files: 
[1.679s] -- Added test 'lint_cmake' to check CMake code style
[1.681s] -- Added test 'pep257' to check Python code against some of the docstring style conventions in PEP 257
[1.688s] -- Added test 'uncrustify' to check C / C++ code style
[1.688s] -- Configured uncrustify additional arguments: 
[1.689s] -- Added test 'xmllint' to check XML markup files
[1.696s] -- Configuring done (1.1s)
[1.728s] -- Generating done (0.0s)
[1.737s] -- Build files have been written to: /home/smr/workspaces/mini_amr/amrROS2_ws/build/description
[1.797s] Invoked command in '/home/smr/workspaces/mini_amr/amrROS2_ws/build/description' returned '0': CMAKE_PREFIX_PATH=${CMAKE_PREFIX_PATH}:/home/smr/workspaces/mini_amr/amrROS2_ws/install/python_pkg:/home/smr/workspaces/mini_amr/amrROS2_ws/install/action_autodock:/opt/ros/jazzy DEBUGINFOD_URLS=https://debuginfod.ubuntu.com /usr/bin/cmake --build /home/smr/workspaces/mini_amr/amrROS2_ws/build/description -- -j8 -l8
[1.799s] Invoking command in '/home/smr/workspaces/mini_amr/amrROS2_ws/build/description': CMAKE_PREFIX_PATH=${CMAKE_PREFIX_PATH}:/home/smr/workspaces/mini_amr/amrROS2_ws/install/python_pkg:/home/smr/workspaces/mini_amr/amrROS2_ws/install/action_autodock:/opt/ros/jazzy DEBUGINFOD_URLS=https://debuginfod.ubuntu.com /usr/bin/cmake --install /home/smr/workspaces/mini_amr/amrROS2_ws/build/description
[1.848s] -- Install configuration: ""
[1.849s] -- Up-to-date: /home/smr/workspaces/mini_amr/amrROS2_ws/install/description/share/description/urdf
[1.849s] -- Up-to-date: /home/smr/workspaces/mini_amr/amrROS2_ws/install/description/share/description/urdf/robot
[1.849s] -- Up-to-date: /home/smr/workspaces/mini_amr/amrROS2_ws/install/description/share/description/urdf/robot/robot.urdf.xacro
[1.849s] -- Up-to-date: /home/smr/workspaces/mini_amr/amrROS2_ws/install/description/share/description/urdf/sensors
[1.850s] -- Up-to-date: /home/smr/workspaces/mini_amr/amrROS2_ws/install/description/share/description/urdf/sensors/laser.urdf.xacro
[1.850s] -- Up-to-date: /home/smr/workspaces/mini_amr/amrROS2_ws/install/description/share/description/urdf/sensors/imu.urdf.xacro
[1.850s] -- Up-to-date: /home/smr/workspaces/mini_amr/amrROS2_ws/install/description/share/description/urdf/sensors/camera.urdf.xacro
[1.850s] -- Up-to-date: /home/smr/workspaces/mini_amr/amrROS2_ws/install/description/share/description/urdf/sensors/range_sensor.urdf.xacro
[1.851s] -- Up-to-date: /home/smr/workspaces/mini_amr/amrROS2_ws/install/description/share/description/urdf/property
[1.851s] -- Up-to-date: /home/smr/workspaces/mini_amr/amrROS2_ws/install/description/share/description/urdf/property/robot_property.urdf.xacro
[1.851s] -- Up-to-date: /home/smr/workspaces/mini_amr/amrROS2_ws/install/description/share/description/urdf/mech
[1.851s] -- Up-to-date: /home/smr/workspaces/mini_amr/amrROS2_ws/install/description/share/description/urdf/mech/base.urdf.xacro
[1.852s] -- Up-to-date: /home/smr/workspaces/mini_amr/amrROS2_ws/install/description/share/description/urdf/mech/caster_wheel.urdf.xacro
[1.852s] -- Up-to-date: /home/smr/workspaces/mini_amr/amrROS2_ws/install/description/share/description/urdf/mech/wheel.urdf.xacro
[1.852s] -- Up-to-date: /home/smr/workspaces/mini_amr/amrROS2_ws/install/description/share/description/urdf/controllers
[1.853s] -- Up-to-date: /home/smr/workspaces/mini_amr/amrROS2_ws/install/description/share/description/urdf/controllers/diff_drive_controller.urdf.xacro
[1.853s] -- Up-to-date: /home/smr/workspaces/mini_amr/amrROS2_ws/install/description/share/description/rviz
[1.853s] -- Up-to-date: /home/smr/workspaces/mini_amr/amrROS2_ws/install/description/share/description/rviz/description.rviz
[1.853s] -- Up-to-date: /home/smr/workspaces/mini_amr/amrROS2_ws/install/description/share/description/rviz/gazebo.rviz
[1.853s] -- Up-to-date: /home/smr/workspaces/mini_amr/amrROS2_ws/install/description/share/description/launch
[1.853s] -- Up-to-date: /home/smr/workspaces/mini_amr/amrROS2_ws/install/description/share/description/launch/description.launch.py
[1.853s] -- Up-to-date: /home/smr/workspaces/mini_amr/amrROS2_ws/install/description/share/ament_index/resource_index/package_run_dependencies/description
[1.853s] -- Installing: /home/smr/workspaces/mini_amr/amrROS2_ws/install/description/share/ament_index/resource_index/parent_prefix_path/description
[1.856s] -- Installing: /home/smr/workspaces/mini_amr/amrROS2_ws/install/description/share/description/environment/ament_prefix_path.sh
[1.858s] -- Up-to-date: /home/smr/workspaces/mini_amr/amrROS2_ws/install/description/share/description/environment/ament_prefix_path.dsv
[1.858s] -- Installing: /home/smr/workspaces/mini_amr/amrROS2_ws/install/description/share/description/environment/path.sh
[1.859s] -- Up-to-date: /home/smr/workspaces/mini_amr/amrROS2_ws/install/description/share/description/environment/path.dsv
[1.859s] -- Up-to-date: /home/smr/workspaces/mini_amr/amrROS2_ws/install/description/share/description/local_setup.bash
[1.860s] -- Up-to-date: /home/smr/workspaces/mini_amr/amrROS2_ws/install/description/share/description/local_setup.sh
[1.860s] -- Up-to-date: /home/smr/workspaces/mini_amr/amrROS2_ws/install/description/share/description/local_setup.zsh
[1.860s] -- Up-to-date: /home/smr/workspaces/mini_amr/amrROS2_ws/install/description/share/description/local_setup.dsv
[1.860s] -- Installing: /home/smr/workspaces/mini_amr/amrROS2_ws/install/description/share/description/package.dsv
[1.865s] -- Up-to-date: /home/smr/workspaces/mini_amr/amrROS2_ws/install/description/share/ament_index/resource_index/packages/description
[1.866s] -- Up-to-date: /home/smr/workspaces/mini_amr/amrROS2_ws/install/description/share/description/cmake/descriptionConfig.cmake
[1.866s] -- Up-to-date: /home/smr/workspaces/mini_amr/amrROS2_ws/install/description/share/description/cmake/descriptionConfig-version.cmake
[1.866s] -- Up-to-date: /home/smr/workspaces/mini_amr/amrROS2_ws/install/description/share/description/package.xml
[1.932s] Invoked command in '/home/smr/workspaces/mini_amr/amrROS2_ws/build/description' returned '0': CMAKE_PREFIX_PATH=${CMAKE_PREFIX_PATH}:/home/smr/workspaces/mini_amr/amrROS2_ws/install/python_pkg:/home/smr/workspaces/mini_amr/amrROS2_ws/install/action_autodock:/opt/ros/jazzy DEBUGINFOD_URLS=https://debuginfod.ubuntu.com /usr/bin/cmake --install /home/smr/workspaces/mini_amr/amrROS2_ws/build/description
