running egg_info
writing ../../build/wis_pkg/wis_pkg.egg-info/PKG-INFO
writing dependency_links to ../../build/wis_pkg/wis_pkg.egg-info/dependency_links.txt
writing entry points to ../../build/wis_pkg/wis_pkg.egg-info/entry_points.txt
writing requirements to ../../build/wis_pkg/wis_pkg.egg-info/requires.txt
writing top-level names to ../../build/wis_pkg/wis_pkg.egg-info/top_level.txt
reading manifest file '../../build/wis_pkg/wis_pkg.egg-info/SOURCES.txt'
writing manifest file '../../build/wis_pkg/wis_pkg.egg-info/SOURCES.txt'
running build
running build_py
copying wis_pkg/map_nav_subscriber_node.py -> /home/smr/workspaces/mini_amr/amrROS2_ws/build/wis_pkg/build/lib/wis_pkg
copying wis_pkg/map_scan_subscriber_node.py -> /home/smr/workspaces/mini_amr/amrROS2_ws/build/wis_pkg/build/lib/wis_pkg
copying wis_pkg/map_info_publisher_node.py -> /home/smr/workspaces/mini_amr/amrROS2_ws/build/wis_pkg/build/lib/wis_pkg
copying wis_pkg/map_load_subscriber_node.py -> /home/smr/workspaces/mini_amr/amrROS2_ws/build/wis_pkg/build/lib/wis_pkg
copying wis_pkg/point_save_subscriber_node.py -> /home/smr/workspaces/mini_amr/amrROS2_ws/build/wis_pkg/build/lib/wis_pkg
copying wis_pkg/map_save_subscriber_node.py -> /home/smr/workspaces/mini_amr/amrROS2_ws/build/wis_pkg/build/lib/wis_pkg
copying wis_pkg/map_name_publisher_node.py -> /home/smr/workspaces/mini_amr/amrROS2_ws/build/wis_pkg/build/lib/wis_pkg
running install
running install_lib
copying /home/smr/workspaces/mini_amr/amrROS2_ws/build/wis_pkg/build/lib/wis_pkg/map_nav_subscriber_node.py -> /home/smr/workspaces/mini_amr/amrROS2_ws/install/wis_pkg/lib/python3.12/site-packages/wis_pkg
copying /home/smr/workspaces/mini_amr/amrROS2_ws/build/wis_pkg/build/lib/wis_pkg/map_scan_subscriber_node.py -> /home/smr/workspaces/mini_amr/amrROS2_ws/install/wis_pkg/lib/python3.12/site-packages/wis_pkg
copying /home/smr/workspaces/mini_amr/amrROS2_ws/build/wis_pkg/build/lib/wis_pkg/map_info_publisher_node.py -> /home/smr/workspaces/mini_amr/amrROS2_ws/install/wis_pkg/lib/python3.12/site-packages/wis_pkg
copying /home/smr/workspaces/mini_amr/amrROS2_ws/build/wis_pkg/build/lib/wis_pkg/map_load_subscriber_node.py -> /home/smr/workspaces/mini_amr/amrROS2_ws/install/wis_pkg/lib/python3.12/site-packages/wis_pkg
copying /home/smr/workspaces/mini_amr/amrROS2_ws/build/wis_pkg/build/lib/wis_pkg/point_save_subscriber_node.py -> /home/smr/workspaces/mini_amr/amrROS2_ws/install/wis_pkg/lib/python3.12/site-packages/wis_pkg
copying /home/smr/workspaces/mini_amr/amrROS2_ws/build/wis_pkg/build/lib/wis_pkg/map_save_subscriber_node.py -> /home/smr/workspaces/mini_amr/amrROS2_ws/install/wis_pkg/lib/python3.12/site-packages/wis_pkg
copying /home/smr/workspaces/mini_amr/amrROS2_ws/build/wis_pkg/build/lib/wis_pkg/map_name_publisher_node.py -> /home/smr/workspaces/mini_amr/amrROS2_ws/install/wis_pkg/lib/python3.12/site-packages/wis_pkg
byte-compiling /home/smr/workspaces/mini_amr/amrROS2_ws/install/wis_pkg/lib/python3.12/site-packages/wis_pkg/map_nav_subscriber_node.py to map_nav_subscriber_node.cpython-312.pyc
byte-compiling /home/smr/workspaces/mini_amr/amrROS2_ws/install/wis_pkg/lib/python3.12/site-packages/wis_pkg/map_scan_subscriber_node.py to map_scan_subscriber_node.cpython-312.pyc
byte-compiling /home/smr/workspaces/mini_amr/amrROS2_ws/install/wis_pkg/lib/python3.12/site-packages/wis_pkg/map_info_publisher_node.py to map_info_publisher_node.cpython-312.pyc
byte-compiling /home/smr/workspaces/mini_amr/amrROS2_ws/install/wis_pkg/lib/python3.12/site-packages/wis_pkg/map_load_subscriber_node.py to map_load_subscriber_node.cpython-312.pyc
byte-compiling /home/smr/workspaces/mini_amr/amrROS2_ws/install/wis_pkg/lib/python3.12/site-packages/wis_pkg/point_save_subscriber_node.py to point_save_subscriber_node.cpython-312.pyc
byte-compiling /home/smr/workspaces/mini_amr/amrROS2_ws/install/wis_pkg/lib/python3.12/site-packages/wis_pkg/map_save_subscriber_node.py to map_save_subscriber_node.cpython-312.pyc
byte-compiling /home/smr/workspaces/mini_amr/amrROS2_ws/install/wis_pkg/lib/python3.12/site-packages/wis_pkg/map_name_publisher_node.py to map_name_publisher_node.cpython-312.pyc
running install_data
copying launch/wis.launch.py -> /home/smr/workspaces/mini_amr/amrROS2_ws/install/wis_pkg/share/wis_pkg
running install_egg_info
removing '/home/smr/workspaces/mini_amr/amrROS2_ws/install/wis_pkg/lib/python3.12/site-packages/wis_pkg-0.0.0-py3.12.egg-info' (and everything under it)
Copying ../../build/wis_pkg/wis_pkg.egg-info to /home/smr/workspaces/mini_amr/amrROS2_ws/install/wis_pkg/lib/python3.12/site-packages/wis_pkg-0.0.0-py3.12.egg-info
running install_scripts
Installing map_info script to /home/smr/workspaces/mini_amr/amrROS2_ws/install/wis_pkg/lib/wis_pkg
Installing map_load script to /home/smr/workspaces/mini_amr/amrROS2_ws/install/wis_pkg/lib/wis_pkg
Installing map_name script to /home/smr/workspaces/mini_amr/amrROS2_ws/install/wis_pkg/lib/wis_pkg
Installing map_nav script to /home/smr/workspaces/mini_amr/amrROS2_ws/install/wis_pkg/lib/wis_pkg
Installing map_save script to /home/smr/workspaces/mini_amr/amrROS2_ws/install/wis_pkg/lib/wis_pkg
Installing map_scan script to /home/smr/workspaces/mini_amr/amrROS2_ws/install/wis_pkg/lib/wis_pkg
Installing point_save script to /home/smr/workspaces/mini_amr/amrROS2_ws/install/wis_pkg/lib/wis_pkg
writing list of installed files to '/home/smr/workspaces/mini_amr/amrROS2_ws/build/wis_pkg/install.log'
