[1.701s] Invoking command in '/home/smr/workspaces/mini_amr/amrROS2_ws/src/wis_pkg': DEBUGINFOD_URLS=https://debuginfod.ubuntu.com PYTHONPATH=/home/smr/workspaces/mini_amr/amrROS2_ws/build/wis_pkg/prefix_override:/usr/lib/python3/dist-packages/colcon_core/task/python/colcon_distutils_commands:/home/smr/workspaces/mini_amr/amrROS2_ws/install/wis_pkg/lib/python3.12/site-packages:${PYTHONPATH} /usr/bin/python3 -W ignore:setup.py install is deprecated -W ignore:easy_install command is deprecated setup.py egg_info --egg-base ../../build/wis_pkg build --build-base /home/smr/workspaces/mini_amr/amrROS2_ws/build/wis_pkg/build install --record /home/smr/workspaces/mini_amr/amrROS2_ws/build/wis_pkg/install.log --single-version-externally-managed install_data
[2.104s] running egg_info
[2.135s] writing ../../build/wis_pkg/wis_pkg.egg-info/PKG-INFO
[2.136s] writing dependency_links to ../../build/wis_pkg/wis_pkg.egg-info/dependency_links.txt
[2.136s] writing entry points to ../../build/wis_pkg/wis_pkg.egg-info/entry_points.txt
[2.136s] writing requirements to ../../build/wis_pkg/wis_pkg.egg-info/requires.txt
[2.137s] writing top-level names to ../../build/wis_pkg/wis_pkg.egg-info/top_level.txt
[2.196s] reading manifest file '../../build/wis_pkg/wis_pkg.egg-info/SOURCES.txt'
[2.197s] writing manifest file '../../build/wis_pkg/wis_pkg.egg-info/SOURCES.txt'
[2.198s] running build
[2.198s] running build_py
[2.199s] copying wis_pkg/map_nav_subscriber_node.py -> /home/smr/workspaces/mini_amr/amrROS2_ws/build/wis_pkg/build/lib/wis_pkg
[2.199s] copying wis_pkg/map_scan_subscriber_node.py -> /home/smr/workspaces/mini_amr/amrROS2_ws/build/wis_pkg/build/lib/wis_pkg
[2.200s] copying wis_pkg/map_info_publisher_node.py -> /home/smr/workspaces/mini_amr/amrROS2_ws/build/wis_pkg/build/lib/wis_pkg
[2.201s] copying wis_pkg/map_load_subscriber_node.py -> /home/smr/workspaces/mini_amr/amrROS2_ws/build/wis_pkg/build/lib/wis_pkg
[2.201s] copying wis_pkg/point_save_subscriber_node.py -> /home/smr/workspaces/mini_amr/amrROS2_ws/build/wis_pkg/build/lib/wis_pkg
[2.202s] copying wis_pkg/map_save_subscriber_node.py -> /home/smr/workspaces/mini_amr/amrROS2_ws/build/wis_pkg/build/lib/wis_pkg
[2.202s] copying wis_pkg/map_name_publisher_node.py -> /home/smr/workspaces/mini_amr/amrROS2_ws/build/wis_pkg/build/lib/wis_pkg
[2.203s] running install
[2.214s] running install_lib
[2.246s] copying /home/smr/workspaces/mini_amr/amrROS2_ws/build/wis_pkg/build/lib/wis_pkg/map_nav_subscriber_node.py -> /home/smr/workspaces/mini_amr/amrROS2_ws/install/wis_pkg/lib/python3.12/site-packages/wis_pkg
[2.247s] copying /home/smr/workspaces/mini_amr/amrROS2_ws/build/wis_pkg/build/lib/wis_pkg/map_scan_subscriber_node.py -> /home/smr/workspaces/mini_amr/amrROS2_ws/install/wis_pkg/lib/python3.12/site-packages/wis_pkg
[2.247s] copying /home/smr/workspaces/mini_amr/amrROS2_ws/build/wis_pkg/build/lib/wis_pkg/map_info_publisher_node.py -> /home/smr/workspaces/mini_amr/amrROS2_ws/install/wis_pkg/lib/python3.12/site-packages/wis_pkg
[2.247s] copying /home/smr/workspaces/mini_amr/amrROS2_ws/build/wis_pkg/build/lib/wis_pkg/map_load_subscriber_node.py -> /home/smr/workspaces/mini_amr/amrROS2_ws/install/wis_pkg/lib/python3.12/site-packages/wis_pkg
[2.247s] copying /home/smr/workspaces/mini_amr/amrROS2_ws/build/wis_pkg/build/lib/wis_pkg/point_save_subscriber_node.py -> /home/smr/workspaces/mini_amr/amrROS2_ws/install/wis_pkg/lib/python3.12/site-packages/wis_pkg
[2.247s] copying /home/smr/workspaces/mini_amr/amrROS2_ws/build/wis_pkg/build/lib/wis_pkg/map_save_subscriber_node.py -> /home/smr/workspaces/mini_amr/amrROS2_ws/install/wis_pkg/lib/python3.12/site-packages/wis_pkg
[2.248s] copying /home/smr/workspaces/mini_amr/amrROS2_ws/build/wis_pkg/build/lib/wis_pkg/map_name_publisher_node.py -> /home/smr/workspaces/mini_amr/amrROS2_ws/install/wis_pkg/lib/python3.12/site-packages/wis_pkg
[2.249s] byte-compiling /home/smr/workspaces/mini_amr/amrROS2_ws/install/wis_pkg/lib/python3.12/site-packages/wis_pkg/map_nav_subscriber_node.py to map_nav_subscriber_node.cpython-312.pyc
[2.250s] byte-compiling /home/smr/workspaces/mini_amr/amrROS2_ws/install/wis_pkg/lib/python3.12/site-packages/wis_pkg/map_scan_subscriber_node.py to map_scan_subscriber_node.cpython-312.pyc
[2.251s] byte-compiling /home/smr/workspaces/mini_amr/amrROS2_ws/install/wis_pkg/lib/python3.12/site-packages/wis_pkg/map_info_publisher_node.py to map_info_publisher_node.cpython-312.pyc
[2.252s] byte-compiling /home/smr/workspaces/mini_amr/amrROS2_ws/install/wis_pkg/lib/python3.12/site-packages/wis_pkg/map_load_subscriber_node.py to map_load_subscriber_node.cpython-312.pyc
[2.254s] byte-compiling /home/smr/workspaces/mini_amr/amrROS2_ws/install/wis_pkg/lib/python3.12/site-packages/wis_pkg/point_save_subscriber_node.py to point_save_subscriber_node.cpython-312.pyc
[2.255s] byte-compiling /home/smr/workspaces/mini_amr/amrROS2_ws/install/wis_pkg/lib/python3.12/site-packages/wis_pkg/map_save_subscriber_node.py to map_save_subscriber_node.cpython-312.pyc
[2.256s] byte-compiling /home/smr/workspaces/mini_amr/amrROS2_ws/install/wis_pkg/lib/python3.12/site-packages/wis_pkg/map_name_publisher_node.py to map_name_publisher_node.cpython-312.pyc
[2.257s] running install_data
[2.258s] copying launch/wis.launch.py -> /home/smr/workspaces/mini_amr/amrROS2_ws/install/wis_pkg/share/wis_pkg
[2.259s] running install_egg_info
[2.290s] removing '/home/smr/workspaces/mini_amr/amrROS2_ws/install/wis_pkg/lib/python3.12/site-packages/wis_pkg-0.0.0-py3.12.egg-info' (and everything under it)
[2.291s] Copying ../../build/wis_pkg/wis_pkg.egg-info to /home/smr/workspaces/mini_amr/amrROS2_ws/install/wis_pkg/lib/python3.12/site-packages/wis_pkg-0.0.0-py3.12.egg-info
[2.292s] running install_scripts
[2.510s] Installing map_info script to /home/smr/workspaces/mini_amr/amrROS2_ws/install/wis_pkg/lib/wis_pkg
[2.511s] Installing map_load script to /home/smr/workspaces/mini_amr/amrROS2_ws/install/wis_pkg/lib/wis_pkg
[2.512s] Installing map_name script to /home/smr/workspaces/mini_amr/amrROS2_ws/install/wis_pkg/lib/wis_pkg
[2.512s] Installing map_nav script to /home/smr/workspaces/mini_amr/amrROS2_ws/install/wis_pkg/lib/wis_pkg
[2.512s] Installing map_save script to /home/smr/workspaces/mini_amr/amrROS2_ws/install/wis_pkg/lib/wis_pkg
[2.512s] Installing map_scan script to /home/smr/workspaces/mini_amr/amrROS2_ws/install/wis_pkg/lib/wis_pkg
[2.513s] Installing point_save script to /home/smr/workspaces/mini_amr/amrROS2_ws/install/wis_pkg/lib/wis_pkg
[2.513s] writing list of installed files to '/home/smr/workspaces/mini_amr/amrROS2_ws/build/wis_pkg/install.log'
[2.581s] Invoked command in '/home/smr/workspaces/mini_amr/amrROS2_ws/src/wis_pkg' returned '0': DEBUGINFOD_URLS=https://debuginfod.ubuntu.com PYTHONPATH=/home/smr/workspaces/mini_amr/amrROS2_ws/build/wis_pkg/prefix_override:/usr/lib/python3/dist-packages/colcon_core/task/python/colcon_distutils_commands:/home/smr/workspaces/mini_amr/amrROS2_ws/install/wis_pkg/lib/python3.12/site-packages:${PYTHONPATH} /usr/bin/python3 -W ignore:setup.py install is deprecated -W ignore:easy_install command is deprecated setup.py egg_info --egg-base ../../build/wis_pkg build --build-base /home/smr/workspaces/mini_amr/amrROS2_ws/build/wis_pkg/build install --record /home/smr/workspaces/mini_amr/amrROS2_ws/build/wis_pkg/install.log --single-version-externally-managed install_data
