[0.420s] Invoking command in '/home/smr/workspaces/mini_amr/amrROS2_ws/build/description': CMAKE_PREFIX_PATH=${CMAKE_PREFIX_PATH}:/opt/ros/jazzy DEBUGINFOD_URLS=https://debuginfod.ubuntu.com /usr/bin/cmake /home/smr/workspaces/mini_amr/amrROS2_ws/src/description -DCMAKE_INSTALL_PREFIX=/home/smr/workspaces/mini_amr/amrROS2_ws/install/description
[0.848s] -- Found ament_cmake: 2.5.3 (/opt/ros/jazzy/share/ament_cmake/cmake)
[0.849s] -- Found Python3: /usr/bin/python3 (found version "3.12.3") found components: Interpreter 
[1.018s] -- Found urdf: 2.10.0 (/opt/ros/jazzy/share/urdf/cmake)
[1.132s] -- Found TinyXML2 via Config file: /usr/lib/aarch64-linux-gnu/cmake/tinyxml2
[1.160s] -- Found ament_lint_auto: 0.17.2 (/opt/ros/jazzy/share/ament_lint_auto/cmake)
[1.349s] -- Added test 'cppcheck' to perform static code analysis on C / C++ code
[1.349s] -- Configured cppcheck include dirs: 
[1.350s] -- Configured cppcheck exclude dirs and/or files: 
[1.354s] -- Added test 'flake8' to check Python code syntax and style conventions
[1.354s] -- Configured 'flake8' exclude dirs and/or files: 
[1.357s] -- Added test 'lint_cmake' to check CMake code style
[1.360s] -- Added test 'pep257' to check Python code against some of the docstring style conventions in PEP 257
[1.366s] -- Added test 'uncrustify' to check C / C++ code style
[1.367s] -- Configured uncrustify additional arguments: 
[1.370s] -- Added test 'xmllint' to check XML markup files
[1.372s] -- Configuring done (0.9s)
[1.378s] -- Generating done (0.0s)
[1.382s] -- Build files have been written to: /home/smr/workspaces/mini_amr/amrROS2_ws/build/description
[1.408s] Invoked command in '/home/smr/workspaces/mini_amr/amrROS2_ws/build/description' returned '0': CMAKE_PREFIX_PATH=${CMAKE_PREFIX_PATH}:/opt/ros/jazzy DEBUGINFOD_URLS=https://debuginfod.ubuntu.com /usr/bin/cmake /home/smr/workspaces/mini_amr/amrROS2_ws/src/description -DCMAKE_INSTALL_PREFIX=/home/smr/workspaces/mini_amr/amrROS2_ws/install/description
[1.412s] Invoking command in '/home/smr/workspaces/mini_amr/amrROS2_ws/build/description': CMAKE_PREFIX_PATH=${CMAKE_PREFIX_PATH}:/opt/ros/jazzy DEBUGINFOD_URLS=https://debuginfod.ubuntu.com /usr/bin/cmake --build /home/smr/workspaces/mini_amr/amrROS2_ws/build/description -- -j8 -l8
[1.558s] Invoked command in '/home/smr/workspaces/mini_amr/amrROS2_ws/build/description' returned '0': CMAKE_PREFIX_PATH=${CMAKE_PREFIX_PATH}:/opt/ros/jazzy DEBUGINFOD_URLS=https://debuginfod.ubuntu.com /usr/bin/cmake --build /home/smr/workspaces/mini_amr/amrROS2_ws/build/description -- -j8 -l8
[1.563s] Invoking command in '/home/smr/workspaces/mini_amr/amrROS2_ws/build/description': CMAKE_PREFIX_PATH=${CMAKE_PREFIX_PATH}:/opt/ros/jazzy DEBUGINFOD_URLS=https://debuginfod.ubuntu.com /usr/bin/cmake --install /home/smr/workspaces/mini_amr/amrROS2_ws/build/description
[1.594s] -- Install configuration: ""
[1.595s] -- Installing: /home/smr/workspaces/mini_amr/amrROS2_ws/install/description/share/description/urdf
[1.596s] -- Installing: /home/smr/workspaces/mini_amr/amrROS2_ws/install/description/share/description/urdf/robot
[1.596s] -- Installing: /home/smr/workspaces/mini_amr/amrROS2_ws/install/description/share/description/urdf/robot/robot.urdf.xacro
[1.597s] -- Installing: /home/smr/workspaces/mini_amr/amrROS2_ws/install/description/share/description/urdf/sensors
[1.598s] -- Installing: /home/smr/workspaces/mini_amr/amrROS2_ws/install/description/share/description/urdf/sensors/laser.urdf.xacro
[1.599s] -- Installing: /home/smr/workspaces/mini_amr/amrROS2_ws/install/description/share/description/urdf/sensors/imu.urdf.xacro
[1.600s] -- Installing: /home/smr/workspaces/mini_amr/amrROS2_ws/install/description/share/description/urdf/sensors/camera.urdf.xacro
[1.600s] -- Installing: /home/smr/workspaces/mini_amr/amrROS2_ws/install/description/share/description/urdf/sensors/range_sensor.urdf.xacro
[1.601s] -- Installing: /home/smr/workspaces/mini_amr/amrROS2_ws/install/description/share/description/urdf/property
[1.601s] -- Installing: /home/smr/workspaces/mini_amr/amrROS2_ws/install/description/share/description/urdf/property/robot_property.urdf.xacro
[1.602s] -- Installing: /home/smr/workspaces/mini_amr/amrROS2_ws/install/description/share/description/urdf/mech
[1.603s] -- Installing: /home/smr/workspaces/mini_amr/amrROS2_ws/install/description/share/description/urdf/mech/base.urdf.xacro
[1.605s] -- Installing: /home/smr/workspaces/mini_amr/amrROS2_ws/install/description/share/description/urdf/mech/caster_wheel.urdf.xacro
[1.607s] -- Installing: /home/smr/workspaces/mini_amr/amrROS2_ws/install/description/share/description/urdf/mech/wheel.urdf.xacro
[1.608s] -- Installing: /home/smr/workspaces/mini_amr/amrROS2_ws/install/description/share/description/urdf/controllers
[1.610s] -- Installing: /home/smr/workspaces/mini_amr/amrROS2_ws/install/description/share/description/urdf/controllers/diff_drive_controller.urdf.xacro
[1.611s] -- Installing: /home/smr/workspaces/mini_amr/amrROS2_ws/install/description/share/description/rviz
[1.612s] -- Installing: /home/smr/workspaces/mini_amr/amrROS2_ws/install/description/share/description/rviz/description.rviz
[1.612s] -- Installing: /home/smr/workspaces/mini_amr/amrROS2_ws/install/description/share/description/rviz/gazebo.rviz
[1.613s] -- Installing: /home/smr/workspaces/mini_amr/amrROS2_ws/install/description/share/description/launch
[1.614s] -- Installing: /home/smr/workspaces/mini_amr/amrROS2_ws/install/description/share/description/launch/description.launch.py
[1.615s] -- Installing: /home/smr/workspaces/mini_amr/amrROS2_ws/install/description/share/ament_index/resource_index/package_run_dependencies/description
[1.615s] -- Installing: /home/smr/workspaces/mini_amr/amrROS2_ws/install/description/share/ament_index/resource_index/parent_prefix_path/description
[1.616s] -- Installing: /home/smr/workspaces/mini_amr/amrROS2_ws/install/description/share/description/environment/ament_prefix_path.sh
[1.616s] -- Installing: /home/smr/workspaces/mini_amr/amrROS2_ws/install/description/share/description/environment/ament_prefix_path.dsv
[1.617s] -- Installing: /home/smr/workspaces/mini_amr/amrROS2_ws/install/description/share/description/environment/path.sh
[1.618s] -- Installing: /home/smr/workspaces/mini_amr/amrROS2_ws/install/description/share/description/environment/path.dsv
[1.618s] -- Installing: /home/smr/workspaces/mini_amr/amrROS2_ws/install/description/share/description/local_setup.bash
[1.619s] -- Installing: /home/smr/workspaces/mini_amr/amrROS2_ws/install/description/share/description/local_setup.sh
[1.619s] -- Installing: /home/smr/workspaces/mini_amr/amrROS2_ws/install/description/share/description/local_setup.zsh
[1.620s] -- Installing: /home/smr/workspaces/mini_amr/amrROS2_ws/install/description/share/description/local_setup.dsv
[1.621s] -- Installing: /home/smr/workspaces/mini_amr/amrROS2_ws/install/description/share/description/package.dsv
[1.621s] -- Installing: /home/smr/workspaces/mini_amr/amrROS2_ws/install/description/share/ament_index/resource_index/packages/description
[1.622s] -- Installing: /home/smr/workspaces/mini_amr/amrROS2_ws/install/description/share/description/cmake/descriptionConfig.cmake
[1.623s] -- Installing: /home/smr/workspaces/mini_amr/amrROS2_ws/install/description/share/description/cmake/descriptionConfig-version.cmake
[1.625s] -- Installing: /home/smr/workspaces/mini_amr/amrROS2_ws/install/description/share/description/package.xml
[1.625s] Invoked command in '/home/smr/workspaces/mini_amr/amrROS2_ws/build/description' returned '0': CMAKE_PREFIX_PATH=${CMAKE_PREFIX_PATH}:/opt/ros/jazzy DEBUGINFOD_URLS=https://debuginfod.ubuntu.com /usr/bin/cmake --install /home/smr/workspaces/mini_amr/amrROS2_ws/build/description
