running egg_info
writing ../../build/robot_data_tool/robot_data_tool.egg-info/PKG-INFO
writing dependency_links to ../../build/robot_data_tool/robot_data_tool.egg-info/dependency_links.txt
writing entry points to ../../build/robot_data_tool/robot_data_tool.egg-info/entry_points.txt
writing requirements to ../../build/robot_data_tool/robot_data_tool.egg-info/requires.txt
writing top-level names to ../../build/robot_data_tool/robot_data_tool.egg-info/top_level.txt
reading manifest file '../../build/robot_data_tool/robot_data_tool.egg-info/SOURCES.txt'
writing manifest file '../../build/robot_data_tool/robot_data_tool.egg-info/SOURCES.txt'
running build
running build_py
running install
running install_lib
running install_data
running install_egg_info
removing '/home/smr/workspaces/mini_amr/amrROS2_ws/install/robot_data_tool/lib/python3.12/site-packages/robot_data_tool-0.0.0-py3.12.egg-info' (and everything under it)
Copying ../../build/robot_data_tool/robot_data_tool.egg-info to /home/smr/workspaces/mini_amr/amrROS2_ws/install/robot_data_tool/lib/python3.12/site-packages/robot_data_tool-0.0.0-py3.12.egg-info
running install_scripts
Installing absolute_origin_laser script to /home/smr/workspaces/mini_amr/amrROS2_ws/install/robot_data_tool/lib/robot_data_tool
Installing map_pose_provider script to /home/smr/workspaces/mini_amr/amrROS2_ws/install/robot_data_tool/lib/robot_data_tool
Installing publish_robot_pose script to /home/smr/workspaces/mini_amr/amrROS2_ws/install/robot_data_tool/lib/robot_data_tool
Installing robot_detail script to /home/smr/workspaces/mini_amr/amrROS2_ws/install/robot_data_tool/lib/robot_data_tool
writing list of installed files to '/home/smr/workspaces/mini_amr/amrROS2_ws/build/robot_data_tool/install.log'
