[0.148s] DEBUG:colcon:Command line arguments: ['/usr/bin/colcon', 'build', '--packages-select', 'wis_pkg']
[0.149s] DEBUG:colcon:Parsed command line arguments: Namespace(log_base=None, log_level=None, verb_name='build', build_base='build', install_base='install', merge_install=False, symlink_install=False, test_result_base=None, continue_on_error=False, executor='parallel', parallel_workers=8, event_handlers=None, ignore_user_meta=False, metas=['./colcon.meta'], base_paths=['.'], packages_ignore=None, packages_ignore_regex=None, paths=None, packages_up_to=None, packages_up_to_regex=None, packages_above=None, packages_above_and_dependencies=None, packages_above_depth=None, packages_select_by_dep=None, packages_skip_by_dep=None, packages_skip_up_to=None, packages_select_build_failed=False, packages_skip_build_finished=False, packages_select_test_failures=False, packages_skip_test_passed=False, packages_select=['wis_pkg'], packages_skip=None, packages_select_regex=None, packages_skip_regex=None, packages_start=None, packages_end=None, cmake_args=None, cmake_target=None, cmake_target_skip_unavailable=False, cmake_clean_cache=False, cmake_clean_first=False, cmake_force_configure=False, ament_cmake_args=None, catkin_cmake_args=None, catkin_skip_building_tests=False, verb_parser=<colcon_defaults.argument_parser.defaults.DefaultArgumentsDecorator object at 0xffffa83d57f0>, verb_extension=<colcon_core.verb.build.BuildVerb object at 0xffffa83d56d0>, main=<bound method BuildVerb.main of <colcon_core.verb.build.BuildVerb object at 0xffffa83d56d0>>)
[0.208s] Level 1:colcon.colcon_core.package_discovery:discover_packages(colcon_meta) check parameters
[0.209s] Level 1:colcon.colcon_core.package_discovery:discover_packages(recursive) check parameters
[0.209s] Level 1:colcon.colcon_core.package_discovery:discover_packages(ignore) check parameters
[0.209s] Level 1:colcon.colcon_core.package_discovery:discover_packages(path) check parameters
[0.209s] Level 1:colcon.colcon_core.package_discovery:discover_packages(colcon_meta) discover
[0.209s] Level 1:colcon.colcon_core.package_discovery:discover_packages(recursive) discover
[0.209s] INFO:colcon.colcon_core.package_discovery:Crawling recursively for packages in '/home/smr/workspaces/mini_amr/amrROS2_ws/src/wis_pkg'
[0.209s] Level 1:colcon.colcon_core.package_identification:_identify(.) by extensions ['ignore', 'ignore_ament_install']
[0.209s] Level 1:colcon.colcon_core.package_identification:_identify(.) by extension 'ignore'
[0.209s] Level 1:colcon.colcon_core.package_identification:_identify(.) by extension 'ignore_ament_install'
[0.209s] Level 1:colcon.colcon_core.package_identification:_identify(.) by extensions ['colcon_pkg']
[0.209s] Level 1:colcon.colcon_core.package_identification:_identify(.) by extension 'colcon_pkg'
[0.209s] Level 1:colcon.colcon_core.package_identification:_identify(.) by extensions ['colcon_meta']
[0.209s] Level 1:colcon.colcon_core.package_identification:_identify(.) by extension 'colcon_meta'
[0.210s] Level 1:colcon.colcon_core.package_identification:_identify(.) by extensions ['ros']
[0.210s] Level 1:colcon.colcon_core.package_identification:_identify(.) by extension 'ros'
[0.253s] DEBUG:colcon.colcon_core.package_identification:Package '.' with type 'ros.ament_python' and name 'wis_pkg'
[0.253s] Level 1:colcon.colcon_core.package_discovery:discover_packages(recursive) using defaults
[0.253s] Level 1:colcon.colcon_core.package_discovery:discover_packages(ignore) discover
[0.253s] Level 1:colcon.colcon_core.package_discovery:discover_packages(ignore) using defaults
[0.253s] Level 1:colcon.colcon_core.package_discovery:discover_packages(path) discover
[0.253s] Level 1:colcon.colcon_core.package_discovery:discover_packages(path) using defaults
[0.279s] Level 5:colcon.colcon_core.verb:set package 'wis_pkg' build argument 'cmake_args' from command line to 'None'
[0.279s] Level 5:colcon.colcon_core.verb:set package 'wis_pkg' build argument 'cmake_target' from command line to 'None'
[0.279s] Level 5:colcon.colcon_core.verb:set package 'wis_pkg' build argument 'cmake_target_skip_unavailable' from command line to 'False'
[0.279s] Level 5:colcon.colcon_core.verb:set package 'wis_pkg' build argument 'cmake_clean_cache' from command line to 'False'
[0.279s] Level 5:colcon.colcon_core.verb:set package 'wis_pkg' build argument 'cmake_clean_first' from command line to 'False'
[0.279s] Level 5:colcon.colcon_core.verb:set package 'wis_pkg' build argument 'cmake_force_configure' from command line to 'False'
[0.279s] Level 5:colcon.colcon_core.verb:set package 'wis_pkg' build argument 'ament_cmake_args' from command line to 'None'
[0.279s] Level 5:colcon.colcon_core.verb:set package 'wis_pkg' build argument 'catkin_cmake_args' from command line to 'None'
[0.279s] Level 5:colcon.colcon_core.verb:set package 'wis_pkg' build argument 'catkin_skip_building_tests' from command line to 'False'
[0.279s] DEBUG:colcon.colcon_core.verb:Building package 'wis_pkg' with the following arguments: {'ament_cmake_args': None, 'build_base': '/home/smr/workspaces/mini_amr/amrROS2_ws/src/wis_pkg/build/wis_pkg', 'catkin_cmake_args': None, 'catkin_skip_building_tests': False, 'cmake_args': None, 'cmake_clean_cache': False, 'cmake_clean_first': False, 'cmake_force_configure': False, 'cmake_target': None, 'cmake_target_skip_unavailable': False, 'install_base': '/home/smr/workspaces/mini_amr/amrROS2_ws/src/wis_pkg/install/wis_pkg', 'merge_install': False, 'path': '/home/smr/workspaces/mini_amr/amrROS2_ws/src/wis_pkg', 'symlink_install': False, 'test_result_base': None}
[0.279s] INFO:colcon.colcon_core.executor:Executing jobs using 'parallel' executor
[0.281s] DEBUG:colcon.colcon_parallel_executor.executor.parallel:run_until_complete
[0.281s] INFO:colcon.colcon_ros.task.ament_python.build:Building ROS package in '/home/smr/workspaces/mini_amr/amrROS2_ws/src/wis_pkg' with build type 'ament_python'
[0.281s] Level 1:colcon.colcon_core.shell:create_environment_hook('wis_pkg', 'ament_prefix_path')
[0.284s] INFO:colcon.colcon_core.plugin_system:Skipping extension 'colcon_core.shell.bat': Not used on non-Windows systems
[0.285s] INFO:colcon.colcon_core.shell:Creating environment descriptor '/home/smr/workspaces/mini_amr/amrROS2_ws/src/wis_pkg/install/wis_pkg/share/wis_pkg/hook/ament_prefix_path.dsv'
[0.285s] INFO:colcon.colcon_core.shell:Creating environment hook '/home/smr/workspaces/mini_amr/amrROS2_ws/src/wis_pkg/install/wis_pkg/share/wis_pkg/hook/ament_prefix_path.sh'
[0.286s] DEBUG:colcon.colcon_core.shell:Skip shell extension 'dsv' for command environment
[0.651s] INFO:colcon.colcon_core.task.python.build:Building Python package in '/home/smr/workspaces/mini_amr/amrROS2_ws/src/wis_pkg'
[0.651s] DEBUG:colcon.colcon_core.shell:Skip shell extension 'dsv' for command environment
[1.917s] DEBUG:colcon.colcon_core.event_handler.log_command:Invoking command in '/home/smr/workspaces/mini_amr/amrROS2_ws/src/wis_pkg': DEBUGINFOD_URLS=https://debuginfod.ubuntu.com PYTHONPATH=/home/smr/workspaces/mini_amr/amrROS2_ws/src/wis_pkg/build/wis_pkg/prefix_override:/usr/lib/python3/dist-packages/colcon_core/task/python/colcon_distutils_commands:/home/smr/workspaces/mini_amr/amrROS2_ws/src/wis_pkg/install/wis_pkg/lib/python3.12/site-packages:${PYTHONPATH} /usr/bin/python3 -W ignore:setup.py install is deprecated -W ignore:easy_install command is deprecated setup.py egg_info --egg-base build/wis_pkg build --build-base /home/smr/workspaces/mini_amr/amrROS2_ws/src/wis_pkg/build/wis_pkg/build install --record /home/smr/workspaces/mini_amr/amrROS2_ws/src/wis_pkg/build/wis_pkg/install.log --single-version-externally-managed install_data
[2.826s] DEBUG:colcon.colcon_core.event_handler.log_command:Invoked command in '/home/smr/workspaces/mini_amr/amrROS2_ws/src/wis_pkg' returned '0': DEBUGINFOD_URLS=https://debuginfod.ubuntu.com PYTHONPATH=/home/smr/workspaces/mini_amr/amrROS2_ws/src/wis_pkg/build/wis_pkg/prefix_override:/usr/lib/python3/dist-packages/colcon_core/task/python/colcon_distutils_commands:/home/smr/workspaces/mini_amr/amrROS2_ws/src/wis_pkg/install/wis_pkg/lib/python3.12/site-packages:${PYTHONPATH} /usr/bin/python3 -W ignore:setup.py install is deprecated -W ignore:easy_install command is deprecated setup.py egg_info --egg-base build/wis_pkg build --build-base /home/smr/workspaces/mini_amr/amrROS2_ws/src/wis_pkg/build/wis_pkg/build install --record /home/smr/workspaces/mini_amr/amrROS2_ws/src/wis_pkg/build/wis_pkg/install.log --single-version-externally-managed install_data
[2.839s] Level 1:colcon.colcon_core.environment:checking '/home/smr/workspaces/mini_amr/amrROS2_ws/src/wis_pkg/install/wis_pkg' for CMake module files
[2.842s] Level 1:colcon.colcon_core.environment:checking '/home/smr/workspaces/mini_amr/amrROS2_ws/src/wis_pkg/install/wis_pkg' for CMake config files
[2.845s] Level 1:colcon.colcon_core.environment:checking '/home/smr/workspaces/mini_amr/amrROS2_ws/src/wis_pkg/install/wis_pkg/lib'
[2.846s] Level 1:colcon.colcon_core.environment:checking '/home/smr/workspaces/mini_amr/amrROS2_ws/src/wis_pkg/install/wis_pkg/bin'
[2.846s] Level 1:colcon.colcon_core.environment:checking '/home/smr/workspaces/mini_amr/amrROS2_ws/src/wis_pkg/install/wis_pkg/lib/pkgconfig/wis_pkg.pc'
[2.847s] Level 1:colcon.colcon_core.environment:checking '/home/smr/workspaces/mini_amr/amrROS2_ws/src/wis_pkg/install/wis_pkg/lib/python3.12/site-packages'
[2.848s] Level 1:colcon.colcon_core.shell:create_environment_hook('wis_pkg', 'pythonpath')
[2.849s] INFO:colcon.colcon_core.shell:Creating environment descriptor '/home/smr/workspaces/mini_amr/amrROS2_ws/src/wis_pkg/install/wis_pkg/share/wis_pkg/hook/pythonpath.dsv'
[2.850s] INFO:colcon.colcon_core.shell:Creating environment hook '/home/smr/workspaces/mini_amr/amrROS2_ws/src/wis_pkg/install/wis_pkg/share/wis_pkg/hook/pythonpath.sh'
[2.851s] Level 1:colcon.colcon_core.environment:checking '/home/smr/workspaces/mini_amr/amrROS2_ws/src/wis_pkg/install/wis_pkg/bin'
[2.851s] Level 1:colcon.colcon_core.environment:create_environment_scripts_only(wis_pkg)
[2.851s] INFO:colcon.colcon_core.shell:Creating package descriptor '/home/smr/workspaces/mini_amr/amrROS2_ws/src/wis_pkg/install/wis_pkg/share/wis_pkg/package.dsv'
[2.852s] INFO:colcon.colcon_core.shell:Creating package script '/home/smr/workspaces/mini_amr/amrROS2_ws/src/wis_pkg/install/wis_pkg/share/wis_pkg/package.sh'
[2.854s] INFO:colcon.colcon_core.shell:Creating package script '/home/smr/workspaces/mini_amr/amrROS2_ws/src/wis_pkg/install/wis_pkg/share/wis_pkg/package.bash'
[2.855s] INFO:colcon.colcon_core.shell:Creating package script '/home/smr/workspaces/mini_amr/amrROS2_ws/src/wis_pkg/install/wis_pkg/share/wis_pkg/package.zsh'
[2.856s] Level 1:colcon.colcon_core.environment:create_file_with_runtime_dependencies(/home/smr/workspaces/mini_amr/amrROS2_ws/src/wis_pkg/install/wis_pkg/share/colcon-core/packages/wis_pkg)
[2.857s] DEBUG:colcon.colcon_parallel_executor.executor.parallel:closing loop
[2.857s] DEBUG:colcon.colcon_parallel_executor.executor.parallel:loop closed
[2.857s] DEBUG:colcon.colcon_parallel_executor.executor.parallel:run_until_complete finished with '0'
[2.857s] DEBUG:colcon.colcon_core.event_reactor:joining thread
[2.883s] INFO:colcon.colcon_core.plugin_system:Skipping extension 'colcon_notification.desktop_notification.terminal_notifier': Not used on non-Darwin systems
[2.884s] INFO:colcon.colcon_core.plugin_system:Skipping extension 'colcon_notification.desktop_notification.win32': Not used on non-Windows systems
[2.884s] INFO:colcon.colcon_notification.desktop_notification:Sending desktop notification using 'notify2'
[2.917s] DEBUG:colcon.colcon_core.event_reactor:joined thread
[2.918s] INFO:colcon.colcon_core.shell:Creating prefix script '/home/smr/workspaces/mini_amr/amrROS2_ws/src/wis_pkg/install/local_setup.sh'
[2.919s] INFO:colcon.colcon_core.shell:Creating prefix util module '/home/smr/workspaces/mini_amr/amrROS2_ws/src/wis_pkg/install/_local_setup_util_sh.py'
[2.921s] INFO:colcon.colcon_core.shell:Creating prefix chain script '/home/smr/workspaces/mini_amr/amrROS2_ws/src/wis_pkg/install/setup.sh'
[2.924s] INFO:colcon.colcon_core.shell:Creating prefix script '/home/smr/workspaces/mini_amr/amrROS2_ws/src/wis_pkg/install/local_setup.bash'
[2.925s] INFO:colcon.colcon_core.shell:Creating prefix chain script '/home/smr/workspaces/mini_amr/amrROS2_ws/src/wis_pkg/install/setup.bash'
[2.927s] INFO:colcon.colcon_core.shell:Creating prefix script '/home/smr/workspaces/mini_amr/amrROS2_ws/src/wis_pkg/install/local_setup.zsh'
[2.928s] INFO:colcon.colcon_core.shell:Creating prefix chain script '/home/smr/workspaces/mini_amr/amrROS2_ws/src/wis_pkg/install/setup.zsh'
