[INFO] [launch]: All log files can be found below /home/smr/.ros/log/2026-03-20-12-22-17-757701-one-17715
[INFO] [launch]: Default logging verbosity is set to INFO
[INFO] [robot_state_publisher-1]: process started with pid [17737]
[INFO] [joint_state_publisher-2]: process started with pid [17738]
[INFO] [sllidar_node-3]: process started with pid [17739]
[INFO] [scan_to_scan_filter_chain-4]: process started with pid [17740]
[INFO] [ekf_node-5]: process started with pid [17741]
[INFO] [robot_hardware-6]: process started with pid [17742]
[INFO] [taskset-7]: process started with pid [17743]
[INFO] [map_server-8]: process started with pid [17744]
[INFO] [costmap_filter_info_server-9]: process started with pid [17747]
[INFO] [controller_server-10]: process started with pid [17750]
[INFO] [smoother_server-11]: process started with pid [17751]
[INFO] [planner_server-12]: process started with pid [17760]
[INFO] [behavior_server-13]: process started with pid [17768]
[INFO] [bt_navigator-14]: process started with pid [17773]
[INFO] [waypoint_follower-15]: process started with pid [17787]
[INFO] [velocity_smoother-16]: process started with pid [17815]
[INFO] [collision_monitor-17]: process started with pid [17816]
[INFO] [collision_detector-18]: process started with pid [17817]
[INFO] [lifecycle_manager-19]: process started with pid [17818]
[robot_hardware-6] Serial port opened at port /dev/teensy with baudrate 460800
[robot_hardware-6] Created receive data thread
[robot_state_publisher-1] [INFO] [1773984138.821152647] [robot_state_publisher]: Robot initialized
[sllidar_node-3] [INFO] [1773984138.849026399] [sllidar_node]: SLLidar running on ROS2 package SLLidar.ROS2 SDK Version:1.0.1, SLLIDAR SDK Version:2.1.0
[costmap_filter_info_server-9] [INFO] [1773984138.882523842] [costmap_filter_info_server]: This is costmap filter info publisher
[sllidar_node-3] [INFO] [1773984138.891834050] [sllidar_node]: SLLidar S/N: 6E42ED93C5E19FD9B5E192F9EE904B72
[sllidar_node-3] [INFO] [1773984138.891893839] [sllidar_node]: Firmware Ver: 1.00
[sllidar_node-3] [INFO] [1773984138.891905506] [sllidar_node]: Hardware Rev: 18
[sllidar_node-3] [INFO] [1773984138.894346366] [sllidar_node]: SLLidar health status : 0
[sllidar_node-3] [INFO] [1773984138.894390989] [sllidar_node]: SLLidar health status : OK.
[controller_server-10] [INFO] [1773984138.975784294] [controller_server]: 
[controller_server-10] 	controller_server lifecycle node launched. 
[controller_server-10] 	Waiting on external lifecycle transitions to activate
[controller_server-10] 	See https://design.ros2.org/articles/node_lifecycle.html for more information.
[costmap_filter_info_server-9] [INFO] [1773984138.995182262] [keepout_costmap_filter_info_server]: 
[costmap_filter_info_server-9] 	keepout_costmap_filter_info_server lifecycle node launched. 
[costmap_filter_info_server-9] 	Waiting on external lifecycle transitions to activate
[costmap_filter_info_server-9] 	See https://design.ros2.org/articles/node_lifecycle.html for more information.
[taskset-7] [INFO] [1773984138.996464669] [slam_toolbox]: Node using stack size 40000000
[controller_server-10] [INFO] [1773984139.026468669] [controller_server]: Creating controller server
[smoother_server-11] [INFO] [1773984139.041791926] [smoother_server]: 
[smoother_server-11] 	smoother_server lifecycle node launched. 
[smoother_server-11] 	Waiting on external lifecycle transitions to activate
[smoother_server-11] 	See https://design.ros2.org/articles/node_lifecycle.html for more information.
[bt_navigator-14] [INFO] [1773984139.069963750] [bt_navigator]: 
[bt_navigator-14] 	bt_navigator lifecycle node launched. 
[bt_navigator-14] 	Waiting on external lifecycle transitions to activate
[bt_navigator-14] 	See https://design.ros2.org/articles/node_lifecycle.html for more information.
[smoother_server-11] [INFO] [1773984139.095785126] [smoother_server]: Creating smoother server
[controller_server-10] [INFO] [1773984139.097187695] [local_costmap.local_costmap]: 
[controller_server-10] 	local_costmap lifecycle node launched. 
[controller_server-10] 	Waiting on external lifecycle transitions to activate
[controller_server-10] 	See https://design.ros2.org/articles/node_lifecycle.html for more information.
[lifecycle_manager-19] [INFO] [1773984139.136125668] [lifecycle_manager_navigation]: Creating
[taskset-7] [INFO] [1773984139.141098676] [slam_toolbox]: Configuring
[lifecycle_manager-19] [INFO] [1773984139.142956226] [lifecycle_manager_navigation]: [34m[1mCreating and initializing lifecycle service clients[0m[0m
[collision_detector-18] [INFO] [1773984139.150367470] [collision_detector]: 
[collision_detector-18] 	collision_detector lifecycle node launched. 
[collision_detector-18] 	Waiting on external lifecycle transitions to activate
[collision_detector-18] 	See https://design.ros2.org/articles/node_lifecycle.html for more information.
[bt_navigator-14] [INFO] [1773984139.161744345] [bt_navigator]: Creating
[waypoint_follower-15] [INFO] [1773984139.163344947] [waypoint_follower]: 
[waypoint_follower-15] 	waypoint_follower lifecycle node launched. 
[waypoint_follower-15] 	Waiting on external lifecycle transitions to activate
[waypoint_follower-15] 	See https://design.ros2.org/articles/node_lifecycle.html for more information.
[waypoint_follower-15] [INFO] [1773984139.166395074] [waypoint_follower]: Creating
[planner_server-12] [INFO] [1773984139.170727024] [planner_server]: 
[planner_server-12] 	planner_server lifecycle node launched. 
[planner_server-12] 	Waiting on external lifecycle transitions to activate
[planner_server-12] 	See https://design.ros2.org/articles/node_lifecycle.html for more information.
[planner_server-12] [INFO] [1773984139.183191772] [planner_server]: Creating
[controller_server-10] [INFO] [1773984139.189510476] [local_costmap.local_costmap]: Creating Costmap
[sllidar_node-3] [INFO] [1773984139.202379166] [sllidar_node]: current scan mode: Standard, sample rate: 11 Khz, max_distance: 30.0 m, scan frequency:10.0 Hz, 
[planner_server-12] [INFO] [1773984139.217520140] [global_costmap.global_costmap]: 
[planner_server-12] 	global_costmap lifecycle node launched. 
[planner_server-12] 	Waiting on external lifecycle transitions to activate
[planner_server-12] 	See https://design.ros2.org/articles/node_lifecycle.html for more information.
[planner_server-12] [INFO] [1773984139.221074830] [global_costmap.global_costmap]: Creating Costmap
[collision_monitor-17] [INFO] [1773984139.286304619] [collision_monitor]: 
[collision_monitor-17] 	collision_monitor lifecycle node launched. 
[collision_monitor-17] 	Waiting on external lifecycle transitions to activate
[collision_monitor-17] 	See https://design.ros2.org/articles/node_lifecycle.html for more information.
[behavior_server-13] [INFO] [1773984139.296598288] [behavior_server]: 
[behavior_server-13] 	behavior_server lifecycle node launched. 
[behavior_server-13] 	Waiting on external lifecycle transitions to activate
[behavior_server-13] 	See https://design.ros2.org/articles/node_lifecycle.html for more information.
[map_server-8] [INFO] [1773984139.337665633] [keepout_filter_mask_server]: 
[map_server-8] 	keepout_filter_mask_server lifecycle node launched. 
[map_server-8] 	Waiting on external lifecycle transitions to activate
[map_server-8] 	See https://design.ros2.org/articles/node_lifecycle.html for more information.
[map_server-8] [INFO] [1773984139.340557975] [keepout_filter_mask_server]: Creating
[velocity_smoother-16] [INFO] [1773984139.466412322] [velocity_smoother]: 
[velocity_smoother-16] 	velocity_smoother lifecycle node launched. 
[velocity_smoother-16] 	Waiting on external lifecycle transitions to activate
[velocity_smoother-16] 	See https://design.ros2.org/articles/node_lifecycle.html for more information.
[taskset-7] [INFO] [1773984139.526205664] [slam_toolbox]: Using solver plugin solver_plugins::CeresSolver
[taskset-7] [INFO] [1773984139.536994854] [slam_toolbox]: CeresSolver: Using SCHUR_JACOBI preconditioner.
[taskset-7] Load From File /home/smr/workspaces/mini_amr/amrROS2_ws/maps/latest_map.posegraph 
[taskset-7] Mapper <- Module
[taskset-7] Mapper <- m_pSequentialScanMatcher
[taskset-7] Mapper <- m_pGraph
[taskset-7] MapperGraph <- Graph; Graph <- m_Edges; Graph <- m_Vertices
[taskset-7] MapperGraph <- m_pMapper; MapperGraph <- m_pLoopScanMatcher; MapperGraph <- m_pTraversal
[taskset-7] Mapper <- m_pMapperSensorManager
[taskset-7] MapperSensorManager <- m_ScanManagers; MapperSensorManager <- m_Scans
[taskset-7] Mapper <- m_Listeners
[taskset-7] **Finished serializing Mapper**
[taskset-7] Load From File
[taskset-7] **Serializing Dataset**
[taskset-7] Dataset <- m_SensorNameLookup
[taskset-7] Dataset <- m_Data
[taskset-7] Dataset <- m_Lasers
[taskset-7] Dataset <- m_pDatasetInfo
[taskset-7] **Finished serializing Dataset**
[taskset-7] Registering sensor: [Custom Described Lidar]
[taskset-7] WARNING: Logging before InitGoogleLogging() is written to STDERR
[taskset-7] W20260320 12:22:19.657547 17743 preprocessor.cc:67] Specified options.num_threads: 50 exceeds maximum available from the threading model Ceres was compiled with: 8.  Bounding to maximum number available.
[INFO] [launch.user]: [LifecycleLaunch] Slamtoolbox node is activating.
[taskset-7] [INFO] [1773984139.672281030] [slam_toolbox]: Activating
[scan_to_scan_filter_chain-4] [WARN] [1773984139.797621481] [scan_to_scan_filter_chain]: diagnostic_updater: No HW_ID was set. This is probably a bug. Please report it. For devices that do not have a HW_ID, set this value to 'none'. This warning only occurs once all diagnostics are OK. It is okay to wait until the device is open before calling setHardwareID.
[joint_state_publisher-2] [INFO] [1773984140.003316654] [joint_state_publisher]: Waiting for robot_description to be published on the robot_description topic...
[lifecycle_manager-19] [INFO] [1773984140.472262764] [lifecycle_manager_navigation]: [34m[1mStarting managed nodes bringup...[0m[0m
[lifecycle_manager-19] [INFO] [1773984140.472403925] [lifecycle_manager_navigation]: [34m[1mConfiguring controller_server[0m[0m
[controller_server-10] [INFO] [1773984140.473159895] [controller_server]: Configuring controller interface
[controller_server-10] [INFO] [1773984140.473194893] [controller_server]: getting progress checker plugins..
[controller_server-10] [INFO] [1773984140.473509006] [controller_server]: getting goal checker plugins..
[controller_server-10] [INFO] [1773984140.473840617] [controller_server]: Controller frequency set to 10.0000Hz
[controller_server-10] [INFO] [1773984140.473905948] [local_costmap.local_costmap]: Configuring
[controller_server-10] [INFO] [1773984140.500359924] [local_costmap.local_costmap]: Using plugin "obstacle_layer"
[controller_server-10] [INFO] [1773984140.523414370] [local_costmap.local_costmap]: Subscribed to Topics: scan
[controller_server-10] [INFO] [1773984140.535401388] [local_costmap.local_costmap]: Initialized plugin "obstacle_layer"
[controller_server-10] [INFO] [1773984140.535465843] [local_costmap.local_costmap]: Using plugin "denoise_layer"
[controller_server-10] [INFO] [1773984140.538369268] [local_costmap.local_costmap]: Initialized plugin "denoise_layer"
[controller_server-10] [INFO] [1773984140.538427891] [local_costmap.local_costmap]: Using plugin "inflation_layer"
[controller_server-10] [INFO] [1773984140.540879542] [local_costmap.local_costmap]: Initialized plugin "inflation_layer"
[controller_server-10] [INFO] [1773984140.540932331] [local_costmap.local_costmap]: Using costmap filter "keepout_filter"
[controller_server-10] [INFO] [1773984140.547262118] [local_costmap.local_costmap]: Initialized costmap filter "keepout_filter"
[controller_server-10] [INFO] [1773984140.547369155] [local_costmap.local_costmap]: Using costmap filter "inflation_layer2"
[controller_server-10] [INFO] [1773984140.551158919] [local_costmap.local_costmap]: Initialized costmap filter "inflation_layer2"
[controller_server-10] [INFO] [1773984140.588897899] [controller_server]: Created progress_checker : progress_checker of type nav2_controller::SimpleProgressChecker
[controller_server-10] [INFO] [1773984140.592058564] [controller_server]: Controller Server has progress_checker  progress checkers available.
[controller_server-10] [INFO] [1773984140.592931487] [controller_server]: Created goal checker : goal_checker of type nav2_controller::SimpleGoalChecker
[controller_server-10] [INFO] [1773984140.596441554] [controller_server]: Controller Server has goal_checker  goal checkers available.
[controller_server-10] [INFO] [1773984140.598753502] [controller_server]: Created controller : FollowPath of type nav2_mppi_controller::MPPIController
[controller_server-10] [INFO] [1773984140.609182791] [controller_server]: Controller period is equal to model dt. Control sequence shifting is ON
[controller_server-10] [INFO] [1773984140.612412577] [controller_server]: ConstraintCritic instantiated with 1 power and 4.000000 weight.
[controller_server-10] [INFO] [1773984140.612478491] [controller_server]: Critic loaded : mppi::critics::ConstraintCritic
[controller_server-10] [INFO] [1773984140.615305794] [controller_server]: InflationCostCritic instantiated with 1 power and 300.000000 / 0.015000 weights. Critic will collision check based on footprint cost.
[controller_server-10] [INFO] [1773984140.615368791] [controller_server]: Critic loaded : mppi::critics::CostCritic
[controller_server-10] [INFO] [1773984140.617423792] [controller_server]: GoalCritic instantiated with 1 power and 5.000000 weight.
[controller_server-10] [INFO] [1773984140.618149138] [controller_server]: Critic loaded : mppi::critics::GoalCritic
[controller_server-10] [INFO] [1773984140.619532457] [controller_server]: GoalAngleCritic instantiated with 1 power, 3.000000 weight, and 0.500000 angular threshold.
[controller_server-10] [INFO] [1773984140.619586413] [controller_server]: Critic loaded : mppi::critics::GoalAngleCritic
[controller_server-10] [INFO] [1773984140.622309595] [controller_server]: ReferenceTrajectoryCritic instantiated with 1 power and 2.000000 weight
[controller_server-10] [INFO] [1773984140.622364718] [controller_server]: Critic loaded : mppi::critics::PathAlignCritic
[controller_server-10] [INFO] [1773984140.623890365] [controller_server]: Critic loaded : mppi::critics::PathFollowCritic
[controller_server-10] [INFO] [1773984140.625992322] [controller_server]: PathAngleCritic instantiated with 1 power and 1.500000 weight. Mode set to: Forward Preference
[controller_server-10] [INFO] [1773984140.626050653] [controller_server]: Critic loaded : mppi::critics::PathAngleCritic
[controller_server-10] [INFO] [1773984140.626936700] [controller_server]: PreferForwardCritic instantiated with 1 power and 10.000000 weight.
[controller_server-10] [INFO] [1773984140.626978990] [controller_server]: Critic loaded : mppi::critics::PreferForwardCritic
[controller_server-10] [INFO] [1773984140.628338686] [controller_server]: Optimizer reset
[controller_server-10] [INFO] [1773984140.635376319] [MPPIController]: Configured MPPI Controller: FollowPath
[controller_server-10] [INFO] [1773984140.635418025] [controller_server]: Controller Server has FollowPath  controllers available.
[lifecycle_manager-19] [INFO] [1773984140.652027481] [lifecycle_manager_navigation]: [34m[1mConfiguring smoother_server[0m[0m
[smoother_server-11] [INFO] [1773984140.652581334] [smoother_server]: Configuring smoother server
[smoother_server-11] [INFO] [1773984140.671421950] [smoother_server]: Created smoother : simple_smoother of type nav2_smoother::SimpleSmoother
[smoother_server-11] [INFO] [1773984140.674642404] [smoother_server]: Smoother Server has simple_smoother  smoothers available.
[lifecycle_manager-19] [INFO] [1773984140.688244606] [lifecycle_manager_navigation]: [34m[1mConfiguring planner_server[0m[0m
[planner_server-12] [INFO] [1773984140.688839874] [planner_server]: Configuring
[planner_server-12] [INFO] [1773984140.688952452] [global_costmap.global_costmap]: Configuring
[planner_server-12] [INFO] [1773984140.717867413] [global_costmap.global_costmap]: Using plugin "static_layer"
[planner_server-12] [INFO] [1773984140.742416299] [global_costmap.global_costmap]: Subscribing to the map topic (/map) with transient local durability
[planner_server-12] [INFO] [1773984140.746253603] [global_costmap.global_costmap]: Initialized plugin "static_layer"
[planner_server-12] [INFO] [1773984140.746316892] [global_costmap.global_costmap]: Using plugin "obstacle_layer"
[planner_server-12] [INFO] [1773984140.751668176] [global_costmap.global_costmap]: Subscribed to Topics: scan
[planner_server-12] [INFO] [1773984140.766635907] [global_costmap.global_costmap]: Initialized plugin "obstacle_layer"
[planner_server-12] [INFO] [1773984140.766700362] [global_costmap.global_costmap]: Using plugin "inflation_layer"
[planner_server-12] [INFO] [1773984140.772090437] [global_costmap.global_costmap]: Initialized plugin "inflation_layer"
[planner_server-12] [INFO] [1773984140.772156643] [global_costmap.global_costmap]: Using costmap filter "keepout_filter"
[planner_server-12] [INFO] [1773984140.779048157] [global_costmap.global_costmap]: Initialized costmap filter "keepout_filter"
[planner_server-12] [INFO] [1773984140.779110862] [global_costmap.global_costmap]: Using costmap filter "inflation_layer2"
[planner_server-12] [INFO] [1773984140.783574641] [global_costmap.global_costmap]: Initialized costmap filter "inflation_layer2"
[planner_server-12] [INFO] [1773984140.825095218] [global_costmap.global_costmap]: StaticLayer: Resizing costmap to 100 X 268 at 0.050000 m/pix
[planner_server-12] [INFO] [1773984140.825985641] [planner_server]: Created global planner plugin GridBased of type nav2_navfn_planner::NavfnPlanner
[planner_server-12] [INFO] [1773984140.826034347] [planner_server]: Configuring plugin GridBased of type NavfnPlanner
[planner_server-12] [INFO] [1773984140.829041601] [planner_server]: Planner Server has GridBased  planners available.
[lifecycle_manager-19] [INFO] [1773984140.849382782] [lifecycle_manager_navigation]: [34m[1mConfiguring behavior_server[0m[0m
[behavior_server-13] [INFO] [1773984140.849977758] [behavior_server]: Configuring
[behavior_server-13] [INFO] [1773984140.867517010] [behavior_server]: Creating behavior plugin wait of type nav2_behaviors::Wait
[behavior_server-13] [INFO] [1773984140.901137822] [behavior_server]: Configuring wait
[lifecycle_manager-19] [INFO] [1773984140.924114688] [lifecycle_manager_navigation]: [34m[1mConfiguring velocity_smoother[0m[0m
[velocity_smoother-16] [INFO] [1773984140.924459424] [velocity_smoother]: Configuring velocity smoother
[lifecycle_manager-19] [INFO] [1773984140.931929290] [lifecycle_manager_navigation]: [34m[1mConfiguring collision_monitor[0m[0m
[collision_monitor-17] [INFO] [1773984140.932274318] [collision_monitor]: Configuring
[collision_monitor-17] [INFO] [1773984140.943640402] [collision_monitor]: [scan]: Creating Scan
[collision_monitor-17] [INFO] [1773984140.949267300] [collision_monitor]: [PolygonStop]: Creating Polygon
[collision_monitor-17] [INFO] [1773984140.949929940] [collision_monitor]: [PolygonStop]: Creating Circle
[collision_monitor-17] [INFO] [1773984140.955518340] [collision_monitor]: [PolygonSlow]: Creating Polygon
[collision_monitor-17] [INFO] [1773984140.962630345] [collision_monitor]: [FootprintApproach]: Creating Polygon
[collision_monitor-17] [INFO] [1773984140.963554891] [collision_monitor]: [FootprintApproach]: Polygon points are not defined. Using dynamic subscription instead.
[collision_monitor-17] [INFO] [1773984140.968711642] [collision_monitor]: [FootprintApproach]: Making footprint subscriber on /local_costmap/published_footprint topic
[lifecycle_manager-19] [INFO] [1773984140.984908698] [lifecycle_manager_navigation]: [34m[1mConfiguring collision_detector[0m[0m
[collision_detector-18] [INFO] [1773984140.985359888] [collision_detector]: Configuring
[collision_detector-18] [INFO] [1773984141.009695283] [collision_monitor]: [scan]: Creating Scan
[collision_detector-18] [INFO] [1773984141.014992319] [collision_monitor]: [PolygonStop]: Creating Polygon
[collision_detector-18] [INFO] [1773984141.015030234] [collision_monitor]: [PolygonStop]: Creating Circle
[collision_detector-18] [INFO] [1773984141.021432351] [collision_monitor]: [PolygonSlow]: Creating Polygon
[lifecycle_manager-19] [INFO] [1773984141.026024750] [lifecycle_manager_navigation]: [34m[1mConfiguring bt_navigator[0m[0m
[bt_navigator-14] [INFO] [1773984141.026599310] [bt_navigator]: Configuring
[bt_navigator-14] [INFO] [1773984141.040999188] [bt_navigator]: Creating navigator id navigate_to_pose of type nav2_bt_navigator::NavigateToPoseNavigator
[bt_navigator-14] [INFO] [1773984141.177674225] [bt_navigator]: Creating navigator id navigate_through_poses of type nav2_bt_navigator::NavigateThroughPosesNavigator
[lifecycle_manager-19] [INFO] [1773984141.248949145] [lifecycle_manager_navigation]: [34m[1mConfiguring waypoint_follower[0m[0m
[waypoint_follower-15] [INFO] [1773984141.250044601] [waypoint_follower]: Configuring
[taskset-7] Registering sensor: [Custom Described Lidar]
[waypoint_follower-15] [INFO] [1773984141.307020264] [waypoint_follower]: Created waypoint_task_executor : wait_at_waypoint of type nav2_waypoint_follower::WaitAtWaypoint
[lifecycle_manager-19] [INFO] [1773984141.309794778] [lifecycle_manager_navigation]: [34m[1mConfiguring keepout_filter_mask_server[0m[0m
[map_server-8] [INFO] [1773984141.310131639] [keepout_filter_mask_server]: Configuring
[map_server-8] [INFO] [1773984141.310217094] [map_io]: Loading yaml file: /home/smr/workspaces/mini_amr/amrROS2_ws/maps/latest_map_keepout.yaml
[map_server-8] [INFO] [1773984141.310537623] [map_io]: resolution: 0.05
[map_server-8] [INFO] [1773984141.310550747] [map_io]: origin[0]: -7.315
[map_server-8] [INFO] [1773984141.310555997] [map_io]: origin[1]: -4.325
[map_server-8] [INFO] [1773984141.310560372] [map_io]: origin[2]: 0
[map_server-8] [INFO] [1773984141.310564747] [map_io]: free_thresh: 0.196
[map_server-8] [INFO] [1773984141.310569413] [map_io]: occupied_thresh: 0.65
[map_server-8] [INFO] [1773984141.310575538] [map_io]: mode: trinary
[map_server-8] [INFO] [1773984141.310580788] [map_io]: negate: 0
[map_server-8] [INFO] [1773984141.310812362] [map_io]: Loading image_file: /home/smr/workspaces/mini_amr/amrROS2_ws/maps/map_000.pgm
[map_server-8] [INFO] [1773984141.311684993] [map_io]: Read map /home/smr/workspaces/mini_amr/amrROS2_ws/maps/map_000.pgm: 100 X 268 map @ 0.05 m/cell
[lifecycle_manager-19] [INFO] [1773984141.326414150] [lifecycle_manager_navigation]: [34m[1mConfiguring keepout_costmap_filter_info_server[0m[0m
[costmap_filter_info_server-9] [INFO] [1773984141.326995127] [keepout_costmap_filter_info_server]: Configuring
[lifecycle_manager-19] [INFO] [1773984141.336525534] [lifecycle_manager_navigation]: [34m[1mActivating controller_server[0m[0m
[controller_server-10] [INFO] [1773984141.336887186] [controller_server]: Activating
[controller_server-10] [INFO] [1773984141.337002390] [local_costmap.local_costmap]: Activating
[controller_server-10] [INFO] [1773984141.337043222] [local_costmap.local_costmap]: Checking transform
[controller_server-10] [INFO] [1773984141.337476621] [local_costmap.local_costmap]: start
[controller_server-10] [INFO] [1773984141.340201261] [local_costmap.local_costmap]: KeepoutFilter: Subscribing to "/keepout_costmap_filter_info" topic for filter info...
[controller_server-10] [WARN] [1773984141.438607672] [local_costmap.local_costmap]: KeepoutFilter: Filter mask was not received
[controller_server-10] [WARN] [1773984141.443819254] [controller_server]: Parameter controller_server.verbose not found
[controller_server-10] [INFO] [1773984141.444332275] [controller_server]: Optimizer reset
[controller_server-10] [INFO] [1773984141.445306402] [MPPIController]: Activated MPPI Controller: FollowPath
[controller_server-10] [INFO] [1773984141.445356275] [controller_server]: Creating bond (controller_server) to lifecycle manager.
[lifecycle_manager-19] [INFO] [1773984141.551227011] [lifecycle_manager_navigation]: Server controller_server connected with bond.
[lifecycle_manager-19] [INFO] [1773984141.551290300] [lifecycle_manager_navigation]: [34m[1mActivating smoother_server[0m[0m
[smoother_server-11] [INFO] [1773984141.551831028] [smoother_server]: Activating
[smoother_server-11] [INFO] [1773984141.551881193] [smoother_server]: Creating bond (smoother_server) to lifecycle manager.
[lifecycle_manager-19] [INFO] [1773984141.661165749] [lifecycle_manager_navigation]: Server smoother_server connected with bond.
[lifecycle_manager-19] [INFO] [1773984141.661291744] [lifecycle_manager_navigation]: [34m[1mActivating planner_server[0m[0m
[planner_server-12] [INFO] [1773984141.662299703] [planner_server]: Activating
[planner_server-12] [INFO] [1773984141.662361534] [global_costmap.global_costmap]: Activating
[planner_server-12] [INFO] [1773984141.662378450] [global_costmap.global_costmap]: Checking transform
[planner_server-12] [INFO] [1773984141.662540610] [global_costmap.global_costmap]: start
[planner_server-12] [INFO] [1773984141.663251373] [global_costmap.global_costmap]: KeepoutFilter: Subscribing to "/keepout_costmap_filter_info" topic for filter info...
[planner_server-12] [WARN] [1773984142.165628137] [global_costmap.global_costmap]: KeepoutFilter: Filter mask was not received
[planner_server-12] [INFO] [1773984142.215782284] [planner_server]: Activating plugin GridBased of type NavfnPlanner
[planner_server-12] [INFO] [1773984142.216730746] [planner_server]: Creating bond (planner_server) to lifecycle manager.
[lifecycle_manager-19] [INFO] [1773984142.324648899] [lifecycle_manager_navigation]: Server planner_server connected with bond.
[lifecycle_manager-19] [INFO] [1773984142.324745728] [lifecycle_manager_navigation]: [34m[1mActivating behavior_server[0m[0m
[behavior_server-13] [INFO] [1773984142.325620984] [behavior_server]: Activating
[behavior_server-13] [INFO] [1773984142.325657733] [behavior_server]: Activating wait
[behavior_server-13] [INFO] [1773984142.325678440] [behavior_server]: Creating bond (behavior_server) to lifecycle manager.
[lifecycle_manager-19] [INFO] [1773984142.434336230] [lifecycle_manager_navigation]: Server behavior_server connected with bond.
[lifecycle_manager-19] [INFO] [1773984142.434449392] [lifecycle_manager_navigation]: [34m[1mActivating velocity_smoother[0m[0m
[velocity_smoother-16] [INFO] [1773984142.435207987] [velocity_smoother]: Activating
[velocity_smoother-16] [INFO] [1773984142.435292275] [velocity_smoother]: Creating bond (velocity_smoother) to lifecycle manager.
[lifecycle_manager-19] [INFO] [1773984142.545184932] [lifecycle_manager_navigation]: Server velocity_smoother connected with bond.
[lifecycle_manager-19] [INFO] [1773984142.545239763] [lifecycle_manager_navigation]: [34m[1mActivating collision_monitor[0m[0m
[collision_monitor-17] [INFO] [1773984142.545655663] [collision_monitor]: Activating
[collision_monitor-17] [INFO] [1773984142.545749284] [collision_monitor]: Creating bond (collision_monitor) to lifecycle manager.
[lifecycle_manager-19] [INFO] [1773984142.656881474] [lifecycle_manager_navigation]: Server collision_monitor connected with bond.
[lifecycle_manager-19] [INFO] [1773984142.656933097] [lifecycle_manager_navigation]: [34m[1mActivating collision_detector[0m[0m
[collision_detector-18] [INFO] [1773984142.657440285] [collision_detector]: Activating
[collision_detector-18] [INFO] [1773984142.657533615] [collision_detector]: Creating bond (collision_detector) to lifecycle manager.
[lifecycle_manager-19] [INFO] [1773984142.785687661] [lifecycle_manager_navigation]: Server collision_detector connected with bond.
[lifecycle_manager-19] [INFO] [1773984142.785750367] [lifecycle_manager_navigation]: [34m[1mActivating bt_navigator[0m[0m
[bt_navigator-14] [INFO] [1773984142.786221389] [bt_navigator]: Activating
[bt_navigator-14] [INFO] [1773984142.943324519] [bt_navigator]: Creating bond (bt_navigator) to lifecycle manager.
[lifecycle_manager-19] [INFO] [1773984143.050842522] [lifecycle_manager_navigation]: Server bt_navigator connected with bond.
[lifecycle_manager-19] [INFO] [1773984143.050900561] [lifecycle_manager_navigation]: [34m[1mActivating waypoint_follower[0m[0m
[waypoint_follower-15] [INFO] [1773984143.051317919] [waypoint_follower]: Activating
[waypoint_follower-15] [INFO] [1773984143.051372751] [waypoint_follower]: Creating bond (waypoint_follower) to lifecycle manager.
[lifecycle_manager-19] [INFO] [1773984143.159734802] [lifecycle_manager_navigation]: Server waypoint_follower connected with bond.
[lifecycle_manager-19] [INFO] [1773984143.159795175] [lifecycle_manager_navigation]: [34m[1mActivating keepout_filter_mask_server[0m[0m
[map_server-8] [INFO] [1773984143.160254531] [keepout_filter_mask_server]: Activating
[map_server-8] [INFO] [1773984143.160345236] [keepout_filter_mask_server]: Creating bond (keepout_filter_mask_server) to lifecycle manager.
[lifecycle_manager-19] [INFO] [1773984143.270731665] [lifecycle_manager_navigation]: Server keepout_filter_mask_server connected with bond.
[lifecycle_manager-19] [INFO] [1773984143.270784454] [lifecycle_manager_navigation]: [34m[1mActivating keepout_costmap_filter_info_server[0m[0m
[costmap_filter_info_server-9] [INFO] [1773984143.271282017] [keepout_costmap_filter_info_server]: Activating
[costmap_filter_info_server-9] [INFO] [1773984143.271410929] [keepout_costmap_filter_info_server]: Creating bond (keepout_costmap_filter_info_server) to lifecycle manager.
[planner_server-12] [INFO] [1773984143.271508925] [global_costmap.global_costmap]: KeepoutFilter: Received filter info from /keepout_costmap_filter_info topic.
[planner_server-12] [INFO] [1773984143.271550340] [global_costmap.global_costmap]: KeepoutFilter: Subscribing to "/keepout_filter_mask" topic for filter mask...
[controller_server-10] [INFO] [1773984143.271703750] [local_costmap.local_costmap]: KeepoutFilter: Received filter info from /keepout_costmap_filter_info topic.
[controller_server-10] [INFO] [1773984143.271754790] [local_costmap.local_costmap]: KeepoutFilter: Subscribing to "/keepout_filter_mask" topic for filter mask...
[planner_server-12] [INFO] [1773984143.283399988] [global_costmap.global_costmap]: KeepoutFilter: Received filter mask from /keepout_filter_mask topic.
[controller_server-10] [INFO] [1773984143.284177540] [local_costmap.local_costmap]: KeepoutFilter: Received filter mask from /keepout_filter_mask topic.
[lifecycle_manager-19] [INFO] [1773984143.379226419] [lifecycle_manager_navigation]: Server keepout_costmap_filter_info_server connected with bond.
[lifecycle_manager-19] [INFO] [1773984143.379282709] [lifecycle_manager_navigation]: [34m[1mManaged nodes are active[0m[0m
[lifecycle_manager-19] [INFO] [1773984143.379297875] [lifecycle_manager_navigation]: [34m[1mCreating bond timer...[0m[0m
[INFO] [delivery_robot_main_controller-20]: process started with pid [18034]
[INFO] [robot_sound-21]: process started with pid [18035]
[INFO] [call_robot_button-22]: process started with pid [18036]
[INFO] [rpc_run_node-23]: process started with pid [18037]
[INFO] [dock_coordinates-24]: process started with pid [18038]
[INFO] [autodock_action_server-25]: process started with pid [18039]
[INFO] [battery_manager_node-26]: process started with pid [18040]
[dock_coordinates-24] [INFO] [1773984143.950063342] [dock_coordinates]: begin dock_coordinates
[dock_coordinates-24] [INFO] [1773984143.950315624] [dock coordinates]: max_alignment_error: 0.010000
[dock_coordinates-24] [INFO] [1773984143.950334290] [dock coordinates]: minimum_point_cloud: 5
[dock_coordinates-24] [INFO] [1773984143.950339248] [dock coordinates]: point_cloud_split_dist: 0.050000
[dock_coordinates-24] [INFO] [1773984143.950343914] [dock coordinates]: max_dock_width: 0.380000
[dock_coordinates-24] [INFO] [1773984143.950347997] [dock coordinates]: min_dock_width: 0.310000
[dock_coordinates-24] [INFO] [1773984143.950352081] [dock coordinates]: range_limit: 1.200000
[planner_server-12] [INFO] [1773984145.162839449] [global_costmap.global_costmap]: StaticLayer: Resizing costmap to 114 X 269 at 0.050000 m/pix
[battery_manager_node-26] [INFO] [1773984145.425718527] [battery_manager]: SOC limits from API: target=1.00, resume=0.95
[battery_manager_node-26] [INFO] [1773984145.427966311] [battery_manager]: IR state: IDLE -> IR_ERROR (99)
[rpc_run_node-23] [0m[INFO] [1773984145.692884640] [rpc_run_node]: RPC run node started; RPC bridge configured.[0m
[rpc_run_node-23] 2026-03-20 12:22:25,701 [INFO] RPCServer listening on localhost:6000
[battery_manager_node-26] [INFO] [1773984145.820529748] [battery_manager]: State change: IDLE_ON_DOCK -> UNKNOWN
[robot_sound-21] [0m[INFO] [1773984146.109653394] [robot_sound_node]: Obstacle sound alarm is enabled.[0m
[robot_sound-21] [0m[INFO] [1773984146.110416655] [robot_sound_node]: ✅ robot_sound_node started using .wav files[0m
[robot_sound-21] [33m[WARN] [1773984146.112018132] [robot_sound_node]: Map not available yet; skipping obstacle classification.[0m
[robot_sound-21] [0m[INFO] [1773984146.112558568] [robot_sound_node]: Obstacle detected but sound alarm disabled.[0m
[robot_sound-21] [0m[INFO] [1773984146.118696155] [robot_sound_node]: Obstacle sound alarm disabled (API).[0m
[robot_sound-21] [0m[INFO] [1773984146.119424125] [robot_sound_node]: Sound volume set to 100% (API).[0m
[autodock_action_server-25] [INFO] [1773984146.387122800] [autodock_action_server]: auto_dock_init_start
[autodock_action_server-25] [INFO] [1773984146.509380167] [autodock_action_server]: auto_dock_init_complete
[autodock_action_server-25] [INFO] [1773984146.637198227] [charge_status]: IR Charge State: IR_ERROR (99)
[delivery_robot_main_controller-20] [0m[INFO] [1773984146.689278754] [main_controller_node]: Delivery Robot Main Controller Node started.[0m
[delivery_robot_main_controller-20] [0m[INFO] [1773984146.706636597] [main_controller_node]: Initial state: STANDBY[0m
[delivery_robot_main_controller-20] [0m[INFO] [1773984146.712938968] [main_controller_node]: setting_batteryLowToCharge: 40[0m
[delivery_robot_main_controller-20] [33m[WARN] [1773984146.740351030] [rcl.logging_rosout]: Publisher already registered for node name: 'main_controller_node'. If this is due to multiple nodes with the same name then all logs for the logger named 'main_controller_node' will go out over the existing publisher. As soon as any node with that name is destructed it will unregister the publisher, preventing any further logs for that name from being published on the rosout topic.[0m
[delivery_robot_main_controller-20] [33m[WARN] [1773984146.775592861] [main_controller_node]: slam_toolbox_msgs not available; initial pose service calls will be skipped.[0m
[delivery_robot_main_controller-20] [0m[INFO] [1773984147.970956294] [main_controller_node]: Waiting for Nav2 system...[0m
[INFO] [bash-27]: process started with pid [18177]
[robot_sound-21] [0m[INFO] [1773984149.731341343] [robot_sound_node]: Received map (width=114, height=269, resolution=0.050 m/cell)[0m
[delivery_robot_main_controller-20] [0m[INFO] [1773984149.991944054] [main_controller_node]: Waiting for localization pose to be received from slam_toolbox/pose[0m
[delivery_robot_main_controller-20] [0m[INFO] [1773984149.994616779] [main_controller_node]: Acquired localization pose from TF map->base_link[0m
[delivery_robot_main_controller-20] [0m[INFO] [1773984152.010761609] [main_controller_node]: Nav2 is ready for use![0m
[delivery_robot_main_controller-20] [0m[INFO] [1773984152.043237384] [main_controller_node]: Robot is in STANDBY mode.[0m
[delivery_robot_main_controller-20] [33m[WARN] [1773984152.124470570] [main_controller_node]: Robot status id missing; refreshing before battery status.[0m
[delivery_robot_main_controller-20] [0m[INFO] [1773984153.030801646] [main_controller_node]: Current state: STANDBY, dock_state IDLE, charge_state NOT_CHARGE[0m
[delivery_robot_main_controller-20] [0m[INFO] [1773984154.088943773] [main_controller_node]: Current state: STANDBY, dock_state IDLE, charge_state NOT_CHARGE[0m
[delivery_robot_main_controller-20] [0m[INFO] [1773984154.188759169] [main_controller_node]: No pending queue found or unexpected format.[0m
[delivery_robot_main_controller-20] [0m[INFO] [1773984155.095479021] [main_controller_node]: Current state: STANDBY, dock_state IDLE, charge_state NOT_CHARGE[0m
[delivery_robot_main_controller-20] [0m[INFO] [1773984156.052862832] [main_controller_node]: Current state: STANDBY, dock_state IDLE, charge_state NOT_CHARGE[0m
[robot_sound-21] [0m[INFO] [1773984156.121302575] [robot_sound_node]: Obstacle detected but sound alarm disabled.[0m
[delivery_robot_main_controller-20] [0m[INFO] [1773984156.146978707] [main_controller_node]: No pending queue found or unexpected format.[0m
[bash-27] 4
[bash-27] Queue empty: current state-> STANDBY : queue_action-> 
[bash-27] queue action->Idle :  current state-> STANDBY : previous state-> 
[delivery_robot_main_controller-20] [0m[INFO] [1773984157.183809318] [main_controller_node]: Current state: STANDBY, dock_state IDLE, charge_state NOT_CHARGE[0m
[INFO] [bash-27]: process has finished cleanly [pid 18177]
[INFO] [battery_manager_node-26]: sending signal 'SIGINT' to process[battery_manager_node-26]
[INFO] [autodock_action_server-25]: sending signal 'SIGINT' to process[autodock_action_server-25]
[INFO] [dock_coordinates-24]: sending signal 'SIGINT' to process[dock_coordinates-24]
[INFO] [rpc_run_node-23]: sending signal 'SIGINT' to process[rpc_run_node-23]
[INFO] [call_robot_button-22]: sending signal 'SIGINT' to process[call_robot_button-22]
[INFO] [robot_sound-21]: sending signal 'SIGINT' to process[robot_sound-21]
[INFO] [delivery_robot_main_controller-20]: sending signal 'SIGINT' to process[delivery_robot_main_controller-20]
[INFO] [lifecycle_manager-19]: sending signal 'SIGINT' to process[lifecycle_manager-19]
[INFO] [collision_detector-18]: sending signal 'SIGINT' to process[collision_detector-18]
[INFO] [dock_coordinates-24]: process has finished cleanly [pid 18038]
[INFO] [collision_monitor-17]: sending signal 'SIGINT' to process[collision_monitor-17]
[INFO] [velocity_smoother-16]: sending signal 'SIGINT' to process[velocity_smoother-16]
[INFO] [waypoint_follower-15]: sending signal 'SIGINT' to process[waypoint_follower-15]
[INFO] [bt_navigator-14]: sending signal 'SIGINT' to process[bt_navigator-14]
[INFO] [behavior_server-13]: sending signal 'SIGINT' to process[behavior_server-13]
[INFO] [planner_server-12]: sending signal 'SIGINT' to process[planner_server-12]
[INFO] [smoother_server-11]: sending signal 'SIGINT' to process[smoother_server-11]
[INFO] [controller_server-10]: sending signal 'SIGINT' to process[controller_server-10]
[INFO] [costmap_filter_info_server-9]: sending signal 'SIGINT' to process[costmap_filter_info_server-9]
[INFO] [map_server-8]: sending signal 'SIGINT' to process[map_server-8]
[INFO] [taskset-7]: sending signal 'SIGINT' to process[taskset-7]
[INFO] [robot_hardware-6]: sending signal 'SIGINT' to process[robot_hardware-6]
[INFO] [ekf_node-5]: sending signal 'SIGINT' to process[ekf_node-5]
[INFO] [scan_to_scan_filter_chain-4]: sending signal 'SIGINT' to process[scan_to_scan_filter_chain-4]
[INFO] [sllidar_node-3]: sending signal 'SIGINT' to process[sllidar_node-3]
[INFO] [joint_state_publisher-2]: sending signal 'SIGINT' to process[joint_state_publisher-2]
[INFO] [robot_state_publisher-1]: sending signal 'SIGINT' to process[robot_state_publisher-1]
[delivery_robot_main_controller-20] [0m[INFO] [1773984158.034823955] [main_controller_node]: Current state: STANDBY, dock_state IDLE, charge_state NOT_CHARGE[0m
[battery_manager_node-26] Traceback (most recent call last):
[battery_manager_node-26]   File "/home/smr/workspaces/mini_amr/amrROS2_ws/install/battery_management/lib/battery_management/battery_manager_node", line 33, in <module>
[battery_manager_node-26]     sys.exit(load_entry_point('battery-management==0.0.0', 'console_scripts', 'battery_manager_node')())
[battery_manager_node-26]              ^^^^^^^^^^^^^^^^^^^^^^^^^^^^^^^^^^^^^^^^^^^^^^^^^^^^^^^^^^^^^^^^^^^^^^^^^^^^^^^^^^^^^^^^^^
[battery_manager_node-26]   File "/home/smr/workspaces/mini_amr/amrROS2_ws/install/battery_management/lib/python3.12/site-packages/battery_management/battery_manager_node.py", line 311, in main
[battery_manager_node-26]     rclpy.spin(node)
[battery_manager_node-26]   File "/opt/ros/jazzy/lib/python3.12/site-packages/rclpy/__init__.py", line 247, in spin
[battery_manager_node-26]     executor.spin_once()
[battery_manager_node-26]   File "/opt/ros/jazzy/lib/python3.12/site-packages/rclpy/executors.py", line 923, in spin_once
[battery_manager_node-26]     self._spin_once_impl(timeout_sec)
[battery_manager_node-26]   File "/opt/ros/jazzy/lib/python3.12/site-packages/rclpy/executors.py", line 904, in _spin_once_impl
[battery_manager_node-26]     handler, entity, node = self.wait_for_ready_callbacks(
[battery_manager_node-26]                             ^^^^^^^^^^^^^^^^^^^^^^^^^^^^^^
[battery_manager_node-26]   File "/opt/ros/jazzy/lib/python3.12/site-packages/rclpy/executors.py", line 874, in wait_for_ready_callbacks
[battery_manager_node-26]     return next(self._cb_iter)
[battery_manager_node-26]            ^^^^^^^^^^^^^^^^^^^
[battery_manager_node-26]   File "/opt/ros/jazzy/lib/python3.12/site-packages/rclpy/executors.py", line 778, in _wait_for_ready_callbacks
[battery_manager_node-26]     wait_set.wait(timeout_nsec)
[battery_manager_node-26] KeyboardInterrupt
[dock_coordinates-24] [INFO] [1773984158.048112628] [rclcpp]: signal_handler(SIGINT/SIGTERM)
[rpc_run_node-23] [0m[INFO] [1773984158.060679455] [rpc_run_node]: RPC run node stopped by user.[0m
[rpc_run_node-23] Failed to publish log message to rosout: publisher's context is invalid, at ./src/rcl/publisher.c:423
[rpc_run_node-23] 2026-03-20 12:22:38,075 [INFO] RPCServer stopped.
[robot_sound-21] [0m[INFO] [1773984158.082482119] [robot_sound_node]: 🔚 robot_sound_node stopped by user.[0m
[robot_sound-21] Failed to publish log message to rosout: publisher's context is invalid, at ./src/rcl/publisher.c:423
[lifecycle_manager-19] [INFO] [1773984158.112073135] [rclcpp]: signal_handler(SIGINT/SIGTERM)
[lifecycle_manager-19] [INFO] [1773984158.112328625] [lifecycle_manager_navigation]: Running Nav2 LifecycleManager rcl preshutdown (lifecycle_manager_navigation)
[lifecycle_manager-19] [INFO] [1773984158.112438579] [lifecycle_manager_navigation]: [34m[1mTerminating bond timer...[0m[0m
[delivery_robot_main_controller-20] [0m[INFO] [1773984158.155068028] [main_controller_node]: Node stopped by user.[0m
[delivery_robot_main_controller-20] Failed to publish log message to rosout: publisher's context is invalid, at ./src/rcl/publisher.c:423
[collision_detector-18] [INFO] [1773984158.139771603] [rclcpp]: signal_handler(SIGINT/SIGTERM)
[collision_detector-18] [INFO] [1773984158.139875432] [collision_detector]: Running Nav2 LifecycleNode rcl preshutdown (collision_detector)
[collision_detector-18] [INFO] [1773984158.139960012] [collision_detector]: Deactivating
[collision_detector-18] [INFO] [1773984158.139981886] [collision_detector]: Destroying bond (collision_detector) to lifecycle manager.
[collision_detector-18] [INFO] [1773984158.151837658] [collision_detector]: Cleaning up
[collision_detector-18] [INFO] [1773984158.151898322] [collision_monitor]: [PolygonStop]: Destroying Circle
[collision_detector-18] [INFO] [1773984158.151905905] [collision_monitor]: [PolygonStop]: Destroying Polygon
[collision_detector-18] [INFO] [1773984158.151915822] [collision_monitor]: [PolygonSlow]: Destroying Polygon
[collision_detector-18] [INFO] [1773984158.151923113] [collision_monitor]: [scan]: Destroying Scan
[collision_detector-18] [INFO] [1773984158.162609641] [collision_detector]: Destroying bond (collision_detector) to lifecycle manager.
[collision_monitor-17] [INFO] [1773984158.194230284] [rclcpp]: signal_handler(SIGINT/SIGTERM)
[collision_monitor-17] [INFO] [1773984158.194353946] [collision_monitor]: Running Nav2 LifecycleNode rcl preshutdown (collision_monitor)
[collision_monitor-17] [INFO] [1773984158.194431526] [collision_monitor]: Deactivating
[collision_monitor-17] [INFO] [1773984158.194453983] [collision_monitor]: Destroying bond (collision_monitor) to lifecycle manager.
[collision_monitor-17] [INFO] [1773984158.215103735] [collision_monitor]: Cleaning up
[collision_monitor-17] [INFO] [1773984158.215159149] [collision_monitor]: [PolygonStop]: Destroying Circle
[collision_monitor-17] [INFO] [1773984158.215173440] [collision_monitor]: [PolygonStop]: Destroying Polygon
[collision_monitor-17] [INFO] [1773984158.215187148] [collision_monitor]: [PolygonSlow]: Destroying Polygon
[collision_monitor-17] [INFO] [1773984158.215198523] [collision_monitor]: [FootprintApproach]: Destroying Polygon
[collision_monitor-17] [INFO] [1773984158.215212522] [collision_monitor]: [scan]: Destroying Scan
[collision_monitor-17] [INFO] [1773984158.226433362] [collision_monitor]: Destroying bond (collision_monitor) to lifecycle manager.
[call_robot_button-22] [0m[INFO] [1773984158.261121048] [call_robot_button_node]: CallRobotButton interrupted by user.[0m
[call_robot_button-22] Failed to publish log message to rosout: publisher's context is invalid, at ./src/rcl/publisher.c:423
[velocity_smoother-16] [INFO] [1773984158.247104987] [rclcpp]: signal_handler(SIGINT/SIGTERM)
[velocity_smoother-16] [INFO] [1773984158.247240899] [velocity_smoother]: Running Nav2 LifecycleNode rcl preshutdown (velocity_smoother)
[velocity_smoother-16] [INFO] [1773984158.247318479] [velocity_smoother]: Deactivating
[velocity_smoother-16] [INFO] [1773984158.247347644] [velocity_smoother]: Destroying bond (velocity_smoother) to lifecycle manager.
[waypoint_follower-15] [INFO] [1773984158.279786379] [rclcpp]: signal_handler(SIGINT/SIGTERM)
[waypoint_follower-15] [INFO] [1773984158.280081826] [waypoint_follower]: Running Nav2 LifecycleNode rcl preshutdown (waypoint_follower)
[waypoint_follower-15] [INFO] [1773984158.280278401] [waypoint_follower]: Deactivating
[waypoint_follower-15] [INFO] [1773984158.280365606] [waypoint_follower]: Destroying bond (waypoint_follower) to lifecycle manager.
[collision_detector-18] [INFO] [1773984158.288462238] [collision_detector]: Destroying
[bt_navigator-14] [INFO] [1773984158.297448709] [rclcpp]: signal_handler(SIGINT/SIGTERM)
[bt_navigator-14] [INFO] [1773984158.297568871] [bt_navigator]: Running Nav2 LifecycleNode rcl preshutdown (bt_navigator)
[bt_navigator-14] [INFO] [1773984158.297657534] [bt_navigator]: Deactivating
[bt_navigator-14] [INFO] [1773984158.297694283] [bt_navigator]: Destroying bond (bt_navigator) to lifecycle manager.
[behavior_server-13] [INFO] [1773984158.306232772] [rclcpp]: signal_handler(SIGINT/SIGTERM)
[behavior_server-13] [INFO] [1773984158.306352059] [behavior_server]: Running Nav2 LifecycleNode rcl preshutdown (behavior_server)
[behavior_server-13] [INFO] [1773984158.306679296] [behavior_server]: Deactivating
[behavior_server-13] [INFO] [1773984158.306710211] [behavior_server]: Destroying bond (behavior_server) to lifecycle manager.
[velocity_smoother-16] [INFO] [1773984158.317751975] [velocity_smoother]: Cleaning up
[velocity_smoother-16] [INFO] [1773984158.317815264] [velocity_smoother]: Destroying bond (velocity_smoother) to lifecycle manager.
[behavior_server-13] [INFO] [1773984158.328866652] [behavior_server]: Cleaning up
[behavior_server-13] [INFO] [1773984158.361063605] [behavior_server]: Destroying bond (behavior_server) to lifecycle manager.
[bt_navigator-14] [INFO] [1773984158.329143724] [bt_navigator]: Cleaning up
[waypoint_follower-15] [INFO] [1773984158.331577876] [waypoint_follower]: Cleaning up
[planner_server-12] [INFO] [1773984158.362699498] [rclcpp]: signal_handler(SIGINT/SIGTERM)
[planner_server-12] [INFO] [1773984158.362809743] [planner_server]: Running Nav2 LifecycleNode rcl preshutdown (planner_server)
[planner_server-12] [INFO] [1773984158.362882657] [planner_server]: Deactivating
[planner_server-12] [INFO] [1773984158.362915031] [global_costmap.global_costmap]: Deactivating
[collision_monitor-17] [INFO] [1773984158.396946202] [collision_monitor]: Destroying
[smoother_server-11] [INFO] [1773984158.418616745] [rclcpp]: signal_handler(SIGINT/SIGTERM)
[smoother_server-11] [INFO] [1773984158.418711825] [smoother_server]: Running Nav2 LifecycleNode rcl preshutdown (smoother_server)
[smoother_server-11] [INFO] [1773984158.418786780] [smoother_server]: Deactivating
[smoother_server-11] [INFO] [1773984158.418808363] [smoother_server]: Destroying bond (smoother_server) to lifecycle manager.
[smoother_server-11] [INFO] [1773984158.429018910] [smoother_server]: Cleaning up
[controller_server-10] [INFO] [1773984158.438959093] [rclcpp]: signal_handler(SIGINT/SIGTERM)
[controller_server-10] [INFO] [1773984158.439067880] [controller_server]: Running Nav2 LifecycleNode rcl preshutdown (controller_server)
[controller_server-10] [INFO] [1773984158.439152168] [controller_server]: Deactivating
[controller_server-10] [INFO] [1773984158.439180750] [MPPIController]: Deactivated MPPI Controller: FollowPath
[controller_server-10] [INFO] [1773984158.439198250] [local_costmap.local_costmap]: Deactivating
[velocity_smoother-16] [INFO] [1773984158.446025600] [velocity_smoother]: Destroying
[costmap_filter_info_server-9] [INFO] [1773984158.448103349] [rclcpp]: signal_handler(SIGINT/SIGTERM)
[costmap_filter_info_server-9] [INFO] [1773984158.448252385] [keepout_costmap_filter_info_server]: Running Nav2 LifecycleNode rcl preshutdown (keepout_costmap_filter_info_server)
[costmap_filter_info_server-9] [INFO] [1773984158.448335798] [keepout_costmap_filter_info_server]: Deactivating
[costmap_filter_info_server-9] [INFO] [1773984158.448353881] [keepout_costmap_filter_info_server]: Destroying bond (keepout_costmap_filter_info_server) to lifecycle manager.
[map_server-8] [INFO] [1773984158.477018601] [rclcpp]: signal_handler(SIGINT/SIGTERM)
[map_server-8] [INFO] [1773984158.477804320] [keepout_filter_mask_server]: Running Nav2 LifecycleNode rcl preshutdown (keepout_filter_mask_server)
[map_server-8] [INFO] [1773984158.477934981] [keepout_filter_mask_server]: Deactivating
[map_server-8] [INFO] [1773984158.477957147] [keepout_filter_mask_server]: Destroying bond (keepout_filter_mask_server) to lifecycle manager.
[behavior_server-13] [INFO] [1773984158.477188344] [behavior_server]: Destroying
[taskset-7] [INFO] [1773984158.488909664] [rclcpp]: signal_handler(SIGINT/SIGTERM)
[taskset-7] Unregistering sensor: Custom Described Lidar
[smoother_server-11] [INFO] [1773984158.504102844] [smoother_server]: Destroying bond (smoother_server) to lifecycle manager.
[waypoint_follower-15] [INFO] [1773984158.522870254] [waypoint_follower]: Destroying bond (waypoint_follower) to lifecycle manager.
[controller_server-10] [INFO] [1773984158.537996062] [controller_server]: Destroying bond (controller_server) to lifecycle manager.
[costmap_filter_info_server-9] [INFO] [1773984158.550859794] [keepout_costmap_filter_info_server]: Cleaning up
[costmap_filter_info_server-9] [INFO] [1773984158.550920458] [keepout_costmap_filter_info_server]: Destroying bond (keepout_costmap_filter_info_server) to lifecycle manager.
[robot_hardware-6] [INFO] [1773984158.573745663] [rclcpp]: signal_handler(SIGINT/SIGTERM)
[map_server-8] [INFO] [1773984158.579889958] [keepout_filter_mask_server]: Cleaning up
[map_server-8] [INFO] [1773984158.580375271] [keepout_filter_mask_server]: Destroying bond (keepout_filter_mask_server) to lifecycle manager.
[ekf_node-5] [INFO] [1773984158.603671500] [rclcpp]: signal_handler(SIGINT/SIGTERM)
[scan_to_scan_filter_chain-4] [INFO] [1773984158.618736643] [rclcpp]: signal_handler(SIGINT/SIGTERM)
[smoother_server-11] [INFO] [1773984158.632288972] [smoother_server]: Destroying
[waypoint_follower-15] [INFO] [1773984158.637836540] [waypoint_follower]: Destroying
[controller_server-10] [INFO] [1773984158.638960578] [controller_server]: Cleaning up
[controller_server-10] [INFO] [1773984158.645359779] [MPPIController]: Cleaned up MPPI Controller: FollowPath
[controller_server-10] [INFO] [1773984158.645541188] [local_costmap.local_costmap]: Cleaning up
[planner_server-12] [INFO] [1773984158.662904280] [planner_server]: Deactivating plugin GridBased of type NavfnPlanner
[planner_server-12] [INFO] [1773984158.662966403] [planner_server]: Destroying bond (planner_server) to lifecycle manager.
[planner_server-12] [INFO] [1773984158.673204365] [planner_server]: Cleaning up
[planner_server-12] [INFO] [1773984158.713913851] [global_costmap.global_costmap]: Cleaning up
[planner_server-12] [INFO] [1773984158.744173632] [planner_server]: Cleaning up plugin GridBased of type NavfnPlanner
[planner_server-12] [INFO] [1773984158.746108762] [planner_server]: Destroying plugin GridBased of type NavfnPlanner
[costmap_filter_info_server-9] [INFO] [1773984158.708891261] [keepout_costmap_filter_info_server]: Destroying
[map_server-8] [INFO] [1773984158.766615894] [keepout_filter_mask_server]: Destroying
[lifecycle_manager-19] [INFO] [1773984158.981520363] [lifecycle_manager_navigation]: Destroying lifecycle_manager_navigation
[sllidar_node-3] [INFO] [1773984159.024073982] [sllidar_node]: Stop motor
[controller_server-10] [INFO] [1773984159.071309538] [controller_server]: Destroying bond (controller_server) to lifecycle manager.
[controller_server-10] [INFO] [1773984159.106283629] [local_costmap.local_costmap]: Destroying
[planner_server-12] [INFO] [1773984159.093538017] [planner_server]: Destroying bond (planner_server) to lifecycle manager.
[planner_server-12] [INFO] [1773984159.142824490] [global_costmap.global_costmap]: Destroying
[autodock_action_server-25] Traceback (most recent call last):
[autodock_action_server-25]   File "/home/smr/workspaces/mini_amr/amrROS2_ws/install/action_autodock/lib/python3.12/site-packages/action_autodock/autodock_action_server.py", line 1409, in main
[autodock_action_server-25]     executor.spin()
[autodock_action_server-25]   File "/opt/ros/jazzy/lib/python3.12/site-packages/rclpy/executors.py", line 359, in spin
[autodock_action_server-25]     self._spin_once_impl()
[autodock_action_server-25]   File "/opt/ros/jazzy/lib/python3.12/site-packages/rclpy/executors.py", line 988, in _spin_once_impl
[autodock_action_server-25]     handler, entity, node = self.wait_for_ready_callbacks(
[autodock_action_server-25]                             ^^^^^^^^^^^^^^^^^^^^^^^^^^^^^^
[autodock_action_server-25]   File "/opt/ros/jazzy/lib/python3.12/site-packages/rclpy/executors.py", line 874, in wait_for_ready_callbacks
[autodock_action_server-25]     return next(self._cb_iter)
[autodock_action_server-25]            ^^^^^^^^^^^^^^^^^^^
[autodock_action_server-25]   File "/opt/ros/jazzy/lib/python3.12/site-packages/rclpy/executors.py", line 778, in _wait_for_ready_callbacks
[autodock_action_server-25]     wait_set.wait(timeout_nsec)
[autodock_action_server-25] KeyboardInterrupt
[autodock_action_server-25] 
[autodock_action_server-25] During handling of the above exception, another exception occurred:
[autodock_action_server-25] 
[autodock_action_server-25] Traceback (most recent call last):
[autodock_action_server-25]   File "/home/smr/workspaces/mini_amr/amrROS2_ws/install/action_autodock/lib/action_autodock/autodock_action_server", line 33, in <module>
[autodock_action_server-25]     sys.exit(load_entry_point('action-autodock==0.0.0', 'console_scripts', 'autodock_action_server')())
[autodock_action_server-25]              ^^^^^^^^^^^^^^^^^^^^^^^^^^^^^^^^^^^^^^^^^^^^^^^^^^^^^^^^^^^^^^^^^^^^^^^^^^^^^^^^^^^^^^^^^
[autodock_action_server-25]   File "/home/smr/workspaces/mini_amr/amrROS2_ws/install/action_autodock/lib/python3.12/site-packages/action_autodock/autodock_action_server.py", line 1420, in main
[autodock_action_server-25]     rclpy.shutdown()   
[autodock_action_server-25]     ^^^^^^^^^^^^^^^^
[autodock_action_server-25]   File "/opt/ros/jazzy/lib/python3.12/site-packages/rclpy/__init__.py", line 134, in shutdown
[autodock_action_server-25]     _shutdown(context=context)
[autodock_action_server-25]   File "/opt/ros/jazzy/lib/python3.12/site-packages/rclpy/utilities.py", line 82, in shutdown
[autodock_action_server-25]     context.shutdown()
[autodock_action_server-25]   File "/opt/ros/jazzy/lib/python3.12/site-packages/rclpy/context.py", line 129, in shutdown
[autodock_action_server-25]     self.__context.shutdown()
[autodock_action_server-25] rclpy._rclpy_pybind11.RCLError: failed to shutdown: rcl_shutdown already called on the given context, at ./src/rcl/init.c:333
[robot_state_publisher-1] [INFO] [1773984159.184408649] [rclcpp]: signal_handler(SIGINT/SIGTERM)
[planner_server-12] [INFO] [1773984159.243532059] [planner_server]: Destroying
[delivery_robot_main_controller-20] Traceback (most recent call last):
[delivery_robot_main_controller-20]   File "/home/smr/workspaces/mini_amr/amrROS2_ws/install/delivery_robot_main_controller/lib/delivery_robot_main_controller/delivery_robot_main_controller", line 33, in <module>
[delivery_robot_main_controller-20]     sys.exit(load_entry_point('delivery-robot-main-controller', 'console_scripts', 'delivery_robot_main_controller')())
[delivery_robot_main_controller-20]              ^^^^^^^^^^^^^^^^^^^^^^^^^^^^^^^^^^^^^^^^^^^^^^^^^^^^^^^^^^^^^^^^^^^^^^^^^^^^^^^^^^^^^^^^^^^^^^^^^^^^^^^^^
[delivery_robot_main_controller-20]   File "/home/smr/workspaces/mini_amr/amrROS2_ws/build/delivery_robot_main_controller/delivery_robot_main_controller/main_controller_node.py", line 1714, in main
[delivery_robot_main_controller-20]     rclpy.shutdown()
[delivery_robot_main_controller-20]   File "/opt/ros/jazzy/lib/python3.12/site-packages/rclpy/__init__.py", line 134, in shutdown
[delivery_robot_main_controller-20]     _shutdown(context=context)
[delivery_robot_main_controller-20]   File "/opt/ros/jazzy/lib/python3.12/site-packages/rclpy/utilities.py", line 82, in shutdown
[delivery_robot_main_controller-20]     context.shutdown()
[delivery_robot_main_controller-20]   File "/opt/ros/jazzy/lib/python3.12/site-packages/rclpy/context.py", line 129, in shutdown
[delivery_robot_main_controller-20]     self.__context.shutdown()
[delivery_robot_main_controller-20] rclpy._rclpy_pybind11.RCLError: failed to shutdown: rcl_shutdown already called on the given context, at ./src/rcl/init.c:333
[controller_server-10] [INFO] [1773984159.376944060] [controller_server]: Destroying
[robot_sound-21] Traceback (most recent call last):
[robot_sound-21]   File "/home/smr/workspaces/mini_amr/amrROS2_ws/install/delivery_robot_main_controller/lib/delivery_robot_main_controller/robot_sound", line 33, in <module>
[robot_sound-21]     sys.exit(load_entry_point('delivery-robot-main-controller', 'console_scripts', 'robot_sound')())
[robot_sound-21]              ^^^^^^^^^^^^^^^^^^^^^^^^^^^^^^^^^^^^^^^^^^^^^^^^^^^^^^^^^^^^^^^^^^^^^^^^^^^^^^^^^^^^^^
[robot_sound-21]   File "/home/smr/workspaces/mini_amr/amrROS2_ws/build/delivery_robot_main_controller/delivery_robot_main_controller/robot_sound.py", line 369, in main
[robot_sound-21]     rclpy.shutdown()
[robot_sound-21]   File "/opt/ros/jazzy/lib/python3.12/site-packages/rclpy/__init__.py", line 134, in shutdown
[robot_sound-21]     _shutdown(context=context)
[robot_sound-21]   File "/opt/ros/jazzy/lib/python3.12/site-packages/rclpy/utilities.py", line 82, in shutdown
[robot_sound-21]     context.shutdown()
[robot_sound-21]   File "/opt/ros/jazzy/lib/python3.12/site-packages/rclpy/context.py", line 129, in shutdown
[robot_sound-21]     self.__context.shutdown()
[robot_sound-21] rclpy._rclpy_pybind11.RCLError: failed to shutdown: rcl_shutdown already called on the given context, at ./src/rcl/init.c:333
[rpc_run_node-23] Traceback (most recent call last):
[rpc_run_node-23]   File "/home/smr/workspaces/mini_amr/amrROS2_ws/install/delivery_robot_main_controller/lib/delivery_robot_main_controller/rpc_run_node", line 33, in <module>
[rpc_run_node-23]     sys.exit(load_entry_point('delivery-robot-main-controller', 'console_scripts', 'rpc_run_node')())
[rpc_run_node-23]              ^^^^^^^^^^^^^^^^^^^^^^^^^^^^^^^^^^^^^^^^^^^^^^^^^^^^^^^^^^^^^^^^^^^^^^^^^^^^^^^^^^^^^^^
[rpc_run_node-23]   File "/home/smr/workspaces/mini_amr/amrROS2_ws/build/delivery_robot_main_controller/delivery_robot_main_controller/rpc_run_node.py", line 57, in main
[rpc_run_node-23]     rclpy.shutdown()
[rpc_run_node-23]   File "/opt/ros/jazzy/lib/python3.12/site-packages/rclpy/__init__.py", line 134, in shutdown
[rpc_run_node-23]     _shutdown(context=context)
[bt_navigator-14] [INFO] [1773984159.560253259] [bt_navigator]: Completed Cleaning up
[bt_navigator-14] [INFO] [1773984159.560339298] [bt_navigator]: Destroying bond (bt_navigator) to lifecycle manager.
[rpc_run_node-23]   File "/opt/ros/jazzy/lib/python3.12/site-packages/rclpy/utilities.py", line 82, in shutdown
[rpc_run_node-23]     context.shutdown()
[rpc_run_node-23]   File "/opt/ros/jazzy/lib/python3.12/site-packages/rclpy/context.py", line 129, in shutdown
[rpc_run_node-23]     self.__context.shutdown()
[rpc_run_node-23] rclpy._rclpy_pybind11.RCLError: failed to shutdown: rcl_shutdown already called on the given context, at ./src/rcl/init.c:333
[INFO] [collision_monitor-17]: process has finished cleanly [pid 17816]
[bt_navigator-14] [INFO] [1773984159.604743176] [bt_navigator]: Destroying
[ERROR] [battery_manager_node-26]: process has died [pid 18040, exit code -2, cmd '/home/smr/workspaces/mini_amr/amrROS2_ws/install/battery_management/lib/battery_management/battery_manager_node --ros-args -r __node:=battery_manager -r __ns:=/ --params-file /home/smr/workspaces/mini_amr/amrROS2_ws/install/battery_management/share/battery_management/config/battery_manager.yaml -r /tf:=tf -r /tf_static:=tf_static'].
[call_robot_button-22] Traceback (most recent call last):
[call_robot_button-22]   File "/home/smr/workspaces/mini_amr/amrROS2_ws/install/delivery_robot_main_controller/lib/delivery_robot_main_controller/call_robot_button", line 33, in <module>
[call_robot_button-22]     sys.exit(load_entry_point('delivery-robot-main-controller', 'console_scripts', 'call_robot_button')())
[call_robot_button-22]              ^^^^^^^^^^^^^^^^^^^^^^^^^^^^^^^^^^^^^^^^^^^^^^^^^^^^^^^^^^^^^^^^^^^^^^^^^^^^^^^^^^^^^^^^^^^^
[call_robot_button-22]   File "/home/smr/workspaces/mini_amr/amrROS2_ws/build/delivery_robot_main_controller/delivery_robot_main_controller/call_button.py", line 251, in main
[call_robot_button-22]     rclpy.shutdown()
[call_robot_button-22]   File "/opt/ros/jazzy/lib/python3.12/site-packages/rclpy/__init__.py", line 134, in shutdown
[call_robot_button-22]     _shutdown(context=context)
[call_robot_button-22]   File "/opt/ros/jazzy/lib/python3.12/site-packages/rclpy/utilities.py", line 82, in shutdown
[call_robot_button-22]     context.shutdown()
[call_robot_button-22]   File "/opt/ros/jazzy/lib/python3.12/site-packages/rclpy/context.py", line 129, in shutdown
[call_robot_button-22]     self.__context.shutdown()
[call_robot_button-22] rclpy._rclpy_pybind11.RCLError: failed to shutdown: rcl_shutdown already called on the given context, at ./src/rcl/init.c:333
[ERROR] [robot_sound-21]: process has died [pid 18035, exit code 1, cmd '/home/smr/workspaces/mini_amr/amrROS2_ws/install/delivery_robot_main_controller/lib/delivery_robot_main_controller/robot_sound --ros-args -r __node:=robot_sound_node -r __ns:=/ -r /tf:=tf -r /tf_static:=tf_static'].
[INFO] [velocity_smoother-16]: process has finished cleanly [pid 17815]
[ERROR] [call_robot_button-22]: process has died [pid 18036, exit code 1, cmd '/home/smr/workspaces/mini_amr/amrROS2_ws/install/delivery_robot_main_controller/lib/delivery_robot_main_controller/call_robot_button --ros-args -r __node:=call_robot_button_node -r __ns:=/ -r /tf:=tf -r /tf_static:=tf_static'].
[INFO] [waypoint_follower-15]: process has finished cleanly [pid 17787]
[INFO] [collision_detector-18]: process has finished cleanly [pid 17817]
[ERROR] [rpc_run_node-23]: process has died [pid 18037, exit code 1, cmd '/home/smr/workspaces/mini_amr/amrROS2_ws/install/delivery_robot_main_controller/lib/delivery_robot_main_controller/rpc_run_node --ros-args -r __node:=rpc_run_node -r __ns:=/ -r /tf:=tf -r /tf_static:=tf_static'].
[INFO] [smoother_server-11]: process has finished cleanly [pid 17751]
[INFO] [robot_hardware-6]: process has finished cleanly [pid 17742]
[INFO] [costmap_filter_info_server-9]: process has finished cleanly [pid 17747]
[INFO] [behavior_server-13]: process has finished cleanly [pid 17768]
[INFO] [scan_to_scan_filter_chain-4]: process has finished cleanly [pid 17740]
[INFO] [map_server-8]: process has finished cleanly [pid 17744]
[INFO] [joint_state_publisher-2]: process has finished cleanly [pid 17738]
[INFO] [lifecycle_manager-19]: process has finished cleanly [pid 17818]
[INFO] [planner_server-12]: process has finished cleanly [pid 17760]
[INFO] [controller_server-10]: process has finished cleanly [pid 17750]
[INFO] [bt_navigator-14]: process has finished cleanly [pid 17773]
[INFO] [taskset-7]: process has finished cleanly [pid 17743]
[INFO] [ekf_node-5]: process has finished cleanly [pid 17741]
[ERROR] [autodock_action_server-25]: process has died [pid 18039, exit code 1, cmd '/home/smr/workspaces/mini_amr/amrROS2_ws/install/action_autodock/lib/action_autodock/autodock_action_server --ros-args -r __ns:=/ --params-file /home/smr/workspaces/mini_amr/amrROS2_ws/install/action_autodock/share/action_autodock/config/auto_dock_config.yaml --params-file /tmp/launch_params_0utlyy2y -r /tf:=tf -r /tf_static:=tf_static'].
[ERROR] [delivery_robot_main_controller-20]: process has died [pid 18034, exit code 1, cmd '/home/smr/workspaces/mini_amr/amrROS2_ws/install/delivery_robot_main_controller/lib/delivery_robot_main_controller/delivery_robot_main_controller --ros-args -r __node:=main_controller_node -r __ns:=/ --params-file /tmp/launch_params__ya2viiq -r /tf:=tf -r /tf_static:=tf_static'].
[INFO] [sllidar_node-3]: process has finished cleanly [pid 17739]
[INFO] [robot_state_publisher-1]: process has finished cleanly [pid 17737]
