[INFO] [launch]: All log files can be found below /home/smr/.ros/log/2026-03-20-12-25-01-169080-one-19475
[INFO] [launch]: Default logging verbosity is set to INFO
[INFO] [robot_state_publisher-1]: process started with pid [19505]
[INFO] [joint_state_publisher-2]: process started with pid [19506]
[INFO] [sllidar_node-3]: process started with pid [19507]
[INFO] [scan_to_scan_filter_chain-4]: process started with pid [19508]
[INFO] [ekf_node-5]: process started with pid [19509]
[INFO] [robot_hardware-6]: process started with pid [19510]
[INFO] [taskset-7]: process started with pid [19511]
[INFO] [map_server-8]: process started with pid [19512]
[INFO] [costmap_filter_info_server-9]: process started with pid [19513]
[INFO] [controller_server-10]: process started with pid [19516]
[INFO] [smoother_server-11]: process started with pid [19517]
[INFO] [planner_server-12]: process started with pid [19524]
[INFO] [behavior_server-13]: process started with pid [19525]
[INFO] [bt_navigator-14]: process started with pid [19532]
[INFO] [waypoint_follower-15]: process started with pid [19540]
[INFO] [velocity_smoother-16]: process started with pid [19546]
[INFO] [collision_monitor-17]: process started with pid [19549]
[INFO] [collision_detector-18]: process started with pid [19552]
[INFO] [lifecycle_manager-19]: process started with pid [19555]
[robot_hardware-6] Serial port opened at port /dev/teensy with baudrate 460800
[robot_hardware-6] Created receive data thread
[sllidar_node-3] [INFO] [1773984302.296076165] [sllidar_node]: SLLidar running on ROS2 package SLLidar.ROS2 SDK Version:1.0.1, SLLIDAR SDK Version:2.1.0
[sllidar_node-3] [INFO] [1773984302.328494195] [sllidar_node]: SLLidar S/N: 6E42ED93C5E19FD9B5E192F9EE904B72
[sllidar_node-3] [INFO] [1773984302.328604440] [sllidar_node]: Firmware Ver: 1.00
[sllidar_node-3] [INFO] [1773984302.328640022] [sllidar_node]: Hardware Rev: 18
[sllidar_node-3] [INFO] [1773984302.330729438] [sllidar_node]: SLLidar health status : 0
[sllidar_node-3] [INFO] [1773984302.330847559] [sllidar_node]: SLLidar health status : OK.
[robot_state_publisher-1] [INFO] [1773984302.357759435] [robot_state_publisher]: Robot initialized
[smoother_server-11] [INFO] [1773984302.364549162] [smoother_server]: 
[smoother_server-11] 	smoother_server lifecycle node launched. 
[smoother_server-11] 	Waiting on external lifecycle transitions to activate
[smoother_server-11] 	See https://design.ros2.org/articles/node_lifecycle.html for more information.
[smoother_server-11] [INFO] [1773984302.379795716] [smoother_server]: Creating smoother server
[taskset-7] [INFO] [1773984302.388083674] [slam_toolbox]: Node using stack size 40000000
[map_server-8] [INFO] [1773984302.425782992] [keepout_filter_mask_server]: 
[map_server-8] 	keepout_filter_mask_server lifecycle node launched. 
[map_server-8] 	Waiting on external lifecycle transitions to activate
[map_server-8] 	See https://design.ros2.org/articles/node_lifecycle.html for more information.
[map_server-8] [INFO] [1773984302.426146686] [keepout_filter_mask_server]: Creating
[controller_server-10] [INFO] [1773984302.491733174] [controller_server]: 
[waypoint_follower-15] [INFO] [1773984302.494132328] [waypoint_follower]: 
[waypoint_follower-15] 	waypoint_follower lifecycle node launched. 
[waypoint_follower-15] 	Waiting on external lifecycle transitions to activate
[waypoint_follower-15] 	See https://design.ros2.org/articles/node_lifecycle.html for more information.
[controller_server-10] 	controller_server lifecycle node launched. 
[controller_server-10] 	Waiting on external lifecycle transitions to activate
[controller_server-10] 	See https://design.ros2.org/articles/node_lifecycle.html for more information.
[waypoint_follower-15] [INFO] [1773984302.497225037] [waypoint_follower]: Creating
[controller_server-10] [INFO] [1773984302.512342096] [controller_server]: Creating controller server
[taskset-7] [INFO] [1773984302.515623505] [slam_toolbox]: Configuring
[behavior_server-13] [INFO] [1773984302.530339539] [behavior_server]: 
[behavior_server-13] 	behavior_server lifecycle node launched. 
[behavior_server-13] 	Waiting on external lifecycle transitions to activate
[behavior_server-13] 	See https://design.ros2.org/articles/node_lifecycle.html for more information.
[costmap_filter_info_server-9] [INFO] [1773984302.537404880] [costmap_filter_info_server]: This is costmap filter info publisher
[controller_server-10] [INFO] [1773984302.542432719] [local_costmap.local_costmap]: 
[controller_server-10] 	local_costmap lifecycle node launched. 
[controller_server-10] 	Waiting on external lifecycle transitions to activate
[controller_server-10] 	See https://design.ros2.org/articles/node_lifecycle.html for more information.
[controller_server-10] [INFO] [1773984302.561150550] [local_costmap.local_costmap]: Creating Costmap
[sllidar_node-3] [INFO] [1773984302.618456954] [sllidar_node]: current scan mode: Standard, sample rate: 11 Khz, max_distance: 30.0 m, scan frequency:10.0 Hz, 
[lifecycle_manager-19] [INFO] [1773984302.619157510] [lifecycle_manager_navigation]: Creating
[lifecycle_manager-19] [INFO] [1773984302.630345393] [lifecycle_manager_navigation]: [34m[1mCreating and initializing lifecycle service clients[0m[0m
[bt_navigator-14] [INFO] [1773984302.637635017] [bt_navigator]: 
[bt_navigator-14] 	bt_navigator lifecycle node launched. 
[bt_navigator-14] 	Waiting on external lifecycle transitions to activate
[bt_navigator-14] 	See https://design.ros2.org/articles/node_lifecycle.html for more information.
[taskset-7] [INFO] [1773984302.640182039] [slam_toolbox]: Using solver plugin solver_plugins::CeresSolver
[bt_navigator-14] [INFO] [1773984302.655828160] [bt_navigator]: Creating
[velocity_smoother-16] [INFO] [1773984302.676153302] [velocity_smoother]: 
[velocity_smoother-16] 	velocity_smoother lifecycle node launched. 
[velocity_smoother-16] 	Waiting on external lifecycle transitions to activate
[velocity_smoother-16] 	See https://design.ros2.org/articles/node_lifecycle.html for more information.
[costmap_filter_info_server-9] [INFO] [1773984302.688915830] [keepout_costmap_filter_info_server]: 
[costmap_filter_info_server-9] 	keepout_costmap_filter_info_server lifecycle node launched. 
[costmap_filter_info_server-9] 	Waiting on external lifecycle transitions to activate
[costmap_filter_info_server-9] 	See https://design.ros2.org/articles/node_lifecycle.html for more information.
[planner_server-12] [INFO] [1773984302.689349229] [planner_server]: 
[planner_server-12] 	planner_server lifecycle node launched. 
[planner_server-12] 	Waiting on external lifecycle transitions to activate
[planner_server-12] 	See https://design.ros2.org/articles/node_lifecycle.html for more information.
[collision_monitor-17] [INFO] [1773984302.698230122] [collision_monitor]: 
[collision_monitor-17] 	collision_monitor lifecycle node launched. 
[collision_monitor-17] 	Waiting on external lifecycle transitions to activate
[collision_monitor-17] 	See https://design.ros2.org/articles/node_lifecycle.html for more information.
[taskset-7] [INFO] [1773984302.707082433] [slam_toolbox]: CeresSolver: Using SCHUR_JACOBI preconditioner.
[planner_server-12] [INFO] [1773984302.729170920] [planner_server]: Creating
[planner_server-12] [INFO] [1773984302.821190096] [global_costmap.global_costmap]: 
[planner_server-12] 	global_costmap lifecycle node launched. 
[planner_server-12] 	Waiting on external lifecycle transitions to activate
[planner_server-12] 	See https://design.ros2.org/articles/node_lifecycle.html for more information.
[planner_server-12] [INFO] [1773984302.845695819] [global_costmap.global_costmap]: Creating Costmap
[collision_detector-18] [INFO] [1773984302.906844486] [collision_detector]: 
[collision_detector-18] 	collision_detector lifecycle node launched. 
[collision_detector-18] 	Waiting on external lifecycle transitions to activate
[collision_detector-18] 	See https://design.ros2.org/articles/node_lifecycle.html for more information.
[taskset-7] Load From File /home/smr/workspaces/mini_amr/amrROS2_ws/maps/latest_map.posegraph 
[taskset-7] Mapper <- Module
[taskset-7] Mapper <- m_pSequentialScanMatcher
[taskset-7] Mapper <- m_pGraph
[taskset-7] MapperGraph <- Graph; Graph <- m_Edges; Graph <- m_Vertices
[taskset-7] MapperGraph <- m_pMapper; MapperGraph <- m_pLoopScanMatcher; MapperGraph <- m_pTraversal
[taskset-7] Mapper <- m_pMapperSensorManager
[taskset-7] MapperSensorManager <- m_ScanManagers; MapperSensorManager <- m_Scans
[taskset-7] Mapper <- m_Listeners
[taskset-7] **Finished serializing Mapper**
[taskset-7] Load From File
[taskset-7] **Serializing Dataset**
[taskset-7] Dataset <- m_SensorNameLookup
[taskset-7] Dataset <- m_Data
[taskset-7] Dataset <- m_Lasers
[taskset-7] Dataset <- m_pDatasetInfo
[taskset-7] **Finished serializing Dataset**
[taskset-7] Registering sensor: [Custom Described Lidar]
[taskset-7] WARNING: Logging before InitGoogleLogging() is written to STDERR
[taskset-7] W20260320 12:25:03.098191 19511 preprocessor.cc:67] Specified options.num_threads: 50 exceeds maximum available from the threading model Ceres was compiled with: 8.  Bounding to maximum number available.
[INFO] [launch.user]: [LifecycleLaunch] Slamtoolbox node is activating.
[taskset-7] [INFO] [1773984303.111322599] [slam_toolbox]: Activating
[scan_to_scan_filter_chain-4] [WARN] [1773984303.322032503] [scan_to_scan_filter_chain]: diagnostic_updater: No HW_ID was set. This is probably a bug. Please report it. For devices that do not have a HW_ID, set this value to 'none'. This warning only occurs once all diagnostics are OK. It is okay to wait until the device is open before calling setHardwareID.
[joint_state_publisher-2] [INFO] [1773984303.526561947] [joint_state_publisher]: Waiting for robot_description to be published on the robot_description topic...
[lifecycle_manager-19] [INFO] [1773984303.946891549] [lifecycle_manager_navigation]: [34m[1mStarting managed nodes bringup...[0m[0m
[lifecycle_manager-19] [INFO] [1773984303.947016377] [lifecycle_manager_navigation]: [34m[1mConfiguring controller_server[0m[0m
[controller_server-10] [INFO] [1773984303.947646644] [controller_server]: Configuring controller interface
[controller_server-10] [INFO] [1773984303.947679601] [controller_server]: getting progress checker plugins..
[controller_server-10] [INFO] [1773984303.947997796] [controller_server]: getting goal checker plugins..
[controller_server-10] [INFO] [1773984303.948353615] [controller_server]: Controller frequency set to 10.0000Hz
[controller_server-10] [INFO] [1773984303.948410779] [local_costmap.local_costmap]: Configuring
[controller_server-10] [INFO] [1773984303.960114309] [local_costmap.local_costmap]: Using plugin "obstacle_layer"
[controller_server-10] [INFO] [1773984303.967805833] [local_costmap.local_costmap]: Subscribed to Topics: scan
[controller_server-10] [INFO] [1773984303.977169998] [local_costmap.local_costmap]: Initialized plugin "obstacle_layer"
[controller_server-10] [INFO] [1773984303.977225413] [local_costmap.local_costmap]: Using plugin "denoise_layer"
[controller_server-10] [INFO] [1773984303.979560985] [local_costmap.local_costmap]: Initialized plugin "denoise_layer"
[controller_server-10] [INFO] [1773984303.979620191] [local_costmap.local_costmap]: Using plugin "inflation_layer"
[controller_server-10] [INFO] [1773984303.983221255] [local_costmap.local_costmap]: Initialized plugin "inflation_layer"
[controller_server-10] [INFO] [1773984303.983273461] [local_costmap.local_costmap]: Using costmap filter "keepout_filter"
[controller_server-10] [INFO] [1773984303.988692118] [local_costmap.local_costmap]: Initialized costmap filter "keepout_filter"
[controller_server-10] [INFO] [1773984303.988753366] [local_costmap.local_costmap]: Using costmap filter "inflation_layer2"
[controller_server-10] [INFO] [1773984303.991944946] [local_costmap.local_costmap]: Initialized costmap filter "inflation_layer2"
[controller_server-10] [INFO] [1773984304.024859373] [controller_server]: Created progress_checker : progress_checker of type nav2_controller::SimpleProgressChecker
[controller_server-10] [INFO] [1773984304.025936454] [controller_server]: Controller Server has progress_checker  progress checkers available.
[controller_server-10] [INFO] [1773984304.026740255] [controller_server]: Created goal checker : goal_checker of type nav2_controller::SimpleGoalChecker
[controller_server-10] [INFO] [1773984304.027593929] [controller_server]: Controller Server has goal_checker  goal checkers available.
[controller_server-10] [INFO] [1773984304.030001541] [controller_server]: Created controller : FollowPath of type nav2_mppi_controller::MPPIController
[controller_server-10] [INFO] [1773984304.035546193] [controller_server]: Controller period is equal to model dt. Control sequence shifting is ON
[controller_server-10] [INFO] [1773984304.039062093] [controller_server]: ConstraintCritic instantiated with 1 power and 4.000000 weight.
[controller_server-10] [INFO] [1773984304.039130341] [controller_server]: Critic loaded : mppi::critics::ConstraintCritic
[controller_server-10] [INFO] [1773984304.044126098] [controller_server]: InflationCostCritic instantiated with 1 power and 300.000000 / 0.015000 weights. Critic will collision check based on footprint cost.
[controller_server-10] [INFO] [1773984304.044183263] [controller_server]: Critic loaded : mppi::critics::CostCritic
[controller_server-10] [INFO] [1773984304.045433879] [controller_server]: GoalCritic instantiated with 1 power and 5.000000 weight.
[controller_server-10] [INFO] [1773984304.045482585] [controller_server]: Critic loaded : mppi::critics::GoalCritic
[controller_server-10] [INFO] [1773984304.046720661] [controller_server]: GoalAngleCritic instantiated with 1 power, 3.000000 weight, and 0.500000 angular threshold.
[controller_server-10] [INFO] [1773984304.046769659] [controller_server]: Critic loaded : mppi::critics::GoalAngleCritic
[controller_server-10] [INFO] [1773984304.049276141] [controller_server]: ReferenceTrajectoryCritic instantiated with 1 power and 2.000000 weight
[controller_server-10] [INFO] [1773984304.049336805] [controller_server]: Critic loaded : mppi::critics::PathAlignCritic
[controller_server-10] [INFO] [1773984304.051410764] [controller_server]: Critic loaded : mppi::critics::PathFollowCritic
[controller_server-10] [INFO] [1773984304.054349771] [controller_server]: PathAngleCritic instantiated with 1 power and 1.500000 weight. Mode set to: Forward Preference
[controller_server-10] [INFO] [1773984304.054403727] [controller_server]: Critic loaded : mppi::critics::PathAngleCritic
[controller_server-10] [INFO] [1773984304.056716259] [controller_server]: PreferForwardCritic instantiated with 1 power and 10.000000 weight.
[controller_server-10] [INFO] [1773984304.056779839] [controller_server]: Critic loaded : mppi::critics::PreferForwardCritic
[controller_server-10] [INFO] [1773984304.059275239] [controller_server]: Optimizer reset
[controller_server-10] [INFO] [1773984304.067762690] [MPPIController]: Configured MPPI Controller: FollowPath
[controller_server-10] [INFO] [1773984304.067803813] [controller_server]: Controller Server has FollowPath  controllers available.
[lifecycle_manager-19] [INFO] [1773984304.082555428] [lifecycle_manager_navigation]: [34m[1mConfiguring smoother_server[0m[0m
[smoother_server-11] [INFO] [1773984304.083519639] [smoother_server]: Configuring smoother server
[smoother_server-11] [INFO] [1773984304.102614872] [smoother_server]: Created smoother : simple_smoother of type nav2_smoother::SimpleSmoother
[smoother_server-11] [INFO] [1773984304.106404053] [smoother_server]: Smoother Server has simple_smoother  smoothers available.
[lifecycle_manager-19] [INFO] [1773984304.122280873] [lifecycle_manager_navigation]: [34m[1mConfiguring planner_server[0m[0m
[planner_server-12] [INFO] [1773984304.122796227] [planner_server]: Configuring
[planner_server-12] [INFO] [1773984304.122851933] [global_costmap.global_costmap]: Configuring
[planner_server-12] [INFO] [1773984304.148831680] [global_costmap.global_costmap]: Using plugin "static_layer"
[planner_server-12] [INFO] [1773984304.170285818] [global_costmap.global_costmap]: Subscribing to the map topic (/map) with transient local durability
[planner_server-12] [INFO] [1773984304.174958422] [global_costmap.global_costmap]: Initialized plugin "static_layer"
[planner_server-12] [INFO] [1773984304.175017336] [global_costmap.global_costmap]: Using plugin "obstacle_layer"
[planner_server-12] [INFO] [1773984304.181018428] [global_costmap.global_costmap]: Subscribed to Topics: scan
[planner_server-12] [INFO] [1773984304.197758255] [global_costmap.global_costmap]: Initialized plugin "obstacle_layer"
[planner_server-12] [INFO] [1773984304.197820961] [global_costmap.global_costmap]: Using plugin "inflation_layer"
[planner_server-12] [INFO] [1773984304.200895004] [global_costmap.global_costmap]: Initialized plugin "inflation_layer"
[planner_server-12] [INFO] [1773984304.200947794] [global_costmap.global_costmap]: Using costmap filter "keepout_filter"
[planner_server-12] [INFO] [1773984304.212357627] [global_costmap.global_costmap]: Initialized costmap filter "keepout_filter"
[planner_server-12] [INFO] [1773984304.212414499] [global_costmap.global_costmap]: Using costmap filter "inflation_layer2"
[planner_server-12] [INFO] [1773984304.215407462] [global_costmap.global_costmap]: Initialized costmap filter "inflation_layer2"
[planner_server-12] [INFO] [1773984304.256199489] [planner_server]: Created global planner plugin GridBased of type nav2_navfn_planner::NavfnPlanner
[planner_server-12] [INFO] [1773984304.256258695] [planner_server]: Configuring plugin GridBased of type NavfnPlanner
[planner_server-12] [INFO] [1773984304.256906752] [global_costmap.global_costmap]: StaticLayer: Resizing costmap to 100 X 268 at 0.050000 m/pix
[planner_server-12] [INFO] [1773984304.258678556] [planner_server]: Planner Server has GridBased  planners available.
[lifecycle_manager-19] [INFO] [1773984304.280609841] [lifecycle_manager_navigation]: [34m[1mConfiguring behavior_server[0m[0m
[behavior_server-13] [INFO] [1773984304.281275689] [behavior_server]: Configuring
[behavior_server-13] [INFO] [1773984304.289130540] [behavior_server]: Creating behavior plugin wait of type nav2_behaviors::Wait
[behavior_server-13] [INFO] [1773984304.299444334] [behavior_server]: Configuring wait
[lifecycle_manager-19] [INFO] [1773984304.312966624] [lifecycle_manager_navigation]: [34m[1mConfiguring velocity_smoother[0m[0m
[velocity_smoother-16] [INFO] [1773984304.313496561] [velocity_smoother]: Configuring velocity smoother
[lifecycle_manager-19] [INFO] [1773984304.322978263] [lifecycle_manager_navigation]: [34m[1mConfiguring collision_monitor[0m[0m
[collision_monitor-17] [INFO] [1773984304.323313666] [collision_monitor]: Configuring
[collision_monitor-17] [INFO] [1773984304.341334733] [collision_monitor]: [scan]: Creating Scan
[collision_monitor-17] [INFO] [1773984304.346320574] [collision_monitor]: [PolygonStop]: Creating Polygon
[collision_monitor-17] [INFO] [1773984304.346378030] [collision_monitor]: [PolygonStop]: Creating Circle
[collision_monitor-17] [INFO] [1773984304.351716774] [collision_monitor]: [PolygonSlow]: Creating Polygon
[collision_monitor-17] [INFO] [1773984304.357273092] [collision_monitor]: [FootprintApproach]: Creating Polygon
[collision_monitor-17] [INFO] [1773984304.357932524] [collision_monitor]: [FootprintApproach]: Polygon points are not defined. Using dynamic subscription instead.
[collision_monitor-17] [INFO] [1773984304.364055528] [collision_monitor]: [FootprintApproach]: Making footprint subscriber on /local_costmap/published_footprint topic
[lifecycle_manager-19] [INFO] [1773984304.390667583] [lifecycle_manager_navigation]: [34m[1mConfiguring collision_detector[0m[0m
[collision_detector-18] [INFO] [1773984304.391033610] [collision_detector]: Configuring
[collision_detector-18] [INFO] [1773984304.417219849] [collision_monitor]: [scan]: Creating Scan
[collision_detector-18] [INFO] [1773984304.422251189] [collision_monitor]: [PolygonStop]: Creating Polygon
[collision_detector-18] [INFO] [1773984304.422282979] [collision_monitor]: [PolygonStop]: Creating Circle
[collision_detector-18] [INFO] [1773984304.429771511] [collision_monitor]: [PolygonSlow]: Creating Polygon
[lifecycle_manager-19] [INFO] [1773984304.437582614] [lifecycle_manager_navigation]: [34m[1mConfiguring bt_navigator[0m[0m
[bt_navigator-14] [INFO] [1773984304.438195673] [bt_navigator]: Configuring
[bt_navigator-14] [INFO] [1773984304.448207020] [bt_navigator]: Creating navigator id navigate_to_pose of type nav2_bt_navigator::NavigateToPoseNavigator
[bt_navigator-14] [INFO] [1773984304.584220594] [bt_navigator]: Creating navigator id navigate_through_poses of type nav2_bt_navigator::NavigateThroughPosesNavigator
[lifecycle_manager-19] [INFO] [1773984304.644158017] [lifecycle_manager_navigation]: [34m[1mConfiguring waypoint_follower[0m[0m
[waypoint_follower-15] [INFO] [1773984304.644776909] [waypoint_follower]: Configuring
[taskset-7] Registering sensor: [Custom Described Lidar]
[waypoint_follower-15] [INFO] [1773984304.716161206] [waypoint_follower]: Created waypoint_task_executor : wait_at_waypoint of type nav2_waypoint_follower::WaitAtWaypoint
[lifecycle_manager-19] [INFO] [1773984304.719285414] [lifecycle_manager_navigation]: [34m[1mConfiguring keepout_filter_mask_server[0m[0m
[map_server-8] [INFO] [1773984304.719928221] [keepout_filter_mask_server]: Configuring
[map_server-8] [INFO] [1773984304.720094465] [map_io]: Loading yaml file: /home/smr/workspaces/mini_amr/amrROS2_ws/maps/latest_map_keepout.yaml
[map_server-8] [INFO] [1773984304.720873767] [map_io]: resolution: 0.05
[map_server-8] [INFO] [1773984304.720912265] [map_io]: origin[0]: -7.315
[map_server-8] [INFO] [1773984304.720932098] [map_io]: origin[1]: -4.325
[map_server-8] [INFO] [1773984304.720949014] [map_io]: origin[2]: 0
[map_server-8] [INFO] [1773984304.720966805] [map_io]: free_thresh: 0.196
[map_server-8] [INFO] [1773984304.720984012] [map_io]: occupied_thresh: 0.65
[map_server-8] [INFO] [1773984304.721004428] [map_io]: mode: trinary
[map_server-8] [INFO] [1773984304.721022511] [map_io]: negate: 0
[map_server-8] [INFO] [1773984304.721646652] [map_io]: Loading image_file: /home/smr/workspaces/mini_amr/amrROS2_ws/maps/map_000.pgm
[map_server-8] [INFO] [1773984304.724438665] [map_io]: Read map /home/smr/workspaces/mini_amr/amrROS2_ws/maps/map_000.pgm: 100 X 268 map @ 0.05 m/cell
[lifecycle_manager-19] [INFO] [1773984304.763329976] [lifecycle_manager_navigation]: [34m[1mConfiguring keepout_costmap_filter_info_server[0m[0m
[costmap_filter_info_server-9] [INFO] [1773984304.763754043] [keepout_costmap_filter_info_server]: Configuring
[lifecycle_manager-19] [INFO] [1773984304.798792009] [lifecycle_manager_navigation]: [34m[1mActivating controller_server[0m[0m
[controller_server-10] [INFO] [1773984304.799475940] [controller_server]: Activating
[controller_server-10] [INFO] [1773984304.799594935] [local_costmap.local_costmap]: Activating
[controller_server-10] [INFO] [1773984304.799636934] [local_costmap.local_costmap]: Checking transform
[controller_server-10] [INFO] [1773984304.800103873] [local_costmap.local_costmap]: start
[controller_server-10] [INFO] [1773984304.802158874] [local_costmap.local_costmap]: KeepoutFilter: Subscribing to "/keepout_costmap_filter_info" topic for filter info...
[controller_server-10] [WARN] [1773984304.902626710] [local_costmap.local_costmap]: KeepoutFilter: Filter mask was not received
[controller_server-10] [WARN] [1773984304.909147823] [controller_server]: Parameter controller_server.verbose not found
[controller_server-10] [INFO] [1773984304.910668803] [controller_server]: Optimizer reset
[controller_server-10] [INFO] [1773984304.911678513] [MPPIController]: Activated MPPI Controller: FollowPath
[controller_server-10] [INFO] [1773984304.911781758] [controller_server]: Creating bond (controller_server) to lifecycle manager.
[lifecycle_manager-19] [INFO] [1773984305.021428559] [lifecycle_manager_navigation]: Server controller_server connected with bond.
[lifecycle_manager-19] [INFO] [1773984305.021482223] [lifecycle_manager_navigation]: [34m[1mActivating smoother_server[0m[0m
[smoother_server-11] [INFO] [1773984305.021841834] [smoother_server]: Activating
[smoother_server-11] [INFO] [1773984305.021887040] [smoother_server]: Creating bond (smoother_server) to lifecycle manager.
[lifecycle_manager-19] [INFO] [1773984305.130341555] [lifecycle_manager_navigation]: Server smoother_server connected with bond.
[lifecycle_manager-19] [INFO] [1773984305.130404261] [lifecycle_manager_navigation]: [34m[1mActivating planner_server[0m[0m
[planner_server-12] [INFO] [1773984305.130779621] [planner_server]: Activating
[planner_server-12] [INFO] [1773984305.130835035] [global_costmap.global_costmap]: Activating
[planner_server-12] [INFO] [1773984305.130853118] [global_costmap.global_costmap]: Checking transform
[planner_server-12] [INFO] [1773984305.131017611] [global_costmap.global_costmap]: start
[planner_server-12] [INFO] [1773984305.131783789] [global_costmap.global_costmap]: KeepoutFilter: Subscribing to "/keepout_costmap_filter_info" topic for filter info...
[planner_server-12] [WARN] [1773984305.632204463] [global_costmap.global_costmap]: KeepoutFilter: Filter mask was not received
[planner_server-12] [INFO] [1773984305.638216929] [planner_server]: Activating plugin GridBased of type NavfnPlanner
[planner_server-12] [INFO] [1773984305.640620749] [planner_server]: Creating bond (planner_server) to lifecycle manager.
[lifecycle_manager-19] [INFO] [1773984305.752343258] [lifecycle_manager_navigation]: Server planner_server connected with bond.
[lifecycle_manager-19] [INFO] [1773984305.752459628] [lifecycle_manager_navigation]: [34m[1mActivating behavior_server[0m[0m
[behavior_server-13] [INFO] [1773984305.753149101] [behavior_server]: Activating
[behavior_server-13] [INFO] [1773984305.753187307] [behavior_server]: Activating wait
[behavior_server-13] [INFO] [1773984305.753208890] [behavior_server]: Creating bond (behavior_server) to lifecycle manager.
[lifecycle_manager-19] [INFO] [1773984305.860736525] [lifecycle_manager_navigation]: Server behavior_server connected with bond.
[lifecycle_manager-19] [INFO] [1773984305.860791065] [lifecycle_manager_navigation]: [34m[1mActivating velocity_smoother[0m[0m
[velocity_smoother-16] [INFO] [1773984305.861513786] [velocity_smoother]: Activating
[velocity_smoother-16] [INFO] [1773984305.861601282] [velocity_smoother]: Creating bond (velocity_smoother) to lifecycle manager.
[lifecycle_manager-19] [INFO] [1773984305.969247330] [lifecycle_manager_navigation]: Server velocity_smoother connected with bond.
[lifecycle_manager-19] [INFO] [1773984305.969300702] [lifecycle_manager_navigation]: [34m[1mActivating collision_monitor[0m[0m
[collision_monitor-17] [INFO] [1773984305.969840556] [collision_monitor]: Activating
[collision_monitor-17] [INFO] [1773984305.969894512] [collision_monitor]: Creating bond (collision_monitor) to lifecycle manager.
[lifecycle_manager-19] [INFO] [1773984306.081796097] [lifecycle_manager_navigation]: Server collision_monitor connected with bond.
[lifecycle_manager-19] [INFO] [1773984306.081914800] [lifecycle_manager_navigation]: [34m[1mActivating collision_detector[0m[0m
[collision_detector-18] [INFO] [1773984306.082767599] [collision_detector]: Activating
[collision_detector-18] [INFO] [1773984306.082850429] [collision_detector]: Creating bond (collision_detector) to lifecycle manager.
[lifecycle_manager-19] [INFO] [1773984306.222962338] [lifecycle_manager_navigation]: Server collision_detector connected with bond.
[lifecycle_manager-19] [INFO] [1773984306.223066167] [lifecycle_manager_navigation]: [34m[1mActivating bt_navigator[0m[0m
[bt_navigator-14] [INFO] [1773984306.223802304] [bt_navigator]: Activating
[bt_navigator-14] [INFO] [1773984306.360807213] [bt_navigator]: Creating bond (bt_navigator) to lifecycle manager.
[lifecycle_manager-19] [INFO] [1773984306.470756168] [lifecycle_manager_navigation]: Server bt_navigator connected with bond.
[lifecycle_manager-19] [INFO] [1773984306.470910162] [lifecycle_manager_navigation]: [34m[1mActivating waypoint_follower[0m[0m
[waypoint_follower-15] [INFO] [1773984306.471742253] [waypoint_follower]: Activating
[waypoint_follower-15] [INFO] [1773984306.471789793] [waypoint_follower]: Creating bond (waypoint_follower) to lifecycle manager.
[lifecycle_manager-19] [INFO] [1773984306.581831494] [lifecycle_manager_navigation]: Server waypoint_follower connected with bond.
[lifecycle_manager-19] [INFO] [1773984306.581942323] [lifecycle_manager_navigation]: [34m[1mActivating keepout_filter_mask_server[0m[0m
[map_server-8] [INFO] [1773984306.582372806] [keepout_filter_mask_server]: Activating
[map_server-8] [INFO] [1773984306.582452719] [keepout_filter_mask_server]: Creating bond (keepout_filter_mask_server) to lifecycle manager.
[lifecycle_manager-19] [INFO] [1773984306.690730200] [lifecycle_manager_navigation]: Server keepout_filter_mask_server connected with bond.
[lifecycle_manager-19] [INFO] [1773984306.690782989] [lifecycle_manager_navigation]: [34m[1mActivating keepout_costmap_filter_info_server[0m[0m
[costmap_filter_info_server-9] [INFO] [1773984306.691272969] [keepout_costmap_filter_info_server]: Activating
[costmap_filter_info_server-9] [INFO] [1773984306.691392840] [keepout_costmap_filter_info_server]: Creating bond (keepout_costmap_filter_info_server) to lifecycle manager.
[controller_server-10] [INFO] [1773984306.691598748] [local_costmap.local_costmap]: KeepoutFilter: Received filter info from /keepout_costmap_filter_info topic.
[controller_server-10] [INFO] [1773984306.691702286] [local_costmap.local_costmap]: KeepoutFilter: Subscribing to "/keepout_filter_mask" topic for filter mask...
[planner_server-12] [INFO] [1773984306.691712785] [global_costmap.global_costmap]: KeepoutFilter: Received filter info from /keepout_costmap_filter_info topic.
[planner_server-12] [INFO] [1773984306.691784824] [global_costmap.global_costmap]: KeepoutFilter: Subscribing to "/keepout_filter_mask" topic for filter mask...
[planner_server-12] [INFO] [1773984306.701031161] [global_costmap.global_costmap]: KeepoutFilter: Received filter mask from /keepout_filter_mask topic.
[controller_server-10] [INFO] [1773984306.701660844] [local_costmap.local_costmap]: KeepoutFilter: Received filter mask from /keepout_filter_mask topic.
[lifecycle_manager-19] [INFO] [1773984306.802424418] [lifecycle_manager_navigation]: Server keepout_costmap_filter_info_server connected with bond.
[lifecycle_manager-19] [INFO] [1773984306.802474874] [lifecycle_manager_navigation]: [34m[1mManaged nodes are active[0m[0m
[lifecycle_manager-19] [INFO] [1773984306.802488873] [lifecycle_manager_navigation]: [34m[1mCreating bond timer...[0m[0m
[INFO] [delivery_robot_main_controller-20]: process started with pid [19802]
[INFO] [robot_sound-21]: process started with pid [19803]
[INFO] [call_robot_button-22]: process started with pid [19804]
[INFO] [rpc_run_node-23]: process started with pid [19805]
[INFO] [dock_coordinates-24]: process started with pid [19806]
[INFO] [autodock_action_server-25]: process started with pid [19807]
[INFO] [battery_manager_node-26]: process started with pid [19808]
[dock_coordinates-24] [INFO] [1773984307.551599341] [dock_coordinates]: begin dock_coordinates
[dock_coordinates-24] [INFO] [1773984307.560768389] [dock coordinates]: max_alignment_error: 0.010000
[dock_coordinates-24] [INFO] [1773984307.563579943] [dock coordinates]: minimum_point_cloud: 5
[dock_coordinates-24] [INFO] [1773984307.579282353] [dock coordinates]: point_cloud_split_dist: 0.050000
[dock_coordinates-24] [INFO] [1773984307.580611133] [dock coordinates]: max_dock_width: 0.380000
[dock_coordinates-24] [INFO] [1773984307.580654298] [dock coordinates]: min_dock_width: 0.310000
[dock_coordinates-24] [INFO] [1773984307.580810333] [dock coordinates]: range_limit: 1.200000
[planner_server-12] [INFO] [1773984308.131257704] [global_costmap.global_costmap]: StaticLayer: Resizing costmap to 115 X 274 at 0.050000 m/pix
[battery_manager_node-26] [INFO] [1773984309.013977051] [battery_manager]: SOC limits from API: target=1.00, resume=0.95
[battery_manager_node-26] [INFO] [1773984309.018163757] [battery_manager]: IR state: IDLE -> IR_ERROR (99)
[rpc_run_node-23] [0m[INFO] [1773984309.022887109] [rpc_run_node]: RPC run node started; RPC bridge configured.[0m
[rpc_run_node-23] 2026-03-20 12:25:09,024 [INFO] RPCServer listening on localhost:6000
[robot_sound-21] [0m[INFO] [1773984309.444532366] [robot_sound_node]: Obstacle sound alarm is enabled.[0m
[robot_sound-21] [0m[INFO] [1773984309.446541577] [robot_sound_node]: Obstacle sound alarm disabled (API).[0m
[robot_sound-21] [0m[INFO] [1773984309.450361674] [robot_sound_node]: Sound volume set to 100% (API).[0m
[robot_sound-21] [0m[INFO] [1773984309.450892194] [robot_sound_node]: ✅ robot_sound_node started using .wav files[0m
[robot_sound-21] [33m[WARN] [1773984309.452440590] [robot_sound_node]: Map not available yet; skipping obstacle classification.[0m
[robot_sound-21] [0m[INFO] [1773984309.452964403] [robot_sound_node]: Obstacle detected but sound alarm disabled.[0m
[battery_manager_node-26] [INFO] [1773984309.468601774] [battery_manager]: State change: IDLE_ON_DOCK -> UNKNOWN
[delivery_robot_main_controller-20] [0m[INFO] [1773984309.999702798] [main_controller_node]: Delivery Robot Main Controller Node started.[0m
[autodock_action_server-25] [INFO] [1773984310.010635775] [autodock_action_server]: auto_dock_init_start
[delivery_robot_main_controller-20] [0m[INFO] [1773984310.011368704] [main_controller_node]: Initial state: STANDBY[0m
[delivery_robot_main_controller-20] [0m[INFO] [1773984310.022960238] [main_controller_node]: setting_batteryLowToCharge: 40[0m
[delivery_robot_main_controller-20] [33m[WARN] [1773984310.054016531] [rcl.logging_rosout]: Publisher already registered for node name: 'main_controller_node'. If this is due to multiple nodes with the same name then all logs for the logger named 'main_controller_node' will go out over the existing publisher. As soon as any node with that name is destructed it will unregister the publisher, preventing any further logs for that name from being published on the rosout topic.[0m
[delivery_robot_main_controller-20] [33m[WARN] [1773984310.118819342] [main_controller_node]: slam_toolbox_msgs not available; initial pose service calls will be skipped.[0m
[autodock_action_server-25] [INFO] [1773984310.145626514] [autodock_action_server]: auto_dock_init_complete
[autodock_action_server-25] [INFO] [1773984310.288101995] [charge_status]: IR Charge State: IR_ERROR (99)
[delivery_robot_main_controller-20] [0m[INFO] [1773984311.344753266] [main_controller_node]: Waiting for Nav2 system...[0m
[INFO] [bash-27]: process started with pid [19923]
[robot_sound-21] [0m[INFO] [1773984313.131140366] [robot_sound_node]: Received map (width=115, height=274, resolution=0.050 m/cell)[0m
[delivery_robot_main_controller-20] [0m[INFO] [1773984313.364020421] [main_controller_node]: Waiting for localization pose to be received from slam_toolbox/pose[0m
[delivery_robot_main_controller-20] [0m[INFO] [1773984313.373522830] [main_controller_node]: Acquired localization pose from TF map->base_link[0m
[delivery_robot_main_controller-20] [0m[INFO] [1773984315.398108313] [main_controller_node]: Nav2 is ready for use![0m
[delivery_robot_main_controller-20] [0m[INFO] [1773984315.437910463] [main_controller_node]: Robot is in STANDBY mode.[0m
[delivery_robot_main_controller-20] [33m[WARN] [1773984315.484263766] [main_controller_node]: Robot status id missing; refreshing before battery status.[0m
[delivery_robot_main_controller-20] [0m[INFO] [1773984316.460133034] [main_controller_node]: Current state: STANDBY, dock_state IDLE, charge_state NOT_CHARGE[0m
[delivery_robot_main_controller-20] [0m[INFO] [1773984317.410857272] [main_controller_node]: Current state: STANDBY, dock_state IDLE, charge_state NOT_CHARGE[0m
[delivery_robot_main_controller-20] [0m[INFO] [1773984317.497614117] [main_controller_node]: No pending queue found or unexpected format.[0m
[delivery_robot_main_controller-20] [0m[INFO] [1773984318.410878485] [main_controller_node]: Current state: STANDBY, dock_state IDLE, charge_state NOT_CHARGE[0m
[delivery_robot_main_controller-20] [0m[INFO] [1773984319.446779382] [main_controller_node]: Current state: STANDBY, dock_state IDLE, charge_state NOT_CHARGE[0m
[robot_sound-21] [0m[INFO] [1773984319.462721824] [robot_sound_node]: Obstacle detected but sound alarm disabled.[0m
[delivery_robot_main_controller-20] [0m[INFO] [1773984319.543067511] [main_controller_node]: No pending queue found or unexpected format.[0m
[delivery_robot_main_controller-20] [0m[INFO] [1773984320.466428098] [main_controller_node]: Current state: STANDBY, dock_state IDLE, charge_state NOT_CHARGE[0m
[delivery_robot_main_controller-20] [0m[INFO] [1773984321.449915102] [main_controller_node]: Current state: STANDBY, dock_state IDLE, charge_state NOT_CHARGE[0m
[delivery_robot_main_controller-20] [0m[INFO] [1773984321.550368355] [main_controller_node]: No pending queue found or unexpected format.[0m
[delivery_robot_main_controller-20] [0m[INFO] [1773984322.445096011] [main_controller_node]: Current state: STANDBY, dock_state IDLE, charge_state NOT_CHARGE[0m
[delivery_robot_main_controller-20] [0m[INFO] [1773984323.417738992] [main_controller_node]: Current state: STANDBY, dock_state IDLE, charge_state NOT_CHARGE[0m
[delivery_robot_main_controller-20] [0m[INFO] [1773984323.513897918] [main_controller_node]: No pending queue found or unexpected format.[0m
[delivery_robot_main_controller-20] [0m[INFO] [1773984324.462287749] [main_controller_node]: Current state: STANDBY, dock_state IDLE, charge_state NOT_CHARGE[0m
[delivery_robot_main_controller-20] [0m[INFO] [1773984325.470581172] [main_controller_node]: Current state: STANDBY, dock_state IDLE, charge_state NOT_CHARGE[0m
[delivery_robot_main_controller-20] [0m[INFO] [1773984325.562861087] [main_controller_node]: No pending queue found or unexpected format.[0m
[delivery_robot_main_controller-20] [0m[INFO] [1773984326.438394056] [main_controller_node]: Current state: STANDBY, dock_state IDLE, charge_state NOT_CHARGE[0m
[delivery_robot_main_controller-20] [0m[INFO] [1773984327.436728629] [main_controller_node]: Current state: STANDBY, dock_state IDLE, charge_state NOT_CHARGE[0m
[delivery_robot_main_controller-20] [0m[INFO] [1773984327.527718846] [main_controller_node]: No pending queue found or unexpected format.[0m
[delivery_robot_main_controller-20] [0m[INFO] [1773984328.409529687] [main_controller_node]: Current state: STANDBY, dock_state IDLE, charge_state NOT_CHARGE[0m
[delivery_robot_main_controller-20] [0m[INFO] [1773984329.410740562] [main_controller_node]: Current state: STANDBY, dock_state IDLE, charge_state NOT_CHARGE[0m
[delivery_robot_main_controller-20] [0m[INFO] [1773984329.515718550] [main_controller_node]: No pending queue found or unexpected format.[0m
[robot_sound-21] [0m[INFO] [1773984329.552364118] [robot_sound_node]: Obstacle detected but sound alarm disabled.[0m
[delivery_robot_main_controller-20] [0m[INFO] [1773984330.450934619] [main_controller_node]: Current state: STANDBY, dock_state IDLE, charge_state NOT_CHARGE[0m
[delivery_robot_main_controller-20] [0m[INFO] [1773984331.442478590] [main_controller_node]: Current state: STANDBY, dock_state IDLE, charge_state NOT_CHARGE[0m
[delivery_robot_main_controller-20] [0m[INFO] [1773984331.556298681] [main_controller_node]: No pending queue found or unexpected format.[0m
[delivery_robot_main_controller-20] [0m[INFO] [1773984332.434996106] [main_controller_node]: Current state: STANDBY, dock_state IDLE, charge_state NOT_CHARGE[0m
[delivery_robot_main_controller-20] [0m[INFO] [1773984333.418444319] [main_controller_node]: Current state: STANDBY, dock_state IDLE, charge_state NOT_CHARGE[0m
[delivery_robot_main_controller-20] [0m[INFO] [1773984333.501116246] [main_controller_node]: No pending queue found or unexpected format.[0m
[delivery_robot_main_controller-20] [0m[INFO] [1773984334.407210861] [main_controller_node]: Current state: STANDBY, dock_state IDLE, charge_state NOT_CHARGE[0m
[delivery_robot_main_controller-20] [0m[INFO] [1773984335.419388252] [main_controller_node]: Current state: STANDBY, dock_state IDLE, charge_state NOT_CHARGE[0m
[delivery_robot_main_controller-20] [0m[INFO] [1773984335.558852687] [main_controller_node]: No pending queue found or unexpected format.[0m
[delivery_robot_main_controller-20] [0m[INFO] [1773984336.442068430] [main_controller_node]: Current state: STANDBY, dock_state IDLE, charge_state NOT_CHARGE[0m
[delivery_robot_main_controller-20] [0m[INFO] [1773984337.413621789] [main_controller_node]: Current state: STANDBY, dock_state IDLE, charge_state NOT_CHARGE[0m
[delivery_robot_main_controller-20] [0m[INFO] [1773984337.519567779] [main_controller_node]: No pending queue found or unexpected format.[0m
[delivery_robot_main_controller-20] [0m[INFO] [1773984338.490358169] [main_controller_node]: Current state: STANDBY, dock_state IDLE, charge_state NOT_CHARGE[0m
[delivery_robot_main_controller-20] [0m[INFO] [1773984339.468349226] [main_controller_node]: Current state: STANDBY, dock_state IDLE, charge_state NOT_CHARGE[0m
[delivery_robot_main_controller-20] [0m[INFO] [1773984339.571522745] [main_controller_node]: No pending queue found or unexpected format.[0m
[robot_sound-21] [0m[INFO] [1773984339.638757959] [robot_sound_node]: Obstacle detected but sound alarm disabled.[0m
[delivery_robot_main_controller-20] [0m[INFO] [1773984340.412408565] [main_controller_node]: Current state: STANDBY, dock_state IDLE, charge_state NOT_CHARGE[0m
[delivery_robot_main_controller-20] [0m[INFO] [1773984341.491723758] [main_controller_node]: Current state: STANDBY, dock_state IDLE, charge_state NOT_CHARGE[0m
[delivery_robot_main_controller-20] [0m[INFO] [1773984341.595593165] [main_controller_node]: No pending queue found or unexpected format.[0m
[delivery_robot_main_controller-20] [0m[INFO] [1773984342.462795011] [main_controller_node]: Current state: STANDBY, dock_state IDLE, charge_state NOT_CHARGE[0m
[delivery_robot_main_controller-20] [0m[INFO] [1773984343.408841394] [main_controller_node]: Current state: STANDBY, dock_state IDLE, charge_state NOT_CHARGE[0m
[delivery_robot_main_controller-20] [0m[INFO] [1773984343.514826467] [main_controller_node]: No pending queue found or unexpected format.[0m
[delivery_robot_main_controller-20] [0m[INFO] [1773984344.427729475] [main_controller_node]: Current state: STANDBY, dock_state IDLE, charge_state NOT_CHARGE[0m
[delivery_robot_main_controller-20] [0m[INFO] [1773984345.438960155] [main_controller_node]: Current state: STANDBY, dock_state IDLE, charge_state NOT_CHARGE[0m
[delivery_robot_main_controller-20] [0m[INFO] [1773984345.546185052] [main_controller_node]: No pending queue found or unexpected format.[0m
[delivery_robot_main_controller-20] [0m[INFO] [1773984345.548355840] [main_controller_node]: AutoHomeWaitTime reached, go to Home and Dock[0m
[delivery_robot_main_controller-20] [0m[INFO] [1773984345.625794019] [main_controller_node]: AGV start_pos: x=0.70, y=-0.15[0m
[delivery_robot_main_controller-20] [0m[INFO] [1773984345.626388703] [main_controller_node]: AGV goal_pos: x=1.87, y=-0.00[0m
[delivery_robot_main_controller-20] Graph before shortest_path: Graph with 31 nodes and 34 edges
[delivery_robot_main_controller-20] [0m[INFO] [1773984345.697088486] [main_controller_node]: Computed AGV path waypoints:[0m
[delivery_robot_main_controller-20] [0m[INFO] [1773984345.697772708] [main_controller_node]:   Waypoint 0: x=0.70, y=-0.15[0m
[delivery_robot_main_controller-20] [0m[INFO] [1773984345.698845123] [main_controller_node]: Navigating with 1 goals....[0m
[delivery_robot_main_controller-20] [0m[INFO] [1773984345.702132658] [main_controller_node]: State change: STANDBY -> MOVE[0m
[bt_navigator-14] [INFO] [1773984345.700944456] [bt_navigator]: Begin navigating from current location through 1 poses to (0.70, -0.15)
[delivery_robot_main_controller-20] [0m[INFO] [1773984345.718394171] [main_controller_node]: Robot is MOVING.[0m
[controller_server-10] [INFO] [1773984345.725012697] [controller_server]: Received a goal, begin computing control effort.
[controller_server-10] [WARN] [1773984345.725114192] [controller_server]: No goal checker was specified in parameter 'current_goal_checker'. Server will use only plugin loaded goal_checker . This warning will appear once.
[controller_server-10] [WARN] [1773984345.725132275] [controller_server]: No progress checker was specified in parameter 'current_progress_checker'. Server will use only plugin loaded progress_checker . This warning will appear once.
[controller_server-10] [INFO] [1773984345.925262979] [controller_server]: Passing new path to controller.
[controller_server-10] [INFO] [1773984346.025295958] [controller_server]: Passing new path to controller.
[controller_server-10] [INFO] [1773984346.125286063] [controller_server]: Passing new path to controller.
[controller_server-10] [INFO] [1773984346.325323146] [controller_server]: Passing new path to controller.
[controller_server-10] [INFO] [1773984346.425304502] [controller_server]: Passing new path to controller.
[controller_server-10] [INFO] [1773984346.526311316] [controller_server]: Passing new path to controller.
[controller_server-10] [INFO] [1773984346.625299878] [controller_server]: Passing new path to controller.
[controller_server-10] [INFO] [1773984346.825267256] [controller_server]: Passing new path to controller.
[controller_server-10] [INFO] [1773984346.925269319] [controller_server]: Passing new path to controller.
[controller_server-10] [INFO] [1773984347.025289465] [controller_server]: Passing new path to controller.
[controller_server-10] [INFO] [1773984347.125313402] [controller_server]: Passing new path to controller.
[controller_server-10] [INFO] [1773984347.325304112] [controller_server]: Passing new path to controller.
[controller_server-10] [INFO] [1773984347.425279343] [controller_server]: Passing new path to controller.
[controller_server-10] [INFO] [1773984347.525254573] [controller_server]: Passing new path to controller.
[controller_server-10] [INFO] [1773984347.625282885] [controller_server]: Passing new path to controller.
[controller_server-10] [INFO] [1773984347.825249971] [controller_server]: Passing new path to controller.
[controller_server-10] [INFO] [1773984347.925266034] [controller_server]: Passing new path to controller.
[controller_server-10] [INFO] [1773984348.025261972] [controller_server]: Passing new path to controller.
[controller_server-10] [INFO] [1773984348.129084423] [controller_server]: Passing new path to controller.
[controller_server-10] [INFO] [1773984348.325290327] [controller_server]: Passing new path to controller.
[controller_server-10] [INFO] [1773984348.425346638] [controller_server]: Passing new path to controller.
[controller_server-10] [INFO] [1773984348.525287745] [controller_server]: Passing new path to controller.
[controller_server-10] [INFO] [1773984348.625281058] [controller_server]: Passing new path to controller.
[controller_server-10] [INFO] [1773984348.825251061] [controller_server]: Passing new path to controller.
[controller_server-10] [INFO] [1773984348.925250499] [controller_server]: Passing new path to controller.
[controller_server-10] [INFO] [1773984349.025250521] [controller_server]: Passing new path to controller.
[controller_server-10] [INFO] [1773984349.125321414] [controller_server]: Passing new path to controller.
[controller_server-10] [INFO] [1773984349.325310958] [controller_server]: Passing new path to controller.
[controller_server-10] [INFO] [1773984349.425286188] [controller_server]: Passing new path to controller.
[controller_server-10] [INFO] [1773984349.525292626] [controller_server]: Passing new path to controller.
[controller_server-10] [INFO] [1773984349.625279815] [controller_server]: Passing new path to controller.
[robot_sound-21] [0m[INFO] [1773984349.730136183] [robot_sound_node]: Obstacle detected but sound alarm disabled.[0m
[controller_server-10] [INFO] [1773984349.825285399] [controller_server]: Passing new path to controller.
[controller_server-10] [INFO] [1773984349.925281629] [controller_server]: Passing new path to controller.
[controller_server-10] [INFO] [1773984350.025294484] [controller_server]: Passing new path to controller.
[controller_server-10] [INFO] [1773984350.125284880] [controller_server]: Passing new path to controller.
[controller_server-10] [INFO] [1773984350.225258653] [controller_server]: Passing new path to controller.
[controller_server-10] [INFO] [1773984350.425690929] [controller_server]: Passing new path to controller.
[controller_server-10] [INFO] [1773984350.525301299] [controller_server]: Passing new path to controller.
[controller_server-10] [INFO] [1773984350.625280321] [controller_server]: Passing new path to controller.
[controller_server-10] [INFO] [1773984350.725290259] [controller_server]: Passing new path to controller.
[controller_server-10] [INFO] [1773984350.925248595] [controller_server]: Passing new path to controller.
[controller_server-10] [INFO] [1773984351.025267283] [controller_server]: Passing new path to controller.
[controller_server-10] [INFO] [1773984351.125259721] [controller_server]: Passing new path to controller.
[controller_server-10] [INFO] [1773984351.225247493] [controller_server]: Passing new path to controller.
[controller_server-10] [INFO] [1773984351.425279618] [controller_server]: Passing new path to controller.
[controller_server-10] [INFO] [1773984351.525260682] [controller_server]: Passing new path to controller.
[controller_server-10] [INFO] [1773984351.625274120] [controller_server]: Passing new path to controller.
[controller_server-10] [INFO] [1773984351.725276766] [controller_server]: Passing new path to controller.
[controller_server-10] [INFO] [1773984351.734768676] [controller_server]: Reached the goal!
[controller_server-10] [INFO] [1773984351.736893382] [controller_server]: Optimizer reset
[bt_navigator-14] [INFO] [1773984351.772195005] [bt_navigator]: Goal succeeded
[delivery_robot_main_controller-20] [0m[INFO] [1773984351.838872574] [main_controller_node]: Goal succeeded![0m
[delivery_robot_main_controller-20] [0m[INFO] [1773984351.839537256] [main_controller_node]: State change: MOVE -> DOCK[0m
[delivery_robot_main_controller-20] [0m[INFO] [1773984351.854748519] [main_controller_node]: Robot move for charging.[0m
[delivery_robot_main_controller-20] [0m[INFO] [1773984351.858815939] [main_controller_node]: Dock State change: IDLE -> DOCKING[0m
[delivery_robot_main_controller-20] [0m[INFO] [1773984351.867904199] [main_controller_node]: Sending autodock goal...[0m
[autodock_action_server-25] [INFO] [1773984351.886316084] [autodock_action_server]: Executing goal...
[autodock_action_server-25] [INFO] [1773984351.898369016] [autodock_action_server]: docking...............................................
[dock_coordinates-24] [INFO] [1773984351.899490137] [dock_coordinates]: I heard: 'start'
[dock_coordinates-24] [INFO] [1773984351.899659006] [dock_coordinates]: start dock estimate
[delivery_robot_main_controller-20] [0m[INFO] [1773984351.914354915] [main_controller_node]: Current state: DOCK, dock_state DOCKING, charge_state NOT_CHARGE[0m
[delivery_robot_main_controller-20] [0m[INFO] [1773984351.920449628] [main_controller_node]: Received feedback dock: 1[0m
[delivery_robot_main_controller-20] [0m[INFO] [1773984352.414885251] [main_controller_node]: Current state: DOCK, dock_state DOCKING, charge_state NOT_CHARGE[0m
[delivery_robot_main_controller-20] [0m[INFO] [1773984353.446069504] [main_controller_node]: Current state: DOCK, dock_state DOCKING, charge_state NOT_CHARGE[0m
[delivery_robot_main_controller-20] [0m[INFO] [1773984354.516520719] [main_controller_node]: Current state: DOCK, dock_state DOCKING, charge_state NOT_CHARGE[0m
[delivery_robot_main_controller-20] [0m[INFO] [1773984355.552895555] [main_controller_node]: Current state: DOCK, dock_state DOCKING, charge_state NOT_CHARGE[0m
[delivery_robot_main_controller-20] [0m[INFO] [1773984356.497131928] [main_controller_node]: Current state: DOCK, dock_state DOCKING, charge_state NOT_CHARGE[0m
[delivery_robot_main_controller-20] [0m[INFO] [1773984357.464085888] [main_controller_node]: Current state: DOCK, dock_state DOCKING, charge_state NOT_CHARGE[0m
[delivery_robot_main_controller-20] [0m[INFO] [1773984358.565129666] [main_controller_node]: Current state: DOCK, dock_state DOCKING, charge_state NOT_CHARGE[0m
[bash-27] 4
[bash-27] Queue empty: current state-> STANDBY : queue_action-> 
[bash-27] queue action->Idle :  current state-> STANDBY : previous state-> 
[bash-27] queue action->Idle :  current state-> MOVE : previous state-> STANDBY
[bash-27] queue action->Idle :  current state-> DOCK : previous state-> MOVE
[INFO] [bash-27]: process has finished cleanly [pid 19923]
[INFO] [battery_manager_node-26]: sending signal 'SIGINT' to process[battery_manager_node-26]
[INFO] [autodock_action_server-25]: sending signal 'SIGINT' to process[autodock_action_server-25]
[INFO] [dock_coordinates-24]: sending signal 'SIGINT' to process[dock_coordinates-24]
[INFO] [rpc_run_node-23]: sending signal 'SIGINT' to process[rpc_run_node-23]
[INFO] [dock_coordinates-24]: process has finished cleanly [pid 19806]
[INFO] [call_robot_button-22]: sending signal 'SIGINT' to process[call_robot_button-22]
[INFO] [robot_sound-21]: sending signal 'SIGINT' to process[robot_sound-21]
[INFO] [delivery_robot_main_controller-20]: sending signal 'SIGINT' to process[delivery_robot_main_controller-20]
[INFO] [lifecycle_manager-19]: sending signal 'SIGINT' to process[lifecycle_manager-19]
[INFO] [collision_detector-18]: sending signal 'SIGINT' to process[collision_detector-18]
[INFO] [collision_monitor-17]: sending signal 'SIGINT' to process[collision_monitor-17]
[INFO] [velocity_smoother-16]: sending signal 'SIGINT' to process[velocity_smoother-16]
[INFO] [waypoint_follower-15]: sending signal 'SIGINT' to process[waypoint_follower-15]
[INFO] [bt_navigator-14]: sending signal 'SIGINT' to process[bt_navigator-14]
[INFO] [behavior_server-13]: sending signal 'SIGINT' to process[behavior_server-13]
[INFO] [planner_server-12]: sending signal 'SIGINT' to process[planner_server-12]
[INFO] [smoother_server-11]: sending signal 'SIGINT' to process[smoother_server-11]
[INFO] [controller_server-10]: sending signal 'SIGINT' to process[controller_server-10]
[INFO] [costmap_filter_info_server-9]: sending signal 'SIGINT' to process[costmap_filter_info_server-9]
[INFO] [map_server-8]: sending signal 'SIGINT' to process[map_server-8]
[INFO] [taskset-7]: sending signal 'SIGINT' to process[taskset-7]
[INFO] [robot_hardware-6]: sending signal 'SIGINT' to process[robot_hardware-6]
[INFO] [ekf_node-5]: sending signal 'SIGINT' to process[ekf_node-5]
[INFO] [scan_to_scan_filter_chain-4]: sending signal 'SIGINT' to process[scan_to_scan_filter_chain-4]
[INFO] [sllidar_node-3]: sending signal 'SIGINT' to process[sllidar_node-3]
[INFO] [joint_state_publisher-2]: sending signal 'SIGINT' to process[joint_state_publisher-2]
[INFO] [robot_state_publisher-1]: sending signal 'SIGINT' to process[robot_state_publisher-1]
[delivery_robot_main_controller-20] [0m[INFO] [1773984359.462398802] [main_controller_node]: Current state: DOCK, dock_state DOCKING, charge_state NOT_CHARGE[0m
[robot_sound-21] [0m[INFO] [1773984359.824016806] [robot_sound_node]: Obstacle detected but sound alarm disabled.[0m
[battery_manager_node-26] Traceback (most recent call last):
[battery_manager_node-26]   File "/home/smr/workspaces/mini_amr/amrROS2_ws/install/battery_management/lib/battery_management/battery_manager_node", line 33, in <module>
[battery_manager_node-26]     sys.exit(load_entry_point('battery-management==0.0.0', 'console_scripts', 'battery_manager_node')())
[battery_manager_node-26]              ^^^^^^^^^^^^^^^^^^^^^^^^^^^^^^^^^^^^^^^^^^^^^^^^^^^^^^^^^^^^^^^^^^^^^^^^^^^^^^^^^^^^^^^^^^
[battery_manager_node-26]   File "/home/smr/workspaces/mini_amr/amrROS2_ws/install/battery_management/lib/python3.12/site-packages/battery_management/battery_manager_node.py", line 311, in main
[battery_manager_node-26]     rclpy.spin(node)
[battery_manager_node-26]   File "/opt/ros/jazzy/lib/python3.12/site-packages/rclpy/__init__.py", line 247, in spin
[battery_manager_node-26]     executor.spin_once()
[battery_manager_node-26]   File "/opt/ros/jazzy/lib/python3.12/site-packages/rclpy/executors.py", line 923, in spin_once
[battery_manager_node-26]     self._spin_once_impl(timeout_sec)
[battery_manager_node-26]   File "/opt/ros/jazzy/lib/python3.12/site-packages/rclpy/executors.py", line 904, in _spin_once_impl
[battery_manager_node-26]     handler, entity, node = self.wait_for_ready_callbacks(
[battery_manager_node-26]                             ^^^^^^^^^^^^^^^^^^^^^^^^^^^^^^
[battery_manager_node-26]   File "/opt/ros/jazzy/lib/python3.12/site-packages/rclpy/executors.py", line 874, in wait_for_ready_callbacks
[battery_manager_node-26]     return next(self._cb_iter)
[battery_manager_node-26]            ^^^^^^^^^^^^^^^^^^^
[battery_manager_node-26]   File "/opt/ros/jazzy/lib/python3.12/site-packages/rclpy/executors.py", line 709, in _wait_for_ready_callbacks
[battery_manager_node-26]     sub_handles.append(sub.handle)
[battery_manager_node-26]                        ^^^^^^^^^^
[battery_manager_node-26]   File "/opt/ros/jazzy/lib/python3.12/site-packages/rclpy/subscription.py", line 88, in handle
[battery_manager_node-26]     @property
[battery_manager_node-26] 
[battery_manager_node-26] KeyboardInterrupt
[dock_coordinates-24] [INFO] [1773984360.477927601] [rclcpp]: signal_handler(SIGINT/SIGTERM)
[autodock_action_server-25] [ERROR] [1773984360.485991568] [autodock_action_server.action_server]: Error raised in execute callback: Failed to publish: publisher's context is invalid, at ./src/rcl/publisher.c:423
[autodock_action_server-25] Failed to publish log message to rosout: publisher's context is invalid, at ./src/rcl/publisher.c:423
[autodock_action_server-25] Traceback (most recent call last):
[autodock_action_server-25]   File "/opt/ros/jazzy/lib/python3.12/site-packages/rclpy/action/server.py", line 357, in _execute_goal
[autodock_action_server-25]     execute_result = await await_or_execute(execute_callback, goal_handle)
[autodock_action_server-25]                      ^^^^^^^^^^^^^^^^^^^^^^^^^^^^^^^^^^^^^^^^^^^^^^^^^^^^^
[autodock_action_server-25]   File "/opt/ros/jazzy/lib/python3.12/site-packages/rclpy/executors.py", line 115, in await_or_execute
[autodock_action_server-25]     return callback(*args)
[autodock_action_server-25]            ^^^^^^^^^^^^^^^
[autodock_action_server-25]   File "/home/smr/workspaces/mini_amr/amrROS2_ws/install/action_autodock/lib/python3.12/site-packages/action_autodock/autodock_action_server.py", line 337, in execute_callback
[autodock_action_server-25]     success = self.dock_robot(goal_handle)
[autodock_action_server-25]               ^^^^^^^^^^^^^^^^^^^^^^^^^^^^
[autodock_action_server-25]   File "/home/smr/workspaces/mini_amr/amrROS2_ws/install/action_autodock/lib/python3.12/site-packages/action_autodock/autodock_action_server.py", line 1227, in dock_robot
[autodock_action_server-25]     self.rotate_openloop_until_condition_smooth_with_limit(self.dock_angular_speed_search,self.is_found_dock,2.0 * math.pi,0.2,0.2,self.dock_smooth_sampling_time)
[autodock_action_server-25]   File "/home/smr/workspaces/mini_amr/amrROS2_ws/install/action_autodock/lib/python3.12/site-packages/action_autodock/autodock_action_server.py", line 655, in rotate_openloop_until_condition_smooth_with_limit
[autodock_action_server-25]     self.pub.publish(twist)
[autodock_action_server-25]   File "/opt/ros/jazzy/lib/python3.12/site-packages/rclpy/publisher.py", line 70, in publish
[autodock_action_server-25]     self.__publisher.publish(msg)
[autodock_action_server-25] rclpy._rclpy_pybind11.RCLError: Failed to publish: publisher's context is invalid, at ./src/rcl/publisher.c:423
[autodock_action_server-25] [WARN] [1773984360.498321864] [autodock_action_server.action_server]: Goal state not set, assuming aborted. Goal ID: [127  22  90 158 160 217  72 143 139  95 134  51  46 114  78 249]
[autodock_action_server-25] Failed to publish log message to rosout: publisher's context is invalid, at ./src/rcl/publisher.c:423
[rpc_run_node-23] [0m[INFO] [1773984360.521666801] [rpc_run_node]: RPC run node stopped by user.[0m
[rpc_run_node-23] Failed to publish log message to rosout: publisher's context is invalid, at ./src/rcl/publisher.c:423
[rpc_run_node-23] 2026-03-20 12:26:00,536 [INFO] RPCServer stopped.
[robot_sound-21] [0m[INFO] [1773984360.576019907] [robot_sound_node]: 🔚 robot_sound_node stopped by user.[0m
[robot_sound-21] Failed to publish log message to rosout: publisher's context is invalid, at ./src/rcl/publisher.c:423
[lifecycle_manager-19] [INFO] [1773984360.576409267] [rclcpp]: signal_handler(SIGINT/SIGTERM)
[lifecycle_manager-19] [INFO] [1773984360.576618967] [lifecycle_manager_navigation]: Running Nav2 LifecycleManager rcl preshutdown (lifecycle_manager_navigation)
[lifecycle_manager-19] [INFO] [1773984360.576721046] [lifecycle_manager_navigation]: [34m[1mTerminating bond timer...[0m[0m
[collision_monitor-17] [INFO] [1773984360.581307320] [rclcpp]: signal_handler(SIGINT/SIGTERM)
[collision_monitor-17] [INFO] [1773984360.581503895] [collision_monitor]: Running Nav2 LifecycleNode rcl preshutdown (collision_monitor)
[collision_monitor-17] [INFO] [1773984360.581659931] [collision_monitor]: Deactivating
[collision_monitor-17] [INFO] [1773984360.583969255] [collision_monitor]: Destroying bond (collision_monitor) to lifecycle manager.
[delivery_robot_main_controller-20] [0m[INFO] [1773984360.599168560] [main_controller_node]: Node stopped by user.[0m
[delivery_robot_main_controller-20] Failed to publish log message to rosout: publisher's context is invalid, at ./src/rcl/publisher.c:423
[collision_detector-18] [INFO] [1773984360.586980592] [rclcpp]: signal_handler(SIGINT/SIGTERM)
[collision_detector-18] [INFO] [1773984360.587093754] [collision_detector]: Running Nav2 LifecycleNode rcl preshutdown (collision_detector)
[collision_detector-18] [INFO] [1773984360.587163459] [collision_detector]: Deactivating
[collision_detector-18] [INFO] [1773984360.587224124] [collision_detector]: Destroying bond (collision_detector) to lifecycle manager.
[velocity_smoother-16] [INFO] [1773984360.593090763] [rclcpp]: signal_handler(SIGINT/SIGTERM)
[velocity_smoother-16] [INFO] [1773984360.593439874] [velocity_smoother]: Running Nav2 LifecycleNode rcl preshutdown (velocity_smoother)
[velocity_smoother-16] [INFO] [1773984360.593630033] [velocity_smoother]: Deactivating
[velocity_smoother-16] [INFO] [1773984360.593700905] [velocity_smoother]: Destroying bond (velocity_smoother) to lifecycle manager.
[waypoint_follower-15] [INFO] [1773984360.605109280] [rclcpp]: signal_handler(SIGINT/SIGTERM)
[waypoint_follower-15] [INFO] [1773984360.605288064] [waypoint_follower]: Running Nav2 LifecycleNode rcl preshutdown (waypoint_follower)
[waypoint_follower-15] [INFO] [1773984360.605389560] [waypoint_follower]: Deactivating
[waypoint_follower-15] [INFO] [1773984360.605430392] [waypoint_follower]: Destroying bond (waypoint_follower) to lifecycle manager.
[collision_monitor-17] [INFO] [1773984360.608338775] [collision_monitor]: Cleaning up
[collision_monitor-17] [INFO] [1773984360.608454270] [collision_monitor]: [PolygonStop]: Destroying Circle
[collision_monitor-17] [INFO] [1773984360.608498310] [collision_monitor]: [PolygonStop]: Destroying Polygon
[collision_monitor-17] [INFO] [1773984360.608535934] [collision_monitor]: [PolygonSlow]: Destroying Polygon
[collision_monitor-17] [INFO] [1773984360.608568307] [collision_monitor]: [FootprintApproach]: Destroying Polygon
[collision_monitor-17] [INFO] [1773984360.608607389] [collision_monitor]: [scan]: Destroying Scan
[bt_navigator-14] [INFO] [1773984360.609828257] [rclcpp]: signal_handler(SIGINT/SIGTERM)
[bt_navigator-14] [INFO] [1773984360.609949293] [bt_navigator]: Running Nav2 LifecycleNode rcl preshutdown (bt_navigator)
[bt_navigator-14] [INFO] [1773984360.610165701] [bt_navigator]: Deactivating
[bt_navigator-14] [INFO] [1773984360.610246490] [bt_navigator]: Destroying bond (bt_navigator) to lifecycle manager.
[behavior_server-13] [INFO] [1773984360.621910646] [rclcpp]: signal_handler(SIGINT/SIGTERM)
[behavior_server-13] [INFO] [1773984360.622045099] [behavior_server]: Running Nav2 LifecycleNode rcl preshutdown (behavior_server)
[behavior_server-13] [INFO] [1773984360.622130262] [behavior_server]: Deactivating
[behavior_server-13] [INFO] [1773984360.622150678] [behavior_server]: Destroying bond (behavior_server) to lifecycle manager.
[collision_monitor-17] [INFO] [1773984360.625654620] [collision_monitor]: Destroying bond (collision_monitor) to lifecycle manager.
[call_robot_button-22] [0m[INFO] [1773984360.773614089] [call_robot_button_node]: CallRobotButton interrupted by user.[0m
[call_robot_button-22] Failed to publish log message to rosout: publisher's context is invalid, at ./src/rcl/publisher.c:423
[bt_navigator-14] [INFO] [1773984360.671291327] [bt_navigator]: Cleaning up
[behavior_server-13] [INFO] [1773984360.672537861] [behavior_server]: Cleaning up
[behavior_server-13] [INFO] [1773984360.677555201] [behavior_server]: Destroying bond (behavior_server) to lifecycle manager.
[behavior_server-13] [INFO] [1773984360.853618247] [behavior_server]: Destroying
[velocity_smoother-16] [INFO] [1773984360.674198252] [velocity_smoother]: Cleaning up
[velocity_smoother-16] [INFO] [1773984360.674342330] [velocity_smoother]: Destroying bond (velocity_smoother) to lifecycle manager.
[velocity_smoother-16] [INFO] [1773984360.843931512] [velocity_smoother]: Destroying
[waypoint_follower-15] [INFO] [1773984360.675805563] [waypoint_follower]: Cleaning up
[collision_detector-18] [INFO] [1773984360.676354166] [collision_detector]: Cleaning up
[collision_detector-18] [INFO] [1773984360.676460328] [collision_monitor]: [PolygonStop]: Destroying Circle
[collision_detector-18] [INFO] [1773984360.676480452] [collision_monitor]: [PolygonStop]: Destroying Polygon
[collision_detector-18] [INFO] [1773984360.676504368] [collision_monitor]: [PolygonSlow]: Destroying Polygon
[collision_detector-18] [INFO] [1773984360.676525659] [collision_monitor]: [scan]: Destroying Scan
[collision_detector-18] [INFO] [1773984360.718221816] [collision_detector]: Destroying bond (collision_detector) to lifecycle manager.
[collision_detector-18] [INFO] [1773984360.862275149] [collision_detector]: Destroying
[collision_monitor-17] [INFO] [1773984360.857115482] [collision_monitor]: Destroying
[planner_server-12] [INFO] [1773984360.897716183] [rclcpp]: signal_handler(SIGINT/SIGTERM)
[planner_server-12] [INFO] [1773984360.897791722] [planner_server]: Running Nav2 LifecycleNode rcl preshutdown (planner_server)
[planner_server-12] [INFO] [1773984360.897885343] [planner_server]: Deactivating
[planner_server-12] [INFO] [1773984360.897922966] [global_costmap.global_costmap]: Deactivating
[smoother_server-11] [INFO] [1773984360.916571383] [rclcpp]: signal_handler(SIGINT/SIGTERM)
[smoother_server-11] [INFO] [1773984360.916706420] [smoother_server]: Running Nav2 LifecycleNode rcl preshutdown (smoother_server)
[smoother_server-11] [INFO] [1773984360.916796833] [smoother_server]: Deactivating
[smoother_server-11] [INFO] [1773984360.916817832] [smoother_server]: Destroying bond (smoother_server) to lifecycle manager.
[waypoint_follower-15] [INFO] [1773984360.918966454] [waypoint_follower]: Destroying bond (waypoint_follower) to lifecycle manager.
[waypoint_follower-15] [INFO] [1773984360.920779381] [waypoint_follower]: Destroying
[smoother_server-11] [INFO] [1773984360.939553501] [smoother_server]: Cleaning up
[smoother_server-11] [INFO] [1773984360.951591559] [smoother_server]: Destroying bond (smoother_server) to lifecycle manager.
[controller_server-10] [INFO] [1773984361.062229694] [rclcpp]: signal_handler(SIGINT/SIGTERM)
[controller_server-10] [INFO] [1773984361.062323315] [controller_server]: Running Nav2 LifecycleNode rcl preshutdown (controller_server)
[controller_server-10] [INFO] [1773984361.062413729] [controller_server]: Deactivating
[controller_server-10] [INFO] [1773984361.062446977] [MPPIController]: Deactivated MPPI Controller: FollowPath
[controller_server-10] [INFO] [1773984361.062467976] [local_costmap.local_costmap]: Deactivating
[costmap_filter_info_server-9] [INFO] [1773984361.081620373] [rclcpp]: signal_handler(SIGINT/SIGTERM)
[costmap_filter_info_server-9] [INFO] [1773984361.081772909] [keepout_costmap_filter_info_server]: Running Nav2 LifecycleNode rcl preshutdown (keepout_costmap_filter_info_server)
[costmap_filter_info_server-9] [INFO] [1773984361.081848447] [keepout_costmap_filter_info_server]: Deactivating
[costmap_filter_info_server-9] [INFO] [1773984361.081866530] [keepout_costmap_filter_info_server]: Destroying bond (keepout_costmap_filter_info_server) to lifecycle manager.
[map_server-8] [INFO] [1773984361.086170773] [rclcpp]: signal_handler(SIGINT/SIGTERM)
[map_server-8] [INFO] [1773984361.086317184] [keepout_filter_mask_server]: Running Nav2 LifecycleNode rcl preshutdown (keepout_filter_mask_server)
[map_server-8] [INFO] [1773984361.086390098] [keepout_filter_mask_server]: Deactivating
[map_server-8] [INFO] [1773984361.086407597] [keepout_filter_mask_server]: Destroying bond (keepout_filter_mask_server) to lifecycle manager.
[taskset-7] [INFO] [1773984361.093361234] [rclcpp]: signal_handler(SIGINT/SIGTERM)
[controller_server-10] [INFO] [1773984361.100486365] [controller_server]: Destroying bond (controller_server) to lifecycle manager.
[robot_hardware-6] [INFO] [1773984361.103800731] [rclcpp]: signal_handler(SIGINT/SIGTERM)
[taskset-7] Unregistering sensor: Custom Described Lidar
[costmap_filter_info_server-9] [INFO] [1773984361.112199519] [keepout_costmap_filter_info_server]: Cleaning up
[costmap_filter_info_server-9] [INFO] [1773984361.112262516] [keepout_costmap_filter_info_server]: Destroying bond (keepout_costmap_filter_info_server) to lifecycle manager.
[map_server-8] [INFO] [1773984361.116722504] [keepout_filter_mask_server]: Cleaning up
[map_server-8] [INFO] [1773984361.116783459] [keepout_filter_mask_server]: Destroying bond (keepout_filter_mask_server) to lifecycle manager.
[controller_server-10] [INFO] [1773984361.120948875] [controller_server]: Cleaning up
[controller_server-10] [INFO] [1773984361.121301194] [MPPIController]: Cleaned up MPPI Controller: FollowPath
[controller_server-10] [INFO] [1773984361.121733719] [local_costmap.local_costmap]: Cleaning up
[ekf_node-5] [INFO] [1773984361.128176376] [rclcpp]: signal_handler(SIGINT/SIGTERM)
[planner_server-12] [INFO] [1773984361.131972265] [planner_server]: Deactivating plugin GridBased of type NavfnPlanner
[planner_server-12] [INFO] [1773984361.132039929] [planner_server]: Destroying bond (planner_server) to lifecycle manager.
[smoother_server-11] [INFO] [1773984361.132288711] [smoother_server]: Destroying
[scan_to_scan_filter_chain-4] [INFO] [1773984361.132851313] [rclcpp]: signal_handler(SIGINT/SIGTERM)
[robot_state_publisher-1] [INFO] [1773984361.147665635] [rclcpp]: signal_handler(SIGINT/SIGTERM)
[delivery_robot_main_controller-20] Traceback (most recent call last):
[delivery_robot_main_controller-20]   File "/home/smr/workspaces/mini_amr/amrROS2_ws/install/delivery_robot_main_controller/lib/delivery_robot_main_controller/delivery_robot_main_controller", line 33, in <module>
[delivery_robot_main_controller-20]     sys.exit(load_entry_point('delivery-robot-main-controller', 'console_scripts', 'delivery_robot_main_controller')())
[delivery_robot_main_controller-20]              ^^^^^^^^^^^^^^^^^^^^^^^^^^^^^^^^^^^^^^^^^^^^^^^^^^^^^^^^^^^^^^^^^^^^^^^^^^^^^^^^^^^^^^^^^^^^^^^^^^^^^^^^^
[delivery_robot_main_controller-20]   File "/home/smr/workspaces/mini_amr/amrROS2_ws/build/delivery_robot_main_controller/delivery_robot_main_controller/main_controller_node.py", line 1714, in main
[delivery_robot_main_controller-20]     rclpy.shutdown()
[delivery_robot_main_controller-20]   File "/opt/ros/jazzy/lib/python3.12/site-packages/rclpy/__init__.py", line 134, in shutdown
[delivery_robot_main_controller-20]     _shutdown(context=context)
[delivery_robot_main_controller-20]   File "/opt/ros/jazzy/lib/python3.12/site-packages/rclpy/utilities.py", line 82, in shutdown
[delivery_robot_main_controller-20]     context.shutdown()
[delivery_robot_main_controller-20]   File "/opt/ros/jazzy/lib/python3.12/site-packages/rclpy/context.py", line 129, in shutdown
[delivery_robot_main_controller-20]     self.__context.shutdown()
[delivery_robot_main_controller-20] rclpy._rclpy_pybind11.RCLError: failed to shutdown: rcl_shutdown already called on the given context, at ./src/rcl/init.c:333
[map_server-8] [INFO] [1773984361.209615186] [keepout_filter_mask_server]: Destroying
[planner_server-12] [INFO] [1773984361.224378176] [planner_server]: Cleaning up
[planner_server-12] [INFO] [1773984361.283655001] [global_costmap.global_costmap]: Cleaning up
[costmap_filter_info_server-9] [INFO] [1773984361.319442229] [keepout_costmap_filter_info_server]: Destroying
[sllidar_node-3] [INFO] [1773984361.328838184] [sllidar_node]: Stop motor
[planner_server-12] [INFO] [1773984361.449996022] [planner_server]: Cleaning up plugin GridBased of type NavfnPlanner
[planner_server-12] [INFO] [1773984361.458491347] [planner_server]: Destroying plugin GridBased of type NavfnPlanner
[controller_server-10] [INFO] [1773984361.514817791] [controller_server]: Destroying bond (controller_server) to lifecycle manager.
[planner_server-12] [INFO] [1773984361.536964317] [planner_server]: Destroying bond (planner_server) to lifecycle manager.
[controller_server-10] [INFO] [1773984361.540817371] [local_costmap.local_costmap]: Destroying
[planner_server-12] [INFO] [1773984361.613999720] [global_costmap.global_costmap]: Destroying
[lifecycle_manager-19] [INFO] [1773984361.705023186] [lifecycle_manager_navigation]: Destroying lifecycle_manager_navigation
[controller_server-10] [INFO] [1773984361.788661949] [controller_server]: Destroying
[planner_server-12] [INFO] [1773984361.808832513] [planner_server]: Destroying
[autodock_action_server-25] Traceback (most recent call last):
[autodock_action_server-25]   File "/home/smr/workspaces/mini_amr/amrROS2_ws/install/action_autodock/lib/python3.12/site-packages/action_autodock/autodock_action_server.py", line 1409, in main
[autodock_action_server-25]     executor.spin()
[autodock_action_server-25]   File "/opt/ros/jazzy/lib/python3.12/site-packages/rclpy/executors.py", line 359, in spin
[autodock_action_server-25]     self._spin_once_impl()
[autodock_action_server-25]   File "/opt/ros/jazzy/lib/python3.12/site-packages/rclpy/executors.py", line 988, in _spin_once_impl
[autodock_action_server-25]     handler, entity, node = self.wait_for_ready_callbacks(
[autodock_action_server-25]                             ^^^^^^^^^^^^^^^^^^^^^^^^^^^^^^
[autodock_action_server-25]   File "/opt/ros/jazzy/lib/python3.12/site-packages/rclpy/executors.py", line 874, in wait_for_ready_callbacks
[autodock_action_server-25]     return next(self._cb_iter)
[autodock_action_server-25]            ^^^^^^^^^^^^^^^^^^^
[autodock_action_server-25]   File "/opt/ros/jazzy/lib/python3.12/site-packages/rclpy/executors.py", line 778, in _wait_for_ready_callbacks
[autodock_action_server-25]     wait_set.wait(timeout_nsec)
[autodock_action_server-25] KeyboardInterrupt
[autodock_action_server-25] 
[autodock_action_server-25] During handling of the above exception, another exception occurred:
[autodock_action_server-25] 
[autodock_action_server-25] Traceback (most recent call last):
[autodock_action_server-25]   File "/home/smr/workspaces/mini_amr/amrROS2_ws/install/action_autodock/lib/action_autodock/autodock_action_server", line 33, in <module>
[autodock_action_server-25]     sys.exit(load_entry_point('action-autodock==0.0.0', 'console_scripts', 'autodock_action_server')())
[autodock_action_server-25]              ^^^^^^^^^^^^^^^^^^^^^^^^^^^^^^^^^^^^^^^^^^^^^^^^^^^^^^^^^^^^^^^^^^^^^^^^^^^^^^^^^^^^^^^^^
[autodock_action_server-25]   File "/home/smr/workspaces/mini_amr/amrROS2_ws/install/action_autodock/lib/python3.12/site-packages/action_autodock/autodock_action_server.py", line 1420, in main
[autodock_action_server-25]     rclpy.shutdown()   
[autodock_action_server-25]     ^^^^^^^^^^^^^^^^
[autodock_action_server-25]   File "/opt/ros/jazzy/lib/python3.12/site-packages/rclpy/__init__.py", line 134, in shutdown
[autodock_action_server-25]     _shutdown(context=context)
[autodock_action_server-25]   File "/opt/ros/jazzy/lib/python3.12/site-packages/rclpy/utilities.py", line 82, in shutdown
[autodock_action_server-25]     context.shutdown()
[autodock_action_server-25]   File "/opt/ros/jazzy/lib/python3.12/site-packages/rclpy/context.py", line 129, in shutdown
[autodock_action_server-25]     self.__context.shutdown()
[autodock_action_server-25] rclpy._rclpy_pybind11.RCLError: failed to shutdown: rcl_shutdown already called on the given context, at ./src/rcl/init.c:333
[bt_navigator-14] [INFO] [1773984361.966413969] [bt_navigator]: Completed Cleaning up
[bt_navigator-14] [INFO] [1773984361.966506716] [bt_navigator]: Destroying bond (bt_navigator) to lifecycle manager.
[rpc_run_node-23] Traceback (most recent call last):
[rpc_run_node-23]   File "/home/smr/workspaces/mini_amr/amrROS2_ws/install/delivery_robot_main_controller/lib/delivery_robot_main_controller/rpc_run_node", line 33, in <module>
[rpc_run_node-23]     sys.exit(load_entry_point('delivery-robot-main-controller', 'console_scripts', 'rpc_run_node')())
[rpc_run_node-23]              ^^^^^^^^^^^^^^^^^^^^^^^^^^^^^^^^^^^^^^^^^^^^^^^^^^^^^^^^^^^^^^^^^^^^^^^^^^^^^^^^^^^^^^^
[rpc_run_node-23]   File "/home/smr/workspaces/mini_amr/amrROS2_ws/build/delivery_robot_main_controller/delivery_robot_main_controller/rpc_run_node.py", line 57, in main
[rpc_run_node-23]     rclpy.shutdown()
[rpc_run_node-23]   File "/opt/ros/jazzy/lib/python3.12/site-packages/rclpy/__init__.py", line 134, in shutdown
[rpc_run_node-23]     _shutdown(context=context)
[rpc_run_node-23]   File "/opt/ros/jazzy/lib/python3.12/site-packages/rclpy/utilities.py", line 82, in shutdown
[rpc_run_node-23]     context.shutdown()
[rpc_run_node-23]   File "/opt/ros/jazzy/lib/python3.12/site-packages/rclpy/context.py", line 129, in shutdown
[rpc_run_node-23]     self.__context.shutdown()
[rpc_run_node-23] rclpy._rclpy_pybind11.RCLError: failed to shutdown: rcl_shutdown already called on the given context, at ./src/rcl/init.c:333
[bt_navigator-14] [INFO] [1773984362.025535051] [bt_navigator]: Destroying
[autodock_action_server-25] The following exception was never retrieved: Failed get goal status array: feedback publisher is invalid, at ./src/rcl_action/action_server.c:1002
[INFO] [waypoint_follower-15]: process has finished cleanly [pid 19540]
[call_robot_button-22] Traceback (most recent call last):
[call_robot_button-22]   File "/home/smr/workspaces/mini_amr/amrROS2_ws/install/delivery_robot_main_controller/lib/delivery_robot_main_controller/call_robot_button", line 33, in <module>
[call_robot_button-22]     sys.exit(load_entry_point('delivery-robot-main-controller', 'console_scripts', 'call_robot_button')())
[call_robot_button-22]              ^^^^^^^^^^^^^^^^^^^^^^^^^^^^^^^^^^^^^^^^^^^^^^^^^^^^^^^^^^^^^^^^^^^^^^^^^^^^^^^^^^^^^^^^^^^^
[call_robot_button-22]   File "/home/smr/workspaces/mini_amr/amrROS2_ws/build/delivery_robot_main_controller/delivery_robot_main_controller/call_button.py", line 251, in main
[call_robot_button-22]     rclpy.shutdown()
[call_robot_button-22]   File "/opt/ros/jazzy/lib/python3.12/site-packages/rclpy/__init__.py", line 134, in shutdown
[call_robot_button-22]     _shutdown(context=context)
[call_robot_button-22]   File "/opt/ros/jazzy/lib/python3.12/site-packages/rclpy/utilities.py", line 82, in shutdown
[call_robot_button-22]     context.shutdown()
[call_robot_button-22]   File "/opt/ros/jazzy/lib/python3.12/site-packages/rclpy/context.py", line 129, in shutdown
[call_robot_button-22]     self.__context.shutdown()
[call_robot_button-22] rclpy._rclpy_pybind11.RCLError: failed to shutdown: rcl_shutdown already called on the given context, at ./src/rcl/init.c:333
[robot_sound-21] Traceback (most recent call last):
[robot_sound-21]   File "/home/smr/workspaces/mini_amr/amrROS2_ws/install/delivery_robot_main_controller/lib/delivery_robot_main_controller/robot_sound", line 33, in <module>
[robot_sound-21]     sys.exit(load_entry_point('delivery-robot-main-controller', 'console_scripts', 'robot_sound')())
[robot_sound-21]              ^^^^^^^^^^^^^^^^^^^^^^^^^^^^^^^^^^^^^^^^^^^^^^^^^^^^^^^^^^^^^^^^^^^^^^^^^^^^^^^^^^^^^^
[robot_sound-21]   File "/home/smr/workspaces/mini_amr/amrROS2_ws/build/delivery_robot_main_controller/delivery_robot_main_controller/robot_sound.py", line 369, in main
[robot_sound-21]     rclpy.shutdown()
[robot_sound-21]   File "/opt/ros/jazzy/lib/python3.12/site-packages/rclpy/__init__.py", line 134, in shutdown
[robot_sound-21]     _shutdown(context=context)
[robot_sound-21]   File "/opt/ros/jazzy/lib/python3.12/site-packages/rclpy/utilities.py", line 82, in shutdown
[ERROR] [rpc_run_node-23]: process has died [pid 19805, exit code 1, cmd '/home/smr/workspaces/mini_amr/amrROS2_ws/install/delivery_robot_main_controller/lib/delivery_robot_main_controller/rpc_run_node --ros-args -r __node:=rpc_run_node -r __ns:=/ -r /tf:=tf -r /tf_static:=tf_static'].
[robot_sound-21]     context.shutdown()
[robot_sound-21]   File "/opt/ros/jazzy/lib/python3.12/site-packages/rclpy/context.py", line 129, in shutdown
[robot_sound-21]     self.__context.shutdown()
[robot_sound-21] rclpy._rclpy_pybind11.RCLError: failed to shutdown: rcl_shutdown already called on the given context, at ./src/rcl/init.c:333
[ERROR] [battery_manager_node-26]: process has died [pid 19808, exit code -2, cmd '/home/smr/workspaces/mini_amr/amrROS2_ws/install/battery_management/lib/battery_management/battery_manager_node --ros-args -r __node:=battery_manager -r __ns:=/ --params-file /home/smr/workspaces/mini_amr/amrROS2_ws/install/battery_management/share/battery_management/config/battery_manager.yaml -r /tf:=tf -r /tf_static:=tf_static'].
[INFO] [behavior_server-13]: process has finished cleanly [pid 19525]
[INFO] [smoother_server-11]: process has finished cleanly [pid 19517]
[INFO] [collision_detector-18]: process has finished cleanly [pid 19552]
[INFO] [collision_monitor-17]: process has finished cleanly [pid 19549]
[ERROR] [call_robot_button-22]: process has died [pid 19804, exit code 1, cmd '/home/smr/workspaces/mini_amr/amrROS2_ws/install/delivery_robot_main_controller/lib/delivery_robot_main_controller/call_robot_button --ros-args -r __node:=call_robot_button_node -r __ns:=/ -r /tf:=tf -r /tf_static:=tf_static'].
[INFO] [velocity_smoother-16]: process has finished cleanly [pid 19546]
[INFO] [robot_hardware-6]: process has finished cleanly [pid 19510]
[ERROR] [robot_sound-21]: process has died [pid 19803, exit code 1, cmd '/home/smr/workspaces/mini_amr/amrROS2_ws/install/delivery_robot_main_controller/lib/delivery_robot_main_controller/robot_sound --ros-args -r __node:=robot_sound_node -r __ns:=/ -r /tf:=tf -r /tf_static:=tf_static'].
[INFO] [map_server-8]: process has finished cleanly [pid 19512]
[INFO] [costmap_filter_info_server-9]: process has finished cleanly [pid 19513]
[INFO] [joint_state_publisher-2]: process has finished cleanly [pid 19506]
[INFO] [scan_to_scan_filter_chain-4]: process has finished cleanly [pid 19508]
[INFO] [lifecycle_manager-19]: process has finished cleanly [pid 19555]
[INFO] [controller_server-10]: process has finished cleanly [pid 19516]
[INFO] [planner_server-12]: process has finished cleanly [pid 19524]
[INFO] [bt_navigator-14]: process has finished cleanly [pid 19532]
[INFO] [robot_state_publisher-1]: process has finished cleanly [pid 19505]
[INFO] [ekf_node-5]: process has finished cleanly [pid 19509]
[ERROR] [autodock_action_server-25]: process has died [pid 19807, exit code 1, cmd '/home/smr/workspaces/mini_amr/amrROS2_ws/install/action_autodock/lib/action_autodock/autodock_action_server --ros-args -r __ns:=/ --params-file /home/smr/workspaces/mini_amr/amrROS2_ws/install/action_autodock/share/action_autodock/config/auto_dock_config.yaml --params-file /tmp/launch_params_u835jzrl -r /tf:=tf -r /tf_static:=tf_static'].
[INFO] [sllidar_node-3]: process has finished cleanly [pid 19507]
[ERROR] [delivery_robot_main_controller-20]: process has died [pid 19802, exit code 1, cmd '/home/smr/workspaces/mini_amr/amrROS2_ws/install/delivery_robot_main_controller/lib/delivery_robot_main_controller/delivery_robot_main_controller --ros-args -r __node:=main_controller_node -r __ns:=/ --params-file /tmp/launch_params_loh9apgh -r /tf:=tf -r /tf_static:=tf_static'].
[INFO] [taskset-7]: process has finished cleanly [pid 19511]
