[INFO] [launch]: All log files can be found below /home/smr/.ros/log/2026-03-20-15-12-10-536317-one-4991
[INFO] [launch]: Default logging verbosity is set to INFO
[INFO] [robot_state_publisher-1]: process started with pid [5013]
[INFO] [joint_state_publisher-2]: process started with pid [5014]
[INFO] [sllidar_node-3]: process started with pid [5015]
[INFO] [scan_to_scan_filter_chain-4]: process started with pid [5016]
[INFO] [ekf_node-5]: process started with pid [5017]
[INFO] [robot_hardware-6]: process started with pid [5018]
[INFO] [taskset-7]: process started with pid [5019]
[INFO] [map_server-8]: process started with pid [5020]
[INFO] [costmap_filter_info_server-9]: process started with pid [5023]
[INFO] [controller_server-10]: process started with pid [5026]
[INFO] [smoother_server-11]: process started with pid [5029]
[INFO] [planner_server-12]: process started with pid [5032]
[INFO] [behavior_server-13]: process started with pid [5046]
[INFO] [bt_navigator-14]: process started with pid [5060]
[INFO] [waypoint_follower-15]: process started with pid [5072]
[INFO] [velocity_smoother-16]: process started with pid [5073]
[INFO] [collision_monitor-17]: process started with pid [5081]
[INFO] [collision_detector-18]: process started with pid [5114]
[INFO] [lifecycle_manager-19]: process started with pid [5129]
[robot_hardware-6] Serial port opened at port /dev/teensy with baudrate 460800
[robot_hardware-6] Created receive data thread
[robot_state_publisher-1] [INFO] [1773994331.817723116] [robot_state_publisher]: Robot initialized
[sllidar_node-3] [INFO] [1773994331.798439194] [sllidar_node]: SLLidar running on ROS2 package SLLidar.ROS2 SDK Version:1.0.1, SLLIDAR SDK Version:2.1.0
[taskset-7] [INFO] [1773994331.736345891] [slam_toolbox]: Node using stack size 40000000
[map_server-8] [INFO] [1773994331.796490065] [keepout_filter_mask_server]: 
[map_server-8] 	keepout_filter_mask_server lifecycle node launched. 
[map_server-8] 	Waiting on external lifecycle transitions to activate
[map_server-8] 	See https://design.ros2.org/articles/node_lifecycle.html for more information.
[map_server-8] [INFO] [1773994331.796596519] [keepout_filter_mask_server]: Creating
[costmap_filter_info_server-9] [INFO] [1773994331.652084492] [costmap_filter_info_server]: This is costmap filter info publisher
[costmap_filter_info_server-9] [INFO] [1773994331.723476624] [keepout_costmap_filter_info_server]: 
[costmap_filter_info_server-9] 	keepout_costmap_filter_info_server lifecycle node launched. 
[costmap_filter_info_server-9] 	Waiting on external lifecycle transitions to activate
[costmap_filter_info_server-9] 	See https://design.ros2.org/articles/node_lifecycle.html for more information.
[controller_server-10] [INFO] [1773994331.780140481] [controller_server]: 
[controller_server-10] 	controller_server lifecycle node launched. 
[controller_server-10] 	Waiting on external lifecycle transitions to activate
[controller_server-10] 	See https://design.ros2.org/articles/node_lifecycle.html for more information.
[controller_server-10] [INFO] [1773994331.820022522] [controller_server]: Creating controller server
[sllidar_node-3] [INFO] [1773994331.851772062] [sllidar_node]: SLLidar S/N: 6E42ED93C5E19FD9B5E192F9EE904B72
[sllidar_node-3] [INFO] [1773994331.851954346] [sllidar_node]: Firmware Ver: 1.00
[sllidar_node-3] [INFO] [1773994331.851996344] [sllidar_node]: Hardware Rev: 18
[sllidar_node-3] [INFO] [1773994331.861291090] [sllidar_node]: SLLidar health status : 0
[sllidar_node-3] [INFO] [1773994331.861348838] [sllidar_node]: SLLidar health status : OK.
[bt_navigator-14] [INFO] [1773994331.858577243] [bt_navigator]: 
[bt_navigator-14] 	bt_navigator lifecycle node launched. 
[bt_navigator-14] 	Waiting on external lifecycle transitions to activate
[bt_navigator-14] 	See https://design.ros2.org/articles/node_lifecycle.html for more information.
[bt_navigator-14] [INFO] [1773994331.862889358] [bt_navigator]: Creating
[controller_server-10] [INFO] [1773994331.895144335] [local_costmap.local_costmap]: 
[controller_server-10] 	local_costmap lifecycle node launched. 
[controller_server-10] 	Waiting on external lifecycle transitions to activate
[controller_server-10] 	See https://design.ros2.org/articles/node_lifecycle.html for more information.
[controller_server-10] [INFO] [1773994331.901536242] [local_costmap.local_costmap]: Creating Costmap
[behavior_server-13] [INFO] [1773994331.910224929] [behavior_server]: 
[behavior_server-13] 	behavior_server lifecycle node launched. 
[behavior_server-13] 	Waiting on external lifecycle transitions to activate
[behavior_server-13] 	See https://design.ros2.org/articles/node_lifecycle.html for more information.
[collision_detector-18] [INFO] [1773994331.942384827] [collision_detector]: 
[collision_detector-18] 	collision_detector lifecycle node launched. 
[collision_detector-18] 	Waiting on external lifecycle transitions to activate
[collision_detector-18] 	See https://design.ros2.org/articles/node_lifecycle.html for more information.
[collision_monitor-17] [INFO] [1773994331.973950624] [collision_monitor]: 
[collision_monitor-17] 	collision_monitor lifecycle node launched. 
[collision_monitor-17] 	Waiting on external lifecycle transitions to activate
[collision_monitor-17] 	See https://design.ros2.org/articles/node_lifecycle.html for more information.
[smoother_server-11] [INFO] [1773994332.024363444] [smoother_server]: 
[smoother_server-11] 	smoother_server lifecycle node launched. 
[smoother_server-11] 	Waiting on external lifecycle transitions to activate
[smoother_server-11] 	See https://design.ros2.org/articles/node_lifecycle.html for more information.
[smoother_server-11] [INFO] [1773994332.027775513] [smoother_server]: Creating smoother server
[planner_server-12] [INFO] [1773994332.066139783] [planner_server]: 
[planner_server-12] 	planner_server lifecycle node launched. 
[planner_server-12] 	Waiting on external lifecycle transitions to activate
[planner_server-12] 	See https://design.ros2.org/articles/node_lifecycle.html for more information.
[planner_server-12] [INFO] [1773994332.084200505] [planner_server]: Creating
[taskset-7] [INFO] [1773994332.100102399] [slam_toolbox]: Configuring
[taskset-7] [INFO] [1773994332.138330466] [slam_toolbox]: Using solver plugin solver_plugins::CeresSolver
[taskset-7] [INFO] [1773994332.144908156] [slam_toolbox]: CeresSolver: Using SCHUR_JACOBI preconditioner.
[velocity_smoother-16] [INFO] [1773994332.110835586] [velocity_smoother]: 
[velocity_smoother-16] 	velocity_smoother lifecycle node launched. 
[velocity_smoother-16] 	Waiting on external lifecycle transitions to activate
[velocity_smoother-16] 	See https://design.ros2.org/articles/node_lifecycle.html for more information.
[sllidar_node-3] [INFO] [1773994332.143680873] [sllidar_node]: current scan mode: Standard, sample rate: 11 Khz, max_distance: 30.0 m, scan frequency:10.0 Hz, 
[waypoint_follower-15] [INFO] [1773994332.206815091] [waypoint_follower]: 
[waypoint_follower-15] 	waypoint_follower lifecycle node launched. 
[waypoint_follower-15] 	Waiting on external lifecycle transitions to activate
[waypoint_follower-15] 	See https://design.ros2.org/articles/node_lifecycle.html for more information.
[waypoint_follower-15] [INFO] [1773994332.214811973] [waypoint_follower]: Creating
[planner_server-12] [INFO] [1773994332.223688778] [global_costmap.global_costmap]: 
[planner_server-12] 	global_costmap lifecycle node launched. 
[planner_server-12] 	Waiting on external lifecycle transitions to activate
[planner_server-12] 	See https://design.ros2.org/articles/node_lifecycle.html for more information.
[planner_server-12] [INFO] [1773994332.226901939] [global_costmap.global_costmap]: Creating Costmap
[lifecycle_manager-19] [INFO] [1773994332.350812056] [lifecycle_manager_navigation]: Creating
[lifecycle_manager-19] [INFO] [1773994332.396698977] [lifecycle_manager_navigation]: [34m[1mCreating and initializing lifecycle service clients[0m[0m
[taskset-7] Load From File /home/smr/workspaces/mini_amr/amrROS2_ws/maps/latest_map.posegraph 
[taskset-7] Mapper <- Module
[taskset-7] Mapper <- m_pSequentialScanMatcher
[taskset-7] Mapper <- m_pGraph
[taskset-7] MapperGraph <- Graph; Graph <- m_Edges; Graph <- m_Vertices
[taskset-7] MapperGraph <- m_pMapper; MapperGraph <- m_pLoopScanMatcher; MapperGraph <- m_pTraversal
[taskset-7] Mapper <- m_pMapperSensorManager
[taskset-7] MapperSensorManager <- m_ScanManagers; MapperSensorManager <- m_Scans
[taskset-7] Mapper <- m_Listeners
[taskset-7] **Finished serializing Mapper**
[taskset-7] Load From File
[taskset-7] **Serializing Dataset**
[taskset-7] Dataset <- m_SensorNameLookup
[taskset-7] Dataset <- m_Data
[taskset-7] Dataset <- m_Lasers
[taskset-7] Dataset <- m_pDatasetInfo
[taskset-7] **Finished serializing Dataset**
[taskset-7] Registering sensor: [Custom Described Lidar]
[taskset-7] WARNING: Logging before InitGoogleLogging() is written to STDERR
[taskset-7] W20260320 15:12:12.543483  5019 preprocessor.cc:67] Specified options.num_threads: 50 exceeds maximum available from the threading model Ceres was compiled with: 8.  Bounding to maximum number available.
[INFO] [launch.user]: [LifecycleLaunch] Slamtoolbox node is activating.
[taskset-7] [INFO] [1773994332.559087109] [slam_toolbox]: Activating
[lifecycle_manager-19] [INFO] [1773994332.633776981] [lifecycle_manager_navigation]: [34m[1mStarting managed nodes bringup...[0m[0m
[lifecycle_manager-19] [INFO] [1773994332.633860978] [lifecycle_manager_navigation]: [34m[1mConfiguring controller_server[0m[0m
[controller_server-10] [INFO] [1773994332.634264628] [controller_server]: Configuring controller interface
[controller_server-10] [INFO] [1773994332.634301085] [controller_server]: getting progress checker plugins..
[controller_server-10] [INFO] [1773994332.634721068] [controller_server]: getting goal checker plugins..
[controller_server-10] [INFO] [1773994332.635660779] [controller_server]: Controller frequency set to 10.0000Hz
[controller_server-10] [INFO] [1773994332.635737485] [local_costmap.local_costmap]: Configuring
[controller_server-10] [INFO] [1773994332.653421389] [local_costmap.local_costmap]: Using plugin "obstacle_layer"
[controller_server-10] [INFO] [1773994332.662084411] [local_costmap.local_costmap]: Subscribed to Topics: scan
[controller_server-10] [INFO] [1773994332.676431493] [local_costmap.local_costmap]: Initialized plugin "obstacle_layer"
[controller_server-10] [INFO] [1773994332.676552821] [local_costmap.local_costmap]: Using plugin "denoise_layer"
[controller_server-10] [INFO] [1773994332.682207424] [local_costmap.local_costmap]: Initialized plugin "denoise_layer"
[controller_server-10] [INFO] [1773994332.682325544] [local_costmap.local_costmap]: Using plugin "inflation_layer"
[controller_server-10] [INFO] [1773994332.688599038] [local_costmap.local_costmap]: Initialized plugin "inflation_layer"
[controller_server-10] [INFO] [1773994332.688656494] [local_costmap.local_costmap]: Using costmap filter "keepout_filter"
[controller_server-10] [INFO] [1773994332.696728040] [local_costmap.local_costmap]: Initialized costmap filter "keepout_filter"
[controller_server-10] [INFO] [1773994332.696786080] [local_costmap.local_costmap]: Using costmap filter "inflation_layer2"
[controller_server-10] [INFO] [1773994332.701837541] [local_costmap.local_costmap]: Initialized costmap filter "inflation_layer2"
[scan_to_scan_filter_chain-4] [WARN] [1773994332.743680960] [scan_to_scan_filter_chain]: diagnostic_updater: No HW_ID was set. This is probably a bug. Please report it. For devices that do not have a HW_ID, set this value to 'none'. This warning only occurs once all diagnostics are OK. It is okay to wait until the device is open before calling setHardwareID.
[controller_server-10] [INFO] [1773994332.748645799] [controller_server]: Created progress_checker : progress_checker of type nav2_controller::SimpleProgressChecker
[controller_server-10] [INFO] [1773994332.749923831] [controller_server]: Controller Server has progress_checker  progress checkers available.
[controller_server-10] [INFO] [1773994332.751095991] [controller_server]: Created goal checker : goal_checker of type nav2_controller::SimpleGoalChecker
[controller_server-10] [INFO] [1773994332.752185905] [controller_server]: Controller Server has goal_checker  goal checkers available.
[controller_server-10] [INFO] [1773994332.754437480] [controller_server]: Created controller : FollowPath of type nav2_mppi_controller::MPPIController
[controller_server-10] [INFO] [1773994332.760998546] [controller_server]: Controller period is equal to model dt. Control sequence shifting is ON
[controller_server-10] [INFO] [1773994332.764463988] [controller_server]: ConstraintCritic instantiated with 1 power and 4.000000 weight.
[controller_server-10] [INFO] [1773994332.764529319] [controller_server]: Critic loaded : mppi::critics::ConstraintCritic
[controller_server-10] [INFO] [1773994332.767600735] [controller_server]: InflationCostCritic instantiated with 1 power and 300.000000 / 0.015000 weights. Critic will collision check based on footprint cost.
[controller_server-10] [INFO] [1773994332.767659066] [controller_server]: Critic loaded : mppi::critics::CostCritic
[controller_server-10] [INFO] [1773994332.768784562] [controller_server]: GoalCritic instantiated with 1 power and 5.000000 weight.
[controller_server-10] [INFO] [1773994332.768829185] [controller_server]: Critic loaded : mppi::critics::GoalCritic
[controller_server-10] [INFO] [1773994332.769991138] [controller_server]: GoalAngleCritic instantiated with 1 power, 3.000000 weight, and 0.500000 angular threshold.
[controller_server-10] [INFO] [1773994332.770039844] [controller_server]: Critic loaded : mppi::critics::GoalAngleCritic
[controller_server-10] [INFO] [1773994332.772426455] [controller_server]: ReferenceTrajectoryCritic instantiated with 1 power and 2.000000 weight
[controller_server-10] [INFO] [1773994332.772512202] [controller_server]: Critic loaded : mppi::critics::PathAlignCritic
[controller_server-10] [INFO] [1773994332.774153635] [controller_server]: Critic loaded : mppi::critics::PathFollowCritic
[controller_server-10] [INFO] [1773994332.777252175] [controller_server]: PathAngleCritic instantiated with 1 power and 1.500000 weight. Mode set to: Forward Preference
[controller_server-10] [INFO] [1773994332.777306423] [controller_server]: Critic loaded : mppi::critics::PathAngleCritic
[controller_server-10] [INFO] [1773994332.778723574] [controller_server]: PreferForwardCritic instantiated with 1 power and 10.000000 weight.
[controller_server-10] [INFO] [1773994332.778773447] [controller_server]: Critic loaded : mppi::critics::PreferForwardCritic
[controller_server-10] [INFO] [1773994332.780361507] [controller_server]: Optimizer reset
[controller_server-10] [INFO] [1773994332.789749291] [MPPIController]: Configured MPPI Controller: FollowPath
[controller_server-10] [INFO] [1773994332.789784289] [controller_server]: Controller Server has FollowPath  controllers available.
[lifecycle_manager-19] [INFO] [1773994332.811635357] [lifecycle_manager_navigation]: [34m[1mConfiguring smoother_server[0m[0m
[smoother_server-11] [INFO] [1773994332.812292455] [smoother_server]: Configuring smoother server
[smoother_server-11] [INFO] [1773994332.842876834] [smoother_server]: Created smoother : simple_smoother of type nav2_smoother::SimpleSmoother
[smoother_server-11] [INFO] [1773994332.847977584] [smoother_server]: Smoother Server has simple_smoother  smoothers available.
[lifecycle_manager-19] [INFO] [1773994332.867678281] [lifecycle_manager_navigation]: [34m[1mConfiguring planner_server[0m[0m
[planner_server-12] [INFO] [1773994332.868249341] [planner_server]: Configuring
[planner_server-12] [INFO] [1773994332.868370670] [global_costmap.global_costmap]: Configuring
[planner_server-12] [INFO] [1773994332.915302299] [global_costmap.global_costmap]: Using plugin "static_layer"
[planner_server-12] [INFO] [1773994332.926075735] [global_costmap.global_costmap]: Subscribing to the map topic (/map) with transient local durability
[planner_server-12] [INFO] [1773994332.929807749] [global_costmap.global_costmap]: Initialized plugin "static_layer"
[planner_server-12] [INFO] [1773994332.931155194] [global_costmap.global_costmap]: Using plugin "obstacle_layer"
[planner_server-12] [INFO] [1773994332.939911254] [global_costmap.global_costmap]: Subscribed to Topics: scan
[planner_server-12] [INFO] [1773994332.964741284] [global_costmap.global_costmap]: Initialized plugin "obstacle_layer"
[planner_server-12] [INFO] [1773994332.964794948] [global_costmap.global_costmap]: Using plugin "inflation_layer"
[planner_server-12] [INFO] [1773994332.969688040] [global_costmap.global_costmap]: Initialized plugin "inflation_layer"
[planner_server-12] [INFO] [1773994332.969740247] [global_costmap.global_costmap]: Using costmap filter "keepout_filter"
[planner_server-12] [INFO] [1773994332.977984744] [global_costmap.global_costmap]: Initialized costmap filter "keepout_filter"
[planner_server-12] [INFO] [1773994332.978040450] [global_costmap.global_costmap]: Using costmap filter "inflation_layer2"
[planner_server-12] [INFO] [1773994332.985727887] [global_costmap.global_costmap]: Initialized costmap filter "inflation_layer2"
[joint_state_publisher-2] [INFO] [1773994333.026945415] [joint_state_publisher]: Waiting for robot_description to be published on the robot_description topic...
[planner_server-12] [INFO] [1773994333.051289840] [planner_server]: Created global planner plugin GridBased of type nav2_navfn_planner::NavfnPlanner
[planner_server-12] [INFO] [1773994333.051405918] [planner_server]: Configuring plugin GridBased of type NavfnPlanner
[planner_server-12] [INFO] [1773994333.055247595] [planner_server]: Planner Server has GridBased  planners available.
[lifecycle_manager-19] [INFO] [1773994333.075295361] [lifecycle_manager_navigation]: [34m[1mConfiguring behavior_server[0m[0m
[behavior_server-13] [INFO] [1773994333.076170326] [behavior_server]: Configuring
[behavior_server-13] [INFO] [1773994333.085204916] [behavior_server]: Creating behavior plugin wait of type nav2_behaviors::Wait
[behavior_server-13] [INFO] [1773994333.095725779] [behavior_server]: Configuring wait
[lifecycle_manager-19] [INFO] [1773994333.109419262] [lifecycle_manager_navigation]: [34m[1mConfiguring velocity_smoother[0m[0m
[velocity_smoother-16] [INFO] [1773994333.109888243] [velocity_smoother]: Configuring velocity smoother
[lifecycle_manager-19] [INFO] [1773994333.131127419] [lifecycle_manager_navigation]: [34m[1mConfiguring collision_monitor[0m[0m
[collision_monitor-17] [INFO] [1773994333.131577151] [collision_monitor]: Configuring
[collision_monitor-17] [INFO] [1773994333.154887951] [collision_monitor]: [scan]: Creating Scan
[collision_monitor-17] [INFO] [1773994333.165330650] [collision_monitor]: [PolygonStop]: Creating Polygon
[collision_monitor-17] [INFO] [1773994333.165442062] [collision_monitor]: [PolygonStop]: Creating Circle
[collision_monitor-17] [INFO] [1773994333.172694350] [collision_monitor]: [PolygonSlow]: Creating Polygon
[collision_monitor-17] [INFO] [1773994333.180212043] [collision_monitor]: [FootprintApproach]: Creating Polygon
[collision_monitor-17] [INFO] [1773994333.181708816] [collision_monitor]: [FootprintApproach]: Polygon points are not defined. Using dynamic subscription instead.
[collision_monitor-17] [INFO] [1773994333.189356587] [collision_monitor]: [FootprintApproach]: Making footprint subscriber on /local_costmap/published_footprint topic
[lifecycle_manager-19] [INFO] [1773994333.205951744] [lifecycle_manager_navigation]: [34m[1mConfiguring collision_detector[0m[0m
[collision_detector-18] [INFO] [1773994333.206338187] [collision_detector]: Configuring
[collision_detector-18] [INFO] [1773994333.230667154] [collision_monitor]: [scan]: Creating Scan
[collision_detector-18] [INFO] [1773994333.234998519] [collision_monitor]: [PolygonStop]: Creating Polygon
[collision_detector-18] [INFO] [1773994333.235032059] [collision_monitor]: [PolygonStop]: Creating Circle
[collision_detector-18] [INFO] [1773994333.242288722] [collision_monitor]: [PolygonSlow]: Creating Polygon
[lifecycle_manager-19] [INFO] [1773994333.249528177] [lifecycle_manager_navigation]: [34m[1mConfiguring bt_navigator[0m[0m
[bt_navigator-14] [INFO] [1773994333.249892454] [bt_navigator]: Configuring
[bt_navigator-14] [INFO] [1773994333.258830214] [bt_navigator]: Creating navigator id navigate_to_pose of type nav2_bt_navigator::NavigateToPoseNavigator
[bt_navigator-14] [INFO] [1773994333.380518505] [bt_navigator]: Creating navigator id navigate_through_poses of type nav2_bt_navigator::NavigateThroughPosesNavigator
[lifecycle_manager-19] [INFO] [1773994333.426485631] [lifecycle_manager_navigation]: [34m[1mConfiguring waypoint_follower[0m[0m
[waypoint_follower-15] [INFO] [1773994333.426858658] [waypoint_follower]: Configuring
[waypoint_follower-15] [INFO] [1773994333.503633278] [waypoint_follower]: Created waypoint_task_executor : wait_at_waypoint of type nav2_waypoint_follower::WaitAtWaypoint
[lifecycle_manager-19] [INFO] [1773994333.506842356] [lifecycle_manager_navigation]: [34m[1mConfiguring keepout_filter_mask_server[0m[0m
[map_server-8] [INFO] [1773994333.507171634] [keepout_filter_mask_server]: Configuring
[map_server-8] [INFO] [1773994333.507250089] [map_io]: Loading yaml file: /home/smr/workspaces/mini_amr/amrROS2_ws/maps/latest_map_keepout.yaml
[map_server-8] [INFO] [1773994333.507548744] [map_io]: resolution: 0.05
[map_server-8] [INFO] [1773994333.507560118] [map_io]: origin[0]: -7.999
[map_server-8] [INFO] [1773994333.507564785] [map_io]: origin[1]: -4.602
[map_server-8] [INFO] [1773994333.507569160] [map_io]: origin[2]: 0
[map_server-8] [INFO] [1773994333.507573535] [map_io]: free_thresh: 0.196
[map_server-8] [INFO] [1773994333.507577618] [map_io]: occupied_thresh: 0.65
[map_server-8] [INFO] [1773994333.507583451] [map_io]: mode: trinary
[map_server-8] [INFO] [1773994333.507588409] [map_io]: negate: 0
[map_server-8] [INFO] [1773994333.507806567] [map_io]: Loading image_file: /home/smr/workspaces/mini_amr/amrROS2_ws/maps/map_000.pgm
[map_server-8] [INFO] [1773994333.509596452] [map_io]: Read map /home/smr/workspaces/mini_amr/amrROS2_ws/maps/map_000.pgm: 276 X 287 map @ 0.05 m/cell
[lifecycle_manager-19] [INFO] [1773994333.523675795] [lifecycle_manager_navigation]: [34m[1mConfiguring keepout_costmap_filter_info_server[0m[0m
[costmap_filter_info_server-9] [INFO] [1773994333.524313352] [keepout_costmap_filter_info_server]: Configuring
[lifecycle_manager-19] [INFO] [1773994333.555291173] [lifecycle_manager_navigation]: [34m[1mActivating controller_server[0m[0m
[controller_server-10] [INFO] [1773994333.555829859] [controller_server]: Activating
[controller_server-10] [INFO] [1773994333.555882357] [local_costmap.local_costmap]: Activating
[controller_server-10] [INFO] [1773994333.555915606] [local_costmap.local_costmap]: Checking transform
[controller_server-10] [INFO] [1773994333.556078058] [local_costmap.local_costmap]: start
[controller_server-10] [INFO] [1773994333.557103224] [local_costmap.local_costmap]: KeepoutFilter: Subscribing to "/keepout_costmap_filter_info" topic for filter info...
[controller_server-10] [WARN] [1773994333.657356638] [local_costmap.local_costmap]: KeepoutFilter: Filter mask was not received
[controller_server-10] [WARN] [1773994333.661067362] [controller_server]: Parameter controller_server.verbose not found
[controller_server-10] [INFO] [1773994333.661593507] [controller_server]: Optimizer reset
[controller_server-10] [INFO] [1773994333.662565593] [MPPIController]: Activated MPPI Controller: FollowPath
[controller_server-10] [INFO] [1773994333.662610799] [controller_server]: Creating bond (controller_server) to lifecycle manager.
[lifecycle_manager-19] [INFO] [1773994333.776400203] [lifecycle_manager_navigation]: Server controller_server connected with bond.
[lifecycle_manager-19] [INFO] [1773994333.776474867] [lifecycle_manager_navigation]: [34m[1mActivating smoother_server[0m[0m
[smoother_server-11] [INFO] [1773994333.777033094] [smoother_server]: Activating
[smoother_server-11] [INFO] [1773994333.777095216] [smoother_server]: Creating bond (smoother_server) to lifecycle manager.
[lifecycle_manager-19] [INFO] [1773994333.886594962] [lifecycle_manager_navigation]: Server smoother_server connected with bond.
[lifecycle_manager-19] [INFO] [1773994333.886661751] [lifecycle_manager_navigation]: [34m[1mActivating planner_server[0m[0m
[planner_server-12] [INFO] [1773994333.887140356] [planner_server]: Activating
[planner_server-12] [INFO] [1773994333.887205104] [global_costmap.global_costmap]: Activating
[planner_server-12] [INFO] [1773994333.887223186] [global_costmap.global_costmap]: Checking transform
[planner_server-12] [INFO] [1773994333.887291142] [global_costmap.global_costmap]: Timed out waiting for transform from center_footprint to map to become available, tf error: Invalid frame ID "map" passed to canTransform argument target_frame - frame does not exist
[taskset-7] Registering sensor: [Custom Described Lidar]
[planner_server-12] [INFO] [1773994334.387360969] [global_costmap.global_costmap]: Timed out waiting for transform from center_footprint to map to become available, tf error: Invalid frame ID "map" passed to canTransform argument target_frame - frame does not exist
[planner_server-12] [INFO] [1773994334.887340091] [global_costmap.global_costmap]: Timed out waiting for transform from center_footprint to map to become available, tf error: Invalid frame ID "map" passed to canTransform argument target_frame - frame does not exist
[planner_server-12] [INFO] [1773994335.387345463] [global_costmap.global_costmap]: Timed out waiting for transform from center_footprint to map to become available, tf error: Invalid frame ID "map" passed to canTransform argument target_frame - frame does not exist
[controller_server-10] [WARN] [1773994335.657985057] [local_costmap.local_costmap]: KeepoutFilter: Filter mask was not received
[planner_server-12] [INFO] [1773994335.887379416] [global_costmap.global_costmap]: Timed out waiting for transform from center_footprint to map to become available, tf error: Invalid frame ID "map" passed to canTransform argument target_frame - frame does not exist
[planner_server-12] [INFO] [1773994336.387374871] [global_costmap.global_costmap]: Timed out waiting for transform from center_footprint to map to become available, tf error: Invalid frame ID "map" passed to canTransform argument target_frame - frame does not exist
[planner_server-12] [INFO] [1773994336.887378493] [global_costmap.global_costmap]: Timed out waiting for transform from center_footprint to map to become available, tf error: Invalid frame ID "map" passed to canTransform argument target_frame - frame does not exist
[INFO] [delivery_robot_main_controller-20]: process started with pid [5303]
[INFO] [robot_sound-21]: process started with pid [5304]
[INFO] [call_robot_button-22]: process started with pid [5305]
[INFO] [rpc_run_node-23]: process started with pid [5306]
[INFO] [dock_coordinates-24]: process started with pid [5307]
[INFO] [autodock_action_server-25]: process started with pid [5308]
[INFO] [battery_manager_node-26]: process started with pid [5309]
[dock_coordinates-24] [INFO] [1773994336.963258317] [dock_coordinates]: begin dock_coordinates
[dock_coordinates-24] [INFO] [1773994336.963959746] [dock coordinates]: max_alignment_error: 0.010000
[dock_coordinates-24] [INFO] [1773994336.964004661] [dock coordinates]: minimum_point_cloud: 5
[dock_coordinates-24] [INFO] [1773994336.964020119] [dock coordinates]: point_cloud_split_dist: 0.050000
[dock_coordinates-24] [INFO] [1773994336.964036160] [dock coordinates]: max_dock_width: 0.380000
[dock_coordinates-24] [INFO] [1773994336.964051326] [dock coordinates]: min_dock_width: 0.310000
[dock_coordinates-24] [INFO] [1773994336.964066492] [dock coordinates]: range_limit: 1.200000
[planner_server-12] [INFO] [1773994337.387391447] [global_costmap.global_costmap]: Timed out waiting for transform from center_footprint to map to become available, tf error: Invalid frame ID "map" passed to canTransform argument target_frame - frame does not exist
[controller_server-10] [WARN] [1773994337.658709139] [local_costmap.local_costmap]: KeepoutFilter: Filter mask was not received
[planner_server-12] [INFO] [1773994337.887556937] [global_costmap.global_costmap]: Timed out waiting for transform from center_footprint to map to become available, tf error: Invalid frame ID "map" passed to canTransform argument target_frame - frame does not exist
[planner_server-12] [INFO] [1773994338.387578932] [global_costmap.global_costmap]: Timed out waiting for transform from center_footprint to map to become available, tf error: Invalid frame ID "map" passed to canTransform argument target_frame - frame does not exist
[robot_sound-21] [0m[INFO] [1773994338.761550066] [robot_sound_node]: Obstacle sound alarm disabled (API).[0m
[robot_sound-21] [0m[INFO] [1773994338.762193456] [robot_sound_node]: Sound volume set to 100% (API).[0m
[robot_sound-21] [0m[INFO] [1773994338.776955271] [robot_sound_node]: Obstacle sound alarm is enabled.[0m
[rpc_run_node-23] [0m[INFO] [1773994338.780038062] [rpc_run_node]: RPC run node started; RPC bridge configured.[0m
[rpc_run_node-23] 2026-03-20 15:12:18,784 [INFO] RPCServer listening on localhost:6000
[robot_sound-21] [0m[INFO] [1773994338.786935698] [robot_sound_node]: ✅ robot_sound_node started using .wav files[0m
[robot_sound-21] [33m[WARN] [1773994338.789098318] [robot_sound_node]: Map not available yet; skipping obstacle classification.[0m
[robot_sound-21] [0m[INFO] [1773994338.789663836] [robot_sound_node]: Obstacle detected but sound alarm disabled.[0m
[battery_manager_node-26] [INFO] [1773994338.855658022] [battery_manager]: SOC limits from API: target=1.00, resume=0.95
[battery_manager_node-26] [INFO] [1773994338.858341829] [battery_manager]: IR state: IDLE -> IR_ERROR (99)
[planner_server-12] [INFO] [1773994338.887361188] [global_costmap.global_costmap]: Timed out waiting for transform from center_footprint to map to become available, tf error: Invalid frame ID "map" passed to canTransform argument target_frame - frame does not exist
[autodock_action_server-25] [INFO] [1773994339.007252593] [autodock_action_server]: auto_dock_init_start
[autodock_action_server-25] [INFO] [1773994339.065142275] [autodock_action_server]: auto_dock_init_complete
[autodock_action_server-25] [INFO] [1773994339.115193735] [charge_status]: IR Charge State: IR_ERROR (99)
[battery_manager_node-26] [INFO] [1773994339.310811846] [battery_manager]: State change: IDLE_ON_DOCK -> UNKNOWN
[planner_server-12] [INFO] [1773994339.387362768] [global_costmap.global_costmap]: Timed out waiting for transform from center_footprint to map to become available, tf error: Invalid frame ID "map" passed to canTransform argument target_frame - frame does not exist
[delivery_robot_main_controller-20] [0m[INFO] [1773994339.433620674] [main_controller_node]: Delivery Robot Main Controller Node started.[0m
[delivery_robot_main_controller-20] [0m[INFO] [1773994339.457583614] [main_controller_node]: Initial state: STANDBY[0m
[delivery_robot_main_controller-20] [0m[INFO] [1773994339.467442712] [main_controller_node]: setting_batteryLowToCharge: 30[0m
[delivery_robot_main_controller-20] [33m[WARN] [1773994339.489982960] [rcl.logging_rosout]: Publisher already registered for node name: 'main_controller_node'. If this is due to multiple nodes with the same name then all logs for the logger named 'main_controller_node' will go out over the existing publisher. As soon as any node with that name is destructed it will unregister the publisher, preventing any further logs for that name from being published on the rosout topic.[0m
[delivery_robot_main_controller-20] [33m[WARN] [1773994339.523861579] [main_controller_node]: slam_toolbox_msgs not available; initial pose service calls will be skipped.[0m
[controller_server-10] [WARN] [1773994339.757919790] [local_costmap.local_costmap]: KeepoutFilter: Filter mask was not received
[planner_server-12] [INFO] [1773994339.797420347] [global_costmap.global_costmap]: StaticLayer: Resizing costmap to 276 X 287 at 0.050000 m/pix
[planner_server-12] [INFO] [1773994339.887523008] [global_costmap.global_costmap]: Timed out waiting for transform from center_footprint to map to become available, tf error: Lookup would require extrapolation into the past.  Requested time 1773994339.871665 but the earliest data is at time 1773994339.879089, when looking up transform from frame [center_footprint] to frame [map]
[call_robot_button-22] Error: Connection refused
[call_robot_button-22] 2026-03-20 15:12:19 mosquitto_pub -u smr -P smrbot25 -m "Poo,blink" -t "Rsp" -r
[call_robot_button-22] [0m[INFO] [1773994339.926300844] [call_robot_button_node]: call_switch notified: station=Poo status=blink.[0m
[planner_server-12] [INFO] [1773994340.387559878] [global_costmap.global_costmap]: start
[planner_server-12] [INFO] [1773994340.389650168] [global_costmap.global_costmap]: KeepoutFilter: Subscribing to "/keepout_costmap_filter_info" topic for filter info...
[delivery_robot_main_controller-20] [0m[INFO] [1773994340.680618975] [main_controller_node]: Waiting for Nav2 system...[0m
[planner_server-12] [WARN] [1773994340.901128071] [global_costmap.global_costmap]: KeepoutFilter: Filter mask was not received
[planner_server-12] [INFO] [1773994340.942278811] [planner_server]: Activating plugin GridBased of type NavfnPlanner
[planner_server-12] [INFO] [1773994340.943639964] [planner_server]: Creating bond (planner_server) to lifecycle manager.
[lifecycle_manager-19] [INFO] [1773994341.052413489] [lifecycle_manager_navigation]: Server planner_server connected with bond.
[lifecycle_manager-19] [INFO] [1773994341.052464820] [lifecycle_manager_navigation]: [34m[1mActivating behavior_server[0m[0m
[behavior_server-13] [INFO] [1773994341.052882470] [behavior_server]: Activating
[behavior_server-13] [INFO] [1773994341.052917468] [behavior_server]: Activating wait
[behavior_server-13] [INFO] [1773994341.052939342] [behavior_server]: Creating bond (behavior_server) to lifecycle manager.
[lifecycle_manager-19] [INFO] [1773994341.160550915] [lifecycle_manager_navigation]: Server behavior_server connected with bond.
[lifecycle_manager-19] [INFO] [1773994341.160602246] [lifecycle_manager_navigation]: [34m[1mActivating velocity_smoother[0m[0m
[velocity_smoother-16] [INFO] [1773994341.161005896] [velocity_smoother]: Activating
[velocity_smoother-16] [INFO] [1773994341.161088143] [velocity_smoother]: Creating bond (velocity_smoother) to lifecycle manager.
[lifecycle_manager-19] [INFO] [1773994341.270426603] [lifecycle_manager_navigation]: Server velocity_smoother connected with bond.
[lifecycle_manager-19] [INFO] [1773994341.270572722] [lifecycle_manager_navigation]: [34m[1mActivating collision_monitor[0m[0m
[collision_monitor-17] [INFO] [1773994341.271330733] [collision_monitor]: Activating
[collision_monitor-17] [INFO] [1773994341.271378564] [collision_monitor]: Creating bond (collision_monitor) to lifecycle manager.
[lifecycle_manager-19] [INFO] [1773994341.384988017] [lifecycle_manager_navigation]: Server collision_monitor connected with bond.
[lifecycle_manager-19] [INFO] [1773994341.385090972] [lifecycle_manager_navigation]: [34m[1mActivating collision_detector[0m[0m
[collision_detector-18] [INFO] [1773994341.385969436] [collision_detector]: Activating
[collision_detector-18] [INFO] [1773994341.386144137] [collision_detector]: Creating bond (collision_detector) to lifecycle manager.
[lifecycle_manager-19] [INFO] [1773994341.511524193] [lifecycle_manager_navigation]: Server collision_detector connected with bond.
[lifecycle_manager-19] [INFO] [1773994341.511644647] [lifecycle_manager_navigation]: [34m[1mActivating bt_navigator[0m[0m
[bt_navigator-14] [INFO] [1773994341.512690229] [bt_navigator]: Activating
[bt_navigator-14] [INFO] [1773994341.702884144] [bt_navigator]: Creating bond (bt_navigator) to lifecycle manager.
[lifecycle_manager-19] [INFO] [1773994341.813232313] [lifecycle_manager_navigation]: Server bt_navigator connected with bond.
[lifecycle_manager-19] [INFO] [1773994341.813288603] [lifecycle_manager_navigation]: [34m[1mActivating waypoint_follower[0m[0m
[waypoint_follower-15] [INFO] [1773994341.813842455] [waypoint_follower]: Activating
[waypoint_follower-15] [INFO] [1773994341.813897578] [waypoint_follower]: Creating bond (waypoint_follower) to lifecycle manager.
[INFO] [bash-27]: process started with pid [5429]
[controller_server-10] [WARN] [1773994341.856842286] [local_costmap.local_costmap]: KeepoutFilter: Filter mask was not received
[lifecycle_manager-19] [INFO] [1773994341.925431324] [lifecycle_manager_navigation]: Server waypoint_follower connected with bond.
[lifecycle_manager-19] [INFO] [1773994341.925539236] [lifecycle_manager_navigation]: [34m[1mActivating keepout_filter_mask_server[0m[0m
[map_server-8] [INFO] [1773994341.927477282] [keepout_filter_mask_server]: Activating
[map_server-8] [INFO] [1773994341.927571778] [keepout_filter_mask_server]: Creating bond (keepout_filter_mask_server) to lifecycle manager.
[lifecycle_manager-19] [INFO] [1773994342.044430849] [lifecycle_manager_navigation]: Server keepout_filter_mask_server connected with bond.
[lifecycle_manager-19] [INFO] [1773994342.044516304] [lifecycle_manager_navigation]: [34m[1mActivating keepout_costmap_filter_info_server[0m[0m
[costmap_filter_info_server-9] [INFO] [1773994342.044953203] [keepout_costmap_filter_info_server]: Activating
[costmap_filter_info_server-9] [INFO] [1773994342.045078906] [keepout_costmap_filter_info_server]: Creating bond (keepout_costmap_filter_info_server) to lifecycle manager.
[controller_server-10] [INFO] [1773994342.045375519] [local_costmap.local_costmap]: KeepoutFilter: Received filter info from /keepout_costmap_filter_info topic.
[controller_server-10] [INFO] [1773994342.045468557] [local_costmap.local_costmap]: KeepoutFilter: Subscribing to "/keepout_filter_mask" topic for filter mask...
[planner_server-12] [INFO] [1773994342.046659966] [global_costmap.global_costmap]: KeepoutFilter: Received filter info from /keepout_costmap_filter_info topic.
[planner_server-12] [INFO] [1773994342.046718881] [global_costmap.global_costmap]: KeepoutFilter: Subscribing to "/keepout_filter_mask" topic for filter mask...
[controller_server-10] [INFO] [1773994342.070142551] [local_costmap.local_costmap]: KeepoutFilter: Received filter mask from /keepout_filter_mask topic.
[planner_server-12] [INFO] [1773994342.070389583] [global_costmap.global_costmap]: KeepoutFilter: Received filter mask from /keepout_filter_mask topic.
[lifecycle_manager-19] [INFO] [1773994342.154226332] [lifecycle_manager_navigation]: Server keepout_costmap_filter_info_server connected with bond.
[lifecycle_manager-19] [INFO] [1773994342.154352910] [lifecycle_manager_navigation]: [34m[1mManaged nodes are active[0m[0m
[lifecycle_manager-19] [INFO] [1773994342.154396367] [lifecycle_manager_navigation]: [34m[1mCreating bond timer...[0m[0m
[robot_sound-21] [0m[INFO] [1773994342.598061910] [robot_sound_node]: Received map (width=276, height=287, resolution=0.050 m/cell)[0m
[delivery_robot_main_controller-20] [0m[INFO] [1773994342.698299866] [main_controller_node]: Waiting for localization pose to be received from slam_toolbox/pose[0m
[delivery_robot_main_controller-20] [0m[INFO] [1773994342.705290539] [main_controller_node]: Acquired localization pose from TF map->base_link[0m
[call_robot_button-22] Error: Connection refused
[call_robot_button-22] 2026-03-20 15:12:23 mosquitto_pub -u smr -P smrbot25 -m "Poo,false" -t "Rsp" -r
[call_robot_button-22] [0m[INFO] [1773994343.903881438] [call_robot_button_node]: call_switch notified: station=Poo status=false.[0m
[delivery_robot_main_controller-20] [0m[INFO] [1773994344.713915549] [main_controller_node]: Nav2 is ready for use![0m
[delivery_robot_main_controller-20] [0m[INFO] [1773994344.758433735] [main_controller_node]: Robot is in STANDBY mode.[0m
[delivery_robot_main_controller-20] [33m[WARN] [1773994344.821988811] [main_controller_node]: Robot status id missing; refreshing before battery status.[0m
[delivery_robot_main_controller-20] [0m[INFO] [1773994345.731477201] [main_controller_node]: Current state: STANDBY, dock_state IDLE, charge_state NOT_CHARGE[0m
[delivery_robot_main_controller-20] [0m[INFO] [1773994346.770985293] [main_controller_node]: Current state: STANDBY, dock_state IDLE, charge_state NOT_CHARGE[0m
[delivery_robot_main_controller-20] [0m[INFO] [1773994346.874003011] [main_controller_node]: No pending queue found or unexpected format.[0m
[delivery_robot_main_controller-20] [0m[INFO] [1773994347.761520463] [main_controller_node]: Current state: STANDBY, dock_state IDLE, charge_state NOT_CHARGE[0m
[delivery_robot_main_controller-20] [0m[INFO] [1773994348.767025982] [main_controller_node]: Current state: STANDBY, dock_state IDLE, charge_state NOT_CHARGE[0m
[robot_sound-21] [0m[INFO] [1773994348.862485758] [robot_sound_node]: Obstacle detected but sound alarm disabled.[0m
[delivery_robot_main_controller-20] [0m[INFO] [1773994348.875627722] [main_controller_node]: No pending queue found or unexpected format.[0m
[delivery_robot_main_controller-20] [0m[INFO] [1773994349.780015071] [main_controller_node]: Current state: STANDBY, dock_state IDLE, charge_state NOT_CHARGE[0m
[delivery_robot_main_controller-20] [0m[INFO] [1773994350.730901232] [main_controller_node]: Current state: STANDBY, dock_state IDLE, charge_state NOT_CHARGE[0m
[delivery_robot_main_controller-20] [0m[INFO] [1773994350.833228603] [main_controller_node]: No pending queue found or unexpected format.[0m
[delivery_robot_main_controller-20] [0m[INFO] [1773994351.729250709] [main_controller_node]: Current state: STANDBY, dock_state IDLE, charge_state NOT_CHARGE[0m
[delivery_robot_main_controller-20] [0m[INFO] [1773994352.735252624] [main_controller_node]: Current state: STANDBY, dock_state IDLE, charge_state NOT_CHARGE[0m
[delivery_robot_main_controller-20] [0m[INFO] [1773994352.835164511] [main_controller_node]: No pending queue found or unexpected format.[0m
[delivery_robot_main_controller-20] [0m[INFO] [1773994353.726789046] [main_controller_node]: Current state: STANDBY, dock_state IDLE, charge_state NOT_CHARGE[0m
[delivery_robot_main_controller-20] [0m[INFO] [1773994354.731293314] [main_controller_node]: Current state: STANDBY, dock_state IDLE, charge_state NOT_CHARGE[0m
[delivery_robot_main_controller-20] [0m[INFO] [1773994354.829769967] [main_controller_node]: No pending queue found or unexpected format.[0m
[delivery_robot_main_controller-20] [0m[INFO] [1773994355.737601758] [main_controller_node]: Current state: STANDBY, dock_state IDLE, charge_state NOT_CHARGE[0m
[delivery_robot_main_controller-20] [0m[INFO] [1773994356.747914331] [main_controller_node]: Current state: STANDBY, dock_state IDLE, charge_state NOT_CHARGE[0m
[delivery_robot_main_controller-20] [0m[INFO] [1773994356.835845914] [main_controller_node]: No pending queue found or unexpected format.[0m
[delivery_robot_main_controller-20] [0m[INFO] [1773994357.819144546] [main_controller_node]: Current state: STANDBY, dock_state IDLE, charge_state NOT_CHARGE[0m
[delivery_robot_main_controller-20] [0m[INFO] [1773994358.843592751] [main_controller_node]: Current state: STANDBY, dock_state IDLE, charge_state NOT_CHARGE[0m
[delivery_robot_main_controller-20] [0m[INFO] [1773994358.944247190] [main_controller_node]: No pending queue found or unexpected format.[0m
[robot_sound-21] [0m[INFO] [1773994358.952515020] [robot_sound_node]: Obstacle detected but sound alarm disabled.[0m
[delivery_robot_main_controller-20] [0m[INFO] [1773994359.778572644] [main_controller_node]: Current state: STANDBY, dock_state IDLE, charge_state NOT_CHARGE[0m
[delivery_robot_main_controller-20] [0m[INFO] [1773994360.746739351] [main_controller_node]: Current state: STANDBY, dock_state IDLE, charge_state NOT_CHARGE[0m
[delivery_robot_main_controller-20] [0m[INFO] [1773994360.814742163] [main_controller_node]: No pending queue found or unexpected format.[0m
[delivery_robot_main_controller-20] [0m[INFO] [1773994361.765169260] [main_controller_node]: Current state: STANDBY, dock_state IDLE, charge_state NOT_CHARGE[0m
[delivery_robot_main_controller-20] [0m[INFO] [1773994362.730482417] [main_controller_node]: Current state: STANDBY, dock_state IDLE, charge_state NOT_CHARGE[0m
[delivery_robot_main_controller-20] [0m[INFO] [1773994362.843349608] [main_controller_node]: No pending queue found or unexpected format.[0m
[delivery_robot_main_controller-20] [0m[INFO] [1773994363.790930738] [main_controller_node]: Current state: STANDBY, dock_state IDLE, charge_state NOT_CHARGE[0m
[delivery_robot_main_controller-20] [0m[INFO] [1773994364.728458527] [main_controller_node]: Current state: STANDBY, dock_state IDLE, charge_state NOT_CHARGE[0m
[delivery_robot_main_controller-20] [0m[INFO] [1773994364.800440385] [main_controller_node]: No pending queue found or unexpected format.[0m
[delivery_robot_main_controller-20] [0m[INFO] [1773994365.731848674] [main_controller_node]: Current state: STANDBY, dock_state IDLE, charge_state NOT_CHARGE[0m
[delivery_robot_main_controller-20] [0m[INFO] [1773994366.731984245] [main_controller_node]: Current state: STANDBY, dock_state IDLE, charge_state NOT_CHARGE[0m
[delivery_robot_main_controller-20] [0m[INFO] [1773994366.817740083] [main_controller_node]: No pending queue found or unexpected format.[0m
[delivery_robot_main_controller-20] [0m[INFO] [1773994367.803612860] [main_controller_node]: Current state: STANDBY, dock_state IDLE, charge_state NOT_CHARGE[0m
[delivery_robot_main_controller-20] [0m[INFO] [1773994368.765422076] [main_controller_node]: Current state: STANDBY, dock_state IDLE, charge_state NOT_CHARGE[0m
[delivery_robot_main_controller-20] [0m[INFO] [1773994368.850644770] [main_controller_node]: No pending queue found or unexpected format.[0m
[robot_sound-21] [0m[INFO] [1773994369.041938806] [robot_sound_node]: Obstacle detected but sound alarm disabled.[0m
[delivery_robot_main_controller-20] [0m[INFO] [1773994369.742923195] [main_controller_node]: Current state: STANDBY, dock_state IDLE, charge_state NOT_CHARGE[0m
[delivery_robot_main_controller-20] [0m[INFO] [1773994370.802229104] [main_controller_node]: Current state: STANDBY, dock_state IDLE, charge_state NOT_CHARGE[0m
[delivery_robot_main_controller-20] [0m[INFO] [1773994370.866522942] [main_controller_node]: No pending queue found or unexpected format.[0m
[delivery_robot_main_controller-20] [0m[INFO] [1773994371.732158120] [main_controller_node]: Current state: STANDBY, dock_state IDLE, charge_state NOT_CHARGE[0m
[delivery_robot_main_controller-20] [0m[INFO] [1773994372.746303911] [main_controller_node]: Current state: STANDBY, dock_state IDLE, charge_state NOT_CHARGE[0m
[delivery_robot_main_controller-20] [0m[INFO] [1773994372.824548764] [main_controller_node]: No pending queue found or unexpected format.[0m
[delivery_robot_main_controller-20] [0m[INFO] [1773994373.745537977] [main_controller_node]: Current state: STANDBY, dock_state IDLE, charge_state NOT_CHARGE[0m
[delivery_robot_main_controller-20] [0m[INFO] [1773994374.733800574] [main_controller_node]: Current state: STANDBY, dock_state IDLE, charge_state NOT_CHARGE[0m
[delivery_robot_main_controller-20] [0m[INFO] [1773994374.814055219] [main_controller_node]: No pending queue found or unexpected format.[0m
[delivery_robot_main_controller-20] [0m[INFO] [1773994375.751647173] [main_controller_node]: Current state: STANDBY, dock_state IDLE, charge_state NOT_CHARGE[0m
[delivery_robot_main_controller-20] [0m[INFO] [1773994376.770019917] [main_controller_node]: Current state: STANDBY, dock_state IDLE, charge_state NOT_CHARGE[0m
[delivery_robot_main_controller-20] [0m[INFO] [1773994376.873541031] [main_controller_node]: No pending queue found or unexpected format.[0m
[delivery_robot_main_controller-20] [0m[INFO] [1773994377.757069813] [main_controller_node]: Current state: STANDBY, dock_state IDLE, charge_state NOT_CHARGE[0m
[delivery_robot_main_controller-20] [0m[INFO] [1773994378.809057229] [main_controller_node]: Current state: STANDBY, dock_state IDLE, charge_state NOT_CHARGE[0m
[delivery_robot_main_controller-20] [0m[INFO] [1773994378.918560766] [main_controller_node]: No pending queue found or unexpected format.[0m
[robot_sound-21] [0m[INFO] [1773994379.134310639] [robot_sound_node]: Obstacle detected but sound alarm disabled.[0m
[delivery_robot_main_controller-20] [0m[INFO] [1773994379.733391139] [main_controller_node]: Current state: STANDBY, dock_state IDLE, charge_state NOT_CHARGE[0m
[delivery_robot_main_controller-20] [0m[INFO] [1773994380.732139892] [main_controller_node]: Current state: STANDBY, dock_state IDLE, charge_state NOT_CHARGE[0m
[delivery_robot_main_controller-20] [0m[INFO] [1773994380.827248516] [main_controller_node]: No pending queue found or unexpected format.[0m
[delivery_robot_main_controller-20] [0m[INFO] [1773994381.734081419] [main_controller_node]: Current state: STANDBY, dock_state IDLE, charge_state NOT_CHARGE[0m
[delivery_robot_main_controller-20] [0m[INFO] [1773994382.780601135] [main_controller_node]: Current state: STANDBY, dock_state IDLE, charge_state NOT_CHARGE[0m
[delivery_robot_main_controller-20] [0m[INFO] [1773994382.880329094] [main_controller_node]: No pending queue found or unexpected format.[0m
[delivery_robot_main_controller-20] [0m[INFO] [1773994383.735764852] [main_controller_node]: Current state: STANDBY, dock_state IDLE, charge_state NOT_CHARGE[0m
[delivery_robot_main_controller-20] [0m[INFO] [1773994384.766458488] [main_controller_node]: Current state: STANDBY, dock_state IDLE, charge_state NOT_CHARGE[0m
[delivery_robot_main_controller-20] [0m[INFO] [1773994384.883959325] [main_controller_node]: No pending queue found or unexpected format.[0m
[delivery_robot_main_controller-20] [0m[INFO] [1773994385.740220466] [main_controller_node]: Current state: STANDBY, dock_state IDLE, charge_state NOT_CHARGE[0m
[delivery_robot_main_controller-20] [0m[INFO] [1773994386.787958134] [main_controller_node]: Current state: STANDBY, dock_state IDLE, charge_state NOT_CHARGE[0m
[delivery_robot_main_controller-20] [0m[INFO] [1773994386.901773617] [main_controller_node]: No pending queue found or unexpected format.[0m
[delivery_robot_main_controller-20] [0m[INFO] [1773994387.786056689] [main_controller_node]: Current state: STANDBY, dock_state IDLE, charge_state NOT_CHARGE[0m
[delivery_robot_main_controller-20] [0m[INFO] [1773994388.730808318] [main_controller_node]: Current state: STANDBY, dock_state IDLE, charge_state NOT_CHARGE[0m
[delivery_robot_main_controller-20] [0m[INFO] [1773994388.845354689] [main_controller_node]: No pending queue found or unexpected format.[0m
[robot_sound-21] [0m[INFO] [1773994389.226804550] [robot_sound_node]: Obstacle detected but sound alarm disabled.[0m
[delivery_robot_main_controller-20] [0m[INFO] [1773994389.729407645] [main_controller_node]: Current state: STANDBY, dock_state IDLE, charge_state NOT_CHARGE[0m
[delivery_robot_main_controller-20] [0m[INFO] [1773994390.730070431] [main_controller_node]: Current state: STANDBY, dock_state IDLE, charge_state NOT_CHARGE[0m
[delivery_robot_main_controller-20] [0m[INFO] [1773994390.891050917] [main_controller_node]: No pending queue found or unexpected format.[0m
[delivery_robot_main_controller-20] [0m[INFO] [1773994391.720803236] [main_controller_node]: Current state: STANDBY, dock_state IDLE, charge_state NOT_CHARGE[0m
[delivery_robot_main_controller-20] [0m[INFO] [1773994392.732459960] [main_controller_node]: Current state: STANDBY, dock_state IDLE, charge_state NOT_CHARGE[0m
[delivery_robot_main_controller-20] [0m[INFO] [1773994392.854823271] [main_controller_node]: No pending queue found or unexpected format.[0m
[delivery_robot_main_controller-20] [0m[INFO] [1773994393.729796712] [main_controller_node]: Current state: STANDBY, dock_state IDLE, charge_state NOT_CHARGE[0m
[delivery_robot_main_controller-20] [0m[INFO] [1773994394.726525362] [main_controller_node]: Current state: STANDBY, dock_state IDLE, charge_state NOT_CHARGE[0m
[delivery_robot_main_controller-20] [0m[INFO] [1773994394.838684827] [main_controller_node]: No pending queue found or unexpected format.[0m
[delivery_robot_main_controller-20] [0m[INFO] [1773994395.723347634] [main_controller_node]: Current state: STANDBY, dock_state IDLE, charge_state NOT_CHARGE[0m
[controller_server-10] [WARN] [1773994395.856467184] [local_costmap.local_costmap]: Sensor origin at (0.00, 0.00) is out of map bounds (111.05, -1.95) to (115.03, 2.02). The costmap cannot raytrace for it.
[planner_server-12] [WARN] [1773994395.887808732] [nav2_costmap_2d]: Robot is out of bounds of the costmap!
[controller_server-10] [WARN] [1773994395.956539879] [local_costmap.local_costmap]: Sensor origin at (103.45, 0.03) is out of map bounds (105.70, -1.95) to (109.68, 2.02). The costmap cannot raytrace for it.
[controller_server-10] [WARN] [1773994396.056466746] [local_costmap.local_costmap]: Sensor origin at (108.71, 0.03) is out of map bounds (100.65, -1.95) to (104.63, 2.02). The costmap cannot raytrace for it.
[controller_server-10] [WARN] [1773994396.156374656] [local_costmap.local_costmap]: Sensor origin at (104.02, 0.03) is out of map bounds (96.30, -1.95) to (100.28, 2.02). The costmap cannot raytrace for it.
[controller_server-10] [WARN] [1773994396.256475642] [local_costmap.local_costmap]: Sensor origin at (101.26, 0.03) is out of map bounds (94.60, -1.95) to (98.58, 2.02). The costmap cannot raytrace for it.
[controller_server-10] [WARN] [1773994396.356463757] [local_costmap.local_costmap]: Sensor origin at (96.58, 0.03) is out of map bounds (90.85, -1.95) to (94.83, 2.02). The costmap cannot raytrace for it.
[planner_server-12] [WARN] [1773994396.387803263] [nav2_costmap_2d]: Robot is out of bounds of the costmap!
[planner_server-12] [WARN] [1773994396.387857803] [global_costmap.global_costmap]: Sensor origin at (96.64, 6.72) is out of map bounds (-8.00, -4.60) to (5.78, 9.72). The costmap cannot raytrace for it.
[controller_server-10] [WARN] [1773994396.456455955] [local_costmap.local_costmap]: Sensor origin at (92.80, 0.03) is out of map bounds (87.75, -1.95) to (91.73, 2.02). The costmap cannot raytrace for it.
[controller_server-10] [WARN] [1773994396.556455445] [local_costmap.local_costmap]: Sensor origin at (89.87, 0.03) is out of map bounds (85.20, -1.95) to (89.18, 2.02). The costmap cannot raytrace for it.
[controller_server-10] [WARN] [1773994396.656465434] [local_costmap.local_costmap]: Sensor origin at (87.78, 0.03) is out of map bounds (83.60, -1.95) to (87.58, 2.02). The costmap cannot raytrace for it.
[delivery_robot_main_controller-20] [0m[INFO] [1773994396.745509483] [main_controller_node]: Current state: STANDBY, dock_state IDLE, charge_state NOT_CHARGE[0m
[controller_server-10] [WARN] [1773994396.756761537] [local_costmap.local_costmap]: Sensor origin at (86.07, 0.03) is out of map bounds (81.95, -1.95) to (85.93, 2.02). The costmap cannot raytrace for it.
[delivery_robot_main_controller-20] [0m[INFO] [1773994396.855025970] [main_controller_node]: 1 pending queues [0m
[delivery_robot_main_controller-20] [0m[INFO] [1773994396.856018181] [main_controller_node]: Queue action: Request[0m
[planner_server-12] [WARN] [1773994396.887807711] [nav2_costmap_2d]: Robot is out of bounds of the costmap!
[planner_server-12] [WARN] [1773994396.887857584] [global_costmap.global_costmap]: Sensor origin at (85.39, 5.93) is out of map bounds (-8.00, -4.60) to (5.78, 9.72). The costmap cannot raytrace for it.
[delivery_robot_main_controller-20] [0m[INFO] [1773994396.944201556] [main_controller_node]: AGV start_pos: x=0.30, y=-0.05[0m
[delivery_robot_main_controller-20] [0m[INFO] [1773994396.947286392] [main_controller_node]: AGV goal_pos: x=-0.53, y=5.87[0m
[delivery_robot_main_controller-20] Graph before shortest_path: Graph with 19 nodes and 21 edges
[delivery_robot_main_controller-20] [0m[INFO] [1773994397.015835546] [main_controller_node]: Computed AGV path waypoints:[0m
[delivery_robot_main_controller-20] [0m[INFO] [1773994397.016528519] [main_controller_node]:   Waypoint 0: x=0.30, y=-0.05[0m
[delivery_robot_main_controller-20] [0m[INFO] [1773994397.017120287] [main_controller_node]:   Waypoint 1: x=0.79, y=0.93[0m
[delivery_robot_main_controller-20] [0m[INFO] [1773994397.017677640] [main_controller_node]:   Waypoint 2: x=0.59, y=5.21[0m
[delivery_robot_main_controller-20] [0m[INFO] [1773994397.018222451] [main_controller_node]:   Waypoint 3: x=-0.53, y=5.87[0m
[delivery_robot_main_controller-20] [0m[INFO] [1773994397.019268910] [main_controller_node]: Navigating with 4 goals....[0m
[bt_navigator-14] [INFO] [1773994397.021495405] [bt_navigator]: Begin navigating from current location through 4 poses to (-0.53, 5.87)
[delivery_robot_main_controller-20] [0m[INFO] [1773994397.021931138] [main_controller_node]: State change: STANDBY -> MOVE[0m
[planner_server-12] [WARN] [1773994397.023480993] [planner_server]: GridBased plugin failed to plan from (80.86, 5.61) to (0.30, -0.05): "Start Coordinates of(80.856415, 5.613677) was outside bounds"
[planner_server-12] [WARN] [1773994397.023545740] [planner_server]: [compute_path_through_poses] [ActionServer] Aborting handle.
[delivery_robot_main_controller-20] [0m[INFO] [1773994397.038217450] [main_controller_node]: Robot is MOVING.[0m
[bt_navigator-14] [WARN] [1773994397.042129711] [bt_navigator]: [navigate_through_poses] [ActionServer] Aborting handle.
[bt_navigator-14] [ERROR] [1773994397.043141754] [bt_navigator]: Goal failed
[delivery_robot_main_controller-20] [33m[WARN] [1773994397.045140758] [main_controller_node]: Goal failed![0m
[delivery_robot_main_controller-20] [33m[WARN] [1773994397.046131510] [main_controller_node]: Blocked lane encountered; stopping with FAILED per setting.[0m
[delivery_robot_main_controller-20] [0m[INFO] [1773994397.046708988] [main_controller_node]: State change: MOVE -> SAFE_STOP[0m
[delivery_robot_main_controller-20] [0m[INFO] [1773994397.063049547] [main_controller_node]: Robot is in SAFE_STOP. Awaiting user to switch to STANDBY.[0m
[delivery_robot_main_controller-20] [0m[INFO] [1773994397.064565279] [main_controller_node]: Robot is in SAFE_STOP. Awaiting user to switch to STANDBY.[0m
[planner_server-12] [WARN] [1773994397.387882739] [nav2_costmap_2d]: Robot is out of bounds of the costmap!
[planner_server-12] [WARN] [1773994397.387964111] [global_costmap.global_costmap]: Sensor origin at (79.17, 5.50) is out of map bounds (-8.00, -4.60) to (5.78, 9.72). The costmap cannot raytrace for it.
[delivery_robot_main_controller-20] [0m[INFO] [1773994397.740472745] [main_controller_node]: Current state: SAFE_STOP, dock_state IDLE, charge_state NOT_CHARGE[0m
[call_robot_button-22] Error: Connection refused
[call_robot_button-22] 2026-03-20 15:13:17 mosquitto_pub -u smr -P smrbot25 -m "Auu,blink" -t "Rsp" -r
[planner_server-12] [WARN] [1773994397.887816314] [nav2_costmap_2d]: Robot is out of bounds of the costmap!
[planner_server-12] [INFO] [1773994397.887850730] [global_costmap.global_costmap]: StaticLayer: Resizing costmap to 2271 X 423 at 0.050000 m/pix
[call_robot_button-22] [0m[INFO] [1773994397.905210624] [call_robot_button_node]: call_switch notified: station=Auu status=blink.[0m
[delivery_robot_main_controller-20] [0m[INFO] [1773994398.076741733] [main_controller_node]: Published message: "safe_stop"[0m
[robot_sound-21] [0m[INFO] [1773994398.079179094] [robot_sound_node]: 🔔 Received sound command: safe_stop[0m
[robot_sound-21] [33m[WARN] [1773994398.082692663] [robot_sound_node]: Sound file not found: /home/smr/workspaces/mini_amr/amrROS2_ws/sounds/robot_safestop.wav[0m
[delivery_robot_main_controller-20] [0m[INFO] [1773994398.773100054] [main_controller_node]: Current state: SAFE_STOP, dock_state IDLE, charge_state NOT_CHARGE[0m
[robot_sound-21] [0m[INFO] [1773994399.314469360] [robot_sound_node]: Obstacle detected but sound alarm disabled.[0m
[delivery_robot_main_controller-20] [0m[INFO] [1773994399.740092427] [main_controller_node]: Current state: SAFE_STOP, dock_state IDLE, charge_state NOT_CHARGE[0m
[delivery_robot_main_controller-20] [0m[INFO] [1773994400.758885951] [main_controller_node]: Current state: SAFE_STOP, dock_state IDLE, charge_state NOT_CHARGE[0m
[delivery_robot_main_controller-20] [0m[INFO] [1773994401.119792794] [main_controller_node]: SAFE_STOP cleared to STANDBY via API/GUI.[0m
[delivery_robot_main_controller-20] [0m[INFO] [1773994401.139422349] [main_controller_node]: Pre-resume: waiting 3 seconds before wiggle...[0m
[delivery_robot_main_controller-20] [0m[INFO] [1773994401.730775796] [main_controller_node]: Current state: SAFE_STOP, dock_state IDLE, charge_state NOT_CHARGE[0m
[delivery_robot_main_controller-20] [0m[INFO] [1773994402.801715501] [main_controller_node]: Current state: SAFE_STOP, dock_state IDLE, charge_state NOT_CHARGE[0m
[planner_server-12] [INFO] [1773994402.887821417] [global_costmap.global_costmap]: StaticLayer: Resizing costmap to 2271 X 460 at 0.050000 m/pix
[delivery_robot_main_controller-20] [0m[INFO] [1773994403.734674349] [main_controller_node]: Current state: SAFE_STOP, dock_state IDLE, charge_state NOT_CHARGE[0m
[delivery_robot_main_controller-20] [0m[INFO] [1773994404.144815488] [main_controller_node]: Pre-resume wiggle: หมุนตามเข็ม 0.5 rad[0m
[delivery_robot_main_controller-20] [0m[INFO] [1773994404.812195543] [main_controller_node]: Current state: SAFE_STOP, dock_state IDLE, charge_state NOT_CHARGE[0m
[delivery_robot_main_controller-20] [0m[INFO] [1773994405.725741536] [main_controller_node]: Current state: SAFE_STOP, dock_state IDLE, charge_state NOT_CHARGE[0m
[delivery_robot_main_controller-20] [0m[INFO] [1773994405.925619187] [main_controller_node]: Pre-resume wiggle: หมุนทวนเข็ม 1.0 rad[0m
[delivery_robot_main_controller-20] [0m[INFO] [1773994406.770807935] [main_controller_node]: Current state: SAFE_STOP, dock_state IDLE, charge_state NOT_CHARGE[0m
[delivery_robot_main_controller-20] [0m[INFO] [1773994407.724637913] [main_controller_node]: Current state: SAFE_STOP, dock_state IDLE, charge_state NOT_CHARGE[0m
[delivery_robot_main_controller-20] [0m[INFO] [1773994408.721036410] [main_controller_node]: Current state: SAFE_STOP, dock_state IDLE, charge_state NOT_CHARGE[0m
[delivery_robot_main_controller-20] [0m[INFO] [1773994409.393215941] [main_controller_node]: Pre-resume wiggle: หมุนซ้าย 0.5 rad[0m
[robot_sound-21] [0m[INFO] [1773994409.409442464] [robot_sound_node]: Obstacle detected but sound alarm disabled.[0m
[delivery_robot_main_controller-20] [0m[INFO] [1773994409.722010684] [main_controller_node]: Current state: SAFE_STOP, dock_state IDLE, charge_state NOT_CHARGE[0m
[delivery_robot_main_controller-20] [0m[INFO] [1773994410.733343963] [main_controller_node]: Current state: SAFE_STOP, dock_state IDLE, charge_state NOT_CHARGE[0m
[delivery_robot_main_controller-20] [0m[INFO] [1773994411.182517303] [main_controller_node]: Pre-resume wiggle complete. Switching to STANDBY.[0m
[delivery_robot_main_controller-20] [0m[INFO] [1773994411.183182860] [main_controller_node]: State change: SAFE_STOP -> STANDBY[0m
[delivery_robot_main_controller-20] [0m[INFO] [1773994411.198073310] [main_controller_node]: Robot is in STANDBY mode.[0m
[delivery_robot_main_controller-20] [0m[INFO] [1773994411.786712324] [main_controller_node]: Current state: STANDBY, dock_state IDLE, charge_state NOT_CHARGE[0m
[delivery_robot_main_controller-20] [0m[INFO] [1773994412.734048018] [main_controller_node]: Current state: STANDBY, dock_state IDLE, charge_state NOT_CHARGE[0m
[delivery_robot_main_controller-20] [0m[INFO] [1773994412.820605416] [main_controller_node]: 2 pending queues [0m
[delivery_robot_main_controller-20] [0m[INFO] [1773994412.821543670] [main_controller_node]: Queue action: Request[0m
[delivery_robot_main_controller-20] [0m[INFO] [1773994412.853979799] [main_controller_node]: AGV start_pos: x=78.61, y=11.05[0m
[delivery_robot_main_controller-20] [0m[INFO] [1773994412.854514112] [main_controller_node]: AGV goal_pos: x=-0.53, y=5.87[0m
[delivery_robot_main_controller-20] Graph before shortest_path: Graph with 19 nodes and 21 edges
[delivery_robot_main_controller-20] [0m[INFO] [1773994412.893130996] [main_controller_node]: Computed AGV path waypoints:[0m
[delivery_robot_main_controller-20] [0m[INFO] [1773994412.893778762] [main_controller_node]:   Waypoint 0: x=78.61, y=11.05[0m
[delivery_robot_main_controller-20] [0m[INFO] [1773994412.894349822] [main_controller_node]:   Waypoint 1: x=3.30, y=5.51[0m
[delivery_robot_main_controller-20] [0m[INFO] [1773994412.894896676] [main_controller_node]:   Waypoint 2: x=0.59, y=5.21[0m
[delivery_robot_main_controller-20] [0m[INFO] [1773994412.895433613] [main_controller_node]:   Waypoint 3: x=-0.53, y=5.87[0m
[delivery_robot_main_controller-20] [0m[INFO] [1773994412.896571359] [main_controller_node]: Navigating with 4 goals....[0m
[bt_navigator-14] [INFO] [1773994412.900825149] [bt_navigator]: Begin navigating from current location through 4 poses to (-0.53, 5.87)
[delivery_robot_main_controller-20] [0m[INFO] [1773994412.902643910] [main_controller_node]: State change: STANDBY -> MOVE[0m
[delivery_robot_main_controller-20] [0m[INFO] [1773994412.922122387] [main_controller_node]: Robot is MOVING.[0m
[planner_server-12] [WARN] [1773994412.932658427] [planner_server]: GridBased plugin failed to plan from (78.61, 11.05) to (3.30, 5.51): "Failed to create plan with tolerance of: 0.500000"
[planner_server-12] [WARN] [1773994412.932777130] [planner_server]: [compute_path_through_poses] [ActionServer] Aborting handle.
[planner_server-12] [INFO] [1773994412.951691546] [global_costmap.global_costmap]: Received request to clear entirely the global_costmap
[planner_server-12] [INFO] [1773994412.956619934] [global_costmap.global_costmap]: KeepoutFilter: Subscribing to "/keepout_costmap_filter_info" topic for filter info...
[planner_server-12] [INFO] [1773994412.965124597] [global_costmap.global_costmap]: KeepoutFilter: Received filter info from /keepout_costmap_filter_info topic.
[planner_server-12] [INFO] [1773994412.965232509] [global_costmap.global_costmap]: KeepoutFilter: Subscribing to "/keepout_filter_mask" topic for filter mask...
[planner_server-12] [WARN] [1773994412.969662458] [global_costmap.global_costmap]: KeepoutFilter: New filter mask arrived from /keepout_filter_mask topic. Updating old filter mask.
[planner_server-12] [WARN] [1773994413.450184346] [planner_server]: GridBased plugin failed to plan from (78.61, 11.05) to (3.30, 5.51): "Failed to create plan with tolerance of: 0.500000"
[planner_server-12] [WARN] [1773994413.450282634] [planner_server]: [compute_path_through_poses] [ActionServer] Aborting handle.
[controller_server-10] [INFO] [1773994413.463148415] [local_costmap.local_costmap]: Received request to clear entirely the local_costmap
[controller_server-10] [INFO] [1773994413.469707154] [local_costmap.local_costmap]: KeepoutFilter: Subscribing to "/keepout_costmap_filter_info" topic for filter info...
[planner_server-12] [INFO] [1773994413.472798990] [global_costmap.global_costmap]: Received request to clear entirely the global_costmap
[controller_server-10] [INFO] [1773994413.475190562] [local_costmap.local_costmap]: KeepoutFilter: Received filter info from /keepout_costmap_filter_info topic.
[controller_server-10] [INFO] [1773994413.475244226] [local_costmap.local_costmap]: KeepoutFilter: Subscribing to "/keepout_filter_mask" topic for filter mask...
[planner_server-12] [INFO] [1773994413.479016493] [global_costmap.global_costmap]: KeepoutFilter: Subscribing to "/keepout_costmap_filter_info" topic for filter info...
[controller_server-10] [WARN] [1773994413.486392450] [local_costmap.local_costmap]: KeepoutFilter: New filter mask arrived from /keepout_filter_mask topic. Updating old filter mask.
[planner_server-12] [INFO] [1773994413.490221590] [global_costmap.global_costmap]: KeepoutFilter: Received filter info from /keepout_costmap_filter_info topic.
[planner_server-12] [INFO] [1773994413.490319295] [global_costmap.global_costmap]: KeepoutFilter: Subscribing to "/keepout_filter_mask" topic for filter mask...
[planner_server-12] [WARN] [1773994413.507970552] [global_costmap.global_costmap]: KeepoutFilter: New filter mask arrived from /keepout_filter_mask topic. Updating old filter mask.
[planner_server-12] [WARN] [1773994413.932711362] [planner_server]: GridBased plugin failed to plan from (78.61, 11.05) to (3.30, 5.51): "Failed to create plan with tolerance of: 0.500000"
[planner_server-12] [WARN] [1773994413.932892188] [planner_server]: [compute_path_through_poses] [ActionServer] Aborting handle.
[planner_server-12] [INFO] [1773994413.952003763] [global_costmap.global_costmap]: Received request to clear entirely the global_costmap
[planner_server-12] [INFO] [1773994413.956609289] [global_costmap.global_costmap]: KeepoutFilter: Subscribing to "/keepout_costmap_filter_info" topic for filter info...
[planner_server-12] [INFO] [1773994413.963080532] [global_costmap.global_costmap]: KeepoutFilter: Received filter info from /keepout_costmap_filter_info topic.
[planner_server-12] [INFO] [1773994413.963130696] [global_costmap.global_costmap]: KeepoutFilter: Subscribing to "/keepout_filter_mask" topic for filter mask...
[planner_server-12] [WARN] [1773994413.969500735] [global_costmap.global_costmap]: KeepoutFilter: New filter mask arrived from /keepout_filter_mask topic. Updating old filter mask.
[planner_server-12] [WARN] [1773994414.429953544] [planner_server]: GridBased plugin failed to plan from (78.61, 11.05) to (3.30, 5.51): "Failed to create plan with tolerance of: 0.500000"
[planner_server-12] [WARN] [1773994414.430040457] [planner_server]: [compute_path_through_poses] [ActionServer] Aborting handle.
[behavior_server-13] [INFO] [1773994414.442611959] [behavior_server]: Running wait
[behavior_server-13] [INFO] [1773994419.442913091] [behavior_server]: wait completed successfully
[planner_server-12] [WARN] [1773994419.475587503] [planner_server]: GridBased plugin failed to plan from (78.61, 11.05) to (3.30, 5.51): "Failed to create plan with tolerance of: 0.500000"
[planner_server-12] [WARN] [1773994419.475735372] [planner_server]: [compute_path_through_poses] [ActionServer] Aborting handle.
[planner_server-12] [INFO] [1773994419.491690655] [global_costmap.global_costmap]: Received request to clear entirely the global_costmap
[planner_server-12] [INFO] [1773994419.495891947] [global_costmap.global_costmap]: KeepoutFilter: Subscribing to "/keepout_costmap_filter_info" topic for filter info...
[robot_sound-21] [0m[INFO] [1773994419.498034737] [robot_sound_node]: Obstacle detected but sound alarm disabled.[0m
[planner_server-12] [INFO] [1773994419.503794925] [global_costmap.global_costmap]: KeepoutFilter: Received filter info from /keepout_costmap_filter_info topic.
[planner_server-12] [INFO] [1773994419.503911295] [global_costmap.global_costmap]: KeepoutFilter: Subscribing to "/keepout_filter_mask" topic for filter mask...
[planner_server-12] [WARN] [1773994419.508475698] [global_costmap.global_costmap]: KeepoutFilter: New filter mask arrived from /keepout_filter_mask topic. Updating old filter mask.
[planner_server-12] [WARN] [1773994419.919466136] [planner_server]: GridBased plugin failed to plan from (78.61, 11.05) to (3.30, 5.51): "Failed to create plan with tolerance of: 0.500000"
[planner_server-12] [WARN] [1773994419.919541092] [planner_server]: [compute_path_through_poses] [ActionServer] Aborting handle.
[controller_server-10] [INFO] [1773994419.931722942] [local_costmap.local_costmap]: Received request to clear entirely the local_costmap
[controller_server-10] [INFO] [1773994419.937514045] [local_costmap.local_costmap]: KeepoutFilter: Subscribing to "/keepout_costmap_filter_info" topic for filter info...
[planner_server-12] [INFO] [1773994419.941771043] [global_costmap.global_costmap]: Received request to clear entirely the global_costmap
[controller_server-10] [INFO] [1773994419.946289947] [local_costmap.local_costmap]: KeepoutFilter: Received filter info from /keepout_costmap_filter_info topic.
[controller_server-10] [INFO] [1773994419.946355277] [local_costmap.local_costmap]: KeepoutFilter: Subscribing to "/keepout_filter_mask" topic for filter mask...
[planner_server-12] [INFO] [1773994419.954945395] [global_costmap.global_costmap]: KeepoutFilter: Subscribing to "/keepout_costmap_filter_info" topic for filter info...
[controller_server-10] [WARN] [1773994419.955930606] [local_costmap.local_costmap]: KeepoutFilter: New filter mask arrived from /keepout_filter_mask topic. Updating old filter mask.
[planner_server-12] [INFO] [1773994419.966057746] [global_costmap.global_costmap]: KeepoutFilter: Received filter info from /keepout_costmap_filter_info topic.
[planner_server-12] [INFO] [1773994419.966155158] [global_costmap.global_costmap]: KeepoutFilter: Subscribing to "/keepout_filter_mask" topic for filter mask...
[planner_server-12] [WARN] [1773994419.980952863] [global_costmap.global_costmap]: KeepoutFilter: New filter mask arrived from /keepout_filter_mask topic. Updating old filter mask.
[planner_server-12] [WARN] [1773994420.436490117] [planner_server]: GridBased plugin failed to plan from (78.61, 11.05) to (3.30, 5.51): "Failed to create plan with tolerance of: 0.500000"
[planner_server-12] [WARN] [1773994420.436640028] [planner_server]: [compute_path_through_poses] [ActionServer] Aborting handle.
[planner_server-12] [INFO] [1773994420.451904088] [global_costmap.global_costmap]: Received request to clear entirely the global_costmap
[planner_server-12] [INFO] [1773994420.457042759] [global_costmap.global_costmap]: KeepoutFilter: Subscribing to "/keepout_costmap_filter_info" topic for filter info...
[planner_server-12] [INFO] [1773994420.461782155] [global_costmap.global_costmap]: KeepoutFilter: Received filter info from /keepout_costmap_filter_info topic.
[planner_server-12] [INFO] [1773994420.461884817] [global_costmap.global_costmap]: KeepoutFilter: Subscribing to "/keepout_filter_mask" topic for filter mask...
[planner_server-12] [WARN] [1773994420.466429970] [global_costmap.global_costmap]: KeepoutFilter: New filter mask arrived from /keepout_filter_mask topic. Updating old filter mask.
[planner_server-12] [WARN] [1773994420.935850298] [planner_server]: GridBased plugin failed to plan from (78.61, 11.05) to (3.30, 5.51): "Failed to create plan with tolerance of: 0.500000"
[planner_server-12] [WARN] [1773994420.936031124] [planner_server]: [compute_path_through_poses] [ActionServer] Aborting handle.
[bt_navigator-14] [WARN] [1773994420.961235957] [bt_navigator]: [navigate_through_poses] [ActionServer] Aborting handle.
[bt_navigator-14] [ERROR] [1773994420.961694148] [bt_navigator]: Goal failed
[delivery_robot_main_controller-20] [33m[WARN] [1773994420.963549949] [main_controller_node]: Goal failed![0m
[delivery_robot_main_controller-20] [33m[WARN] [1773994420.964543618] [main_controller_node]: Blocked lane encountered; stopping with FAILED per setting.[0m
[delivery_robot_main_controller-20] [0m[INFO] [1773994420.965165718] [main_controller_node]: State change: MOVE -> SAFE_STOP[0m
[delivery_robot_main_controller-20] [0m[INFO] [1773994420.988493167] [main_controller_node]: Robot is in SAFE_STOP. Awaiting user to switch to STANDBY.[0m
[delivery_robot_main_controller-20] [0m[INFO] [1773994420.994083321] [main_controller_node]: Robot is in SAFE_STOP. Awaiting user to switch to STANDBY.[0m
[delivery_robot_main_controller-20] [0m[INFO] [1773994421.017477559] [main_controller_node]: Current state: SAFE_STOP, dock_state IDLE, charge_state NOT_CHARGE[0m
[delivery_robot_main_controller-20] [0m[INFO] [1773994421.757650933] [main_controller_node]: Current state: SAFE_STOP, dock_state IDLE, charge_state NOT_CHARGE[0m
[robot_sound-21] [0m[INFO] [1773994422.012805973] [robot_sound_node]: 🔔 Received sound command: safe_stop[0m
[delivery_robot_main_controller-20] [0m[INFO] [1773994422.014812268] [main_controller_node]: Published message: "safe_stop"[0m
[robot_sound-21] [33m[WARN] [1773994422.015277750] [robot_sound_node]: Sound file not found: /home/smr/workspaces/mini_amr/amrROS2_ws/sounds/robot_safestop.wav[0m
                                                                                                                                                                                                                                                                                                                                                                                                                                                                                                                                                                                                                                          