[0.446s] Invoking command in '/home/smr/workspaces/mini_amr/amrROS2_ws/build/bringup': CMAKE_PREFIX_PATH=${CMAKE_PREFIX_PATH}:/home/smr/workspaces/mini_amr/amrROS2_ws/install/wis_pkg:/home/smr/workspaces/mini_amr/amrROS2_ws/install/robot_data_tool:/home/smr/workspaces/mini_amr/amrROS2_ws/install/python_pkg:/home/smr/workspaces/mini_amr/amrROS2_ws/install/action_autodock:/opt/ros/jazzy DEBUGINFOD_URLS=https://debuginfod.ubuntu.com /usr/bin/cmake --build /home/smr/workspaces/mini_amr/amrROS2_ws/build/bringup -- -j8 -l8
[1.264s] Invoked command in '/home/smr/workspaces/mini_amr/amrROS2_ws/build/bringup' returned '0': CMAKE_PREFIX_PATH=${CMAKE_PREFIX_PATH}:/home/smr/workspaces/mini_amr/amrROS2_ws/install/wis_pkg:/home/smr/workspaces/mini_amr/amrROS2_ws/install/robot_data_tool:/home/smr/workspaces/mini_amr/amrROS2_ws/install/python_pkg:/home/smr/workspaces/mini_amr/amrROS2_ws/install/action_autodock:/opt/ros/jazzy DEBUGINFOD_URLS=https://debuginfod.ubuntu.com /usr/bin/cmake --build /home/smr/workspaces/mini_amr/amrROS2_ws/build/bringup -- -j8 -l8
[1.268s] Invoking command in '/home/smr/workspaces/mini_amr/amrROS2_ws/build/bringup': CMAKE_PREFIX_PATH=${CMAKE_PREFIX_PATH}:/home/smr/workspaces/mini_amr/amrROS2_ws/install/wis_pkg:/home/smr/workspaces/mini_amr/amrROS2_ws/install/robot_data_tool:/home/smr/workspaces/mini_amr/amrROS2_ws/install/python_pkg:/home/smr/workspaces/mini_amr/amrROS2_ws/install/action_autodock:/opt/ros/jazzy DEBUGINFOD_URLS=https://debuginfod.ubuntu.com /usr/bin/cmake --install /home/smr/workspaces/mini_amr/amrROS2_ws/build/bringup
[1.319s] -- Install configuration: ""
[1.319s] -- Up-to-date: /home/smr/workspaces/mini_amr/amrROS2_ws/install/bringup/share/bringup/launch
[1.320s] -- Up-to-date: /home/smr/workspaces/mini_amr/amrROS2_ws/install/bringup/share/bringup/launch/bringup_namspace.launch.py
[1.320s] -- Up-to-date: /home/smr/workspaces/mini_amr/amrROS2_ws/install/bringup/share/bringup/launch/bringup.launch.py
[1.320s] -- Up-to-date: /home/smr/workspaces/mini_amr/amrROS2_ws/install/bringup/share/bringup/launch/gazebo.launch.py
[1.320s] -- Up-to-date: /home/smr/workspaces/mini_amr/amrROS2_ws/install/bringup/share/bringup/launch/camera.launch.py
[1.320s] -- Up-to-date: /home/smr/workspaces/mini_amr/amrROS2_ws/install/bringup/share/bringup/launch/__pycache__
[1.320s] -- Up-to-date: /home/smr/workspaces/mini_amr/amrROS2_ws/install/bringup/share/bringup/launch/__pycache__/bringup.launch.cpython-312.pyc
[1.323s] -- Up-to-date: /home/smr/workspaces/mini_amr/amrROS2_ws/install/bringup/share/bringup/launch/__pycache__/gazebo.launch.cpython-312.pyc
[1.323s] -- Up-to-date: /home/smr/workspaces/mini_amr/amrROS2_ws/install/bringup/share/bringup/launch/__pycache__/camera.launch.cpython-312.pyc
[1.323s] -- Up-to-date: /home/smr/workspaces/mini_amr/amrROS2_ws/install/bringup/share/bringup/config
[1.323s] -- Up-to-date: /home/smr/workspaces/mini_amr/amrROS2_ws/install/bringup/share/bringup/config/usbcam.yaml
[1.324s] -- Up-to-date: /home/smr/workspaces/mini_amr/amrROS2_ws/install/bringup/share/bringup/config/laser_filters.yaml
[1.324s] -- Up-to-date: /home/smr/workspaces/mini_amr/amrROS2_ws/install/bringup/share/bringup/config/ekf.yaml
[1.324s] -- Up-to-date: /home/smr/workspaces/mini_amr/amrROS2_ws/install/bringup/share/bringup/config/bringup.yaml
[1.324s] -- Up-to-date: /home/smr/workspaces/mini_amr/amrROS2_ws/install/bringup/share/bringup/world
[1.324s] -- Up-to-date: /home/smr/workspaces/mini_amr/amrROS2_ws/install/bringup/share/bringup/world/empty.sdf
[1.324s] -- Up-to-date: /home/smr/workspaces/mini_amr/amrROS2_ws/install/bringup/share/bringup/models
[1.327s] -- Up-to-date: /home/smr/workspaces/mini_amr/amrROS2_ws/install/bringup/share/bringup/models/TurtlebotArena
[1.328s] -- Up-to-date: /home/smr/workspaces/mini_amr/amrROS2_ws/install/bringup/share/bringup/models/TurtlebotArena/model.config
[1.328s] -- Up-to-date: /home/smr/workspaces/mini_amr/amrROS2_ws/install/bringup/share/bringup/models/TurtlebotArena/model.sdf
[1.328s] -- Up-to-date: /home/smr/workspaces/mini_amr/amrROS2_ws/install/bringup/share/bringup/models/TurtlebotArena/meshes
[1.328s] -- Up-to-date: /home/smr/workspaces/mini_amr/amrROS2_ws/install/bringup/share/bringup/models/TurtlebotArena/meshes/wall.dae
[1.328s] -- Up-to-date: /home/smr/workspaces/mini_amr/amrROS2_ws/install/bringup/share/bringup/models/TurtlebotArena/meshes/hexagon.dae
[1.328s] -- Up-to-date: /home/smr/workspaces/mini_amr/amrROS2_ws/install/bringup/share/ament_index/resource_index/package_run_dependencies/bringup
[1.328s] -- Up-to-date: /home/smr/workspaces/mini_amr/amrROS2_ws/install/bringup/share/ament_index/resource_index/parent_prefix_path/bringup
[1.329s] -- Up-to-date: /home/smr/workspaces/mini_amr/amrROS2_ws/install/bringup/share/bringup/environment/ament_prefix_path.sh
[1.329s] -- Up-to-date: /home/smr/workspaces/mini_amr/amrROS2_ws/install/bringup/share/bringup/environment/ament_prefix_path.dsv
[1.330s] -- Up-to-date: /home/smr/workspaces/mini_amr/amrROS2_ws/install/bringup/share/bringup/environment/path.sh
[1.330s] -- Up-to-date: /home/smr/workspaces/mini_amr/amrROS2_ws/install/bringup/share/bringup/environment/path.dsv
[1.330s] -- Up-to-date: /home/smr/workspaces/mini_amr/amrROS2_ws/install/bringup/share/bringup/local_setup.bash
[1.330s] -- Up-to-date: /home/smr/workspaces/mini_amr/amrROS2_ws/install/bringup/share/bringup/local_setup.sh
[1.330s] -- Up-to-date: /home/smr/workspaces/mini_amr/amrROS2_ws/install/bringup/share/bringup/local_setup.zsh
[1.330s] -- Up-to-date: /home/smr/workspaces/mini_amr/amrROS2_ws/install/bringup/share/bringup/local_setup.dsv
[1.330s] -- Installing: /home/smr/workspaces/mini_amr/amrROS2_ws/install/bringup/share/bringup/package.dsv
[1.331s] -- Up-to-date: /home/smr/workspaces/mini_amr/amrROS2_ws/install/bringup/share/ament_index/resource_index/packages/bringup
[1.331s] -- Up-to-date: /home/smr/workspaces/mini_amr/amrROS2_ws/install/bringup/share/bringup/cmake/bringupConfig.cmake
[1.331s] -- Up-to-date: /home/smr/workspaces/mini_amr/amrROS2_ws/install/bringup/share/bringup/cmake/bringupConfig-version.cmake
[1.331s] -- Up-to-date: /home/smr/workspaces/mini_amr/amrROS2_ws/install/bringup/share/bringup/package.xml
[1.383s] Invoked command in '/home/smr/workspaces/mini_amr/amrROS2_ws/build/bringup' returned '0': CMAKE_PREFIX_PATH=${CMAKE_PREFIX_PATH}:/home/smr/workspaces/mini_amr/amrROS2_ws/install/wis_pkg:/home/smr/workspaces/mini_amr/amrROS2_ws/install/robot_data_tool:/home/smr/workspaces/mini_amr/amrROS2_ws/install/python_pkg:/home/smr/workspaces/mini_amr/amrROS2_ws/install/action_autodock:/opt/ros/jazzy DEBUGINFOD_URLS=https://debuginfod.ubuntu.com /usr/bin/cmake --install /home/smr/workspaces/mini_amr/amrROS2_ws/build/bringup
