[2.705s] Invoking command in '/home/smr/workspaces/mini_amr/amrROS2_ws/src/autodock/action_autodock': DEBUGINFOD_URLS=https://debuginfod.ubuntu.com PYTHONPATH=/home/smr/workspaces/mini_amr/amrROS2_ws/build/action_autodock/prefix_override:/usr/lib/python3/dist-packages/colcon_core/task/python/colcon_distutils_commands:/home/smr/workspaces/mini_amr/amrROS2_ws/install/action_autodock/lib/python3.12/site-packages:${PYTHONPATH} /usr/bin/python3 -W ignore:setup.py install is deprecated -W ignore:easy_install command is deprecated setup.py egg_info --egg-base ../../../build/action_autodock build --build-base /home/smr/workspaces/mini_amr/amrROS2_ws/build/action_autodock/build install --record /home/smr/workspaces/mini_amr/amrROS2_ws/build/action_autodock/install.log --single-version-externally-managed install_data
[3.122s] running egg_info
[3.151s] writing ../../../build/action_autodock/action_autodock.egg-info/PKG-INFO
[3.152s] writing dependency_links to ../../../build/action_autodock/action_autodock.egg-info/dependency_links.txt
[3.153s] writing entry points to ../../../build/action_autodock/action_autodock.egg-info/entry_points.txt
[3.153s] writing requirements to ../../../build/action_autodock/action_autodock.egg-info/requires.txt
[3.154s] writing top-level names to ../../../build/action_autodock/action_autodock.egg-info/top_level.txt
[3.216s] reading manifest file '../../../build/action_autodock/action_autodock.egg-info/SOURCES.txt'
[3.217s] adding license file 'LICENSE'
[3.218s] writing manifest file '../../../build/action_autodock/action_autodock.egg-info/SOURCES.txt'
[3.218s] running build
[3.219s] running build_py
[3.219s] running install
[3.228s] running install_lib
[3.260s] running install_data
[3.261s] running install_egg_info
[3.293s] removing '/home/smr/workspaces/mini_amr/amrROS2_ws/install/action_autodock/lib/python3.12/site-packages/action_autodock-0.0.0-py3.12.egg-info' (and everything under it)
[3.294s] Copying ../../../build/action_autodock/action_autodock.egg-info to /home/smr/workspaces/mini_amr/amrROS2_ws/install/action_autodock/lib/python3.12/site-packages/action_autodock-0.0.0-py3.12.egg-info
[3.295s] running install_scripts
[3.508s] Installing autodock_action_server script to /home/smr/workspaces/mini_amr/amrROS2_ws/install/action_autodock/lib/action_autodock
[3.510s] writing list of installed files to '/home/smr/workspaces/mini_amr/amrROS2_ws/build/action_autodock/install.log'
[3.620s] Invoked command in '/home/smr/workspaces/mini_amr/amrROS2_ws/src/autodock/action_autodock' returned '0': DEBUGINFOD_URLS=https://debuginfod.ubuntu.com PYTHONPATH=/home/smr/workspaces/mini_amr/amrROS2_ws/build/action_autodock/prefix_override:/usr/lib/python3/dist-packages/colcon_core/task/python/colcon_distutils_commands:/home/smr/workspaces/mini_amr/amrROS2_ws/install/action_autodock/lib/python3.12/site-packages:${PYTHONPATH} /usr/bin/python3 -W ignore:setup.py install is deprecated -W ignore:easy_install command is deprecated setup.py egg_info --egg-base ../../../build/action_autodock build --build-base /home/smr/workspaces/mini_amr/amrROS2_ws/build/action_autodock/build install --record /home/smr/workspaces/mini_amr/amrROS2_ws/build/action_autodock/install.log --single-version-externally-managed install_data
