[0.446s] Invoking command in '/home/smr/workspaces/mini_amr/amrROS2_ws/build/bringup': CMAKE_PREFIX_PATH=${CMAKE_PREFIX_PATH}:/home/smr/workspaces/mini_amr/amrROS2_ws/install/python_pkg:/home/smr/workspaces/mini_amr/amrROS2_ws/install/action_autodock:/opt/ros/jazzy DEBUGINFOD_URLS=https://debuginfod.ubuntu.com /usr/bin/cmake --build /home/smr/workspaces/mini_amr/amrROS2_ws/build/bringup -- -j8 -l8
[0.899s] Invoked command in '/home/smr/workspaces/mini_amr/amrROS2_ws/build/bringup' returned '0': CMAKE_PREFIX_PATH=${CMAKE_PREFIX_PATH}:/home/smr/workspaces/mini_amr/amrROS2_ws/install/python_pkg:/home/smr/workspaces/mini_amr/amrROS2_ws/install/action_autodock:/opt/ros/jazzy DEBUGINFOD_URLS=https://debuginfod.ubuntu.com /usr/bin/cmake --build /home/smr/workspaces/mini_amr/amrROS2_ws/build/bringup -- -j8 -l8
[0.917s] Invoking command in '/home/smr/workspaces/mini_amr/amrROS2_ws/build/bringup': CMAKE_PREFIX_PATH=${CMAKE_PREFIX_PATH}:/home/smr/workspaces/mini_amr/amrROS2_ws/install/python_pkg:/home/smr/workspaces/mini_amr/amrROS2_ws/install/action_autodock:/opt/ros/jazzy DEBUGINFOD_URLS=https://debuginfod.ubuntu.com /usr/bin/cmake --install /home/smr/workspaces/mini_amr/amrROS2_ws/build/bringup
[0.936s] -- Install configuration: ""
[0.936s] -- Up-to-date: /home/smr/workspaces/mini_amr/amrROS2_ws/install/bringup/share/bringup/launch
[0.936s] -- Up-to-date: /home/smr/workspaces/mini_amr/amrROS2_ws/install/bringup/share/bringup/launch/bringup_namspace.launch.py
[0.937s] -- Up-to-date: /home/smr/workspaces/mini_amr/amrROS2_ws/install/bringup/share/bringup/launch/bringup.launch.py
[0.937s] -- Up-to-date: /home/smr/workspaces/mini_amr/amrROS2_ws/install/bringup/share/bringup/launch/gazebo.launch.py
[0.937s] -- Up-to-date: /home/smr/workspaces/mini_amr/amrROS2_ws/install/bringup/share/bringup/launch/camera.launch.py
[0.937s] -- Up-to-date: /home/smr/workspaces/mini_amr/amrROS2_ws/install/bringup/share/bringup/config
[0.938s] -- Up-to-date: /home/smr/workspaces/mini_amr/amrROS2_ws/install/bringup/share/bringup/config/usbcam.yaml
[0.938s] -- Up-to-date: /home/smr/workspaces/mini_amr/amrROS2_ws/install/bringup/share/bringup/config/laser_filters.yaml
[0.938s] -- Up-to-date: /home/smr/workspaces/mini_amr/amrROS2_ws/install/bringup/share/bringup/config/ekf.yaml
[0.939s] -- Installing: /home/smr/workspaces/mini_amr/amrROS2_ws/install/bringup/share/bringup/config/bringup.yaml
[0.940s] -- Up-to-date: /home/smr/workspaces/mini_amr/amrROS2_ws/install/bringup/share/bringup/world
[0.940s] -- Up-to-date: /home/smr/workspaces/mini_amr/amrROS2_ws/install/bringup/share/bringup/world/empty.sdf
[0.944s] -- Up-to-date: /home/smr/workspaces/mini_amr/amrROS2_ws/install/bringup/share/bringup/models
[0.945s] -- Up-to-date: /home/smr/workspaces/mini_amr/amrROS2_ws/install/bringup/share/bringup/models/TurtlebotArena
[0.945s] -- Up-to-date: /home/smr/workspaces/mini_amr/amrROS2_ws/install/bringup/share/bringup/models/TurtlebotArena/model.config
[0.945s] -- Up-to-date: /home/smr/workspaces/mini_amr/amrROS2_ws/install/bringup/share/bringup/models/TurtlebotArena/model.sdf
[0.946s] -- Up-to-date: /home/smr/workspaces/mini_amr/amrROS2_ws/install/bringup/share/bringup/models/TurtlebotArena/meshes
[0.946s] -- Up-to-date: /home/smr/workspaces/mini_amr/amrROS2_ws/install/bringup/share/bringup/models/TurtlebotArena/meshes/wall.dae
[0.947s] -- Up-to-date: /home/smr/workspaces/mini_amr/amrROS2_ws/install/bringup/share/bringup/models/TurtlebotArena/meshes/hexagon.dae
[0.947s] -- Up-to-date: /home/smr/workspaces/mini_amr/amrROS2_ws/install/bringup/share/ament_index/resource_index/package_run_dependencies/bringup
[0.947s] -- Up-to-date: /home/smr/workspaces/mini_amr/amrROS2_ws/install/bringup/share/ament_index/resource_index/parent_prefix_path/bringup
[0.947s] -- Up-to-date: /home/smr/workspaces/mini_amr/amrROS2_ws/install/bringup/share/bringup/environment/ament_prefix_path.sh
[0.948s] -- Up-to-date: /home/smr/workspaces/mini_amr/amrROS2_ws/install/bringup/share/bringup/environment/ament_prefix_path.dsv
[0.948s] -- Up-to-date: /home/smr/workspaces/mini_amr/amrROS2_ws/install/bringup/share/bringup/environment/path.sh
[0.949s] -- Up-to-date: /home/smr/workspaces/mini_amr/amrROS2_ws/install/bringup/share/bringup/environment/path.dsv
[0.949s] -- Up-to-date: /home/smr/workspaces/mini_amr/amrROS2_ws/install/bringup/share/bringup/local_setup.bash
[0.949s] -- Up-to-date: /home/smr/workspaces/mini_amr/amrROS2_ws/install/bringup/share/bringup/local_setup.sh
[0.949s] -- Up-to-date: /home/smr/workspaces/mini_amr/amrROS2_ws/install/bringup/share/bringup/local_setup.zsh
[0.950s] -- Up-to-date: /home/smr/workspaces/mini_amr/amrROS2_ws/install/bringup/share/bringup/local_setup.dsv
[0.950s] -- Installing: /home/smr/workspaces/mini_amr/amrROS2_ws/install/bringup/share/bringup/package.dsv
[0.951s] -- Up-to-date: /home/smr/workspaces/mini_amr/amrROS2_ws/install/bringup/share/ament_index/resource_index/packages/bringup
[0.951s] -- Up-to-date: /home/smr/workspaces/mini_amr/amrROS2_ws/install/bringup/share/bringup/cmake/bringupConfig.cmake
[0.951s] -- Up-to-date: /home/smr/workspaces/mini_amr/amrROS2_ws/install/bringup/share/bringup/cmake/bringupConfig-version.cmake
[0.951s] -- Up-to-date: /home/smr/workspaces/mini_amr/amrROS2_ws/install/bringup/share/bringup/package.xml
[0.970s] Invoked command in '/home/smr/workspaces/mini_amr/amrROS2_ws/build/bringup' returned '0': CMAKE_PREFIX_PATH=${CMAKE_PREFIX_PATH}:/home/smr/workspaces/mini_amr/amrROS2_ws/install/python_pkg:/home/smr/workspaces/mini_amr/amrROS2_ws/install/action_autodock:/opt/ros/jazzy DEBUGINFOD_URLS=https://debuginfod.ubuntu.com /usr/bin/cmake --install /home/smr/workspaces/mini_amr/amrROS2_ws/build/bringup
