running egg_info
creating ../../build/robot_data_tool/robot_data_tool.egg-info
writing ../../build/robot_data_tool/robot_data_tool.egg-info/PKG-INFO
writing dependency_links to ../../build/robot_data_tool/robot_data_tool.egg-info/dependency_links.txt
writing entry points to ../../build/robot_data_tool/robot_data_tool.egg-info/entry_points.txt
writing requirements to ../../build/robot_data_tool/robot_data_tool.egg-info/requires.txt
writing top-level names to ../../build/robot_data_tool/robot_data_tool.egg-info/top_level.txt
writing manifest file '../../build/robot_data_tool/robot_data_tool.egg-info/SOURCES.txt'
reading manifest file '../../build/robot_data_tool/robot_data_tool.egg-info/SOURCES.txt'
writing manifest file '../../build/robot_data_tool/robot_data_tool.egg-info/SOURCES.txt'
running build
running build_py
creating /home/smr/workspaces/mini_amr/amrROS2_ws/build/robot_data_tool/build
creating /home/smr/workspaces/mini_amr/amrROS2_ws/build/robot_data_tool/build/lib
creating /home/smr/workspaces/mini_amr/amrROS2_ws/build/robot_data_tool/build/lib/robot_data_tool
copying robot_data_tool/robot_detail.py -> /home/smr/workspaces/mini_amr/amrROS2_ws/build/robot_data_tool/build/lib/robot_data_tool
copying robot_data_tool/map_pose_provider.py -> /home/smr/workspaces/mini_amr/amrROS2_ws/build/robot_data_tool/build/lib/robot_data_tool
copying robot_data_tool/absolute_origin_laser.py -> /home/smr/workspaces/mini_amr/amrROS2_ws/build/robot_data_tool/build/lib/robot_data_tool
copying robot_data_tool/__init__.py -> /home/smr/workspaces/mini_amr/amrROS2_ws/build/robot_data_tool/build/lib/robot_data_tool
copying robot_data_tool/publish_robot_pose.py -> /home/smr/workspaces/mini_amr/amrROS2_ws/build/robot_data_tool/build/lib/robot_data_tool
running install
running install_lib
creating /home/smr/workspaces/mini_amr/amrROS2_ws/install/robot_data_tool/lib/python3.12/site-packages/robot_data_tool
copying /home/smr/workspaces/mini_amr/amrROS2_ws/build/robot_data_tool/build/lib/robot_data_tool/robot_detail.py -> /home/smr/workspaces/mini_amr/amrROS2_ws/install/robot_data_tool/lib/python3.12/site-packages/robot_data_tool
copying /home/smr/workspaces/mini_amr/amrROS2_ws/build/robot_data_tool/build/lib/robot_data_tool/map_pose_provider.py -> /home/smr/workspaces/mini_amr/amrROS2_ws/install/robot_data_tool/lib/python3.12/site-packages/robot_data_tool
copying /home/smr/workspaces/mini_amr/amrROS2_ws/build/robot_data_tool/build/lib/robot_data_tool/absolute_origin_laser.py -> /home/smr/workspaces/mini_amr/amrROS2_ws/install/robot_data_tool/lib/python3.12/site-packages/robot_data_tool
copying /home/smr/workspaces/mini_amr/amrROS2_ws/build/robot_data_tool/build/lib/robot_data_tool/__init__.py -> /home/smr/workspaces/mini_amr/amrROS2_ws/install/robot_data_tool/lib/python3.12/site-packages/robot_data_tool
copying /home/smr/workspaces/mini_amr/amrROS2_ws/build/robot_data_tool/build/lib/robot_data_tool/publish_robot_pose.py -> /home/smr/workspaces/mini_amr/amrROS2_ws/install/robot_data_tool/lib/python3.12/site-packages/robot_data_tool
byte-compiling /home/smr/workspaces/mini_amr/amrROS2_ws/install/robot_data_tool/lib/python3.12/site-packages/robot_data_tool/robot_detail.py to robot_detail.cpython-312.pyc
byte-compiling /home/smr/workspaces/mini_amr/amrROS2_ws/install/robot_data_tool/lib/python3.12/site-packages/robot_data_tool/map_pose_provider.py to map_pose_provider.cpython-312.pyc
byte-compiling /home/smr/workspaces/mini_amr/amrROS2_ws/install/robot_data_tool/lib/python3.12/site-packages/robot_data_tool/absolute_origin_laser.py to absolute_origin_laser.cpython-312.pyc
byte-compiling /home/smr/workspaces/mini_amr/amrROS2_ws/install/robot_data_tool/lib/python3.12/site-packages/robot_data_tool/__init__.py to __init__.cpython-312.pyc
byte-compiling /home/smr/workspaces/mini_amr/amrROS2_ws/install/robot_data_tool/lib/python3.12/site-packages/robot_data_tool/publish_robot_pose.py to publish_robot_pose.cpython-312.pyc
running install_data
creating /home/smr/workspaces/mini_amr/amrROS2_ws/install/robot_data_tool/share/ament_index
creating /home/smr/workspaces/mini_amr/amrROS2_ws/install/robot_data_tool/share/ament_index/resource_index
creating /home/smr/workspaces/mini_amr/amrROS2_ws/install/robot_data_tool/share/ament_index/resource_index/packages
copying resource/robot_data_tool -> /home/smr/workspaces/mini_amr/amrROS2_ws/install/robot_data_tool/share/ament_index/resource_index/packages
copying package.xml -> /home/smr/workspaces/mini_amr/amrROS2_ws/install/robot_data_tool/share/robot_data_tool
running install_egg_info
Copying ../../build/robot_data_tool/robot_data_tool.egg-info to /home/smr/workspaces/mini_amr/amrROS2_ws/install/robot_data_tool/lib/python3.12/site-packages/robot_data_tool-0.0.0-py3.12.egg-info
running install_scripts
Installing absolute_origin_laser script to /home/smr/workspaces/mini_amr/amrROS2_ws/install/robot_data_tool/lib/robot_data_tool
Installing map_pose_provider script to /home/smr/workspaces/mini_amr/amrROS2_ws/install/robot_data_tool/lib/robot_data_tool
Installing publish_robot_pose script to /home/smr/workspaces/mini_amr/amrROS2_ws/install/robot_data_tool/lib/robot_data_tool
Installing robot_detail script to /home/smr/workspaces/mini_amr/amrROS2_ws/install/robot_data_tool/lib/robot_data_tool
writing list of installed files to '/home/smr/workspaces/mini_amr/amrROS2_ws/build/robot_data_tool/install.log'
