[0.403s] Invoking command in '/home/smr/workspaces/mini_amr/amrROS2_ws/build/bringup': CMAKE_PREFIX_PATH=${CMAKE_PREFIX_PATH}:/home/smr/workspaces/mini_amr/amrROS2_ws/install/python_pkg:/home/smr/workspaces/mini_amr/amrROS2_ws/install/action_autodock:/opt/ros/jazzy DEBUGINFOD_URLS=https://debuginfod.ubuntu.com /usr/bin/cmake --build /home/smr/workspaces/mini_amr/amrROS2_ws/build/bringup -- -j8 -l8
[0.781s] Invoked command in '/home/smr/workspaces/mini_amr/amrROS2_ws/build/bringup' returned '0': CMAKE_PREFIX_PATH=${CMAKE_PREFIX_PATH}:/home/smr/workspaces/mini_amr/amrROS2_ws/install/python_pkg:/home/smr/workspaces/mini_amr/amrROS2_ws/install/action_autodock:/opt/ros/jazzy DEBUGINFOD_URLS=https://debuginfod.ubuntu.com /usr/bin/cmake --build /home/smr/workspaces/mini_amr/amrROS2_ws/build/bringup -- -j8 -l8
[0.819s] Invoking command in '/home/smr/workspaces/mini_amr/amrROS2_ws/build/bringup': CMAKE_PREFIX_PATH=${CMAKE_PREFIX_PATH}:/home/smr/workspaces/mini_amr/amrROS2_ws/install/python_pkg:/home/smr/workspaces/mini_amr/amrROS2_ws/install/action_autodock:/opt/ros/jazzy DEBUGINFOD_URLS=https://debuginfod.ubuntu.com /usr/bin/cmake --install /home/smr/workspaces/mini_amr/amrROS2_ws/build/bringup
[0.861s] -- Install configuration: ""
[0.861s] -- Up-to-date: /home/smr/workspaces/mini_amr/amrROS2_ws/install/bringup/share/bringup/launch
[0.863s] -- Up-to-date: /home/smr/workspaces/mini_amr/amrROS2_ws/install/bringup/share/bringup/launch/bringup_namspace.launch.py
[0.863s] -- Up-to-date: /home/smr/workspaces/mini_amr/amrROS2_ws/install/bringup/share/bringup/launch/bringup.launch.py
[0.865s] -- Up-to-date: /home/smr/workspaces/mini_amr/amrROS2_ws/install/bringup/share/bringup/launch/gazebo.launch.py
[0.866s] -- Up-to-date: /home/smr/workspaces/mini_amr/amrROS2_ws/install/bringup/share/bringup/launch/camera.launch.py
[0.866s] -- Up-to-date: /home/smr/workspaces/mini_amr/amrROS2_ws/install/bringup/share/bringup/launch/__pycache__
[0.868s] -- Up-to-date: /home/smr/workspaces/mini_amr/amrROS2_ws/install/bringup/share/bringup/launch/__pycache__/bringup.launch.cpython-312.pyc
[0.868s] -- Up-to-date: /home/smr/workspaces/mini_amr/amrROS2_ws/install/bringup/share/bringup/config
[0.869s] -- Up-to-date: /home/smr/workspaces/mini_amr/amrROS2_ws/install/bringup/share/bringup/config/usbcam.yaml
[0.869s] -- Up-to-date: /home/smr/workspaces/mini_amr/amrROS2_ws/install/bringup/share/bringup/config/laser_filters.yaml
[0.869s] -- Up-to-date: /home/smr/workspaces/mini_amr/amrROS2_ws/install/bringup/share/bringup/config/ekf.yaml
[0.869s] -- Up-to-date: /home/smr/workspaces/mini_amr/amrROS2_ws/install/bringup/share/bringup/config/bringup.yaml
[0.870s] -- Up-to-date: /home/smr/workspaces/mini_amr/amrROS2_ws/install/bringup/share/bringup/world
[0.870s] -- Up-to-date: /home/smr/workspaces/mini_amr/amrROS2_ws/install/bringup/share/bringup/world/empty.sdf
[0.870s] -- Up-to-date: /home/smr/workspaces/mini_amr/amrROS2_ws/install/bringup/share/bringup/models
[0.873s] -- Up-to-date: /home/smr/workspaces/mini_amr/amrROS2_ws/install/bringup/share/bringup/models/TurtlebotArena
[0.874s] -- Up-to-date: /home/smr/workspaces/mini_amr/amrROS2_ws/install/bringup/share/bringup/models/TurtlebotArena/model.config
[0.875s] -- Up-to-date: /home/smr/workspaces/mini_amr/amrROS2_ws/install/bringup/share/bringup/models/TurtlebotArena/model.sdf
[0.876s] -- Up-to-date: /home/smr/workspaces/mini_amr/amrROS2_ws/install/bringup/share/bringup/models/TurtlebotArena/meshes
[0.878s] -- Up-to-date: /home/smr/workspaces/mini_amr/amrROS2_ws/install/bringup/share/bringup/models/TurtlebotArena/meshes/wall.dae
[0.878s] -- Up-to-date: /home/smr/workspaces/mini_amr/amrROS2_ws/install/bringup/share/bringup/models/TurtlebotArena/meshes/hexagon.dae
[0.878s] -- Up-to-date: /home/smr/workspaces/mini_amr/amrROS2_ws/install/bringup/share/ament_index/resource_index/package_run_dependencies/bringup
[0.878s] -- Up-to-date: /home/smr/workspaces/mini_amr/amrROS2_ws/install/bringup/share/ament_index/resource_index/parent_prefix_path/bringup
[0.879s] -- Up-to-date: /home/smr/workspaces/mini_amr/amrROS2_ws/install/bringup/share/bringup/environment/ament_prefix_path.sh
[0.879s] -- Up-to-date: /home/smr/workspaces/mini_amr/amrROS2_ws/install/bringup/share/bringup/environment/ament_prefix_path.dsv
[0.879s] -- Up-to-date: /home/smr/workspaces/mini_amr/amrROS2_ws/install/bringup/share/bringup/environment/path.sh
[0.879s] -- Up-to-date: /home/smr/workspaces/mini_amr/amrROS2_ws/install/bringup/share/bringup/environment/path.dsv
[0.879s] -- Up-to-date: /home/smr/workspaces/mini_amr/amrROS2_ws/install/bringup/share/bringup/local_setup.bash
[0.879s] -- Up-to-date: /home/smr/workspaces/mini_amr/amrROS2_ws/install/bringup/share/bringup/local_setup.sh
[0.879s] -- Up-to-date: /home/smr/workspaces/mini_amr/amrROS2_ws/install/bringup/share/bringup/local_setup.zsh
[0.879s] -- Up-to-date: /home/smr/workspaces/mini_amr/amrROS2_ws/install/bringup/share/bringup/local_setup.dsv
[0.879s] -- Installing: /home/smr/workspaces/mini_amr/amrROS2_ws/install/bringup/share/bringup/package.dsv
[0.879s] -- Up-to-date: /home/smr/workspaces/mini_amr/amrROS2_ws/install/bringup/share/ament_index/resource_index/packages/bringup
[0.879s] -- Up-to-date: /home/smr/workspaces/mini_amr/amrROS2_ws/install/bringup/share/bringup/cmake/bringupConfig.cmake
[0.888s] -- Up-to-date: /home/smr/workspaces/mini_amr/amrROS2_ws/install/bringup/share/bringup/cmake/bringupConfig-version.cmake
[0.889s] -- Up-to-date: /home/smr/workspaces/mini_amr/amrROS2_ws/install/bringup/share/bringup/package.xml
[0.913s] Invoked command in '/home/smr/workspaces/mini_amr/amrROS2_ws/build/bringup' returned '0': CMAKE_PREFIX_PATH=${CMAKE_PREFIX_PATH}:/home/smr/workspaces/mini_amr/amrROS2_ws/install/python_pkg:/home/smr/workspaces/mini_amr/amrROS2_ws/install/action_autodock:/opt/ros/jazzy DEBUGINFOD_URLS=https://debuginfod.ubuntu.com /usr/bin/cmake --install /home/smr/workspaces/mini_amr/amrROS2_ws/build/bringup
