[INFO] [launch]: All log files can be found below /home/smr/.ros/log/2026-03-02-10-47-47-898011-one-47559
[INFO] [launch]: Default logging verbosity is set to INFO
[INFO] [robot_state_publisher-1]: process started with pid [47587]
[INFO] [joint_state_publisher-2]: process started with pid [47588]
[INFO] [sllidar_node-3]: process started with pid [47589]
[INFO] [scan_to_scan_filter_chain-4]: process started with pid [47590]
[INFO] [ekf_node-5]: process started with pid [47591]
[INFO] [robot_hardware-6]: process started with pid [47592]
[INFO] [localization_slam_toolbox_node-7]: process started with pid [47593]
[INFO] [map_server-8]: process started with pid [47594]
[INFO] [costmap_filter_info_server-9]: process started with pid [47601]
[INFO] [controller_server-10]: process started with pid [47611]
[INFO] [smoother_server-11]: process started with pid [47616]
[INFO] [planner_server-12]: process started with pid [47617]
[INFO] [behavior_server-13]: process started with pid [47628]
[INFO] [bt_navigator-14]: process started with pid [47642]
[INFO] [waypoint_follower-15]: process started with pid [47645]
[INFO] [velocity_smoother-16]: process started with pid [47655]
[INFO] [collision_monitor-17]: process started with pid [47658]
[INFO] [collision_detector-18]: process started with pid [47661]
[INFO] [lifecycle_manager-19]: process started with pid [47662]
[robot_hardware-6] Serial port opened at port /dev/teensy with baudrate 460800
[robot_hardware-6] Created receive data thread
[robot_state_publisher-1] [INFO] [1772423268.872004628] [robot_state_publisher]: Robot initialized
[sllidar_node-3] [INFO] [1772423268.979666215] [sllidar_node]: SLLidar running on ROS2 package SLLidar.ROS2 SDK Version:1.0.1, SLLIDAR SDK Version:2.1.0
[localization_slam_toolbox_node-7] [INFO] [1772423269.003728057] [slam_toolbox]: Node using stack size 40000000
[sllidar_node-3] [INFO] [1772423269.056906710] [sllidar_node]: SLLidar S/N: 6E42ED93C5E19FD9B5E192F9EE904B72
[sllidar_node-3] [INFO] [1772423269.056963874] [sllidar_node]: Firmware Ver: 1.00
[sllidar_node-3] [INFO] [1772423269.056975832] [sllidar_node]: Hardware Rev: 18
[sllidar_node-3] [INFO] [1772423269.058946838] [sllidar_node]: SLLidar health status : 0
[sllidar_node-3] [INFO] [1772423269.058996419] [sllidar_node]: SLLidar health status : OK.
[costmap_filter_info_server-9] [INFO] [1772423269.057636139] [costmap_filter_info_server]: This is costmap filter info publisher
[behavior_server-13] [INFO] [1772423269.086793198] [behavior_server]: 
[behavior_server-13] 	behavior_server lifecycle node launched. 
[behavior_server-13] 	Waiting on external lifecycle transitions to activate
[behavior_server-13] 	See https://design.ros2.org/articles/node_lifecycle.html for more information.
[planner_server-12] [INFO] [1772423269.164490425] [planner_server]: 
[planner_server-12] 	planner_server lifecycle node launched. 
[planner_server-12] 	Waiting on external lifecycle transitions to activate
[planner_server-12] 	See https://design.ros2.org/articles/node_lifecycle.html for more information.
[costmap_filter_info_server-9] [INFO] [1772423269.207767968] [keepout_costmap_filter_info_server]: 
[costmap_filter_info_server-9] 	keepout_costmap_filter_info_server lifecycle node launched. 
[costmap_filter_info_server-9] 	Waiting on external lifecycle transitions to activate
[costmap_filter_info_server-9] 	See https://design.ros2.org/articles/node_lifecycle.html for more information.
[localization_slam_toolbox_node-7] [INFO] [1772423269.226938462] [slam_toolbox]: Configuring
[sllidar_node-3] [INFO] [1772423269.235629494] [sllidar_node]: current scan mode: DenseBoost, sample rate: 32 Khz, max_distance: 30.0 m, scan frequency:10.0 Hz, 
[map_server-8] [INFO] [1772423269.252313044] [keepout_filter_mask_server]: 
[map_server-8] 	keepout_filter_mask_server lifecycle node launched. 
[map_server-8] 	Waiting on external lifecycle transitions to activate
[map_server-8] 	See https://design.ros2.org/articles/node_lifecycle.html for more information.
[map_server-8] [INFO] [1772423269.252668863] [keepout_filter_mask_server]: Creating
[planner_server-12] [INFO] [1772423269.255305134] [planner_server]: Creating
[waypoint_follower-15] [INFO] [1772423269.267191249] [waypoint_follower]: 
[waypoint_follower-15] 	waypoint_follower lifecycle node launched. 
[waypoint_follower-15] 	Waiting on external lifecycle transitions to activate
[waypoint_follower-15] 	See https://design.ros2.org/articles/node_lifecycle.html for more information.
[waypoint_follower-15] [INFO] [1772423269.269989388] [waypoint_follower]: Creating
[collision_detector-18] [INFO] [1772423269.314279267] [collision_detector]: 
[collision_detector-18] 	collision_detector lifecycle node launched. 
[collision_detector-18] 	Waiting on external lifecycle transitions to activate
[collision_detector-18] 	See https://design.ros2.org/articles/node_lifecycle.html for more information.
[bt_navigator-14] [INFO] [1772423269.340884050] [bt_navigator]: 
[bt_navigator-14] 	bt_navigator lifecycle node launched. 
[bt_navigator-14] 	Waiting on external lifecycle transitions to activate
[bt_navigator-14] 	See https://design.ros2.org/articles/node_lifecycle.html for more information.
[smoother_server-11] [INFO] [1772423269.355647635] [smoother_server]: 
[smoother_server-11] 	smoother_server lifecycle node launched. 
[smoother_server-11] 	Waiting on external lifecycle transitions to activate
[smoother_server-11] 	See https://design.ros2.org/articles/node_lifecycle.html for more information.
[smoother_server-11] [INFO] [1772423269.366220718] [smoother_server]: Creating smoother server
[planner_server-12] [INFO] [1772423269.397425779] [global_costmap.global_costmap]: 
[planner_server-12] 	global_costmap lifecycle node launched. 
[planner_server-12] 	Waiting on external lifecycle transitions to activate
[planner_server-12] 	See https://design.ros2.org/articles/node_lifecycle.html for more information.
[planner_server-12] [INFO] [1772423269.398897471] [global_costmap.global_costmap]: Creating Costmap
[bt_navigator-14] [INFO] [1772423269.409548717] [bt_navigator]: Creating
[localization_slam_toolbox_node-7] [INFO] [1772423269.427708626] [slam_toolbox]: Using solver plugin solver_plugins::CeresSolver
[localization_slam_toolbox_node-7] [INFO] [1772423269.436296704] [slam_toolbox]: CeresSolver: Using SCHUR_JACOBI preconditioner.
[lifecycle_manager-19] [INFO] [1772423269.499415839] [lifecycle_manager_navigation]: Creating
[lifecycle_manager-19] [INFO] [1772423269.510007588] [lifecycle_manager_navigation]: [34m[1mCreating and initializing lifecycle service clients[0m[0m
[velocity_smoother-16] [INFO] [1772423269.522336435] [velocity_smoother]: 
[velocity_smoother-16] 	velocity_smoother lifecycle node launched. 
[velocity_smoother-16] 	Waiting on external lifecycle transitions to activate
[velocity_smoother-16] 	See https://design.ros2.org/articles/node_lifecycle.html for more information.
[controller_server-10] [INFO] [1772423269.537355509] [controller_server]: 
[controller_server-10] 	controller_server lifecycle node launched. 
[controller_server-10] 	Waiting on external lifecycle transitions to activate
[controller_server-10] 	See https://design.ros2.org/articles/node_lifecycle.html for more information.
[collision_monitor-17] [INFO] [1772423269.590634783] [collision_monitor]: 
[collision_monitor-17] 	collision_monitor lifecycle node launched. 
[collision_monitor-17] 	Waiting on external lifecycle transitions to activate
[collision_monitor-17] 	See https://design.ros2.org/articles/node_lifecycle.html for more information.
[controller_server-10] [INFO] [1772423269.629948732] [controller_server]: Creating controller server
[controller_server-10] [INFO] [1772423269.818119102] [local_costmap.local_costmap]: 
[controller_server-10] 	local_costmap lifecycle node launched. 
[controller_server-10] 	Waiting on external lifecycle transitions to activate
[controller_server-10] 	See https://design.ros2.org/articles/node_lifecycle.html for more information.
[controller_server-10] [INFO] [1772423269.832095509] [local_costmap.local_costmap]: Creating Costmap
[scan_to_scan_filter_chain-4] [WARN] [1772423269.990016280] [scan_to_scan_filter_chain]: diagnostic_updater: No HW_ID was set. This is probably a bug. Please report it. For devices that do not have a HW_ID, set this value to 'none'. This warning only occurs once all diagnostics are OK. It is okay to wait until the device is open before calling setHardwareID.
[joint_state_publisher-2] [INFO] [1772423270.337431827] [joint_state_publisher]: Waiting for robot_description to be published on the robot_description topic...
[lifecycle_manager-19] [INFO] [1772423270.714079387] [lifecycle_manager_navigation]: [34m[1mStarting managed nodes bringup...[0m[0m
[lifecycle_manager-19] [INFO] [1772423270.715600077] [lifecycle_manager_navigation]: [34m[1mConfiguring controller_server[0m[0m
[controller_server-10] [INFO] [1772423270.716839904] [controller_server]: Configuring controller interface
[controller_server-10] [INFO] [1772423270.716915442] [controller_server]: getting progress checker plugins..
[controller_server-10] [INFO] [1772423270.718073897] [controller_server]: getting goal checker plugins..
[controller_server-10] [INFO] [1772423270.722243982] [controller_server]: Controller frequency set to 10.0000Hz
[controller_server-10] [INFO] [1772423270.722450182] [local_costmap.local_costmap]: Configuring
[controller_server-10] [INFO] [1772423270.767695231] [local_costmap.local_costmap]: Using plugin "obstacle_layer"
[controller_server-10] [INFO] [1772423270.795500176] [local_costmap.local_costmap]: Subscribed to Topics: scan
[controller_server-10] [INFO] [1772423270.824659276] [local_costmap.local_costmap]: Initialized plugin "obstacle_layer"
[controller_server-10] [INFO] [1772423270.824793437] [local_costmap.local_costmap]: Using plugin "denoise_layer"
[controller_server-10] [INFO] [1772423270.829190430] [local_costmap.local_costmap]: Initialized plugin "denoise_layer"
[controller_server-10] [INFO] [1772423270.829340050] [local_costmap.local_costmap]: Using plugin "inflation_layer"
[controller_server-10] [INFO] [1772423270.838710930] [local_costmap.local_costmap]: Initialized plugin "inflation_layer"
[controller_server-10] [INFO] [1772423270.838828759] [local_costmap.local_costmap]: Using costmap filter "keepout_filter"
[controller_server-10] [INFO] [1772423270.856239989] [local_costmap.local_costmap]: Initialized costmap filter "keepout_filter"
[controller_server-10] [INFO] [1772423270.856288987] [local_costmap.local_costmap]: Using costmap filter "inflation_layer"
[controller_server-10] [INFO] [1772423270.856412648] [local_costmap.local_costmap]: Initialized costmap filter "inflation_layer"
[controller_server-10] [INFO] [1772423270.917151294] [controller_server]: Created progress_checker : progress_checker of type nav2_controller::SimpleProgressChecker
[controller_server-10] [INFO] [1772423270.922274509] [controller_server]: Controller Server has progress_checker  progress checkers available.
[controller_server-10] [INFO] [1772423270.924528128] [controller_server]: Created goal checker : goal_checker of type nav2_controller::SimpleGoalChecker
[controller_server-10] [INFO] [1772423270.929588929] [controller_server]: Controller Server has goal_checker  goal checkers available.
[controller_server-10] [INFO] [1772423270.938220172] [controller_server]: Created controller : FollowPath of type nav2_mppi_controller::MPPIController
[controller_server-10] [INFO] [1772423270.967018786] [controller_server]: Controller period is equal to model dt. Control sequence shifting is ON
[controller_server-10] [INFO] [1772423270.977342212] [controller_server]: ConstraintCritic instantiated with 1 power and 4.000000 weight.
[controller_server-10] [INFO] [1772423270.977481915] [controller_server]: Critic loaded : mppi::critics::ConstraintCritic
[controller_server-10] [INFO] [1772423270.986995998] [controller_server]: InflationCostCritic instantiated with 1 power and 300.000000 / 0.015000 weights. Critic will collision check based on footprint cost.
[controller_server-10] [INFO] [1772423270.987131617] [controller_server]: Critic loaded : mppi::critics::CostCritic
[controller_server-10] [INFO] [1772423270.990980299] [controller_server]: GoalCritic instantiated with 1 power and 5.000000 weight.
[controller_server-10] [INFO] [1772423270.991083545] [controller_server]: Critic loaded : mppi::critics::GoalCritic
[controller_server-10] [INFO] [1772423270.994634738] [controller_server]: GoalAngleCritic instantiated with 1 power, 3.000000 weight, and 0.500000 angular threshold.
[controller_server-10] [INFO] [1772423270.994735359] [controller_server]: Critic loaded : mppi::critics::GoalAngleCritic
[controller_server-10] [INFO] [1772423271.002633089] [controller_server]: ReferenceTrajectoryCritic instantiated with 1 power and 2.000000 weight
[controller_server-10] [INFO] [1772423271.002741585] [controller_server]: Critic loaded : mppi::critics::PathAlignCritic
[controller_server-10] [INFO] [1772423271.007327571] [controller_server]: Critic loaded : mppi::critics::PathFollowCritic
[controller_server-10] [INFO] [1772423271.014246506] [controller_server]: PathAngleCritic instantiated with 1 power and 1.500000 weight. Mode set to: Forward Preference
[controller_server-10] [INFO] [1772423271.014373085] [controller_server]: Critic loaded : mppi::critics::PathAngleCritic
[controller_server-10] [INFO] [1772423271.018240724] [controller_server]: PreferForwardCritic instantiated with 1 power and 10.000000 weight.
[controller_server-10] [INFO] [1772423271.018351261] [controller_server]: Critic loaded : mppi::critics::PreferForwardCritic
[controller_server-10] [INFO] [1772423271.023265067] [controller_server]: Optimizer reset
[controller_server-10] [INFO] [1772423271.044492897] [MPPIController]: Configured MPPI Controller: FollowPath
[controller_server-10] [INFO] [1772423271.044572810] [controller_server]: Controller Server has FollowPath  controllers available.
[lifecycle_manager-19] [INFO] [1772423271.087716192] [lifecycle_manager_navigation]: [34m[1mConfiguring smoother_server[0m[0m
[smoother_server-11] [INFO] [1772423271.088709569] [smoother_server]: Configuring smoother server
[smoother_server-11] [INFO] [1772423271.140940051] [smoother_server]: Created smoother : simple_smoother of type nav2_smoother::SimpleSmoother
[smoother_server-11] [INFO] [1772423271.155647054] [smoother_server]: Smoother Server has simple_smoother  smoothers available.
[localization_slam_toolbox_node-7] Load From File /home/smr/workspaces/mini_amr/amrROS2_ws/maps/latest_map.posegraph 
[localization_slam_toolbox_node-7] Mapper <- Module
[localization_slam_toolbox_node-7] Mapper <- m_pSequentialScanMatcher
[localization_slam_toolbox_node-7] Mapper <- m_pGraph
[localization_slam_toolbox_node-7] MapperGraph <- Graph; Graph <- m_Edges; Graph <- m_Vertices
[localization_slam_toolbox_node-7] MapperGraph <- m_pMapper; MapperGraph <- m_pLoopScanMatcher; MapperGraph <- m_pTraversal
[localization_slam_toolbox_node-7] Mapper <- m_pMapperSensorManager
[localization_slam_toolbox_node-7] MapperSensorManager <- m_ScanManagers; MapperSensorManager <- m_Scans
[localization_slam_toolbox_node-7] Mapper <- m_Listeners
[localization_slam_toolbox_node-7] **Finished serializing Mapper**
[localization_slam_toolbox_node-7] Load From File
[localization_slam_toolbox_node-7] **Serializing Dataset**
[localization_slam_toolbox_node-7] Dataset <- m_SensorNameLookup
[localization_slam_toolbox_node-7] Dataset <- m_Data
[localization_slam_toolbox_node-7] Dataset <- m_Lasers
[localization_slam_toolbox_node-7] Dataset <- m_pDatasetInfo
[localization_slam_toolbox_node-7] **Finished serializing Dataset**
[localization_slam_toolbox_node-7] Registering sensor: [Custom Described Lidar]
[localization_slam_toolbox_node-7] WARNING: Logging before InitGoogleLogging() is written to STDERR
[localization_slam_toolbox_node-7] W20260302 10:47:51.186837 47593 preprocessor.cc:67] Specified options.num_threads: 50 exceeds maximum available from the threading model Ceres was compiled with: 8.  Bounding to maximum number available.
[lifecycle_manager-19] [INFO] [1772423271.191133904] [lifecycle_manager_navigation]: [34m[1mConfiguring planner_server[0m[0m
[planner_server-12] [INFO] [1772423271.191913790] [planner_server]: Configuring
[planner_server-12] [INFO] [1772423271.192035702] [global_costmap.global_costmap]: Configuring
[INFO] [launch.user]: [LifecycleLaunch] Slamtoolbox node is activating.
[localization_slam_toolbox_node-7] [INFO] [1772423271.245785707] [slam_toolbox]: Activating
[planner_server-12] [INFO] [1772423271.261642123] [global_costmap.global_costmap]: Using plugin "static_layer"
[planner_server-12] [INFO] [1772423271.312898185] [global_costmap.global_costmap]: Subscribing to the map topic (/map) with transient local durability
[planner_server-12] [INFO] [1772423271.320752750] [global_costmap.global_costmap]: Initialized plugin "static_layer"
[planner_server-12] [INFO] [1772423271.320887495] [global_costmap.global_costmap]: Using plugin "obstacle_layer"
[planner_server-12] [INFO] [1772423271.340170276] [global_costmap.global_costmap]: Subscribed to Topics: scan
[planner_server-12] [INFO] [1772423271.403091086] [global_costmap.global_costmap]: Initialized plugin "obstacle_layer"
[planner_server-12] [INFO] [1772423271.403223789] [global_costmap.global_costmap]: Using plugin "inflation_layer"
[planner_server-12] [INFO] [1772423271.417149156] [global_costmap.global_costmap]: Initialized plugin "inflation_layer"
[planner_server-12] [INFO] [1772423271.417272526] [global_costmap.global_costmap]: Using costmap filter "keepout_filter"
[planner_server-12] [INFO] [1772423271.438014458] [global_costmap.global_costmap]: Initialized costmap filter "keepout_filter"
[planner_server-12] [INFO] [1772423271.438127620] [global_costmap.global_costmap]: Using costmap filter "inflation_layer2"
[planner_server-12] [INFO] [1772423271.450522382] [global_costmap.global_costmap]: Initialized costmap filter "inflation_layer2"
[localization_slam_toolbox_node-7] Registering sensor: [Custom Described Lidar]
[planner_server-12] [INFO] [1772423271.579356092] [planner_server]: Created global planner plugin GridBased of type nav2_smac_planner::SmacPlanner2D
[planner_server-12] [INFO] [1772423271.579501336] [planner_server]: Configuring GridBased of type SmacPlanner2D
[planner_server-12] [ERROR] [1772423271.590288785] [planner_server]: Inflation layer either not found or inflation is not set sufficiently for optimized non-circular collision checking capabilities. It is HIGHLY recommended to set the inflation radius to be at MINIMUM half of the robot's largest cross-section. See github.com/ros-planning/navigation2/tree/main/nav2_smac_planner#potential-fields for full instructions. This will substantially impact run-time performance.
[planner_server-12] [INFO] [1772423271.600477467] [planner_server]: Configured plugin GridBased of type SmacPlanner2D with tolerance 0.12, maximum iterations 1000000, max on approach iterations 1000, and not allowing unknown traversal.
[planner_server-12] [INFO] [1772423271.600640502] [planner_server]: Planner Server has GridBased  planners available.
[lifecycle_manager-19] [INFO] [1772423271.656459217] [lifecycle_manager_navigation]: [34m[1mConfiguring behavior_server[0m[0m
[behavior_server-13] [INFO] [1772423271.658756002] [behavior_server]: Configuring
[behavior_server-13] [INFO] [1772423271.691455503] [behavior_server]: Creating behavior plugin wait of type nav2_behaviors::Wait
[behavior_server-13] [INFO] [1772423271.735367688] [behavior_server]: Configuring wait
[lifecycle_manager-19] [INFO] [1772423271.790147527] [lifecycle_manager_navigation]: [34m[1mConfiguring velocity_smoother[0m[0m
[velocity_smoother-16] [INFO] [1772423271.791568180] [velocity_smoother]: Configuring velocity smoother
[lifecycle_manager-19] [INFO] [1772423271.834674521] [lifecycle_manager_navigation]: [34m[1mConfiguring collision_monitor[0m[0m
[collision_monitor-17] [INFO] [1772423271.835538404] [collision_monitor]: Configuring
[collision_monitor-17] [INFO] [1772423271.916715660] [collision_monitor]: [scan]: Creating Scan
[collision_monitor-17] [INFO] [1772423271.949173088] [collision_monitor]: [PolygonStop]: Creating Polygon
[collision_monitor-17] [INFO] [1772423271.950956851] [collision_monitor]: [PolygonStop]: Creating Circle
[collision_monitor-17] [INFO] [1772423271.989229300] [collision_monitor]: [PolygonSlow]: Creating Polygon
[collision_monitor-17] [INFO] [1772423272.021617606] [collision_monitor]: [FootprintApproach]: Creating Polygon
[collision_monitor-17] [INFO] [1772423272.024315999] [collision_monitor]: [FootprintApproach]: Polygon points are not defined. Using dynamic subscription instead.
[collision_monitor-17] [INFO] [1772423272.040408948] [collision_monitor]: [FootprintApproach]: Making footprint subscriber on /local_costmap/published_footprint topic
[lifecycle_manager-19] [INFO] [1772423272.099922059] [lifecycle_manager_navigation]: [34m[1mConfiguring collision_detector[0m[0m
[collision_detector-18] [INFO] [1772423272.101074097] [collision_detector]: Configuring
[collision_detector-18] [INFO] [1772423272.133311909] [collision_monitor]: [scan]: Creating Scan
[collision_detector-18] [INFO] [1772423272.146242732] [collision_monitor]: [PolygonStop]: Creating Polygon
[collision_detector-18] [INFO] [1772423272.146281522] [collision_monitor]: [PolygonStop]: Creating Circle
[collision_detector-18] [INFO] [1772423272.158944606] [collision_monitor]: [PolygonSlow]: Creating Polygon
[lifecycle_manager-19] [INFO] [1772423272.179747494] [lifecycle_manager_navigation]: [34m[1mConfiguring bt_navigator[0m[0m
[bt_navigator-14] [INFO] [1772423272.180253224] [bt_navigator]: Configuring
[bt_navigator-14] [INFO] [1772423272.196181971] [bt_navigator]: Creating navigator id navigate_to_pose of type nav2_bt_navigator::NavigateToPoseNavigator
[planner_server-12] [INFO] [1772423272.357571688] [global_costmap.global_costmap]: StaticLayer: Resizing costmap to 460 X 1783 at 0.050000 m/pix
[bt_navigator-14] [INFO] [1772423272.464881831] [bt_navigator]: Creating navigator id navigate_through_poses of type nav2_bt_navigator::NavigateThroughPosesNavigator
[lifecycle_manager-19] [INFO] [1772423272.663166218] [lifecycle_manager_navigation]: [34m[1mConfiguring waypoint_follower[0m[0m
[waypoint_follower-15] [INFO] [1772423272.664181470] [waypoint_follower]: Configuring
[waypoint_follower-15] [INFO] [1772423272.808379282] [waypoint_follower]: Created waypoint_task_executor : wait_at_waypoint of type nav2_waypoint_follower::WaitAtWaypoint
[lifecycle_manager-19] [INFO] [1772423272.814723948] [lifecycle_manager_navigation]: [34m[1mConfiguring keepout_filter_mask_server[0m[0m
[map_server-8] [INFO] [1772423272.815936651] [keepout_filter_mask_server]: Configuring
[map_server-8] [INFO] [1772423272.816105227] [map_io]: Loading yaml file: /home/smr/workspaces/mini_amr/amrROS2_ws/maps/latest_map_keepout.yaml
[map_server-8] [INFO] [1772423272.817380927] [map_io]: resolution: 0.05
[map_server-8] [INFO] [1772423272.817440425] [map_io]: origin[0]: -13.85
[map_server-8] [INFO] [1772423272.817460840] [map_io]: origin[1]: -46.343
[map_server-8] [INFO] [1772423272.817478048] [map_io]: origin[2]: 0
[map_server-8] [INFO] [1772423272.817495256] [map_io]: free_thresh: 0.196
[map_server-8] [INFO] [1772423272.817512463] [map_io]: occupied_thresh: 0.65
[map_server-8] [INFO] [1772423272.817533754] [map_io]: mode: trinary
[map_server-8] [INFO] [1772423272.817552128] [map_io]: negate: 0
[map_server-8] [INFO] [1772423272.818144480] [map_io]: Loading image_file: /home/smr/workspaces/mini_amr/amrROS2_ws/maps/latest_map_keepout.pgm
[map_server-8] [INFO] [1772423272.877122695] [map_io]: Read map /home/smr/workspaces/mini_amr/amrROS2_ws/maps/latest_map_keepout.pgm: 460 X 1783 map @ 0.05 m/cell
[lifecycle_manager-19] [INFO] [1772423272.935017120] [lifecycle_manager_navigation]: [34m[1mConfiguring keepout_costmap_filter_info_server[0m[0m
[costmap_filter_info_server-9] [INFO] [1772423272.936098286] [keepout_costmap_filter_info_server]: Configuring
[lifecycle_manager-19] [INFO] [1772423272.979138130] [lifecycle_manager_navigation]: [34m[1mActivating controller_server[0m[0m
[controller_server-10] [INFO] [1772423272.980118383] [controller_server]: Activating
[controller_server-10] [INFO] [1772423272.980248461] [local_costmap.local_costmap]: Activating
[controller_server-10] [INFO] [1772423272.980291335] [local_costmap.local_costmap]: Checking transform
[controller_server-10] [INFO] [1772423272.980691194] [local_costmap.local_costmap]: start
[controller_server-10] [INFO] [1772423272.987190437] [local_costmap.local_costmap]: KeepoutFilter: Subscribing to "/keepout_costmap_filter_info" topic for filter info...
[controller_server-10] [WARN] [1772423273.087783470] [local_costmap.local_costmap]: KeepoutFilter: Filter mask was not received
[controller_server-10] [WARN] [1772423273.120186942] [controller_server]: Parameter controller_server.verbose not found
[controller_server-10] [INFO] [1772423273.121706465] [controller_server]: Optimizer reset
[controller_server-10] [INFO] [1772423273.122628387] [MPPIController]: Activated MPPI Controller: FollowPath
[controller_server-10] [INFO] [1772423273.122731050] [controller_server]: Creating bond (controller_server) to lifecycle manager.
[lifecycle_manager-19] [INFO] [1772423273.243498744] [lifecycle_manager_navigation]: Server controller_server connected with bond.
[lifecycle_manager-19] [INFO] [1772423273.243630573] [lifecycle_manager_navigation]: [34m[1mActivating smoother_server[0m[0m
[smoother_server-11] [INFO] [1772423273.244794568] [smoother_server]: Activating
[smoother_server-11] [INFO] [1772423273.244937771] [smoother_server]: Creating bond (smoother_server) to lifecycle manager.
[lifecycle_manager-19] [INFO] [1772423273.367951502] [lifecycle_manager_navigation]: Server smoother_server connected with bond.
[lifecycle_manager-19] [INFO] [1772423273.368075456] [lifecycle_manager_navigation]: [34m[1mActivating planner_server[0m[0m
[planner_server-12] [INFO] [1772423273.368958588] [planner_server]: Activating
[planner_server-12] [INFO] [1772423273.369014294] [global_costmap.global_costmap]: Activating
[planner_server-12] [INFO] [1772423273.369031210] [global_costmap.global_costmap]: Checking transform
[planner_server-12] [INFO] [1772423273.369184912] [global_costmap.global_costmap]: start
[planner_server-12] [INFO] [1772423273.369947882] [global_costmap.global_costmap]: KeepoutFilter: Subscribing to "/keepout_costmap_filter_info" topic for filter info...
[planner_server-12] [WARN] [1772423273.908319105] [global_costmap.global_costmap]: KeepoutFilter: Filter mask was not received
[planner_server-12] [INFO] [1772423273.983928081] [planner_server]: Activating plugin GridBased of type SmacPlanner2D
[planner_server-12] [INFO] [1772423273.986628517] [planner_server]: Creating bond (planner_server) to lifecycle manager.
[INFO] [delivery_robot_main_controller-20]: process started with pid [47961]
[INFO] [robot_sound-21]: process started with pid [47962]
[INFO] [call_robot_button-22]: process started with pid [47963]
[INFO] [rpc_run_node-23]: process started with pid [47964]
[lifecycle_manager-19] [INFO] [1772423274.099996920] [lifecycle_manager_navigation]: Server planner_server connected with bond.
[lifecycle_manager-19] [INFO] [1772423274.100056709] [lifecycle_manager_navigation]: [34m[1mActivating behavior_server[0m[0m
[INFO] [dock_coordinates-24]: process started with pid [47965]
[INFO] [autodock_action_server-25]: process started with pid [47966]
[INFO] [battery_manager_node-26]: process started with pid [47967]
[behavior_server-13] [INFO] [1772423274.100654602] [behavior_server]: Activating
[behavior_server-13] [INFO] [1772423274.100691351] [behavior_server]: Activating wait
[behavior_server-13] [INFO] [1772423274.100717308] [behavior_server]: Creating bond (behavior_server) to lifecycle manager.
[lifecycle_manager-19] [INFO] [1772423274.224177855] [lifecycle_manager_navigation]: Server behavior_server connected with bond.
[lifecycle_manager-19] [INFO] [1772423274.224233270] [lifecycle_manager_navigation]: [34m[1mActivating velocity_smoother[0m[0m
[velocity_smoother-16] [INFO] [1772423274.225149942] [velocity_smoother]: Activating
[velocity_smoother-16] [INFO] [1772423274.225269520] [velocity_smoother]: Creating bond (velocity_smoother) to lifecycle manager.
[lifecycle_manager-19] [INFO] [1772423274.335957613] [lifecycle_manager_navigation]: Server velocity_smoother connected with bond.
[lifecycle_manager-19] [INFO] [1772423274.336077192] [lifecycle_manager_navigation]: [34m[1mActivating collision_monitor[0m[0m
[collision_monitor-17] [INFO] [1772423274.339177486] [collision_monitor]: Activating
[collision_monitor-17] [INFO] [1772423274.339313106] [collision_monitor]: Creating bond (collision_monitor) to lifecycle manager.
[dock_coordinates-24] [INFO] [1772423274.418561646] [dock_coordinates]: begin dock_coordinates
[dock_coordinates-24] [INFO] [1772423274.433948206] [dock coordinates]: max_alignment_error: 0.010000
[dock_coordinates-24] [INFO] [1772423274.434015579] [dock coordinates]: minimum_point_cloud: 5
[dock_coordinates-24] [INFO] [1772423274.434031911] [dock coordinates]: point_cloud_split_dist: 0.050000
[dock_coordinates-24] [INFO] [1772423274.434048536] [dock coordinates]: max_dock_width: 0.380000
[dock_coordinates-24] [INFO] [1772423274.434063702] [dock coordinates]: min_dock_width: 0.310000
[dock_coordinates-24] [INFO] [1772423274.434079159] [dock coordinates]: range_limit: 1.200000
[lifecycle_manager-19] [INFO] [1772423274.459706607] [lifecycle_manager_navigation]: Server collision_monitor connected with bond.
[lifecycle_manager-19] [INFO] [1772423274.459785062] [lifecycle_manager_navigation]: [34m[1mActivating collision_detector[0m[0m
[collision_detector-18] [INFO] [1772423274.460390247] [collision_detector]: Activating
[collision_detector-18] [INFO] [1772423274.460482410] [collision_detector]: Creating bond (collision_detector) to lifecycle manager.
[lifecycle_manager-19] [INFO] [1772423274.591209253] [lifecycle_manager_navigation]: Server collision_detector connected with bond.
[lifecycle_manager-19] [INFO] [1772423274.591280126] [lifecycle_manager_navigation]: [34m[1mActivating bt_navigator[0m[0m
[bt_navigator-14] [INFO] [1772423274.591703609] [bt_navigator]: Activating
[controller_server-10] [WARN] [1772423275.183851378] [local_costmap.local_costmap]: KeepoutFilter: Filter mask was not received
[bt_navigator-14] [INFO] [1772423275.279526521] [bt_navigator]: Creating bond (bt_navigator) to lifecycle manager.
[lifecycle_manager-19] [INFO] [1772423275.403383719] [lifecycle_manager_navigation]: Server bt_navigator connected with bond.
[lifecycle_manager-19] [INFO] [1772423275.403464799] [lifecycle_manager_navigation]: [34m[1mActivating waypoint_follower[0m[0m
[waypoint_follower-15] [INFO] [1772423275.403915114] [waypoint_follower]: Activating
[waypoint_follower-15] [INFO] [1772423275.403967029] [waypoint_follower]: Creating bond (waypoint_follower) to lifecycle manager.
[lifecycle_manager-19] [INFO] [1772423275.535934866] [lifecycle_manager_navigation]: Server waypoint_follower connected with bond.
[lifecycle_manager-19] [INFO] [1772423275.536004863] [lifecycle_manager_navigation]: [34m[1mActivating keepout_filter_mask_server[0m[0m
[map_server-8] [INFO] [1772423275.536440596] [keepout_filter_mask_server]: Activating
[map_server-8] [INFO] [1772423275.537443014] [keepout_filter_mask_server]: Creating bond (keepout_filter_mask_server) to lifecycle manager.
[lifecycle_manager-19] [INFO] [1772423275.646785410] [lifecycle_manager_navigation]: Server keepout_filter_mask_server connected with bond.
[lifecycle_manager-19] [INFO] [1772423275.646861824] [lifecycle_manager_navigation]: [34m[1mActivating keepout_costmap_filter_info_server[0m[0m
[costmap_filter_info_server-9] [INFO] [1772423275.647693041] [keepout_costmap_filter_info_server]: Activating
[costmap_filter_info_server-9] [INFO] [1772423275.647834494] [keepout_costmap_filter_info_server]: Creating bond (keepout_costmap_filter_info_server) to lifecycle manager.
[controller_server-10] [INFO] [1772423275.647951739] [local_costmap.local_costmap]: KeepoutFilter: Received filter info from /keepout_costmap_filter_info topic.
[controller_server-10] [INFO] [1772423275.648011237] [local_costmap.local_costmap]: KeepoutFilter: Subscribing to "/keepout_filter_mask" topic for filter mask...
[planner_server-12] [INFO] [1772423275.647953489] [global_costmap.global_costmap]: KeepoutFilter: Received filter info from /keepout_costmap_filter_info topic.
[planner_server-12] [INFO] [1772423275.647994612] [global_costmap.global_costmap]: KeepoutFilter: Subscribing to "/keepout_filter_mask" topic for filter mask...
[lifecycle_manager-19] [INFO] [1772423275.768682685] [lifecycle_manager_navigation]: Server keepout_costmap_filter_info_server connected with bond.
[lifecycle_manager-19] [INFO] [1772423275.768757349] [lifecycle_manager_navigation]: [34m[1mManaged nodes are active[0m[0m
[lifecycle_manager-19] [INFO] [1772423275.768771932] [lifecycle_manager_navigation]: [34m[1mCreating bond timer...[0m[0m
[planner_server-12] [INFO] [1772423275.958678525] [global_costmap.global_costmap]: KeepoutFilter: Received filter mask from /keepout_filter_mask topic.
[controller_server-10] [INFO] [1772423275.965686415] [local_costmap.local_costmap]: KeepoutFilter: Received filter mask from /keepout_filter_mask topic.
[planner_server-12] [INFO] [1772423276.814669512] [global_costmap.global_costmap]: Message Filter dropping message: frame 'laser' at time 1772423276.415 for reason 'the timestamp on the message is earlier than all the data in the transform cache'
[battery_manager_node-26] [INFO] [1772423277.651418258] [battery_manager]: SOC limits from API: target=1.00, resume=0.95
[battery_manager_node-26] [INFO] [1772423277.656259442] [battery_manager]: IR state: IDLE -> IR_ERROR (99)
[rpc_run_node-23] [0m[INFO] [1772423277.757759813] [rpc_run_node]: RPC run node started; RPC bridge configured.[0m
[rpc_run_node-23] 2026-03-02 10:47:57,779 [INFO] RPCServer listening on localhost:6000
[battery_manager_node-26] [INFO] [1772423278.059531619] [battery_manager]: State change: IDLE_ON_DOCK -> UNKNOWN
[robot_sound-21] [0m[INFO] [1772423278.368310731] [robot_sound_node]: Obstacle sound alarm disabled (API).[0m
[robot_sound-21] [0m[INFO] [1772423278.369241111] [robot_sound_node]: Sound volume set to 100% (API).[0m
[robot_sound-21] [0m[INFO] [1772423278.370349693] [robot_sound_node]: Obstacle sound alarm is enabled.[0m
[robot_sound-21] [0m[INFO] [1772423278.371505814] [robot_sound_node]: ✅ robot_sound_node started using .wav files[0m
[robot_sound-21] [33m[WARN] [1772423278.373066752] [robot_sound_node]: Map not available yet; skipping obstacle classification.[0m
[robot_sound-21] [0m[INFO] [1772423278.518652551] [robot_sound_node]: Obstacle detected but sound alarm disabled.[0m
[INFO] [bash-27]: process started with pid [48130]
[robot_sound-21] [0m[INFO] [1772423279.710615120] [robot_sound_node]: Received map (width=460, height=1783, resolution=0.050 m/cell)[0m
[autodock_action_server-25] [INFO] [1772423279.943804506] [autodock_action_server]: auto_dock_init_start
[autodock_action_server-25] [INFO] [1772423280.113054622] [autodock_action_server]: auto_dock_init_complete
[autodock_action_server-25] [INFO] [1772423280.192284788] [charge_status]: IR Charge State: IR_ERROR (99)
[delivery_robot_main_controller-20] [0m[INFO] [1772423280.595155648] [main_controller_node]: Delivery Robot Main Controller Node started.[0m
[delivery_robot_main_controller-20] [0m[INFO] [1772423280.607176799] [main_controller_node]: Initial state: STANDBY[0m
[delivery_robot_main_controller-20] [0m[INFO] [1772423280.623371243] [main_controller_node]: setting_batteryLowToCharge: 40[0m
[delivery_robot_main_controller-20] [33m[WARN] [1772423280.671072612] [rcl.logging_rosout]: Publisher already registered for node name: 'main_controller_node'. If this is due to multiple nodes with the same name then all logs for the logger named 'main_controller_node' will go out over the existing publisher. As soon as any node with that name is destructed it will unregister the publisher, preventing any further logs for that name from being published on the rosout topic.[0m
[delivery_robot_main_controller-20] [33m[WARN] [1772423280.783872579] [main_controller_node]: slam_toolbox_msgs not available; initial pose service calls will be skipped.[0m
[localization_slam_toolbox_node-7] [INFO] [1772423281.614048585] [slam_toolbox]: Message Filter dropping message: frame 'laser' at time 1772423281.509 for reason 'discarding message because the queue is full'
[bash-27] qt.qpa.xcb: could not connect to display 
[bash-27] qt.qpa.plugin: From 6.5.0, xcb-cursor0 or libxcb-cursor0 is needed to load the Qt xcb platform plugin.
[bash-27] qt.qpa.plugin: Could not load the Qt platform plugin "xcb" in "" even though it was found.
[bash-27] This application failed to start because no Qt platform plugin could be initialized. Reinstalling the application may fix this problem.
[bash-27] 
[bash-27] Available platform plugins are: linuxfb, vkkhrdisplay, xcb, minimal, wayland-brcm, wayland-egl, wayland, minimalegl, eglfs, offscreen, vnc.
[bash-27] 
[ERROR] [bash-27]: process has died [pid 48130, exit code -6, cmd '/bin/bash -c cd /home/smr/workspaces/mini_amr/amrROS2_UI/ICEAMR && source ../env/bin/activate && python main.py'].
[INFO] [battery_manager_node-26]: sending signal 'SIGINT' to process[battery_manager_node-26]
[INFO] [autodock_action_server-25]: sending signal 'SIGINT' to process[autodock_action_server-25]
[INFO] [dock_coordinates-24]: sending signal 'SIGINT' to process[dock_coordinates-24]
[INFO] [rpc_run_node-23]: sending signal 'SIGINT' to process[rpc_run_node-23]
[INFO] [dock_coordinates-24]: process has finished cleanly [pid 47965]
[INFO] [call_robot_button-22]: sending signal 'SIGINT' to process[call_robot_button-22]
[INFO] [robot_sound-21]: sending signal 'SIGINT' to process[robot_sound-21]
[INFO] [delivery_robot_main_controller-20]: sending signal 'SIGINT' to process[delivery_robot_main_controller-20]
[INFO] [lifecycle_manager-19]: sending signal 'SIGINT' to process[lifecycle_manager-19]
[INFO] [collision_detector-18]: sending signal 'SIGINT' to process[collision_detector-18]
[INFO] [collision_monitor-17]: sending signal 'SIGINT' to process[collision_monitor-17]
[INFO] [velocity_smoother-16]: sending signal 'SIGINT' to process[velocity_smoother-16]
[INFO] [waypoint_follower-15]: sending signal 'SIGINT' to process[waypoint_follower-15]
[INFO] [bt_navigator-14]: sending signal 'SIGINT' to process[bt_navigator-14]
[INFO] [behavior_server-13]: sending signal 'SIGINT' to process[behavior_server-13]
[INFO] [planner_server-12]: sending signal 'SIGINT' to process[planner_server-12]
[INFO] [smoother_server-11]: sending signal 'SIGINT' to process[smoother_server-11]
[INFO] [controller_server-10]: sending signal 'SIGINT' to process[controller_server-10]
[INFO] [costmap_filter_info_server-9]: sending signal 'SIGINT' to process[costmap_filter_info_server-9]
[INFO] [map_server-8]: sending signal 'SIGINT' to process[map_server-8]
[INFO] [localization_slam_toolbox_node-7]: sending signal 'SIGINT' to process[localization_slam_toolbox_node-7]
[INFO] [robot_hardware-6]: sending signal 'SIGINT' to process[robot_hardware-6]
[INFO] [ekf_node-5]: sending signal 'SIGINT' to process[ekf_node-5]
[INFO] [scan_to_scan_filter_chain-4]: sending signal 'SIGINT' to process[scan_to_scan_filter_chain-4]
[INFO] [sllidar_node-3]: sending signal 'SIGINT' to process[sllidar_node-3]
[INFO] [joint_state_publisher-2]: sending signal 'SIGINT' to process[joint_state_publisher-2]
[INFO] [robot_state_publisher-1]: sending signal 'SIGINT' to process[robot_state_publisher-1]
[delivery_robot_main_controller-20] [0m[INFO] [1772423282.341094741] [main_controller_node]: Waiting for Nav2 system...[0m
[battery_manager_node-26] Traceback (most recent call last):
[battery_manager_node-26]   File "/home/smr/workspaces/mini_amr/amrROS2_ws/install/battery_management/lib/battery_management/battery_manager_node", line 33, in <module>
[battery_manager_node-26]     sys.exit(load_entry_point('battery-management==0.0.0', 'console_scripts', 'battery_manager_node')())
[battery_manager_node-26]              ^^^^^^^^^^^^^^^^^^^^^^^^^^^^^^^^^^^^^^^^^^^^^^^^^^^^^^^^^^^^^^^^^^^^^^^^^^^^^^^^^^^^^^^^^^
[battery_manager_node-26]   File "/home/smr/workspaces/mini_amr/amrROS2_ws/install/battery_management/lib/python3.12/site-packages/battery_management/battery_manager_node.py", line 311, in main
[battery_manager_node-26]     rclpy.spin(node)
[battery_manager_node-26]   File "/opt/ros/jazzy/lib/python3.12/site-packages/rclpy/__init__.py", line 247, in spin
[battery_manager_node-26]     executor.spin_once()
[battery_manager_node-26]   File "/opt/ros/jazzy/lib/python3.12/site-packages/rclpy/executors.py", line 923, in spin_once
[battery_manager_node-26]     self._spin_once_impl(timeout_sec)
[battery_manager_node-26]   File "/opt/ros/jazzy/lib/python3.12/site-packages/rclpy/executors.py", line 904, in _spin_once_impl
[battery_manager_node-26]     handler, entity, node = self.wait_for_ready_callbacks(
[battery_manager_node-26]                             ^^^^^^^^^^^^^^^^^^^^^^^^^^^^^^
[battery_manager_node-26]   File "/opt/ros/jazzy/lib/python3.12/site-packages/rclpy/executors.py", line 874, in wait_for_ready_callbacks
[battery_manager_node-26]     return next(self._cb_iter)
[battery_manager_node-26]            ^^^^^^^^^^^^^^^^^^^
[battery_manager_node-26]   File "/opt/ros/jazzy/lib/python3.12/site-packages/rclpy/executors.py", line 778, in _wait_for_ready_callbacks
[battery_manager_node-26]     wait_set.wait(timeout_nsec)
[battery_manager_node-26] KeyboardInterrupt
[dock_coordinates-24] [INFO] [1772423282.832125082] [rclcpp]: signal_handler(SIGINT/SIGTERM)
[rpc_run_node-23] [0m[INFO] [1772423282.948669610] [rpc_run_node]: RPC run node stopped by user.[0m
[rpc_run_node-23] Failed to publish log message to rosout: publisher's context is invalid, at ./src/rcl/publisher.c:423
[rpc_run_node-23] 2026-03-02 10:48:02,951 [INFO] RPCServer stopped.
[robot_sound-21] [0m[INFO] [1772423283.086928448] [robot_sound_node]: 🔚 robot_sound_node stopped by user.[0m
[robot_sound-21] Failed to publish log message to rosout: publisher's context is invalid, at ./src/rcl/publisher.c:423
[delivery_robot_main_controller-20] Traceback (most recent call last):
[delivery_robot_main_controller-20]   File "/home/smr/workspaces/mini_amr/amrROS2_ws/install/delivery_robot_main_controller/lib/delivery_robot_main_controller/delivery_robot_main_controller", line 33, in <module>
[delivery_robot_main_controller-20]     sys.exit(load_entry_point('delivery-robot-main-controller==0.0.1', 'console_scripts', 'delivery_robot_main_controller')())
[delivery_robot_main_controller-20]              ^^^^^^^^^^^^^^^^^^^^^^^^^^^^^^^^^^^^^^^^^^^^^^^^^^^^^^^^^^^^^^^^^^^^^^^^^^^^^^^^^^^^^^^^^^^^^^^^^^^^^^^^^^^^^^^^
[delivery_robot_main_controller-20]   File "/home/smr/workspaces/mini_amr/amrROS2_ws/install/delivery_robot_main_controller/lib/python3.12/site-packages/delivery_robot_main_controller/main_controller_node.py", line 1690, in main
[delivery_robot_main_controller-20]     node = DeliveryRobotMainController()
[delivery_robot_main_controller-20]            ^^^^^^^^^^^^^^^^^^^^^^^^^^^^^
[delivery_robot_main_controller-20]   File "/home/smr/workspaces/mini_amr/amrROS2_ws/install/delivery_robot_main_controller/lib/python3.12/site-packages/delivery_robot_main_controller/main_controller_node.py", line 168, in __init__
[delivery_robot_main_controller-20]     self.navigator.waitUntilNav2Active()
[delivery_robot_main_controller-20]   File "/home/smr/workspaces/mini_amr/amrROS2_ws/install/delivery_robot_main_controller/lib/python3.12/site-packages/delivery_robot_main_controller/robot_navigator.py", line 258, in waitUntilNav2Active
[delivery_robot_main_controller-20]     self._waitForNodeToActivate(node_name)
[delivery_robot_main_controller-20]   File "/home/smr/workspaces/mini_amr/amrROS2_ws/install/delivery_robot_main_controller/lib/python3.12/site-packages/delivery_robot_main_controller/robot_navigator.py", line 430, in _waitForNodeToActivate
[delivery_robot_main_controller-20]     time.sleep(2)
[delivery_robot_main_controller-20] KeyboardInterrupt
[call_robot_button-22] [0m[INFO] [1772423283.147972457] [call_robot_button_node]: CallRobotButton interrupted by user.[0m
[call_robot_button-22] Failed to publish log message to rosout: publisher's context is invalid, at ./src/rcl/publisher.c:423
[lifecycle_manager-19] [INFO] [1772423283.169910467] [rclcpp]: signal_handler(SIGINT/SIGTERM)
[lifecycle_manager-19] [INFO] [1772423283.170031504] [lifecycle_manager_navigation]: Running Nav2 LifecycleManager rcl preshutdown (lifecycle_manager_navigation)
[lifecycle_manager-19] [INFO] [1772423283.170106167] [lifecycle_manager_navigation]: [34m[1mTerminating bond timer...[0m[0m
[collision_detector-18] [INFO] [1772423283.255285516] [rclcpp]: signal_handler(SIGINT/SIGTERM)
[collision_detector-18] [INFO] [1772423283.255454093] [collision_detector]: Running Nav2 LifecycleNode rcl preshutdown (collision_detector)
[collision_detector-18] [INFO] [1772423283.255644543] [collision_detector]: Deactivating
[collision_detector-18] [INFO] [1772423283.255703749] [collision_detector]: Destroying bond (collision_detector) to lifecycle manager.
[collision_detector-18] [INFO] [1772423283.276639049] [collision_detector]: Cleaning up
[collision_detector-18] [INFO] [1772423283.276881706] [collision_monitor]: [PolygonStop]: Destroying Circle
[collision_detector-18] [INFO] [1772423283.276909705] [collision_monitor]: [PolygonStop]: Destroying Polygon
[collision_detector-18] [INFO] [1772423283.276933329] [collision_monitor]: [PolygonSlow]: Destroying Polygon
[collision_detector-18] [INFO] [1772423283.276954328] [collision_monitor]: [scan]: Destroying Scan
[collision_monitor-17] [INFO] [1772423283.286573407] [rclcpp]: signal_handler(SIGINT/SIGTERM)
[collision_monitor-17] [INFO] [1772423283.286986099] [collision_monitor]: Running Nav2 LifecycleNode rcl preshutdown (collision_monitor)
[collision_monitor-17] [INFO] [1772423283.287167800] [collision_monitor]: Deactivating
[collision_monitor-17] [INFO] [1772423283.287225839] [collision_monitor]: Destroying bond (collision_monitor) to lifecycle manager.
[collision_detector-18] [INFO] [1772423283.292534547] [collision_detector]: Destroying bond (collision_detector) to lifecycle manager.
[velocity_smoother-16] [INFO] [1772423283.308749990] [rclcpp]: signal_handler(SIGINT/SIGTERM)
[velocity_smoother-16] [INFO] [1772423283.308970482] [velocity_smoother]: Running Nav2 LifecycleNode rcl preshutdown (velocity_smoother)
[velocity_smoother-16] [INFO] [1772423283.309051270] [velocity_smoother]: Deactivating
[velocity_smoother-16] [INFO] [1772423283.309078394] [velocity_smoother]: Destroying bond (velocity_smoother) to lifecycle manager.
[waypoint_follower-15] [INFO] [1772423283.338957591] [rclcpp]: signal_handler(SIGINT/SIGTERM)
[waypoint_follower-15] [INFO] [1772423283.339252746] [waypoint_follower]: Running Nav2 LifecycleNode rcl preshutdown (waypoint_follower)
[waypoint_follower-15] [INFO] [1772423283.339458362] [waypoint_follower]: Deactivating
[waypoint_follower-15] [INFO] [1772423283.339544692] [waypoint_follower]: Destroying bond (waypoint_follower) to lifecycle manager.
[collision_monitor-17] [INFO] [1772423283.368204770] [collision_monitor]: Cleaning up
[collision_monitor-17] [INFO] [1772423283.368317058] [collision_monitor]: [PolygonStop]: Destroying Circle
[collision_monitor-17] [INFO] [1772423283.368355264] [collision_monitor]: [PolygonStop]: Destroying Polygon
[collision_monitor-17] [INFO] [1772423283.368391721] [collision_monitor]: [PolygonSlow]: Destroying Polygon
[collision_monitor-17] [INFO] [1772423283.368425553] [collision_monitor]: [FootprintApproach]: Destroying Polygon
[collision_monitor-17] [INFO] [1772423283.368478343] [collision_monitor]: [scan]: Destroying Scan
[collision_monitor-17] [INFO] [1772423283.395692103] [collision_monitor]: Destroying bond (collision_monitor) to lifecycle manager.
[waypoint_follower-15] [INFO] [1772423283.380541200] [waypoint_follower]: Cleaning up
[bt_navigator-14] [INFO] [1772423283.404365636] [rclcpp]: signal_handler(SIGINT/SIGTERM)
[bt_navigator-14] [INFO] [1772423283.404580002] [bt_navigator]: Running Nav2 LifecycleNode rcl preshutdown (bt_navigator)
[bt_navigator-14] [INFO] [1772423283.404783286] [bt_navigator]: Deactivating
[bt_navigator-14] [INFO] [1772423283.404869032] [bt_navigator]: Destroying bond (bt_navigator) to lifecycle manager.
[velocity_smoother-16] [INFO] [1772423283.410327067] [velocity_smoother]: Cleaning up
[velocity_smoother-16] [INFO] [1772423283.410395606] [velocity_smoother]: Destroying bond (velocity_smoother) to lifecycle manager.
[behavior_server-13] [INFO] [1772423283.425137025] [rclcpp]: signal_handler(SIGINT/SIGTERM)
[behavior_server-13] [INFO] [1772423283.425354599] [behavior_server]: Running Nav2 LifecycleNode rcl preshutdown (behavior_server)
[behavior_server-13] [INFO] [1772423283.425524051] [behavior_server]: Deactivating
[behavior_server-13] [INFO] [1772423283.425592590] [behavior_server]: Destroying bond (behavior_server) to lifecycle manager.
[collision_detector-18] [INFO] [1772423283.428269110] [collision_detector]: Destroying
[planner_server-12] [INFO] [1772423283.471672356] [rclcpp]: signal_handler(SIGINT/SIGTERM)
[planner_server-12] [INFO] [1772423283.471792226] [planner_server]: Running Nav2 LifecycleNode rcl preshutdown (planner_server)
[planner_server-12] [INFO] [1772423283.471865140] [planner_server]: Deactivating
[planner_server-12] [INFO] [1772423283.471896055] [global_costmap.global_costmap]: Deactivating
[collision_monitor-17] [INFO] [1772423283.483636926] [collision_monitor]: Destroying
[bt_navigator-14] [INFO] [1772423283.506147454] [bt_navigator]: Cleaning up
[waypoint_follower-15] [INFO] [1772423283.525470776] [waypoint_follower]: Destroying bond (waypoint_follower) to lifecycle manager.
[waypoint_follower-15] [INFO] [1772423283.563595355] [waypoint_follower]: Destroying
[behavior_server-13] [INFO] [1772423283.526596565] [behavior_server]: Cleaning up
[behavior_server-13] [INFO] [1772423283.621401408] [behavior_server]: Destroying bond (behavior_server) to lifecycle manager.
[velocity_smoother-16] [INFO] [1772423283.542395816] [velocity_smoother]: Destroying
[smoother_server-11] [INFO] [1772423283.636166743] [rclcpp]: signal_handler(SIGINT/SIGTERM)
[smoother_server-11] [INFO] [1772423283.636282238] [smoother_server]: Running Nav2 LifecycleNode rcl preshutdown (smoother_server)
[smoother_server-11] [INFO] [1772423283.636369151] [smoother_server]: Deactivating
[smoother_server-11] [INFO] [1772423283.636391609] [smoother_server]: Destroying bond (smoother_server) to lifecycle manager.
[smoother_server-11] [INFO] [1772423283.646618789] [smoother_server]: Cleaning up
[smoother_server-11] [INFO] [1772423283.683390963] [smoother_server]: Destroying bond (smoother_server) to lifecycle manager.
[smoother_server-11] [INFO] [1772423283.691282569] [smoother_server]: Destroying
[autodock_action_server-25] Traceback (most recent call last):
[autodock_action_server-25]   File "/home/smr/workspaces/mini_amr/amrROS2_ws/install/action_autodock/lib/python3.12/site-packages/action_autodock/autodock_action_server.py", line 1409, in main
[autodock_action_server-25]     executor.spin()
[autodock_action_server-25]   File "/opt/ros/jazzy/lib/python3.12/site-packages/rclpy/executors.py", line 359, in spin
[autodock_action_server-25]     self._spin_once_impl()
[autodock_action_server-25]   File "/opt/ros/jazzy/lib/python3.12/site-packages/rclpy/executors.py", line 988, in _spin_once_impl
[autodock_action_server-25]     handler, entity, node = self.wait_for_ready_callbacks(
[autodock_action_server-25]                             ^^^^^^^^^^^^^^^^^^^^^^^^^^^^^^
[autodock_action_server-25]   File "/opt/ros/jazzy/lib/python3.12/site-packages/rclpy/executors.py", line 874, in wait_for_ready_callbacks
[autodock_action_server-25]     return next(self._cb_iter)
[autodock_action_server-25]            ^^^^^^^^^^^^^^^^^^^
[autodock_action_server-25]   File "/opt/ros/jazzy/lib/python3.12/site-packages/rclpy/executors.py", line 778, in _wait_for_ready_callbacks
[autodock_action_server-25]     wait_set.wait(timeout_nsec)
[autodock_action_server-25] KeyboardInterrupt
[autodock_action_server-25] 
[autodock_action_server-25] During handling of the above exception, another exception occurred:
[autodock_action_server-25] 
[autodock_action_server-25] Traceback (most recent call last):
[autodock_action_server-25]   File "/home/smr/workspaces/mini_amr/amrROS2_ws/install/action_autodock/lib/action_autodock/autodock_action_server", line 33, in <module>
[autodock_action_server-25]     sys.exit(load_entry_point('action-autodock==0.0.0', 'console_scripts', 'autodock_action_server')())
[autodock_action_server-25]              ^^^^^^^^^^^^^^^^^^^^^^^^^^^^^^^^^^^^^^^^^^^^^^^^^^^^^^^^^^^^^^^^^^^^^^^^^^^^^^^^^^^^^^^^^
[autodock_action_server-25]   File "/home/smr/workspaces/mini_amr/amrROS2_ws/install/action_autodock/lib/python3.12/site-packages/action_autodock/autodock_action_server.py", line 1420, in main
[autodock_action_server-25]     rclpy.shutdown()   
[autodock_action_server-25]     ^^^^^^^^^^^^^^^^
[autodock_action_server-25]   File "/opt/ros/jazzy/lib/python3.12/site-packages/rclpy/__init__.py", line 134, in shutdown
[autodock_action_server-25]     _shutdown(context=context)
[autodock_action_server-25]   File "/opt/ros/jazzy/lib/python3.12/site-packages/rclpy/utilities.py", line 82, in shutdown
[autodock_action_server-25]     context.shutdown()
[autodock_action_server-25]   File "/opt/ros/jazzy/lib/python3.12/site-packages/rclpy/context.py", line 129, in shutdown
[autodock_action_server-25]     self.__context.shutdown()
[autodock_action_server-25] rclpy._rclpy_pybind11.RCLError: failed to shutdown: rcl_shutdown already called on the given context, at ./src/rcl/init.c:333
[behavior_server-13] [INFO] [1772423283.710180365] [behavior_server]: Destroying
[controller_server-10] [INFO] [1772423283.733734144] [rclcpp]: signal_handler(SIGINT/SIGTERM)
[controller_server-10] [INFO] [1772423283.733835057] [controller_server]: Running Nav2 LifecycleNode rcl preshutdown (controller_server)
[controller_server-10] [INFO] [1772423283.733914679] [controller_server]: Deactivating
[controller_server-10] [INFO] [1772423283.733946761] [MPPIController]: Deactivated MPPI Controller: FollowPath
[controller_server-10] [INFO] [1772423283.733968052] [local_costmap.local_costmap]: Deactivating
[controller_server-10] [INFO] [1772423283.782367934] [controller_server]: Destroying bond (controller_server) to lifecycle manager.
[controller_server-10] [INFO] [1772423283.795477834] [controller_server]: Cleaning up
[controller_server-10] [INFO] [1772423283.795784364] [MPPIController]: Cleaned up MPPI Controller: FollowPath
[controller_server-10] [INFO] [1772423283.797839074] [local_costmap.local_costmap]: Cleaning up
[costmap_filter_info_server-9] [INFO] [1772423283.789842181] [rclcpp]: signal_handler(SIGINT/SIGTERM)
[costmap_filter_info_server-9] [INFO] [1772423283.790170877] [keepout_costmap_filter_info_server]: Running Nav2 LifecycleNode rcl preshutdown (keepout_costmap_filter_info_server)
[costmap_filter_info_server-9] [INFO] [1772423283.790361036] [keepout_costmap_filter_info_server]: Deactivating
[costmap_filter_info_server-9] [INFO] [1772423283.790415575] [keepout_costmap_filter_info_server]: Destroying bond (keepout_costmap_filter_info_server) to lifecycle manager.
[costmap_filter_info_server-9] [INFO] [1772423283.801194275] [keepout_costmap_filter_info_server]: Cleaning up
[costmap_filter_info_server-9] [INFO] [1772423283.801335436] [keepout_costmap_filter_info_server]: Destroying bond (keepout_costmap_filter_info_server) to lifecycle manager.
[map_server-8] [INFO] [1772423283.844572731] [rclcpp]: signal_handler(SIGINT/SIGTERM)
[map_server-8] [INFO] [1772423283.844722642] [keepout_filter_mask_server]: Running Nav2 LifecycleNode rcl preshutdown (keepout_filter_mask_server)
[map_server-8] [INFO] [1772423283.844805180] [keepout_filter_mask_server]: Deactivating
[map_server-8] [INFO] [1772423283.844825304] [keepout_filter_mask_server]: Destroying bond (keepout_filter_mask_server) to lifecycle manager.
[map_server-8] [INFO] [1772423283.855140564] [keepout_filter_mask_server]: Cleaning up
[map_server-8] [INFO] [1772423283.855215228] [keepout_filter_mask_server]: Destroying bond (keepout_filter_mask_server) to lifecycle manager.
[costmap_filter_info_server-9] [INFO] [1772423283.895335895] [keepout_costmap_filter_info_server]: Destroying
[localization_slam_toolbox_node-7] [INFO] [1772423283.911933699] [rclcpp]: signal_handler(SIGINT/SIGTERM)
[localization_slam_toolbox_node-7] Unregistering sensor: Custom Described Lidar
[map_server-8] [INFO] [1772423283.951814043] [keepout_filter_mask_server]: Destroying
[controller_server-10] [INFO] [1772423283.985496422] [controller_server]: Destroying bond (controller_server) to lifecycle manager.
[controller_server-10] [INFO] [1772423284.038032559] [local_costmap.local_costmap]: Destroying
[lifecycle_manager-19] [INFO] [1772423284.058434421] [lifecycle_manager_navigation]: Destroying lifecycle_manager_navigation
[planner_server-12] [INFO] [1772423284.102535889] [planner_server]: Deactivating plugin GridBased of type SmacPlanner2D
[planner_server-12] [INFO] [1772423284.102601220] [planner_server]: Destroying bond (planner_server) to lifecycle manager.
[planner_server-12] [INFO] [1772423284.113096723] [planner_server]: Cleaning up
[robot_hardware-6] [INFO] [1772423284.143457734] [rclcpp]: signal_handler(SIGINT/SIGTERM)
[ekf_node-5] [INFO] [1772423284.226428378] [rclcpp]: signal_handler(SIGINT/SIGTERM)
[controller_server-10] [INFO] [1772423284.240039341] [controller_server]: Destroying
[planner_server-12] [INFO] [1772423284.257326617] [global_costmap.global_costmap]: Cleaning up
[scan_to_scan_filter_chain-4] [INFO] [1772423284.276858180] [rclcpp]: signal_handler(SIGINT/SIGTERM)
[planner_server-12] [INFO] [1772423284.363665548] [planner_server]: Cleaning up plugin GridBased of type SmacPlanner2D
[planner_server-12] [INFO] [1772423284.364049075] [planner_server]: Destroying plugin GridBased of type SmacPlanner2D
[sllidar_node-3] [INFO] [1772423284.412498539] [sllidar_node]: Stop motor
[robot_state_publisher-1] [INFO] [1772423284.455806122] [rclcpp]: signal_handler(SIGINT/SIGTERM)
[INFO] [collision_monitor-17]: process has finished cleanly [pid 47658]
[planner_server-12] [INFO] [1772423284.475885413] [planner_server]: Destroying bond (planner_server) to lifecycle manager.
[planner_server-12] [INFO] [1772423284.498918005] [global_costmap.global_costmap]: Destroying
[rpc_run_node-23] Traceback (most recent call last):
[rpc_run_node-23]   File "/home/smr/workspaces/mini_amr/amrROS2_ws/install/delivery_robot_main_controller/lib/delivery_robot_main_controller/rpc_run_node", line 33, in <module>
[rpc_run_node-23]     sys.exit(load_entry_point('delivery-robot-main-controller==0.0.1', 'console_scripts', 'rpc_run_node')())
[rpc_run_node-23]              ^^^^^^^^^^^^^^^^^^^^^^^^^^^^^^^^^^^^^^^^^^^^^^^^^^^^^^^^^^^^^^^^^^^^^^^^^^^^^^^^^^^^^^^^^^^^^^
[rpc_run_node-23]   File "/home/smr/workspaces/mini_amr/amrROS2_ws/install/delivery_robot_main_controller/lib/python3.12/site-packages/delivery_robot_main_controller/rpc_run_node.py", line 57, in main
[rpc_run_node-23]     rclpy.shutdown()
[rpc_run_node-23]   File "/opt/ros/jazzy/lib/python3.12/site-packages/rclpy/__init__.py", line 134, in shutdown
[rpc_run_node-23]     _shutdown(context=context)
[rpc_run_node-23]   File "/opt/ros/jazzy/lib/python3.12/site-packages/rclpy/utilities.py", line 82, in shutdown
[rpc_run_node-23]     context.shutdown()
[rpc_run_node-23]   File "/opt/ros/jazzy/lib/python3.12/site-packages/rclpy/context.py", line 129, in shutdown
[rpc_run_node-23]     self.__context.shutdown()
[rpc_run_node-23] rclpy._rclpy_pybind11.RCLError: failed to shutdown: rcl_shutdown already called on the given context, at ./src/rcl/init.c:333
[robot_sound-21] Traceback (most recent call last):
[robot_sound-21]   File "/home/smr/workspaces/mini_amr/amrROS2_ws/install/delivery_robot_main_controller/lib/delivery_robot_main_controller/robot_sound", line 33, in <module>
[robot_sound-21]     sys.exit(load_entry_point('delivery-robot-main-controller==0.0.1', 'console_scripts', 'robot_sound')())
[robot_sound-21]              ^^^^^^^^^^^^^^^^^^^^^^^^^^^^^^^^^^^^^^^^^^^^^^^^^^^^^^^^^^^^^^^^^^^^^^^^^^^^^^^^^^^^^^^^^^^^^
[robot_sound-21]   File "/home/smr/workspaces/mini_amr/amrROS2_ws/install/delivery_robot_main_controller/lib/python3.12/site-packages/delivery_robot_main_controller/robot_sound.py", line 368, in main
[robot_sound-21]     rclpy.shutdown()
[robot_sound-21]   File "/opt/ros/jazzy/lib/python3.12/site-packages/rclpy/__init__.py", line 134, in shutdown
[robot_sound-21]     _shutdown(context=context)
[robot_sound-21]   File "/opt/ros/jazzy/lib/python3.12/site-packages/rclpy/utilities.py", line 82, in shutdown
[robot_sound-21]     context.shutdown()
[robot_sound-21]   File "/opt/ros/jazzy/lib/python3.12/site-packages/rclpy/context.py", line 129, in shutdown
[robot_sound-21]     self.__context.shutdown()
[robot_sound-21] rclpy._rclpy_pybind11.RCLError: failed to shutdown: rcl_shutdown already called on the given context, at ./src/rcl/init.c:333
[INFO] [waypoint_follower-15]: process has finished cleanly [pid 47645]
[planner_server-12] [INFO] [1772423284.656607202] [planner_server]: Destroying
[call_robot_button-22] Traceback (most recent call last):
[call_robot_button-22]   File "/home/smr/workspaces/mini_amr/amrROS2_ws/install/delivery_robot_main_controller/lib/delivery_robot_main_controller/call_robot_button", line 33, in <module>
[call_robot_button-22]     sys.exit(load_entry_point('delivery-robot-main-controller==0.0.1', 'console_scripts', 'call_robot_button')())
[call_robot_button-22]              ^^^^^^^^^^^^^^^^^^^^^^^^^^^^^^^^^^^^^^^^^^^^^^^^^^^^^^^^^^^^^^^^^^^^^^^^^^^^^^^^^^^^^^^^^^^^^^^^^^^
[call_robot_button-22]   File "/home/smr/workspaces/mini_amr/amrROS2_ws/install/delivery_robot_main_controller/lib/python3.12/site-packages/delivery_robot_main_controller/call_button.py", line 251, in main
[call_robot_button-22]     rclpy.shutdown()
[call_robot_button-22]   File "/opt/ros/jazzy/lib/python3.12/site-packages/rclpy/__init__.py", line 134, in shutdown
[call_robot_button-22]     _shutdown(context=context)
[call_robot_button-22]   File "/opt/ros/jazzy/lib/python3.12/site-packages/rclpy/utilities.py", line 82, in shutdown
[call_robot_button-22]     context.shutdown()
[call_robot_button-22]   File "/opt/ros/jazzy/lib/python3.12/site-packages/rclpy/context.py", line 129, in shutdown
[call_robot_button-22]     self.__context.shutdown()
[call_robot_button-22] rclpy._rclpy_pybind11.RCLError: failed to shutdown: rcl_shutdown already called on the given context, at ./src/rcl/init.c:333
[bt_navigator-14] [INFO] [1772423284.841442203] [bt_navigator]: Completed Cleaning up
[bt_navigator-14] [INFO] [1772423284.841530283] [bt_navigator]: Destroying bond (bt_navigator) to lifecycle manager.
[INFO] [velocity_smoother-16]: process has finished cleanly [pid 47655]
[INFO] [behavior_server-13]: process has finished cleanly [pid 47628]
[INFO] [collision_detector-18]: process has finished cleanly [pid 47661]
[bt_navigator-14] [INFO] [1772423284.906588342] [bt_navigator]: Destroying
[ERROR] [rpc_run_node-23]: process has died [pid 47964, exit code 1, cmd '/home/smr/workspaces/mini_amr/amrROS2_ws/install/delivery_robot_main_controller/lib/delivery_robot_main_controller/rpc_run_node --ros-args -r __node:=rpc_run_node -r __ns:=/ -r /tf:=tf -r /tf_static:=tf_static'].
[ERROR] [battery_manager_node-26]: process has died [pid 47967, exit code -2, cmd '/home/smr/workspaces/mini_amr/amrROS2_ws/install/battery_management/lib/battery_management/battery_manager_node --ros-args -r __node:=battery_manager -r __ns:=/ --params-file /home/smr/workspaces/mini_amr/amrROS2_ws/install/battery_management/share/battery_management/config/battery_manager.yaml -r /tf:=tf -r /tf_static:=tf_static'].
[ERROR] [call_robot_button-22]: process has died [pid 47963, exit code 1, cmd '/home/smr/workspaces/mini_amr/amrROS2_ws/install/delivery_robot_main_controller/lib/delivery_robot_main_controller/call_robot_button --ros-args -r __node:=call_robot_button_node -r __ns:=/ -r /tf:=tf -r /tf_static:=tf_static'].
[ERROR] [robot_sound-21]: process has died [pid 47962, exit code 1, cmd '/home/smr/workspaces/mini_amr/amrROS2_ws/install/delivery_robot_main_controller/lib/delivery_robot_main_controller/robot_sound --ros-args -r __node:=robot_sound_node -r __ns:=/ -r /tf:=tf -r /tf_static:=tf_static'].
[INFO] [map_server-8]: process has finished cleanly [pid 47594]
[INFO] [lifecycle_manager-19]: process has finished cleanly [pid 47662]
[INFO] [smoother_server-11]: process has finished cleanly [pid 47616]
[INFO] [costmap_filter_info_server-9]: process has finished cleanly [pid 47601]
[INFO] [robot_hardware-6]: process has finished cleanly [pid 47592]
[INFO] [joint_state_publisher-2]: process has finished cleanly [pid 47588]
[INFO] [controller_server-10]: process has finished cleanly [pid 47611]
[ERROR] [autodock_action_server-25]: process has died [pid 47966, exit code 1, cmd '/home/smr/workspaces/mini_amr/amrROS2_ws/install/action_autodock/lib/action_autodock/autodock_action_server --ros-args -r __ns:=/ --params-file /home/smr/workspaces/mini_amr/amrROS2_ws/install/action_autodock/share/action_autodock/config/auto_dock_config.yaml --params-file /tmp/launch_params_jacnjxd5 -r /tf:=tf -r /tf_static:=tf_static'].
[INFO] [planner_server-12]: process has finished cleanly [pid 47617]
[INFO] [bt_navigator-14]: process has finished cleanly [pid 47642]
[ERROR] [delivery_robot_main_controller-20]: process has died [pid 47961, exit code -2, cmd '/home/smr/workspaces/mini_amr/amrROS2_ws/install/delivery_robot_main_controller/lib/delivery_robot_main_controller/delivery_robot_main_controller --ros-args -r __node:=main_controller_node -r __ns:=/ --params-file /tmp/launch_params_j5npqh64 -r /tf:=tf -r /tf_static:=tf_static'].
[INFO] [ekf_node-5]: process has finished cleanly [pid 47591]
[INFO] [localization_slam_toolbox_node-7]: process has finished cleanly [pid 47593]
[INFO] [scan_to_scan_filter_chain-4]: process has finished cleanly [pid 47590]
[INFO] [sllidar_node-3]: process has finished cleanly [pid 47589]
[INFO] [robot_state_publisher-1]: process has finished cleanly [pid 47587]
