[1.812s] Invoking command in '/home/smr/workspaces/mini_amr/amrROS2_ws/src/wis_pkg': DEBUGINFOD_URLS=https://debuginfod.ubuntu.com PYTHONPATH=/home/smr/workspaces/mini_amr/amrROS2_ws/build/wis_pkg/prefix_override:/usr/lib/python3/dist-packages/colcon_core/task/python/colcon_distutils_commands:/home/smr/workspaces/mini_amr/amrROS2_ws/install/wis_pkg/lib/python3.12/site-packages:${PYTHONPATH} /usr/bin/python3 -W ignore:setup.py install is deprecated -W ignore:easy_install command is deprecated setup.py egg_info --egg-base ../../build/wis_pkg build --build-base /home/smr/workspaces/mini_amr/amrROS2_ws/build/wis_pkg/build install --record /home/smr/workspaces/mini_amr/amrROS2_ws/build/wis_pkg/install.log --single-version-externally-managed install_data
[2.257s] running egg_info
[2.287s] writing ../../build/wis_pkg/wis_pkg.egg-info/PKG-INFO
[2.304s] writing dependency_links to ../../build/wis_pkg/wis_pkg.egg-info/dependency_links.txt
[2.304s] writing entry points to ../../build/wis_pkg/wis_pkg.egg-info/entry_points.txt
[2.305s] writing requirements to ../../build/wis_pkg/wis_pkg.egg-info/requires.txt
[2.306s] writing top-level names to ../../build/wis_pkg/wis_pkg.egg-info/top_level.txt
[2.366s] reading manifest file '../../build/wis_pkg/wis_pkg.egg-info/SOURCES.txt'
[2.368s] writing manifest file '../../build/wis_pkg/wis_pkg.egg-info/SOURCES.txt'
[2.368s] running build
[2.369s] running build_py
[2.370s] copying wis_pkg/map_load_subscriber_node.py -> /home/smr/workspaces/mini_amr/amrROS2_ws/build/wis_pkg/build/lib/wis_pkg
[2.370s] running install
[2.381s] running install_lib
[2.412s] copying /home/smr/workspaces/mini_amr/amrROS2_ws/build/wis_pkg/build/lib/wis_pkg/map_load_subscriber_node.py -> /home/smr/workspaces/mini_amr/amrROS2_ws/install/wis_pkg/lib/python3.12/site-packages/wis_pkg
[2.414s] byte-compiling /home/smr/workspaces/mini_amr/amrROS2_ws/install/wis_pkg/lib/python3.12/site-packages/wis_pkg/map_load_subscriber_node.py to map_load_subscriber_node.cpython-312.pyc
[2.415s] running install_data
[2.416s] running install_egg_info
[2.448s] removing '/home/smr/workspaces/mini_amr/amrROS2_ws/install/wis_pkg/lib/python3.12/site-packages/wis_pkg-0.0.0-py3.12.egg-info' (and everything under it)
[2.449s] Copying ../../build/wis_pkg/wis_pkg.egg-info to /home/smr/workspaces/mini_amr/amrROS2_ws/install/wis_pkg/lib/python3.12/site-packages/wis_pkg-0.0.0-py3.12.egg-info
[2.450s] running install_scripts
[2.663s] Installing map_info script to /home/smr/workspaces/mini_amr/amrROS2_ws/install/wis_pkg/lib/wis_pkg
[2.663s] Installing map_load script to /home/smr/workspaces/mini_amr/amrROS2_ws/install/wis_pkg/lib/wis_pkg
[2.664s] Installing map_name script to /home/smr/workspaces/mini_amr/amrROS2_ws/install/wis_pkg/lib/wis_pkg
[2.664s] Installing map_nav script to /home/smr/workspaces/mini_amr/amrROS2_ws/install/wis_pkg/lib/wis_pkg
[2.665s] Installing map_save script to /home/smr/workspaces/mini_amr/amrROS2_ws/install/wis_pkg/lib/wis_pkg
[2.665s] Installing map_scan script to /home/smr/workspaces/mini_amr/amrROS2_ws/install/wis_pkg/lib/wis_pkg
[2.666s] writing list of installed files to '/home/smr/workspaces/mini_amr/amrROS2_ws/build/wis_pkg/install.log'
[2.759s] Invoked command in '/home/smr/workspaces/mini_amr/amrROS2_ws/src/wis_pkg' returned '0': DEBUGINFOD_URLS=https://debuginfod.ubuntu.com PYTHONPATH=/home/smr/workspaces/mini_amr/amrROS2_ws/build/wis_pkg/prefix_override:/usr/lib/python3/dist-packages/colcon_core/task/python/colcon_distutils_commands:/home/smr/workspaces/mini_amr/amrROS2_ws/install/wis_pkg/lib/python3.12/site-packages:${PYTHONPATH} /usr/bin/python3 -W ignore:setup.py install is deprecated -W ignore:easy_install command is deprecated setup.py egg_info --egg-base ../../build/wis_pkg build --build-base /home/smr/workspaces/mini_amr/amrROS2_ws/build/wis_pkg/build install --record /home/smr/workspaces/mini_amr/amrROS2_ws/build/wis_pkg/install.log --single-version-externally-managed install_data
