[6.879s] Invoking command in '/home/smr/workspaces/mini_amr/amrROS2_ws/src/wis_pkg': DEBUGINFOD_URLS=https://debuginfod.ubuntu.com PYTHONPATH=/home/smr/workspaces/mini_amr/amrROS2_ws/build/wis_pkg/prefix_override:/usr/lib/python3/dist-packages/colcon_core/task/python/colcon_distutils_commands:/home/smr/workspaces/mini_amr/amrROS2_ws/install/wis_pkg/lib/python3.12/site-packages:${PYTHONPATH} /usr/bin/python3 -W ignore:setup.py install is deprecated -W ignore:easy_install command is deprecated setup.py egg_info --egg-base ../../build/wis_pkg build --build-base /home/smr/workspaces/mini_amr/amrROS2_ws/build/wis_pkg/build install --record /home/smr/workspaces/mini_amr/amrROS2_ws/build/wis_pkg/install.log --single-version-externally-managed install_data
[7.977s] running egg_info
[8.084s] writing ../../build/wis_pkg/wis_pkg.egg-info/PKG-INFO
[8.085s] writing dependency_links to ../../build/wis_pkg/wis_pkg.egg-info/dependency_links.txt
[8.087s] writing entry points to ../../build/wis_pkg/wis_pkg.egg-info/entry_points.txt
[8.088s] writing requirements to ../../build/wis_pkg/wis_pkg.egg-info/requires.txt
[8.089s] writing top-level names to ../../build/wis_pkg/wis_pkg.egg-info/top_level.txt
[8.354s] reading manifest file '../../build/wis_pkg/wis_pkg.egg-info/SOURCES.txt'
[8.356s] writing manifest file '../../build/wis_pkg/wis_pkg.egg-info/SOURCES.txt'
[8.356s] running build
[8.357s] running build_py
[8.361s] running install
[8.405s] running install_lib
[8.439s] running install_data
[8.439s] running install_egg_info
[8.473s] removing '/home/smr/workspaces/mini_amr/amrROS2_ws/install/wis_pkg/lib/python3.12/site-packages/wis_pkg-0.0.0-py3.12.egg-info' (and everything under it)
[8.474s] Copying ../../build/wis_pkg/wis_pkg.egg-info to /home/smr/workspaces/mini_amr/amrROS2_ws/install/wis_pkg/lib/python3.12/site-packages/wis_pkg-0.0.0-py3.12.egg-info
[8.480s] running install_scripts
[8.954s] Installing map_info script to /home/smr/workspaces/mini_amr/amrROS2_ws/install/wis_pkg/lib/wis_pkg
[8.955s] Installing map_load script to /home/smr/workspaces/mini_amr/amrROS2_ws/install/wis_pkg/lib/wis_pkg
[8.956s] Installing map_name script to /home/smr/workspaces/mini_amr/amrROS2_ws/install/wis_pkg/lib/wis_pkg
[8.956s] Installing map_nav script to /home/smr/workspaces/mini_amr/amrROS2_ws/install/wis_pkg/lib/wis_pkg
[8.957s] Installing map_save script to /home/smr/workspaces/mini_amr/amrROS2_ws/install/wis_pkg/lib/wis_pkg
[8.958s] Installing map_scan script to /home/smr/workspaces/mini_amr/amrROS2_ws/install/wis_pkg/lib/wis_pkg
[8.958s] Installing map_shutdown script to /home/smr/workspaces/mini_amr/amrROS2_ws/install/wis_pkg/lib/wis_pkg
[8.959s] Installing point_save script to /home/smr/workspaces/mini_amr/amrROS2_ws/install/wis_pkg/lib/wis_pkg
[8.959s] writing list of installed files to '/home/smr/workspaces/mini_amr/amrROS2_ws/build/wis_pkg/install.log'
[9.049s] Invoked command in '/home/smr/workspaces/mini_amr/amrROS2_ws/src/wis_pkg' returned '0': DEBUGINFOD_URLS=https://debuginfod.ubuntu.com PYTHONPATH=/home/smr/workspaces/mini_amr/amrROS2_ws/build/wis_pkg/prefix_override:/usr/lib/python3/dist-packages/colcon_core/task/python/colcon_distutils_commands:/home/smr/workspaces/mini_amr/amrROS2_ws/install/wis_pkg/lib/python3.12/site-packages:${PYTHONPATH} /usr/bin/python3 -W ignore:setup.py install is deprecated -W ignore:easy_install command is deprecated setup.py egg_info --egg-base ../../build/wis_pkg build --build-base /home/smr/workspaces/mini_amr/amrROS2_ws/build/wis_pkg/build install --record /home/smr/workspaces/mini_amr/amrROS2_ws/build/wis_pkg/install.log --single-version-externally-managed install_data
