[0.441s] Invoking command in '/home/smr/workspaces/mini_amr/amrROS2_ws/build/description': CMAKE_PREFIX_PATH=${CMAKE_PREFIX_PATH}:/home/smr/workspaces/mini_amr/amrROS2_ws/install/robot_data_tool:/home/smr/workspaces/mini_amr/amrROS2_ws/install/python_pkg:/home/smr/workspaces/mini_amr/amrROS2_ws/install/action_autodock:/opt/ros/jazzy DEBUGINFOD_URLS=https://debuginfod.ubuntu.com /usr/bin/cmake --build /home/smr/workspaces/mini_amr/amrROS2_ws/build/description -- -j8 -l8
[1.311s] Invoked command in '/home/smr/workspaces/mini_amr/amrROS2_ws/build/description' returned '0': CMAKE_PREFIX_PATH=${CMAKE_PREFIX_PATH}:/home/smr/workspaces/mini_amr/amrROS2_ws/install/robot_data_tool:/home/smr/workspaces/mini_amr/amrROS2_ws/install/python_pkg:/home/smr/workspaces/mini_amr/amrROS2_ws/install/action_autodock:/opt/ros/jazzy DEBUGINFOD_URLS=https://debuginfod.ubuntu.com /usr/bin/cmake --build /home/smr/workspaces/mini_amr/amrROS2_ws/build/description -- -j8 -l8
[1.316s] Invoking command in '/home/smr/workspaces/mini_amr/amrROS2_ws/build/description': CMAKE_PREFIX_PATH=${CMAKE_PREFIX_PATH}:/home/smr/workspaces/mini_amr/amrROS2_ws/install/robot_data_tool:/home/smr/workspaces/mini_amr/amrROS2_ws/install/python_pkg:/home/smr/workspaces/mini_amr/amrROS2_ws/install/action_autodock:/opt/ros/jazzy DEBUGINFOD_URLS=https://debuginfod.ubuntu.com /usr/bin/cmake --install /home/smr/workspaces/mini_amr/amrROS2_ws/build/description
[1.331s] -- Install configuration: ""
[1.331s] -- Up-to-date: /home/smr/workspaces/mini_amr/amrROS2_ws/install/description/share/description/urdf
[1.332s] -- Up-to-date: /home/smr/workspaces/mini_amr/amrROS2_ws/install/description/share/description/urdf/robot
[1.332s] -- Up-to-date: /home/smr/workspaces/mini_amr/amrROS2_ws/install/description/share/description/urdf/robot/robot.urdf.xacro
[1.340s] -- Up-to-date: /home/smr/workspaces/mini_amr/amrROS2_ws/install/description/share/description/urdf/sensors
[1.345s] -- Up-to-date: /home/smr/workspaces/mini_amr/amrROS2_ws/install/description/share/description/urdf/sensors/laser.urdf.xacro
[1.346s] -- Up-to-date: /home/smr/workspaces/mini_amr/amrROS2_ws/install/description/share/description/urdf/sensors/imu.urdf.xacro
[1.348s] -- Up-to-date: /home/smr/workspaces/mini_amr/amrROS2_ws/install/description/share/description/urdf/sensors/camera.urdf.xacro
[1.349s] -- Up-to-date: /home/smr/workspaces/mini_amr/amrROS2_ws/install/description/share/description/urdf/sensors/range_sensor.urdf.xacro
[1.350s] -- Up-to-date: /home/smr/workspaces/mini_amr/amrROS2_ws/install/description/share/description/urdf/property
[1.350s] -- Up-to-date: /home/smr/workspaces/mini_amr/amrROS2_ws/install/description/share/description/urdf/property/robot_property.urdf.xacro
[1.350s] -- Up-to-date: /home/smr/workspaces/mini_amr/amrROS2_ws/install/description/share/description/urdf/mech
[1.350s] -- Up-to-date: /home/smr/workspaces/mini_amr/amrROS2_ws/install/description/share/description/urdf/mech/base.urdf.xacro
[1.350s] -- Up-to-date: /home/smr/workspaces/mini_amr/amrROS2_ws/install/description/share/description/urdf/mech/caster_wheel.urdf.xacro
[1.351s] -- Up-to-date: /home/smr/workspaces/mini_amr/amrROS2_ws/install/description/share/description/urdf/mech/wheel.urdf.xacro
[1.351s] -- Up-to-date: /home/smr/workspaces/mini_amr/amrROS2_ws/install/description/share/description/urdf/controllers
[1.354s] -- Up-to-date: /home/smr/workspaces/mini_amr/amrROS2_ws/install/description/share/description/urdf/controllers/diff_drive_controller.urdf.xacro
[1.360s] -- Up-to-date: /home/smr/workspaces/mini_amr/amrROS2_ws/install/description/share/description/rviz
[1.360s] -- Up-to-date: /home/smr/workspaces/mini_amr/amrROS2_ws/install/description/share/description/rviz/description.rviz
[1.360s] -- Up-to-date: /home/smr/workspaces/mini_amr/amrROS2_ws/install/description/share/description/rviz/gazebo.rviz
[1.360s] -- Up-to-date: /home/smr/workspaces/mini_amr/amrROS2_ws/install/description/share/description/launch
[1.360s] -- Up-to-date: /home/smr/workspaces/mini_amr/amrROS2_ws/install/description/share/description/launch/description.launch.py
[1.361s] -- Up-to-date: /home/smr/workspaces/mini_amr/amrROS2_ws/install/description/share/ament_index/resource_index/package_run_dependencies/description
[1.361s] -- Up-to-date: /home/smr/workspaces/mini_amr/amrROS2_ws/install/description/share/ament_index/resource_index/parent_prefix_path/description
[1.361s] -- Up-to-date: /home/smr/workspaces/mini_amr/amrROS2_ws/install/description/share/description/environment/ament_prefix_path.sh
[1.361s] -- Up-to-date: /home/smr/workspaces/mini_amr/amrROS2_ws/install/description/share/description/environment/ament_prefix_path.dsv
[1.361s] -- Up-to-date: /home/smr/workspaces/mini_amr/amrROS2_ws/install/description/share/description/environment/path.sh
[1.361s] -- Up-to-date: /home/smr/workspaces/mini_amr/amrROS2_ws/install/description/share/description/environment/path.dsv
[1.361s] -- Up-to-date: /home/smr/workspaces/mini_amr/amrROS2_ws/install/description/share/description/local_setup.bash
[1.361s] -- Up-to-date: /home/smr/workspaces/mini_amr/amrROS2_ws/install/description/share/description/local_setup.sh
[1.361s] -- Up-to-date: /home/smr/workspaces/mini_amr/amrROS2_ws/install/description/share/description/local_setup.zsh
[1.362s] -- Up-to-date: /home/smr/workspaces/mini_amr/amrROS2_ws/install/description/share/description/local_setup.dsv
[1.362s] -- Installing: /home/smr/workspaces/mini_amr/amrROS2_ws/install/description/share/description/package.dsv
[1.362s] -- Up-to-date: /home/smr/workspaces/mini_amr/amrROS2_ws/install/description/share/ament_index/resource_index/packages/description
[1.362s] -- Up-to-date: /home/smr/workspaces/mini_amr/amrROS2_ws/install/description/share/description/cmake/descriptionConfig.cmake
[1.362s] -- Up-to-date: /home/smr/workspaces/mini_amr/amrROS2_ws/install/description/share/description/cmake/descriptionConfig-version.cmake
[1.363s] -- Up-to-date: /home/smr/workspaces/mini_amr/amrROS2_ws/install/description/share/description/package.xml
[1.515s] Invoked command in '/home/smr/workspaces/mini_amr/amrROS2_ws/build/description' returned '0': CMAKE_PREFIX_PATH=${CMAKE_PREFIX_PATH}:/home/smr/workspaces/mini_amr/amrROS2_ws/install/robot_data_tool:/home/smr/workspaces/mini_amr/amrROS2_ws/install/python_pkg:/home/smr/workspaces/mini_amr/amrROS2_ws/install/action_autodock:/opt/ros/jazzy DEBUGINFOD_URLS=https://debuginfod.ubuntu.com /usr/bin/cmake --install /home/smr/workspaces/mini_amr/amrROS2_ws/build/description
