-- Install configuration: ""
-- Up-to-date: /home/smr/workspaces/mini_amr/amrROS2_ws/install/bringup/share/bringup/launch
-- Up-to-date: /home/smr/workspaces/mini_amr/amrROS2_ws/install/bringup/share/bringup/launch/bringup_namspace.launch.py
-- Up-to-date: /home/smr/workspaces/mini_amr/amrROS2_ws/install/bringup/share/bringup/launch/bringup.launch.py
-- Up-to-date: /home/smr/workspaces/mini_amr/amrROS2_ws/install/bringup/share/bringup/launch/gazebo.launch.py
-- Up-to-date: /home/smr/workspaces/mini_amr/amrROS2_ws/install/bringup/share/bringup/launch/camera.launch.py
-- Up-to-date: /home/smr/workspaces/mini_amr/amrROS2_ws/install/bringup/share/bringup/config
-- Up-to-date: /home/smr/workspaces/mini_amr/amrROS2_ws/install/bringup/share/bringup/config/usbcam.yaml
-- Up-to-date: /home/smr/workspaces/mini_amr/amrROS2_ws/install/bringup/share/bringup/config/laser_filters.yaml
-- Up-to-date: /home/smr/workspaces/mini_amr/amrROS2_ws/install/bringup/share/bringup/config/ekf.yaml
-- Installing: /home/smr/workspaces/mini_amr/amrROS2_ws/install/bringup/share/bringup/config/bringup.yaml
-- Up-to-date: /home/smr/workspaces/mini_amr/amrROS2_ws/install/bringup/share/bringup/world
-- Up-to-date: /home/smr/workspaces/mini_amr/amrROS2_ws/install/bringup/share/bringup/world/empty.sdf
-- Up-to-date: /home/smr/workspaces/mini_amr/amrROS2_ws/install/bringup/share/bringup/models
-- Up-to-date: /home/smr/workspaces/mini_amr/amrROS2_ws/install/bringup/share/bringup/models/TurtlebotArena
-- Up-to-date: /home/smr/workspaces/mini_amr/amrROS2_ws/install/bringup/share/bringup/models/TurtlebotArena/model.config
-- Up-to-date: /home/smr/workspaces/mini_amr/amrROS2_ws/install/bringup/share/bringup/models/TurtlebotArena/model.sdf
-- Up-to-date: /home/smr/workspaces/mini_amr/amrROS2_ws/install/bringup/share/bringup/models/TurtlebotArena/meshes
-- Up-to-date: /home/smr/workspaces/mini_amr/amrROS2_ws/install/bringup/share/bringup/models/TurtlebotArena/meshes/wall.dae
-- Up-to-date: /home/smr/workspaces/mini_amr/amrROS2_ws/install/bringup/share/bringup/models/TurtlebotArena/meshes/hexagon.dae
-- Up-to-date: /home/smr/workspaces/mini_amr/amrROS2_ws/install/bringup/share/ament_index/resource_index/package_run_dependencies/bringup
-- Up-to-date: /home/smr/workspaces/mini_amr/amrROS2_ws/install/bringup/share/ament_index/resource_index/parent_prefix_path/bringup
-- Up-to-date: /home/smr/workspaces/mini_amr/amrROS2_ws/install/bringup/share/bringup/environment/ament_prefix_path.sh
-- Up-to-date: /home/smr/workspaces/mini_amr/amrROS2_ws/install/bringup/share/bringup/environment/ament_prefix_path.dsv
-- Up-to-date: /home/smr/workspaces/mini_amr/amrROS2_ws/install/bringup/share/bringup/environment/path.sh
-- Up-to-date: /home/smr/workspaces/mini_amr/amrROS2_ws/install/bringup/share/bringup/environment/path.dsv
-- Up-to-date: /home/smr/workspaces/mini_amr/amrROS2_ws/install/bringup/share/bringup/local_setup.bash
-- Up-to-date: /home/smr/workspaces/mini_amr/amrROS2_ws/install/bringup/share/bringup/local_setup.sh
-- Up-to-date: /home/smr/workspaces/mini_amr/amrROS2_ws/install/bringup/share/bringup/local_setup.zsh
-- Up-to-date: /home/smr/workspaces/mini_amr/amrROS2_ws/install/bringup/share/bringup/local_setup.dsv
-- Installing: /home/smr/workspaces/mini_amr/amrROS2_ws/install/bringup/share/bringup/package.dsv
-- Up-to-date: /home/smr/workspaces/mini_amr/amrROS2_ws/install/bringup/share/ament_index/resource_index/packages/bringup
-- Up-to-date: /home/smr/workspaces/mini_amr/amrROS2_ws/install/bringup/share/bringup/cmake/bringupConfig.cmake
-- Up-to-date: /home/smr/workspaces/mini_amr/amrROS2_ws/install/bringup/share/bringup/cmake/bringupConfig-version.cmake
-- Up-to-date: /home/smr/workspaces/mini_amr/amrROS2_ws/install/bringup/share/bringup/package.xml
