[0.916s] Invoking command in '/home/smr/workspaces/mini_amr/amrROS2_ws/build/sllidar_ros2': CMAKE_PREFIX_PATH=${CMAKE_PREFIX_PATH}:/home/smr/workspaces/mini_amr/amrROS2_ws/install/python_pkg:/home/smr/workspaces/mini_amr/amrROS2_ws/install/action_autodock:/opt/ros/jazzy DEBUGINFOD_URLS=https://debuginfod.ubuntu.com /usr/bin/cmake --build /home/smr/workspaces/mini_amr/amrROS2_ws/build/sllidar_ros2 -- -j8 -l8
[1.136s] [ 90%] Built target sllidar_node
[1.148s] [100%] Built target sllidar_client
[1.204s] Invoked command in '/home/smr/workspaces/mini_amr/amrROS2_ws/build/sllidar_ros2' returned '0': CMAKE_PREFIX_PATH=${CMAKE_PREFIX_PATH}:/home/smr/workspaces/mini_amr/amrROS2_ws/install/python_pkg:/home/smr/workspaces/mini_amr/amrROS2_ws/install/action_autodock:/opt/ros/jazzy DEBUGINFOD_URLS=https://debuginfod.ubuntu.com /usr/bin/cmake --build /home/smr/workspaces/mini_amr/amrROS2_ws/build/sllidar_ros2 -- -j8 -l8
[1.205s] Invoking command in '/home/smr/workspaces/mini_amr/amrROS2_ws/build/sllidar_ros2': CMAKE_PREFIX_PATH=${CMAKE_PREFIX_PATH}:/home/smr/workspaces/mini_amr/amrROS2_ws/install/python_pkg:/home/smr/workspaces/mini_amr/amrROS2_ws/install/action_autodock:/opt/ros/jazzy DEBUGINFOD_URLS=https://debuginfod.ubuntu.com /usr/bin/cmake --install /home/smr/workspaces/mini_amr/amrROS2_ws/build/sllidar_ros2
[1.223s] -- Install configuration: ""
[1.223s] -- Up-to-date: /home/smr/workspaces/mini_amr/amrROS2_ws/install/sllidar_ros2/share/sllidar_ros2/launch
[1.224s] -- Up-to-date: /home/smr/workspaces/mini_amr/amrROS2_ws/install/sllidar_ros2/share/sllidar_ros2/launch/view_sllidar_a3_launch.py
[1.225s] -- Up-to-date: /home/smr/workspaces/mini_amr/amrROS2_ws/install/sllidar_ros2/share/sllidar_ros2/launch/sllidar_a2m7_launch.py
[1.226s] -- Up-to-date: /home/smr/workspaces/mini_amr/amrROS2_ws/install/sllidar_ros2/share/sllidar_ros2/launch/view_sllidar_a2m7_launch.py
[1.227s] -- Up-to-date: /home/smr/workspaces/mini_amr/amrROS2_ws/install/sllidar_ros2/share/sllidar_ros2/launch/view_sllidar_t1_launch.py
[1.228s] -- Up-to-date: /home/smr/workspaces/mini_amr/amrROS2_ws/install/sllidar_ros2/share/sllidar_ros2/launch/view_sllidar_a2m8_launch.py
[1.228s] -- Up-to-date: /home/smr/workspaces/mini_amr/amrROS2_ws/install/sllidar_ros2/share/sllidar_ros2/launch/sllidar_a1_launch.py
[1.228s] -- Up-to-date: /home/smr/workspaces/mini_amr/amrROS2_ws/install/sllidar_ros2/share/sllidar_ros2/launch/sllidar_s2_launch.py
[1.228s] -- Up-to-date: /home/smr/workspaces/mini_amr/amrROS2_ws/install/sllidar_ros2/share/sllidar_ros2/launch/sllidar_a3_launch.py
[1.229s] -- Up-to-date: /home/smr/workspaces/mini_amr/amrROS2_ws/install/sllidar_ros2/share/sllidar_ros2/launch/view_sllidar_s1_launch.py
[1.229s] -- Up-to-date: /home/smr/workspaces/mini_amr/amrROS2_ws/install/sllidar_ros2/share/sllidar_ros2/launch/view_sllidar_a2m12_launch.py
[1.231s] -- Up-to-date: /home/smr/workspaces/mini_amr/amrROS2_ws/install/sllidar_ros2/share/sllidar_ros2/launch/sllidar_s2e_launch.py
[1.231s] -- Up-to-date: /home/smr/workspaces/mini_amr/amrROS2_ws/install/sllidar_ros2/share/sllidar_ros2/launch/view_sllidar_s1_tcp_launch.py
[1.232s] -- Up-to-date: /home/smr/workspaces/mini_amr/amrROS2_ws/install/sllidar_ros2/share/sllidar_ros2/launch/sllidar_s1_tcp_launch.py
[1.233s] -- Up-to-date: /home/smr/workspaces/mini_amr/amrROS2_ws/install/sllidar_ros2/share/sllidar_ros2/launch/sllidar_c1_launch.py
[1.234s] -- Up-to-date: /home/smr/workspaces/mini_amr/amrROS2_ws/install/sllidar_ros2/share/sllidar_ros2/launch/view_sllidar_a1_launch.py
[1.234s] -- Up-to-date: /home/smr/workspaces/mini_amr/amrROS2_ws/install/sllidar_ros2/share/sllidar_ros2/launch/view_sllidar_s2_launch.py
[1.235s] -- Up-to-date: /home/smr/workspaces/mini_amr/amrROS2_ws/install/sllidar_ros2/share/sllidar_ros2/launch/sllidar_s3_launch.py
[1.235s] -- Up-to-date: /home/smr/workspaces/mini_amr/amrROS2_ws/install/sllidar_ros2/share/sllidar_ros2/launch/view_sllidar_s3_launch.py
[1.236s] -- Up-to-date: /home/smr/workspaces/mini_amr/amrROS2_ws/install/sllidar_ros2/share/sllidar_ros2/launch/view_sllidar_c1_launch.py
[1.237s] -- Up-to-date: /home/smr/workspaces/mini_amr/amrROS2_ws/install/sllidar_ros2/share/sllidar_ros2/launch/sllidar_s1_launch.py
[1.238s] -- Up-to-date: /home/smr/workspaces/mini_amr/amrROS2_ws/install/sllidar_ros2/share/sllidar_ros2/launch/sllidar_t1_launch.py
[1.239s] -- Up-to-date: /home/smr/workspaces/mini_amr/amrROS2_ws/install/sllidar_ros2/share/sllidar_ros2/launch/sllidar_a2m12_launch .py
[1.240s] -- Up-to-date: /home/smr/workspaces/mini_amr/amrROS2_ws/install/sllidar_ros2/share/sllidar_ros2/launch/view_sllidar_s2e_launch.py
[1.242s] -- Up-to-date: /home/smr/workspaces/mini_amr/amrROS2_ws/install/sllidar_ros2/share/sllidar_ros2/launch/sllidar_a2m8_launch.py
[1.243s] -- Up-to-date: /home/smr/workspaces/mini_amr/amrROS2_ws/install/sllidar_ros2/share/sllidar_ros2/rviz
[1.244s] -- Up-to-date: /home/smr/workspaces/mini_amr/amrROS2_ws/install/sllidar_ros2/share/sllidar_ros2/rviz/sllidar_ros2.rviz
[1.247s] -- Up-to-date: /home/smr/workspaces/mini_amr/amrROS2_ws/install/sllidar_ros2/lib/sllidar_ros2/sllidar_node
[1.250s] -- Up-to-date: /home/smr/workspaces/mini_amr/amrROS2_ws/install/sllidar_ros2/lib/sllidar_ros2/sllidar_client
[1.251s] -- Up-to-date: /home/smr/workspaces/mini_amr/amrROS2_ws/install/sllidar_ros2/share/ament_index/resource_index/package_run_dependencies/sllidar_ros2
[1.251s] -- Up-to-date: /home/smr/workspaces/mini_amr/amrROS2_ws/install/sllidar_ros2/share/ament_index/resource_index/parent_prefix_path/sllidar_ros2
[1.252s] -- Up-to-date: /home/smr/workspaces/mini_amr/amrROS2_ws/install/sllidar_ros2/share/sllidar_ros2/environment/ament_prefix_path.sh
[1.256s] -- Up-to-date: /home/smr/workspaces/mini_amr/amrROS2_ws/install/sllidar_ros2/share/sllidar_ros2/environment/ament_prefix_path.dsv
[1.257s] -- Up-to-date: /home/smr/workspaces/mini_amr/amrROS2_ws/install/sllidar_ros2/share/sllidar_ros2/environment/path.sh
[1.258s] -- Up-to-date: /home/smr/workspaces/mini_amr/amrROS2_ws/install/sllidar_ros2/share/sllidar_ros2/environment/path.dsv
[1.259s] -- Up-to-date: /home/smr/workspaces/mini_amr/amrROS2_ws/install/sllidar_ros2/share/sllidar_ros2/local_setup.bash
[1.260s] -- Up-to-date: /home/smr/workspaces/mini_amr/amrROS2_ws/install/sllidar_ros2/share/sllidar_ros2/local_setup.sh
[1.261s] -- Up-to-date: /home/smr/workspaces/mini_amr/amrROS2_ws/install/sllidar_ros2/share/sllidar_ros2/local_setup.zsh
[1.262s] -- Up-to-date: /home/smr/workspaces/mini_amr/amrROS2_ws/install/sllidar_ros2/share/sllidar_ros2/local_setup.dsv
[1.264s] -- Installing: /home/smr/workspaces/mini_amr/amrROS2_ws/install/sllidar_ros2/share/sllidar_ros2/package.dsv
[1.265s] -- Up-to-date: /home/smr/workspaces/mini_amr/amrROS2_ws/install/sllidar_ros2/share/ament_index/resource_index/packages/sllidar_ros2
[1.266s] -- Up-to-date: /home/smr/workspaces/mini_amr/amrROS2_ws/install/sllidar_ros2/share/sllidar_ros2/cmake/ament_cmake_export_dependencies-extras.cmake
[1.266s] -- Up-to-date: /home/smr/workspaces/mini_amr/amrROS2_ws/install/sllidar_ros2/share/sllidar_ros2/cmake/ament_cmake_export_include_directories-extras.cmake
[1.266s] -- Up-to-date: /home/smr/workspaces/mini_amr/amrROS2_ws/install/sllidar_ros2/share/sllidar_ros2/cmake/sllidar_ros2Config.cmake
[1.267s] -- Up-to-date: /home/smr/workspaces/mini_amr/amrROS2_ws/install/sllidar_ros2/share/sllidar_ros2/cmake/sllidar_ros2Config-version.cmake
[1.267s] -- Up-to-date: /home/smr/workspaces/mini_amr/amrROS2_ws/install/sllidar_ros2/share/sllidar_ros2/package.xml
[1.271s] Invoked command in '/home/smr/workspaces/mini_amr/amrROS2_ws/build/sllidar_ros2' returned '0': CMAKE_PREFIX_PATH=${CMAKE_PREFIX_PATH}:/home/smr/workspaces/mini_amr/amrROS2_ws/install/python_pkg:/home/smr/workspaces/mini_amr/amrROS2_ws/install/action_autodock:/opt/ros/jazzy DEBUGINFOD_URLS=https://debuginfod.ubuntu.com /usr/bin/cmake --install /home/smr/workspaces/mini_amr/amrROS2_ws/build/sllidar_ros2
