[0.344s] Invoking command in '/home/smr/workspaces/mini_amr/amrROS2_ws/build/bringup': DEBUGINFOD_URLS=https://debuginfod.ubuntu.com /usr/bin/cmake /home/smr/workspaces/mini_amr/amrROS2_ws/src/bringup -DCMAKE_INSTALL_PREFIX=/home/smr/workspaces/mini_amr/amrROS2_ws/install/bringup
[0.508s] -- The C compiler identification is GNU 13.3.0
[0.682s] -- The CXX compiler identification is GNU 13.3.0
[0.731s] -- Detecting C compiler ABI info
[0.944s] -- Detecting C compiler ABI info - done
[0.987s] -- Check for working C compiler: /usr/bin/cc - skipped
[0.988s] -- Detecting C compile features
[0.989s] -- Detecting C compile features - done
[1.002s] -- Detecting CXX compiler ABI info
[1.257s] -- Detecting CXX compiler ABI info - done
[1.326s] -- Check for working CXX compiler: /usr/bin/c++ - skipped
[1.327s] -- Detecting CXX compile features
[1.328s] -- Detecting CXX compile features - done
[1.330s] -- Configuring incomplete, errors occurred!
[1.330s] [31mCMake Error at CMakeLists.txt:9 (find_package):
[1.330s]   By not providing "Findament_cmake.cmake" in CMAKE_MODULE_PATH this project
[1.330s]   has asked CMake to find a package configuration file provided by
[1.331s]   "ament_cmake", but CMake did not find one.
[1.331s] 
[1.331s]   Could not find a package configuration file provided by "ament_cmake" with
[1.331s]   any of the following names:
[1.331s] 
[1.331s]     ament_cmakeConfig.cmake
[1.331s]     ament_cmake-config.cmake
[1.331s] 
[1.331s]   Add the installation prefix of "ament_cmake" to CMAKE_PREFIX_PATH or set
[1.332s]   "ament_cmake_DIR" to a directory containing one of the above files.  If
[1.332s]   "ament_cmake" provides a separate development package or SDK, be sure it
[1.332s]   has been installed.
[1.332s] 
[1.332s] [0m
