[2.671s] Invoking command in '/home/smr/workspaces/mini_amr/amrROS2_ws/src/python_pkg': DEBUGINFOD_URLS=https://debuginfod.ubuntu.com PYTHONPATH=/home/smr/workspaces/mini_amr/amrROS2_ws/build/python_pkg/prefix_override:/usr/lib/python3/dist-packages/colcon_core/task/python/colcon_distutils_commands:/home/smr/workspaces/mini_amr/amrROS2_ws/install/python_pkg/lib/python3.12/site-packages:${PYTHONPATH} /usr/bin/python3 -W ignore:setup.py install is deprecated -W ignore:easy_install command is deprecated setup.py egg_info --egg-base ../../build/python_pkg build --build-base /home/smr/workspaces/mini_amr/amrROS2_ws/build/python_pkg/build install --record /home/smr/workspaces/mini_amr/amrROS2_ws/build/python_pkg/install.log --single-version-externally-managed install_data
[3.114s] running egg_info
[3.142s] writing ../../build/python_pkg/python_pkg.egg-info/PKG-INFO
[3.143s] writing dependency_links to ../../build/python_pkg/python_pkg.egg-info/dependency_links.txt
[3.143s] writing entry points to ../../build/python_pkg/python_pkg.egg-info/entry_points.txt
[3.144s] writing requirements to ../../build/python_pkg/python_pkg.egg-info/requires.txt
[3.144s] writing top-level names to ../../build/python_pkg/python_pkg.egg-info/top_level.txt
[3.203s] reading manifest file '../../build/python_pkg/python_pkg.egg-info/SOURCES.txt'
[3.204s] adding license file 'LICENSE'
[3.204s] writing manifest file '../../build/python_pkg/python_pkg.egg-info/SOURCES.txt'
[3.205s] running build
[3.205s] running build_py
[3.207s] running install
[3.217s] running install_lib
[3.248s] running install_data
[3.249s] running install_egg_info
[3.281s] removing '/home/smr/workspaces/mini_amr/amrROS2_ws/install/python_pkg/lib/python3.12/site-packages/python_pkg-0.0.0-py3.12.egg-info' (and everything under it)
[3.282s] Copying ../../build/python_pkg/python_pkg.egg-info to /home/smr/workspaces/mini_amr/amrROS2_ws/install/python_pkg/lib/python3.12/site-packages/python_pkg-0.0.0-py3.12.egg-info
[3.283s] running install_scripts
[3.494s] Installing cmd_vel_pub script to /home/smr/workspaces/mini_amr/amrROS2_ws/install/python_pkg/lib/python_pkg
[3.495s] Installing ip_publisher script to /home/smr/workspaces/mini_amr/amrROS2_ws/install/python_pkg/lib/python_pkg
[3.496s] writing list of installed files to '/home/smr/workspaces/mini_amr/amrROS2_ws/build/python_pkg/install.log'
[3.595s] Invoked command in '/home/smr/workspaces/mini_amr/amrROS2_ws/src/python_pkg' returned '0': DEBUGINFOD_URLS=https://debuginfod.ubuntu.com PYTHONPATH=/home/smr/workspaces/mini_amr/amrROS2_ws/build/python_pkg/prefix_override:/usr/lib/python3/dist-packages/colcon_core/task/python/colcon_distutils_commands:/home/smr/workspaces/mini_amr/amrROS2_ws/install/python_pkg/lib/python3.12/site-packages:${PYTHONPATH} /usr/bin/python3 -W ignore:setup.py install is deprecated -W ignore:easy_install command is deprecated setup.py egg_info --egg-base ../../build/python_pkg build --build-base /home/smr/workspaces/mini_amr/amrROS2_ws/build/python_pkg/build install --record /home/smr/workspaces/mini_amr/amrROS2_ws/build/python_pkg/install.log --single-version-externally-managed install_data
