[INFO] [launch]: All log files can be found below /home/smr/.ros/log/2026-03-19-16-31-26-100825-one-33840
[INFO] [launch]: Default logging verbosity is set to INFO
[INFO] [robot_state_publisher-1]: process started with pid [33863]
[INFO] [joint_state_publisher-2]: process started with pid [33864]
[INFO] [sllidar_node-3]: process started with pid [33865]
[INFO] [scan_to_scan_filter_chain-4]: process started with pid [33866]
[INFO] [ekf_node-5]: process started with pid [33867]
[INFO] [robot_hardware-6]: process started with pid [33868]
[INFO] [taskset-7]: process started with pid [33869]
[INFO] [map_server-8]: process started with pid [33870]
[INFO] [costmap_filter_info_server-9]: process started with pid [33873]
[INFO] [controller_server-10]: process started with pid [33893]
[INFO] [smoother_server-11]: process started with pid [33897]
[INFO] [planner_server-12]: process started with pid [33913]
[INFO] [behavior_server-13]: process started with pid [33923]
[INFO] [bt_navigator-14]: process started with pid [33934]
[INFO] [waypoint_follower-15]: process started with pid [33936]
[INFO] [velocity_smoother-16]: process started with pid [33938]
[INFO] [collision_monitor-17]: process started with pid [33939]
[INFO] [collision_detector-18]: process started with pid [33947]
[INFO] [lifecycle_manager-19]: process started with pid [33954]
[robot_hardware-6] Serial port opened at port /dev/teensy with baudrate 460800
[robot_hardware-6] Created receive data thread
[robot_state_publisher-1] [INFO] [1773912687.199825836] [robot_state_publisher]: Robot initialized
[sllidar_node-3] [INFO] [1773912687.154339304] [sllidar_node]: SLLidar running on ROS2 package SLLidar.ROS2 SDK Version:1.0.1, SLLIDAR SDK Version:2.1.0
[sllidar_node-3] [INFO] [1773912687.182170202] [sllidar_node]: SLLidar S/N: 6E42ED93C5E19FD9B5E192F9EE904B72
[sllidar_node-3] [INFO] [1773912687.182230574] [sllidar_node]: Firmware Ver: 1.00
[sllidar_node-3] [INFO] [1773912687.182241657] [sllidar_node]: Hardware Rev: 18
[sllidar_node-3] [INFO] [1773912687.184546608] [sllidar_node]: SLLidar health status : 0
[sllidar_node-3] [INFO] [1773912687.184595897] [sllidar_node]: SLLidar health status : OK.
[taskset-7] [INFO] [1773912687.305617602] [slam_toolbox]: Node using stack size 40000000
[costmap_filter_info_server-9] [INFO] [1773912687.350041926] [costmap_filter_info_server]: This is costmap filter info publisher
[smoother_server-11] [INFO] [1773912687.418567169] [smoother_server]: 
[smoother_server-11] 	smoother_server lifecycle node launched. 
[smoother_server-11] 	Waiting on external lifecycle transitions to activate
[smoother_server-11] 	See https://design.ros2.org/articles/node_lifecycle.html for more information.
[lifecycle_manager-19] [INFO] [1773912687.457469878] [lifecycle_manager_navigation]: Creating
[sllidar_node-3] [INFO] [1773912687.473611530] [sllidar_node]: current scan mode: Standard, sample rate: 11 Khz, max_distance: 30.0 m, scan frequency:10.0 Hz, 
[bt_navigator-14] [INFO] [1773912687.479659290] [bt_navigator]: 
[bt_navigator-14] 	bt_navigator lifecycle node launched. 
[bt_navigator-14] 	Waiting on external lifecycle transitions to activate
[bt_navigator-14] 	See https://design.ros2.org/articles/node_lifecycle.html for more information.
[lifecycle_manager-19] [INFO] [1773912687.499001857] [lifecycle_manager_navigation]: [34m[1mCreating and initializing lifecycle service clients[0m[0m
[bt_navigator-14] [INFO] [1773912687.517655243] [bt_navigator]: Creating
[planner_server-12] [INFO] [1773912687.521590254] [planner_server]: 
[planner_server-12] 	planner_server lifecycle node launched. 
[planner_server-12] 	Waiting on external lifecycle transitions to activate
[planner_server-12] 	See https://design.ros2.org/articles/node_lifecycle.html for more information.
[smoother_server-11] [INFO] [1773912687.522481260] [smoother_server]: Creating smoother server
[behavior_server-13] [INFO] [1773912687.580187266] [behavior_server]: 
[behavior_server-13] 	behavior_server lifecycle node launched. 
[behavior_server-13] 	Waiting on external lifecycle transitions to activate
[behavior_server-13] 	See https://design.ros2.org/articles/node_lifecycle.html for more information.
[velocity_smoother-16] [INFO] [1773912687.588844173] [velocity_smoother]: 
[velocity_smoother-16] 	velocity_smoother lifecycle node launched. 
[velocity_smoother-16] 	Waiting on external lifecycle transitions to activate
[velocity_smoother-16] 	See https://design.ros2.org/articles/node_lifecycle.html for more information.
[planner_server-12] [INFO] [1773912687.591276577] [planner_server]: Creating
[controller_server-10] [INFO] [1773912687.612383365] [controller_server]: 
[controller_server-10] 	controller_server lifecycle node launched. 
[controller_server-10] 	Waiting on external lifecycle transitions to activate
[controller_server-10] 	See https://design.ros2.org/articles/node_lifecycle.html for more information.
[controller_server-10] [INFO] [1773912687.624070861] [controller_server]: Creating controller server
[costmap_filter_info_server-9] [INFO] [1773912687.643384554] [keepout_costmap_filter_info_server]: 
[costmap_filter_info_server-9] 	keepout_costmap_filter_info_server lifecycle node launched. 
[costmap_filter_info_server-9] 	Waiting on external lifecycle transitions to activate
[costmap_filter_info_server-9] 	See https://design.ros2.org/articles/node_lifecycle.html for more information.
[planner_server-12] [INFO] [1773912687.649348317] [global_costmap.global_costmap]: 
[planner_server-12] 	global_costmap lifecycle node launched. 
[planner_server-12] 	Waiting on external lifecycle transitions to activate
[planner_server-12] 	See https://design.ros2.org/articles/node_lifecycle.html for more information.
[collision_detector-18] [INFO] [1773912687.653822598] [collision_detector]: 
[map_server-8] [INFO] [1773912687.653822015] [keepout_filter_mask_server]: 
[map_server-8] 	keepout_filter_mask_server lifecycle node launched. 
[map_server-8] 	Waiting on external lifecycle transitions to activate
[map_server-8] 	See https://design.ros2.org/articles/node_lifecycle.html for more information.
[map_server-8] [INFO] [1773912687.654138753] [keepout_filter_mask_server]: Creating
[collision_detector-18] 	collision_detector lifecycle node launched. 
[collision_detector-18] 	Waiting on external lifecycle transitions to activate
[collision_detector-18] 	See https://design.ros2.org/articles/node_lifecycle.html for more information.
[controller_server-10] [INFO] [1773912687.673135125] [local_costmap.local_costmap]: 
[controller_server-10] 	local_costmap lifecycle node launched. 
[controller_server-10] 	Waiting on external lifecycle transitions to activate
[controller_server-10] 	See https://design.ros2.org/articles/node_lifecycle.html for more information.
[planner_server-12] [INFO] [1773912687.675609527] [global_costmap.global_costmap]: Creating Costmap
[controller_server-10] [INFO] [1773912687.677250087] [local_costmap.local_costmap]: Creating Costmap
[waypoint_follower-15] [INFO] [1773912687.761892483] [waypoint_follower]: 
[waypoint_follower-15] 	waypoint_follower lifecycle node launched. 
[waypoint_follower-15] 	Waiting on external lifecycle transitions to activate
[waypoint_follower-15] 	See https://design.ros2.org/articles/node_lifecycle.html for more information.
[waypoint_follower-15] [INFO] [1773912687.785150229] [waypoint_follower]: Creating
[collision_monitor-17] [INFO] [1773912687.809584219] [collision_monitor]: 
[collision_monitor-17] 	collision_monitor lifecycle node launched. 
[collision_monitor-17] 	Waiting on external lifecycle transitions to activate
[collision_monitor-17] 	See https://design.ros2.org/articles/node_lifecycle.html for more information.
[taskset-7] [INFO] [1773912687.811209613] [slam_toolbox]: Configuring
[taskset-7] [INFO] [1773912687.954547309] [slam_toolbox]: Using solver plugin solver_plugins::CeresSolver
[taskset-7] [INFO] [1773912687.992193276] [slam_toolbox]: CeresSolver: Using SCHUR_JACOBI preconditioner.
[lifecycle_manager-19] [INFO] [1773912688.088537167] [lifecycle_manager_navigation]: [34m[1mStarting managed nodes bringup...[0m[0m
[lifecycle_manager-19] [INFO] [1773912688.088610081] [lifecycle_manager_navigation]: [34m[1mConfiguring controller_server[0m[0m
[controller_server-10] [INFO] [1773912688.089046689] [controller_server]: Configuring controller interface
[controller_server-10] [INFO] [1773912688.089086645] [controller_server]: getting progress checker plugins..
[controller_server-10] [INFO] [1773912688.089434590] [controller_server]: getting goal checker plugins..
[controller_server-10] [INFO] [1773912688.089779909] [controller_server]: Controller frequency set to 10.0000Hz
[controller_server-10] [INFO] [1773912688.089870031] [local_costmap.local_costmap]: Configuring
[controller_server-10] [INFO] [1773912688.131516339] [local_costmap.local_costmap]: Using plugin "obstacle_layer"
[controller_server-10] [INFO] [1773912688.168633535] [local_costmap.local_costmap]: Subscribed to Topics: scan
[scan_to_scan_filter_chain-4] [WARN] [1773912688.189452752] [scan_to_scan_filter_chain]: diagnostic_updater: No HW_ID was set. This is probably a bug. Please report it. For devices that do not have a HW_ID, set this value to 'none'. This warning only occurs once all diagnostics are OK. It is okay to wait until the device is open before calling setHardwareID.
[controller_server-10] [INFO] [1773912688.198590598] [local_costmap.local_costmap]: Initialized plugin "obstacle_layer"
[controller_server-10] [INFO] [1773912688.198717760] [local_costmap.local_costmap]: Using plugin "denoise_layer"
[controller_server-10] [INFO] [1773912688.204222750] [local_costmap.local_costmap]: Initialized plugin "denoise_layer"
[controller_server-10] [INFO] [1773912688.204343204] [local_costmap.local_costmap]: Using plugin "inflation_layer"
[controller_server-10] [INFO] [1773912688.218890961] [local_costmap.local_costmap]: Initialized plugin "inflation_layer"
[controller_server-10] [INFO] [1773912688.219013456] [local_costmap.local_costmap]: Using costmap filter "keepout_filter"
[controller_server-10] [INFO] [1773912688.244675023] [local_costmap.local_costmap]: Initialized costmap filter "keepout_filter"
[controller_server-10] [INFO] [1773912688.244798976] [local_costmap.local_costmap]: Using costmap filter "inflation_layer"
[controller_server-10] [INFO] [1773912688.245113089] [local_costmap.local_costmap]: Initialized costmap filter "inflation_layer"
[controller_server-10] [INFO] [1773912688.327969681] [controller_server]: Created progress_checker : progress_checker of type nav2_controller::SimpleProgressChecker
[controller_server-10] [INFO] [1773912688.330426875] [controller_server]: Controller Server has progress_checker  progress checkers available.
[controller_server-10] [INFO] [1773912688.333587542] [controller_server]: Created goal checker : goal_checker of type nav2_controller::SimpleGoalChecker
[controller_server-10] [INFO] [1773912688.336574382] [controller_server]: Controller Server has goal_checker  goal checkers available.
[controller_server-10] [INFO] [1773912688.346342786] [controller_server]: Created controller : FollowPath of type nav2_mppi_controller::MPPIController
[controller_server-10] [INFO] [1773912688.364776556] [controller_server]: Controller period is equal to model dt. Control sequence shifting is ON
[controller_server-10] [INFO] [1773912688.376725374] [controller_server]: ConstraintCritic instantiated with 1 power and 4.000000 weight.
[controller_server-10] [INFO] [1773912688.376799163] [controller_server]: Critic loaded : mppi::critics::ConstraintCritic
[controller_server-10] [INFO] [1773912688.382325444] [controller_server]: InflationCostCritic instantiated with 1 power and 300.000000 / 0.015000 weights. Critic will collision check based on footprint cost.
[controller_server-10] [INFO] [1773912688.382388150] [controller_server]: Critic loaded : mppi::critics::CostCritic
[controller_server-10] [INFO] [1773912688.384087333] [controller_server]: GoalCritic instantiated with 1 power and 5.000000 weight.
[controller_server-10] [INFO] [1773912688.384137789] [controller_server]: Critic loaded : mppi::critics::GoalCritic
[controller_server-10] [INFO] [1773912688.385611522] [controller_server]: GoalAngleCritic instantiated with 1 power, 3.000000 weight, and 0.500000 angular threshold.
[controller_server-10] [INFO] [1773912688.385659354] [controller_server]: Critic loaded : mppi::critics::GoalAngleCritic
[controller_server-10] [INFO] [1773912688.388488408] [controller_server]: ReferenceTrajectoryCritic instantiated with 1 power and 2.000000 weight
[controller_server-10] [INFO] [1773912688.388541781] [controller_server]: Critic loaded : mppi::critics::PathAlignCritic
[controller_server-10] [INFO] [1773912688.390450080] [controller_server]: Critic loaded : mppi::critics::PathFollowCritic
[controller_server-10] [INFO] [1773912688.393658578] [controller_server]: PathAngleCritic instantiated with 1 power and 1.500000 weight. Mode set to: Forward Preference
[controller_server-10] [INFO] [1773912688.393712534] [controller_server]: Critic loaded : mppi::critics::PathAngleCritic
[controller_server-10] [INFO] [1773912688.395213683] [controller_server]: PreferForwardCritic instantiated with 1 power and 10.000000 weight.
[controller_server-10] [INFO] [1773912688.395262973] [controller_server]: Critic loaded : mppi::critics::PreferForwardCritic
[controller_server-10] [INFO] [1773912688.396720665] [controller_server]: Optimizer reset
[controller_server-10] [INFO] [1773912688.408689316] [MPPIController]: Configured MPPI Controller: FollowPath
[controller_server-10] [INFO] [1773912688.408790229] [controller_server]: Controller Server has FollowPath  controllers available.
[lifecycle_manager-19] [INFO] [1773912688.432799569] [lifecycle_manager_navigation]: [34m[1mConfiguring smoother_server[0m[0m
[smoother_server-11] [INFO] [1773912688.433324548] [smoother_server]: Configuring smoother server
[smoother_server-11] [INFO] [1773912688.484332986] [smoother_server]: Created smoother : simple_smoother of type nav2_smoother::SimpleSmoother
[smoother_server-11] [INFO] [1773912688.491794399] [smoother_server]: Smoother Server has simple_smoother  smoothers available.
[lifecycle_manager-19] [INFO] [1773912688.533528203] [lifecycle_manager_navigation]: [34m[1mConfiguring planner_server[0m[0m
[planner_server-12] [INFO] [1773912688.534518664] [planner_server]: Configuring
[planner_server-12] [INFO] [1773912688.534664783] [global_costmap.global_costmap]: Configuring
[planner_server-12] [INFO] [1773912688.572432662] [global_costmap.global_costmap]: Using plugin "static_layer"
[planner_server-12] [INFO] [1773912688.585351525] [global_costmap.global_costmap]: Subscribing to the map topic (/map) with transient local durability
[planner_server-12] [INFO] [1773912688.588866261] [global_costmap.global_costmap]: Initialized plugin "static_layer"
[planner_server-12] [INFO] [1773912688.589579066] [global_costmap.global_costmap]: Using plugin "obstacle_layer"
[planner_server-12] [INFO] [1773912688.602302229] [global_costmap.global_costmap]: Subscribed to Topics: scan
[planner_server-12] [INFO] [1773912688.643225816] [global_costmap.global_costmap]: Initialized plugin "obstacle_layer"
[planner_server-12] [INFO] [1773912688.643291438] [global_costmap.global_costmap]: Using plugin "inflation_layer"
[planner_server-12] [INFO] [1773912688.650015255] [global_costmap.global_costmap]: Initialized plugin "inflation_layer"
[planner_server-12] [INFO] [1773912688.650077961] [global_costmap.global_costmap]: Using costmap filter "keepout_filter"
[planner_server-12] [INFO] [1773912688.654742984] [global_costmap.global_costmap]: Initialized costmap filter "keepout_filter"
[planner_server-12] [INFO] [1773912688.654794316] [global_costmap.global_costmap]: Using costmap filter "inflation_layer2"
[planner_server-12] [INFO] [1773912688.664454225] [global_costmap.global_costmap]: Initialized costmap filter "inflation_layer2"
[joint_state_publisher-2] [INFO] [1773912688.750288615] [joint_state_publisher]: Waiting for robot_description to be published on the robot_description topic...
[planner_server-12] [INFO] [1773912688.788560766] [planner_server]: Created global planner plugin GridBased of type nav2_smac_planner::SmacPlanner2D
[planner_server-12] [INFO] [1773912688.788637471] [planner_server]: Configuring GridBased of type SmacPlanner2D
[planner_server-12] [ERROR] [1773912688.792161248] [planner_server]: Inflation layer either not found or inflation is not set sufficiently for optimized non-circular collision checking capabilities. It is HIGHLY recommended to set the inflation radius to be at MINIMUM half of the robot's largest cross-section. See github.com/ros-planning/navigation2/tree/main/nav2_smac_planner#potential-fields for full instructions. This will substantially impact run-time performance.
[planner_server-12] [INFO] [1773912688.796203588] [planner_server]: Configured plugin GridBased of type SmacPlanner2D with tolerance 0.12, maximum iterations 1000000, max on approach iterations 1000, and not allowing unknown traversal.
[planner_server-12] [INFO] [1773912688.796284377] [planner_server]: Planner Server has GridBased  planners available.
[lifecycle_manager-19] [INFO] [1773912688.835088797] [lifecycle_manager_navigation]: [34m[1mConfiguring behavior_server[0m[0m
[behavior_server-13] [INFO] [1773912688.835734813] [behavior_server]: Configuring
[behavior_server-13] [INFO] [1773912688.857757983] [behavior_server]: Creating behavior plugin wait of type nav2_behaviors::Wait
[behavior_server-13] [INFO] [1773912688.892397277] [behavior_server]: Configuring wait
[lifecycle_manager-19] [INFO] [1773912688.913288824] [lifecycle_manager_navigation]: [34m[1mConfiguring velocity_smoother[0m[0m
[velocity_smoother-16] [INFO] [1773912688.913793096] [velocity_smoother]: Configuring velocity smoother
[lifecycle_manager-19] [INFO] [1773912688.923454463] [lifecycle_manager_navigation]: [34m[1mConfiguring collision_monitor[0m[0m
[collision_monitor-17] [INFO] [1773912688.924238724] [collision_monitor]: Configuring
[collision_monitor-17] [INFO] [1773912688.955038087] [collision_monitor]: [scan]: Creating Scan
[collision_monitor-17] [INFO] [1773912688.966390179] [collision_monitor]: [PolygonStop]: Creating Polygon
[collision_monitor-17] [INFO] [1773912688.966444718] [collision_monitor]: [PolygonStop]: Creating Circle
[collision_monitor-17] [INFO] [1773912688.974404569] [collision_monitor]: [PolygonSlow]: Creating Polygon
[collision_monitor-17] [INFO] [1773912688.980312919] [collision_monitor]: [FootprintApproach]: Creating Polygon
[collision_monitor-17] [INFO] [1773912688.980798524] [collision_monitor]: [FootprintApproach]: Polygon points are not defined. Using dynamic subscription instead.
[collision_monitor-17] [INFO] [1773912688.988357058] [collision_monitor]: [FootprintApproach]: Making footprint subscriber on /local_costmap/published_footprint topic
[lifecycle_manager-19] [INFO] [1773912689.007298891] [lifecycle_manager_navigation]: [34m[1mConfiguring collision_detector[0m[0m
[collision_detector-18] [INFO] [1773912689.008421763] [collision_detector]: Configuring
[collision_detector-18] [INFO] [1773912689.030399726] [collision_monitor]: [scan]: Creating Scan
[collision_detector-18] [INFO] [1773912689.038163002] [collision_monitor]: [PolygonStop]: Creating Polygon
[collision_detector-18] [INFO] [1773912689.038195667] [collision_monitor]: [PolygonStop]: Creating Circle
[collision_detector-18] [INFO] [1773912689.057527735] [collision_monitor]: [PolygonSlow]: Creating Polygon
[lifecycle_manager-19] [INFO] [1773912689.077315367] [lifecycle_manager_navigation]: [34m[1mConfiguring bt_navigator[0m[0m
[bt_navigator-14] [INFO] [1773912689.078343451] [bt_navigator]: Configuring
[bt_navigator-14] [INFO] [1773912689.099583818] [bt_navigator]: Creating navigator id navigate_to_pose of type nav2_bt_navigator::NavigateToPoseNavigator
[bt_navigator-14] [INFO] [1773912689.409282757] [bt_navigator]: Creating navigator id navigate_through_poses of type nav2_bt_navigator::NavigateThroughPosesNavigator
[lifecycle_manager-19] [INFO] [1773912689.483211494] [lifecycle_manager_navigation]: [34m[1mConfiguring waypoint_follower[0m[0m
[waypoint_follower-15] [INFO] [1773912689.485888596] [waypoint_follower]: Configuring
[taskset-7] Load From File /home/smr/workspaces/mini_amr/amrROS2_ws/maps/latest_map.posegraph 
[taskset-7] Mapper <- Module
[taskset-7] Mapper <- m_pSequentialScanMatcher
[taskset-7] Mapper <- m_pGraph
[taskset-7] MapperGraph <- Graph; Graph <- m_Edges; Graph <- m_Vertices
[taskset-7] MapperGraph <- m_pMapper; MapperGraph <- m_pLoopScanMatcher; MapperGraph <- m_pTraversal
[taskset-7] Mapper <- m_pMapperSensorManager
[taskset-7] MapperSensorManager <- m_ScanManagers; MapperSensorManager <- m_Scans
[taskset-7] Mapper <- m_Listeners
[taskset-7] **Finished serializing Mapper**
[taskset-7] Load From File
[taskset-7] **Serializing Dataset**
[taskset-7] Dataset <- m_SensorNameLookup
[taskset-7] Dataset <- m_Data
[taskset-7] Dataset <- m_Lasers
[taskset-7] Dataset <- m_pDatasetInfo
[taskset-7] **Finished serializing Dataset**
[taskset-7] Registering sensor: [Custom Described Lidar]
[taskset-7] WARNING: Logging before InitGoogleLogging() is written to STDERR
[taskset-7] W20260319 16:31:29.524833 33869 preprocessor.cc:67] Specified options.num_threads: 50 exceeds maximum available from the threading model Ceres was compiled with: 8.  Bounding to maximum number available.
[INFO] [launch.user]: [LifecycleLaunch] Slamtoolbox node is activating.
[taskset-7] [INFO] [1773912689.568021009] [slam_toolbox]: Activating
[waypoint_follower-15] [INFO] [1773912689.582955792] [waypoint_follower]: Created waypoint_task_executor : wait_at_waypoint of type nav2_waypoint_follower::WaitAtWaypoint
[lifecycle_manager-19] [INFO] [1773912689.592641075] [lifecycle_manager_navigation]: [34m[1mConfiguring keepout_filter_mask_server[0m[0m
[map_server-8] [INFO] [1773912689.593272509] [keepout_filter_mask_server]: Configuring
[map_server-8] [INFO] [1773912689.593455085] [map_io]: Loading yaml file: /home/smr/workspaces/mini_amr/amrROS2_ws/maps/latest_map_keepout.yaml
[map_server-8] [INFO] [1773912689.595364551] [map_io]: resolution: 0.05
[map_server-8] [INFO] [1773912689.595424632] [map_io]: origin[0]: -13.85
[map_server-8] [INFO] [1773912689.595445048] [map_io]: origin[1]: -46.343
[map_server-8] [INFO] [1773912689.595462255] [map_io]: origin[2]: 0
[map_server-8] [INFO] [1773912689.595479755] [map_io]: free_thresh: 0.196
[map_server-8] [INFO] [1773912689.595496962] [map_io]: occupied_thresh: 0.65
[map_server-8] [INFO] [1773912689.595517961] [map_io]: mode: trinary
[map_server-8] [INFO] [1773912689.595535461] [map_io]: negate: 0
[taskset-7] Registering sensor: [Custom Described Lidar]
[map_server-8] [INFO] [1773912689.607113294] [map_io]: Loading image_file: /home/smr/workspaces/mini_amr/amrROS2_ws/maps/latest_map_keepout.pgm
[map_server-8] [INFO] [1773912689.660445056] [map_io]: Read map /home/smr/workspaces/mini_amr/amrROS2_ws/maps/latest_map_keepout.pgm: 460 X 1783 map @ 0.05 m/cell
[lifecycle_manager-19] [INFO] [1773912689.682452767] [lifecycle_manager_navigation]: [34m[1mConfiguring keepout_costmap_filter_info_server[0m[0m
[costmap_filter_info_server-9] [INFO] [1773912689.683364189] [keepout_costmap_filter_info_server]: Configuring
[lifecycle_manager-19] [INFO] [1773912689.719146480] [lifecycle_manager_navigation]: [34m[1mActivating controller_server[0m[0m
[controller_server-10] [INFO] [1773912689.720299684] [controller_server]: Activating
[controller_server-10] [INFO] [1773912689.720558091] [local_costmap.local_costmap]: Activating
[controller_server-10] [INFO] [1773912689.720604172] [local_costmap.local_costmap]: Checking transform
[controller_server-10] [INFO] [1773912689.721069945] [local_costmap.local_costmap]: start
[controller_server-10] [INFO] [1773912689.724799048] [local_costmap.local_costmap]: KeepoutFilter: Subscribing to "/keepout_costmap_filter_info" topic for filter info...
[controller_server-10] [WARN] [1773912689.822954117] [local_costmap.local_costmap]: KeepoutFilter: Filter mask was not received
[controller_server-10] [WARN] [1773912689.832527988] [controller_server]: Parameter controller_server.verbose not found
[controller_server-10] [INFO] [1773912689.834477411] [controller_server]: Optimizer reset
[controller_server-10] [INFO] [1773912689.835379500] [MPPIController]: Activated MPPI Controller: FollowPath
[controller_server-10] [INFO] [1773912689.836099596] [controller_server]: Creating bond (controller_server) to lifecycle manager.
[lifecycle_manager-19] [INFO] [1773912689.961274470] [lifecycle_manager_navigation]: Server controller_server connected with bond.
[lifecycle_manager-19] [INFO] [1773912689.961392007] [lifecycle_manager_navigation]: [34m[1mActivating smoother_server[0m[0m
[smoother_server-11] [INFO] [1773912689.962975695] [smoother_server]: Activating
[smoother_server-11] [INFO] [1773912689.963094981] [smoother_server]: Creating bond (smoother_server) to lifecycle manager.
[lifecycle_manager-19] [INFO] [1773912690.075079461] [lifecycle_manager_navigation]: Server smoother_server connected with bond.
[lifecycle_manager-19] [INFO] [1773912690.075214789] [lifecycle_manager_navigation]: [34m[1mActivating planner_server[0m[0m
[planner_server-12] [INFO] [1773912690.076193001] [planner_server]: Activating
[planner_server-12] [INFO] [1773912690.076325412] [global_costmap.global_costmap]: Activating
[planner_server-12] [INFO] [1773912690.076365369] [global_costmap.global_costmap]: Checking transform
[planner_server-12] [INFO] [1773912690.076790310] [global_costmap.global_costmap]: start
[planner_server-12] [INFO] [1773912690.078791064] [global_costmap.global_costmap]: KeepoutFilter: Subscribing to "/keepout_costmap_filter_info" topic for filter info...
[planner_server-12] [WARN] [1773912690.097114005] [global_costmap.global_costmap]: KeepoutFilter: Filter mask was not received
[planner_server-12] [INFO] [1773912690.129603218] [global_costmap.global_costmap]: Message Filter dropping message: frame 'laser' at time 1773912689.647 for reason 'discarding message because the queue is full'
[planner_server-12] [INFO] [1773912690.144420464] [planner_server]: Activating plugin GridBased of type SmacPlanner2D
[planner_server-12] [INFO] [1773912690.153270739] [planner_server]: Creating bond (planner_server) to lifecycle manager.
[lifecycle_manager-19] [INFO] [1773912690.373649716] [lifecycle_manager_navigation]: Server planner_server connected with bond.
[lifecycle_manager-19] [INFO] [1773912690.373819750] [lifecycle_manager_navigation]: [34m[1mActivating behavior_server[0m[0m
[behavior_server-13] [INFO] [1773912690.376917419] [behavior_server]: Activating
[behavior_server-13] [INFO] [1773912690.376961459] [behavior_server]: Activating wait
[behavior_server-13] [INFO] [1773912690.376984792] [behavior_server]: Creating bond (behavior_server) to lifecycle manager.
[planner_server-12] [INFO] [1773912690.475732213] [global_costmap.global_costmap]: StaticLayer: Resizing costmap to 460 X 1783 at 0.050000 m/pix
[lifecycle_manager-19] [INFO] [1773912690.486316960] [lifecycle_manager_navigation]: Server behavior_server connected with bond.
[lifecycle_manager-19] [INFO] [1773912690.486449372] [lifecycle_manager_navigation]: [34m[1mActivating velocity_smoother[0m[0m
[velocity_smoother-16] [INFO] [1773912690.487354086] [velocity_smoother]: Activating
[velocity_smoother-16] [INFO] [1773912690.487572244] [velocity_smoother]: Creating bond (velocity_smoother) to lifecycle manager.
[lifecycle_manager-19] [INFO] [1773912690.608929352] [lifecycle_manager_navigation]: Server velocity_smoother connected with bond.
[lifecycle_manager-19] [INFO] [1773912690.608992350] [lifecycle_manager_navigation]: [34m[1mActivating collision_monitor[0m[0m
[collision_monitor-17] [INFO] [1773912690.609598992] [collision_monitor]: Activating
[collision_monitor-17] [INFO] [1773912690.609746570] [collision_monitor]: Creating bond (collision_monitor) to lifecycle manager.
[lifecycle_manager-19] [INFO] [1773912690.724885883] [lifecycle_manager_navigation]: Server collision_monitor connected with bond.
[lifecycle_manager-19] [INFO] [1773912690.724965505] [lifecycle_manager_navigation]: [34m[1mActivating collision_detector[0m[0m
[collision_detector-18] [INFO] [1773912690.733012561] [collision_detector]: Activating
[collision_detector-18] [INFO] [1773912690.733238302] [collision_detector]: Creating bond (collision_detector) to lifecycle manager.
[lifecycle_manager-19] [INFO] [1773912690.857324136] [lifecycle_manager_navigation]: Server collision_detector connected with bond.
[lifecycle_manager-19] [INFO] [1773912690.857390342] [lifecycle_manager_navigation]: [34m[1mActivating bt_navigator[0m[0m
[bt_navigator-14] [INFO] [1773912690.857817616] [bt_navigator]: Activating
[bt_navigator-14] [INFO] [1773912691.093823183] [bt_navigator]: Creating bond (bt_navigator) to lifecycle manager.
[lifecycle_manager-19] [INFO] [1773912691.204116355] [lifecycle_manager_navigation]: Server bt_navigator connected with bond.
[lifecycle_manager-19] [INFO] [1773912691.204241475] [lifecycle_manager_navigation]: [34m[1mActivating waypoint_follower[0m[0m
[waypoint_follower-15] [INFO] [1773912691.205378346] [waypoint_follower]: Activating
[waypoint_follower-15] [INFO] [1773912691.205437844] [waypoint_follower]: Creating bond (waypoint_follower) to lifecycle manager.
[lifecycle_manager-19] [INFO] [1773912691.318196668] [lifecycle_manager_navigation]: Server waypoint_follower connected with bond.
[lifecycle_manager-19] [INFO] [1773912691.318309830] [lifecycle_manager_navigation]: [34m[1mActivating keepout_filter_mask_server[0m[0m
[map_server-8] [INFO] [1773912691.319661360] [keepout_filter_mask_server]: Activating
[map_server-8] [INFO] [1773912691.324925735] [keepout_filter_mask_server]: Creating bond (keepout_filter_mask_server) to lifecycle manager.
[lifecycle_manager-19] [INFO] [1773912691.432663716] [lifecycle_manager_navigation]: Server keepout_filter_mask_server connected with bond.
[lifecycle_manager-19] [INFO] [1773912691.432777754] [lifecycle_manager_navigation]: [34m[1mActivating keepout_costmap_filter_info_server[0m[0m
[costmap_filter_info_server-9] [INFO] [1773912691.434114117] [keepout_costmap_filter_info_server]: Activating
[costmap_filter_info_server-9] [INFO] [1773912691.434372232] [keepout_costmap_filter_info_server]: Creating bond (keepout_costmap_filter_info_server) to lifecycle manager.
[controller_server-10] [INFO] [1773912691.434591265] [local_costmap.local_costmap]: KeepoutFilter: Received filter info from /keepout_costmap_filter_info topic.
[controller_server-10] [INFO] [1773912691.434707927] [local_costmap.local_costmap]: KeepoutFilter: Subscribing to "/keepout_filter_mask" topic for filter mask...
[planner_server-12] [INFO] [1773912691.441161671] [global_costmap.global_costmap]: KeepoutFilter: Received filter info from /keepout_costmap_filter_info topic.
[planner_server-12] [INFO] [1773912691.441274834] [global_costmap.global_costmap]: KeepoutFilter: Subscribing to "/keepout_filter_mask" topic for filter mask...
[lifecycle_manager-19] [INFO] [1773912691.559342364] [lifecycle_manager_navigation]: Server keepout_costmap_filter_info_server connected with bond.
[lifecycle_manager-19] [INFO] [1773912691.559449693] [lifecycle_manager_navigation]: [34m[1mManaged nodes are active[0m[0m
[lifecycle_manager-19] [INFO] [1773912691.559491692] [lifecycle_manager_navigation]: [34m[1mCreating bond timer...[0m[0m
[controller_server-10] [INFO] [1773912691.856331264] [local_costmap.local_costmap]: KeepoutFilter: Received filter mask from /keepout_filter_mask topic.
[planner_server-12] [INFO] [1773912692.078992734] [global_costmap.global_costmap]: KeepoutFilter: Received filter mask from /keepout_filter_mask topic.
[INFO] [delivery_robot_main_controller-20]: process started with pid [34155]
[INFO] [robot_sound-21]: process started with pid [34156]
[INFO] [call_robot_button-22]: process started with pid [34157]
[INFO] [rpc_run_node-23]: process started with pid [34158]
[INFO] [dock_coordinates-24]: process started with pid [34159]
[INFO] [autodock_action_server-25]: process started with pid [34160]
[INFO] [battery_manager_node-26]: process started with pid [34161]
[dock_coordinates-24] [INFO] [1773912692.607424256] [dock_coordinates]: begin dock_coordinates
[dock_coordinates-24] [INFO] [1773912692.608112562] [dock coordinates]: max_alignment_error: 0.010000
[dock_coordinates-24] [INFO] [1773912692.608153103] [dock coordinates]: minimum_point_cloud: 5
[dock_coordinates-24] [INFO] [1773912692.608168852] [dock coordinates]: point_cloud_split_dist: 0.050000
[dock_coordinates-24] [INFO] [1773912692.608184893] [dock coordinates]: max_dock_width: 0.380000
[dock_coordinates-24] [INFO] [1773912692.608200642] [dock coordinates]: min_dock_width: 0.310000
[dock_coordinates-24] [INFO] [1773912692.608216100] [dock coordinates]: range_limit: 1.200000
[planner_server-12] [INFO] [1773912692.916990783] [global_costmap.global_costmap]: Message Filter dropping message: frame 'laser' at time 1773912692.624 for reason 'discarding message because the queue is full'
[robot_sound-21] [0m[INFO] [1773912694.900698190] [robot_sound_node]: Obstacle sound alarm disabled (API).[0m
[robot_sound-21] [0m[INFO] [1773912694.901551864] [robot_sound_node]: Sound volume set to 100% (API).[0m
[robot_sound-21] [0m[INFO] [1773912694.902889686] [robot_sound_node]: Obstacle sound alarm is enabled.[0m
[robot_sound-21] [0m[INFO] [1773912694.909047109] [robot_sound_node]: ✅ robot_sound_node started using .wav files[0m
[robot_sound-21] [33m[WARN] [1773912694.919023172] [robot_sound_node]: Map not available yet; skipping obstacle classification.[0m
[robot_sound-21] [0m[INFO] [1773912694.934100283] [robot_sound_node]: Obstacle detected but sound alarm disabled.[0m
[battery_manager_node-26] [INFO] [1773912695.199740925] [battery_manager]: SOC limits from API: target=1.00, resume=0.95
[battery_manager_node-26] [INFO] [1773912695.243397904] [battery_manager]: IR state: IDLE -> IR_ERROR (99)
[rpc_run_node-23] [0m[INFO] [1773912695.251491042] [rpc_run_node]: RPC run node started; RPC bridge configured.[0m
[rpc_run_node-23] 2026-03-19 16:31:35,318 [INFO] RPCServer listening on localhost:6000
[battery_manager_node-26] [INFO] [1773912695.655117509] [battery_manager]: State change: IDLE_ON_DOCK -> UNKNOWN
[robot_sound-21] [0m[INFO] [1773912696.365578277] [robot_sound_node]: Received map (width=472, height=1783, resolution=0.050 m/cell)[0m
[planner_server-12] [INFO] [1773912696.599909160] [global_costmap.global_costmap]: StaticLayer: Resizing costmap to 472 X 1783 at 0.050000 m/pix
[planner_server-12] [INFO] [1773912696.774235212] [global_costmap.global_costmap]: Message Filter dropping message: frame 'laser' at time 1773912696.515 for reason 'discarding message because the queue is full'
[INFO] [bash-27]: process started with pid [34248]
[autodock_action_server-25] [INFO] [1773912698.466229759] [autodock_action_server]: auto_dock_init_start
[autodock_action_server-25] [INFO] [1773912698.646169005] [autodock_action_server]: auto_dock_init_complete
[autodock_action_server-25] [INFO] [1773912698.743757680] [charge_status]: IR Charge State: IR_ERROR (99)
[delivery_robot_main_controller-20] [0m[INFO] [1773912698.773605956] [main_controller_node]: Delivery Robot Main Controller Node started.[0m
[delivery_robot_main_controller-20] [0m[INFO] [1773912698.863873505] [main_controller_node]: Initial state: STANDBY[0m
[delivery_robot_main_controller-20] [0m[INFO] [1773912698.882507933] [main_controller_node]: setting_batteryLowToCharge: 40[0m
[delivery_robot_main_controller-20] [33m[WARN] [1773912698.911826563] [rcl.logging_rosout]: Publisher already registered for node name: 'main_controller_node'. If this is due to multiple nodes with the same name then all logs for the logger named 'main_controller_node' will go out over the existing publisher. As soon as any node with that name is destructed it will unregister the publisher, preventing any further logs for that name from being published on the rosout topic.[0m
[delivery_robot_main_controller-20] [33m[WARN] [1773912699.018049688] [main_controller_node]: slam_toolbox_msgs not available; initial pose service calls will be skipped.[0m
[planner_server-12] [INFO] [1773912699.743926179] [global_costmap.global_costmap]: Message Filter dropping message: frame 'laser' at time 1773912699.516 for reason 'discarding message because the queue is full'
[delivery_robot_main_controller-20] [0m[INFO] [1773912700.467462721] [main_controller_node]: Waiting for Nav2 system...[0m
[delivery_robot_main_controller-20] [0m[INFO] [1773912702.502428222] [main_controller_node]: Waiting for localization pose to be received from slam_toolbox/pose[0m
[delivery_robot_main_controller-20] [0m[INFO] [1773912702.505176488] [main_controller_node]: Acquired localization pose from TF map->base_link[0m
[planner_server-12] [INFO] [1773912702.776427117] [global_costmap.global_costmap]: Message Filter dropping message: frame 'laser' at time 1773912702.614 for reason 'discarding message because the queue is full'
[delivery_robot_main_controller-20] [0m[INFO] [1773912704.515659584] [main_controller_node]: Nav2 is ready for use![0m
[delivery_robot_main_controller-20] [0m[INFO] [1773912704.584301198] [main_controller_node]: Robot is in STANDBY mode.[0m
[delivery_robot_main_controller-20] [33m[WARN] [1773912704.743699174] [main_controller_node]: Robot status id missing; refreshing before battery status.[0m
[delivery_robot_main_controller-20] [0m[INFO] [1773912705.566422954] [main_controller_node]: Current state: STANDBY, dock_state IDLE, charge_state NOT_CHARGE[0m
[planner_server-12] [INFO] [1773912706.490328016] [global_costmap.global_costmap]: Message Filter dropping message: frame 'laser' at time 1773912706.312 for reason 'discarding message because the queue is full'
[delivery_robot_main_controller-20] [0m[INFO] [1773912706.717427602] [main_controller_node]: Current state: STANDBY, dock_state IDLE, charge_state NOT_CHARGE[0m
[delivery_robot_main_controller-20] [0m[INFO] [1773912707.058292513] [main_controller_node]: No pending queue found or unexpected format.[0m
[delivery_robot_main_controller-20] [0m[INFO] [1773912707.548451594] [main_controller_node]: Current state: STANDBY, dock_state IDLE, charge_state NOT_CHARGE[0m
[delivery_robot_main_controller-20] [0m[INFO] [1773912708.602486458] [main_controller_node]: Current state: STANDBY, dock_state IDLE, charge_state NOT_CHARGE[0m
[delivery_robot_main_controller-20] [0m[INFO] [1773912708.928622495] [main_controller_node]: No pending queue found or unexpected format.[0m
[planner_server-12] [INFO] [1773912708.990880945] [global_costmap.global_costmap]: Message Filter dropping message: frame 'laser' at time 1773912708.806 for reason 'discarding message because the queue is full'
[delivery_robot_main_controller-20] [0m[INFO] [1773912709.541387260] [main_controller_node]: Current state: STANDBY, dock_state IDLE, charge_state NOT_CHARGE[0m
[delivery_robot_main_controller-20] [0m[INFO] [1773912710.714213543] [main_controller_node]: Current state: STANDBY, dock_state IDLE, charge_state NOT_CHARGE[0m
[delivery_robot_main_controller-20] [0m[INFO] [1773912710.904330677] [main_controller_node]: No pending queue found or unexpected format.[0m
[planner_server-12] [INFO] [1773912711.500351230] [global_costmap.global_costmap]: Message Filter dropping message: frame 'laser' at time 1773912711.305 for reason 'discarding message because the queue is full'
[delivery_robot_main_controller-20] [0m[INFO] [1773912711.724977872] [main_controller_node]: Current state: STANDBY, dock_state IDLE, charge_state NOT_CHARGE[0m
[delivery_robot_main_controller-20] [0m[INFO] [1773912712.665407238] [main_controller_node]: Current state: STANDBY, dock_state IDLE, charge_state NOT_CHARGE[0m
[delivery_robot_main_controller-20] [0m[INFO] [1773912712.917500208] [main_controller_node]: No pending queue found or unexpected format.[0m
[bash-27] Image downloaded successfully as downloaded_image.jpg
[bash-27] 4
[bash-27] Queue empty: current state-> STANDBY : queue_action-> 
[bash-27] queue action->Idle :  current state-> STANDBY : previous state-> 
[bash-27] Cleaned up image file: downloaded_image.jpg
[delivery_robot_main_controller-20] [0m[INFO] [1773912713.694359763] [main_controller_node]: Current state: STANDBY, dock_state IDLE, charge_state NOT_CHARGE[0m
[INFO] [bash-27]: process has finished cleanly [pid 34248]
[INFO] [battery_manager_node-26]: sending signal 'SIGINT' to process[battery_manager_node-26]
[INFO] [autodock_action_server-25]: sending signal 'SIGINT' to process[autodock_action_server-25]
[INFO] [dock_coordinates-24]: sending signal 'SIGINT' to process[dock_coordinates-24]
[INFO] [rpc_run_node-23]: sending signal 'SIGINT' to process[rpc_run_node-23]
[INFO] [call_robot_button-22]: sending signal 'SIGINT' to process[call_robot_button-22]
[INFO] [dock_coordinates-24]: process has finished cleanly [pid 34159]
[INFO] [robot_sound-21]: sending signal 'SIGINT' to process[robot_sound-21]
[INFO] [delivery_robot_main_controller-20]: sending signal 'SIGINT' to process[delivery_robot_main_controller-20]
[INFO] [lifecycle_manager-19]: sending signal 'SIGINT' to process[lifecycle_manager-19]
[INFO] [collision_detector-18]: sending signal 'SIGINT' to process[collision_detector-18]
[INFO] [collision_monitor-17]: sending signal 'SIGINT' to process[collision_monitor-17]
[INFO] [velocity_smoother-16]: sending signal 'SIGINT' to process[velocity_smoother-16]
[INFO] [waypoint_follower-15]: sending signal 'SIGINT' to process[waypoint_follower-15]
[INFO] [bt_navigator-14]: sending signal 'SIGINT' to process[bt_navigator-14]
[INFO] [behavior_server-13]: sending signal 'SIGINT' to process[behavior_server-13]
[INFO] [planner_server-12]: sending signal 'SIGINT' to process[planner_server-12]
[INFO] [smoother_server-11]: sending signal 'SIGINT' to process[smoother_server-11]
[INFO] [controller_server-10]: sending signal 'SIGINT' to process[controller_server-10]
[INFO] [costmap_filter_info_server-9]: sending signal 'SIGINT' to process[costmap_filter_info_server-9]
[INFO] [map_server-8]: sending signal 'SIGINT' to process[map_server-8]
[INFO] [taskset-7]: sending signal 'SIGINT' to process[taskset-7]
[INFO] [robot_hardware-6]: sending signal 'SIGINT' to process[robot_hardware-6]
[INFO] [ekf_node-5]: sending signal 'SIGINT' to process[ekf_node-5]
[INFO] [scan_to_scan_filter_chain-4]: sending signal 'SIGINT' to process[scan_to_scan_filter_chain-4]
[INFO] [sllidar_node-3]: sending signal 'SIGINT' to process[sllidar_node-3]
[INFO] [joint_state_publisher-2]: sending signal 'SIGINT' to process[joint_state_publisher-2]
[INFO] [robot_state_publisher-1]: sending signal 'SIGINT' to process[robot_state_publisher-1]
[delivery_robot_main_controller-20] [0m[INFO] [1773912714.553109657] [main_controller_node]: Current state: STANDBY, dock_state IDLE, charge_state NOT_CHARGE[0m
[delivery_robot_main_controller-20] [0m[INFO] [1773912714.801859385] [main_controller_node]: No pending queue found or unexpected format.[0m
[planner_server-12] [INFO] [1773912714.418012676] [global_costmap.global_costmap]: Message Filter dropping message: frame 'laser' at time 1773912714.200 for reason 'discarding message because the queue is full'
[battery_manager_node-26] Traceback (most recent call last):
[battery_manager_node-26]   File "/home/smr/workspaces/mini_amr/amrROS2_ws/install/battery_management/lib/battery_management/battery_manager_node", line 33, in <module>
[battery_manager_node-26]     sys.exit(load_entry_point('battery-management==0.0.0', 'console_scripts', 'battery_manager_node')())
[battery_manager_node-26]              ^^^^^^^^^^^^^^^^^^^^^^^^^^^^^^^^^^^^^^^^^^^^^^^^^^^^^^^^^^^^^^^^^^^^^^^^^^^^^^^^^^^^^^^^^^
[battery_manager_node-26]   File "/home/smr/workspaces/mini_amr/amrROS2_ws/install/battery_management/lib/python3.12/site-packages/battery_management/battery_manager_node.py", line 311, in main
[battery_manager_node-26]     rclpy.spin(node)
[battery_manager_node-26]   File "/opt/ros/jazzy/lib/python3.12/site-packages/rclpy/__init__.py", line 247, in spin
[battery_manager_node-26]     executor.spin_once()
[battery_manager_node-26]   File "/opt/ros/jazzy/lib/python3.12/site-packages/rclpy/executors.py", line 923, in spin_once
[battery_manager_node-26]     self._spin_once_impl(timeout_sec)
[battery_manager_node-26]   File "/opt/ros/jazzy/lib/python3.12/site-packages/rclpy/executors.py", line 904, in _spin_once_impl
[battery_manager_node-26]     handler, entity, node = self.wait_for_ready_callbacks(
[battery_manager_node-26]                             ^^^^^^^^^^^^^^^^^^^^^^^^^^^^^^
[battery_manager_node-26]   File "/opt/ros/jazzy/lib/python3.12/site-packages/rclpy/executors.py", line 874, in wait_for_ready_callbacks
[battery_manager_node-26]     return next(self._cb_iter)
[battery_manager_node-26]            ^^^^^^^^^^^^^^^^^^^
[battery_manager_node-26]   File "/opt/ros/jazzy/lib/python3.12/site-packages/rclpy/executors.py", line 778, in _wait_for_ready_callbacks
[battery_manager_node-26]     wait_set.wait(timeout_nsec)
[battery_manager_node-26] KeyboardInterrupt
[dock_coordinates-24] [INFO] [1773912715.000463099] [rclcpp]: signal_handler(SIGINT/SIGTERM)
[rpc_run_node-23] [0m[INFO] [1773912715.008913223] [rpc_run_node]: RPC run node stopped by user.[0m
[rpc_run_node-23] Failed to publish log message to rosout: publisher's context is invalid, at ./src/rcl/publisher.c:423
[rpc_run_node-23] 2026-03-19 16:31:55,010 [INFO] RPCServer stopped.
[robot_sound-21] [0m[INFO] [1773912715.106707807] [robot_sound_node]: 🔚 robot_sound_node stopped by user.[0m
[call_robot_button-22] [0m[INFO] [1773912715.142407267] [call_robot_button_node]: CallRobotButton interrupted by user.[0m
[call_robot_button-22] Failed to publish log message to rosout: publisher's context is invalid, at ./src/rcl/publisher.c:423
[delivery_robot_main_controller-20] [0m[INFO] [1773912715.142450724] [main_controller_node]: Node stopped by user.[0m
[delivery_robot_main_controller-20] Failed to publish log message to rosout: publisher's context is invalid, at ./src/rcl/publisher.c:423
[lifecycle_manager-19] [INFO] [1773912715.143106948] [rclcpp]: signal_handler(SIGINT/SIGTERM)
[lifecycle_manager-19] [INFO] [1773912715.143217777] [lifecycle_manager_navigation]: Running Nav2 LifecycleManager rcl preshutdown (lifecycle_manager_navigation)
[lifecycle_manager-19] [INFO] [1773912715.143268233] [lifecycle_manager_navigation]: [34m[1mTerminating bond timer...[0m[0m
[collision_detector-18] [INFO] [1773912715.152095758] [rclcpp]: signal_handler(SIGINT/SIGTERM)
[collision_detector-18] [INFO] [1773912715.152207171] [collision_detector]: Running Nav2 LifecycleNode rcl preshutdown (collision_detector)
[collision_detector-18] [INFO] [1773912715.152290001] [collision_detector]: Deactivating
[collision_detector-18] [INFO] [1773912715.152312458] [collision_detector]: Destroying bond (collision_detector) to lifecycle manager.
[collision_detector-18] [WARN] [1773912715.153664280] [LifecyclePublisher]: Trying to publish message on the topic '/collision_detector_state', but the publisher is not activated
[collision_detector-18] [WARN] [1773912715.153701903] [LifecyclePublisher]: Trying to publish message on the topic '/polygon_stop_detector', but the publisher is not activated
[collision_detector-18] [WARN] [1773912715.153707736] [LifecyclePublisher]: Trying to publish message on the topic '/polygon_slowdown_detector', but the publisher is not activated
[collision_detector-18] [INFO] [1773912715.162956995] [collision_detector]: Cleaning up
[collision_detector-18] [INFO] [1773912715.163010659] [collision_monitor]: [PolygonStop]: Destroying Circle
[collision_detector-18] [INFO] [1773912715.163018534] [collision_monitor]: [PolygonStop]: Destroying Polygon
[collision_detector-18] [INFO] [1773912715.163026992] [collision_monitor]: [PolygonSlow]: Destroying Polygon
[collision_detector-18] [INFO] [1773912715.163034283] [collision_monitor]: [scan]: Destroying Scan
[collision_detector-18] [INFO] [1773912715.170479363] [collision_detector]: Destroying bond (collision_detector) to lifecycle manager.
[collision_monitor-17] [INFO] [1773912715.215148677] [rclcpp]: signal_handler(SIGINT/SIGTERM)
[collision_monitor-17] [INFO] [1773912715.215382001] [collision_monitor]: Running Nav2 LifecycleNode rcl preshutdown (collision_monitor)
[collision_monitor-17] [INFO] [1773912715.215563119] [collision_monitor]: Deactivating
[collision_monitor-17] [INFO] [1773912715.215621742] [collision_monitor]: Destroying bond (collision_monitor) to lifecycle manager.
[velocity_smoother-16] [INFO] [1773912715.251027214] [rclcpp]: signal_handler(SIGINT/SIGTERM)
[velocity_smoother-16] [INFO] [1773912715.251357367] [velocity_smoother]: Running Nav2 LifecycleNode rcl preshutdown (velocity_smoother)
[velocity_smoother-16] [INFO] [1773912715.251538194] [velocity_smoother]: Deactivating
[velocity_smoother-16] [INFO] [1773912715.251606441] [velocity_smoother]: Destroying bond (velocity_smoother) to lifecycle manager.
[collision_monitor-17] [INFO] [1773912715.267006122] [collision_monitor]: Cleaning up
[collision_monitor-17] [INFO] [1773912715.267123951] [collision_monitor]: [PolygonStop]: Destroying Circle
[collision_monitor-17] [INFO] [1773912715.267162450] [collision_monitor]: [PolygonStop]: Destroying Polygon
[collision_monitor-17] [INFO] [1773912715.267198031] [collision_monitor]: [PolygonSlow]: Destroying Polygon
[collision_monitor-17] [INFO] [1773912715.267258404] [collision_monitor]: [FootprintApproach]: Destroying Polygon
[collision_monitor-17] [INFO] [1773912715.267300402] [collision_monitor]: [scan]: Destroying Scan
[collision_monitor-17] [INFO] [1773912715.278415087] [collision_monitor]: Destroying bond (collision_monitor) to lifecycle manager.
[collision_detector-18] [INFO] [1773912715.290442652] [collision_detector]: Destroying
[waypoint_follower-15] [INFO] [1773912715.331155956] [rclcpp]: signal_handler(SIGINT/SIGTERM)
[waypoint_follower-15] [INFO] [1773912715.331277284] [waypoint_follower]: Running Nav2 LifecycleNode rcl preshutdown (waypoint_follower)
[waypoint_follower-15] [INFO] [1773912715.331356615] [waypoint_follower]: Deactivating
[waypoint_follower-15] [INFO] [1773912715.331391030] [waypoint_follower]: Destroying bond (waypoint_follower) to lifecycle manager.
[velocity_smoother-16] [INFO] [1773912715.352472736] [velocity_smoother]: Cleaning up
[velocity_smoother-16] [INFO] [1773912715.352603981] [velocity_smoother]: Destroying bond (velocity_smoother) to lifecycle manager.
[collision_monitor-17] [INFO] [1773912715.365290395] [collision_monitor]: Destroying
[bt_navigator-14] [INFO] [1773912715.365804875] [rclcpp]: signal_handler(SIGINT/SIGTERM)
[bt_navigator-14] [INFO] [1773912715.365901996] [bt_navigator]: Running Nav2 LifecycleNode rcl preshutdown (bt_navigator)
[bt_navigator-14] [INFO] [1773912715.365986284] [bt_navigator]: Deactivating
[bt_navigator-14] [INFO] [1773912715.366018658] [bt_navigator]: Destroying bond (bt_navigator) to lifecycle manager.
[behavior_server-13] [INFO] [1773912715.392060543] [rclcpp]: signal_handler(SIGINT/SIGTERM)
[behavior_server-13] [INFO] [1773912715.392181288] [behavior_server]: Running Nav2 LifecycleNode rcl preshutdown (behavior_server)
[behavior_server-13] [INFO] [1773912715.392261785] [behavior_server]: Deactivating
[behavior_server-13] [INFO] [1773912715.392283076] [behavior_server]: Destroying bond (behavior_server) to lifecycle manager.
[waypoint_follower-15] [INFO] [1773912715.411916423] [waypoint_follower]: Cleaning up
[planner_server-12] [INFO] [1773912715.437935559] [rclcpp]: signal_handler(SIGINT/SIGTERM)
[planner_server-12] [INFO] [1773912715.438148175] [planner_server]: Running Nav2 LifecycleNode rcl preshutdown (planner_server)
[planner_server-12] [INFO] [1773912715.438228964] [planner_server]: Deactivating
[planner_server-12] [INFO] [1773912715.438263087] [global_costmap.global_costmap]: Deactivating
[bt_navigator-14] [INFO] [1773912715.470297026] [bt_navigator]: Cleaning up
[behavior_server-13] [INFO] [1773912715.492660265] [behavior_server]: Cleaning up
[behavior_server-13] [INFO] [1773912715.502227720] [behavior_server]: Destroying bond (behavior_server) to lifecycle manager.
[smoother_server-11] [INFO] [1773912715.518369080] [rclcpp]: signal_handler(SIGINT/SIGTERM)
[smoother_server-11] [INFO] [1773912715.518502367] [smoother_server]: Running Nav2 LifecycleNode rcl preshutdown (smoother_server)
[smoother_server-11] [INFO] [1773912715.518586655] [smoother_server]: Deactivating
[smoother_server-11] [INFO] [1773912715.518605029] [smoother_server]: Destroying bond (smoother_server) to lifecycle manager.
[velocity_smoother-16] [INFO] [1773912715.546855910] [velocity_smoother]: Destroying
[waypoint_follower-15] [INFO] [1773912715.580708319] [waypoint_follower]: Destroying bond (waypoint_follower) to lifecycle manager.
[waypoint_follower-15] [INFO] [1773912715.607581421] [waypoint_follower]: Destroying
[planner_server-12] [INFO] [1773912715.597015923] [planner_server]: Deactivating plugin GridBased of type SmacPlanner2D
[planner_server-12] [INFO] [1773912715.597139876] [planner_server]: Destroying bond (planner_server) to lifecycle manager.
[controller_server-10] [INFO] [1773912715.609777875] [rclcpp]: signal_handler(SIGINT/SIGTERM)
[controller_server-10] [INFO] [1773912715.610028115] [controller_server]: Running Nav2 LifecycleNode rcl preshutdown (controller_server)
[controller_server-10] [INFO] [1773912715.610227024] [controller_server]: Deactivating
[controller_server-10] [INFO] [1773912715.610334937] [MPPIController]: Deactivated MPPI Controller: FollowPath
[controller_server-10] [INFO] [1773912715.610394434] [local_costmap.local_costmap]: Deactivating
[smoother_server-11] [INFO] [1773912715.619130963] [smoother_server]: Cleaning up
[controller_server-10] [INFO] [1773912715.621779775] [controller_server]: Destroying bond (controller_server) to lifecycle manager.
[costmap_filter_info_server-9] [INFO] [1773912715.622767611] [rclcpp]: signal_handler(SIGINT/SIGTERM)
[costmap_filter_info_server-9] [INFO] [1773912715.622906147] [keepout_costmap_filter_info_server]: Running Nav2 LifecycleNode rcl preshutdown (keepout_costmap_filter_info_server)
[costmap_filter_info_server-9] [INFO] [1773912715.622982852] [keepout_costmap_filter_info_server]: Deactivating
[costmap_filter_info_server-9] [INFO] [1773912715.623002101] [keepout_costmap_filter_info_server]: Destroying bond (keepout_costmap_filter_info_server) to lifecycle manager.
[map_server-8] [INFO] [1773912715.638339952] [rclcpp]: signal_handler(SIGINT/SIGTERM)
[map_server-8] [INFO] [1773912715.638501529] [keepout_filter_mask_server]: Running Nav2 LifecycleNode rcl preshutdown (keepout_filter_mask_server)
[map_server-8] [INFO] [1773912715.638578818] [keepout_filter_mask_server]: Deactivating
[map_server-8] [INFO] [1773912715.638598942] [keepout_filter_mask_server]: Destroying bond (keepout_filter_mask_server) to lifecycle manager.
[autodock_action_server-25] Traceback (most recent call last):
[autodock_action_server-25]   File "/home/smr/workspaces/mini_amr/amrROS2_ws/install/action_autodock/lib/python3.12/site-packages/action_autodock/autodock_action_server.py", line 1409, in main
[autodock_action_server-25]     executor.spin()
[autodock_action_server-25]   File "/opt/ros/jazzy/lib/python3.12/site-packages/rclpy/executors.py", line 359, in spin
[autodock_action_server-25]     self._spin_once_impl()
[autodock_action_server-25]   File "/opt/ros/jazzy/lib/python3.12/site-packages/rclpy/executors.py", line 988, in _spin_once_impl
[autodock_action_server-25]     handler, entity, node = self.wait_for_ready_callbacks(
[autodock_action_server-25]                             ^^^^^^^^^^^^^^^^^^^^^^^^^^^^^^
[autodock_action_server-25]   File "/opt/ros/jazzy/lib/python3.12/site-packages/rclpy/executors.py", line 874, in wait_for_ready_callbacks
[autodock_action_server-25]     return next(self._cb_iter)
[autodock_action_server-25]            ^^^^^^^^^^^^^^^^^^^
[autodock_action_server-25]   File "/opt/ros/jazzy/lib/python3.12/site-packages/rclpy/executors.py", line 778, in _wait_for_ready_callbacks
[autodock_action_server-25]     wait_set.wait(timeout_nsec)
[autodock_action_server-25] KeyboardInterrupt
[autodock_action_server-25] 
[autodock_action_server-25] During handling of the above exception, another exception occurred:
[autodock_action_server-25] 
[autodock_action_server-25] Traceback (most recent call last):
[autodock_action_server-25]   File "/home/smr/workspaces/mini_amr/amrROS2_ws/install/action_autodock/lib/action_autodock/autodock_action_server", line 33, in <module>
[autodock_action_server-25]     sys.exit(load_entry_point('action-autodock==0.0.0', 'console_scripts', 'autodock_action_server')())
[autodock_action_server-25]              ^^^^^^^^^^^^^^^^^^^^^^^^^^^^^^^^^^^^^^^^^^^^^^^^^^^^^^^^^^^^^^^^^^^^^^^^^^^^^^^^^^^^^^^^^
[autodock_action_server-25]   File "/home/smr/workspaces/mini_amr/amrROS2_ws/install/action_autodock/lib/python3.12/site-packages/action_autodock/autodock_action_server.py", line 1420, in main
[autodock_action_server-25]     rclpy.shutdown()   
[autodock_action_server-25]     ^^^^^^^^^^^^^^^^
[autodock_action_server-25]   File "/opt/ros/jazzy/lib/python3.12/site-packages/rclpy/__init__.py", line 134, in shutdown
[autodock_action_server-25]     _shutdown(context=context)
[autodock_action_server-25]   File "/opt/ros/jazzy/lib/python3.12/site-packages/rclpy/utilities.py", line 82, in shutdown
[autodock_action_server-25]     context.shutdown()
[autodock_action_server-25]   File "/opt/ros/jazzy/lib/python3.12/site-packages/rclpy/context.py", line 129, in shutdown
[autodock_action_server-25]     self.__context.shutdown()
[autodock_action_server-25] rclpy._rclpy_pybind11.RCLError: failed to shutdown: rcl_shutdown already called on the given context, at ./src/rcl/init.c:333
[taskset-7] [INFO] [1773912715.676730223] [rclcpp]: signal_handler(SIGINT/SIGTERM)
[smoother_server-11] [INFO] [1773912715.706153265] [smoother_server]: Destroying bond (smoother_server) to lifecycle manager.
[controller_server-10] [INFO] [1773912715.722694485] [controller_server]: Cleaning up
[controller_server-10] [INFO] [1773912715.722975349] [MPPIController]: Cleaned up MPPI Controller: FollowPath
[controller_server-10] [INFO] [1773912715.723300544] [local_costmap.local_costmap]: Cleaning up
[costmap_filter_info_server-9] [INFO] [1773912715.728956612] [keepout_costmap_filter_info_server]: Cleaning up
[costmap_filter_info_server-9] [INFO] [1773912715.729017568] [keepout_costmap_filter_info_server]: Destroying bond (keepout_costmap_filter_info_server) to lifecycle manager.
[robot_hardware-6] [INFO] [1773912715.729860159] [rclcpp]: signal_handler(SIGINT/SIGTERM)
[map_server-8] [INFO] [1773912715.740081796] [keepout_filter_mask_server]: Cleaning up
[map_server-8] [INFO] [1773912715.740150627] [keepout_filter_mask_server]: Destroying bond (keepout_filter_mask_server) to lifecycle manager.
[behavior_server-13] [INFO] [1773912715.770490050] [behavior_server]: Destroying
[smoother_server-11] [INFO] [1773912715.792772209] [smoother_server]: Destroying
[costmap_filter_info_server-9] [INFO] [1773912715.865548617] [keepout_costmap_filter_info_server]: Destroying
[planner_server-12] [INFO] [1773912715.874255105] [planner_server]: Cleaning up
[ekf_node-5] [INFO] [1773912715.910660955] [rclcpp]: signal_handler(SIGINT/SIGTERM)
[map_server-8] [INFO] [1773912715.933143189] [keepout_filter_mask_server]: Destroying
[planner_server-12] [INFO] [1773912715.985239208] [global_costmap.global_costmap]: Cleaning up
[planner_server-12] [INFO] [1773912716.014016818] [planner_server]: Cleaning up plugin GridBased of type SmacPlanner2D
[planner_server-12] [INFO] [1773912716.018030576] [planner_server]: Destroying plugin GridBased of type SmacPlanner2D
[scan_to_scan_filter_chain-4] [INFO] [1773912716.004715353] [rclcpp]: signal_handler(SIGINT/SIGTERM)
[delivery_robot_main_controller-20] Traceback (most recent call last):
[delivery_robot_main_controller-20]   File "/home/smr/workspaces/mini_amr/amrROS2_ws/install/delivery_robot_main_controller/lib/delivery_robot_main_controller/delivery_robot_main_controller", line 33, in <module>
[delivery_robot_main_controller-20]     sys.exit(load_entry_point('delivery-robot-main-controller==0.0.1', 'console_scripts', 'delivery_robot_main_controller')())
[delivery_robot_main_controller-20]              ^^^^^^^^^^^^^^^^^^^^^^^^^^^^^^^^^^^^^^^^^^^^^^^^^^^^^^^^^^^^^^^^^^^^^^^^^^^^^^^^^^^^^^^^^^^^^^^^^^^^^^^^^^^^^^^^
[delivery_robot_main_controller-20]   File "/home/smr/workspaces/mini_amr/amrROS2_ws/install/delivery_robot_main_controller/lib/python3.12/site-packages/delivery_robot_main_controller/main_controller_node.py", line 1703, in main
[delivery_robot_main_controller-20]     rclpy.shutdown()
[delivery_robot_main_controller-20]   File "/opt/ros/jazzy/lib/python3.12/site-packages/rclpy/__init__.py", line 134, in shutdown
[delivery_robot_main_controller-20]     _shutdown(context=context)
[delivery_robot_main_controller-20]   File "/opt/ros/jazzy/lib/python3.12/site-packages/rclpy/utilities.py", line 82, in shutdown
[delivery_robot_main_controller-20]     context.shutdown()
[delivery_robot_main_controller-20]   File "/opt/ros/jazzy/lib/python3.12/site-packages/rclpy/context.py", line 129, in shutdown
[delivery_robot_main_controller-20]     self.__context.shutdown()
[delivery_robot_main_controller-20] rclpy._rclpy_pybind11.RCLError: failed to shutdown: rcl_shutdown already called on the given context, at ./src/rcl/init.c:333
[controller_server-10] [INFO] [1773912716.130507078] [controller_server]: Destroying bond (controller_server) to lifecycle manager.
[robot_state_publisher-1] [INFO] [1773912716.142701761] [rclcpp]: signal_handler(SIGINT/SIGTERM)
[controller_server-10] [INFO] [1773912716.151786235] [local_costmap.local_costmap]: Destroying
[sllidar_node-3] [INFO] [1773912716.221235733] [sllidar_node]: Stop motor
[lifecycle_manager-19] [INFO] [1773912716.251231878] [lifecycle_manager_navigation]: Destroying lifecycle_manager_navigation
[planner_server-12] [INFO] [1773912716.301218939] [planner_server]: Destroying bond (planner_server) to lifecycle manager.
[planner_server-12] [INFO] [1773912716.334905105] [global_costmap.global_costmap]: Destroying
[controller_server-10] [INFO] [1773912716.390106376] [controller_server]: Destroying
[rpc_run_node-23] Traceback (most recent call last):
[rpc_run_node-23]   File "/home/smr/workspaces/mini_amr/amrROS2_ws/install/delivery_robot_main_controller/lib/delivery_robot_main_controller/rpc_run_node", line 33, in <module>
[rpc_run_node-23]     sys.exit(load_entry_point('delivery-robot-main-controller==0.0.1', 'console_scripts', 'rpc_run_node')())
[rpc_run_node-23]              ^^^^^^^^^^^^^^^^^^^^^^^^^^^^^^^^^^^^^^^^^^^^^^^^^^^^^^^^^^^^^^^^^^^^^^^^^^^^^^^^^^^^^^^^^^^^^^
[rpc_run_node-23]   File "/home/smr/workspaces/mini_amr/amrROS2_ws/install/delivery_robot_main_controller/lib/python3.12/site-packages/delivery_robot_main_controller/rpc_run_node.py", line 57, in main
[rpc_run_node-23]     rclpy.shutdown()
[rpc_run_node-23]   File "/opt/ros/jazzy/lib/python3.12/site-packages/rclpy/__init__.py", line 134, in shutdown
[rpc_run_node-23]     _shutdown(context=context)
[rpc_run_node-23]   File "/opt/ros/jazzy/lib/python3.12/site-packages/rclpy/utilities.py", line 82, in shutdown
[rpc_run_node-23]     context.shutdown()
[rpc_run_node-23]   File "/opt/ros/jazzy/lib/python3.12/site-packages/rclpy/context.py", line 129, in shutdown
[rpc_run_node-23]     self.__context.shutdown()
[rpc_run_node-23] rclpy._rclpy_pybind11.RCLError: failed to shutdown: rcl_shutdown already called on the given context, at ./src/rcl/init.c:333
[bt_navigator-14] [INFO] [1773912716.457792236] [bt_navigator]: Completed Cleaning up
[bt_navigator-14] [INFO] [1773912716.457967812] [bt_navigator]: Destroying bond (bt_navigator) to lifecycle manager.
[planner_server-12] [INFO] [1773912716.487805297] [planner_server]: Destroying
[INFO] [collision_detector-18]: process has finished cleanly [pid 33947]
[robot_sound-21] Traceback (most recent call last):
[robot_sound-21]   File "/home/smr/workspaces/mini_amr/amrROS2_ws/install/delivery_robot_main_controller/lib/delivery_robot_main_controller/robot_sound", line 33, in <module>
[robot_sound-21]     sys.exit(load_entry_point('delivery-robot-main-controller==0.0.1', 'console_scripts', 'robot_sound')())
[robot_sound-21]              ^^^^^^^^^^^^^^^^^^^^^^^^^^^^^^^^^^^^^^^^^^^^^^^^^^^^^^^^^^^^^^^^^^^^^^^^^^^^^^^^^^^^^^^^^^^^^
[robot_sound-21]   File "/home/smr/workspaces/mini_amr/amrROS2_ws/install/delivery_robot_main_controller/lib/python3.12/site-packages/delivery_robot_main_controller/robot_sound.py", line 368, in main
[robot_sound-21]     rclpy.shutdown()
[robot_sound-21]   File "/opt/ros/jazzy/lib/python3.12/site-packages/rclpy/__init__.py", line 134, in shutdown
[robot_sound-21]     _shutdown(context=context)
[robot_sound-21]   File "/opt/ros/jazzy/lib/python3.12/site-packages/rclpy/utilities.py", line 82, in shutdown
[robot_sound-21]     context.shutdown()
[robot_sound-21]   File "/opt/ros/jazzy/lib/python3.12/site-packages/rclpy/context.py", line 129, in shutdown
[robot_sound-21]     self.__context.shutdown()
[robot_sound-21] rclpy._rclpy_pybind11.RCLError: failed to shutdown: rcl_shutdown already called on the given context, at ./src/rcl/init.c:333
[bt_navigator-14] [INFO] [1773912716.562648081] [bt_navigator]: Destroying
[INFO] [collision_monitor-17]: process has finished cleanly [pid 33939]
[ERROR] [rpc_run_node-23]: process has died [pid 34158, exit code 1, cmd '/home/smr/workspaces/mini_amr/amrROS2_ws/install/delivery_robot_main_controller/lib/delivery_robot_main_controller/rpc_run_node --ros-args -r __node:=rpc_run_node -r __ns:=/ -r /tf:=tf -r /tf_static:=tf_static'].
[call_robot_button-22] Traceback (most recent call last):
[call_robot_button-22]   File "/home/smr/workspaces/mini_amr/amrROS2_ws/install/delivery_robot_main_controller/lib/delivery_robot_main_controller/call_robot_button", line 33, in <module>
[call_robot_button-22]     sys.exit(load_entry_point('delivery-robot-main-controller==0.0.1', 'console_scripts', 'call_robot_button')())
[call_robot_button-22]              ^^^^^^^^^^^^^^^^^^^^^^^^^^^^^^^^^^^^^^^^^^^^^^^^^^^^^^^^^^^^^^^^^^^^^^^^^^^^^^^^^^^^^^^^^^^^^^^^^^^
[call_robot_button-22]   File "/home/smr/workspaces/mini_amr/amrROS2_ws/install/delivery_robot_main_controller/lib/python3.12/site-packages/delivery_robot_main_controller/call_button.py", line 251, in main
[call_robot_button-22]     rclpy.shutdown()
[call_robot_button-22]   File "/opt/ros/jazzy/lib/python3.12/site-packages/rclpy/__init__.py", line 134, in shutdown
[call_robot_button-22]     _shutdown(context=context)
[call_robot_button-22]   File "/opt/ros/jazzy/lib/python3.12/site-packages/rclpy/utilities.py", line 82, in shutdown
[call_robot_button-22]     context.shutdown()
[call_robot_button-22]   File "/opt/ros/jazzy/lib/python3.12/site-packages/rclpy/context.py", line 129, in shutdown
[call_robot_button-22]     self.__context.shutdown()
[call_robot_button-22] rclpy._rclpy_pybind11.RCLError: failed to shutdown: rcl_shutdown already called on the given context, at ./src/rcl/init.c:333
[taskset-7] terminate called after throwing an instance of 'std::runtime_error'
[taskset-7]   what():  context cannot be slept with because it's invalid
[ERROR] [taskset-7]: process has died [pid 33869, exit code -6, cmd 'taskset -c 4-7 /opt/ros/jazzy/lib/slam_toolbox/localization_slam_toolbox_node --ros-args -r __node:=slam_toolbox -r __ns:=/ --params-file /tmp/launch_params_71oi8twu --params-file /tmp/launch_params_iw2p4nav -r /tf:=tf -r /tf_static:=tf_static -r /tf:=tf -r /tf_static:=tf_static -r /map:=map -r /map_metadata:=map_metadata'].
[INFO] [waypoint_follower-15]: process has finished cleanly [pid 33936]
[ERROR] [battery_manager_node-26]: process has died [pid 34161, exit code -2, cmd '/home/smr/workspaces/mini_amr/amrROS2_ws/install/battery_management/lib/battery_management/battery_manager_node --ros-args -r __node:=battery_manager -r __ns:=/ --params-file /home/smr/workspaces/mini_amr/amrROS2_ws/install/battery_management/share/battery_management/config/battery_manager.yaml -r /tf:=tf -r /tf_static:=tf_static'].
[ERROR] [robot_sound-21]: process has died [pid 34156, exit code 1, cmd '/home/smr/workspaces/mini_amr/amrROS2_ws/install/delivery_robot_main_controller/lib/delivery_robot_main_controller/robot_sound --ros-args -r __node:=robot_sound_node -r __ns:=/ -r /tf:=tf -r /tf_static:=tf_static'].
[ERROR] [call_robot_button-22]: process has died [pid 34157, exit code 1, cmd '/home/smr/workspaces/mini_amr/amrROS2_ws/install/delivery_robot_main_controller/lib/delivery_robot_main_controller/call_robot_button --ros-args -r __node:=call_robot_button_node -r __ns:=/ -r /tf:=tf -r /tf_static:=tf_static'].
[INFO] [velocity_smoother-16]: process has finished cleanly [pid 33938]
[INFO] [smoother_server-11]: process has finished cleanly [pid 33897]
[INFO] [behavior_server-13]: process has finished cleanly [pid 33923]
[INFO] [costmap_filter_info_server-9]: process has finished cleanly [pid 33873]
[INFO] [map_server-8]: process has finished cleanly [pid 33870]
[INFO] [robot_hardware-6]: process has finished cleanly [pid 33868]
[INFO] [joint_state_publisher-2]: process has finished cleanly [pid 33864]
[INFO] [lifecycle_manager-19]: process has finished cleanly [pid 33954]
[INFO] [planner_server-12]: process has finished cleanly [pid 33913]
[INFO] [controller_server-10]: process has finished cleanly [pid 33893]
[INFO] [bt_navigator-14]: process has finished cleanly [pid 33934]
[ERROR] [autodock_action_server-25]: process has died [pid 34160, exit code 1, cmd '/home/smr/workspaces/mini_amr/amrROS2_ws/install/action_autodock/lib/action_autodock/autodock_action_server --ros-args -r __ns:=/ --params-file /home/smr/workspaces/mini_amr/amrROS2_ws/install/action_autodock/share/action_autodock/config/auto_dock_config.yaml --params-file /tmp/launch_params_yacryzcr -r /tf:=tf -r /tf_static:=tf_static'].
[ERROR] [delivery_robot_main_controller-20]: process has died [pid 34155, exit code 1, cmd '/home/smr/workspaces/mini_amr/amrROS2_ws/install/delivery_robot_main_controller/lib/delivery_robot_main_controller/delivery_robot_main_controller --ros-args -r __node:=main_controller_node -r __ns:=/ --params-file /tmp/launch_params_ve4woqdz -r /tf:=tf -r /tf_static:=tf_static'].
[INFO] [ekf_node-5]: process has finished cleanly [pid 33867]
[INFO] [scan_to_scan_filter_chain-4]: process has finished cleanly [pid 33866]
[INFO] [robot_state_publisher-1]: process has finished cleanly [pid 33863]
[INFO] [sllidar_node-3]: process has finished cleanly [pid 33865]
