[0.482s] Invoking command in '/home/smr/workspaces/mini_amr/amrROS2_ws/build/navigation': CMAKE_PREFIX_PATH=${CMAKE_PREFIX_PATH}:/home/smr/workspaces/mini_amr/amrROS2_ws/install/wis_pkg:/home/smr/workspaces/mini_amr/amrROS2_ws/install/robot_data_tool:/home/smr/workspaces/mini_amr/amrROS2_ws/install/python_pkg:/home/smr/workspaces/mini_amr/amrROS2_ws/install/action_autodock:/opt/ros/jazzy DEBUGINFOD_URLS=https://debuginfod.ubuntu.com /usr/bin/cmake --build /home/smr/workspaces/mini_amr/amrROS2_ws/build/navigation -- -j8 -l8
[1.451s] Invoked command in '/home/smr/workspaces/mini_amr/amrROS2_ws/build/navigation' returned '0': CMAKE_PREFIX_PATH=${CMAKE_PREFIX_PATH}:/home/smr/workspaces/mini_amr/amrROS2_ws/install/wis_pkg:/home/smr/workspaces/mini_amr/amrROS2_ws/install/robot_data_tool:/home/smr/workspaces/mini_amr/amrROS2_ws/install/python_pkg:/home/smr/workspaces/mini_amr/amrROS2_ws/install/action_autodock:/opt/ros/jazzy DEBUGINFOD_URLS=https://debuginfod.ubuntu.com /usr/bin/cmake --build /home/smr/workspaces/mini_amr/amrROS2_ws/build/navigation -- -j8 -l8
[1.456s] Invoking command in '/home/smr/workspaces/mini_amr/amrROS2_ws/build/navigation': CMAKE_PREFIX_PATH=${CMAKE_PREFIX_PATH}:/home/smr/workspaces/mini_amr/amrROS2_ws/install/wis_pkg:/home/smr/workspaces/mini_amr/amrROS2_ws/install/robot_data_tool:/home/smr/workspaces/mini_amr/amrROS2_ws/install/python_pkg:/home/smr/workspaces/mini_amr/amrROS2_ws/install/action_autodock:/opt/ros/jazzy DEBUGINFOD_URLS=https://debuginfod.ubuntu.com /usr/bin/cmake --install /home/smr/workspaces/mini_amr/amrROS2_ws/build/navigation
[1.601s] -- Install configuration: ""
[1.602s] -- Up-to-date: /home/smr/workspaces/mini_amr/amrROS2_ws/install/navigation/share/navigation/launch
[1.604s] -- Up-to-date: /home/smr/workspaces/mini_amr/amrROS2_ws/install/navigation/share/navigation/launch/rviz_nav.launch.py
[1.604s] -- Up-to-date: /home/smr/workspaces/mini_amr/amrROS2_ws/install/navigation/share/navigation/launch/amcl_localization_launch.py
[1.604s] -- Up-to-date: /home/smr/workspaces/mini_amr/amrROS2_ws/install/navigation/share/navigation/launch/rviz_launch.py
[1.604s] -- Up-to-date: /home/smr/workspaces/mini_amr/amrROS2_ws/install/navigation/share/navigation/launch/slam_localization_launch.py
[1.604s] -- Up-to-date: /home/smr/workspaces/mini_amr/amrROS2_ws/install/navigation/share/navigation/launch/collision_monitor_node.launch.py
[1.604s] -- Up-to-date: /home/smr/workspaces/mini_amr/amrROS2_ws/install/navigation/share/navigation/launch/slam_toolbox_launch.py
[1.604s] -- Up-to-date: /home/smr/workspaces/mini_amr/amrROS2_ws/install/navigation/share/navigation/launch/navigation.launch.py
[1.604s] -- Up-to-date: /home/smr/workspaces/mini_amr/amrROS2_ws/install/navigation/share/navigation/launch/slam.launch.py
[1.604s] -- Up-to-date: /home/smr/workspaces/mini_amr/amrROS2_ws/install/navigation/share/navigation/launch/navigation_launch.py
[1.610s] -- Up-to-date: /home/smr/workspaces/mini_amr/amrROS2_ws/install/navigation/share/navigation/config
[1.611s] -- Up-to-date: /home/smr/workspaces/mini_amr/amrROS2_ws/install/navigation/share/navigation/config/nav2_params.yaml
[1.613s] -- Up-to-date: /home/smr/workspaces/mini_amr/amrROS2_ws/install/navigation/share/navigation/config/navigation.yaml
[1.613s] -- Up-to-date: /home/smr/workspaces/mini_amr/amrROS2_ws/install/navigation/share/navigation/config/mapper_params_online_async.yaml
[1.614s] -- Up-to-date: /home/smr/workspaces/mini_amr/amrROS2_ws/install/navigation/share/navigation/config/collision_monitor_params.yaml
[1.614s] -- Up-to-date: /home/smr/workspaces/mini_amr/amrROS2_ws/install/navigation/share/navigation/config/slam_localization.yaml
[1.615s] -- Up-to-date: /home/smr/workspaces/mini_amr/amrROS2_ws/install/navigation/share/navigation/rviz
[1.615s] -- Up-to-date: /home/smr/workspaces/mini_amr/amrROS2_ws/install/navigation/share/navigation/rviz/navigation.rviz
[1.616s] -- Up-to-date: /home/smr/workspaces/mini_amr/amrROS2_ws/install/navigation/share/navigation/rviz/rviz_nav_namespace.rviz
[1.616s] -- Up-to-date: /home/smr/workspaces/mini_amr/amrROS2_ws/install/navigation/share/navigation/rviz/nav2_namespaced_view.rviz
[1.617s] -- Up-to-date: /home/smr/workspaces/mini_amr/amrROS2_ws/install/navigation/share/navigation/rviz/nav2_default_view.rviz
[1.617s] -- Up-to-date: /home/smr/workspaces/mini_amr/amrROS2_ws/install/navigation/share/navigation/rviz/slam.rviz
[1.618s] -- Up-to-date: /home/smr/workspaces/mini_amr/amrROS2_ws/install/navigation/share/navigation/rviz/rviz_nav.rviz
[1.621s] -- Up-to-date: /home/smr/workspaces/mini_amr/amrROS2_ws/install/navigation/share/navigation/rviz/mapping_old.rviz
[1.622s] -- Up-to-date: /home/smr/workspaces/mini_amr/amrROS2_ws/install/navigation/share/navigation/rviz/rviz_map.rviz
[1.629s] -- Up-to-date: /home/smr/workspaces/mini_amr/amrROS2_ws/install/navigation/share/navigation/maps
[1.629s] -- Up-to-date: /home/smr/workspaces/mini_amr/amrROS2_ws/install/navigation/share/navigation/maps/Turtlebot_Arena_map.yaml
[1.629s] -- Up-to-date: /home/smr/workspaces/mini_amr/amrROS2_ws/install/navigation/share/navigation/maps/Turtlebot_Arena_map.pgm
[1.629s] -- Up-to-date: /home/smr/workspaces/mini_amr/amrROS2_ws/install/navigation/share/ament_index/resource_index/package_run_dependencies/navigation
[1.630s] -- Up-to-date: /home/smr/workspaces/mini_amr/amrROS2_ws/install/navigation/share/ament_index/resource_index/parent_prefix_path/navigation
[1.630s] -- Up-to-date: /home/smr/workspaces/mini_amr/amrROS2_ws/install/navigation/share/navigation/environment/ament_prefix_path.sh
[1.631s] -- Up-to-date: /home/smr/workspaces/mini_amr/amrROS2_ws/install/navigation/share/navigation/environment/ament_prefix_path.dsv
[1.632s] -- Up-to-date: /home/smr/workspaces/mini_amr/amrROS2_ws/install/navigation/share/navigation/environment/path.sh
[1.632s] -- Up-to-date: /home/smr/workspaces/mini_amr/amrROS2_ws/install/navigation/share/navigation/environment/path.dsv
[1.632s] -- Up-to-date: /home/smr/workspaces/mini_amr/amrROS2_ws/install/navigation/share/navigation/local_setup.bash
[1.633s] -- Up-to-date: /home/smr/workspaces/mini_amr/amrROS2_ws/install/navigation/share/navigation/local_setup.sh
[1.633s] -- Up-to-date: /home/smr/workspaces/mini_amr/amrROS2_ws/install/navigation/share/navigation/local_setup.zsh
[1.633s] -- Up-to-date: /home/smr/workspaces/mini_amr/amrROS2_ws/install/navigation/share/navigation/local_setup.dsv
[1.634s] -- Installing: /home/smr/workspaces/mini_amr/amrROS2_ws/install/navigation/share/navigation/package.dsv
[1.634s] -- Up-to-date: /home/smr/workspaces/mini_amr/amrROS2_ws/install/navigation/share/ament_index/resource_index/packages/navigation
[1.635s] -- Up-to-date: /home/smr/workspaces/mini_amr/amrROS2_ws/install/navigation/share/navigation/cmake/navigationConfig.cmake
[1.635s] -- Up-to-date: /home/smr/workspaces/mini_amr/amrROS2_ws/install/navigation/share/navigation/cmake/navigationConfig-version.cmake
[1.635s] -- Up-to-date: /home/smr/workspaces/mini_amr/amrROS2_ws/install/navigation/share/navigation/package.xml
[1.749s] Invoked command in '/home/smr/workspaces/mini_amr/amrROS2_ws/build/navigation' returned '0': CMAKE_PREFIX_PATH=${CMAKE_PREFIX_PATH}:/home/smr/workspaces/mini_amr/amrROS2_ws/install/wis_pkg:/home/smr/workspaces/mini_amr/amrROS2_ws/install/robot_data_tool:/home/smr/workspaces/mini_amr/amrROS2_ws/install/python_pkg:/home/smr/workspaces/mini_amr/amrROS2_ws/install/action_autodock:/opt/ros/jazzy DEBUGINFOD_URLS=https://debuginfod.ubuntu.com /usr/bin/cmake --install /home/smr/workspaces/mini_amr/amrROS2_ws/build/navigation
