[0.484s] Invoking command in '/home/smr/workspaces/mini_amr/amrROS2_ws/build/description': CMAKE_PREFIX_PATH=${CMAKE_PREFIX_PATH}:/home/smr/workspaces/mini_amr/amrROS2_ws/install/python_pkg:/home/smr/workspaces/mini_amr/amrROS2_ws/install/action_autodock:/opt/ros/jazzy DEBUGINFOD_URLS=https://debuginfod.ubuntu.com /usr/bin/cmake --build /home/smr/workspaces/mini_amr/amrROS2_ws/build/description -- -j8 -l8
[0.975s] Invoked command in '/home/smr/workspaces/mini_amr/amrROS2_ws/build/description' returned '0': CMAKE_PREFIX_PATH=${CMAKE_PREFIX_PATH}:/home/smr/workspaces/mini_amr/amrROS2_ws/install/python_pkg:/home/smr/workspaces/mini_amr/amrROS2_ws/install/action_autodock:/opt/ros/jazzy DEBUGINFOD_URLS=https://debuginfod.ubuntu.com /usr/bin/cmake --build /home/smr/workspaces/mini_amr/amrROS2_ws/build/description -- -j8 -l8
[0.977s] Invoking command in '/home/smr/workspaces/mini_amr/amrROS2_ws/build/description': CMAKE_PREFIX_PATH=${CMAKE_PREFIX_PATH}:/home/smr/workspaces/mini_amr/amrROS2_ws/install/python_pkg:/home/smr/workspaces/mini_amr/amrROS2_ws/install/action_autodock:/opt/ros/jazzy DEBUGINFOD_URLS=https://debuginfod.ubuntu.com /usr/bin/cmake --install /home/smr/workspaces/mini_amr/amrROS2_ws/build/description
[0.998s] -- Install configuration: ""
[0.999s] -- Up-to-date: /home/smr/workspaces/mini_amr/amrROS2_ws/install/description/share/description/urdf
[1.001s] -- Up-to-date: /home/smr/workspaces/mini_amr/amrROS2_ws/install/description/share/description/urdf/robot
[1.031s] -- Up-to-date: /home/smr/workspaces/mini_amr/amrROS2_ws/install/description/share/description/urdf/robot/robot.urdf.xacro
[1.031s] -- Up-to-date: /home/smr/workspaces/mini_amr/amrROS2_ws/install/description/share/description/urdf/sensors
[1.031s] -- Up-to-date: /home/smr/workspaces/mini_amr/amrROS2_ws/install/description/share/description/urdf/sensors/laser.urdf.xacro
[1.031s] -- Up-to-date: /home/smr/workspaces/mini_amr/amrROS2_ws/install/description/share/description/urdf/sensors/imu.urdf.xacro
[1.031s] -- Installing: /home/smr/workspaces/mini_amr/amrROS2_ws/install/description/share/description/urdf/sensors/camera.urdf.xacro
[1.031s] -- Up-to-date: /home/smr/workspaces/mini_amr/amrROS2_ws/install/description/share/description/urdf/sensors/range_sensor.urdf.xacro
[1.031s] -- Up-to-date: /home/smr/workspaces/mini_amr/amrROS2_ws/install/description/share/description/urdf/property
[1.031s] -- Up-to-date: /home/smr/workspaces/mini_amr/amrROS2_ws/install/description/share/description/urdf/property/robot_property.urdf.xacro
[1.032s] -- Up-to-date: /home/smr/workspaces/mini_amr/amrROS2_ws/install/description/share/description/urdf/mech
[1.032s] -- Up-to-date: /home/smr/workspaces/mini_amr/amrROS2_ws/install/description/share/description/urdf/mech/base.urdf.xacro
[1.032s] -- Up-to-date: /home/smr/workspaces/mini_amr/amrROS2_ws/install/description/share/description/urdf/mech/caster_wheel.urdf.xacro
[1.032s] -- Up-to-date: /home/smr/workspaces/mini_amr/amrROS2_ws/install/description/share/description/urdf/mech/wheel.urdf.xacro
[1.032s] -- Up-to-date: /home/smr/workspaces/mini_amr/amrROS2_ws/install/description/share/description/urdf/controllers
[1.032s] -- Up-to-date: /home/smr/workspaces/mini_amr/amrROS2_ws/install/description/share/description/urdf/controllers/diff_drive_controller.urdf.xacro
[1.032s] -- Up-to-date: /home/smr/workspaces/mini_amr/amrROS2_ws/install/description/share/description/rviz
[1.032s] -- Up-to-date: /home/smr/workspaces/mini_amr/amrROS2_ws/install/description/share/description/rviz/description.rviz
[1.032s] -- Up-to-date: /home/smr/workspaces/mini_amr/amrROS2_ws/install/description/share/description/rviz/gazebo.rviz
[1.032s] -- Up-to-date: /home/smr/workspaces/mini_amr/amrROS2_ws/install/description/share/description/launch
[1.033s] -- Up-to-date: /home/smr/workspaces/mini_amr/amrROS2_ws/install/description/share/description/launch/description.launch.py
[1.033s] -- Up-to-date: /home/smr/workspaces/mini_amr/amrROS2_ws/install/description/share/ament_index/resource_index/package_run_dependencies/description
[1.033s] -- Up-to-date: /home/smr/workspaces/mini_amr/amrROS2_ws/install/description/share/ament_index/resource_index/parent_prefix_path/description
[1.035s] -- Up-to-date: /home/smr/workspaces/mini_amr/amrROS2_ws/install/description/share/description/environment/ament_prefix_path.sh
[1.036s] -- Up-to-date: /home/smr/workspaces/mini_amr/amrROS2_ws/install/description/share/description/environment/ament_prefix_path.dsv
[1.037s] -- Up-to-date: /home/smr/workspaces/mini_amr/amrROS2_ws/install/description/share/description/environment/path.sh
[1.038s] -- Up-to-date: /home/smr/workspaces/mini_amr/amrROS2_ws/install/description/share/description/environment/path.dsv
[1.039s] -- Up-to-date: /home/smr/workspaces/mini_amr/amrROS2_ws/install/description/share/description/local_setup.bash
[1.039s] -- Up-to-date: /home/smr/workspaces/mini_amr/amrROS2_ws/install/description/share/description/local_setup.sh
[1.040s] -- Up-to-date: /home/smr/workspaces/mini_amr/amrROS2_ws/install/description/share/description/local_setup.zsh
[1.042s] -- Up-to-date: /home/smr/workspaces/mini_amr/amrROS2_ws/install/description/share/description/local_setup.dsv
[1.042s] -- Installing: /home/smr/workspaces/mini_amr/amrROS2_ws/install/description/share/description/package.dsv
[1.043s] -- Up-to-date: /home/smr/workspaces/mini_amr/amrROS2_ws/install/description/share/ament_index/resource_index/packages/description
[1.043s] -- Up-to-date: /home/smr/workspaces/mini_amr/amrROS2_ws/install/description/share/description/cmake/descriptionConfig.cmake
[1.044s] -- Up-to-date: /home/smr/workspaces/mini_amr/amrROS2_ws/install/description/share/description/cmake/descriptionConfig-version.cmake
[1.048s] -- Up-to-date: /home/smr/workspaces/mini_amr/amrROS2_ws/install/description/share/description/package.xml
[1.075s] Invoked command in '/home/smr/workspaces/mini_amr/amrROS2_ws/build/description' returned '0': CMAKE_PREFIX_PATH=${CMAKE_PREFIX_PATH}:/home/smr/workspaces/mini_amr/amrROS2_ws/install/python_pkg:/home/smr/workspaces/mini_amr/amrROS2_ws/install/action_autodock:/opt/ros/jazzy DEBUGINFOD_URLS=https://debuginfod.ubuntu.com /usr/bin/cmake --install /home/smr/workspaces/mini_amr/amrROS2_ws/build/description
