[INFO] [launch]: All log files can be found below /home/smr/.ros/log/2026-03-13-13-38-47-004994-two-24779
[INFO] [launch]: Default logging verbosity is set to INFO
[INFO] [robot_state_publisher-1]: process started with pid [24797]
[INFO] [joint_state_publisher-2]: process started with pid [24798]
[INFO] [rplidar_node-3]: process started with pid [24799]
[INFO] [scan_to_scan_filter_chain-4]: process started with pid [24800]
[INFO] [ekf_node-5]: process started with pid [24801]
[INFO] [robot_hardware-6]: process started with pid [24802]
[INFO] [taskset-7]: process started with pid [24803]
[INFO] [map_server-8]: process started with pid [24804]
[INFO] [costmap_filter_info_server-9]: process started with pid [24805]
[INFO] [controller_server-10]: process started with pid [24806]
[INFO] [smoother_server-11]: process started with pid [24811]
[INFO] [planner_server-12]: process started with pid [24822]
[INFO] [behavior_server-13]: process started with pid [24829]
[INFO] [bt_navigator-14]: process started with pid [24840]
[INFO] [waypoint_follower-15]: process started with pid [24853]
[INFO] [velocity_smoother-16]: process started with pid [24854]
[INFO] [collision_monitor-17]: process started with pid [24855]
[INFO] [collision_detector-18]: process started with pid [24857]
[INFO] [lifecycle_manager-19]: process started with pid [24864]
[robot_hardware-6] Serial port opened at port /dev/teensy with baudrate 460800
[robot_hardware-6] Created receive data thread
[taskset-7] [INFO] [1773383928.081154285] [slam_toolbox]: Node using stack size 40000000
[taskset-7] [INFO] [1773383928.146793674] [slam_toolbox]: Configuring
[taskset-7] [INFO] [1773383928.162716169] [slam_toolbox]: Using solver plugin solver_plugins::CeresSolver
[taskset-7] [INFO] [1773383928.163049237] [slam_toolbox]: CeresSolver: Using SCHUR_JACOBI preconditioner.
[map_server-8] [INFO] [1773383928.209617446] [keepout_filter_mask_server]: 
[map_server-8] 	keepout_filter_mask_server lifecycle node launched. 
[map_server-8] 	Waiting on external lifecycle transitions to activate
[map_server-8] 	See https://design.ros2.org/articles/node_lifecycle.html for more information.
[map_server-8] [INFO] [1773383928.214013530] [keepout_filter_mask_server]: Creating
[robot_state_publisher-1] [INFO] [1773383928.256551097] [robot_state_publisher]: Robot initialized
[rplidar_node-3] [INFO] [1773383928.263503809] [rplidar_node]: RPLidar running on ROS2 package rplidar_ros. RPLIDAR SDK Version:2.1.0
[rplidar_node-3] [INFO] [1773383928.270952914] [rplidar_node]: RPLidar S/N: CEDCEDF9C7E29BCEA7E39EF25E0F4304
[rplidar_node-3] [INFO] [1773383928.273829778] [rplidar_node]: Firmware Ver: 1.02
[rplidar_node-3] [INFO] [1773383928.276943464] [rplidar_node]: Hardware Rev: 18
[rplidar_node-3] [INFO] [1773383928.280195101] [rplidar_node]: RPLidar health status : 0
[rplidar_node-3] [INFO] [1773383928.282257087] [rplidar_node]: RPLidar health status : OK.
[rplidar_node-3] [INFO] [1773383928.287165896] [rplidar_node]: Start
[taskset-7] [ERROR] [1773383928.346330592] [slam_toolbox]: LocalizationSlamToolbox: Incorrect number of arguments for map starting pose. Must be in format: [x, y, theta]. Starting at the origin
[collision_monitor-17] [INFO] [1773383928.409370771] [collision_monitor]: 
[collision_monitor-17] 	collision_monitor lifecycle node launched. 
[collision_monitor-17] 	Waiting on external lifecycle transitions to activate
[collision_monitor-17] 	See https://design.ros2.org/articles/node_lifecycle.html for more information.
[smoother_server-11] [INFO] [1773383928.424014660] [smoother_server]: 
[smoother_server-11] 	smoother_server lifecycle node launched. 
[smoother_server-11] 	Waiting on external lifecycle transitions to activate
[smoother_server-11] 	See https://design.ros2.org/articles/node_lifecycle.html for more information.
[rplidar_node-3] [INFO] [1773383928.429677100] [rplidar_node]: current scan mode: Sensitivity, sample rate: 32 Khz, max_distance: 30.0 m, scan frequency:10.0 Hz, 
[bt_navigator-14] [INFO] [1773383928.434354628] [bt_navigator]: 
[bt_navigator-14] 	bt_navigator lifecycle node launched. 
[bt_navigator-14] 	Waiting on external lifecycle transitions to activate
[bt_navigator-14] 	See https://design.ros2.org/articles/node_lifecycle.html for more information.
[controller_server-10] [INFO] [1773383928.442664693] [controller_server]: 
[controller_server-10] 	controller_server lifecycle node launched. 
[controller_server-10] 	Waiting on external lifecycle transitions to activate
[controller_server-10] 	See https://design.ros2.org/articles/node_lifecycle.html for more information.
[bt_navigator-14] [INFO] [1773383928.464505991] [bt_navigator]: Creating
[smoother_server-11] [INFO] [1773383928.467014497] [smoother_server]: Creating smoother server
[waypoint_follower-15] [INFO] [1773383928.467355439] [waypoint_follower]: 
[waypoint_follower-15] 	waypoint_follower lifecycle node launched. 
[waypoint_follower-15] 	Waiting on external lifecycle transitions to activate
[waypoint_follower-15] 	See https://design.ros2.org/articles/node_lifecycle.html for more information.
[waypoint_follower-15] [INFO] [1773383928.470026688] [waypoint_follower]: Creating
[controller_server-10] [INFO] [1773383928.474844209] [controller_server]: Creating controller server
[planner_server-12] [INFO] [1773383928.496965494] [planner_server]: 
[planner_server-12] 	planner_server lifecycle node launched. 
[planner_server-12] 	Waiting on external lifecycle transitions to activate
[planner_server-12] 	See https://design.ros2.org/articles/node_lifecycle.html for more information.
[velocity_smoother-16] [INFO] [1773383928.514828648] [velocity_smoother]: 
[velocity_smoother-16] 	velocity_smoother lifecycle node launched. 
[velocity_smoother-16] 	Waiting on external lifecycle transitions to activate
[velocity_smoother-16] 	See https://design.ros2.org/articles/node_lifecycle.html for more information.
[planner_server-12] [INFO] [1773383928.532174409] [planner_server]: Creating
[costmap_filter_info_server-9] [INFO] [1773383928.542837237] [costmap_filter_info_server]: This is costmap filter info publisher
[behavior_server-13] [INFO] [1773383928.584981364] [behavior_server]: 
[controller_server-10] [INFO] [1773383928.591256567] [local_costmap.local_costmap]: 
[controller_server-10] 	local_costmap lifecycle node launched. 
[controller_server-10] 	Waiting on external lifecycle transitions to activate
[controller_server-10] 	See https://design.ros2.org/articles/node_lifecycle.html for more information.
[behavior_server-13] 	behavior_server lifecycle node launched. 
[behavior_server-13] 	Waiting on external lifecycle transitions to activate
[behavior_server-13] 	See https://design.ros2.org/articles/node_lifecycle.html for more information.
[controller_server-10] [INFO] [1773383928.601217387] [local_costmap.local_costmap]: Creating Costmap
[planner_server-12] [INFO] [1773383928.608436669] [global_costmap.global_costmap]: 
[planner_server-12] 	global_costmap lifecycle node launched. 
[planner_server-12] 	Waiting on external lifecycle transitions to activate
[planner_server-12] 	See https://design.ros2.org/articles/node_lifecycle.html for more information.
[planner_server-12] [INFO] [1773383928.626474815] [global_costmap.global_costmap]: Creating Costmap
[lifecycle_manager-19] [INFO] [1773383928.775338801] [lifecycle_manager_navigation]: Creating
[collision_detector-18] [INFO] [1773383928.975736970] [collision_detector]: 
[collision_detector-18] 	collision_detector lifecycle node launched. 
[collision_detector-18] 	Waiting on external lifecycle transitions to activate
[collision_detector-18] 	See https://design.ros2.org/articles/node_lifecycle.html for more information.
[lifecycle_manager-19] [INFO] [1773383928.984020785] [lifecycle_manager_navigation]: [34m[1mCreating and initializing lifecycle service clients[0m[0m
[costmap_filter_info_server-9] [INFO] [1773383929.077067084] [keepout_costmap_filter_info_server]: 
[costmap_filter_info_server-9] 	keepout_costmap_filter_info_server lifecycle node launched. 
[costmap_filter_info_server-9] 	Waiting on external lifecycle transitions to activate
[costmap_filter_info_server-9] 	See https://design.ros2.org/articles/node_lifecycle.html for more information.
[scan_to_scan_filter_chain-4] [WARN] [1773383929.140163843] [scan_to_scan_filter_chain]: diagnostic_updater: No HW_ID was set. This is probably a bug. Please report it. For devices that do not have a HW_ID, set this value to 'none'. This warning only occurs once all diagnostics are OK. It is okay to wait until the device is open before calling setHardwareID.
[rplidar_node-3] [INFO] [1773383929.291124814] [rplidar_node]: set lidar scan frequency to 10.0 Hz(600.0 Rpm) 
[lifecycle_manager-19] [INFO] [1773383929.618619459] [lifecycle_manager_navigation]: [34m[1mStarting managed nodes bringup...[0m[0m
[lifecycle_manager-19] [INFO] [1773383929.618736995] [lifecycle_manager_navigation]: [34m[1mConfiguring controller_server[0m[0m
[controller_server-10] [INFO] [1773383929.619246513] [controller_server]: Configuring controller interface
[controller_server-10] [INFO] [1773383929.620150928] [controller_server]: getting progress checker plugins..
[controller_server-10] [INFO] [1773383929.623196950] [controller_server]: getting goal checker plugins..
[controller_server-10] [INFO] [1773383929.623667095] [controller_server]: Controller frequency set to 10.0000Hz
[controller_server-10] [INFO] [1773383929.623751966] [local_costmap.local_costmap]: Configuring
[controller_server-10] [INFO] [1773383929.654668625] [local_costmap.local_costmap]: Using plugin "obstacle_layer"
[controller_server-10] [INFO] [1773383929.673099627] [local_costmap.local_costmap]: Subscribed to Topics: scan
[controller_server-10] [INFO] [1773383929.714900771] [local_costmap.local_costmap]: Initialized plugin "obstacle_layer"
[controller_server-10] [INFO] [1773383929.715074304] [local_costmap.local_costmap]: Using plugin "denoise_layer"
[controller_server-10] [INFO] [1773383929.716801764] [local_costmap.local_costmap]: Initialized plugin "denoise_layer"
[controller_server-10] [INFO] [1773383929.716907342] [local_costmap.local_costmap]: Using plugin "inflation_layer"
[controller_server-10] [INFO] [1773383929.719547384] [local_costmap.local_costmap]: Initialized plugin "inflation_layer"
[controller_server-10] [INFO] [1773383929.719660545] [local_costmap.local_costmap]: Using costmap filter "keepout_filter"
[controller_server-10] [INFO] [1773383929.726209318] [local_costmap.local_costmap]: Initialized costmap filter "keepout_filter"
[controller_server-10] [INFO] [1773383929.726329187] [local_costmap.local_costmap]: Using costmap filter "inflation_layer"
[controller_server-10] [INFO] [1773383929.726514679] [local_costmap.local_costmap]: Initialized costmap filter "inflation_layer"
[controller_server-10] [INFO] [1773383929.778810075] [controller_server]: Created progress_checker : progress_checker of type nav2_controller::SimpleProgressChecker
[controller_server-10] [INFO] [1773383929.779622037] [controller_server]: Controller Server has progress_checker  progress checkers available.
[controller_server-10] [INFO] [1773383929.780564367] [controller_server]: Created goal checker : goal_checker of type nav2_controller::SimpleGoalChecker
[controller_server-10] [INFO] [1773383929.781460033] [controller_server]: Controller Server has goal_checker  goal checkers available.
[controller_server-10] [INFO] [1773383929.789708267] [controller_server]: Created controller : FollowPath of type nav2_mppi_controller::MPPIController
[controller_server-10] [INFO] [1773383929.800394135] [controller_server]: Controller period is equal to model dt. Control sequence shifting is ON
[controller_server-10] [INFO] [1773383929.804996709] [controller_server]: ConstraintCritic instantiated with 1 power and 4.000000 weight.
[controller_server-10] [INFO] [1773383929.805124745] [controller_server]: Critic loaded : mppi::critics::ConstraintCritic
[controller_server-10] [INFO] [1773383929.809874019] [controller_server]: InflationCostCritic instantiated with 1 power and 300.000000 / 0.015000 weights. Critic will collision check based on footprint cost.
[controller_server-10] [INFO] [1773383929.809988056] [controller_server]: Critic loaded : mppi::critics::CostCritic
[controller_server-10] [INFO] [1773383929.811656018] [controller_server]: GoalCritic instantiated with 1 power and 5.000000 weight.
[controller_server-10] [INFO] [1773383929.811763055] [controller_server]: Critic loaded : mppi::critics::GoalCritic
[controller_server-10] [INFO] [1773383929.813782168] [controller_server]: GoalAngleCritic instantiated with 1 power, 3.000000 weight, and 0.500000 angular threshold.
[controller_server-10] [INFO] [1773383929.813890079] [controller_server]: Critic loaded : mppi::critics::GoalAngleCritic
[controller_server-10] [INFO] [1773383929.817307376] [controller_server]: ReferenceTrajectoryCritic instantiated with 1 power and 2.000000 weight
[controller_server-10] [INFO] [1773383929.817411496] [controller_server]: Critic loaded : mppi::critics::PathAlignCritic
[controller_server-10] [INFO] [1773383929.819751135] [controller_server]: Critic loaded : mppi::critics::PathFollowCritic
[controller_server-10] [INFO] [1773383929.822765075] [controller_server]: PathAngleCritic instantiated with 1 power and 1.500000 weight. Mode set to: Forward Preference
[controller_server-10] [INFO] [1773383929.822837697] [controller_server]: Critic loaded : mppi::critics::PathAngleCritic
[controller_server-10] [INFO] [1773383929.823784402] [controller_server]: PreferForwardCritic instantiated with 1 power and 10.000000 weight.
[controller_server-10] [INFO] [1773383929.823845941] [controller_server]: Critic loaded : mppi::critics::PreferForwardCritic
[controller_server-10] [INFO] [1773383929.825345036] [controller_server]: Optimizer reset
[controller_server-10] [INFO] [1773383929.837415673] [MPPIController]: Configured MPPI Controller: FollowPath
[controller_server-10] [INFO] [1773383929.837458254] [controller_server]: Controller Server has FollowPath  controllers available.
[lifecycle_manager-19] [INFO] [1773383929.866126562] [lifecycle_manager_navigation]: [34m[1mConfiguring smoother_server[0m[0m
[smoother_server-11] [INFO] [1773383929.867473123] [smoother_server]: Configuring smoother server
[taskset-7] Load From File /home/smr/workspaces/mini_amr/amrROS2_ws/maps/latest_map.posegraph 
[taskset-7] Mapper <- Module
[taskset-7] Mapper <- m_pSequentialScanMatcher
[taskset-7] Mapper <- m_pGraph
[taskset-7] MapperGraph <- Graph; Graph <- m_Edges; Graph <- m_Vertices
[taskset-7] MapperGraph <- m_pMapper; MapperGraph <- m_pLoopScanMatcher; MapperGraph <- m_pTraversal
[taskset-7] Mapper <- m_pMapperSensorManager
[taskset-7] MapperSensorManager <- m_ScanManagers; MapperSensorManager <- m_Scans
[taskset-7] Mapper <- m_Listeners
[taskset-7] **Finished serializing Mapper**
[taskset-7] Load From File
[taskset-7] **Serializing Dataset**
[taskset-7] Dataset <- m_SensorNameLookup
[taskset-7] Dataset <- m_Data
[taskset-7] Dataset <- m_Lasers
[taskset-7] Dataset <- m_pDatasetInfo
[taskset-7] **Finished serializing Dataset**
[taskset-7] Registering sensor: [Custom Described Lidar]
[taskset-7] WARNING: Logging before InitGoogleLogging() is written to STDERR
[taskset-7] W20260313 13:38:49.883010 24803 preprocessor.cc:67] Specified options.num_threads: 50 exceeds maximum available from the threading model Ceres was compiled with: 8.  Bounding to maximum number available.
[INFO] [launch.user]: [LifecycleLaunch] Slamtoolbox node is activating.
[taskset-7] [INFO] [1773383929.903828525] [slam_toolbox]: Activating
[smoother_server-11] [INFO] [1773383929.949351159] [smoother_server]: Created smoother : simple_smoother of type nav2_smoother::SimpleSmoother
[taskset-7] Registering sensor: [Custom Described Lidar]
[smoother_server-11] [INFO] [1773383929.957781384] [smoother_server]: Smoother Server has simple_smoother  smoothers available.
[lifecycle_manager-19] [INFO] [1773383929.975451172] [lifecycle_manager_navigation]: [34m[1mConfiguring planner_server[0m[0m
[planner_server-12] [INFO] [1773383929.977338458] [planner_server]: Configuring
[planner_server-12] [INFO] [1773383929.977443161] [global_costmap.global_costmap]: Configuring
[planner_server-12] [INFO] [1773383930.001740759] [global_costmap.global_costmap]: Using plugin "static_layer"
[planner_server-12] [INFO] [1773383930.020691195] [global_costmap.global_costmap]: Subscribing to the map topic (/map) with transient local durability
[planner_server-12] [INFO] [1773383930.022341366] [global_costmap.global_costmap]: Initialized plugin "static_layer"
[planner_server-12] [INFO] [1773383930.022422446] [global_costmap.global_costmap]: Using plugin "obstacle_layer"
[planner_server-12] [INFO] [1773383930.027539787] [global_costmap.global_costmap]: Subscribed to Topics: scan
[planner_server-12] [INFO] [1773383930.042495744] [global_costmap.global_costmap]: Initialized plugin "obstacle_layer"
[planner_server-12] [INFO] [1773383930.042587907] [global_costmap.global_costmap]: Using plugin "inflation_layer"
[planner_server-12] [INFO] [1773383930.047235687] [global_costmap.global_costmap]: Initialized plugin "inflation_layer"
[planner_server-12] [INFO] [1773383930.047308891] [global_costmap.global_costmap]: Using costmap filter "keepout_filter"
[planner_server-12] [INFO] [1773383930.055835362] [global_costmap.global_costmap]: Initialized costmap filter "keepout_filter"
[planner_server-12] [INFO] [1773383930.055934816] [global_costmap.global_costmap]: Using costmap filter "inflation_layer2"
[planner_server-12] [INFO] [1773383930.063863107] [global_costmap.global_costmap]: Initialized costmap filter "inflation_layer2"
[planner_server-12] [INFO] [1773383930.185038155] [planner_server]: Created global planner plugin GridBased of type nav2_smac_planner::SmacPlanner2D
[planner_server-12] [INFO] [1773383930.185452594] [planner_server]: Configuring GridBased of type SmacPlanner2D
[planner_server-12] [ERROR] [1773383930.198172158] [planner_server]: Inflation layer either not found or inflation is not set sufficiently for optimized non-circular collision checking capabilities. It is HIGHLY recommended to set the inflation radius to be at MINIMUM half of the robot's largest cross-section. See github.com/ros-planning/navigation2/tree/main/nav2_smac_planner#potential-fields for full instructions. This will substantially impact run-time performance.
[planner_server-12] [INFO] [1773383930.202004476] [planner_server]: Configured plugin GridBased of type SmacPlanner2D with tolerance 0.12, maximum iterations 1000000, max on approach iterations 1000, and not allowing unknown traversal.
[planner_server-12] [INFO] [1773383930.202127262] [planner_server]: Planner Server has GridBased  planners available.
[lifecycle_manager-19] [INFO] [1773383930.255583145] [lifecycle_manager_navigation]: [34m[1mConfiguring behavior_server[0m[0m
[behavior_server-13] [INFO] [1773383930.259413714] [behavior_server]: Configuring
[behavior_server-13] [INFO] [1773383930.277544604] [behavior_server]: Creating behavior plugin wait of type nav2_behaviors::Wait
[behavior_server-13] [INFO] [1773383930.298253998] [behavior_server]: Configuring wait
[lifecycle_manager-19] [INFO] [1773383930.336704926] [lifecycle_manager_navigation]: [34m[1mConfiguring velocity_smoother[0m[0m
[velocity_smoother-16] [INFO] [1773383930.339653827] [velocity_smoother]: Configuring velocity smoother
[lifecycle_manager-19] [INFO] [1773383930.355561740] [lifecycle_manager_navigation]: [34m[1mConfiguring collision_monitor[0m[0m
[collision_monitor-17] [INFO] [1773383930.357935794] [collision_monitor]: Configuring
[joint_state_publisher-2] [INFO] [1773383930.377264795] [joint_state_publisher]: Waiting for robot_description to be published on the robot_description topic...
[collision_monitor-17] [INFO] [1773383930.379033961] [collision_monitor]: [scan]: Creating Scan
[planner_server-12] [INFO] [1773383930.379940126] [global_costmap.global_costmap]: StaticLayer: Resizing costmap to 787 X 922 at 0.050000 m/pix
[collision_monitor-17] [INFO] [1773383930.394321528] [collision_monitor]: [PolygonStop]: Creating Polygon
[collision_monitor-17] [INFO] [1773383930.395232068] [collision_monitor]: [PolygonStop]: Creating Circle
[collision_monitor-17] [INFO] [1773383930.408856048] [collision_monitor]: [PolygonSlow]: Creating Polygon
[collision_monitor-17] [INFO] [1773383930.419261055] [collision_monitor]: [FootprintApproach]: Creating Polygon
[collision_monitor-17] [INFO] [1773383930.421682940] [collision_monitor]: [FootprintApproach]: Polygon points are not defined. Using dynamic subscription instead.
[collision_monitor-17] [INFO] [1773383930.434069436] [collision_monitor]: [FootprintApproach]: Making footprint subscriber on /local_costmap/published_footprint topic
[lifecycle_manager-19] [INFO] [1773383930.459942835] [lifecycle_manager_navigation]: [34m[1mConfiguring collision_detector[0m[0m
[collision_detector-18] [INFO] [1773383930.460419687] [collision_detector]: Configuring
[collision_detector-18] [INFO] [1773383930.528516251] [collision_monitor]: [scan]: Creating Scan
[collision_detector-18] [INFO] [1773383930.537142468] [collision_monitor]: [PolygonStop]: Creating Polygon
[collision_detector-18] [INFO] [1773383930.537217714] [collision_monitor]: [PolygonStop]: Creating Circle
[collision_detector-18] [INFO] [1773383930.552557195] [collision_monitor]: [PolygonSlow]: Creating Polygon
[lifecycle_manager-19] [INFO] [1773383930.572663451] [lifecycle_manager_navigation]: [34m[1mConfiguring bt_navigator[0m[0m
[bt_navigator-14] [INFO] [1773383930.573753066] [bt_navigator]: Configuring
[bt_navigator-14] [INFO] [1773383930.591387855] [bt_navigator]: Creating navigator id navigate_to_pose of type nav2_bt_navigator::NavigateToPoseNavigator
[bt_navigator-14] [INFO] [1773383930.804987690] [bt_navigator]: Creating navigator id navigate_through_poses of type nav2_bt_navigator::NavigateThroughPosesNavigator
[lifecycle_manager-19] [INFO] [1773383930.879856142] [lifecycle_manager_navigation]: [34m[1mConfiguring waypoint_follower[0m[0m
[waypoint_follower-15] [INFO] [1773383930.881822465] [waypoint_follower]: Configuring
[waypoint_follower-15] [INFO] [1773383930.955273484] [waypoint_follower]: Created waypoint_task_executor : wait_at_waypoint of type nav2_waypoint_follower::WaitAtWaypoint
[lifecycle_manager-19] [INFO] [1773383930.960608106] [lifecycle_manager_navigation]: [34m[1mConfiguring keepout_filter_mask_server[0m[0m
[map_server-8] [INFO] [1773383930.961913252] [keepout_filter_mask_server]: Configuring
[map_server-8] [INFO] [1773383930.962244278] [map_io]: Loading yaml file: /home/smr/workspaces/mini_amr/amrROS2_ws/maps/latest_map_keepout.yaml
[map_server-8] [INFO] [1773383930.963214316] [map_io]: resolution: 0.05
[map_server-8] [INFO] [1773383930.963261855] [map_io]: origin[0]: -26.12
[map_server-8] [INFO] [1773383930.963283146] [map_io]: origin[1]: -29.258
[map_server-8] [INFO] [1773383930.963301228] [map_io]: origin[2]: 0
[map_server-8] [INFO] [1773383930.963319019] [map_io]: free_thresh: 0.196
[map_server-8] [INFO] [1773383930.963336518] [map_io]: occupied_thresh: 0.65
[map_server-8] [INFO] [1773383930.963357226] [map_io]: mode: trinary
[map_server-8] [INFO] [1773383930.963375308] [map_io]: negate: 0
[map_server-8] [INFO] [1773383930.964187561] [map_io]: Loading image_file: /home/smr/workspaces/mini_amr/amrROS2_ws/maps/latest_map_keepout.pgm
[map_server-8] [INFO] [1773383931.009905311] [map_io]: Read map /home/smr/workspaces/mini_amr/amrROS2_ws/maps/latest_map_keepout.pgm: 787 X 922 map @ 0.05 m/cell
[lifecycle_manager-19] [INFO] [1773383931.024972097] [lifecycle_manager_navigation]: [34m[1mConfiguring keepout_costmap_filter_info_server[0m[0m
[costmap_filter_info_server-9] [INFO] [1773383931.026808052] [keepout_costmap_filter_info_server]: Configuring
[lifecycle_manager-19] [INFO] [1773383931.038862355] [lifecycle_manager_navigation]: [34m[1mActivating controller_server[0m[0m
[controller_server-10] [INFO] [1773383931.039657109] [controller_server]: Activating
[controller_server-10] [INFO] [1773383931.039795061] [local_costmap.local_costmap]: Activating
[controller_server-10] [INFO] [1773383931.039879349] [local_costmap.local_costmap]: Checking transform
[controller_server-10] [INFO] [1773383931.040123171] [local_costmap.local_costmap]: start
[controller_server-10] [INFO] [1773383931.045722905] [local_costmap.local_costmap]: KeepoutFilter: Subscribing to "/keepout_costmap_filter_info" topic for filter info...
[controller_server-10] [WARN] [1773383931.143556102] [local_costmap.local_costmap]: KeepoutFilter: Filter mask was not received
[controller_server-10] [WARN] [1773383931.153451300] [controller_server]: Parameter controller_server.verbose not found
[controller_server-10] [INFO] [1773383931.155000851] [controller_server]: Optimizer reset
[controller_server-10] [INFO] [1773383931.156144422] [MPPIController]: Activated MPPI Controller: FollowPath
[controller_server-10] [INFO] [1773383931.156267208] [controller_server]: Creating bond (controller_server) to lifecycle manager.
[lifecycle_manager-19] [INFO] [1773383931.274161162] [lifecycle_manager_navigation]: Server controller_server connected with bond.
[lifecycle_manager-19] [INFO] [1773383931.274346361] [lifecycle_manager_navigation]: [34m[1mActivating smoother_server[0m[0m
[smoother_server-11] [INFO] [1773383931.276458511] [smoother_server]: Activating
[smoother_server-11] [INFO] [1773383931.276630878] [smoother_server]: Creating bond (smoother_server) to lifecycle manager.
[lifecycle_manager-19] [INFO] [1773383931.387423669] [lifecycle_manager_navigation]: Server smoother_server connected with bond.
[lifecycle_manager-19] [INFO] [1773383931.387541788] [lifecycle_manager_navigation]: [34m[1mActivating planner_server[0m[0m
[planner_server-12] [INFO] [1773383931.388175550] [planner_server]: Activating
[planner_server-12] [INFO] [1773383931.388280545] [global_costmap.global_costmap]: Activating
[planner_server-12] [INFO] [1773383931.388321960] [global_costmap.global_costmap]: Checking transform
[planner_server-12] [INFO] [1773383931.388512117] [global_costmap.global_costmap]: start
[planner_server-12] [INFO] [1773383931.389287331] [global_costmap.global_costmap]: KeepoutFilter: Subscribing to "/keepout_costmap_filter_info" topic for filter info...
[planner_server-12] [WARN] [1773383931.935720516] [global_costmap.global_costmap]: KeepoutFilter: Filter mask was not received
[planner_server-12] [INFO] [1773383931.993019217] [planner_server]: Activating plugin GridBased of type SmacPlanner2D
[planner_server-12] [INFO] [1773383931.994627974] [planner_server]: Creating bond (planner_server) to lifecycle manager.
[lifecycle_manager-19] [INFO] [1773383932.106340346] [lifecycle_manager_navigation]: Server planner_server connected with bond.
[lifecycle_manager-19] [INFO] [1773383932.106614208] [lifecycle_manager_navigation]: [34m[1mActivating behavior_server[0m[0m
[behavior_server-13] [INFO] [1773383932.108741524] [behavior_server]: Activating
[behavior_server-13] [INFO] [1773383932.108815896] [behavior_server]: Activating wait
[behavior_server-13] [INFO] [1773383932.108852644] [behavior_server]: Creating bond (behavior_server) to lifecycle manager.
[lifecycle_manager-19] [INFO] [1773383932.216156391] [lifecycle_manager_navigation]: Server behavior_server connected with bond.
[lifecycle_manager-19] [INFO] [1773383932.216290552] [lifecycle_manager_navigation]: [34m[1mActivating velocity_smoother[0m[0m
[velocity_smoother-16] [INFO] [1773383932.217486912] [velocity_smoother]: Activating
[velocity_smoother-16] [INFO] [1773383932.217760190] [velocity_smoother]: Creating bond (velocity_smoother) to lifecycle manager.
[lifecycle_manager-19] [INFO] [1773383932.323896160] [lifecycle_manager_navigation]: Server velocity_smoother connected with bond.
[lifecycle_manager-19] [INFO] [1773383932.324054528] [lifecycle_manager_navigation]: [34m[1mActivating collision_monitor[0m[0m
[collision_monitor-17] [INFO] [1773383932.328301285] [collision_monitor]: Activating
[collision_monitor-17] [INFO] [1773383932.328734681] [collision_monitor]: Creating bond (collision_monitor) to lifecycle manager.
[lifecycle_manager-19] [INFO] [1773383932.446068953] [lifecycle_manager_navigation]: Server collision_monitor connected with bond.
[lifecycle_manager-19] [INFO] [1773383932.446150033] [lifecycle_manager_navigation]: [34m[1mActivating collision_detector[0m[0m
[collision_detector-18] [INFO] [1773383932.446950620] [collision_detector]: Activating
[collision_detector-18] [INFO] [1773383932.447190067] [collision_detector]: Creating bond (collision_detector) to lifecycle manager.
[lifecycle_manager-19] [INFO] [1773383932.565755114] [lifecycle_manager_navigation]: Server collision_detector connected with bond.
[lifecycle_manager-19] [INFO] [1773383932.565832110] [lifecycle_manager_navigation]: [34m[1mActivating bt_navigator[0m[0m
[bt_navigator-14] [INFO] [1773383932.566413666] [bt_navigator]: Activating
[bt_navigator-14] [INFO] [1773383932.689934770] [bt_navigator]: Creating bond (bt_navigator) to lifecycle manager.
[lifecycle_manager-19] [INFO] [1773383932.796988863] [lifecycle_manager_navigation]: Server bt_navigator connected with bond.
[lifecycle_manager-19] [INFO] [1773383932.797074901] [lifecycle_manager_navigation]: [34m[1mActivating waypoint_follower[0m[0m
[waypoint_follower-15] [INFO] [1773383932.798322300] [waypoint_follower]: Activating
[waypoint_follower-15] [INFO] [1773383932.798414462] [waypoint_follower]: Creating bond (waypoint_follower) to lifecycle manager.
[lifecycle_manager-19] [INFO] [1773383932.904677884] [lifecycle_manager_navigation]: Server waypoint_follower connected with bond.
[lifecycle_manager-19] [INFO] [1773383932.904787546] [lifecycle_manager_navigation]: [34m[1mActivating keepout_filter_mask_server[0m[0m
[map_server-8] [INFO] [1773383932.906509464] [keepout_filter_mask_server]: Activating
[map_server-8] [INFO] [1773383932.907389089] [keepout_filter_mask_server]: Creating bond (keepout_filter_mask_server) to lifecycle manager.
[lifecycle_manager-19] [INFO] [1773383933.015045154] [lifecycle_manager_navigation]: Server keepout_filter_mask_server connected with bond.
[lifecycle_manager-19] [INFO] [1773383933.015244061] [lifecycle_manager_navigation]: [34m[1mActivating keepout_costmap_filter_info_server[0m[0m
[costmap_filter_info_server-9] [INFO] [1773383933.016189016] [keepout_costmap_filter_info_server]: Activating
[costmap_filter_info_server-9] [INFO] [1773383933.016564956] [keepout_costmap_filter_info_server]: Creating bond (keepout_costmap_filter_info_server) to lifecycle manager.
[controller_server-10] [INFO] [1773383933.016951980] [local_costmap.local_costmap]: KeepoutFilter: Received filter info from /keepout_costmap_filter_info topic.
[controller_server-10] [INFO] [1773383933.017146221] [local_costmap.local_costmap]: KeepoutFilter: Subscribing to "/keepout_filter_mask" topic for filter mask...
[planner_server-12] [INFO] [1773383933.017097515] [global_costmap.global_costmap]: KeepoutFilter: Received filter info from /keepout_costmap_filter_info topic.
[planner_server-12] [INFO] [1773383933.017350961] [global_costmap.global_costmap]: KeepoutFilter: Subscribing to "/keepout_filter_mask" topic for filter mask...
[planner_server-12] [INFO] [1773383933.045276137] [global_costmap.global_costmap]: KeepoutFilter: Received filter mask from /keepout_filter_mask topic.
[controller_server-10] [INFO] [1773383933.045846319] [local_costmap.local_costmap]: KeepoutFilter: Received filter mask from /keepout_filter_mask topic.
[lifecycle_manager-19] [INFO] [1773383933.133289091] [lifecycle_manager_navigation]: Server keepout_costmap_filter_info_server connected with bond.
[lifecycle_manager-19] [INFO] [1773383933.133431418] [lifecycle_manager_navigation]: [34m[1mManaged nodes are active[0m[0m
[lifecycle_manager-19] [INFO] [1773383933.133464958] [lifecycle_manager_navigation]: [34m[1mCreating bond timer...[0m[0m
[INFO] [delivery_robot_main_controller-20]: process started with pid [25108]
[INFO] [robot_sound-21]: process started with pid [25109]
[INFO] [call_robot_button-22]: process started with pid [25110]
[INFO] [rpc_run_node-23]: process started with pid [25111]
[INFO] [dock_coordinates-24]: process started with pid [25112]
[INFO] [autodock_action_server-25]: process started with pid [25113]
[INFO] [battery_manager_node-26]: process started with pid [25114]
[dock_coordinates-24] [INFO] [1773383933.386009197] [dock_coordinates]: begin dock_coordinates
[dock_coordinates-24] [INFO] [1773383933.389290583] [dock coordinates]: max_alignment_error: 0.010000
[dock_coordinates-24] [INFO] [1773383933.389325873] [dock coordinates]: minimum_point_cloud: 5
[dock_coordinates-24] [INFO] [1773383933.389330539] [dock coordinates]: point_cloud_split_dist: 0.050000
[dock_coordinates-24] [INFO] [1773383933.389334914] [dock coordinates]: max_dock_width: 0.380000
[dock_coordinates-24] [INFO] [1773383933.389339289] [dock coordinates]: min_dock_width: 0.310000
[dock_coordinates-24] [INFO] [1773383933.389343664] [dock coordinates]: range_limit: 1.200000
[rpc_run_node-23] [0m[INFO] [1773383934.483933995] [rpc_run_node]: RPC run node started; RPC bridge configured.[0m
[rpc_run_node-23] 2026-03-13 13:38:54,485 [INFO] RPCServer listening on localhost:6000
[battery_manager_node-26] [WARN] [1773383934.869272148] [battery_manager]: Failed to refresh SOC limits from API (HTTPConnectionPool(host='localhost', port=3000): Max retries exceeded with url: /api/param/list (Caused by NewConnectionError('<urllib3.connection.HTTPConnection object at 0xffffa4088c50>: Failed to establish a new connection: [Errno 111] Connection refused'))); using config values target=1.00, resume=0.95
[battery_manager_node-26] [INFO] [1773383934.878298512] [battery_manager]: IR state: IDLE -> CHARGING (11)
[battery_manager_node-26] [INFO] [1773383935.268386524] [battery_manager]: State change: IDLE_ON_DOCK -> CHARGING
[robot_sound-21] [0m[INFO] [1773383935.418517742] [robot_sound_node]: Obstacle sound alarm is enabled.[0m
[robot_sound-21] [0m[INFO] [1773383935.419335245] [robot_sound_node]: ✅ robot_sound_node started using .wav files[0m
[robot_sound-21] [33m[WARN] [1773383935.422903326] [robot_sound_node]: Map not available yet; skipping obstacle classification.[0m
[robot_sound-21] [33m[WARN] [1773383935.424006649] [robot_sound_node]: Failed to refresh obstacle sound setting: HTTPConnectionPool(host='localhost', port=3000): Max retries exceeded with url: /api/param/list (Caused by NewConnectionError('<urllib3.connection.HTTPConnection object at 0xffff9db5fa40>: Failed to establish a new connection: [Errno 111] Connection refused'))[0m
[robot_sound-21] [33m[WARN] [1773383935.425217883] [robot_sound_node]: ⚠️ New obstacle detected![0m
[robot_sound-21] [0m[INFO] [1773383935.472783545] [robot_sound_node]: Received map (width=787, height=922, resolution=0.050 m/cell)[0m
[robot_sound-21] Simple mixer control 'PCM',0
[robot_sound-21]   Capabilities: pvolume pswitch pswitch-joined
[robot_sound-21]   Playback channels: Front Left - Front Right
[robot_sound-21]   Limits: Playback 0 - 147
[robot_sound-21]   Mono:
[robot_sound-21]   Front Left: Playback 74 [50%] [-14.57dB] [on]
[robot_sound-21]   Front Right: Playback 74 [50%] [-14.57dB] [on]
[robot_sound-21] [0m[INFO] [1773383935.480314896] [robot_sound_node]: 🔊 Playing sound: /home/smr/workspaces/mini_amr/amrROS2_ws/sounds/robot_obstacle.wav[0m
[robot_sound-21] Playing WAVE '/home/smr/workspaces/mini_amr/amrROS2_ws/sounds/robot_obstacle.wav' : Signed 16 bit Little Endian, Rate 44100 Hz, Mono
[ekf_node-5] [ERROR] [1773383935.708502915] [ekf_filter_node]: Failed to meet update rate! Took 0.028169289999999999607seconds. Try decreasing the rate, limiting sensor output frequency, or limiting the number of sensors.
[autodock_action_server-25] [INFO] [1773383936.110528569] [autodock_action_server]: auto_dock_init_start
[delivery_robot_main_controller-20] [0m[INFO] [1773383936.165689455] [main_controller_node]: Delivery Robot Main Controller Node started.[0m
[delivery_robot_main_controller-20] [31m[ERROR] [1773383936.171097574] [main_controller_node]: Failed to update robot status: HTTPConnectionPool(host='localhost', port=3000): Max retries exceeded with url: /api/robotStatus/updaterobotstatus (Caused by NewConnectionError('<urllib3.connection.HTTPConnection object at 0xffff8045e990>: Failed to establish a new connection: [Errno 111] Connection refused'))[0m
[delivery_robot_main_controller-20] [0m[INFO] [1773383936.173979104] [main_controller_node]: Initial state: STANDBY[0m
[delivery_robot_main_controller-20] [31m[ERROR] [1773383936.178169864] [main_controller_node]: Failed to get system parameters: HTTPConnectionPool(host='localhost', port=3000): Max retries exceeded with url: /api/param/list (Caused by NewConnectionError('<urllib3.connection.HTTPConnection object at 0xffff8045f560>: Failed to establish a new connection: [Errno 111] Connection refused'))[0m
[delivery_robot_main_controller-20] [33m[WARN] [1773383936.212856136] [rcl.logging_rosout]: Publisher already registered for node name: 'main_controller_node'. If this is due to multiple nodes with the same name then all logs for the logger named 'main_controller_node' will go out over the existing publisher. As soon as any node with that name is destructed it will unregister the publisher, preventing any further logs for that name from being published on the rosout topic.[0m
[delivery_robot_main_controller-20] [33m[WARN] [1773383936.243663426] [main_controller_node]: slam_toolbox_msgs not available; initial pose service calls will be skipped.[0m
[autodock_action_server-25] [INFO] [1773383936.314133753] [autodock_action_server]: auto_dock_init_complete
[autodock_action_server-25] [INFO] [1773383936.475837756] [charge_status]: IR Charge State: CHARGING (11)
[call_robot_button-22] [31m[ERROR] [1773383937.157257794] [call_robot_button_node]: Failed to fetch pending queue: HTTPConnectionPool(host='localhost', port=3000): Max retries exceeded with url: /api/queue/list (Caused by NewConnectionError('<urllib3.connection.HTTPConnection object at 0xffff5e27c290>: Failed to establish a new connection: [Errno 111] Connection refused'))[0m
[delivery_robot_main_controller-20] [0m[INFO] [1773383937.557070386] [main_controller_node]: Waiting for Nav2 system...[0m
[INFO] [bash-27]: process started with pid [25262]
[call_robot_button-22] [31m[ERROR] [1773383939.132580216] [call_robot_button_node]: Failed to fetch pending queue: HTTPConnectionPool(host='localhost', port=3000): Max retries exceeded with url: /api/queue/list (Caused by NewConnectionError('<urllib3.connection.HTTPConnection object at 0xffff5e2fcfb0>: Failed to establish a new connection: [Errno 111] Connection refused'))[0m
[delivery_robot_main_controller-20] [0m[INFO] [1773383939.577073441] [main_controller_node]: Waiting for localization pose to be received from slam_toolbox/pose[0m
[delivery_robot_main_controller-20] [0m[INFO] [1773383939.583768623] [main_controller_node]: Acquired localization pose from TF map->base_link[0m
[bash-27] Traceback (most recent call last):
[bash-27]   File "/home/smr/workspaces/mini_amr/amrROS2_UI/env/lib/python3.12/site-packages/urllib3/connection.py", line 198, in _new_conn
[bash-27]     sock = connection.create_connection(
[bash-27]            ^^^^^^^^^^^^^^^^^^^^^^^^^^^^^
[bash-27]   File "/home/smr/workspaces/mini_amr/amrROS2_UI/env/lib/python3.12/site-packages/urllib3/util/connection.py", line 85, in create_connection
[bash-27]     raise err
[bash-27]   File "/home/smr/workspaces/mini_amr/amrROS2_UI/env/lib/python3.12/site-packages/urllib3/util/connection.py", line 73, in create_connection
[bash-27]     sock.connect(sa)
[bash-27] ConnectionRefusedError: [Errno 111] Connection refused
[bash-27] 
[bash-27] The above exception was the direct cause of the following exception:
[bash-27] 
[bash-27] Traceback (most recent call last):
[bash-27]   File "/home/smr/workspaces/mini_amr/amrROS2_UI/env/lib/python3.12/site-packages/urllib3/connectionpool.py", line 787, in urlopen
[bash-27]     response = self._make_request(
[bash-27]                ^^^^^^^^^^^^^^^^^^^
[bash-27]   File "/home/smr/workspaces/mini_amr/amrROS2_UI/env/lib/python3.12/site-packages/urllib3/connectionpool.py", line 493, in _make_request
[bash-27]     conn.request(
[bash-27]   File "/home/smr/workspaces/mini_amr/amrROS2_UI/env/lib/python3.12/site-packages/urllib3/connection.py", line 494, in request
[bash-27]     self.endheaders()
[bash-27]   File "/usr/lib/python3.12/http/client.py", line 1331, in endheaders
[bash-27]     self._send_output(message_body, encode_chunked=encode_chunked)
[bash-27]   File "/usr/lib/python3.12/http/client.py", line 1091, in _send_output
[bash-27]     self.send(msg)
[bash-27]   File "/usr/lib/python3.12/http/client.py", line 1035, in send
[bash-27]     self.connect()
[bash-27]   File "/home/smr/workspaces/mini_amr/amrROS2_UI/env/lib/python3.12/site-packages/urllib3/connection.py", line 325, in connect
[bash-27]     self.sock = self._new_conn()
[bash-27]                 ^^^^^^^^^^^^^^^^
[bash-27]   File "/home/smr/workspaces/mini_amr/amrROS2_UI/env/lib/python3.12/site-packages/urllib3/connection.py", line 213, in _new_conn
[bash-27]     raise NewConnectionError(
[bash-27] urllib3.exceptions.NewConnectionError: <urllib3.connection.HTTPConnection object at 0xffff81cde000>: Failed to establish a new connection: [Errno 111] Connection refused
[bash-27] 
[bash-27] The above exception was the direct cause of the following exception:
[bash-27] 
[bash-27] Traceback (most recent call last):
[bash-27]   File "/home/smr/workspaces/mini_amr/amrROS2_UI/env/lib/python3.12/site-packages/requests/adapters.py", line 644, in send
[bash-27]     resp = conn.urlopen(
[bash-27]            ^^^^^^^^^^^^^
[bash-27]   File "/home/smr/workspaces/mini_amr/amrROS2_UI/env/lib/python3.12/site-packages/urllib3/connectionpool.py", line 841, in urlopen
[bash-27]     retries = retries.increment(
[bash-27]               ^^^^^^^^^^^^^^^^^^
[bash-27]   File "/home/smr/workspaces/mini_amr/amrROS2_UI/env/lib/python3.12/site-packages/urllib3/util/retry.py", line 519, in increment
[bash-27]     raise MaxRetryError(_pool, url, reason) from reason  # type: ignore[arg-type]
[bash-27]     ^^^^^^^^^^^^^^^^^^^^^^^^^^^^^^^^^^^^^^^^^^^^^^^^^^^
[bash-27] urllib3.exceptions.MaxRetryError: HTTPConnectionPool(host='localhost', port=3000): Max retries exceeded with url: /api/robotStatus/updaterobotstatus (Caused by NewConnectionError('<urllib3.connection.HTTPConnection object at 0xffff81cde000>: Failed to establish a new connection: [Errno 111] Connection refused'))
[bash-27] 
[bash-27] During handling of the above exception, another exception occurred:
[bash-27] 
[bash-27] Traceback (most recent call last):
[bash-27]   File "/home/smr/workspaces/mini_amr/amrROS2_UI/ICEAMR/main.py", line 1622, in <module>
[bash-27]     window = MainWindow()
[bash-27]              ^^^^^^^^^^^^
[bash-27]   File "/home/smr/workspaces/mini_amr/amrROS2_UI/ICEAMR/main.py", line 119, in __init__
[bash-27]     update_robot_status("STANDBY")
[bash-27]   File "/home/smr/workspaces/mini_amr/amrROS2_ws/src/delivery_robot_main_controller/delivery_robot_main_controller/api_client.py", line 223, in update_robot_status
[bash-27]     response = requests.post(url, json=payload, timeout=3)
[bash-27]                ^^^^^^^^^^^^^^^^^^^^^^^^^^^^^^^^^^^^^^^^^^^
[bash-27]   File "/home/smr/workspaces/mini_amr/amrROS2_UI/env/lib/python3.12/site-packages/requests/api.py", line 115, in post
[bash-27]     return request("post", url, data=data, json=json, **kwargs)
[bash-27]            ^^^^^^^^^^^^^^^^^^^^^^^^^^^^^^^^^^^^^^^^^^^^^^^^^^^^
[bash-27]   File "/home/smr/workspaces/mini_amr/amrROS2_UI/env/lib/python3.12/site-packages/requests/api.py", line 59, in request
[bash-27]     return session.request(method=method, url=url, **kwargs)
[bash-27]            ^^^^^^^^^^^^^^^^^^^^^^^^^^^^^^^^^^^^^^^^^^^^^^^^^
[bash-27]   File "/home/smr/workspaces/mini_amr/amrROS2_UI/env/lib/python3.12/site-packages/requests/sessions.py", line 589, in request
[bash-27]     resp = self.send(prep, **send_kwargs)
[bash-27]            ^^^^^^^^^^^^^^^^^^^^^^^^^^^^^^
[bash-27]   File "/home/smr/workspaces/mini_amr/amrROS2_UI/env/lib/python3.12/site-packages/requests/sessions.py", line 703, in send
[bash-27]     r = adapter.send(request, **kwargs)
[bash-27]         ^^^^^^^^^^^^^^^^^^^^^^^^^^^^^^^
[bash-27]   File "/home/smr/workspaces/mini_amr/amrROS2_UI/env/lib/python3.12/site-packages/requests/adapters.py", line 677, in send
[bash-27]     raise ConnectionError(e, request=request)
[bash-27] requests.exceptions.ConnectionError: HTTPConnectionPool(host='localhost', port=3000): Max retries exceeded with url: /api/robotStatus/updaterobotstatus (Caused by NewConnectionError('<urllib3.connection.HTTPConnection object at 0xffff81cde000>: Failed to establish a new connection: [Errno 111] Connection refused'))
[ERROR] [bash-27]: process has died [pid 25262, exit code 1, cmd '/bin/bash -c cd /home/smr/workspaces/mini_amr/amrROS2_UI/ICEAMR && source ../env/bin/activate && python main.py'].
[INFO] [battery_manager_node-26]: sending signal 'SIGINT' to process[battery_manager_node-26]
[INFO] [autodock_action_server-25]: sending signal 'SIGINT' to process[autodock_action_server-25]
[INFO] [dock_coordinates-24]: sending signal 'SIGINT' to process[dock_coordinates-24]
[INFO] [rpc_run_node-23]: sending signal 'SIGINT' to process[rpc_run_node-23]
[INFO] [call_robot_button-22]: sending signal 'SIGINT' to process[call_robot_button-22]
[INFO] [robot_sound-21]: sending signal 'SIGINT' to process[robot_sound-21]
[INFO] [dock_coordinates-24]: process has finished cleanly [pid 25112]
[INFO] [delivery_robot_main_controller-20]: sending signal 'SIGINT' to process[delivery_robot_main_controller-20]
[INFO] [lifecycle_manager-19]: sending signal 'SIGINT' to process[lifecycle_manager-19]
[INFO] [collision_detector-18]: sending signal 'SIGINT' to process[collision_detector-18]
[INFO] [collision_monitor-17]: sending signal 'SIGINT' to process[collision_monitor-17]
[INFO] [velocity_smoother-16]: sending signal 'SIGINT' to process[velocity_smoother-16]
[INFO] [waypoint_follower-15]: sending signal 'SIGINT' to process[waypoint_follower-15]
[INFO] [bt_navigator-14]: sending signal 'SIGINT' to process[bt_navigator-14]
[INFO] [behavior_server-13]: sending signal 'SIGINT' to process[behavior_server-13]
[INFO] [planner_server-12]: sending signal 'SIGINT' to process[planner_server-12]
[INFO] [smoother_server-11]: sending signal 'SIGINT' to process[smoother_server-11]
[INFO] [controller_server-10]: sending signal 'SIGINT' to process[controller_server-10]
[INFO] [costmap_filter_info_server-9]: sending signal 'SIGINT' to process[costmap_filter_info_server-9]
[INFO] [map_server-8]: sending signal 'SIGINT' to process[map_server-8]
[INFO] [taskset-7]: sending signal 'SIGINT' to process[taskset-7]
[INFO] [robot_hardware-6]: sending signal 'SIGINT' to process[robot_hardware-6]
[INFO] [ekf_node-5]: sending signal 'SIGINT' to process[ekf_node-5]
[INFO] [scan_to_scan_filter_chain-4]: sending signal 'SIGINT' to process[scan_to_scan_filter_chain-4]
[INFO] [rplidar_node-3]: sending signal 'SIGINT' to process[rplidar_node-3]
[INFO] [joint_state_publisher-2]: sending signal 'SIGINT' to process[joint_state_publisher-2]
[INFO] [robot_state_publisher-1]: sending signal 'SIGINT' to process[robot_state_publisher-1]
[call_robot_button-22] [31m[ERROR] [1773383941.132388061] [call_robot_button_node]: Failed to fetch pending queue: HTTPConnectionPool(host='localhost', port=3000): Max retries exceeded with url: /api/queue/list (Caused by NewConnectionError('<urllib3.connection.HTTPConnection object at 0xffff5e2fd8b0>: Failed to establish a new connection: [Errno 111] Connection refused'))[0m
[battery_manager_node-26] Traceback (most recent call last):
[battery_manager_node-26]   File "/home/smr/workspaces/mini_amr/amrROS2_ws/install/battery_management/lib/battery_management/battery_manager_node", line 33, in <module>
[battery_manager_node-26]     sys.exit(load_entry_point('battery-management==0.0.0', 'console_scripts', 'battery_manager_node')())
[battery_manager_node-26]              ^^^^^^^^^^^^^^^^^^^^^^^^^^^^^^^^^^^^^^^^^^^^^^^^^^^^^^^^^^^^^^^^^^^^^^^^^^^^^^^^^^^^^^^^^^
[battery_manager_node-26]   File "/home/smr/workspaces/mini_amr/amrROS2_ws/install/battery_management/lib/python3.12/site-packages/battery_management/battery_manager_node.py", line 311, in main
[battery_manager_node-26]     rclpy.spin(node)
[battery_manager_node-26]   File "/opt/ros/jazzy/lib/python3.12/site-packages/rclpy/__init__.py", line 247, in spin
[battery_manager_node-26]     executor.spin_once()
[battery_manager_node-26]   File "/opt/ros/jazzy/lib/python3.12/site-packages/rclpy/executors.py", line 845, in spin_once
[battery_manager_node-26]     self._spin_once_impl(timeout_sec)
[battery_manager_node-26]   File "/opt/ros/jazzy/lib/python3.12/site-packages/rclpy/executors.py", line 829, in _spin_once_impl
[battery_manager_node-26]     handler, entity, node = self.wait_for_ready_callbacks(
[battery_manager_node-26]                             ^^^^^^^^^^^^^^^^^^^^^^^^^^^^^^
[battery_manager_node-26]   File "/opt/ros/jazzy/lib/python3.12/site-packages/rclpy/executors.py", line 799, in wait_for_ready_callbacks
[battery_manager_node-26]     return next(self._cb_iter)
[battery_manager_node-26]            ^^^^^^^^^^^^^^^^^^^
[battery_manager_node-26]   File "/opt/ros/jazzy/lib/python3.12/site-packages/rclpy/executors.py", line 703, in _wait_for_ready_callbacks
[battery_manager_node-26]     wait_set.wait(timeout_nsec)
[battery_manager_node-26] KeyboardInterrupt
[dock_coordinates-24] [INFO] [1773383941.251012605] [rclcpp]: signal_handler(signum=2)
[rpc_run_node-23] [0m[INFO] [1773383941.266417125] [rpc_run_node]: RPC run node stopped by user.[0m
[rpc_run_node-23] Failed to publish log message to rosout: publisher's context is invalid, at ./src/rcl/publisher.c:423
[rpc_run_node-23] 2026-03-13 13:39:01,268 [INFO] RPCServer stopped.
[call_robot_button-22] [0m[INFO] [1773383941.273304507] [call_robot_button_node]: CallRobotButton interrupted by user.[0m
[call_robot_button-22] Failed to publish log message to rosout: publisher's context is invalid, at ./src/rcl/publisher.c:423
[robot_sound-21] [0m[INFO] [1773383941.306424021] [robot_sound_node]: 🔚 robot_sound_node stopped by user.[0m
[robot_sound-21] Failed to publish log message to rosout: publisher's context is invalid, at ./src/rcl/publisher.c:423
[delivery_robot_main_controller-20] Traceback (most recent call last):
[delivery_robot_main_controller-20]   File "/home/smr/workspaces/mini_amr/amrROS2_ws/install/delivery_robot_main_controller/lib/delivery_robot_main_controller/delivery_robot_main_controller", line 33, in <module>
[delivery_robot_main_controller-20]     sys.exit(load_entry_point('delivery-robot-main-controller==0.0.1', 'console_scripts', 'delivery_robot_main_controller')())
[delivery_robot_main_controller-20]              ^^^^^^^^^^^^^^^^^^^^^^^^^^^^^^^^^^^^^^^^^^^^^^^^^^^^^^^^^^^^^^^^^^^^^^^^^^^^^^^^^^^^^^^^^^^^^^^^^^^^^^^^^^^^^^^^
[delivery_robot_main_controller-20]   File "/home/smr/workspaces/mini_amr/amrROS2_ws/install/delivery_robot_main_controller/lib/python3.12/site-packages/delivery_robot_main_controller/main_controller_node.py", line 1701, in main
[delivery_robot_main_controller-20]     node = DeliveryRobotMainController()
[delivery_robot_main_controller-20]            ^^^^^^^^^^^^^^^^^^^^^^^^^^^^^
[delivery_robot_main_controller-20]   File "/home/smr/workspaces/mini_amr/amrROS2_ws/install/delivery_robot_main_controller/lib/python3.12/site-packages/delivery_robot_main_controller/main_controller_node.py", line 170, in __init__
[delivery_robot_main_controller-20]     self.navigator.waitUntilNav2Active()
[delivery_robot_main_controller-20]   File "/home/smr/workspaces/mini_amr/amrROS2_ws/install/delivery_robot_main_controller/lib/python3.12/site-packages/delivery_robot_main_controller/robot_navigator.py", line 260, in waitUntilNav2Active
[delivery_robot_main_controller-20]     self._waitForNodeToActivate('bt_navigator')
[delivery_robot_main_controller-20]   File "/home/smr/workspaces/mini_amr/amrROS2_ws/install/delivery_robot_main_controller/lib/python3.12/site-packages/delivery_robot_main_controller/robot_navigator.py", line 430, in _waitForNodeToActivate
[delivery_robot_main_controller-20]     time.sleep(2)
[delivery_robot_main_controller-20] KeyboardInterrupt
[lifecycle_manager-19] [INFO] [1773383941.447220014] [rclcpp]: signal_handler(signum=2)
[lifecycle_manager-19] [INFO] [1773383941.447423005] [lifecycle_manager_navigation]: Running Nav2 LifecycleManager rcl preshutdown (lifecycle_manager_navigation)
[lifecycle_manager-19] [INFO] [1773383941.447868942] [lifecycle_manager_navigation]: [34m[1mTerminating bond timer...[0m[0m
[collision_detector-18] [INFO] [1773383941.485183590] [rclcpp]: signal_handler(signum=2)
[collision_detector-18] [INFO] [1773383941.485502367] [collision_detector]: Running Nav2 LifecycleNode rcl preshutdown (collision_detector)
[collision_detector-18] [INFO] [1773383941.485829893] [collision_detector]: Deactivating
[collision_detector-18] [INFO] [1773383941.485954720] [collision_detector]: Destroying bond (collision_detector) to lifecycle manager.
[collision_detector-18] [WARN] [1773383941.490428966] [LifecyclePublisher]: Trying to publish message on the topic '/collision_detector/collision_points_marker', but the publisher is not activated
[collision_detector-18] [WARN] [1773383941.490594625] [LifecyclePublisher]: Trying to publish message on the topic '/collision_detector_state', but the publisher is not activated
[collision_detector-18] [WARN] [1773383941.490618541] [LifecyclePublisher]: Trying to publish message on the topic '/polygon_stop_detector', but the publisher is not activated
[collision_detector-18] [WARN] [1773383941.490635457] [LifecyclePublisher]: Trying to publish message on the topic '/polygon_slowdown_detector', but the publisher is not activated
[collision_detector-18] [INFO] [1773383941.513012521] [collision_detector]: Cleaning up
[collision_detector-18] [INFO] [1773383941.513197137] [collision_monitor]: [PolygonStop]: Destroying Circle
[collision_detector-18] [INFO] [1773383941.513221928] [collision_monitor]: [PolygonStop]: Destroying Polygon
[collision_detector-18] [INFO] [1773383941.513244677] [collision_monitor]: [PolygonSlow]: Destroying Polygon
[collision_detector-18] [INFO] [1773383941.513265093] [collision_monitor]: [scan]: Destroying Scan
[collision_detector-18] [INFO] [1773383941.536232754] [collision_detector]: Destroying bond (collision_detector) to lifecycle manager.
[collision_monitor-17] [INFO] [1773383941.539793252] [rclcpp]: signal_handler(signum=2)
[collision_monitor-17] [INFO] [1773383941.539924787] [collision_monitor]: Running Nav2 LifecycleNode rcl preshutdown (collision_monitor)
[collision_monitor-17] [INFO] [1773383941.540174442] [collision_monitor]: Deactivating
[collision_monitor-17] [INFO] [1773383941.540266604] [collision_monitor]: Destroying bond (collision_monitor) to lifecycle manager.
[velocity_smoother-16] [INFO] [1773383941.566835012] [rclcpp]: signal_handler(signum=2)
[velocity_smoother-16] [INFO] [1773383941.567025753] [velocity_smoother]: Running Nav2 LifecycleNode rcl preshutdown (velocity_smoother)
[velocity_smoother-16] [INFO] [1773383941.567155247] [velocity_smoother]: Deactivating
[velocity_smoother-16] [INFO] [1773383941.567200161] [velocity_smoother]: Destroying bond (velocity_smoother) to lifecycle manager.
[velocity_smoother-16] [INFO] [1773383941.577605751] [velocity_smoother]: Cleaning up
[velocity_smoother-16] [INFO] [1773383941.577729121] [velocity_smoother]: Destroying bond (velocity_smoother) to lifecycle manager.
[collision_monitor-17] [INFO] [1773383941.571533831] [collision_monitor]: Cleaning up
[collision_monitor-17] [INFO] [1773383941.571629493] [collision_monitor]: [PolygonStop]: Destroying Circle
[collision_monitor-17] [INFO] [1773383941.571663616] [collision_monitor]: [PolygonStop]: Destroying Polygon
[collision_monitor-17] [INFO] [1773383941.571702406] [collision_monitor]: [PolygonSlow]: Destroying Polygon
[collision_monitor-17] [INFO] [1773383941.571727780] [collision_monitor]: [FootprintApproach]: Destroying Polygon
[collision_monitor-17] [INFO] [1773383941.571768611] [collision_monitor]: [scan]: Destroying Scan
[waypoint_follower-15] [INFO] [1773383941.592807864] [rclcpp]: signal_handler(signum=2)
[waypoint_follower-15] [INFO] [1773383941.593135099] [waypoint_follower]: Running Nav2 LifecycleNode rcl preshutdown (waypoint_follower)
[waypoint_follower-15] [INFO] [1773383941.593460292] [waypoint_follower]: Deactivating
[waypoint_follower-15] [INFO] [1773383941.593622159] [waypoint_follower]: Destroying bond (waypoint_follower) to lifecycle manager.
[collision_monitor-17] [INFO] [1773383941.602634815] [collision_monitor]: Destroying bond (collision_monitor) to lifecycle manager.
[ekf_node-5] [ERROR] [1773383941.624316579] [ekf_filter_node]: Failed to meet update rate! Took 0.048622319999999996654seconds. Try decreasing the rate, limiting sensor output frequency, or limiting the number of sensors.
[waypoint_follower-15] [INFO] [1773383941.634551553] [waypoint_follower]: Cleaning up
[bt_navigator-14] [INFO] [1773383941.635164898] [rclcpp]: signal_handler(signum=2)
[bt_navigator-14] [INFO] [1773383941.635330266] [bt_navigator]: Running Nav2 LifecycleNode rcl preshutdown (bt_navigator)
[bt_navigator-14] [INFO] [1773383941.635490675] [bt_navigator]: Deactivating
[bt_navigator-14] [INFO] [1773383941.635549005] [bt_navigator]: Destroying bond (bt_navigator) to lifecycle manager.
[behavior_server-13] [INFO] [1773383941.681197925] [rclcpp]: signal_handler(signum=2)
[behavior_server-13] [INFO] [1773383941.681448455] [behavior_server]: Running Nav2 LifecycleNode rcl preshutdown (behavior_server)
[behavior_server-13] [INFO] [1773383941.681720567] [behavior_server]: Deactivating
[behavior_server-13] [INFO] [1773383941.681852977] [behavior_server]: Destroying bond (behavior_server) to lifecycle manager.
[bt_navigator-14] [INFO] [1773383941.681845103] [bt_navigator]: Cleaning up
[behavior_server-13] [INFO] [1773383941.713980580] [behavior_server]: Cleaning up
[behavior_server-13] [INFO] [1773383941.721786376] [behavior_server]: Destroying bond (behavior_server) to lifecycle manager.
[collision_detector-18] [INFO] [1773383941.717125472] [collision_detector]: Destroying
[planner_server-12] [INFO] [1773383941.725007099] [rclcpp]: signal_handler(signum=2)
[planner_server-12] [INFO] [1773383941.725202506] [planner_server]: Running Nav2 LifecycleNode rcl preshutdown (planner_server)
[planner_server-12] [INFO] [1773383941.725580197] [planner_server]: Deactivating
[planner_server-12] [INFO] [1773383941.726001927] [global_costmap.global_costmap]: Deactivating
[collision_monitor-17] [INFO] [1773383941.755257915] [collision_monitor]: Destroying
[velocity_smoother-16] [INFO] [1773383941.771369401] [velocity_smoother]: Destroying
[smoother_server-11] [INFO] [1773383941.794640090] [rclcpp]: signal_handler(signum=2)
[smoother_server-11] [INFO] [1773383941.794829665] [smoother_server]: Running Nav2 LifecycleNode rcl preshutdown (smoother_server)
[smoother_server-11] [INFO] [1773383941.794965866] [smoother_server]: Deactivating
[smoother_server-11] [INFO] [1773383941.795018072] [smoother_server]: Destroying bond (smoother_server) to lifecycle manager.
[waypoint_follower-15] [INFO] [1773383941.798898222] [waypoint_follower]: Destroying bond (waypoint_follower) to lifecycle manager.
[smoother_server-11] [INFO] [1773383941.825962439] [smoother_server]: Cleaning up
[controller_server-10] [INFO] [1773383941.855118682] [rclcpp]: signal_handler(signum=2)
[controller_server-10] [INFO] [1773383941.855290466] [controller_server]: Running Nav2 LifecycleNode rcl preshutdown (controller_server)
[controller_server-10] [INFO] [1773383941.855443583] [controller_server]: Deactivating
[controller_server-10] [INFO] [1773383941.855500164] [MPPIController]: Deactivated MPPI Controller: FollowPath
[controller_server-10] [INFO] [1773383941.855521455] [local_costmap.local_costmap]: Deactivating
[costmap_filter_info_server-9] [INFO] [1773383941.859123367] [rclcpp]: signal_handler(signum=2)
[costmap_filter_info_server-9] [INFO] [1773383941.859445060] [keepout_costmap_filter_info_server]: Running Nav2 LifecycleNode rcl preshutdown (keepout_costmap_filter_info_server)
[costmap_filter_info_server-9] [INFO] [1773383941.859706673] [keepout_costmap_filter_info_server]: Deactivating
[costmap_filter_info_server-9] [INFO] [1773383941.859812835] [keepout_costmap_filter_info_server]: Destroying bond (keepout_costmap_filter_info_server) to lifecycle manager.
[costmap_filter_info_server-9] [INFO] [1773383941.870615364] [keepout_costmap_filter_info_server]: Cleaning up
[costmap_filter_info_server-9] [INFO] [1773383941.870797356] [keepout_costmap_filter_info_server]: Destroying bond (keepout_costmap_filter_info_server) to lifecycle manager.
[waypoint_follower-15] [INFO] [1773383941.866567515] [waypoint_follower]: Destroying
[smoother_server-11] [INFO] [1773383941.877832022] [smoother_server]: Destroying bond (smoother_server) to lifecycle manager.
[map_server-8] [INFO] [1773383941.937496903] [rclcpp]: signal_handler(signum=2)
[map_server-8] [INFO] [1773383941.937836095] [keepout_filter_mask_server]: Running Nav2 LifecycleNode rcl preshutdown (keepout_filter_mask_server)
[map_server-8] [INFO] [1773383941.938118707] [keepout_filter_mask_server]: Deactivating
[map_server-8] [INFO] [1773383941.938218744] [keepout_filter_mask_server]: Destroying bond (keepout_filter_mask_server) to lifecycle manager.
[map_server-8] [INFO] [1773383941.959003967] [keepout_filter_mask_server]: Cleaning up
[map_server-8] [INFO] [1773383941.959227956] [keepout_filter_mask_server]: Destroying bond (keepout_filter_mask_server) to lifecycle manager.
[controller_server-10] [INFO] [1773383941.952891798] [controller_server]: Destroying bond (controller_server) to lifecycle manager.
[controller_server-10] [INFO] [1773383941.966214792] [controller_server]: Cleaning up
[controller_server-10] [INFO] [1773383941.966402033] [MPPIController]: Cleaned up MPPI Controller: FollowPath
[controller_server-10] [INFO] [1773383941.966551651] [local_costmap.local_costmap]: Cleaning up
[planner_server-12] [INFO] [1773383941.992396468] [planner_server]: Deactivating plugin GridBased of type SmacPlanner2D
[planner_server-12] [INFO] [1773383941.992582834] [planner_server]: Destroying bond (planner_server) to lifecycle manager.
[planner_server-12] [INFO] [1773383942.003019631] [planner_server]: Cleaning up
[behavior_server-13] [INFO] [1773383941.999690997] [behavior_server]: Destroying
[autodock_action_server-25] Traceback (most recent call last):
[autodock_action_server-25]   File "/home/smr/workspaces/mini_amr/amrROS2_ws/install/action_autodock/lib/python3.12/site-packages/action_autodock/autodock_action_server.py", line 1409, in main
[autodock_action_server-25]     executor.spin()
[autodock_action_server-25]   File "/opt/ros/jazzy/lib/python3.12/site-packages/rclpy/executors.py", line 312, in spin
[autodock_action_server-25]     self.spin_once()
[autodock_action_server-25]   File "/opt/ros/jazzy/lib/python3.12/site-packages/rclpy/executors.py", line 917, in spin_once
[autodock_action_server-25]     self._spin_once_impl(timeout_sec)
[autodock_action_server-25]   File "/opt/ros/jazzy/lib/python3.12/site-packages/rclpy/executors.py", line 896, in _spin_once_impl
[autodock_action_server-25]     handler, entity, node = self.wait_for_ready_callbacks(
[autodock_action_server-25]                             ^^^^^^^^^^^^^^^^^^^^^^^^^^^^^^
[autodock_action_server-25]   File "/opt/ros/jazzy/lib/python3.12/site-packages/rclpy/executors.py", line 799, in wait_for_ready_callbacks
[autodock_action_server-25]     return next(self._cb_iter)
[autodock_action_server-25]            ^^^^^^^^^^^^^^^^^^^
[autodock_action_server-25]   File "/opt/ros/jazzy/lib/python3.12/site-packages/rclpy/executors.py", line 703, in _wait_for_ready_callbacks
[autodock_action_server-25]     wait_set.wait(timeout_nsec)
[autodock_action_server-25] KeyboardInterrupt
[autodock_action_server-25] 
[autodock_action_server-25] During handling of the above exception, another exception occurred:
[autodock_action_server-25] 
[autodock_action_server-25] Traceback (most recent call last):
[autodock_action_server-25]   File "/home/smr/workspaces/mini_amr/amrROS2_ws/install/action_autodock/lib/action_autodock/autodock_action_server", line 33, in <module>
[autodock_action_server-25]     sys.exit(load_entry_point('action-autodock==0.0.0', 'console_scripts', 'autodock_action_server')())
[autodock_action_server-25]              ^^^^^^^^^^^^^^^^^^^^^^^^^^^^^^^^^^^^^^^^^^^^^^^^^^^^^^^^^^^^^^^^^^^^^^^^^^^^^^^^^^^^^^^^^
[autodock_action_server-25]   File "/home/smr/workspaces/mini_amr/amrROS2_ws/install/action_autodock/lib/python3.12/site-packages/action_autodock/autodock_action_server.py", line 1420, in main
[autodock_action_server-25]     rclpy.shutdown()   
[autodock_action_server-25]     ^^^^^^^^^^^^^^^^
[autodock_action_server-25]   File "/opt/ros/jazzy/lib/python3.12/site-packages/rclpy/__init__.py", line 134, in shutdown
[autodock_action_server-25]     _shutdown(context=context)
[autodock_action_server-25]   File "/opt/ros/jazzy/lib/python3.12/site-packages/rclpy/utilities.py", line 82, in shutdown
[autodock_action_server-25]     context.shutdown()
[autodock_action_server-25]   File "/opt/ros/jazzy/lib/python3.12/site-packages/rclpy/context.py", line 129, in shutdown
[autodock_action_server-25]     self.__context.shutdown()
[autodock_action_server-25] rclpy._rclpy_pybind11.RCLError: failed to shutdown: rcl_shutdown already called on the given context, at ./src/rcl/init.c:333
[taskset-7] [INFO] [1773383942.016409705] [rclcpp]: signal_handler(signum=2)
[taskset-7] Unregistering sensor: Custom Described Lidar
[smoother_server-11] [INFO] [1773383942.042115695] [smoother_server]: Destroying
[robot_hardware-6] [INFO] [1773383942.064202856] [rclcpp]: signal_handler(signum=2)
[costmap_filter_info_server-9] [INFO] [1773383942.090503818] [keepout_costmap_filter_info_server]: Destroying
[ekf_node-5] [INFO] [1773383942.095735487] [rclcpp]: signal_handler(signum=2)
[scan_to_scan_filter_chain-4] [INFO] [1773383942.126547151] [rclcpp]: signal_handler(signum=2)
[map_server-8] [INFO] [1773383942.178640724] [keepout_filter_mask_server]: Destroying
[planner_server-12] [INFO] [1773383942.195559797] [global_costmap.global_costmap]: Cleaning up
[lifecycle_manager-19] [INFO] [1773383942.233220346] [lifecycle_manager_navigation]: Destroying lifecycle_manager_navigation
[robot_state_publisher-1] [INFO] [1773383942.238403600] [rclcpp]: signal_handler(signum=2)
[controller_server-10] [INFO] [1773383942.329197755] [controller_server]: Destroying bond (controller_server) to lifecycle manager.
[rplidar_node-3] [INFO] [1773383942.363645164] [rplidar_node]: Stop motor
[controller_server-10] [INFO] [1773383942.453590026] [local_costmap.local_costmap]: Destroying
[planner_server-12] [INFO] [1773383942.469936002] [planner_server]: Cleaning up plugin GridBased of type SmacPlanner2D
[planner_server-12] [INFO] [1773383942.472229559] [planner_server]: Destroying plugin GridBased of type SmacPlanner2D
[controller_server-10] [INFO] [1773383942.539715403] [controller_server]: Destroying
[planner_server-12] [INFO] [1773383942.557506518] [planner_server]: Destroying bond (planner_server) to lifecycle manager.
[planner_server-12] [INFO] [1773383942.623774127] [global_costmap.global_costmap]: Destroying
[robot_sound-21] Traceback (most recent call last):
[robot_sound-21]   File "/home/smr/workspaces/mini_amr/amrROS2_ws/install/delivery_robot_main_controller/lib/delivery_robot_main_controller/robot_sound", line 33, in <module>
[robot_sound-21]     sys.exit(load_entry_point('delivery-robot-main-controller==0.0.1', 'console_scripts', 'robot_sound')())
[robot_sound-21]              ^^^^^^^^^^^^^^^^^^^^^^^^^^^^^^^^^^^^^^^^^^^^^^^^^^^^^^^^^^^^^^^^^^^^^^^^^^^^^^^^^^^^^^^^^^^^^
[robot_sound-21]   File "/home/smr/workspaces/mini_amr/amrROS2_ws/install/delivery_robot_main_controller/lib/python3.12/site-packages/delivery_robot_main_controller/robot_sound.py", line 369, in main
[robot_sound-21]     rclpy.shutdown()
[robot_sound-21]   File "/opt/ros/jazzy/lib/python3.12/site-packages/rclpy/__init__.py", line 134, in shutdown
[robot_sound-21]     _shutdown(context=context)
[robot_sound-21]   File "/opt/ros/jazzy/lib/python3.12/site-packages/rclpy/utilities.py", line 82, in shutdown
[robot_sound-21]     context.shutdown()
[robot_sound-21]   File "/opt/ros/jazzy/lib/python3.12/site-packages/rclpy/context.py", line 129, in shutdown
[robot_sound-21]     self.__context.shutdown()
[robot_sound-21] rclpy._rclpy_pybind11.RCLError: failed to shutdown: rcl_shutdown already called on the given context, at ./src/rcl/init.c:333
[rpc_run_node-23] Traceback (most recent call last):
[rpc_run_node-23]   File "/home/smr/workspaces/mini_amr/amrROS2_ws/install/delivery_robot_main_controller/lib/delivery_robot_main_controller/rpc_run_node", line 33, in <module>
[rpc_run_node-23]     sys.exit(load_entry_point('delivery-robot-main-controller==0.0.1', 'console_scripts', 'rpc_run_node')())
[rpc_run_node-23]              ^^^^^^^^^^^^^^^^^^^^^^^^^^^^^^^^^^^^^^^^^^^^^^^^^^^^^^^^^^^^^^^^^^^^^^^^^^^^^^^^^^^^^^^^^^^^^^
[rpc_run_node-23]   File "/home/smr/workspaces/mini_amr/amrROS2_ws/install/delivery_robot_main_controller/lib/python3.12/site-packages/delivery_robot_main_controller/rpc_run_node.py", line 57, in main
[rpc_run_node-23]     rclpy.shutdown()
[rpc_run_node-23]   File "/opt/ros/jazzy/lib/python3.12/site-packages/rclpy/__init__.py", line 134, in shutdown
[rpc_run_node-23]     _shutdown(context=context)
[rpc_run_node-23]   File "/opt/ros/jazzy/lib/python3.12/site-packages/rclpy/utilities.py", line 82, in shutdown
[rpc_run_node-23]     context.shutdown()
[rpc_run_node-23]   File "/opt/ros/jazzy/lib/python3.12/site-packages/rclpy/context.py", line 129, in shutdown
[rpc_run_node-23]     self.__context.shutdown()
[rpc_run_node-23] rclpy._rclpy_pybind11.RCLError: failed to shutdown: rcl_shutdown already called on the given context, at ./src/rcl/init.c:333
[call_robot_button-22] Traceback (most recent call last):
[call_robot_button-22]   File "/home/smr/workspaces/mini_amr/amrROS2_ws/install/delivery_robot_main_controller/lib/delivery_robot_main_controller/call_robot_button", line 33, in <module>
[call_robot_button-22]     sys.exit(load_entry_point('delivery-robot-main-controller==0.0.1', 'console_scripts', 'call_robot_button')())
[call_robot_button-22]              ^^^^^^^^^^^^^^^^^^^^^^^^^^^^^^^^^^^^^^^^^^^^^^^^^^^^^^^^^^^^^^^^^^^^^^^^^^^^^^^^^^^^^^^^^^^^^^^^^^^
[call_robot_button-22]   File "/home/smr/workspaces/mini_amr/amrROS2_ws/install/delivery_robot_main_controller/lib/python3.12/site-packages/delivery_robot_main_controller/call_button.py", line 251, in main
[call_robot_button-22]     rclpy.shutdown()
[call_robot_button-22]   File "/opt/ros/jazzy/lib/python3.12/site-packages/rclpy/__init__.py", line 134, in shutdown
[call_robot_button-22]     _shutdown(context=context)
[call_robot_button-22]   File "/opt/ros/jazzy/lib/python3.12/site-packages/rclpy/utilities.py", line 82, in shutdown
[call_robot_button-22]     context.shutdown()
[call_robot_button-22]   File "/opt/ros/jazzy/lib/python3.12/site-packages/rclpy/context.py", line 129, in shutdown
[call_robot_button-22]     self.__context.shutdown()
[call_robot_button-22] rclpy._rclpy_pybind11.RCLError: failed to shutdown: rcl_shutdown already called on the given context, at ./src/rcl/init.c:333
[planner_server-12] [INFO] [1773383942.797003084] [planner_server]: Destroying
[ERROR] [rpc_run_node-23]: process has died [pid 25111, exit code 1, cmd '/home/smr/workspaces/mini_amr/amrROS2_ws/install/delivery_robot_main_controller/lib/delivery_robot_main_controller/rpc_run_node --ros-args -r __node:=rpc_run_node -r __ns:=/ -r /tf:=tf -r /tf_static:=tf_static'].
[bt_navigator-14] [INFO] [1773383942.988830450] [bt_navigator]: Completed Cleaning up
[bt_navigator-14] [INFO] [1773383942.991945011] [bt_navigator]: Destroying bond (bt_navigator) to lifecycle manager.
[ERROR] [robot_sound-21]: process has died [pid 25109, exit code 1, cmd '/home/smr/workspaces/mini_amr/amrROS2_ws/install/delivery_robot_main_controller/lib/delivery_robot_main_controller/robot_sound --ros-args -r __node:=robot_sound_node -r __ns:=/ -r /tf:=tf -r /tf_static:=tf_static'].
[ERROR] [battery_manager_node-26]: process has died [pid 25114, exit code -2, cmd '/home/smr/workspaces/mini_amr/amrROS2_ws/install/battery_management/lib/battery_management/battery_manager_node --ros-args -r __node:=battery_manager -r __ns:=/ --params-file /home/smr/workspaces/mini_amr/amrROS2_ws/install/battery_management/share/battery_management/config/battery_manager.yaml -r /tf:=tf -r /tf_static:=tf_static'].
[INFO] [collision_monitor-17]: process has finished cleanly [pid 24855]
[ERROR] [call_robot_button-22]: process has died [pid 25110, exit code 1, cmd '/home/smr/workspaces/mini_amr/amrROS2_ws/install/delivery_robot_main_controller/lib/delivery_robot_main_controller/call_robot_button --ros-args -r __node:=call_robot_button_node -r __ns:=/ -r /tf:=tf -r /tf_static:=tf_static'].
[INFO] [velocity_smoother-16]: process has finished cleanly [pid 24854]
[bt_navigator-14] [INFO] [1773383943.191427390] [bt_navigator]: Destroying
[INFO] [waypoint_follower-15]: process has finished cleanly [pid 24853]
[INFO] [smoother_server-11]: process has finished cleanly [pid 24811]
[INFO] [costmap_filter_info_server-9]: process has finished cleanly [pid 24805]
[INFO] [collision_detector-18]: process has finished cleanly [pid 24857]
[INFO] [lifecycle_manager-19]: process has finished cleanly [pid 24864]
[INFO] [behavior_server-13]: process has finished cleanly [pid 24829]
[INFO] [map_server-8]: process has finished cleanly [pid 24804]
[INFO] [joint_state_publisher-2]: process has finished cleanly [pid 24798]
[INFO] [robot_hardware-6]: process has finished cleanly [pid 24802]
[ERROR] [autodock_action_server-25]: process has died [pid 25113, exit code 1, cmd '/home/smr/workspaces/mini_amr/amrROS2_ws/install/action_autodock/lib/action_autodock/autodock_action_server --ros-args -r __ns:=/ --params-file /home/smr/workspaces/mini_amr/amrROS2_ws/install/action_autodock/share/action_autodock/config/auto_dock_config.yaml --params-file /tmp/launch_params_wqf83jdy -r /tf:=tf -r /tf_static:=tf_static'].
[INFO] [controller_server-10]: process has finished cleanly [pid 24806]
[INFO] [planner_server-12]: process has finished cleanly [pid 24822]
[ERROR] [delivery_robot_main_controller-20]: process has died [pid 25108, exit code -2, cmd '/home/smr/workspaces/mini_amr/amrROS2_ws/install/delivery_robot_main_controller/lib/delivery_robot_main_controller/delivery_robot_main_controller --ros-args -r __node:=main_controller_node -r __ns:=/ --params-file /tmp/launch_params_7uusc8ci -r /tf:=tf -r /tf_static:=tf_static'].
[INFO] [ekf_node-5]: process has finished cleanly [pid 24801]
[INFO] [robot_state_publisher-1]: process has finished cleanly [pid 24797]
[INFO] [bt_navigator-14]: process has finished cleanly [pid 24840]
[INFO] [scan_to_scan_filter_chain-4]: process has finished cleanly [pid 24800]
[INFO] [rplidar_node-3]: process has finished cleanly [pid 24799]
[INFO] [taskset-7]: process has finished cleanly [pid 24803]
