[1.737s] Invoking command in '/home/smr/workspaces/mini_amr/amrROS2_ws/src/autodock/action_autodock': DEBUGINFOD_URLS=https://debuginfod.ubuntu.com PYTHONPATH=/home/smr/workspaces/mini_amr/amrROS2_ws/build/action_autodock/prefix_override:/usr/lib/python3/dist-packages/colcon_core/task/python/colcon_distutils_commands:/home/smr/workspaces/mini_amr/amrROS2_ws/install/action_autodock/lib/python3.12/site-packages:${PYTHONPATH} /usr/bin/python3 -W ignore:setup.py install is deprecated -W ignore:easy_install command is deprecated setup.py egg_info --egg-base ../../../build/action_autodock build --build-base /home/smr/workspaces/mini_amr/amrROS2_ws/build/action_autodock/build install --record /home/smr/workspaces/mini_amr/amrROS2_ws/build/action_autodock/install.log --single-version-externally-managed install_data
[2.133s] running egg_info
[2.160s] writing ../../../build/action_autodock/action_autodock.egg-info/PKG-INFO
[2.161s] writing dependency_links to ../../../build/action_autodock/action_autodock.egg-info/dependency_links.txt
[2.161s] writing entry points to ../../../build/action_autodock/action_autodock.egg-info/entry_points.txt
[2.162s] writing requirements to ../../../build/action_autodock/action_autodock.egg-info/requires.txt
[2.165s] writing top-level names to ../../../build/action_autodock/action_autodock.egg-info/top_level.txt
[2.217s] reading manifest file '../../../build/action_autodock/action_autodock.egg-info/SOURCES.txt'
[2.219s] adding license file 'LICENSE'
[2.221s] writing manifest file '../../../build/action_autodock/action_autodock.egg-info/SOURCES.txt'
[2.221s] running build
[2.222s] running build_py
[2.223s] running install
[2.229s] running install_lib
[2.261s] running install_data
[2.261s] running install_egg_info
[2.291s] removing '/home/smr/workspaces/mini_amr/amrROS2_ws/install/action_autodock/lib/python3.12/site-packages/action_autodock-0.0.0-py3.12.egg-info' (and everything under it)
[2.293s] Copying ../../../build/action_autodock/action_autodock.egg-info to /home/smr/workspaces/mini_amr/amrROS2_ws/install/action_autodock/lib/python3.12/site-packages/action_autodock-0.0.0-py3.12.egg-info
[2.294s] running install_scripts
[2.509s] Installing autodock_action_server script to /home/smr/workspaces/mini_amr/amrROS2_ws/install/action_autodock/lib/action_autodock
[2.511s] writing list of installed files to '/home/smr/workspaces/mini_amr/amrROS2_ws/build/action_autodock/install.log'
[2.619s] Invoked command in '/home/smr/workspaces/mini_amr/amrROS2_ws/src/autodock/action_autodock' returned '0': DEBUGINFOD_URLS=https://debuginfod.ubuntu.com PYTHONPATH=/home/smr/workspaces/mini_amr/amrROS2_ws/build/action_autodock/prefix_override:/usr/lib/python3/dist-packages/colcon_core/task/python/colcon_distutils_commands:/home/smr/workspaces/mini_amr/amrROS2_ws/install/action_autodock/lib/python3.12/site-packages:${PYTHONPATH} /usr/bin/python3 -W ignore:setup.py install is deprecated -W ignore:easy_install command is deprecated setup.py egg_info --egg-base ../../../build/action_autodock build --build-base /home/smr/workspaces/mini_amr/amrROS2_ws/build/action_autodock/build install --record /home/smr/workspaces/mini_amr/amrROS2_ws/build/action_autodock/install.log --single-version-externally-managed install_data
